benchmark=pvp3d_three_candidate_same_device
source_revision=50c0230cc645bd44f1520e2c7194878a4b13009c
adapter=NVIDIA Tegra NVIDIA Thor
backend=Vulkan
device_type=IntegratedGpu
vendor_id=4318
device_id=11008
driver=NVIDIA
driver_info=580.00
hardware_measurement_eligible=true
physical_admission=external_remoteops_evidence_required
performance_claim=none
primary_timing_scope=resident_encode_plus_queue_submit_plus_device_wait
state_reset_scope=completed_before_timer
correctness_readback_scope=before_and_after_timing
candidate_order=ABC_ACB_BAC_BCA_CAB_CBA
resident_payload_scope=source_plus_three_states_excludes_driver_uniforms_and_readback
status,k,g,candidate,state_bytes,resident_payload_bytes,warmups,repeats,logical_dispatches,p50_ns,p95_ns,input_checksum,output_checksum,skip_reason,performance_claim
measured,256,128,vec4,4096,16384,5,30,8,227434,288860,4c67926a9205d7b4,956299587c8af4b4,none,none
sample,256,128,vec4,0,231824
sample,256,128,vec4,1,228619
sample,256,128,vec4,2,237972
sample,256,128,vec4,3,288860
sample,256,128,vec4,4,232045
sample,256,128,vec4,5,226416
sample,256,128,vec4,6,230871
sample,256,128,vec4,7,236870
sample,256,128,vec4,8,224379
sample,256,128,vec4,9,226675
sample,256,128,vec4,10,223203
sample,256,128,vec4,11,222981
sample,256,128,vec4,12,226082
sample,256,128,vec4,13,227434
sample,256,128,vec4,14,230825
sample,256,128,vec4,15,223436
sample,256,128,vec4,16,226045
sample,256,128,vec4,17,226916
sample,256,128,vec4,18,226425
sample,256,128,vec4,19,225768
sample,256,128,vec4,20,229258
sample,256,128,vec4,21,226953
sample,256,128,vec4,22,224574
sample,256,128,vec4,23,237267
sample,256,128,vec4,24,301221
sample,256,128,vec4,25,230537
sample,256,128,vec4,26,271527
sample,256,128,vec4,27,242165
sample,256,128,vec4,28,231426
sample,256,128,vec4,29,226584
measured,256,128,fused2,4096,16384,5,30,7,205666,267971,4c67926a9205d7b4,956299587c8af4b4,none,none
sample,256,128,fused2,0,212038
sample,256,128,fused2,1,267971
sample,256,128,fused2,2,227378
sample,256,128,fused2,3,217046
sample,256,128,fused2,4,209324
sample,256,128,fused2,5,204934
sample,256,128,fused2,6,205666
sample,256,128,fused2,7,204389
sample,256,128,fused2,8,203119
sample,256,128,fused2,9,203917
sample,256,128,fused2,10,209147
sample,256,128,fused2,11,200185
sample,256,128,fused2,12,214906
sample,256,128,fused2,13,202980
sample,256,128,fused2,14,202926
sample,256,128,fused2,15,205962
sample,256,128,fused2,16,205101
sample,256,128,fused2,17,205259
sample,256,128,fused2,18,204343
sample,256,128,fused2,19,204009
sample,256,128,fused2,20,208916
sample,256,128,fused2,21,203592
sample,256,128,fused2,22,204332
sample,256,128,fused2,23,222110
sample,256,128,fused2,24,205490
sample,256,128,fused2,25,208064
sample,256,128,fused2,26,403443
sample,256,128,fused2,27,211686
sample,256,128,fused2,28,212231
sample,256,128,fused2,29,208740
measured,256,128,tile8,4096,16384,5,30,6,183767,213628,4c67926a9205d7b4,956299587c8af4b4,none,none
sample,256,128,tile8,0,185425
sample,256,128,tile8,1,187157
sample,256,128,tile8,2,214981
sample,256,128,tile8,3,198147
sample,256,128,tile8,4,190026
sample,256,128,tile8,5,182500
sample,256,128,tile8,6,179888
sample,256,128,tile8,7,184343
sample,256,128,tile8,8,188574
sample,256,128,tile8,9,180999
sample,256,128,tile8,10,182426
sample,256,128,tile8,11,182138
sample,256,128,tile8,12,182324
sample,256,128,tile8,13,183583
sample,256,128,tile8,14,181240
sample,256,128,tile8,15,184074
sample,256,128,tile8,16,182434
sample,256,128,tile8,17,179482
sample,256,128,tile8,18,184000
sample,256,128,tile8,19,181489
sample,256,128,tile8,20,182749
sample,256,128,tile8,21,181083
sample,256,128,tile8,22,183767
sample,256,128,tile8,23,213628
sample,256,128,tile8,24,186406
sample,256,128,tile8,25,182082
sample,256,128,tile8,26,198806
sample,256,128,tile8,27,190434
sample,256,128,tile8,28,191176
sample,256,128,tile8,29,188082
measured,256,512,vec4,16384,65536,5,30,8,247786,263832,38bbe1f688e24d78,1c8bb372f8f1302e,none,none
sample,256,512,vec4,0,234721
sample,256,512,vec4,1,243277
sample,256,512,vec4,2,235852
sample,256,512,vec4,3,238528
sample,256,512,vec4,4,235305
sample,256,512,vec4,5,239731
sample,256,512,vec4,6,239870
sample,256,512,vec4,7,238500
sample,256,512,vec4,8,239157
sample,256,512,vec4,9,237361
sample,256,512,vec4,10,237656
sample,256,512,vec4,11,252712
sample,256,512,vec4,12,248054
sample,256,512,vec4,13,243296
sample,256,512,vec4,14,245295
sample,256,512,vec4,15,245730
sample,256,512,vec4,16,252156
sample,256,512,vec4,17,255638
sample,256,512,vec4,18,247991
sample,256,512,vec4,19,247786
sample,256,512,vec4,20,251314
sample,256,512,vec4,21,259999
sample,256,512,vec4,22,259379
sample,256,512,vec4,23,257370
sample,256,512,vec4,24,259249
sample,256,512,vec4,25,259749
sample,256,512,vec4,26,261796
sample,256,512,vec4,27,263832
sample,256,512,vec4,28,261546
sample,256,512,vec4,29,266823
measured,256,512,fused2,16384,65536,5,30,7,226934,262101,38bbe1f688e24d78,1c8bb372f8f1302e,none,none
sample,256,512,fused2,0,215610
sample,256,512,fused2,1,217388
sample,256,512,fused2,2,213943
sample,256,512,fused2,3,214971
sample,256,512,fused2,4,214351
sample,256,512,fused2,5,213407
sample,256,512,fused2,6,226934
sample,256,512,fused2,7,214314
sample,256,512,fused2,8,214379
sample,256,512,fused2,9,213804
sample,256,512,fused2,10,218925
sample,256,512,fused2,11,233083
sample,256,512,fused2,12,262101
sample,256,512,fused2,13,222991
sample,256,512,fused2,14,222462
sample,256,512,fused2,15,225269
sample,256,512,fused2,16,1383654
sample,256,512,fused2,17,234656
sample,256,512,fused2,18,223389
sample,256,512,fused2,19,247723
sample,256,512,fused2,20,228509
sample,256,512,fused2,21,234351
sample,256,512,fused2,22,233286
sample,256,512,fused2,23,233804
sample,256,512,fused2,24,233611
sample,256,512,fused2,25,238841
sample,256,512,fused2,26,236555
sample,256,512,fused2,27,234935
sample,256,512,fused2,28,238259
sample,256,512,fused2,29,239962
measured,256,512,tile8,16384,65536,5,30,6,197656,215158,38bbe1f688e24d78,1c8bb372f8f1302e,none,none
sample,256,512,tile8,0,188519
sample,256,512,tile8,1,193962
sample,256,512,tile8,2,192083
sample,256,512,tile8,3,189703
sample,256,512,tile8,4,190797
sample,256,512,tile8,5,191102
sample,256,512,tile8,6,192898
sample,256,512,tile8,7,191490
sample,256,512,tile8,8,191074
sample,256,512,tile8,9,192693
sample,256,512,tile8,10,191963
sample,256,512,tile8,11,193388
sample,256,512,tile8,12,197656
sample,256,512,tile8,13,195898
sample,256,512,tile8,14,199499
sample,256,512,tile8,15,198297
sample,256,512,tile8,16,196156
sample,256,512,tile8,17,226398
sample,256,512,tile8,18,200434
sample,256,512,tile8,19,199861
sample,256,512,tile8,20,206101
sample,256,512,tile8,21,209101
sample,256,512,tile8,22,206602
sample,256,512,tile8,23,210758
sample,256,512,tile8,24,206759
sample,256,512,tile8,25,209749
sample,256,512,tile8,26,210315
sample,256,512,tile8,27,209832
sample,256,512,tile8,28,210036
sample,256,512,tile8,29,215158
measured,256,2048,vec4,65536,262144,5,30,8,281314,330462,c9e538e9f9dccedd,259153fc2c7bc4e7,none,none
sample,256,2048,vec4,0,260120
sample,256,2048,vec4,1,265749
sample,256,2048,vec4,2,265694
sample,256,2048,vec4,3,318702
sample,256,2048,vec4,4,285415
sample,256,2048,vec4,5,268934
sample,256,2048,vec4,6,269324
sample,256,2048,vec4,7,267768
sample,256,2048,vec4,8,276583
sample,256,2048,vec4,9,281314
sample,256,2048,vec4,10,277073
sample,256,2048,vec4,11,281953
sample,256,2048,vec4,12,277925
sample,256,2048,vec4,13,276360
sample,256,2048,vec4,14,278999
sample,256,2048,vec4,15,280101
sample,256,2048,vec4,16,280619
sample,256,2048,vec4,17,283564
sample,256,2048,vec4,18,283055
sample,256,2048,vec4,19,330462
sample,256,2048,vec4,20,281055
sample,256,2048,vec4,21,294842
sample,256,2048,vec4,22,296693
sample,256,2048,vec4,23,332499
sample,256,2048,vec4,24,289036
sample,256,2048,vec4,25,284268
sample,256,2048,vec4,26,293472
sample,256,2048,vec4,27,292721
sample,256,2048,vec4,28,293879
sample,256,2048,vec4,29,290730
measured,256,2048,fused2,65536,262144,5,30,7,251517,269758,c9e538e9f9dccedd,259153fc2c7bc4e7,none,none
sample,256,2048,fused2,0,238258
sample,256,2048,fused2,1,243193
sample,256,2048,fused2,2,239898
sample,256,2048,fused2,3,252471
sample,256,2048,fused2,4,243323
sample,256,2048,fused2,5,243619
sample,256,2048,fused2,6,243361
sample,256,2048,fused2,7,241925
sample,256,2048,fused2,8,245962
sample,256,2048,fused2,9,250639
sample,256,2048,fused2,10,251517
sample,256,2048,fused2,11,248184
sample,256,2048,fused2,12,250313
sample,256,2048,fused2,13,247407
sample,256,2048,fused2,14,249527
sample,256,2048,fused2,15,252990
sample,256,2048,fused2,16,254351
sample,256,2048,fused2,17,251084
sample,256,2048,fused2,18,256565
sample,256,2048,fused2,19,269758
sample,256,2048,fused2,20,256647
sample,256,2048,fused2,21,256786
sample,256,2048,fused2,22,277610
sample,256,2048,fused2,23,264110
sample,256,2048,fused2,24,260628
sample,256,2048,fused2,25,257036
sample,256,2048,fused2,26,255148
sample,256,2048,fused2,27,258630
sample,256,2048,fused2,28,264045
sample,256,2048,fused2,29,258249
measured,256,2048,tile8,65536,262144,5,30,6,228304,240249,c9e538e9f9dccedd,259153fc2c7bc4e7,none,none
sample,256,2048,tile8,0,219545
sample,256,2048,tile8,1,218110
sample,256,2048,tile8,2,221092
sample,256,2048,tile8,3,225166
sample,256,2048,tile8,4,224194
sample,256,2048,tile8,5,224842
sample,256,2048,tile8,6,220482
sample,256,2048,tile8,7,220277
sample,256,2048,tile8,8,226804
sample,256,2048,tile8,9,227074
sample,256,2048,tile8,10,227054
sample,256,2048,tile8,11,227351
sample,256,2048,tile8,12,228851
sample,256,2048,tile8,13,227556
sample,256,2048,tile8,14,230861
sample,256,2048,tile8,15,227804
sample,256,2048,tile8,16,228304
sample,256,2048,tile8,17,228658
sample,256,2048,tile8,18,232926
sample,256,2048,tile8,19,236982
sample,256,2048,tile8,20,236536
sample,256,2048,tile8,21,234953
sample,256,2048,tile8,22,235906
sample,256,2048,tile8,23,240249
sample,256,2048,tile8,24,234981
sample,256,2048,tile8,25,234471
sample,256,2048,tile8,26,242074
sample,256,2048,tile8,27,234899
sample,256,2048,tile8,28,240119
sample,256,2048,tile8,29,236972
measured,1024,128,vec4,16384,65536,5,30,10,388638,409442,26abf5bddd03bbc5,79acd556594188cd,none,none
sample,1024,128,vec4,0,373378
sample,1024,128,vec4,1,385240
sample,1024,128,vec4,2,375332
sample,1024,128,vec4,3,409434
sample,1024,128,vec4,4,396499
sample,1024,128,vec4,5,372869
sample,1024,128,vec4,6,370148
sample,1024,128,vec4,7,372795
sample,1024,128,vec4,8,379212
sample,1024,128,vec4,9,388009
sample,1024,128,vec4,10,386332
sample,1024,128,vec4,11,387814
sample,1024,128,vec4,12,387435
sample,1024,128,vec4,13,394675
sample,1024,128,vec4,14,390221
sample,1024,128,vec4,15,385749
sample,1024,128,vec4,16,391156
sample,1024,128,vec4,17,388638
sample,1024,128,vec4,18,392314
sample,1024,128,vec4,19,388230
sample,1024,128,vec4,20,425416
sample,1024,128,vec4,21,387861
sample,1024,128,vec4,22,390286
sample,1024,128,vec4,23,404406
sample,1024,128,vec4,24,407961
sample,1024,128,vec4,25,408555
sample,1024,128,vec4,26,409442
sample,1024,128,vec4,27,407925
sample,1024,128,vec4,28,407221
sample,1024,128,vec4,29,406952
measured,1024,128,fused2,16384,65536,5,30,9,358823,387305,26abf5bddd03bbc5,79acd556594188cd,none,none
sample,1024,128,fused2,0,382174
sample,1024,128,fused2,1,340129
sample,1024,128,fused2,2,339267
sample,1024,128,fused2,3,335027
sample,1024,128,fused2,4,343083
sample,1024,128,fused2,5,340490
sample,1024,128,fused2,6,344674
sample,1024,128,fused2,7,351981
sample,1024,128,fused2,8,348712
sample,1024,128,fused2,9,352832
sample,1024,128,fused2,10,359990
sample,1024,128,fused2,11,356564
sample,1024,128,fused2,12,356803
sample,1024,128,fused2,13,358823
sample,1024,128,fused2,14,355563
sample,1024,128,fused2,15,357083
sample,1024,128,fused2,16,385314
sample,1024,128,fused2,17,367009
sample,1024,128,fused2,18,358934
sample,1024,128,fused2,19,414184
sample,1024,128,fused2,20,377999
sample,1024,128,fused2,21,360258
sample,1024,128,fused2,22,356813
sample,1024,128,fused2,23,364129
sample,1024,128,fused2,24,373971
sample,1024,128,fused2,25,375722
sample,1024,128,fused2,26,375249
sample,1024,128,fused2,27,373823
sample,1024,128,fused2,28,387305
sample,1024,128,fused2,29,373898
measured,1024,128,tile8,16384,65536,5,30,8,320721,338156,26abf5bddd03bbc5,79acd556594188cd,none,none
sample,1024,128,tile8,0,305888
sample,1024,128,tile8,1,307092
sample,1024,128,tile8,2,300342
sample,1024,128,tile8,3,304628
sample,1024,128,tile8,4,304517
sample,1024,128,tile8,5,310962
sample,1024,128,tile8,6,309499
sample,1024,128,tile8,7,309332
sample,1024,128,tile8,8,315797
sample,1024,128,tile8,9,317592
sample,1024,128,tile8,10,321600
sample,1024,128,tile8,11,323323
sample,1024,128,tile8,12,325629
sample,1024,128,tile8,13,322564
sample,1024,128,tile8,14,320527
sample,1024,128,tile8,15,319240
sample,1024,128,tile8,16,320721
sample,1024,128,tile8,17,319907
sample,1024,128,tile8,18,322268
sample,1024,128,tile8,19,334610
sample,1024,128,tile8,20,329165
sample,1024,128,tile8,21,321851
sample,1024,128,tile8,22,321786
sample,1024,128,tile8,23,318471
sample,1024,128,tile8,24,332925
sample,1024,128,tile8,25,346804
sample,1024,128,tile8,26,338156
sample,1024,128,tile8,27,337027
sample,1024,128,tile8,28,335231
sample,1024,128,tile8,29,334471
measured,1024,512,vec4,65536,262144,5,30,10,415472,457147,0949b62ffc70d026,7663f0c9d3466943,none,none
sample,1024,512,vec4,0,412230
sample,1024,512,vec4,1,415472
sample,1024,512,vec4,2,417962
sample,1024,512,vec4,3,413573
sample,1024,512,vec4,4,417767
sample,1024,512,vec4,5,413971
sample,1024,512,vec4,6,414944
sample,1024,512,vec4,7,413860
sample,1024,512,vec4,8,415657
sample,1024,512,vec4,9,457147
sample,1024,512,vec4,10,410740
sample,1024,512,vec4,11,405693
sample,1024,512,vec4,12,410490
sample,1024,512,vec4,13,466840
sample,1024,512,vec4,14,407406
sample,1024,512,vec4,15,415656
sample,1024,512,vec4,16,417999
sample,1024,512,vec4,17,413443
sample,1024,512,vec4,18,422193
sample,1024,512,vec4,19,417397
sample,1024,512,vec4,20,415342
sample,1024,512,vec4,21,413546
sample,1024,512,vec4,22,413943
sample,1024,512,vec4,23,413610
sample,1024,512,vec4,24,452675
sample,1024,512,vec4,25,434878
sample,1024,512,vec4,26,418462
sample,1024,512,vec4,27,430591
sample,1024,512,vec4,28,419259
sample,1024,512,vec4,29,423248
measured,1024,512,fused2,65536,262144,5,30,9,381063,410174,0949b62ffc70d026,7663f0c9d3466943,none,none
sample,1024,512,fused2,0,374907
sample,1024,512,fused2,1,382943
sample,1024,512,fused2,2,383091
sample,1024,512,fused2,3,396286
sample,1024,512,fused2,4,386759
sample,1024,512,fused2,5,381063
sample,1024,512,fused2,6,381091
sample,1024,512,fused2,7,381629
sample,1024,512,fused2,8,375712
sample,1024,512,fused2,9,384694
sample,1024,512,fused2,10,372305
sample,1024,512,fused2,11,375425
sample,1024,512,fused2,12,410174
sample,1024,512,fused2,13,377536
sample,1024,512,fused2,14,371379
sample,1024,512,fused2,15,378998
sample,1024,512,fused2,16,383425
sample,1024,512,fused2,17,380370
sample,1024,512,fused2,18,378601
sample,1024,512,fused2,19,384462
sample,1024,512,fused2,20,381258
sample,1024,512,fused2,21,393267
sample,1024,512,fused2,22,378934
sample,1024,512,fused2,23,379175
sample,1024,512,fused2,24,390666
sample,1024,512,fused2,25,390387
sample,1024,512,fused2,26,523072
sample,1024,512,fused2,27,379194
sample,1024,512,fused2,28,377638
sample,1024,512,fused2,29,375518
measured,1024,512,tile8,65536,262144,5,30,8,347805,393111,0949b62ffc70d026,7663f0c9d3466943,none,none
sample,1024,512,tile8,0,357156
sample,1024,512,tile8,1,352518
sample,1024,512,tile8,2,347526
sample,1024,512,tile8,3,348120
sample,1024,512,tile8,4,347805
sample,1024,512,tile8,5,348619
sample,1024,512,tile8,6,346508
sample,1024,512,tile8,7,346443
sample,1024,512,tile8,8,346054
sample,1024,512,tile8,9,359045
sample,1024,512,tile8,10,348249
sample,1024,512,tile8,11,343518
sample,1024,512,tile8,12,361407
sample,1024,512,tile8,13,347841
sample,1024,512,tile8,14,343888
sample,1024,512,tile8,15,393111
sample,1024,512,tile8,16,348296
sample,1024,512,tile8,17,346462
sample,1024,512,tile8,18,346249
sample,1024,512,tile8,19,348287
sample,1024,512,tile8,20,346156
sample,1024,512,tile8,21,346888
sample,1024,512,tile8,22,346489
sample,1024,512,tile8,23,343953
sample,1024,512,tile8,24,349110
sample,1024,512,tile8,25,344258
sample,1024,512,tile8,26,363286
sample,1024,512,tile8,27,371759
sample,1024,512,tile8,28,412295
sample,1024,512,tile8,29,340517
measured,1024,2048,vec4,262144,1048576,5,30,10,418637,434749,2d4a1c573b9665e7,d32c613321b43c7f,none,none
sample,1024,2048,vec4,0,424185
sample,1024,2048,vec4,1,414221
sample,1024,2048,vec4,2,419194
sample,1024,2048,vec4,3,420323
sample,1024,2048,vec4,4,416249
sample,1024,2048,vec4,5,411860
sample,1024,2048,vec4,6,411546
sample,1024,2048,vec4,7,418081
sample,1024,2048,vec4,8,434749
sample,1024,2048,vec4,9,419129
sample,1024,2048,vec4,10,447211
sample,1024,2048,vec4,11,423360
sample,1024,2048,vec4,12,421489
sample,1024,2048,vec4,13,418166
sample,1024,2048,vec4,14,420313
sample,1024,2048,vec4,15,415619
sample,1024,2048,vec4,16,413453
sample,1024,2048,vec4,17,419313
sample,1024,2048,vec4,18,413999
sample,1024,2048,vec4,19,415221
sample,1024,2048,vec4,20,420247
sample,1024,2048,vec4,21,416406
sample,1024,2048,vec4,22,422620
sample,1024,2048,vec4,23,418118
sample,1024,2048,vec4,24,418637
sample,1024,2048,vec4,25,419620
sample,1024,2048,vec4,26,410775
sample,1024,2048,vec4,27,414193
sample,1024,2048,vec4,28,432490
sample,1024,2048,vec4,29,421805
measured,1024,2048,fused2,262144,1048576,5,30,9,383563,394740,2d4a1c573b9665e7,d32c613321b43c7f,none,none
sample,1024,2048,fused2,0,384314
sample,1024,2048,fused2,1,380536
sample,1024,2048,fused2,2,377767
sample,1024,2048,fused2,3,380303
sample,1024,2048,fused2,4,376738
sample,1024,2048,fused2,5,390499
sample,1024,2048,fused2,6,381990
sample,1024,2048,fused2,7,382934
sample,1024,2048,fused2,8,381721
sample,1024,2048,fused2,9,382916
sample,1024,2048,fused2,10,387083
sample,1024,2048,fused2,11,387833
sample,1024,2048,fused2,12,385684
sample,1024,2048,fused2,13,384888
sample,1024,2048,fused2,14,394740
sample,1024,2048,fused2,15,379443
sample,1024,2048,fused2,16,385999
sample,1024,2048,fused2,17,403239
sample,1024,2048,fused2,18,382092
sample,1024,2048,fused2,19,389832
sample,1024,2048,fused2,20,383563
sample,1024,2048,fused2,21,382166
sample,1024,2048,fused2,22,386851
sample,1024,2048,fused2,23,383759
sample,1024,2048,fused2,24,382425
sample,1024,2048,fused2,25,385693
sample,1024,2048,fused2,26,381637
sample,1024,2048,fused2,27,382453
sample,1024,2048,fused2,28,386388
sample,1024,2048,fused2,29,384610
measured,1024,2048,tile8,262144,1048576,5,30,8,364731,376544,2d4a1c573b9665e7,d32c613321b43c7f,none,none
sample,1024,2048,tile8,0,361795
sample,1024,2048,tile8,1,359462
sample,1024,2048,tile8,2,377527
sample,1024,2048,tile8,3,364878
sample,1024,2048,tile8,4,364749
sample,1024,2048,tile8,5,359962
sample,1024,2048,tile8,6,365786
sample,1024,2048,tile8,7,365545
sample,1024,2048,tile8,8,372647
sample,1024,2048,tile8,9,365647
sample,1024,2048,tile8,10,374869
sample,1024,2048,tile8,11,376544
sample,1024,2048,tile8,12,367462
sample,1024,2048,tile8,13,368879
sample,1024,2048,tile8,14,362675
sample,1024,2048,tile8,15,359378
sample,1024,2048,tile8,16,362388
sample,1024,2048,tile8,17,365786
sample,1024,2048,tile8,18,364795
sample,1024,2048,tile8,19,359923
sample,1024,2048,tile8,20,364361
sample,1024,2048,tile8,21,364731
sample,1024,2048,tile8,22,360304
sample,1024,2048,tile8,23,364462
sample,1024,2048,tile8,24,365731
sample,1024,2048,tile8,25,366119
sample,1024,2048,tile8,26,359083
sample,1024,2048,tile8,27,359119
sample,1024,2048,tile8,28,362915
sample,1024,2048,tile8,29,363286
measured,4096,128,vec4,65536,262144,5,30,12,482831,508406,d878e557b6daedce,8cc85ceb09c8efed,none,none
sample,4096,128,vec4,0,485739
sample,4096,128,vec4,1,490185
sample,4096,128,vec4,2,489636
sample,4096,128,vec4,3,491128
sample,4096,128,vec4,4,485915
sample,4096,128,vec4,5,482831
sample,4096,128,vec4,6,482146
sample,4096,128,vec4,7,477082
sample,4096,128,vec4,8,475675
sample,4096,128,vec4,9,479555
sample,4096,128,vec4,10,476657
sample,4096,128,vec4,11,480535
sample,4096,128,vec4,12,473425
sample,4096,128,vec4,13,489267
sample,4096,128,vec4,14,482842
sample,4096,128,vec4,15,497027
sample,4096,128,vec4,16,508406
sample,4096,128,vec4,17,482767
sample,4096,128,vec4,18,480712
sample,4096,128,vec4,19,483748
sample,4096,128,vec4,20,504563
sample,4096,128,vec4,21,485424
sample,4096,128,vec4,22,1215616
sample,4096,128,vec4,23,466841
sample,4096,128,vec4,24,467397
sample,4096,128,vec4,25,480879
sample,4096,128,vec4,26,467221
sample,4096,128,vec4,27,477314
sample,4096,128,vec4,28,484943
sample,4096,128,vec4,29,487202
measured,4096,128,fused2,65536,262144,5,30,11,450712,476915,d878e557b6daedce,8cc85ceb09c8efed,none,none
sample,4096,128,fused2,0,457943
sample,4096,128,fused2,1,449990
sample,4096,128,fused2,2,456054
sample,4096,128,fused2,3,449906
sample,4096,128,fused2,4,454508
sample,4096,128,fused2,5,458277
sample,4096,128,fused2,6,448739
sample,4096,128,fused2,7,447832
sample,4096,128,fused2,8,456183
sample,4096,128,fused2,9,442444
sample,4096,128,fused2,10,452286
sample,4096,128,fused2,11,446897
sample,4096,128,fused2,12,451332
sample,4096,128,fused2,13,452294
sample,4096,128,fused2,14,450712
sample,4096,128,fused2,15,452842
sample,4096,128,fused2,16,453683
sample,4096,128,fused2,17,448933
sample,4096,128,fused2,18,446878
sample,4096,128,fused2,19,453118
sample,4096,128,fused2,20,445351
sample,4096,128,fused2,21,476915
sample,4096,128,fused2,22,1086321
sample,4096,128,fused2,23,440147
sample,4096,128,fused2,24,438712
sample,4096,128,fused2,25,435082
sample,4096,128,fused2,26,440443
sample,4096,128,fused2,27,431101
sample,4096,128,fused2,28,451591
sample,4096,128,fused2,29,451591
measured,4096,128,tile8,65536,262144,5,30,10,419406,961081,d878e557b6daedce,8cc85ceb09c8efed,none,none
sample,4096,128,tile8,0,420563
sample,4096,128,tile8,1,423712
sample,4096,128,tile8,2,421907
sample,4096,128,tile8,3,424971
sample,4096,128,tile8,4,425462
sample,4096,128,tile8,5,419683
sample,4096,128,tile8,6,417100
sample,4096,128,tile8,7,414637
sample,4096,128,tile8,8,412387
sample,4096,128,tile8,9,419294
sample,4096,128,tile8,10,416840
sample,4096,128,tile8,11,419406
sample,4096,128,tile8,12,421212
sample,4096,128,tile8,13,421304
sample,4096,128,tile8,14,420916
sample,4096,128,tile8,15,420045
sample,4096,128,tile8,16,420758
sample,4096,128,tile8,17,418425
sample,4096,128,tile8,18,416749
sample,4096,128,tile8,19,417786
sample,4096,128,tile8,20,1068553
sample,4096,128,tile8,21,423814
sample,4096,128,tile8,22,961081
sample,4096,128,tile8,23,438017
sample,4096,128,tile8,24,409851
sample,4096,128,tile8,25,400907
sample,4096,128,tile8,26,417109
sample,4096,128,tile8,27,401897
sample,4096,128,tile8,28,409915
sample,4096,128,tile8,29,416962
measured,4096,512,vec4,262144,1048576,5,30,12,417953,510220,07e875993970433c,207dceeda1be3f5b,none,none
sample,4096,512,vec4,0,493138
sample,4096,512,vec4,1,500508
sample,4096,512,vec4,2,498350
sample,4096,512,vec4,3,496619
sample,4096,512,vec4,4,494944
sample,4096,512,vec4,5,493470
sample,4096,512,vec4,6,486573
sample,4096,512,vec4,7,506517
sample,4096,512,vec4,8,500794
sample,4096,512,vec4,9,496416
sample,4096,512,vec4,10,496507
sample,4096,512,vec4,11,510220
sample,4096,512,vec4,12,498785
sample,4096,512,vec4,13,496359
sample,4096,512,vec4,14,385675
sample,4096,512,vec4,15,383055
sample,4096,512,vec4,16,393574
sample,4096,512,vec4,17,382832
sample,4096,512,vec4,18,382582
sample,4096,512,vec4,19,382731
sample,4096,512,vec4,20,390980
sample,4096,512,vec4,21,405628
sample,4096,512,vec4,22,405332
sample,4096,512,vec4,23,406786
sample,4096,512,vec4,24,403757
sample,4096,512,vec4,25,407822
sample,4096,512,vec4,26,417953
sample,4096,512,vec4,27,386258
sample,4096,512,vec4,28,886387
sample,4096,512,vec4,29,361582
measured,4096,512,fused2,262144,1048576,5,30,11,377600,472453,07e875993970433c,207dceeda1be3f5b,none,none
sample,4096,512,fused2,0,481729
sample,4096,512,fused2,1,468157
sample,4096,512,fused2,2,466165
sample,4096,512,fused2,3,466841
sample,4096,512,fused2,4,458823
sample,4096,512,fused2,5,455092
sample,4096,512,fused2,6,472453
sample,4096,512,fused2,7,464637
sample,4096,512,fused2,8,463638
sample,4096,512,fused2,9,464934
sample,4096,512,fused2,10,468277
sample,4096,512,fused2,11,453814
sample,4096,512,fused2,12,458351
sample,4096,512,fused2,13,373638
sample,4096,512,fused2,14,358148
sample,4096,512,fused2,15,355989
sample,4096,512,fused2,16,362730
sample,4096,512,fused2,17,357407
sample,4096,512,fused2,18,355397
sample,4096,512,fused2,19,354925
sample,4096,512,fused2,20,355313
sample,4096,512,fused2,21,376202
sample,4096,512,fused2,22,377304
sample,4096,512,fused2,23,375221
sample,4096,512,fused2,24,375129
sample,4096,512,fused2,25,381600
sample,4096,512,fused2,26,377600
sample,4096,512,fused2,27,354832
sample,4096,512,fused2,28,423017
sample,4096,512,fused2,29,324971
measured,4096,512,tile8,262144,1048576,5,30,10,366740,452851,07e875993970433c,207dceeda1be3f5b,none,none
sample,4096,512,tile8,0,450026
sample,4096,512,tile8,1,444109
sample,4096,512,tile8,2,445518
sample,4096,512,tile8,3,443555
sample,4096,512,tile8,4,441498
sample,4096,512,tile8,5,433740
sample,4096,512,tile8,6,464489
sample,4096,512,tile8,7,451638
sample,4096,512,tile8,8,446749
sample,4096,512,tile8,9,445701
sample,4096,512,tile8,10,445720
sample,4096,512,tile8,11,441878
sample,4096,512,tile8,12,439739
sample,4096,512,tile8,13,452851
sample,4096,512,tile8,14,348990
sample,4096,512,tile8,15,343804
sample,4096,512,tile8,16,344063
sample,4096,512,tile8,17,347814
sample,4096,512,tile8,18,344397
sample,4096,512,tile8,19,346332
sample,4096,512,tile8,20,352564
sample,4096,512,tile8,21,363722
sample,4096,512,tile8,22,366554
sample,4096,512,tile8,23,366072
sample,4096,512,tile8,24,366740
sample,4096,512,tile8,25,361628
sample,4096,512,tile8,26,367740
sample,4096,512,tile8,27,342841
sample,4096,512,tile8,28,342323
sample,4096,512,tile8,29,334073
measured,4096,2048,vec4,1048576,4194304,5,30,12,404925,499100,4143a88e49ed614b,e0842ad8f72c0c9f,none,none
sample,4096,2048,vec4,0,413396
sample,4096,2048,vec4,1,452499
sample,4096,2048,vec4,2,547896
sample,4096,2048,vec4,3,434499
sample,4096,2048,vec4,4,394638
sample,4096,2048,vec4,5,400452
sample,4096,2048,vec4,6,397860
sample,4096,2048,vec4,7,405925
sample,4096,2048,vec4,8,411185
sample,4096,2048,vec4,9,407239
sample,4096,2048,vec4,10,409166
sample,4096,2048,vec4,11,411388
sample,4096,2048,vec4,12,403360
sample,4096,2048,vec4,13,441054
sample,4096,2048,vec4,14,406490
sample,4096,2048,vec4,15,388758
sample,4096,2048,vec4,16,396147
sample,4096,2048,vec4,17,402943
sample,4096,2048,vec4,18,392101
sample,4096,2048,vec4,19,395351
sample,4096,2048,vec4,20,404925
sample,4096,2048,vec4,21,396619
sample,4096,2048,vec4,22,401970
sample,4096,2048,vec4,23,415249
sample,4096,2048,vec4,24,499100
sample,4096,2048,vec4,25,420081
sample,4096,2048,vec4,26,423794
sample,4096,2048,vec4,27,402527
sample,4096,2048,vec4,28,401165
sample,4096,2048,vec4,29,401582
measured,4096,2048,fused2,1048576,4194304,5,30,11,379471,822860,4143a88e49ed614b,e0842ad8f72c0c9f,none,none
sample,4096,2048,fused2,0,394332
sample,4096,2048,fused2,1,398092
sample,4096,2048,fused2,2,822860
sample,4096,2048,fused2,3,423156
sample,4096,2048,fused2,4,364684
sample,4096,2048,fused2,5,374073
sample,4096,2048,fused2,6,370518
sample,4096,2048,fused2,7,379369
sample,4096,2048,fused2,8,383971
sample,4096,2048,fused2,9,383453
sample,4096,2048,fused2,10,391092
sample,4096,2048,fused2,11,381786
sample,4096,2048,fused2,12,389712
sample,4096,2048,fused2,13,1057302
sample,4096,2048,fused2,14,440222
sample,4096,2048,fused2,15,371721
sample,4096,2048,fused2,16,370128
sample,4096,2048,fused2,17,369175
sample,4096,2048,fused2,18,367508
sample,4096,2048,fused2,19,367915
sample,4096,2048,fused2,20,380638
sample,4096,2048,fused2,21,373008
sample,4096,2048,fused2,22,378749
sample,4096,2048,fused2,23,379471
sample,4096,2048,fused2,24,396451
sample,4096,2048,fused2,25,495924
sample,4096,2048,fused2,26,424073
sample,4096,2048,fused2,27,373452
sample,4096,2048,fused2,28,376777
sample,4096,2048,fused2,29,373313
measured,4096,2048,tile8,1048576,4194304,5,30,10,416869,477230,4143a88e49ed614b,e0842ad8f72c0c9f,none,none
sample,4096,2048,tile8,0,461406
sample,4096,2048,tile8,1,436869
sample,4096,2048,tile8,2,467823
sample,4096,2048,tile8,3,444629
sample,4096,2048,tile8,4,407656
sample,4096,2048,tile8,5,422749
sample,4096,2048,tile8,6,414175
sample,4096,2048,tile8,7,416869
sample,4096,2048,tile8,8,420054
sample,4096,2048,tile8,9,419451
sample,4096,2048,tile8,10,416110
sample,4096,2048,tile8,11,421980
sample,4096,2048,tile8,12,477230
sample,4096,2048,tile8,13,432804
sample,4096,2048,tile8,14,436082
sample,4096,2048,tile8,15,405416
sample,4096,2048,tile8,16,407582
sample,4096,2048,tile8,17,412998
sample,4096,2048,tile8,18,406009
sample,4096,2048,tile8,19,409841
sample,4096,2048,tile8,20,422952
sample,4096,2048,tile8,21,409240
sample,4096,2048,tile8,22,411435
sample,4096,2048,tile8,23,411379
sample,4096,2048,tile8,24,423128
sample,4096,2048,tile8,25,896516
sample,4096,2048,tile8,26,412888
sample,4096,2048,tile8,27,412388
sample,4096,2048,tile8,28,414981
sample,4096,2048,tile8,29,417258
measured,16384,128,vec4,262144,1048576,5,30,14,566016,582350,318e48fc80dadb1f,a09bc0e13ecf9bf8,none,none
sample,16384,128,vec4,0,515073
sample,16384,128,vec4,1,535166
sample,16384,128,vec4,2,522434
sample,16384,128,vec4,3,562184
sample,16384,128,vec4,4,559831
sample,16384,128,vec4,5,562091
sample,16384,128,vec4,6,564368
sample,16384,128,vec4,7,570026
sample,16384,128,vec4,8,577165
sample,16384,128,vec4,9,570823
sample,16384,128,vec4,10,568044
sample,16384,128,vec4,11,561953
sample,16384,128,vec4,12,566731
sample,16384,128,vec4,13,571683
sample,16384,128,vec4,14,571442
sample,16384,128,vec4,15,569249
sample,16384,128,vec4,16,597619
sample,16384,128,vec4,17,566212
sample,16384,128,vec4,18,561823
sample,16384,128,vec4,19,566016
sample,16384,128,vec4,20,565518
sample,16384,128,vec4,21,568674
sample,16384,128,vec4,22,561627
sample,16384,128,vec4,23,570888
sample,16384,128,vec4,24,559138
sample,16384,128,vec4,25,568100
sample,16384,128,vec4,26,566100
sample,16384,128,vec4,27,563684
sample,16384,128,vec4,28,561192
sample,16384,128,vec4,29,582350
measured,16384,128,fused2,262144,1048576,5,30,13,535073,545425,318e48fc80dadb1f,a09bc0e13ecf9bf8,none,none
sample,16384,128,fused2,0,486092
sample,16384,128,fused2,1,487488
sample,16384,128,fused2,2,484943
sample,16384,128,fused2,3,533785
sample,16384,128,fused2,4,524267
sample,16384,128,fused2,5,529814
sample,16384,128,fused2,6,536526
sample,16384,128,fused2,7,579222
sample,16384,128,fused2,8,536739
sample,16384,128,fused2,9,544396
sample,16384,128,fused2,10,534258
sample,16384,128,fused2,11,528416
sample,16384,128,fused2,12,532665
sample,16384,128,fused2,13,535370
sample,16384,128,fused2,14,540231
sample,16384,128,fused2,15,536610
sample,16384,128,fused2,16,543026
sample,16384,128,fused2,17,532192
sample,16384,128,fused2,18,545425
sample,16384,128,fused2,19,539285
sample,16384,128,fused2,20,528240
sample,16384,128,fused2,21,533461
sample,16384,128,fused2,22,532193
sample,16384,128,fused2,23,538072
sample,16384,128,fused2,24,535073
sample,16384,128,fused2,25,540341
sample,16384,128,fused2,26,532101
sample,16384,128,fused2,27,537887
sample,16384,128,fused2,28,536461
sample,16384,128,fused2,29,538100
measured,16384,128,tile8,262144,1048576,5,30,12,508572,518545,318e48fc80dadb1f,a09bc0e13ecf9bf8,none,none
sample,16384,128,tile8,0,470100
sample,16384,128,tile8,1,466036
sample,16384,128,tile8,2,480905
sample,16384,128,tile8,3,518545
sample,16384,128,tile8,4,507259
sample,16384,128,tile8,5,505257
sample,16384,128,tile8,6,515961
sample,16384,128,tile8,7,509027
sample,16384,128,tile8,8,513229
sample,16384,128,tile8,9,510990
sample,16384,128,tile8,10,508972
sample,16384,128,tile8,11,516405
sample,16384,128,tile8,12,503600
sample,16384,128,tile8,13,508508
sample,16384,128,tile8,14,512359
sample,16384,128,tile8,15,513601
sample,16384,128,tile8,16,531240
sample,16384,128,tile8,17,510369
sample,16384,128,tile8,18,511591
sample,16384,128,tile8,19,505887
sample,16384,128,tile8,20,515766
sample,16384,128,tile8,21,503785
sample,16384,128,tile8,22,505998
sample,16384,128,tile8,23,515859
sample,16384,128,tile8,24,507359
sample,16384,128,tile8,25,508572
sample,16384,128,tile8,26,509137
sample,16384,128,tile8,27,504637
sample,16384,128,tile8,28,505471
sample,16384,128,tile8,29,506924
measured,16384,512,vec4,1048576,4194304,5,30,14,639303,650295,08b87a1ca99fa7b8,cc66b7b8fae87df4,none,none
sample,16384,512,vec4,0,641470
sample,16384,512,vec4,1,641313
sample,16384,512,vec4,2,643989
sample,16384,512,vec4,3,634359
sample,16384,512,vec4,4,635692
sample,16384,512,vec4,5,640488
sample,16384,512,vec4,6,638332
sample,16384,512,vec4,7,650257
sample,16384,512,vec4,8,643646
sample,16384,512,vec4,9,649100
sample,16384,512,vec4,10,641915
sample,16384,512,vec4,11,633721
sample,16384,512,vec4,12,649016
sample,16384,512,vec4,13,639063
sample,16384,512,vec4,14,650295
sample,16384,512,vec4,15,639287
sample,16384,512,vec4,16,641090
sample,16384,512,vec4,17,632378
sample,16384,512,vec4,18,643581
sample,16384,512,vec4,19,639026
sample,16384,512,vec4,20,637155
sample,16384,512,vec4,21,647758
sample,16384,512,vec4,22,636952
sample,16384,512,vec4,23,660877
sample,16384,512,vec4,24,646045
sample,16384,512,vec4,25,637230
sample,16384,512,vec4,26,635304
sample,16384,512,vec4,27,631109
sample,16384,512,vec4,28,632943
sample,16384,512,vec4,29,639303
measured,16384,512,fused2,1048576,4194304,5,30,13,601897,615312,08b87a1ca99fa7b8,cc66b7b8fae87df4,none,none
sample,16384,512,fused2,0,615312
sample,16384,512,fused2,1,604100
sample,16384,512,fused2,2,605220
sample,16384,512,fused2,3,606055
sample,16384,512,fused2,4,601748
sample,16384,512,fused2,5,602009
sample,16384,512,fused2,6,604174
sample,16384,512,fused2,7,601072
sample,16384,512,fused2,8,599377
sample,16384,512,fused2,9,602303
sample,16384,512,fused2,10,608804
sample,16384,512,fused2,11,592462
sample,16384,512,fused2,12,612007
sample,16384,512,fused2,13,601601
sample,16384,512,fused2,14,601897
sample,16384,512,fused2,15,598350
sample,16384,512,fused2,16,599137
sample,16384,512,fused2,17,595406
sample,16384,512,fused2,18,600248
sample,16384,512,fused2,19,605239
sample,16384,512,fused2,20,598860
sample,16384,512,fused2,21,603961
sample,16384,512,fused2,22,601776
sample,16384,512,fused2,23,625479
sample,16384,512,fused2,24,607165
sample,16384,512,fused2,25,602674
sample,16384,512,fused2,26,590378
sample,16384,512,fused2,27,606656
sample,16384,512,fused2,28,596850
sample,16384,512,fused2,29,598905
measured,16384,512,tile8,1048576,4194304,5,30,12,624239,637026,08b87a1ca99fa7b8,cc66b7b8fae87df4,none,none
sample,16384,512,tile8,0,631174
sample,16384,512,tile8,1,625266
sample,16384,512,tile8,2,628599
sample,16384,512,tile8,3,639535
sample,16384,512,tile8,4,618729
sample,16384,512,tile8,5,626433
sample,16384,512,tile8,6,625822
sample,16384,512,tile8,7,622035
sample,16384,512,tile8,8,623841
sample,16384,512,tile8,9,626295
sample,16384,512,tile8,10,626155
sample,16384,512,tile8,11,616340
sample,16384,512,tile8,12,631174
sample,16384,512,tile8,13,623674
sample,16384,512,tile8,14,621202
sample,16384,512,tile8,15,622832
sample,16384,512,tile8,16,624813
sample,16384,512,tile8,17,619156
sample,16384,512,tile8,18,620887
sample,16384,512,tile8,19,624239
sample,16384,512,tile8,20,624201
sample,16384,512,tile8,21,625498
sample,16384,512,tile8,22,628415
sample,16384,512,tile8,23,622832
sample,16384,512,tile8,24,630303
sample,16384,512,tile8,25,637026
sample,16384,512,tile8,26,621794
sample,16384,512,tile8,27,621739
sample,16384,512,tile8,28,615090
sample,16384,512,tile8,29,626174
