benchmark=pvp3d_three_candidate_same_device
source_revision=ddb6f0144821dfa29d268601e7087e5001278e52
adapter=NVIDIA Tegra NVIDIA Thor
backend=Vulkan
device_type=IntegratedGpu
vendor_id=4318
device_id=11008
driver=NVIDIA
driver_info=580.00
hardware_measurement_eligible=true
physical_admission=external_remoteops_evidence_required
performance_claim=none
primary_timing_scope=resident_encode_plus_queue_submit_plus_device_wait
state_reset_scope=completed_before_timer
correctness_readback_scope=before_and_after_timing
candidate_order=ABC_ACB_BAC_BCA_CAB_CBA
resident_payload_scope=source_plus_three_states_excludes_driver_uniforms_and_readback
status,k,g,candidate,state_bytes,resident_payload_bytes,warmups,repeats,logical_dispatches,p50_ns,p95_ns,input_checksum,output_checksum,skip_reason,performance_claim
measured,256,128,vec4,4096,16384,5,30,8,230175,251471,4c67926a9205d7b4,956299587c8af4b4,none,none
sample,256,128,vec4,0,230786
sample,256,128,vec4,1,242167
sample,256,128,vec4,2,229898
sample,256,128,vec4,3,234925
sample,256,128,vec4,4,233600
sample,256,128,vec4,5,226898
sample,256,128,vec4,6,230111
sample,256,128,vec4,7,246138
sample,256,128,vec4,8,228694
sample,256,128,vec4,9,227129
sample,256,128,vec4,10,224491
sample,256,128,vec4,11,226499
sample,256,128,vec4,12,223675
sample,256,128,vec4,13,225443
sample,256,128,vec4,14,251471
sample,256,128,vec4,15,230175
sample,256,128,vec4,16,241480
sample,256,128,vec4,17,223999
sample,256,128,vec4,18,229897
sample,256,128,vec4,19,227388
sample,256,128,vec4,20,224842
sample,256,128,vec4,21,231934
sample,256,128,vec4,22,228906
sample,256,128,vec4,23,230342
sample,256,128,vec4,24,233499
sample,256,128,vec4,25,237380
sample,256,128,vec4,26,263481
sample,256,128,vec4,27,238350
sample,256,128,vec4,28,239769
sample,256,128,vec4,29,240648
measured,256,128,fused2,4096,16384,5,30,7,210759,270286,4c67926a9205d7b4,956299587c8af4b4,none,none
sample,256,128,fused2,0,211814
sample,256,128,fused2,1,205832
sample,256,128,fused2,2,210759
sample,256,128,fused2,3,215887
sample,256,128,fused2,4,210899
sample,256,128,fused2,5,209693
sample,256,128,fused2,6,234045
sample,256,128,fused2,7,208462
sample,256,128,fused2,8,221962
sample,256,128,fused2,9,204231
sample,256,128,fused2,10,205684
sample,256,128,fused2,11,208982
sample,256,128,fused2,12,202693
sample,256,128,fused2,13,270286
sample,256,128,fused2,14,218472
sample,256,128,fused2,15,204184
sample,256,128,fused2,16,203415
sample,256,128,fused2,17,204148
sample,256,128,fused2,18,213481
sample,256,128,fused2,19,208759
sample,256,128,fused2,20,203777
sample,256,128,fused2,21,204490
sample,256,128,fused2,22,207536
sample,256,128,fused2,23,211268
sample,256,128,fused2,24,216897
sample,256,128,fused2,25,215610
sample,256,128,fused2,26,376582
sample,256,128,fused2,27,217824
sample,256,128,fused2,28,217723
sample,256,128,fused2,29,220026
measured,256,128,tile8,4096,16384,5,30,6,187213,216906,4c67926a9205d7b4,956299587c8af4b4,none,none
sample,256,128,tile8,0,187213
sample,256,128,tile8,1,188721
sample,256,128,tile8,2,188388
sample,256,128,tile8,3,188870
sample,256,128,tile8,4,188165
sample,256,128,tile8,5,183953
sample,256,128,tile8,6,199758
sample,256,128,tile8,7,206148
sample,256,128,tile8,8,182018
sample,256,128,tile8,9,181332
sample,256,128,tile8,10,185935
sample,256,128,tile8,11,183777
sample,256,128,tile8,12,183259
sample,256,128,tile8,13,185832
sample,256,128,tile8,14,216906
sample,256,128,tile8,15,357813
sample,256,128,tile8,16,184649
sample,256,128,tile8,17,188731
sample,256,128,tile8,18,180991
sample,256,128,tile8,19,185277
sample,256,128,tile8,20,184482
sample,256,128,tile8,21,184045
sample,256,128,tile8,22,186861
sample,256,128,tile8,23,185157
sample,256,128,tile8,24,188676
sample,256,128,tile8,25,190582
sample,256,128,tile8,26,197980
sample,256,128,tile8,27,190519
sample,256,128,tile8,28,192323
sample,256,128,tile8,29,188370
measured,256,512,vec4,16384,65536,5,30,8,244518,261286,38bbe1f688e24d78,1c8bb372f8f1302e,none,none
sample,256,512,vec4,0,232193
sample,256,512,vec4,1,233249
sample,256,512,vec4,2,230702
sample,256,512,vec4,3,234971
sample,256,512,vec4,4,237324
sample,256,512,vec4,5,237305
sample,256,512,vec4,6,234712
sample,256,512,vec4,7,236852
sample,256,512,vec4,8,237167
sample,256,512,vec4,9,239037
sample,256,512,vec4,10,289665
sample,256,512,vec4,11,240176
sample,256,512,vec4,12,246721
sample,256,512,vec4,13,241379
sample,256,512,vec4,14,244749
sample,256,512,vec4,15,244518
sample,256,512,vec4,16,243667
sample,256,512,vec4,17,245019
sample,256,512,vec4,18,241481
sample,256,512,vec4,19,247028
sample,256,512,vec4,20,244907
sample,256,512,vec4,21,245241
sample,256,512,vec4,22,245833
sample,256,512,vec4,23,248907
sample,256,512,vec4,24,247258
sample,256,512,vec4,25,261286
sample,256,512,vec4,26,249453
sample,256,512,vec4,27,251194
sample,256,512,vec4,28,250009
sample,256,512,vec4,29,249841
measured,256,512,fused2,16384,65536,5,30,7,220110,246556,38bbe1f688e24d78,1c8bb372f8f1302e,none,none
sample,256,512,fused2,0,217990
sample,256,512,fused2,1,208157
sample,256,512,fused2,2,209870
sample,256,512,fused2,3,208277
sample,256,512,fused2,4,215676
sample,256,512,fused2,5,212231
sample,256,512,fused2,6,215425
sample,256,512,fused2,7,213693
sample,256,512,fused2,8,213628
sample,256,512,fused2,9,212953
sample,256,512,fused2,10,234518
sample,256,512,fused2,11,244362
sample,256,512,fused2,12,215508
sample,256,512,fused2,13,215777
sample,256,512,fused2,14,215786
sample,256,512,fused2,15,221602
sample,256,512,fused2,16,493489
sample,256,512,fused2,17,222305
sample,256,512,fused2,18,218805
sample,256,512,fused2,19,220370
sample,256,512,fused2,20,221888
sample,256,512,fused2,21,220110
sample,256,512,fused2,22,226767
sample,256,512,fused2,23,223500
sample,256,512,fused2,24,222175
sample,256,512,fused2,25,246556
sample,256,512,fused2,26,224165
sample,256,512,fused2,27,224277
sample,256,512,fused2,28,226351
sample,256,512,fused2,29,230435
measured,256,512,tile8,16384,65536,5,30,6,196871,237083,38bbe1f688e24d78,1c8bb372f8f1302e,none,none
sample,256,512,tile8,0,190722
sample,256,512,tile8,1,188193
sample,256,512,tile8,2,188221
sample,256,512,tile8,3,185371
sample,256,512,tile8,4,190184
sample,256,512,tile8,5,189656
sample,256,512,tile8,6,192351
sample,256,512,tile8,7,195213
sample,256,512,tile8,8,190675
sample,256,512,tile8,9,192342
sample,256,512,tile8,10,192805
sample,256,512,tile8,11,213906
sample,256,512,tile8,12,192471
sample,256,512,tile8,13,192658
sample,256,512,tile8,14,197343
sample,256,512,tile8,15,199601
sample,256,512,tile8,16,196750
sample,256,512,tile8,17,215573
sample,256,512,tile8,18,203230
sample,256,512,tile8,19,197332
sample,256,512,tile8,20,196871
sample,256,512,tile8,21,197175
sample,256,512,tile8,22,197018
sample,256,512,tile8,23,200593
sample,256,512,tile8,24,263684
sample,256,512,tile8,25,237083
sample,256,512,tile8,26,199508
sample,256,512,tile8,27,200593
sample,256,512,tile8,28,201814
sample,256,512,tile8,29,207815
measured,256,2048,vec4,65536,262144,5,30,8,269592,286110,c9e538e9f9dccedd,259153fc2c7bc4e7,none,none
sample,256,2048,vec4,0,256592
sample,256,2048,vec4,1,256528
sample,256,2048,vec4,2,283860
sample,256,2048,vec4,3,258851
sample,256,2048,vec4,4,261378
sample,256,2048,vec4,5,261425
sample,256,2048,vec4,6,270314
sample,256,2048,vec4,7,263471
sample,256,2048,vec4,8,261713
sample,256,2048,vec4,9,262462
sample,256,2048,vec4,10,266203
sample,256,2048,vec4,11,267943
sample,256,2048,vec4,12,268323
sample,256,2048,vec4,13,265482
sample,256,2048,vec4,14,267971
sample,256,2048,vec4,15,280074
sample,256,2048,vec4,16,311712
sample,256,2048,vec4,17,271175
sample,256,2048,vec4,18,269592
sample,256,2048,vec4,19,269267
sample,256,2048,vec4,20,270962
sample,256,2048,vec4,21,274555
sample,256,2048,vec4,22,278842
sample,256,2048,vec4,23,275156
sample,256,2048,vec4,24,275823
sample,256,2048,vec4,25,274860
sample,256,2048,vec4,26,279074
sample,256,2048,vec4,27,278351
sample,256,2048,vec4,28,282758
sample,256,2048,vec4,29,286110
measured,256,2048,fused2,65536,262144,5,30,7,240989,271119,c9e538e9f9dccedd,259153fc2c7bc4e7,none,none
sample,256,2048,fused2,0,231082
sample,256,2048,fused2,1,271119
sample,256,2048,fused2,2,240916
sample,256,2048,fused2,3,234768
sample,256,2048,fused2,4,233934
sample,256,2048,fused2,5,232564
sample,256,2048,fused2,6,238787
sample,256,2048,fused2,7,235638
sample,256,2048,fused2,8,237369
sample,256,2048,fused2,9,237546
sample,256,2048,fused2,10,240989
sample,256,2048,fused2,11,239656
sample,256,2048,fused2,12,240156
sample,256,2048,fused2,13,238592
sample,256,2048,fused2,14,239203
sample,256,2048,fused2,15,239388
sample,256,2048,fused2,16,242221
sample,256,2048,fused2,17,242777
sample,256,2048,fused2,18,242658
sample,256,2048,fused2,19,243064
sample,256,2048,fused2,20,244397
sample,256,2048,fused2,21,251934
sample,256,2048,fused2,22,247990
sample,256,2048,fused2,23,247378
sample,256,2048,fused2,24,250536
sample,256,2048,fused2,25,255925
sample,256,2048,fused2,26,251861
sample,256,2048,fused2,27,254619
sample,256,2048,fused2,28,263054
sample,256,2048,fused2,29,316416
measured,256,2048,tile8,65536,262144,5,30,6,220888,248379,c9e538e9f9dccedd,259153fc2c7bc4e7,none,none
sample,256,2048,tile8,0,213138
sample,256,2048,tile8,1,212315
sample,256,2048,tile8,2,251481
sample,256,2048,tile8,3,214017
sample,256,2048,tile8,4,214149
sample,256,2048,tile8,5,213351
sample,256,2048,tile8,6,218334
sample,256,2048,tile8,7,217619
sample,256,2048,tile8,8,215871
sample,256,2048,tile8,9,214999
sample,256,2048,tile8,10,214426
sample,256,2048,tile8,11,221619
sample,256,2048,tile8,12,219027
sample,256,2048,tile8,13,219760
sample,256,2048,tile8,14,218008
sample,256,2048,tile8,15,248379
sample,256,2048,tile8,16,241666
sample,256,2048,tile8,17,220610
sample,256,2048,tile8,18,223851
sample,256,2048,tile8,19,220888
sample,256,2048,tile8,20,223241
sample,256,2048,tile8,21,224387
sample,256,2048,tile8,22,225999
sample,256,2048,tile8,23,223482
sample,256,2048,tile8,24,227740
sample,256,2048,tile8,25,228953
sample,256,2048,tile8,26,230176
sample,256,2048,tile8,27,230952
sample,256,2048,tile8,28,230971
sample,256,2048,tile8,29,239814
measured,1024,128,vec4,16384,65536,5,30,10,369268,394916,26abf5bddd03bbc5,79acd556594188cd,none,none
sample,1024,128,vec4,0,354517
sample,1024,128,vec4,1,353184
sample,1024,128,vec4,2,356999
sample,1024,128,vec4,3,354999
sample,1024,128,vec4,4,352971
sample,1024,128,vec4,5,353305
sample,1024,128,vec4,6,319480
sample,1024,128,vec4,7,315888
sample,1024,128,vec4,8,330092
sample,1024,128,vec4,9,325657
sample,1024,128,vec4,10,606581
sample,1024,128,vec4,11,365712
sample,1024,128,vec4,12,366703
sample,1024,128,vec4,13,383517
sample,1024,128,vec4,14,361574
sample,1024,128,vec4,15,369268
sample,1024,128,vec4,16,370073
sample,1024,128,vec4,17,369444
sample,1024,128,vec4,18,372128
sample,1024,128,vec4,19,382073
sample,1024,128,vec4,20,367573
sample,1024,128,vec4,21,376887
sample,1024,128,vec4,22,377907
sample,1024,128,vec4,23,383063
sample,1024,128,vec4,24,385518
sample,1024,128,vec4,25,383342
sample,1024,128,vec4,26,382388
sample,1024,128,vec4,27,394212
sample,1024,128,vec4,28,392471
sample,1024,128,vec4,29,394916
measured,1024,128,fused2,16384,65536,5,30,9,336416,363628,26abf5bddd03bbc5,79acd556594188cd,none,none
sample,1024,128,fused2,0,326878
sample,1024,128,fused2,1,325638
sample,1024,128,fused2,2,326462
sample,1024,128,fused2,3,325212
sample,1024,128,fused2,4,328823
sample,1024,128,fused2,5,326611
sample,1024,128,fused2,6,296703
sample,1024,128,fused2,7,291841
sample,1024,128,fused2,8,290175
sample,1024,128,fused2,9,302656
sample,1024,128,fused2,10,354934
sample,1024,128,fused2,11,339601
sample,1024,128,fused2,12,336675
sample,1024,128,fused2,13,336277
sample,1024,128,fused2,14,334415
sample,1024,128,fused2,15,330999
sample,1024,128,fused2,16,336416
sample,1024,128,fused2,17,335999
sample,1024,128,fused2,18,368795
sample,1024,128,fused2,19,343592
sample,1024,128,fused2,20,339221
sample,1024,128,fused2,21,346295
sample,1024,128,fused2,22,363628
sample,1024,128,fused2,23,352999
sample,1024,128,fused2,24,352091
sample,1024,128,fused2,25,352156
sample,1024,128,fused2,26,354638
sample,1024,128,fused2,27,361175
sample,1024,128,fused2,28,358749
sample,1024,128,fused2,29,361962
measured,1024,128,tile8,16384,65536,5,30,8,306767,343444,26abf5bddd03bbc5,79acd556594188cd,none,none
sample,1024,128,tile8,0,295379
sample,1024,128,tile8,1,294556
sample,1024,128,tile8,2,293795
sample,1024,128,tile8,3,294314
sample,1024,128,tile8,4,294832
sample,1024,128,tile8,5,294065
sample,1024,128,tile8,6,264351
sample,1024,128,tile8,7,264768
sample,1024,128,tile8,8,273888
sample,1024,128,tile8,9,276536
sample,1024,128,tile8,10,272980
sample,1024,128,tile8,11,306508
sample,1024,128,tile8,12,343444
sample,1024,128,tile8,13,344527
sample,1024,128,tile8,14,301601
sample,1024,128,tile8,15,299323
sample,1024,128,tile8,16,306795
sample,1024,128,tile8,17,306767
sample,1024,128,tile8,18,309638
sample,1024,128,tile8,19,316833
sample,1024,128,tile8,20,319795
sample,1024,128,tile8,21,312610
sample,1024,128,tile8,22,309980
sample,1024,128,tile8,23,316018
sample,1024,128,tile8,24,316462
sample,1024,128,tile8,25,316158
sample,1024,128,tile8,26,317212
sample,1024,128,tile8,27,325045
sample,1024,128,tile8,28,323397
sample,1024,128,tile8,29,321684
measured,1024,512,vec4,65536,262144,5,30,10,414638,429508,0949b62ffc70d026,7663f0c9d3466943,none,none
sample,1024,512,vec4,0,457212
sample,1024,512,vec4,1,400545
sample,1024,512,vec4,2,395675
sample,1024,512,vec4,3,407888
sample,1024,512,vec4,4,410156
sample,1024,512,vec4,5,417526
sample,1024,512,vec4,6,417619
sample,1024,512,vec4,7,414582
sample,1024,512,vec4,8,414453
sample,1024,512,vec4,9,414841
sample,1024,512,vec4,10,412850
sample,1024,512,vec4,11,414648
sample,1024,512,vec4,12,414036
sample,1024,512,vec4,13,418249
sample,1024,512,vec4,14,420295
sample,1024,512,vec4,15,410295
sample,1024,512,vec4,16,423118
sample,1024,512,vec4,17,414638
sample,1024,512,vec4,18,412110
sample,1024,512,vec4,19,411527
sample,1024,512,vec4,20,414296
sample,1024,512,vec4,21,416240
sample,1024,512,vec4,22,415776
sample,1024,512,vec4,23,414573
sample,1024,512,vec4,24,415813
sample,1024,512,vec4,25,415795
sample,1024,512,vec4,26,417573
sample,1024,512,vec4,27,418517
sample,1024,512,vec4,28,429508
sample,1024,512,vec4,29,406480
measured,1024,512,fused2,65536,262144,5,30,9,379230,424610,0949b62ffc70d026,7663f0c9d3466943,none,none
sample,1024,512,fused2,0,370083
sample,1024,512,fused2,1,367665
sample,1024,512,fused2,2,369554
sample,1024,512,fused2,3,361786
sample,1024,512,fused2,4,378609
sample,1024,512,fused2,5,383758
sample,1024,512,fused2,6,381925
sample,1024,512,fused2,7,381628
sample,1024,512,fused2,8,379230
sample,1024,512,fused2,9,380712
sample,1024,512,fused2,10,382879
sample,1024,512,fused2,11,380416
sample,1024,512,fused2,12,379146
sample,1024,512,fused2,13,384360
sample,1024,512,fused2,14,397619
sample,1024,512,fused2,15,372833
sample,1024,512,fused2,16,404888
sample,1024,512,fused2,17,446730
sample,1024,512,fused2,18,375082
sample,1024,512,fused2,19,372509
sample,1024,512,fused2,20,372814
sample,1024,512,fused2,21,382953
sample,1024,512,fused2,22,380184
sample,1024,512,fused2,23,379166
sample,1024,512,fused2,24,375647
sample,1024,512,fused2,25,378573
sample,1024,512,fused2,26,379166
sample,1024,512,fused2,27,381036
sample,1024,512,fused2,28,424610
sample,1024,512,fused2,29,379665
measured,1024,512,tile8,65536,262144,5,30,8,348842,397915,0949b62ffc70d026,7663f0c9d3466943,none,none
sample,1024,512,tile8,0,340489
sample,1024,512,tile8,1,371610
sample,1024,512,tile8,2,336064
sample,1024,512,tile8,3,338165
sample,1024,512,tile8,4,339240
sample,1024,512,tile8,5,349267
sample,1024,512,tile8,6,350990
sample,1024,512,tile8,7,349915
sample,1024,512,tile8,8,347416
sample,1024,512,tile8,9,349231
sample,1024,512,tile8,10,348842
sample,1024,512,tile8,11,349462
sample,1024,512,tile8,12,347833
sample,1024,512,tile8,13,421221
sample,1024,512,tile8,14,344259
sample,1024,512,tile8,15,397915
sample,1024,512,tile8,16,340804
sample,1024,512,tile8,17,356064
sample,1024,512,tile8,18,342027
sample,1024,512,tile8,19,343675
sample,1024,512,tile8,20,347194
sample,1024,512,tile8,21,346935
sample,1024,512,tile8,22,357833
sample,1024,512,tile8,23,349249
sample,1024,512,tile8,24,342119
sample,1024,512,tile8,25,350684
sample,1024,512,tile8,26,351388
sample,1024,512,tile8,27,349323
sample,1024,512,tile8,28,347850
sample,1024,512,tile8,29,350147
measured,1024,2048,vec4,262144,1048576,5,30,10,419118,425722,2d4a1c573b9665e7,d32c613321b43c7f,none,none
sample,1024,2048,vec4,0,419118
sample,1024,2048,vec4,1,418545
sample,1024,2048,vec4,2,418619
sample,1024,2048,vec4,3,420184
sample,1024,2048,vec4,4,425722
sample,1024,2048,vec4,5,412239
sample,1024,2048,vec4,6,416286
sample,1024,2048,vec4,7,421711
sample,1024,2048,vec4,8,421333
sample,1024,2048,vec4,9,423749
sample,1024,2048,vec4,10,414128
sample,1024,2048,vec4,11,420600
sample,1024,2048,vec4,12,420730
sample,1024,2048,vec4,13,416915
sample,1024,2048,vec4,14,414916
sample,1024,2048,vec4,15,419360
sample,1024,2048,vec4,16,417721
sample,1024,2048,vec4,17,415657
sample,1024,2048,vec4,18,418222
sample,1024,2048,vec4,19,416740
sample,1024,2048,vec4,20,419684
sample,1024,2048,vec4,21,425184
sample,1024,2048,vec4,22,425851
sample,1024,2048,vec4,23,418545
sample,1024,2048,vec4,24,414147
sample,1024,2048,vec4,25,416934
sample,1024,2048,vec4,26,421527
sample,1024,2048,vec4,27,420044
sample,1024,2048,vec4,28,422239
sample,1024,2048,vec4,29,420795
measured,1024,2048,fused2,262144,1048576,5,30,9,383129,400119,2d4a1c573b9665e7,d32c613321b43c7f,none,none
sample,1024,2048,fused2,0,378962
sample,1024,2048,fused2,1,383916
sample,1024,2048,fused2,2,383036
sample,1024,2048,fused2,3,387388
sample,1024,2048,fused2,4,383129
sample,1024,2048,fused2,5,379138
sample,1024,2048,fused2,6,378489
sample,1024,2048,fused2,7,440972
sample,1024,2048,fused2,8,383249
sample,1024,2048,fused2,9,380803
sample,1024,2048,fused2,10,383592
sample,1024,2048,fused2,11,383601
sample,1024,2048,fused2,12,381231
sample,1024,2048,fused2,13,381897
sample,1024,2048,fused2,14,380823
sample,1024,2048,fused2,15,381999
sample,1024,2048,fused2,16,383998
sample,1024,2048,fused2,17,385638
sample,1024,2048,fused2,18,387924
sample,1024,2048,fused2,19,400119
sample,1024,2048,fused2,20,383222
sample,1024,2048,fused2,21,394203
sample,1024,2048,fused2,22,383962
sample,1024,2048,fused2,23,390369
sample,1024,2048,fused2,24,382129
sample,1024,2048,fused2,25,381702
sample,1024,2048,fused2,26,380351
sample,1024,2048,fused2,27,385434
sample,1024,2048,fused2,28,381453
sample,1024,2048,fused2,29,381583
measured,1024,2048,tile8,262144,1048576,5,30,8,364712,442657,2d4a1c573b9665e7,d32c613321b43c7f,none,none
sample,1024,2048,tile8,0,367101
sample,1024,2048,tile8,1,364833
sample,1024,2048,tile8,2,363703
sample,1024,2048,tile8,3,367629
sample,1024,2048,tile8,4,442657
sample,1024,2048,tile8,5,370897
sample,1024,2048,tile8,6,362499
sample,1024,2048,tile8,7,385831
sample,1024,2048,tile8,8,362148
sample,1024,2048,tile8,9,360119
sample,1024,2048,tile8,10,360536
sample,1024,2048,tile8,11,362351
sample,1024,2048,tile8,12,366064
sample,1024,2048,tile8,13,365045
sample,1024,2048,tile8,14,359545
sample,1024,2048,tile8,15,374333
sample,1024,2048,tile8,16,363897
sample,1024,2048,tile8,17,363480
sample,1024,2048,tile8,18,422259
sample,1024,2048,tile8,19,358786
sample,1024,2048,tile8,20,364527
sample,1024,2048,tile8,21,412814
sample,1024,2048,tile8,22,384610
sample,1024,2048,tile8,23,949221
sample,1024,2048,tile8,24,363768
sample,1024,2048,tile8,25,362675
sample,1024,2048,tile8,26,363823
sample,1024,2048,tile8,27,370999
sample,1024,2048,tile8,28,365629
sample,1024,2048,tile8,29,364712
measured,4096,128,vec4,65536,262144,5,30,12,487129,531425,d878e557b6daedce,8cc85ceb09c8efed,none,none
sample,4096,128,vec4,0,488582
sample,4096,128,vec4,1,487785
sample,4096,128,vec4,2,489452
sample,4096,128,vec4,3,497239
sample,4096,128,vec4,4,485711
sample,4096,128,vec4,5,488507
sample,4096,128,vec4,6,498425
sample,4096,128,vec4,7,489045
sample,4096,128,vec4,8,477915
sample,4096,128,vec4,9,490860
sample,4096,128,vec4,10,479851
sample,4096,128,vec4,11,482156
sample,4096,128,vec4,12,487544
sample,4096,128,vec4,13,487129
sample,4096,128,vec4,14,489064
sample,4096,128,vec4,15,486508
sample,4096,128,vec4,16,486878
sample,4096,128,vec4,17,486758
sample,4096,128,vec4,18,489553
sample,4096,128,vec4,19,531425
sample,4096,128,vec4,20,478683
sample,4096,128,vec4,21,481452
sample,4096,128,vec4,22,547007
sample,4096,128,vec4,23,481618
sample,4096,128,vec4,24,479212
sample,4096,128,vec4,25,485582
sample,4096,128,vec4,26,487859
sample,4096,128,vec4,27,485989
sample,4096,128,vec4,28,486822
sample,4096,128,vec4,29,488611
measured,4096,128,fused2,65536,262144,5,30,11,453387,463961,d878e557b6daedce,8cc85ceb09c8efed,none,none
sample,4096,128,fused2,0,452294
sample,4096,128,fused2,1,454147
sample,4096,128,fused2,2,452878
sample,4096,128,fused2,3,455498
sample,4096,128,fused2,4,454415
sample,4096,128,fused2,5,447601
sample,4096,128,fused2,6,463961
sample,4096,128,fused2,7,448435
sample,4096,128,fused2,8,448563
sample,4096,128,fused2,9,518017
sample,4096,128,fused2,10,446192
sample,4096,128,fused2,11,455775
sample,4096,128,fused2,12,452601
sample,4096,128,fused2,13,454953
sample,4096,128,fused2,14,453387
sample,4096,128,fused2,15,454814
sample,4096,128,fused2,16,452971
sample,4096,128,fused2,17,454980
sample,4096,128,fused2,18,453175
sample,4096,128,fused2,19,454897
sample,4096,128,fused2,20,446388
sample,4096,128,fused2,21,444952
sample,4096,128,fused2,22,462786
sample,4096,128,fused2,23,447304
sample,4096,128,fused2,24,447674
sample,4096,128,fused2,25,452609
sample,4096,128,fused2,26,453434
sample,4096,128,fused2,27,455146
sample,4096,128,fused2,28,454453
sample,4096,128,fused2,29,454305
measured,4096,128,tile8,65536,262144,5,30,10,422398,446342,d878e557b6daedce,8cc85ceb09c8efed,none,none
sample,4096,128,tile8,0,422193
sample,4096,128,tile8,1,424509
sample,4096,128,tile8,2,422952
sample,4096,128,tile8,3,421184
sample,4096,128,tile8,4,424980
sample,4096,128,tile8,5,422398
sample,4096,128,tile8,6,477703
sample,4096,128,tile8,7,416490
sample,4096,128,tile8,8,417350
sample,4096,128,tile8,9,442008
sample,4096,128,tile8,10,419498
sample,4096,128,tile8,11,418073
sample,4096,128,tile8,12,422489
sample,4096,128,tile8,13,418962
sample,4096,128,tile8,14,416378
sample,4096,128,tile8,15,422952
sample,4096,128,tile8,16,421572
sample,4096,128,tile8,17,421620
sample,4096,128,tile8,18,424239
sample,4096,128,tile8,19,446342
sample,4096,128,tile8,20,413953
sample,4096,128,tile8,21,412601
sample,4096,128,tile8,22,431286
sample,4096,128,tile8,23,421471
sample,4096,128,tile8,24,414943
sample,4096,128,tile8,25,424638
sample,4096,128,tile8,26,436990
sample,4096,128,tile8,27,422823
sample,4096,128,tile8,28,422805
sample,4096,128,tile8,29,431101
measured,4096,512,vec4,262144,1048576,5,30,12,490666,555777,07e875993970433c,207dceeda1be3f5b,none,none
sample,4096,512,vec4,0,488591
sample,4096,512,vec4,1,485138
sample,4096,512,vec4,2,491600
sample,4096,512,vec4,3,493387
sample,4096,512,vec4,4,494305
sample,4096,512,vec4,5,565017
sample,4096,512,vec4,6,538712
sample,4096,512,vec4,7,489388
sample,4096,512,vec4,8,494351
sample,4096,512,vec4,9,492387
sample,4096,512,vec4,10,488979
sample,4096,512,vec4,11,492786
sample,4096,512,vec4,12,491007
sample,4096,512,vec4,13,555777
sample,4096,512,vec4,14,487359
sample,4096,512,vec4,15,483174
sample,4096,512,vec4,16,484916
sample,4096,512,vec4,17,491194
sample,4096,512,vec4,18,509897
sample,4096,512,vec4,19,483544
sample,4096,512,vec4,20,495925
sample,4096,512,vec4,21,490666
sample,4096,512,vec4,22,490610
sample,4096,512,vec4,23,495665
sample,4096,512,vec4,24,491249
sample,4096,512,vec4,25,490268
sample,4096,512,vec4,26,484120
sample,4096,512,vec4,27,484962
sample,4096,512,vec4,28,487988
sample,4096,512,vec4,29,487499
measured,4096,512,fused2,262144,1048576,5,30,11,456072,494333,07e875993970433c,207dceeda1be3f5b,none,none
sample,4096,512,fused2,0,454230
sample,4096,512,fused2,1,455851
sample,4096,512,fused2,2,456268
sample,4096,512,fused2,3,459294
sample,4096,512,fused2,4,457868
sample,4096,512,fused2,5,460424
sample,4096,512,fused2,6,455194
sample,4096,512,fused2,7,455305
sample,4096,512,fused2,8,452027
sample,4096,512,fused2,9,457777
sample,4096,512,fused2,10,460175
sample,4096,512,fused2,11,455536
sample,4096,512,fused2,12,456388
sample,4096,512,fused2,13,459536
sample,4096,512,fused2,14,455527
sample,4096,512,fused2,15,456442
sample,4096,512,fused2,16,453850
sample,4096,512,fused2,17,456072
sample,4096,512,fused2,18,510664
sample,4096,512,fused2,19,455665
sample,4096,512,fused2,20,451536
sample,4096,512,fused2,21,455147
sample,4096,512,fused2,22,466757
sample,4096,512,fused2,23,457915
sample,4096,512,fused2,24,456609
sample,4096,512,fused2,25,494333
sample,4096,512,fused2,26,454906
sample,4096,512,fused2,27,466026
sample,4096,512,fused2,28,451990
sample,4096,512,fused2,29,452962
measured,4096,512,tile8,262144,1048576,5,30,10,437702,464842,07e875993970433c,207dceeda1be3f5b,none,none
sample,4096,512,tile8,0,433971
sample,4096,512,tile8,1,440008
sample,4096,512,tile8,2,440675
sample,4096,512,tile8,3,439166
sample,4096,512,tile8,4,440342
sample,4096,512,tile8,5,436832
sample,4096,512,tile8,6,433638
sample,4096,512,tile8,7,438749
sample,4096,512,tile8,8,437702
sample,4096,512,tile8,9,441138
sample,4096,512,tile8,10,435906
sample,4096,512,tile8,11,439685
sample,4096,512,tile8,12,436433
sample,4096,512,tile8,13,464842
sample,4096,512,tile8,14,436286
sample,4096,512,tile8,15,431805
sample,4096,512,tile8,16,434647
sample,4096,512,tile8,17,439527
sample,4096,512,tile8,18,437230
sample,4096,512,tile8,19,439906
sample,4096,512,tile8,20,441351
sample,4096,512,tile8,21,437175
sample,4096,512,tile8,22,438803
sample,4096,512,tile8,23,440731
sample,4096,512,tile8,24,437545
sample,4096,512,tile8,25,477544
sample,4096,512,tile8,26,432387
sample,4096,512,tile8,27,443388
sample,4096,512,tile8,28,430324
sample,4096,512,tile8,29,436046
measured,4096,2048,vec4,1048576,4194304,5,30,12,551933,727840,4143a88e49ed614b,e0842ad8f72c0c9f,none,none
sample,4096,2048,vec4,0,555424
sample,4096,2048,vec4,1,567656
sample,4096,2048,vec4,2,544693
sample,4096,2048,vec4,3,547851
sample,4096,2048,vec4,4,551490
sample,4096,2048,vec4,5,551100
sample,4096,2048,vec4,6,546212
sample,4096,2048,vec4,7,547970
sample,4096,2048,vec4,8,540165
sample,4096,2048,vec4,9,551933
sample,4096,2048,vec4,10,552109
sample,4096,2048,vec4,11,553156
sample,4096,2048,vec4,12,549683
sample,4096,2048,vec4,13,727840
sample,4096,2048,vec4,14,735795
sample,4096,2048,vec4,15,556072
sample,4096,2048,vec4,16,553674
sample,4096,2048,vec4,17,554082
sample,4096,2048,vec4,18,545527
sample,4096,2048,vec4,19,546285
sample,4096,2048,vec4,20,552155
sample,4096,2048,vec4,21,557628
sample,4096,2048,vec4,22,551518
sample,4096,2048,vec4,23,550628
sample,4096,2048,vec4,24,543748
sample,4096,2048,vec4,25,558185
sample,4096,2048,vec4,26,556609
sample,4096,2048,vec4,27,553924
sample,4096,2048,vec4,28,546369
sample,4096,2048,vec4,29,556249
measured,4096,2048,fused2,1048576,4194304,5,30,11,518452,557860,4143a88e49ed614b,e0842ad8f72c0c9f,none,none
sample,4096,2048,fused2,0,512248
sample,4096,2048,fused2,1,524508
sample,4096,2048,fused2,2,505962
sample,4096,2048,fused2,3,502378
sample,4096,2048,fused2,4,518674
sample,4096,2048,fused2,5,515359
sample,4096,2048,fused2,6,514721
sample,4096,2048,fused2,7,557860
sample,4096,2048,fused2,8,512989
sample,4096,2048,fused2,9,507323
sample,4096,2048,fused2,10,519100
sample,4096,2048,fused2,11,512026
sample,4096,2048,fused2,12,523795
sample,4096,2048,fused2,13,617841
sample,4096,2048,fused2,14,526025
sample,4096,2048,fused2,15,525536
sample,4096,2048,fused2,16,552174
sample,4096,2048,fused2,17,529276
sample,4096,2048,fused2,18,516536
sample,4096,2048,fused2,19,519536
sample,4096,2048,fused2,20,512462
sample,4096,2048,fused2,21,516628
sample,4096,2048,fused2,22,529378
sample,4096,2048,fused2,23,543258
sample,4096,2048,fused2,24,516470
sample,4096,2048,fused2,25,512896
sample,4096,2048,fused2,26,518452
sample,4096,2048,fused2,27,526341
sample,4096,2048,fused2,28,511451
sample,4096,2048,fused2,29,523711
measured,4096,2048,tile8,1048576,4194304,5,30,10,542896,605924,4143a88e49ed614b,e0842ad8f72c0c9f,none,none
sample,4096,2048,tile8,0,539664
sample,4096,2048,tile8,1,605924
sample,4096,2048,tile8,2,537035
sample,4096,2048,tile8,3,534933
sample,4096,2048,tile8,4,536341
sample,4096,2048,tile8,5,540804
sample,4096,2048,tile8,6,538203
sample,4096,2048,tile8,7,558841
sample,4096,2048,tile8,8,536258
sample,4096,2048,tile8,9,549924
sample,4096,2048,tile8,10,537590
sample,4096,2048,tile8,11,539555
sample,4096,2048,tile8,12,561155
sample,4096,2048,tile8,13,918154
sample,4096,2048,tile8,14,589516
sample,4096,2048,tile8,15,542896
sample,4096,2048,tile8,16,554248
sample,4096,2048,tile8,17,593988
sample,4096,2048,tile8,18,549082
sample,4096,2048,tile8,19,538451
sample,4096,2048,tile8,20,546118
sample,4096,2048,tile8,21,539461
sample,4096,2048,tile8,22,544758
sample,4096,2048,tile8,23,550999
sample,4096,2048,tile8,24,540610
sample,4096,2048,tile8,25,543907
sample,4096,2048,tile8,26,540509
sample,4096,2048,tile8,27,543665
sample,4096,2048,tile8,28,542146
sample,4096,2048,tile8,29,568572
measured,16384,128,vec4,262144,1048576,5,30,14,563712,757868,318e48fc80dadb1f,a09bc0e13ecf9bf8,none,none
sample,16384,128,vec4,0,758619
sample,16384,128,vec4,1,757868
sample,16384,128,vec4,2,747942
sample,16384,128,vec4,3,743785
sample,16384,128,vec4,4,739535
sample,16384,128,vec4,5,562915
sample,16384,128,vec4,6,583137
sample,16384,128,vec4,7,564572
sample,16384,128,vec4,8,564025
sample,16384,128,vec4,9,563155
sample,16384,128,vec4,10,557637
sample,16384,128,vec4,11,564516
sample,16384,128,vec4,12,569684
sample,16384,128,vec4,13,559314
sample,16384,128,vec4,14,562970
sample,16384,128,vec4,15,563036
sample,16384,128,vec4,16,564257
sample,16384,128,vec4,17,568766
sample,16384,128,vec4,18,584294
sample,16384,128,vec4,19,555953
sample,16384,128,vec4,20,568970
sample,16384,128,vec4,21,562378
sample,16384,128,vec4,22,563156
sample,16384,128,vec4,23,558396
sample,16384,128,vec4,24,564554
sample,16384,128,vec4,25,561267
sample,16384,128,vec4,26,563712
sample,16384,128,vec4,27,558416
sample,16384,128,vec4,28,559600
sample,16384,128,vec4,29,560314
measured,16384,128,fused2,262144,1048576,5,30,13,534637,721896,318e48fc80dadb1f,a09bc0e13ecf9bf8,none,none
sample,16384,128,fused2,0,718082
sample,16384,128,fused2,1,722508
sample,16384,128,fused2,2,715729
sample,16384,128,fused2,3,711248
sample,16384,128,fused2,4,713118
sample,16384,128,fused2,5,721896
sample,16384,128,fused2,6,537767
sample,16384,128,fused2,7,534776
sample,16384,128,fused2,8,530063
sample,16384,128,fused2,9,534314
sample,16384,128,fused2,10,527813
sample,16384,128,fused2,11,544277
sample,16384,128,fused2,12,526729
sample,16384,128,fused2,13,539100
sample,16384,128,fused2,14,532266
sample,16384,128,fused2,15,532368
sample,16384,128,fused2,16,534582
sample,16384,128,fused2,17,536832
sample,16384,128,fused2,18,535017
sample,16384,128,fused2,19,526609
sample,16384,128,fused2,20,529832
sample,16384,128,fused2,21,537137
sample,16384,128,fused2,22,538488
sample,16384,128,fused2,23,528758
sample,16384,128,fused2,24,524711
sample,16384,128,fused2,25,533813
sample,16384,128,fused2,26,534637
sample,16384,128,fused2,27,535035
sample,16384,128,fused2,28,531526
sample,16384,128,fused2,29,529101
measured,16384,128,tile8,262144,1048576,5,30,12,510221,701406,318e48fc80dadb1f,a09bc0e13ecf9bf8,none,none
sample,16384,128,tile8,0,706461
sample,16384,128,tile8,1,701406
sample,16384,128,tile8,2,697443
sample,16384,128,tile8,3,683812
sample,16384,128,tile8,4,698118
sample,16384,128,tile8,5,683257
sample,16384,128,tile8,6,515516
sample,16384,128,tile8,7,512906
sample,16384,128,tile8,8,509601
sample,16384,128,tile8,9,523951
sample,16384,128,tile8,10,501722
sample,16384,128,tile8,11,500684
sample,16384,128,tile8,12,501488
sample,16384,128,tile8,13,502129
sample,16384,128,tile8,14,510221
sample,16384,128,tile8,15,508730
sample,16384,128,tile8,16,516295
sample,16384,128,tile8,17,508591
sample,16384,128,tile8,18,505340
sample,16384,128,tile8,19,505305
sample,16384,128,tile8,20,509379
sample,16384,128,tile8,21,508693
sample,16384,128,tile8,22,513239
sample,16384,128,tile8,23,509739
sample,16384,128,tile8,24,502166
sample,16384,128,tile8,25,512359
sample,16384,128,tile8,26,514453
sample,16384,128,tile8,27,505147
sample,16384,128,tile8,28,512999
sample,16384,128,tile8,29,520286
measured,16384,512,vec4,1048576,4194304,5,30,14,634564,645627,08b87a1ca99fa7b8,cc66b7b8fae87df4,none,none
sample,16384,512,vec4,0,640943
sample,16384,512,vec4,1,632877
sample,16384,512,vec4,2,626174
sample,16384,512,vec4,3,634564
sample,16384,512,vec4,4,635757
sample,16384,512,vec4,5,637877
sample,16384,512,vec4,6,637581
sample,16384,512,vec4,7,635044
sample,16384,512,vec4,8,632368
sample,16384,512,vec4,9,622618
sample,16384,512,vec4,10,636729
sample,16384,512,vec4,11,626266
sample,16384,512,vec4,12,645627
sample,16384,512,vec4,13,634840
sample,16384,512,vec4,14,634794
sample,16384,512,vec4,15,647961
sample,16384,512,vec4,16,627813
sample,16384,512,vec4,17,635387
sample,16384,512,vec4,18,634128
sample,16384,512,vec4,19,636479
sample,16384,512,vec4,20,624869
sample,16384,512,vec4,21,631517
sample,16384,512,vec4,22,637424
sample,16384,512,vec4,23,625850
sample,16384,512,vec4,24,625072
sample,16384,512,vec4,25,636619
sample,16384,512,vec4,26,634248
sample,16384,512,vec4,27,635118
sample,16384,512,vec4,28,634405
sample,16384,512,vec4,29,624035
measured,16384,512,fused2,1048576,4194304,5,30,13,596331,602776,08b87a1ca99fa7b8,cc66b7b8fae87df4,none,none
sample,16384,512,fused2,0,594618
sample,16384,512,fused2,1,591460
sample,16384,512,fused2,2,594173
sample,16384,512,fused2,3,600165
sample,16384,512,fused2,4,600128
sample,16384,512,fused2,5,601396
sample,16384,512,fused2,6,596861
sample,16384,512,fused2,7,596988
sample,16384,512,fused2,8,596498
sample,16384,512,fused2,9,588202
sample,16384,512,fused2,10,595303
sample,16384,512,fused2,11,591591
sample,16384,512,fused2,12,595545
sample,16384,512,fused2,13,602100
sample,16384,512,fused2,14,597915
sample,16384,512,fused2,15,595942
sample,16384,512,fused2,16,596461
sample,16384,512,fused2,17,605359
sample,16384,512,fused2,18,599628
sample,16384,512,fused2,19,596331
sample,16384,512,fused2,20,585137
sample,16384,512,fused2,21,592184
sample,16384,512,fused2,22,597748
sample,16384,512,fused2,23,593970
sample,16384,512,fused2,24,590878
sample,16384,512,fused2,25,597656
sample,16384,512,fused2,26,594971
sample,16384,512,fused2,27,598776
sample,16384,512,fused2,28,602776
sample,16384,512,fused2,29,590777
measured,16384,512,tile8,1048576,4194304,5,30,12,622581,629035,08b87a1ca99fa7b8,cc66b7b8fae87df4,none,none
sample,16384,512,tile8,0,623655
sample,16384,512,tile8,1,618535
sample,16384,512,tile8,2,627479
sample,16384,512,tile8,3,616657
sample,16384,512,tile8,4,621796
sample,16384,512,tile8,5,625664
sample,16384,512,tile8,6,626814
sample,16384,512,tile8,7,625091
sample,16384,512,tile8,8,614267
sample,16384,512,tile8,9,620442
sample,16384,512,tile8,10,624898
sample,16384,512,tile8,11,615498
sample,16384,512,tile8,12,622961
sample,16384,512,tile8,13,621535
sample,16384,512,tile8,14,623684
sample,16384,512,tile8,15,626257
sample,16384,512,tile8,16,619332
sample,16384,512,tile8,17,615054
sample,16384,512,tile8,18,626768
sample,16384,512,tile8,19,634572
sample,16384,512,tile8,20,619480
sample,16384,512,tile8,21,620758
sample,16384,512,tile8,22,628164
sample,16384,512,tile8,23,620340
sample,16384,512,tile8,24,620923
sample,16384,512,tile8,25,622581
sample,16384,512,tile8,26,629035
sample,16384,512,tile8,27,626109
sample,16384,512,tile8,28,627924
sample,16384,512,tile8,29,620664
measured,16384,2048,vec4,4194304,16777216,5,30,14,835276,881210,6be3b72c15a212b9,3199380bd5011e6c,none,none
sample,16384,2048,vec4,0,847840
sample,16384,2048,vec4,1,829599
sample,16384,2048,vec4,2,839285
sample,16384,2048,vec4,3,836878
sample,16384,2048,vec4,4,834701
sample,16384,2048,vec4,5,842545
sample,16384,2048,vec4,6,838850
sample,16384,2048,vec4,7,832220
sample,16384,2048,vec4,8,841571
sample,16384,2048,vec4,9,837887
sample,16384,2048,vec4,10,881210
sample,16384,2048,vec4,11,836146
sample,16384,2048,vec4,12,898673
sample,16384,2048,vec4,13,828415
sample,16384,2048,vec4,14,834285
sample,16384,2048,vec4,15,835276
sample,16384,2048,vec4,16,843480
sample,16384,2048,vec4,17,711164
sample,16384,2048,vec4,18,712442
sample,16384,2048,vec4,19,833406
sample,16384,2048,vec4,20,831340
sample,16384,2048,vec4,21,836378
sample,16384,2048,vec4,22,844044
sample,16384,2048,vec4,23,839275
sample,16384,2048,vec4,24,830535
sample,16384,2048,vec4,25,832656
sample,16384,2048,vec4,26,830646
sample,16384,2048,vec4,27,835340
sample,16384,2048,vec4,28,830591
sample,16384,2048,vec4,29,832349
measured,16384,2048,fused2,4194304,16777216,5,30,13,792960,801386,6be3b72c15a212b9,3199380bd5011e6c,none,none
sample,16384,2048,fused2,0,793081
sample,16384,2048,fused2,1,794470
sample,16384,2048,fused2,2,797081
sample,16384,2048,fused2,3,791312
sample,16384,2048,fused2,4,791775
sample,16384,2048,fused2,5,799619
sample,16384,2048,fused2,6,792794
sample,16384,2048,fused2,7,797043
sample,16384,2048,fused2,8,797534
sample,16384,2048,fused2,9,787831
sample,16384,2048,fused2,10,801386
sample,16384,2048,fused2,11,800471
sample,16384,2048,fused2,12,792960
sample,16384,2048,fused2,13,800331
sample,16384,2048,fused2,14,786878
sample,16384,2048,fused2,15,793730
sample,16384,2048,fused2,16,800054
sample,16384,2048,fused2,17,801433
sample,16384,2048,fused2,18,691850
sample,16384,2048,fused2,19,787414
sample,16384,2048,fused2,20,791461
sample,16384,2048,fused2,21,792665
sample,16384,2048,fused2,22,795599
sample,16384,2048,fused2,23,786646
sample,16384,2048,fused2,24,787970
sample,16384,2048,fused2,25,791247
sample,16384,2048,fused2,26,789368
sample,16384,2048,fused2,27,797386
sample,16384,2048,fused2,28,793905
sample,16384,2048,fused2,29,783950
measured,16384,2048,tile8,4194304,16777216,5,30,12,998349,1002497,6be3b72c15a212b9,3199380bd5011e6c,none,none
sample,16384,2048,tile8,0,997552
sample,16384,2048,tile8,1,999432
sample,16384,2048,tile8,2,1001145
sample,16384,2048,tile8,3,999535
sample,16384,2048,tile8,4,995146
sample,16384,2048,tile8,5,1012145
sample,16384,2048,tile8,6,991598
sample,16384,2048,tile8,7,1000432
sample,16384,2048,tile8,8,1002497
sample,16384,2048,tile8,9,988729
sample,16384,2048,tile8,10,1000358
sample,16384,2048,tile8,11,1000460
sample,16384,2048,tile8,12,994367
sample,16384,2048,tile8,13,992246
sample,16384,2048,tile8,14,998849
sample,16384,2048,tile8,15,1001340
sample,16384,2048,tile8,16,996943
sample,16384,2048,tile8,17,1002469
sample,16384,2048,tile8,18,1000756
sample,16384,2048,tile8,19,999858
sample,16384,2048,tile8,20,998349
sample,16384,2048,tile8,21,993367
sample,16384,2048,tile8,22,993034
sample,16384,2048,tile8,23,994099
sample,16384,2048,tile8,24,1001108
sample,16384,2048,tile8,25,996738
sample,16384,2048,tile8,26,998904
sample,16384,2048,tile8,27,993164
sample,16384,2048,tile8,28,996637
sample,16384,2048,tile8,29,990330
measured,65536,128,vec4,1048576,4194304,5,30,16,719674,727581,9ec0db29a14c575b,4098921c6b362ecd,none,none
sample,65536,128,vec4,0,725545
sample,65536,128,vec4,1,727193
sample,65536,128,vec4,2,725053
sample,65536,128,vec4,3,724100
sample,65536,128,vec4,4,719674
sample,65536,128,vec4,5,710562
sample,65536,128,vec4,6,727581
sample,65536,128,vec4,7,720350
sample,65536,128,vec4,8,720359
sample,65536,128,vec4,9,717580
sample,65536,128,vec4,10,708822
sample,65536,128,vec4,11,707063
sample,65536,128,vec4,12,709007
sample,65536,128,vec4,13,717822
sample,65536,128,vec4,14,714193
sample,65536,128,vec4,15,723757
sample,65536,128,vec4,16,719905
sample,65536,128,vec4,17,724581
sample,65536,128,vec4,18,713664
sample,65536,128,vec4,19,719608
sample,65536,128,vec4,20,713489
sample,65536,128,vec4,21,725877
sample,65536,128,vec4,22,722637
sample,65536,128,vec4,23,717841
sample,65536,128,vec4,24,719220
sample,65536,128,vec4,25,722775
sample,65536,128,vec4,26,717452
sample,65536,128,vec4,27,794785
sample,65536,128,vec4,28,721535
sample,65536,128,vec4,29,713304
measured,65536,128,fused2,1048576,4194304,5,30,15,690628,699971,9ec0db29a14c575b,4098921c6b362ecd,none,none
sample,65536,128,fused2,0,699971
sample,65536,128,fused2,1,696285
sample,65536,128,fused2,2,699368
sample,65536,128,fused2,3,698655
sample,65536,128,fused2,4,694211
sample,65536,128,fused2,5,683044
sample,65536,128,fused2,6,696590
sample,65536,128,fused2,7,716211
sample,65536,128,fused2,8,694915
sample,65536,128,fused2,9,684285
sample,65536,128,fused2,10,680340
sample,65536,128,fused2,11,684692
sample,65536,128,fused2,12,686693
sample,65536,128,fused2,13,691405
sample,65536,128,fused2,14,690600
sample,65536,128,fused2,15,679563
sample,65536,128,fused2,16,698525
sample,65536,128,fused2,17,687813
sample,65536,128,fused2,18,696063
sample,65536,128,fused2,19,692748
sample,65536,128,fused2,20,689313
sample,65536,128,fused2,21,688702
sample,65536,128,fused2,22,685730
sample,65536,128,fused2,23,686656
sample,65536,128,fused2,24,696831
sample,65536,128,fused2,25,695063
sample,65536,128,fused2,26,691211
sample,65536,128,fused2,27,690628
sample,65536,128,fused2,28,688479
sample,65536,128,fused2,29,690194
measured,65536,128,tile8,1048576,4194304,5,30,14,703794,733757,9ec0db29a14c575b,4098921c6b362ecd,none,none
sample,65536,128,tile8,0,715702
sample,65536,128,tile8,1,713905
sample,65536,128,tile8,2,715128
sample,65536,128,tile8,3,695063
sample,65536,128,tile8,4,698674
sample,65536,128,tile8,5,693739
sample,65536,128,tile8,6,710387
sample,65536,128,tile8,7,710063
sample,65536,128,tile8,8,693174
sample,65536,128,tile8,9,708822
sample,65536,128,tile8,10,695775
sample,65536,128,tile8,11,703794
sample,65536,128,tile8,12,709193
sample,65536,128,tile8,13,700089
sample,65536,128,tile8,14,694276
sample,65536,128,tile8,15,695618
sample,65536,128,tile8,16,705341
sample,65536,128,tile8,17,699451
sample,65536,128,tile8,18,703813
sample,65536,128,tile8,19,702730
sample,65536,128,tile8,20,705998
sample,65536,128,tile8,21,702304
sample,65536,128,tile8,22,705646
sample,65536,128,tile8,23,703535
sample,65536,128,tile8,24,733757
sample,65536,128,tile8,25,711934
sample,65536,128,tile8,26,699404
sample,65536,128,tile8,27,749869
sample,65536,128,tile8,28,715443
sample,65536,128,tile8,29,702378
measured,65536,512,vec4,4194304,16777216,5,30,16,1120894,1442885,84d06402da633040,29115d73667dee45,none,none
sample,65536,512,vec4,0,942599
sample,65536,512,vec4,1,951339
sample,65536,512,vec4,2,943460
sample,65536,512,vec4,3,953089
sample,65536,512,vec4,4,959747
sample,65536,512,vec4,5,1117608
sample,65536,512,vec4,6,1120894
sample,65536,512,vec4,7,1107497
sample,65536,512,vec4,8,1118673
sample,65536,512,vec4,9,1131227
sample,65536,512,vec4,10,1126274
sample,65536,512,vec4,11,992849
sample,65536,512,vec4,12,996960
sample,65536,512,vec4,13,1018524
sample,65536,512,vec4,14,1016071
sample,65536,512,vec4,15,1058580
sample,65536,512,vec4,16,1060655
sample,65536,512,vec4,17,1398052
sample,65536,512,vec4,18,1406922
sample,65536,512,vec4,19,1404783
sample,65536,512,vec4,20,1399487
sample,65536,512,vec4,21,1430959
sample,65536,512,vec4,22,1431098
sample,65536,512,vec4,23,1442885
sample,65536,512,vec4,24,1436208
sample,65536,512,vec4,25,1430089
sample,65536,512,vec4,26,1445106
sample,65536,512,vec4,27,1425552
sample,65536,512,vec4,28,1436153
sample,65536,512,vec4,29,1439560
measured,65536,512,fused2,4194304,16777216,5,30,15,1077562,1397209,84d06402da633040,29115d73667dee45,none,none
sample,65536,512,fused2,0,918858
sample,65536,512,fused2,1,909164
sample,65536,512,fused2,2,908822
sample,65536,512,fused2,3,915293
sample,65536,512,fused2,4,935461
sample,65536,512,fused2,5,907859
sample,65536,512,fused2,6,1077562
sample,65536,512,fused2,7,1066756
sample,65536,512,fused2,8,1094034
sample,65536,512,fused2,9,1079848
sample,65536,512,fused2,10,1095747
sample,65536,512,fused2,11,959618
sample,65536,512,fused2,12,961711
sample,65536,512,fused2,13,982414
sample,65536,512,fused2,14,978877
sample,65536,512,fused2,15,1016349
sample,65536,512,fused2,16,1013645
sample,65536,512,fused2,17,1012265
sample,65536,512,fused2,18,1360042
sample,65536,512,fused2,19,1358625
sample,65536,512,fused2,20,1353062
sample,65536,512,fused2,21,1385236
sample,65536,512,fused2,22,1378959
sample,65536,512,fused2,23,1399885
sample,65536,512,fused2,24,1388959
sample,65536,512,fused2,25,1379561
sample,65536,512,fused2,26,1389542
sample,65536,512,fused2,27,1390237
sample,65536,512,fused2,28,1379942
sample,65536,512,fused2,29,1397209
measured,65536,512,tile8,4194304,16777216,5,30,14,1267505,1599495,84d06402da633040,29115d73667dee45,none,none
sample,65536,512,tile8,0,1107450
sample,65536,512,tile8,1,1113025
sample,65536,512,tile8,2,1098923
sample,65536,512,tile8,3,1112923
sample,65536,512,tile8,4,1107384
sample,65536,512,tile8,5,1098275
sample,65536,512,tile8,6,1283070
sample,65536,512,tile8,7,1267505
sample,65536,512,tile8,8,1265755
sample,65536,512,tile8,9,1271877
sample,65536,512,tile8,10,1274701
sample,65536,512,tile8,11,1258412
sample,65536,512,tile8,12,1151348
sample,65536,512,tile8,13,1175710
sample,65536,512,tile8,14,1214200
sample,65536,512,tile8,15,1219302
sample,65536,512,tile8,16,1215645
sample,65536,512,tile8,17,1195886
sample,65536,512,tile8,18,1583847
sample,65536,512,tile8,19,1539237
sample,65536,512,tile8,20,1713189
sample,65536,512,tile8,21,1584254
sample,65536,512,tile8,22,1569772
sample,65536,512,tile8,23,1581921
sample,65536,512,tile8,24,1568106
sample,65536,512,tile8,25,1595876
sample,65536,512,tile8,26,1599495
sample,65536,512,tile8,27,1590939
sample,65536,512,tile8,28,1593893
sample,65536,512,tile8,29,1584644
skipped_limit,65536,2048,vec4,16777216,67108864,NA,NA,NA,NA,NA,NA,NA,cohort_dispatch_limit,none
skipped_limit,65536,2048,fused2,16777216,67108864,NA,NA,NA,NA,NA,NA,NA,cohort_dispatch_limit,none
skipped_limit,65536,2048,tile8,16777216,67108864,NA,NA,NA,NA,NA,NA,NA,cohort_dispatch_limit,none
measured,262144,128,vec4,4194304,16777216,5,30,18,1382098,1397478,603e59446e81431f,99960c282a7f4ca5,none,none
sample,262144,128,vec4,0,1369181
sample,262144,128,vec4,1,1369959
sample,262144,128,vec4,2,1388653
sample,262144,128,vec4,3,1405913
sample,262144,128,vec4,4,1390894
sample,262144,128,vec4,5,1364755
sample,262144,128,vec4,6,1383487
sample,262144,128,vec4,7,1383839
sample,262144,128,vec4,8,1394422
sample,262144,128,vec4,9,1370598
sample,262144,128,vec4,10,1391756
sample,262144,128,vec4,11,1385153
sample,262144,128,vec4,12,1381727
sample,262144,128,vec4,13,1397478
sample,262144,128,vec4,14,1382098
sample,262144,128,vec4,15,1362449
sample,262144,128,vec4,16,1375737
sample,262144,128,vec4,17,1362209
sample,262144,128,vec4,18,1382016
sample,262144,128,vec4,19,1371060
sample,262144,128,vec4,20,1389070
sample,262144,128,vec4,21,1359709
sample,262144,128,vec4,22,1388903
sample,262144,128,vec4,23,1385079
sample,262144,128,vec4,24,1381644
sample,262144,128,vec4,25,1360866
sample,262144,128,vec4,26,1379015
sample,262144,128,vec4,27,1387042
sample,262144,128,vec4,28,1387300
sample,262144,128,vec4,29,1387404
measured,262144,128,fused2,4194304,16777216,5,30,17,1411079,1429273,603e59446e81431f,99960c282a7f4ca5,none,none
sample,262144,128,fused2,0,1417820
sample,262144,128,fused2,1,1391579
sample,262144,128,fused2,2,1388514
sample,262144,128,fused2,3,1414440
sample,262144,128,fused2,4,1407978
sample,262144,128,fused2,5,1406671
sample,262144,128,fused2,6,1411246
sample,262144,128,fused2,7,1418959
sample,262144,128,fused2,8,1407209
sample,262144,128,fused2,9,1450645
sample,262144,128,fused2,10,1427876
sample,262144,128,fused2,11,1416876
sample,262144,128,fused2,12,1391282
sample,262144,128,fused2,13,1422227
sample,262144,128,fused2,14,1405737
sample,262144,128,fused2,15,1411079
sample,262144,128,fused2,16,1409320
sample,262144,128,fused2,17,1396089
sample,262144,128,fused2,18,1405579
sample,262144,128,fused2,19,1421006
sample,262144,128,fused2,20,1406709
sample,262144,128,fused2,21,1388995
sample,262144,128,fused2,22,1415367
sample,262144,128,fused2,23,1418135
sample,262144,128,fused2,24,1414098
sample,262144,128,fused2,25,1396376
sample,262144,128,fused2,26,1391246
sample,262144,128,fused2,27,1413367
sample,262144,128,fused2,28,1420607
sample,262144,128,fused2,29,1429273
measured,262144,128,tile8,4194304,16777216,5,30,16,1567236,1588569,603e59446e81431f,99960c282a7f4ca5,none,none
sample,262144,128,tile8,0,1564208
sample,262144,128,tile8,1,1567236
sample,262144,128,tile8,2,1572116
sample,262144,128,tile8,3,1582078
sample,262144,128,tile8,4,1588569
sample,262144,128,tile8,5,1554235
sample,262144,128,tile8,6,1574245
sample,262144,128,tile8,7,1567486
sample,262144,128,tile8,8,1590921
sample,262144,128,tile8,9,1561931
sample,262144,128,tile8,10,1578013
sample,262144,128,tile8,11,1575200
sample,262144,128,tile8,12,1549125
sample,262144,128,tile8,13,1555959
sample,262144,128,tile8,14,1574254
sample,262144,128,tile8,15,1572746
sample,262144,128,tile8,16,1579404
sample,262144,128,tile8,17,1554291
sample,262144,128,tile8,18,1556338
sample,262144,128,tile8,19,1563153
sample,262144,128,tile8,20,1567337
sample,262144,128,tile8,21,1555930
sample,262144,128,tile8,22,1550634
sample,262144,128,tile8,23,1578171
sample,262144,128,tile8,24,1555506
sample,262144,128,tile8,25,1565652
sample,262144,128,tile8,26,1569709
sample,262144,128,tile8,27,1561515
sample,262144,128,tile8,28,1557041
sample,262144,128,tile8,29,1571449
skipped_limit,262144,512,vec4,16777216,67108864,NA,NA,NA,NA,NA,NA,NA,cohort_dispatch_limit,none
skipped_limit,262144,512,fused2,16777216,67108864,NA,NA,NA,NA,NA,NA,NA,cohort_dispatch_limit,none
skipped_limit,262144,512,tile8,16777216,67108864,NA,NA,NA,NA,NA,NA,NA,cohort_dispatch_limit,none
skipped_limit,262144,2048,vec4,67108864,268435456,NA,NA,NA,NA,NA,NA,NA,cohort_dispatch_limit,none
skipped_limit,262144,2048,fused2,67108864,268435456,NA,NA,NA,NA,NA,NA,NA,cohort_dispatch_limit,none
skipped_limit,262144,2048,tile8,67108864,268435456,NA,NA,NA,NA,NA,NA,NA,cohort_dispatch_limit,none
skipped_limit,1048576,128,vec4,16777216,67108864,NA,NA,NA,NA,NA,NA,NA,cohort_dispatch_limit,none
skipped_limit,1048576,128,fused2,16777216,67108864,NA,NA,NA,NA,NA,NA,NA,cohort_dispatch_limit,none
skipped_limit,1048576,128,tile8,16777216,67108864,NA,NA,NA,NA,NA,NA,NA,cohort_dispatch_limit,none
skipped_limit,1048576,512,vec4,67108864,268435456,NA,NA,NA,NA,NA,NA,NA,cohort_dispatch_limit,none
skipped_limit,1048576,512,fused2,67108864,268435456,NA,NA,NA,NA,NA,NA,NA,cohort_dispatch_limit,none
skipped_limit,1048576,512,tile8,67108864,268435456,NA,NA,NA,NA,NA,NA,NA,cohort_dispatch_limit,none
skipped_limit,1048576,2048,vec4,268435456,1073741824,NA,NA,NA,NA,NA,NA,NA,cohort_dispatch_limit,none
skipped_limit,1048576,2048,fused2,268435456,1073741824,NA,NA,NA,NA,NA,NA,NA,cohort_dispatch_limit,none
skipped_limit,1048576,2048,tile8,268435456,1073741824,NA,NA,NA,NA,NA,NA,NA,cohort_dispatch_limit,none
qualification_status=complete
