benchmark=pvp3d_three_candidate_same_device
source_revision=ddb6f0144821dfa29d268601e7087e5001278e52
adapter=NVIDIA Tegra NVIDIA Thor
backend=Vulkan
device_type=IntegratedGpu
vendor_id=4318
device_id=11008
driver=NVIDIA
driver_info=580.00
hardware_measurement_eligible=true
physical_admission=external_remoteops_evidence_required
performance_claim=none
primary_timing_scope=resident_encode_plus_queue_submit_plus_device_wait
state_reset_scope=completed_before_timer
correctness_readback_scope=before_and_after_timing
candidate_order=ABC_ACB_BAC_BCA_CAB_CBA
resident_payload_scope=source_plus_three_states_excludes_driver_uniforms_and_readback
status,k,g,candidate,state_bytes,resident_payload_bytes,warmups,repeats,logical_dispatches,p50_ns,p95_ns,input_checksum,output_checksum,skip_reason,performance_claim
measured,256,128,vec4,4096,16384,5,30,8,231777,273758,4c67926a9205d7b4,956299587c8af4b4,none,none
sample,256,128,vec4,0,229250
sample,256,128,vec4,1,238037
sample,256,128,vec4,2,237232
sample,256,128,vec4,3,263249
sample,256,128,vec4,4,234500
sample,256,128,vec4,5,226130
sample,256,128,vec4,6,224684
sample,256,128,vec4,7,223639
sample,256,128,vec4,8,226416
sample,256,128,vec4,9,226805
sample,256,128,vec4,10,231777
sample,256,128,vec4,11,229813
sample,256,128,vec4,12,228871
sample,256,128,vec4,13,230092
sample,256,128,vec4,14,235880
sample,256,128,vec4,15,234639
sample,256,128,vec4,16,234545
sample,256,128,vec4,17,229184
sample,256,128,vec4,18,273758
sample,256,128,vec4,19,285110
sample,256,128,vec4,20,229694
sample,256,128,vec4,21,232454
sample,256,128,vec4,22,230675
sample,256,128,vec4,23,229082
sample,256,128,vec4,24,237703
sample,256,128,vec4,25,230148
sample,256,128,vec4,26,263630
sample,256,128,vec4,27,237000
sample,256,128,vec4,28,271721
sample,256,128,vec4,29,239222
measured,256,128,fused2,4096,16384,5,30,7,209758,266537,4c67926a9205d7b4,956299587c8af4b4,none,none
sample,256,128,fused2,0,213999
sample,256,128,fused2,1,209851
sample,256,128,fused2,2,209499
sample,256,128,fused2,3,220980
sample,256,128,fused2,4,209684
sample,256,128,fused2,5,206147
sample,256,128,fused2,6,204897
sample,256,128,fused2,7,209592
sample,256,128,fused2,8,208647
sample,256,128,fused2,9,205841
sample,256,128,fused2,10,210694
sample,256,128,fused2,11,209601
sample,256,128,fused2,12,209110
sample,256,128,fused2,13,209314
sample,256,128,fused2,14,211804
sample,256,128,fused2,15,213629
sample,256,128,fused2,16,213333
sample,256,128,fused2,17,209758
sample,256,128,fused2,18,217917
sample,256,128,fused2,19,217573
sample,256,128,fused2,20,207879
sample,256,128,fused2,21,209443
sample,256,128,fused2,22,212999
sample,256,128,fused2,23,209536
sample,256,128,fused2,24,213889
sample,256,128,fused2,25,209463
sample,256,128,fused2,26,362591
sample,256,128,fused2,27,217980
sample,256,128,fused2,28,217166
sample,256,128,fused2,29,266537
measured,256,128,tile8,4096,16384,5,30,6,187887,204879,4c67926a9205d7b4,956299587c8af4b4,none,none
sample,256,128,tile8,0,188897
sample,256,128,tile8,1,188213
sample,256,128,tile8,2,203500
sample,256,128,tile8,3,218305
sample,256,128,tile8,4,188713
sample,256,128,tile8,5,182841
sample,256,128,tile8,6,184055
sample,256,128,tile8,7,187787
sample,256,128,tile8,8,182962
sample,256,128,tile8,9,181240
sample,256,128,tile8,10,187879
sample,256,128,tile8,11,187887
sample,256,128,tile8,12,189480
sample,256,128,tile8,13,186454
sample,256,128,tile8,14,187630
sample,256,128,tile8,15,191545
sample,256,128,tile8,16,186536
sample,256,128,tile8,17,189000
sample,256,128,tile8,18,187250
sample,256,128,tile8,19,191666
sample,256,128,tile8,20,191073
sample,256,128,tile8,21,184028
sample,256,128,tile8,22,186295
sample,256,128,tile8,23,187824
sample,256,128,tile8,24,188564
sample,256,128,tile8,25,187676
sample,256,128,tile8,26,199193
sample,256,128,tile8,27,188315
sample,256,128,tile8,28,204879
sample,256,128,tile8,29,192732
measured,256,512,vec4,16384,65536,5,30,8,248564,280351,38bbe1f688e24d78,1c8bb372f8f1302e,none,none
sample,256,512,vec4,0,240500
sample,256,512,vec4,1,240730
sample,256,512,vec4,2,241777
sample,256,512,vec4,3,241101
sample,256,512,vec4,4,241676
sample,256,512,vec4,5,248213
sample,256,512,vec4,6,252315
sample,256,512,vec4,7,241869
sample,256,512,vec4,8,248925
sample,256,512,vec4,9,244814
sample,256,512,vec4,10,244916
sample,256,512,vec4,11,260777
sample,256,512,vec4,12,280351
sample,256,512,vec4,13,247731
sample,256,512,vec4,14,243091
sample,256,512,vec4,15,244194
sample,256,512,vec4,16,247759
sample,256,512,vec4,17,251332
sample,256,512,vec4,18,248416
sample,256,512,vec4,19,259398
sample,256,512,vec4,20,322480
sample,256,512,vec4,21,251269
sample,256,512,vec4,22,254434
sample,256,512,vec4,23,252815
sample,256,512,vec4,24,250416
sample,256,512,vec4,25,256897
sample,256,512,vec4,26,248564
sample,256,512,vec4,27,261249
sample,256,512,vec4,28,255230
sample,256,512,vec4,29,260749
measured,256,512,fused2,16384,65536,5,30,7,224962,270684,38bbe1f688e24d78,1c8bb372f8f1302e,none,none
sample,256,512,fused2,0,222370
sample,256,512,fused2,1,219833
sample,256,512,fused2,2,220073
sample,256,512,fused2,3,219463
sample,256,512,fused2,4,219258
sample,256,512,fused2,5,219230
sample,256,512,fused2,6,223148
sample,256,512,fused2,7,223018
sample,256,512,fused2,8,219638
sample,256,512,fused2,9,224112
sample,256,512,fused2,10,221647
sample,256,512,fused2,11,270684
sample,256,512,fused2,12,240175
sample,256,512,fused2,13,223304
sample,256,512,fused2,14,218851
sample,256,512,fused2,15,219184
sample,256,512,fused2,16,483442
sample,256,512,fused2,17,226852
sample,256,512,fused2,18,232064
sample,256,512,fused2,19,228231
sample,256,512,fused2,20,229304
sample,256,512,fused2,21,246388
sample,256,512,fused2,22,228481
sample,256,512,fused2,23,228324
sample,256,512,fused2,24,237638
sample,256,512,fused2,25,226436
sample,256,512,fused2,26,224962
sample,256,512,fused2,27,236092
sample,256,512,fused2,28,234278
sample,256,512,fused2,29,231184
measured,256,512,tile8,16384,65536,5,30,6,200721,218916,38bbe1f688e24d78,1c8bb372f8f1302e,none,none
sample,256,512,tile8,0,196527
sample,256,512,tile8,1,195963
sample,256,512,tile8,2,195721
sample,256,512,tile8,3,194638
sample,256,512,tile8,4,193703
sample,256,512,tile8,5,193823
sample,256,512,tile8,6,197101
sample,256,512,tile8,7,196778
sample,256,512,tile8,8,199758
sample,256,512,tile8,9,198065
sample,256,512,tile8,10,197333
sample,256,512,tile8,11,200018
sample,256,512,tile8,12,200721
sample,256,512,tile8,13,206259
sample,256,512,tile8,14,195972
sample,256,512,tile8,15,194712
sample,256,512,tile8,16,204694
sample,256,512,tile8,17,217111
sample,256,512,tile8,18,210314
sample,256,512,tile8,19,206463
sample,256,512,tile8,20,218916
sample,256,512,tile8,21,225722
sample,256,512,tile8,22,200961
sample,256,512,tile8,23,202693
sample,256,512,tile8,24,204739
sample,256,512,tile8,25,201555
sample,256,512,tile8,26,201536
sample,256,512,tile8,27,208000
sample,256,512,tile8,28,205536
sample,256,512,tile8,29,205695
measured,256,2048,vec4,65536,262144,5,30,8,277684,329073,c9e538e9f9dccedd,259153fc2c7bc4e7,none,none
sample,256,2048,vec4,0,261981
sample,256,2048,vec4,1,263046
sample,256,2048,vec4,2,264008
sample,256,2048,vec4,3,266750
sample,256,2048,vec4,4,276304
sample,256,2048,vec4,5,273434
sample,256,2048,vec4,6,289462
sample,256,2048,vec4,7,329073
sample,256,2048,vec4,8,265916
sample,256,2048,vec4,9,268666
sample,256,2048,vec4,10,271740
sample,256,2048,vec4,11,270703
sample,256,2048,vec4,12,269323
sample,256,2048,vec4,13,272740
sample,256,2048,vec4,14,278971
sample,256,2048,vec4,15,279665
sample,256,2048,vec4,16,277342
sample,256,2048,vec4,17,277851
sample,256,2048,vec4,18,274925
sample,256,2048,vec4,19,281536
sample,256,2048,vec4,20,281610
sample,256,2048,vec4,21,277684
sample,256,2048,vec4,22,282509
sample,256,2048,vec4,23,283361
sample,256,2048,vec4,24,281934
sample,256,2048,vec4,25,280481
sample,256,2048,vec4,26,288434
sample,256,2048,vec4,27,381156
sample,256,2048,vec4,28,315944
sample,256,2048,vec4,29,286739
measured,256,2048,fused2,65536,262144,5,30,7,251713,262676,c9e538e9f9dccedd,259153fc2c7bc4e7,none,none
sample,256,2048,fused2,0,236546
sample,256,2048,fused2,1,251713
sample,256,2048,fused2,2,237917
sample,256,2048,fused2,3,237805
sample,256,2048,fused2,4,244759
sample,256,2048,fused2,5,244481
sample,256,2048,fused2,6,246443
sample,256,2048,fused2,7,248842
sample,256,2048,fused2,8,241833
sample,256,2048,fused2,9,245952
sample,256,2048,fused2,10,245074
sample,256,2048,fused2,11,243165
sample,256,2048,fused2,12,242795
sample,256,2048,fused2,13,258490
sample,256,2048,fused2,14,250499
sample,256,2048,fused2,15,253388
sample,256,2048,fused2,16,252860
sample,256,2048,fused2,17,249749
sample,256,2048,fused2,18,257546
sample,256,2048,fused2,19,255786
sample,256,2048,fused2,20,298499
sample,256,2048,fused2,21,252193
sample,256,2048,fused2,22,255277
sample,256,2048,fused2,23,257389
sample,256,2048,fused2,24,253999
sample,256,2048,fused2,25,258212
sample,256,2048,fused2,26,257999
sample,256,2048,fused2,27,258278
sample,256,2048,fused2,28,262676
sample,256,2048,fused2,29,258869
measured,256,2048,tile8,65536,262144,5,30,6,227351,239593,c9e538e9f9dccedd,259153fc2c7bc4e7,none,none
sample,256,2048,tile8,0,216332
sample,256,2048,tile8,1,218426
sample,256,2048,tile8,2,219360
sample,256,2048,tile8,3,218195
sample,256,2048,tile8,4,220093
sample,256,2048,tile8,5,222323
sample,256,2048,tile8,6,225306
sample,256,2048,tile8,7,222121
sample,256,2048,tile8,8,219907
sample,256,2048,tile8,9,222767
sample,256,2048,tile8,10,224963
sample,256,2048,tile8,11,222712
sample,256,2048,tile8,12,226639
sample,256,2048,tile8,13,224731
sample,256,2048,tile8,14,227351
sample,256,2048,tile8,15,229305
sample,256,2048,tile8,16,227878
sample,256,2048,tile8,17,229509
sample,256,2048,tile8,18,230268
sample,256,2048,tile8,19,239341
sample,256,2048,tile8,20,241452
sample,256,2048,tile8,21,232082
sample,256,2048,tile8,22,231304
sample,256,2048,tile8,23,232926
sample,256,2048,tile8,24,233472
sample,256,2048,tile8,25,234222
sample,256,2048,tile8,26,236787
sample,256,2048,tile8,27,235842
sample,256,2048,tile8,28,237102
sample,256,2048,tile8,29,239593
measured,1024,128,vec4,16384,65536,5,30,10,375435,420146,26abf5bddd03bbc5,79acd556594188cd,none,none
sample,1024,128,vec4,0,358953
sample,1024,128,vec4,1,356462
sample,1024,128,vec4,2,361008
sample,1024,128,vec4,3,352860
sample,1024,128,vec4,4,353453
sample,1024,128,vec4,5,362175
sample,1024,128,vec4,6,370342
sample,1024,128,vec4,7,368722
sample,1024,128,vec4,8,375046
sample,1024,128,vec4,9,362851
sample,1024,128,vec4,10,366925
sample,1024,128,vec4,11,366554
sample,1024,128,vec4,12,367573
sample,1024,128,vec4,13,377824
sample,1024,128,vec4,14,375435
sample,1024,128,vec4,15,377379
sample,1024,128,vec4,16,375397
sample,1024,128,vec4,17,385592
sample,1024,128,vec4,18,420146
sample,1024,128,vec4,19,383221
sample,1024,128,vec4,20,380638
sample,1024,128,vec4,21,377563
sample,1024,128,vec4,22,383915
sample,1024,128,vec4,23,390444
sample,1024,128,vec4,24,394897
sample,1024,128,vec4,25,424693
sample,1024,128,vec4,26,389332
sample,1024,128,vec4,27,387601
sample,1024,128,vec4,28,399989
sample,1024,128,vec4,29,398628
measured,1024,128,fused2,16384,65536,5,30,9,350138,396546,26abf5bddd03bbc5,79acd556594188cd,none,none
sample,1024,128,fused2,0,330397
sample,1024,128,fused2,1,381341
sample,1024,128,fused2,2,390526
sample,1024,128,fused2,3,331203
sample,1024,128,fused2,4,347897
sample,1024,128,fused2,5,332657
sample,1024,128,fused2,6,350138
sample,1024,128,fused2,7,346638
sample,1024,128,fused2,8,396546
sample,1024,128,fused2,9,341369
sample,1024,128,fused2,10,343629
sample,1024,128,fused2,11,347472
sample,1024,128,fused2,12,345342
sample,1024,128,fused2,13,344138
sample,1024,128,fused2,14,346296
sample,1024,128,fused2,15,345416
sample,1024,128,fused2,16,344545
sample,1024,128,fused2,17,352999
sample,1024,128,fused2,18,370656
sample,1024,128,fused2,19,349804
sample,1024,128,fused2,20,350166
sample,1024,128,fused2,21,350157
sample,1024,128,fused2,22,354656
sample,1024,128,fused2,23,369082
sample,1024,128,fused2,24,396805
sample,1024,128,fused2,25,357313
sample,1024,128,fused2,26,353860
sample,1024,128,fused2,27,361305
sample,1024,128,fused2,28,368721
sample,1024,128,fused2,29,368499
measured,1024,128,tile8,16384,65536,5,30,8,311999,363925,26abf5bddd03bbc5,79acd556594188cd,none,none
sample,1024,128,tile8,0,297916
sample,1024,128,tile8,1,368628
sample,1024,128,tile8,2,298934
sample,1024,128,tile8,3,295018
sample,1024,128,tile8,4,295453
sample,1024,128,tile8,5,301147
sample,1024,128,tile8,6,329398
sample,1024,128,tile8,7,311629
sample,1024,128,tile8,8,363925
sample,1024,128,tile8,9,302379
sample,1024,128,tile8,10,307063
sample,1024,128,tile8,11,309129
sample,1024,128,tile8,12,311564
sample,1024,128,tile8,13,311999
sample,1024,128,tile8,14,321573
sample,1024,128,tile8,15,310009
sample,1024,128,tile8,16,310786
sample,1024,128,tile8,17,317563
sample,1024,128,tile8,18,327249
sample,1024,128,tile8,19,314805
sample,1024,128,tile8,20,311823
sample,1024,128,tile8,21,311610
sample,1024,128,tile8,22,312527
sample,1024,128,tile8,23,323582
sample,1024,128,tile8,24,327740
sample,1024,128,tile8,25,330026
sample,1024,128,tile8,26,320666
sample,1024,128,tile8,27,321564
sample,1024,128,tile8,28,329934
sample,1024,128,tile8,29,331573
measured,1024,512,vec4,65536,262144,5,30,10,411666,430193,0949b62ffc70d026,7663f0c9d3466943,none,none
sample,1024,512,vec4,0,409369
sample,1024,512,vec4,1,416555
sample,1024,512,vec4,2,403685
sample,1024,512,vec4,3,399832
sample,1024,512,vec4,4,408480
sample,1024,512,vec4,5,406712
sample,1024,512,vec4,6,404277
sample,1024,512,vec4,7,598609
sample,1024,512,vec4,8,421812
sample,1024,512,vec4,9,401055
sample,1024,512,vec4,10,396740
sample,1024,512,vec4,11,397314
sample,1024,512,vec4,12,397276
sample,1024,512,vec4,13,406369
sample,1024,512,vec4,14,414582
sample,1024,512,vec4,15,411877
sample,1024,512,vec4,16,416017
sample,1024,512,vec4,17,408555
sample,1024,512,vec4,18,407314
sample,1024,512,vec4,19,418665
sample,1024,512,vec4,20,412119
sample,1024,512,vec4,21,414304
sample,1024,512,vec4,22,416555
sample,1024,512,vec4,23,412433
sample,1024,512,vec4,24,411666
sample,1024,512,vec4,25,430193
sample,1024,512,vec4,26,412499
sample,1024,512,vec4,27,427943
sample,1024,512,vec4,28,408517
sample,1024,512,vec4,29,414027
measured,1024,512,fused2,65536,262144,5,30,9,378472,434573,0949b62ffc70d026,7663f0c9d3466943,none,none
sample,1024,512,fused2,0,372481
sample,1024,512,fused2,1,378619
sample,1024,512,fused2,2,384073
sample,1024,512,fused2,3,378472
sample,1024,512,fused2,4,376443
sample,1024,512,fused2,5,378554
sample,1024,512,fused2,6,377545
sample,1024,512,fused2,7,394063
sample,1024,512,fused2,8,434573
sample,1024,512,fused2,9,417768
sample,1024,512,fused2,10,377665
sample,1024,512,fused2,11,376296
sample,1024,512,fused2,12,364989
sample,1024,512,fused2,13,374601
sample,1024,512,fused2,14,374842
sample,1024,512,fused2,15,373638
sample,1024,512,fused2,16,387739
sample,1024,512,fused2,17,374573
sample,1024,512,fused2,18,376629
sample,1024,512,fused2,19,377314
sample,1024,512,fused2,20,381008
sample,1024,512,fused2,21,380795
sample,1024,512,fused2,22,379157
sample,1024,512,fused2,23,380119
sample,1024,512,fused2,24,376971
sample,1024,512,fused2,25,378907
sample,1024,512,fused2,26,375721
sample,1024,512,fused2,27,613916
sample,1024,512,fused2,28,379684
sample,1024,512,fused2,29,379851
measured,1024,512,tile8,65536,262144,5,30,8,346962,397971,0949b62ffc70d026,7663f0c9d3466943,none,none
sample,1024,512,tile8,0,342619
sample,1024,512,tile8,1,345388
sample,1024,512,tile8,2,368536
sample,1024,512,tile8,3,403129
sample,1024,512,tile8,4,333221
sample,1024,512,tile8,5,345212
sample,1024,512,tile8,6,345166
sample,1024,512,tile8,7,373073
sample,1024,512,tile8,8,354444
sample,1024,512,tile8,9,343999
sample,1024,512,tile8,10,361787
sample,1024,512,tile8,11,346601
sample,1024,512,tile8,12,341981
sample,1024,512,tile8,13,335184
sample,1024,512,tile8,14,345823
sample,1024,512,tile8,15,397971
sample,1024,512,tile8,16,379045
sample,1024,512,tile8,17,356453
sample,1024,512,tile8,18,343564
sample,1024,512,tile8,19,343684
sample,1024,512,tile8,20,349591
sample,1024,512,tile8,21,347628
sample,1024,512,tile8,22,354203
sample,1024,512,tile8,23,344953
sample,1024,512,tile8,24,349036
sample,1024,512,tile8,25,366592
sample,1024,512,tile8,26,346962
sample,1024,512,tile8,27,379573
sample,1024,512,tile8,28,344230
sample,1024,512,tile8,29,347592
measured,1024,2048,vec4,262144,1048576,5,30,10,421398,436860,2d4a1c573b9665e7,d32c613321b43c7f,none,none
sample,1024,2048,vec4,0,418407
sample,1024,2048,vec4,1,436860
sample,1024,2048,vec4,2,417619
sample,1024,2048,vec4,3,414017
sample,1024,2048,vec4,4,418388
sample,1024,2048,vec4,5,421462
sample,1024,2048,vec4,6,422239
sample,1024,2048,vec4,7,426313
sample,1024,2048,vec4,8,411989
sample,1024,2048,vec4,9,414453
sample,1024,2048,vec4,10,422276
sample,1024,2048,vec4,11,431730
sample,1024,2048,vec4,12,435703
sample,1024,2048,vec4,13,421693
sample,1024,2048,vec4,14,420592
sample,1024,2048,vec4,15,422286
sample,1024,2048,vec4,16,410860
sample,1024,2048,vec4,17,421684
sample,1024,2048,vec4,18,414703
sample,1024,2048,vec4,19,420378
sample,1024,2048,vec4,20,439628
sample,1024,2048,vec4,21,416138
sample,1024,2048,vec4,22,410768
sample,1024,2048,vec4,23,410544
sample,1024,2048,vec4,24,421398
sample,1024,2048,vec4,25,429684
sample,1024,2048,vec4,26,426286
sample,1024,2048,vec4,27,421990
sample,1024,2048,vec4,28,422091
sample,1024,2048,vec4,29,420082
measured,1024,2048,fused2,262144,1048576,5,30,9,386425,427713,2d4a1c573b9665e7,d32c613321b43c7f,none,none
sample,1024,2048,fused2,0,387795
sample,1024,2048,fused2,1,385008
sample,1024,2048,fused2,2,386120
sample,1024,2048,fused2,3,383091
sample,1024,2048,fused2,4,387240
sample,1024,2048,fused2,5,383573
sample,1024,2048,fused2,6,427713
sample,1024,2048,fused2,7,381648
sample,1024,2048,fused2,8,378045
sample,1024,2048,fused2,9,377915
sample,1024,2048,fused2,10,385554
sample,1024,2048,fused2,11,391776
sample,1024,2048,fused2,12,390240
sample,1024,2048,fused2,13,386776
sample,1024,2048,fused2,14,382036
sample,1024,2048,fused2,15,396592
sample,1024,2048,fused2,16,382397
sample,1024,2048,fused2,17,388832
sample,1024,2048,fused2,18,380518
sample,1024,2048,fused2,19,382258
sample,1024,2048,fused2,20,385222
sample,1024,2048,fused2,21,450007
sample,1024,2048,fused2,22,388527
sample,1024,2048,fused2,23,387888
sample,1024,2048,fused2,24,389554
sample,1024,2048,fused2,25,387629
sample,1024,2048,fused2,26,389610
sample,1024,2048,fused2,27,386925
sample,1024,2048,fused2,28,386425
sample,1024,2048,fused2,29,385758
measured,1024,2048,tile8,262144,1048576,5,30,8,366823,404944,2d4a1c573b9665e7,d32c613321b43c7f,none,none
sample,1024,2048,tile8,0,444073
sample,1024,2048,tile8,1,367675
sample,1024,2048,tile8,2,366276
sample,1024,2048,tile8,3,365221
sample,1024,2048,tile8,4,362999
sample,1024,2048,tile8,5,371906
sample,1024,2048,tile8,6,379638
sample,1024,2048,tile8,7,364730
sample,1024,2048,tile8,8,361962
sample,1024,2048,tile8,9,361721
sample,1024,2048,tile8,10,365046
sample,1024,2048,tile8,11,365055
sample,1024,2048,tile8,12,366823
sample,1024,2048,tile8,13,369425
sample,1024,2048,tile8,14,381896
sample,1024,2048,tile8,15,404944
sample,1024,2048,tile8,16,362351
sample,1024,2048,tile8,17,365073
sample,1024,2048,tile8,18,368017
sample,1024,2048,tile8,19,367823
sample,1024,2048,tile8,20,375508
sample,1024,2048,tile8,21,374545
sample,1024,2048,tile8,22,360916
sample,1024,2048,tile8,23,363675
sample,1024,2048,tile8,24,369536
sample,1024,2048,tile8,25,367776
sample,1024,2048,tile8,26,367832
sample,1024,2048,tile8,27,363027
sample,1024,2048,tile8,28,362740
sample,1024,2048,tile8,29,384620
measured,4096,128,vec4,65536,262144,5,30,12,481952,517934,d878e557b6daedce,8cc85ceb09c8efed,none,none
sample,4096,128,vec4,0,485230
sample,4096,128,vec4,1,493749
sample,4096,128,vec4,2,517934
sample,4096,128,vec4,3,497665
sample,4096,128,vec4,4,480711
sample,4096,128,vec4,5,479267
sample,4096,128,vec4,6,475351
sample,4096,128,vec4,7,481952
sample,4096,128,vec4,8,481989
sample,4096,128,vec4,9,481878
sample,4096,128,vec4,10,485082
sample,4096,128,vec4,11,518470
sample,4096,128,vec4,12,488591
sample,4096,128,vec4,13,477249
sample,4096,128,vec4,14,474592
sample,4096,128,vec4,15,490165
sample,4096,128,vec4,16,490582
sample,4096,128,vec4,17,477647
sample,4096,128,vec4,18,474998
sample,4096,128,vec4,19,475721
sample,4096,128,vec4,20,483703
sample,4096,128,vec4,21,479388
sample,4096,128,vec4,22,483185
sample,4096,128,vec4,23,483147
sample,4096,128,vec4,24,482692
sample,4096,128,vec4,25,473990
sample,4096,128,vec4,26,477490
sample,4096,128,vec4,27,481027
sample,4096,128,vec4,28,476620
sample,4096,128,vec4,29,484027
measured,4096,128,fused2,65536,262144,5,30,11,448656,500396,d878e557b6daedce,8cc85ceb09c8efed,none,none
sample,4096,128,fused2,0,454379
sample,4096,128,fused2,1,455518
sample,4096,128,fused2,2,449489
sample,4096,128,fused2,3,453360
sample,4096,128,fused2,4,445212
sample,4096,128,fused2,5,442119
sample,4096,128,fused2,6,442731
sample,4096,128,fused2,7,449887
sample,4096,128,fused2,8,448656
sample,4096,128,fused2,9,448248
sample,4096,128,fused2,10,451304
sample,4096,128,fused2,11,463157
sample,4096,128,fused2,12,446860
sample,4096,128,fused2,13,453916
sample,4096,128,fused2,14,442499
sample,4096,128,fused2,15,442749
sample,4096,128,fused2,16,500396
sample,4096,128,fused2,17,451303
sample,4096,128,fused2,18,447796
sample,4096,128,fused2,19,451017
sample,4096,128,fused2,20,447406
sample,4096,128,fused2,21,448203
sample,4096,128,fused2,22,448387
sample,4096,128,fused2,23,446749
sample,4096,128,fused2,24,506138
sample,4096,128,fused2,25,442147
sample,4096,128,fused2,26,449415
sample,4096,128,fused2,27,451341
sample,4096,128,fused2,28,448767
sample,4096,128,fused2,29,447554
measured,4096,128,tile8,65536,262144,5,30,10,417536,445220,d878e557b6daedce,8cc85ceb09c8efed,none,none
sample,4096,128,tile8,0,426657
sample,4096,128,tile8,1,423850
sample,4096,128,tile8,2,427962
sample,4096,128,tile8,3,492675
sample,4096,128,tile8,4,419675
sample,4096,128,tile8,5,413165
sample,4096,128,tile8,6,414499
sample,4096,128,tile8,7,417573
sample,4096,128,tile8,8,419758
sample,4096,128,tile8,9,418222
sample,4096,128,tile8,10,415739
sample,4096,128,tile8,11,445220
sample,4096,128,tile8,12,413916
sample,4096,128,tile8,13,410989
sample,4096,128,tile8,14,413397
sample,4096,128,tile8,15,424758
sample,4096,128,tile8,16,421591
sample,4096,128,tile8,17,427230
sample,4096,128,tile8,18,416999
sample,4096,128,tile8,19,413870
sample,4096,128,tile8,20,416748
sample,4096,128,tile8,21,429952
sample,4096,128,tile8,22,418804
sample,4096,128,tile8,23,414295
sample,4096,128,tile8,24,416517
sample,4096,128,tile8,25,412953
sample,4096,128,tile8,26,415249
sample,4096,128,tile8,27,417536
sample,4096,128,tile8,28,417527
sample,4096,128,tile8,29,421378
measured,4096,512,vec4,262144,1048576,5,30,12,493777,510174,07e875993970433c,207dceeda1be3f5b,none,none
sample,4096,512,vec4,0,488758
sample,4096,512,vec4,1,491833
sample,4096,512,vec4,2,494064
sample,4096,512,vec4,3,506646
sample,4096,512,vec4,4,492193
sample,4096,512,vec4,5,501342
sample,4096,512,vec4,6,500554
sample,4096,512,vec4,7,494460
sample,4096,512,vec4,8,501314
sample,4096,512,vec4,9,487425
sample,4096,512,vec4,10,492120
sample,4096,512,vec4,11,490331
sample,4096,512,vec4,12,485638
sample,4096,512,vec4,13,485619
sample,4096,512,vec4,14,491286
sample,4096,512,vec4,15,510174
sample,4096,512,vec4,16,495488
sample,4096,512,vec4,17,504128
sample,4096,512,vec4,18,515970
sample,4096,512,vec4,19,496174
sample,4096,512,vec4,20,500453
sample,4096,512,vec4,21,493675
sample,4096,512,vec4,22,498184
sample,4096,512,vec4,23,492572
sample,4096,512,vec4,24,482740
sample,4096,512,vec4,25,487888
sample,4096,512,vec4,26,496526
sample,4096,512,vec4,27,490267
sample,4096,512,vec4,28,493777
sample,4096,512,vec4,29,495101
measured,4096,512,fused2,262144,1048576,5,30,11,457064,499869,07e875993970433c,207dceeda1be3f5b,none,none
sample,4096,512,fused2,0,446055
sample,4096,512,fused2,1,458897
sample,4096,512,fused2,2,459665
sample,4096,512,fused2,3,471462
sample,4096,512,fused2,4,463990
sample,4096,512,fused2,5,457841
sample,4096,512,fused2,6,516739
sample,4096,512,fused2,7,449619
sample,4096,512,fused2,8,454294
sample,4096,512,fused2,9,450360
sample,4096,512,fused2,10,499869
sample,4096,512,fused2,11,483887
sample,4096,512,fused2,12,456064
sample,4096,512,fused2,13,451239
sample,4096,512,fused2,14,451618
sample,4096,512,fused2,15,462979
sample,4096,512,fused2,16,458527
sample,4096,512,fused2,17,465564
sample,4096,512,fused2,18,466443
sample,4096,512,fused2,19,454175
sample,4096,512,fused2,20,451083
sample,4096,512,fused2,21,449990
sample,4096,512,fused2,22,467304
sample,4096,512,fused2,23,487879
sample,4096,512,fused2,24,453767
sample,4096,512,fused2,25,452101
sample,4096,512,fused2,26,454118
sample,4096,512,fused2,27,450035
sample,4096,512,fused2,28,457064
sample,4096,512,fused2,29,458518
measured,4096,512,tile8,262144,1048576,5,30,10,440396,476545,07e875993970433c,207dceeda1be3f5b,none,none
sample,4096,512,tile8,0,429638
sample,4096,512,tile8,1,433859
sample,4096,512,tile8,2,442129
sample,4096,512,tile8,3,461684
sample,4096,512,tile8,4,440156
sample,4096,512,tile8,5,444721
sample,4096,512,tile8,6,443786
sample,4096,512,tile8,7,434119
sample,4096,512,tile8,8,440396
sample,4096,512,tile8,9,434646
sample,4096,512,tile8,10,432258
sample,4096,512,tile8,11,462710
sample,4096,512,tile8,12,435813
sample,4096,512,tile8,13,440155
sample,4096,512,tile8,14,440721
sample,4096,512,tile8,15,443702
sample,4096,512,tile8,16,444128
sample,4096,512,tile8,17,440296
sample,4096,512,tile8,18,476545
sample,4096,512,tile8,19,436481
sample,4096,512,tile8,20,433434
sample,4096,512,tile8,21,432369
sample,4096,512,tile8,22,443433
sample,4096,512,tile8,23,494035
sample,4096,512,tile8,24,430036
sample,4096,512,tile8,25,434202
sample,4096,512,tile8,26,442499
sample,4096,512,tile8,27,444092
sample,4096,512,tile8,28,441499
sample,4096,512,tile8,29,441416
