benchmark=pvp3d_three_candidate_same_device
source_revision=50c0230cc645bd44f1520e2c7194878a4b13009c
adapter=NVIDIA Tegra NVIDIA Thor
backend=Vulkan
device_type=IntegratedGpu
vendor_id=4318
device_id=11008
driver=NVIDIA
driver_info=580.00
hardware_measurement_eligible=true
physical_admission=external_remoteops_evidence_required
performance_claim=none
primary_timing_scope=resident_encode_plus_queue_submit_plus_device_wait
state_reset_scope=completed_before_timer
correctness_readback_scope=before_and_after_timing
candidate_order=ABC_ACB_BAC_BCA_CAB_CBA
resident_payload_scope=source_plus_three_states_excludes_driver_uniforms_and_readback
status,k,g,candidate,state_bytes,resident_payload_bytes,warmups,repeats,logical_dispatches,p50_ns,p95_ns,input_checksum,output_checksum,skip_reason,performance_claim
measured,256,128,vec4,4096,16384,5,30,8,228128,259748,4c67926a9205d7b4,956299587c8af4b4,none,none
sample,256,128,vec4,0,229481
sample,256,128,vec4,1,232389
sample,256,128,vec4,2,224658
sample,256,128,vec4,3,224278
sample,256,128,vec4,4,228378
sample,256,128,vec4,5,223184
sample,256,128,vec4,6,225462
sample,256,128,vec4,7,227879
sample,256,128,vec4,8,222555
sample,256,128,vec4,9,224981
sample,256,128,vec4,10,223630
sample,256,128,vec4,11,223963
sample,256,128,vec4,12,225194
sample,256,128,vec4,13,223186
sample,256,128,vec4,14,228037
sample,256,128,vec4,15,226389
sample,256,128,vec4,16,234296
sample,256,128,vec4,17,229832
sample,256,128,vec4,18,284425
sample,256,128,vec4,19,252658
sample,256,128,vec4,20,227713
sample,256,128,vec4,21,236917
sample,256,128,vec4,22,231054
sample,256,128,vec4,23,239148
sample,256,128,vec4,24,228128
sample,256,128,vec4,25,229277
sample,256,128,vec4,26,259748
sample,256,128,vec4,27,242647
sample,256,128,vec4,28,234186
sample,256,128,vec4,29,233473
measured,256,128,fused2,4096,16384,5,30,7,206036,244491,4c67926a9205d7b4,956299587c8af4b4,none,none
sample,256,128,fused2,0,206045
sample,256,128,fused2,1,205731
sample,256,128,fused2,2,203138
sample,256,128,fused2,3,204119
sample,256,128,fused2,4,206036
sample,256,128,fused2,5,202518
sample,256,128,fused2,6,244491
sample,256,128,fused2,7,201313
sample,256,128,fused2,8,200010
sample,256,128,fused2,9,201897
sample,256,128,fused2,10,205315
sample,256,128,fused2,11,206546
sample,256,128,fused2,12,206906
sample,256,128,fused2,13,201230
sample,256,128,fused2,14,202860
sample,256,128,fused2,15,204897
sample,256,128,fused2,16,213406
sample,256,128,fused2,17,207528
sample,256,128,fused2,18,224240
sample,256,128,fused2,19,206712
sample,256,128,fused2,20,205277
sample,256,128,fused2,21,203138
sample,256,128,fused2,22,206370
sample,256,128,fused2,23,208620
sample,256,128,fused2,24,204554
sample,256,128,fused2,25,206185
sample,256,128,fused2,26,382314
sample,256,128,fused2,27,217462
sample,256,128,fused2,28,216398
sample,256,128,fused2,29,212045
measured,256,128,tile8,4096,16384,5,30,6,184916,207481,4c67926a9205d7b4,956299587c8af4b4,none,none
sample,256,128,tile8,0,183684
sample,256,128,tile8,1,184416
sample,256,128,tile8,2,184916
sample,256,128,tile8,3,180667
sample,256,128,tile8,4,183962
sample,256,128,tile8,5,182028
sample,256,128,tile8,6,188176
sample,256,128,tile8,7,238129
sample,256,128,tile8,8,184619
sample,256,128,tile8,9,180231
sample,256,128,tile8,10,182166
sample,256,128,tile8,11,180656
sample,256,128,tile8,12,182610
sample,256,128,tile8,13,180482
sample,256,128,tile8,14,181417
sample,256,128,tile8,15,187045
sample,256,128,tile8,16,187528
sample,256,128,tile8,17,185806
sample,256,128,tile8,18,207481
sample,256,128,tile8,19,181528
sample,256,128,tile8,20,185509
sample,256,128,tile8,21,186518
sample,256,128,tile8,22,187241
sample,256,128,tile8,23,185880
sample,256,128,tile8,24,186074
sample,256,128,tile8,25,184416
sample,256,128,tile8,26,193167
sample,256,128,tile8,27,192351
sample,256,128,tile8,28,190128
sample,256,128,tile8,29,191323
measured,256,512,vec4,16384,65536,5,30,8,247526,269332,38bbe1f688e24d78,1c8bb372f8f1302e,none,none
sample,256,512,vec4,0,235130
sample,256,512,vec4,1,269332
sample,256,512,vec4,2,234110
sample,256,512,vec4,3,237193
sample,256,512,vec4,4,244073
sample,256,512,vec4,5,238387
sample,256,512,vec4,6,235953
sample,256,512,vec4,7,239637
sample,256,512,vec4,8,247139
sample,256,512,vec4,9,247277
sample,256,512,vec4,10,241621
sample,256,512,vec4,11,238963
sample,256,512,vec4,12,245454
sample,256,512,vec4,13,244842
sample,256,512,vec4,14,251064
sample,256,512,vec4,15,247526
sample,256,512,vec4,16,242156
sample,256,512,vec4,17,252018
sample,256,512,vec4,18,253137
sample,256,512,vec4,19,247982
sample,256,512,vec4,20,248268
sample,256,512,vec4,21,249795
sample,256,512,vec4,22,251916
sample,256,512,vec4,23,254156
sample,256,512,vec4,24,251684
sample,256,512,vec4,25,283323
sample,256,512,vec4,26,251814
sample,256,512,vec4,27,256843
sample,256,512,vec4,28,254499
sample,256,512,vec4,29,252685
measured,256,512,fused2,16384,65536,5,30,7,224398,259175,38bbe1f688e24d78,1c8bb372f8f1302e,none,none
sample,256,512,fused2,0,226241
sample,256,512,fused2,1,213592
sample,256,512,fused2,2,213102
sample,256,512,fused2,3,214665
sample,256,512,fused2,4,216156
sample,256,512,fused2,5,212786
sample,256,512,fused2,6,217870
sample,256,512,fused2,7,213481
sample,256,512,fused2,8,217768
sample,256,512,fused2,9,259175
sample,256,512,fused2,10,217554
sample,256,512,fused2,11,215971
sample,256,512,fused2,12,219804
sample,256,512,fused2,13,223278
sample,256,512,fused2,14,224777
sample,256,512,fused2,15,230304
sample,256,512,fused2,16,490805
sample,256,512,fused2,17,227489
sample,256,512,fused2,18,225573
sample,256,512,fused2,19,225629
sample,256,512,fused2,20,223249
sample,256,512,fused2,21,227157
sample,256,512,fused2,22,225509
sample,256,512,fused2,23,224389
sample,256,512,fused2,24,255777
sample,256,512,fused2,25,226407
sample,256,512,fused2,26,224398
sample,256,512,fused2,27,226832
sample,256,512,fused2,28,229740
sample,256,512,fused2,29,236008
measured,256,512,tile8,16384,65536,5,30,6,200795,220250,38bbe1f688e24d78,1c8bb372f8f1302e,none,none
sample,256,512,tile8,0,200795
sample,256,512,tile8,1,213295
sample,256,512,tile8,2,193351
sample,256,512,tile8,3,189806
sample,256,512,tile8,4,197101
sample,256,512,tile8,5,191093
sample,256,512,tile8,6,196741
sample,256,512,tile8,7,192277
sample,256,512,tile8,8,201019
sample,256,512,tile8,9,205277
sample,256,512,tile8,10,196880
sample,256,512,tile8,11,192888
sample,256,512,tile8,12,196138
sample,256,512,tile8,13,196324
sample,256,512,tile8,14,202296
sample,256,512,tile8,15,197314
sample,256,512,tile8,16,200406
sample,256,512,tile8,17,220250
sample,256,512,tile8,18,201481
sample,256,512,tile8,19,202666
sample,256,512,tile8,20,199102
sample,256,512,tile8,21,202342
sample,256,512,tile8,22,202018
sample,256,512,tile8,23,200417
sample,256,512,tile8,24,219527
sample,256,512,tile8,25,221508
sample,256,512,tile8,26,201267
sample,256,512,tile8,27,206434
sample,256,512,tile8,28,207750
sample,256,512,tile8,29,210564
measured,256,2048,vec4,65536,262144,5,30,8,272804,311824,c9e538e9f9dccedd,259153fc2c7bc4e7,none,none
sample,256,2048,vec4,0,263861
sample,256,2048,vec4,1,271804
sample,256,2048,vec4,2,264517
sample,256,2048,vec4,3,274286
sample,256,2048,vec4,4,264962
sample,256,2048,vec4,5,262703
sample,256,2048,vec4,6,261842
sample,256,2048,vec4,7,261425
sample,256,2048,vec4,8,265407
sample,256,2048,vec4,9,264434
sample,256,2048,vec4,10,311824
sample,256,2048,vec4,11,266804
sample,256,2048,vec4,12,265703
sample,256,2048,vec4,13,272804
sample,256,2048,vec4,14,273499
sample,256,2048,vec4,15,270193
sample,256,2048,vec4,16,318841
sample,256,2048,vec4,17,268537
sample,256,2048,vec4,18,273222
sample,256,2048,vec4,19,274989
sample,256,2048,vec4,20,278647
sample,256,2048,vec4,21,278212
sample,256,2048,vec4,22,277452
sample,256,2048,vec4,23,279971
sample,256,2048,vec4,24,277684
sample,256,2048,vec4,25,277824
sample,256,2048,vec4,26,285573
sample,256,2048,vec4,27,284009
sample,256,2048,vec4,28,286759
sample,256,2048,vec4,29,259212
measured,256,2048,fused2,65536,262144,5,30,7,241082,258952,c9e538e9f9dccedd,259153fc2c7bc4e7,none,none
sample,256,2048,fused2,0,241000
sample,256,2048,fused2,1,240138
sample,256,2048,fused2,2,235888
sample,256,2048,fused2,3,236776
sample,256,2048,fused2,4,241082
sample,256,2048,fused2,5,234491
sample,256,2048,fused2,6,236805
sample,256,2048,fused2,7,238546
sample,256,2048,fused2,8,240991
sample,256,2048,fused2,9,238860
sample,256,2048,fused2,10,253306
sample,256,2048,fused2,11,273203
sample,256,2048,fused2,12,238434
sample,256,2048,fused2,13,241870
sample,256,2048,fused2,14,240370
sample,256,2048,fused2,15,241082
sample,256,2048,fused2,16,258952
sample,256,2048,fused2,17,243787
sample,256,2048,fused2,18,246185
sample,256,2048,fused2,19,244351
sample,256,2048,fused2,20,244925
sample,256,2048,fused2,21,250945
sample,256,2048,fused2,22,250026
sample,256,2048,fused2,23,252249
sample,256,2048,fused2,24,250804
sample,256,2048,fused2,25,250944
sample,256,2048,fused2,26,250175
sample,256,2048,fused2,27,253693
sample,256,2048,fused2,28,237906
sample,256,2048,fused2,29,233805
measured,256,2048,tile8,65536,262144,5,30,6,222332,238435,c9e538e9f9dccedd,259153fc2c7bc4e7,none,none
sample,256,2048,tile8,0,219971
sample,256,2048,tile8,1,219934
sample,256,2048,tile8,2,219509
sample,256,2048,tile8,3,219758
sample,256,2048,tile8,4,216703
sample,256,2048,tile8,5,215546
sample,256,2048,tile8,6,215740
sample,256,2048,tile8,7,221804
sample,256,2048,tile8,8,219258
sample,256,2048,tile8,9,218758
sample,256,2048,tile8,10,216806
sample,256,2048,tile8,11,238435
sample,256,2048,tile8,12,219490
sample,256,2048,tile8,13,222184
sample,256,2048,tile8,14,224434
sample,256,2048,tile8,15,227156
sample,256,2048,tile8,16,222332
sample,256,2048,tile8,17,266452
sample,256,2048,tile8,18,224536
sample,256,2048,tile8,19,224536
sample,256,2048,tile8,20,229231
sample,256,2048,tile8,21,228194
sample,256,2048,tile8,22,227684
sample,256,2048,tile8,23,229397
sample,256,2048,tile8,24,227305
sample,256,2048,tile8,25,230972
sample,256,2048,tile8,26,232378
sample,256,2048,tile8,27,236360
sample,256,2048,tile8,28,234878
sample,256,2048,tile8,29,214130
measured,1024,128,vec4,16384,65536,5,30,10,280934,335147,26abf5bddd03bbc5,79acd556594188cd,none,none
sample,1024,128,vec4,0,315332
sample,1024,128,vec4,1,314212
sample,1024,128,vec4,2,312193
sample,1024,128,vec4,3,317304
sample,1024,128,vec4,4,315120
sample,1024,128,vec4,5,314055
sample,1024,128,vec4,6,314258
sample,1024,128,vec4,7,315471
sample,1024,128,vec4,8,312758
sample,1024,128,vec4,9,335147
sample,1024,128,vec4,10,816701
sample,1024,128,vec4,11,281462
sample,1024,128,vec4,12,276360
sample,1024,128,vec4,13,275093
sample,1024,128,vec4,14,274138
sample,1024,128,vec4,15,269925
sample,1024,128,vec4,16,269943
sample,1024,128,vec4,17,270712
sample,1024,128,vec4,18,313045
sample,1024,128,vec4,19,272472
sample,1024,128,vec4,20,270545
sample,1024,128,vec4,21,274500
sample,1024,128,vec4,22,302906
sample,1024,128,vec4,23,273018
sample,1024,128,vec4,24,275823
sample,1024,128,vec4,25,275925
sample,1024,128,vec4,26,276861
sample,1024,128,vec4,27,280934
sample,1024,128,vec4,28,278990
sample,1024,128,vec4,29,287314
measured,1024,128,fused2,16384,65536,5,30,9,265980,351397,26abf5bddd03bbc5,79acd556594188cd,none,none
sample,1024,128,fused2,0,298555
sample,1024,128,fused2,1,289286
sample,1024,128,fused2,2,288591
sample,1024,128,fused2,3,291934
sample,1024,128,fused2,4,294944
sample,1024,128,fused2,5,289869
sample,1024,128,fused2,6,291342
sample,1024,128,fused2,7,292582
sample,1024,128,fused2,8,287536
sample,1024,128,fused2,9,293693
sample,1024,128,fused2,10,463453
sample,1024,128,fused2,11,351397
sample,1024,128,fused2,12,255091
sample,1024,128,fused2,13,258351
sample,1024,128,fused2,14,251174
sample,1024,128,fused2,15,252508
sample,1024,128,fused2,16,251054
sample,1024,128,fused2,17,250462
sample,1024,128,fused2,18,253397
sample,1024,128,fused2,19,253546
sample,1024,128,fused2,20,252083
sample,1024,128,fused2,21,252851
sample,1024,128,fused2,22,265980
sample,1024,128,fused2,23,309786
sample,1024,128,fused2,24,253897
sample,1024,128,fused2,25,255472
sample,1024,128,fused2,26,253297
sample,1024,128,fused2,27,256110
sample,1024,128,fused2,28,343323
sample,1024,128,fused2,29,275036
measured,1024,128,tile8,16384,65536,5,30,8,233647,390461,26abf5bddd03bbc5,79acd556594188cd,none,none
sample,1024,128,tile8,0,260870
sample,1024,128,tile8,1,260065
sample,1024,128,tile8,2,274010
sample,1024,128,tile8,3,297630
sample,1024,128,tile8,4,306786
sample,1024,128,tile8,5,268027
sample,1024,128,tile8,6,273675
sample,1024,128,tile8,7,261563
sample,1024,128,tile8,8,266101
sample,1024,128,tile8,9,267823
sample,1024,128,tile8,10,519599
sample,1024,128,tile8,11,390461
sample,1024,128,tile8,12,231806
sample,1024,128,tile8,13,230389
sample,1024,128,tile8,14,230018
sample,1024,128,tile8,15,224962
sample,1024,128,tile8,16,225981
sample,1024,128,tile8,17,225287
sample,1024,128,tile8,18,233647
sample,1024,128,tile8,19,227380
sample,1024,128,tile8,20,227629
sample,1024,128,tile8,21,228435
sample,1024,128,tile8,22,227500
sample,1024,128,tile8,23,231629
sample,1024,128,tile8,24,227694
sample,1024,128,tile8,25,232119
sample,1024,128,tile8,26,231026
sample,1024,128,tile8,27,249777
sample,1024,128,tile8,28,271184
sample,1024,128,tile8,29,263443
measured,1024,512,vec4,65536,262144,5,30,10,337443,438563,0949b62ffc70d026,7663f0c9d3466943,none,none
sample,1024,512,vec4,0,319758
sample,1024,512,vec4,1,322796
sample,1024,512,vec4,2,321444
sample,1024,512,vec4,3,337656
sample,1024,512,vec4,4,336333
sample,1024,512,vec4,5,340471
sample,1024,512,vec4,6,337314
sample,1024,512,vec4,7,345629
sample,1024,512,vec4,8,337443
sample,1024,512,vec4,9,297666
sample,1024,512,vec4,10,279369
sample,1024,512,vec4,11,373129
sample,1024,512,vec4,12,362517
sample,1024,512,vec4,13,369157
sample,1024,512,vec4,14,379564
sample,1024,512,vec4,15,438563
sample,1024,512,vec4,16,320175
sample,1024,512,vec4,17,318888
sample,1024,512,vec4,18,318158
sample,1024,512,vec4,19,313055
sample,1024,512,vec4,20,312370
sample,1024,512,vec4,21,344221
sample,1024,512,vec4,22,342739
sample,1024,512,vec4,23,349017
sample,1024,512,vec4,24,345129
sample,1024,512,vec4,25,343536
sample,1024,512,vec4,26,314665
sample,1024,512,vec4,27,816221
sample,1024,512,vec4,28,348249
sample,1024,512,vec4,29,324860
measured,1024,512,fused2,65536,262144,5,30,9,301962,377480,0949b62ffc70d026,7663f0c9d3466943,none,none
sample,1024,512,fused2,0,300999
sample,1024,512,fused2,1,300268
sample,1024,512,fused2,2,295286
sample,1024,512,fused2,3,306240
sample,1024,512,fused2,4,311443
sample,1024,512,fused2,5,309037
sample,1024,512,fused2,6,309554
sample,1024,512,fused2,7,310388
sample,1024,512,fused2,8,309804
sample,1024,512,fused2,9,377480
sample,1024,512,fused2,10,258306
sample,1024,512,fused2,11,379656
sample,1024,512,fused2,12,341046
sample,1024,512,fused2,13,292212
sample,1024,512,fused2,14,287314
sample,1024,512,fused2,15,340814
sample,1024,512,fused2,16,289239
sample,1024,512,fused2,17,287443
sample,1024,512,fused2,18,289749
sample,1024,512,fused2,19,289527
sample,1024,512,fused2,20,285981
sample,1024,512,fused2,21,315157
sample,1024,512,fused2,22,316036
sample,1024,512,fused2,23,335203
sample,1024,512,fused2,24,315305
sample,1024,512,fused2,25,293915
sample,1024,512,fused2,26,290981
sample,1024,512,fused2,27,299906
sample,1024,512,fused2,28,307008
sample,1024,512,fused2,29,301962
measured,1024,512,tile8,65536,262144,5,30,8,284166,374277,0949b62ffc70d026,7663f0c9d3466943,none,none
sample,1024,512,tile8,0,275573
sample,1024,512,tile8,1,270656
sample,1024,512,tile8,2,272434
sample,1024,512,tile8,3,284703
sample,1024,512,tile8,4,285656
sample,1024,512,tile8,5,285546
sample,1024,512,tile8,6,284166
sample,1024,512,tile8,7,287629
sample,1024,512,tile8,8,286323
sample,1024,512,tile8,9,322990
sample,1024,512,tile8,10,241370
sample,1024,512,tile8,11,394869
sample,1024,512,tile8,12,307888
sample,1024,512,tile8,13,270064
sample,1024,512,tile8,14,278324
sample,1024,512,tile8,15,305601
sample,1024,512,tile8,16,276805
sample,1024,512,tile8,17,267490
sample,1024,512,tile8,18,265213
sample,1024,512,tile8,19,264935
sample,1024,512,tile8,20,266777
sample,1024,512,tile8,21,290425
sample,1024,512,tile8,22,292230
sample,1024,512,tile8,23,291610
sample,1024,512,tile8,24,291934
sample,1024,512,tile8,25,295620
sample,1024,512,tile8,26,272647
sample,1024,512,tile8,27,280092
sample,1024,512,tile8,28,374277
sample,1024,512,tile8,29,283408
measured,1024,2048,vec4,262144,1048576,5,30,10,400555,428369,2d4a1c573b9665e7,d32c613321b43c7f,none,none
sample,1024,2048,vec4,0,298703
sample,1024,2048,vec4,1,301286
sample,1024,2048,vec4,2,301639
sample,1024,2048,vec4,3,351442
sample,1024,2048,vec4,4,319101
sample,1024,2048,vec4,5,308666
sample,1024,2048,vec4,6,301378
sample,1024,2048,vec4,7,328888
sample,1024,2048,vec4,8,312175
sample,1024,2048,vec4,9,392276
sample,1024,2048,vec4,10,394165
sample,1024,2048,vec4,11,429916
sample,1024,2048,vec4,12,428369
sample,1024,2048,vec4,13,392092
sample,1024,2048,vec4,14,389971
sample,1024,2048,vec4,15,400555
sample,1024,2048,vec4,16,400379
sample,1024,2048,vec4,17,410703
sample,1024,2048,vec4,18,409148
sample,1024,2048,vec4,19,411878
sample,1024,2048,vec4,20,412368
sample,1024,2048,vec4,21,419304
sample,1024,2048,vec4,22,422934
sample,1024,2048,vec4,23,421193
sample,1024,2048,vec4,24,422249
sample,1024,2048,vec4,25,420888
sample,1024,2048,vec4,26,425804
sample,1024,2048,vec4,27,423722
sample,1024,2048,vec4,28,414712
sample,1024,2048,vec4,29,420925
measured,1024,2048,fused2,262144,1048576,5,30,9,364906,391980,2d4a1c573b9665e7,d32c613321b43c7f,none,none
sample,1024,2048,fused2,0,279980
sample,1024,2048,fused2,1,282175
sample,1024,2048,fused2,2,278953
sample,1024,2048,fused2,3,281638
sample,1024,2048,fused2,4,284943
sample,1024,2048,fused2,5,293704
sample,1024,2048,fused2,6,302008
sample,1024,2048,fused2,7,285360
sample,1024,2048,fused2,8,277952
sample,1024,2048,fused2,9,361879
sample,1024,2048,fused2,10,362267
sample,1024,2048,fused2,11,361555
sample,1024,2048,fused2,12,364906
sample,1024,2048,fused2,13,363230
sample,1024,2048,fused2,14,359906
sample,1024,2048,fused2,15,371211
sample,1024,2048,fused2,16,377332
sample,1024,2048,fused2,17,376665
sample,1024,2048,fused2,18,376351
sample,1024,2048,fused2,19,374008
sample,1024,2048,fused2,20,380110
sample,1024,2048,fused2,21,375592
sample,1024,2048,fused2,22,396546
sample,1024,2048,fused2,23,386999
sample,1024,2048,fused2,24,391980
sample,1024,2048,fused2,25,381156
sample,1024,2048,fused2,26,379823
sample,1024,2048,fused2,27,381722
sample,1024,2048,fused2,28,380369
sample,1024,2048,fused2,29,379776
measured,1024,2048,tile8,262144,1048576,5,30,8,350906,377776,2d4a1c573b9665e7,d32c613321b43c7f,none,none
sample,1024,2048,tile8,0,276323
sample,1024,2048,tile8,1,274148
sample,1024,2048,tile8,2,275204
sample,1024,2048,tile8,3,423166
sample,1024,2048,tile8,4,319647
sample,1024,2048,tile8,5,274111
sample,1024,2048,tile8,6,287258
sample,1024,2048,tile8,7,270249
sample,1024,2048,tile8,8,349370
sample,1024,2048,tile8,9,341804
sample,1024,2048,tile8,10,346221
sample,1024,2048,tile8,11,344100
sample,1024,2048,tile8,12,350721
sample,1024,2048,tile8,13,348481
sample,1024,2048,tile8,14,344249
sample,1024,2048,tile8,15,350906
sample,1024,2048,tile8,16,357110
sample,1024,2048,tile8,17,355638
sample,1024,2048,tile8,18,377776
sample,1024,2048,tile8,19,357453
sample,1024,2048,tile8,20,355583
sample,1024,2048,tile8,21,355119
sample,1024,2048,tile8,22,373776
sample,1024,2048,tile8,23,369155
sample,1024,2048,tile8,24,366295
sample,1024,2048,tile8,25,363925
sample,1024,2048,tile8,26,360471
sample,1024,2048,tile8,27,361378
sample,1024,2048,tile8,28,358601
sample,1024,2048,tile8,29,363323
measured,4096,128,vec4,65536,262144,5,30,12,484359,496323,d878e557b6daedce,8cc85ceb09c8efed,none,none
sample,4096,128,vec4,0,477462
sample,4096,128,vec4,1,481266
sample,4096,128,vec4,2,484998
sample,4096,128,vec4,3,488072
sample,4096,128,vec4,4,480388
sample,4096,128,vec4,5,484666
sample,4096,128,vec4,6,481183
sample,4096,128,vec4,7,483545
sample,4096,128,vec4,8,487405
sample,4096,128,vec4,9,485342
sample,4096,128,vec4,10,482406
sample,4096,128,vec4,11,475925
sample,4096,128,vec4,12,484665
sample,4096,128,vec4,13,486424
sample,4096,128,vec4,14,478665
sample,4096,128,vec4,15,484359
sample,4096,128,vec4,16,483646
sample,4096,128,vec4,17,485286
sample,4096,128,vec4,18,489341
sample,4096,128,vec4,19,485128
sample,4096,128,vec4,20,490350
sample,4096,128,vec4,21,476507
sample,4096,128,vec4,22,483359
sample,4096,128,vec4,23,482082
sample,4096,128,vec4,24,486368
sample,4096,128,vec4,25,496323
sample,4096,128,vec4,26,480090
sample,4096,128,vec4,27,501341
sample,4096,128,vec4,28,479888
sample,4096,128,vec4,29,489694
measured,4096,128,fused2,65536,262144,5,30,11,451507,466443,d878e557b6daedce,8cc85ceb09c8efed,none,none
sample,4096,128,fused2,0,448924
sample,4096,128,fused2,1,447748
sample,4096,128,fused2,2,450925
sample,4096,128,fused2,3,451507
sample,4096,128,fused2,4,466443
sample,4096,128,fused2,5,452498
sample,4096,128,fused2,6,449026
sample,4096,128,fused2,7,473897
sample,4096,128,fused2,8,453536
sample,4096,128,fused2,9,447776
sample,4096,128,fused2,10,449304
sample,4096,128,fused2,11,447971
sample,4096,128,fused2,12,464740
sample,4096,128,fused2,13,447627
sample,4096,128,fused2,14,450888
sample,4096,128,fused2,15,447164
sample,4096,128,fused2,16,454925
sample,4096,128,fused2,17,455018
sample,4096,128,fused2,18,452230
sample,4096,128,fused2,19,455203
sample,4096,128,fused2,20,461628
sample,4096,128,fused2,21,445795
sample,4096,128,fused2,22,460564
sample,4096,128,fused2,23,459693
sample,4096,128,fused2,24,455610
sample,4096,128,fused2,25,456768
sample,4096,128,fused2,26,447804
sample,4096,128,fused2,27,445914
sample,4096,128,fused2,28,456082
sample,4096,128,fused2,29,451165
measured,4096,128,tile8,65536,262144,5,30,10,421675,433221,d878e557b6daedce,8cc85ceb09c8efed,none,none
sample,4096,128,tile8,0,412796
sample,4096,128,tile8,1,416063
sample,4096,128,tile8,2,425416
sample,4096,128,tile8,3,420619
sample,4096,128,tile8,4,428471
sample,4096,128,tile8,5,421767
sample,4096,128,tile8,6,418990
sample,4096,128,tile8,7,441110
sample,4096,128,tile8,8,422350
sample,4096,128,tile8,9,421675
sample,4096,128,tile8,10,425712
sample,4096,128,tile8,11,415073
sample,4096,128,tile8,12,423499
sample,4096,128,tile8,13,419786
sample,4096,128,tile8,14,416731
sample,4096,128,tile8,15,418675
sample,4096,128,tile8,16,424462
sample,4096,128,tile8,17,422499
sample,4096,128,tile8,18,424259
sample,4096,128,tile8,19,420166
sample,4096,128,tile8,20,419953
sample,4096,128,tile8,21,416823
sample,4096,128,tile8,22,414046
sample,4096,128,tile8,23,427100
sample,4096,128,tile8,24,418868
sample,4096,128,tile8,25,428009
sample,4096,128,tile8,26,433221
sample,4096,128,tile8,27,414647
sample,4096,128,tile8,28,421805
sample,4096,128,tile8,29,424286
measured,4096,512,vec4,262144,1048576,5,30,12,501101,515379,07e875993970433c,207dceeda1be3f5b,none,none
sample,4096,512,vec4,0,503628
sample,4096,512,vec4,1,488712
sample,4096,512,vec4,2,501924
sample,4096,512,vec4,3,504573
sample,4096,512,vec4,4,505248
sample,4096,512,vec4,5,496980
sample,4096,512,vec4,6,514377
sample,4096,512,vec4,7,518026
sample,4096,512,vec4,8,491007
sample,4096,512,vec4,9,502350
sample,4096,512,vec4,10,500711
sample,4096,512,vec4,11,501101
sample,4096,512,vec4,12,501618
sample,4096,512,vec4,13,486470
sample,4096,512,vec4,14,515379
sample,4096,512,vec4,15,501276
sample,4096,512,vec4,16,505785
sample,4096,512,vec4,17,493527
sample,4096,512,vec4,18,488249
sample,4096,512,vec4,19,495915
sample,4096,512,vec4,20,495851
sample,4096,512,vec4,21,506933
sample,4096,512,vec4,22,499194
sample,4096,512,vec4,23,498803
sample,4096,512,vec4,24,511277
sample,4096,512,vec4,25,494768
sample,4096,512,vec4,26,488905
sample,4096,512,vec4,27,506684
sample,4096,512,vec4,28,493296
sample,4096,512,vec4,29,505332
measured,4096,512,fused2,262144,1048576,5,30,11,462610,471240,07e875993970433c,207dceeda1be3f5b,none,none
sample,4096,512,fused2,0,459462
sample,4096,512,fused2,1,454137
sample,4096,512,fused2,2,456341
sample,4096,512,fused2,3,458721
sample,4096,512,fused2,4,468730
sample,4096,512,fused2,5,462323
sample,4096,512,fused2,6,463999
sample,4096,512,fused2,7,463647
sample,4096,512,fused2,8,453979
sample,4096,512,fused2,9,464831
sample,4096,512,fused2,10,466387
sample,4096,512,fused2,11,462435
sample,4096,512,fused2,12,467610
sample,4096,512,fused2,13,452229
sample,4096,512,fused2,14,457656
sample,4096,512,fused2,15,468074
sample,4096,512,fused2,16,481091
sample,4096,512,fused2,17,465693
sample,4096,512,fused2,18,458730
sample,4096,512,fused2,19,451981
sample,4096,512,fused2,20,454887
sample,4096,512,fused2,21,463109
sample,4096,512,fused2,22,464970
sample,4096,512,fused2,23,464083
sample,4096,512,fused2,24,471240
sample,4096,512,fused2,25,462610
sample,4096,512,fused2,26,456582
sample,4096,512,fused2,27,460470
sample,4096,512,fused2,28,463999
sample,4096,512,fused2,29,463295
measured,4096,512,tile8,262144,1048576,5,30,10,443794,462396,07e875993970433c,207dceeda1be3f5b,none,none
sample,4096,512,tile8,0,439776
sample,4096,512,tile8,1,439184
sample,4096,512,tile8,2,443267
sample,4096,512,tile8,3,441414
sample,4096,512,tile8,4,453618
sample,4096,512,tile8,5,443794
sample,4096,512,tile8,6,447406
sample,4096,512,tile8,7,462396
sample,4096,512,tile8,8,440147
sample,4096,512,tile8,9,462285
sample,4096,512,tile8,10,445257
sample,4096,512,tile8,11,444248
sample,4096,512,tile8,12,436804
sample,4096,512,tile8,13,442888
sample,4096,512,tile8,14,458258
sample,4096,512,tile8,15,444406
sample,4096,512,tile8,16,444212
sample,4096,512,tile8,17,444286
sample,4096,512,tile8,18,440267
sample,4096,512,tile8,19,437767
sample,4096,512,tile8,20,442425
sample,4096,512,tile8,21,440703
sample,4096,512,tile8,22,445471
sample,4096,512,tile8,23,445360
sample,4096,512,tile8,24,444498
sample,4096,512,tile8,25,444452
sample,4096,512,tile8,26,438083
sample,4096,512,tile8,27,438453
sample,4096,512,tile8,28,442322
sample,4096,512,tile8,29,504970
measured,4096,2048,vec4,1048576,4194304,5,30,12,556489,567776,4143a88e49ed614b,e0842ad8f72c0c9f,none,none
sample,4096,2048,vec4,0,549203
sample,4096,2048,vec4,1,552720
sample,4096,2048,vec4,2,558888
sample,4096,2048,vec4,3,558388
sample,4096,2048,vec4,4,566859
sample,4096,2048,vec4,5,555461
sample,4096,2048,vec4,6,553026
sample,4096,2048,vec4,7,567536
sample,4096,2048,vec4,8,558480
sample,4096,2048,vec4,9,558081
sample,4096,2048,vec4,10,550258
sample,4096,2048,vec4,11,551776
sample,4096,2048,vec4,12,554295
sample,4096,2048,vec4,13,559869
sample,4096,2048,vec4,14,559628
sample,4096,2048,vec4,15,556489
sample,4096,2048,vec4,16,548786
sample,4096,2048,vec4,17,558785
sample,4096,2048,vec4,18,556220
sample,4096,2048,vec4,19,561276
sample,4096,2048,vec4,20,547240
sample,4096,2048,vec4,21,579748
sample,4096,2048,vec4,22,560090
sample,4096,2048,vec4,23,567776
sample,4096,2048,vec4,24,557267
sample,4096,2048,vec4,25,566480
sample,4096,2048,vec4,26,547405
sample,4096,2048,vec4,27,548351
sample,4096,2048,vec4,28,548962
sample,4096,2048,vec4,29,546276
measured,4096,2048,fused2,1048576,4194304,5,30,11,515999,522860,4143a88e49ed614b,e0842ad8f72c0c9f,none,none
sample,4096,2048,fused2,0,514322
sample,4096,2048,fused2,1,521239
sample,4096,2048,fused2,2,519924
sample,4096,2048,fused2,3,522295
sample,4096,2048,fused2,4,524794
sample,4096,2048,fused2,5,519572
sample,4096,2048,fused2,6,518146
sample,4096,2048,fused2,7,512397
sample,4096,2048,fused2,8,519073
sample,4096,2048,fused2,9,518896
sample,4096,2048,fused2,10,522860
sample,4096,2048,fused2,11,512036
sample,4096,2048,fused2,12,520035
sample,4096,2048,fused2,13,521850
sample,4096,2048,fused2,14,519091
sample,4096,2048,fused2,15,519424
sample,4096,2048,fused2,16,515999
sample,4096,2048,fused2,17,506035
sample,4096,2048,fused2,18,517720
sample,4096,2048,fused2,19,518055
sample,4096,2048,fused2,20,505083
sample,4096,2048,fused2,21,504184
sample,4096,2048,fused2,22,512850
sample,4096,2048,fused2,23,511193
sample,4096,2048,fused2,24,514758
sample,4096,2048,fused2,25,514693
sample,4096,2048,fused2,26,514295
sample,4096,2048,fused2,27,512814
sample,4096,2048,fused2,28,510546
sample,4096,2048,fused2,29,504581
measured,4096,2048,tile8,1048576,4194304,5,30,10,543952,562739,4143a88e49ed614b,e0842ad8f72c0c9f,none,none
sample,4096,2048,tile8,0,538294
sample,4096,2048,tile8,1,546072
sample,4096,2048,tile8,2,547879
sample,4096,2048,tile8,3,543694
sample,4096,2048,tile8,4,544554
sample,4096,2048,tile8,5,562739
sample,4096,2048,tile8,6,540786
sample,4096,2048,tile8,7,542546
sample,4096,2048,tile8,8,546054
sample,4096,2048,tile8,9,544461
sample,4096,2048,tile8,10,543702
sample,4096,2048,tile8,11,545647
sample,4096,2048,tile8,12,543952
sample,4096,2048,tile8,13,547684
sample,4096,2048,tile8,14,547979
sample,4096,2048,tile8,15,550683
sample,4096,2048,tile8,16,536934
sample,4096,2048,tile8,17,537416
sample,4096,2048,tile8,18,545767
sample,4096,2048,tile8,19,543471
sample,4096,2048,tile8,20,540480
sample,4096,2048,tile8,21,540489
sample,4096,2048,tile8,22,549294
sample,4096,2048,tile8,23,537415
sample,4096,2048,tile8,24,547424
sample,4096,2048,tile8,25,545841
sample,4096,2048,tile8,26,538952
sample,4096,2048,tile8,27,537425
sample,4096,2048,tile8,28,574600
sample,4096,2048,tile8,29,537211
measured,16384,128,vec4,262144,1048576,5,30,14,563851,590129,318e48fc80dadb1f,a09bc0e13ecf9bf8,none,none
sample,16384,128,vec4,0,568443
sample,16384,128,vec4,1,581850
sample,16384,128,vec4,2,568785
sample,16384,128,vec4,3,563851
sample,16384,128,vec4,4,566405
sample,16384,128,vec4,5,557305
sample,16384,128,vec4,6,606591
sample,16384,128,vec4,7,545794
sample,16384,128,vec4,8,562609
sample,16384,128,vec4,9,565340
sample,16384,128,vec4,10,567442
sample,16384,128,vec4,11,571257
sample,16384,128,vec4,12,570507
sample,16384,128,vec4,13,566516
sample,16384,128,vec4,14,562525
sample,16384,128,vec4,15,558220
sample,16384,128,vec4,16,562980
sample,16384,128,vec4,17,571164
sample,16384,128,vec4,18,565692
sample,16384,128,vec4,19,590129
sample,16384,128,vec4,20,573498
sample,16384,128,vec4,21,569359
sample,16384,128,vec4,22,560026
sample,16384,128,vec4,23,559303
sample,16384,128,vec4,24,559276
sample,16384,128,vec4,25,559313
sample,16384,128,vec4,26,558489
sample,16384,128,vec4,27,557202
sample,16384,128,vec4,28,553193
sample,16384,128,vec4,29,559379
measured,16384,128,fused2,262144,1048576,5,30,13,534100,542323,318e48fc80dadb1f,a09bc0e13ecf9bf8,none,none
sample,16384,128,fused2,0,534275
sample,16384,128,fused2,1,542323
sample,16384,128,fused2,2,536443
sample,16384,128,fused2,3,576730
sample,16384,128,fused2,4,534100
sample,16384,128,fused2,5,528082
sample,16384,128,fused2,6,524157
sample,16384,128,fused2,7,492157
sample,16384,128,fused2,8,500767
sample,16384,128,fused2,9,534665
sample,16384,128,fused2,10,541359
sample,16384,128,fused2,11,535906
sample,16384,128,fused2,12,540220
sample,16384,128,fused2,13,537286
sample,16384,128,fused2,14,541175
sample,16384,128,fused2,15,539063
sample,16384,128,fused2,16,526684
sample,16384,128,fused2,17,541072
sample,16384,128,fused2,18,538508
sample,16384,128,fused2,19,533164
sample,16384,128,fused2,20,533230
sample,16384,128,fused2,21,536814
sample,16384,128,fused2,22,528971
sample,16384,128,fused2,23,536674
sample,16384,128,fused2,24,525072
sample,16384,128,fused2,25,526850
sample,16384,128,fused2,26,525730
sample,16384,128,fused2,27,523915
sample,16384,128,fused2,28,527609
sample,16384,128,fused2,29,527424
measured,16384,128,tile8,262144,1048576,5,30,12,508572,528591,318e48fc80dadb1f,a09bc0e13ecf9bf8,none,none
sample,16384,128,tile8,0,516322
sample,16384,128,tile8,1,518323
sample,16384,128,tile8,2,522646
sample,16384,128,tile8,3,514082
sample,16384,128,tile8,4,1092414
sample,16384,128,tile8,5,508572
sample,16384,128,tile8,6,498378
sample,16384,128,tile8,7,480313
sample,16384,128,tile8,8,520054
sample,16384,128,tile8,9,503962
sample,16384,128,tile8,10,508535
sample,16384,128,tile8,11,520249
sample,16384,128,tile8,12,517545
sample,16384,128,tile8,13,513999
sample,16384,128,tile8,14,528591
sample,16384,128,tile8,15,500155
sample,16384,128,tile8,16,504776
sample,16384,128,tile8,17,519073
sample,16384,128,tile8,18,518258
sample,16384,128,tile8,19,517074
sample,16384,128,tile8,20,512406
sample,16384,128,tile8,21,508110
sample,16384,128,tile8,22,504942
sample,16384,128,tile8,23,508416
sample,16384,128,tile8,24,508554
sample,16384,128,tile8,25,525369
sample,16384,128,tile8,26,502600
sample,16384,128,tile8,27,500924
sample,16384,128,tile8,28,503055
sample,16384,128,tile8,29,504600
measured,16384,512,vec4,1048576,4194304,5,30,14,630211,642627,08b87a1ca99fa7b8,cc66b7b8fae87df4,none,none
sample,16384,512,vec4,0,629888
sample,16384,512,vec4,1,633433
sample,16384,512,vec4,2,625137
sample,16384,512,vec4,3,629072
sample,16384,512,vec4,4,631008
sample,16384,512,vec4,5,634055
sample,16384,512,vec4,6,628295
sample,16384,512,vec4,7,628757
sample,16384,512,vec4,8,627814
sample,16384,512,vec4,9,628831
sample,16384,512,vec4,10,642627
sample,16384,512,vec4,11,629692
sample,16384,512,vec4,12,644211
sample,16384,512,vec4,13,630666
sample,16384,512,vec4,14,630211
sample,16384,512,vec4,15,628332
sample,16384,512,vec4,16,633590
sample,16384,512,vec4,17,628600
sample,16384,512,vec4,18,635646
sample,16384,512,vec4,19,640379
sample,16384,512,vec4,20,620304
sample,16384,512,vec4,21,638488
sample,16384,512,vec4,22,634600
sample,16384,512,vec4,23,628564
sample,16384,512,vec4,24,626378
sample,16384,512,vec4,25,637877
sample,16384,512,vec4,26,630831
sample,16384,512,vec4,27,626099
sample,16384,512,vec4,28,630591
sample,16384,512,vec4,29,634822
measured,16384,512,fused2,1048576,4194304,5,30,13,593664,612563,08b87a1ca99fa7b8,cc66b7b8fae87df4,none,none
sample,16384,512,fused2,0,587064
sample,16384,512,fused2,1,584304
sample,16384,512,fused2,2,578331
sample,16384,512,fused2,3,592286
sample,16384,512,fused2,4,594257
sample,16384,512,fused2,5,596841
sample,16384,512,fused2,6,596498
sample,16384,512,fused2,7,587155
sample,16384,512,fused2,8,589361
sample,16384,512,fused2,9,591295
sample,16384,512,fused2,10,591656
sample,16384,512,fused2,11,600183
sample,16384,512,fused2,12,602359
sample,16384,512,fused2,13,596025
sample,16384,512,fused2,14,597146
sample,16384,512,fused2,15,586739
sample,16384,512,fused2,16,591794
sample,16384,512,fused2,17,591183
sample,16384,512,fused2,18,601322
sample,16384,512,fused2,19,612563
sample,16384,512,fused2,20,593508
sample,16384,512,fused2,21,594201
sample,16384,512,fused2,22,593664
sample,16384,512,fused2,23,609146
sample,16384,512,fused2,24,589655
sample,16384,512,fused2,25,595202
sample,16384,512,fused2,26,587498
sample,16384,512,fused2,27,608470
sample,16384,512,fused2,28,619044
sample,16384,512,fused2,29,596063
measured,16384,512,tile8,1048576,4194304,5,30,12,620831,630905,08b87a1ca99fa7b8,cc66b7b8fae87df4,none,none
sample,16384,512,tile8,0,613831
sample,16384,512,tile8,1,618313
sample,16384,512,tile8,2,621628
sample,16384,512,tile8,3,616166
sample,16384,512,tile8,4,611952
sample,16384,512,tile8,5,615535
sample,16384,512,tile8,6,627507
sample,16384,512,tile8,7,620229
sample,16384,512,tile8,8,620257
sample,16384,512,tile8,9,619451
sample,16384,512,tile8,10,615266
sample,16384,512,tile8,11,620868
sample,16384,512,tile8,12,630905
sample,16384,512,tile8,13,631369
sample,16384,512,tile8,14,609905
sample,16384,512,tile8,15,619840
sample,16384,512,tile8,16,621174
sample,16384,512,tile8,17,621970
sample,16384,512,tile8,18,629887
sample,16384,512,tile8,19,625442
sample,16384,512,tile8,20,627387
sample,16384,512,tile8,21,620258
sample,16384,512,tile8,22,621202
sample,16384,512,tile8,23,622480
sample,16384,512,tile8,24,622322
sample,16384,512,tile8,25,622888
sample,16384,512,tile8,26,611933
sample,16384,512,tile8,27,620831
sample,16384,512,tile8,28,616841
sample,16384,512,tile8,29,621646
measured,16384,2048,vec4,4194304,16777216,5,30,14,848118,936636,6be3b72c15a212b9,3199380bd5011e6c,none,none
sample,16384,2048,vec4,0,826369
sample,16384,2048,vec4,1,844072
sample,16384,2048,vec4,2,832146
sample,16384,2048,vec4,3,847758
sample,16384,2048,vec4,4,845424
sample,16384,2048,vec4,5,832552
sample,16384,2048,vec4,6,836978
sample,16384,2048,vec4,7,841914
sample,16384,2048,vec4,8,849673
sample,16384,2048,vec4,9,847452
sample,16384,2048,vec4,10,834590
sample,16384,2048,vec4,11,944442
sample,16384,2048,vec4,12,936636
sample,16384,2048,vec4,13,882276
sample,16384,2048,vec4,14,860350
sample,16384,2048,vec4,15,874572
sample,16384,2048,vec4,16,870136
sample,16384,2048,vec4,17,866646
sample,16384,2048,vec4,18,862978
sample,16384,2048,vec4,19,866099
sample,16384,2048,vec4,20,859775
sample,16384,2048,vec4,21,879062
sample,16384,2048,vec4,22,844442
sample,16384,2048,vec4,23,848118
sample,16384,2048,vec4,24,837284
sample,16384,2048,vec4,25,877942
sample,16384,2048,vec4,26,835211
sample,16384,2048,vec4,27,841136
sample,16384,2048,vec4,28,855673
sample,16384,2048,vec4,29,870053
measured,16384,2048,fused2,4194304,16777216,5,30,13,804081,908757,6be3b72c15a212b9,3199380bd5011e6c,none,none
sample,16384,2048,fused2,0,792424
sample,16384,2048,fused2,1,804081
sample,16384,2048,fused2,2,796609
sample,16384,2048,fused2,3,791590
sample,16384,2048,fused2,4,798906
sample,16384,2048,fused2,5,798053
sample,16384,2048,fused2,6,791710
sample,16384,2048,fused2,7,791692
sample,16384,2048,fused2,8,800701
sample,16384,2048,fused2,9,792275
sample,16384,2048,fused2,10,792154
sample,16384,2048,fused2,11,908757
sample,16384,2048,fused2,12,854609
sample,16384,2048,fused2,13,819489
sample,16384,2048,fused2,14,838405
sample,16384,2048,fused2,15,862119
sample,16384,2048,fused2,16,821784
sample,16384,2048,fused2,17,814230
sample,16384,2048,fused2,18,815922
sample,16384,2048,fused2,19,820358
sample,16384,2048,fused2,20,826978
sample,16384,2048,fused2,21,995358
sample,16384,2048,fused2,22,805793
sample,16384,2048,fused2,23,868591
sample,16384,2048,fused2,24,800330
sample,16384,2048,fused2,25,793405
sample,16384,2048,fused2,26,797258
sample,16384,2048,fused2,27,791951
sample,16384,2048,fused2,28,807358
sample,16384,2048,fused2,29,805674
measured,16384,2048,tile8,4194304,16777216,5,30,12,1003469,1200820,6be3b72c15a212b9,3199380bd5011e6c,none,none
sample,16384,2048,tile8,0,995433
sample,16384,2048,tile8,1,1000617
sample,16384,2048,tile8,2,992914
sample,16384,2048,tile8,3,1011238
sample,16384,2048,tile8,4,1001691
sample,16384,2048,tile8,5,1000312
sample,16384,2048,tile8,6,993710
sample,16384,2048,tile8,7,994729
sample,16384,2048,tile8,8,1000932
sample,16384,2048,tile8,9,998960
sample,16384,2048,tile8,10,1003395
sample,16384,2048,tile8,11,1251792
sample,16384,2048,tile8,12,1051331
sample,16384,2048,tile8,13,1029201
sample,16384,2048,tile8,14,1021979
sample,16384,2048,tile8,15,1038080
sample,16384,2048,tile8,16,1027182
sample,16384,2048,tile8,17,1020747
sample,16384,2048,tile8,18,1026460
sample,16384,2048,tile8,19,1021681
sample,16384,2048,tile8,20,1033099
sample,16384,2048,tile8,21,1200820
sample,16384,2048,tile8,22,1013988
sample,16384,2048,tile8,23,1000765
sample,16384,2048,tile8,24,1020284
sample,16384,2048,tile8,25,999895
sample,16384,2048,tile8,26,1003469
sample,16384,2048,tile8,27,993478
sample,16384,2048,tile8,28,999117
sample,16384,2048,tile8,29,1007951
measured,65536,128,vec4,1048576,4194304,5,30,16,726572,750821,9ec0db29a14c575b,4098921c6b362ecd,none,none
sample,65536,128,vec4,0,727934
sample,65536,128,vec4,1,719202
sample,65536,128,vec4,2,730026
sample,65536,128,vec4,3,718497
sample,65536,128,vec4,4,714202
sample,65536,128,vec4,5,722479
sample,65536,128,vec4,6,742915
sample,65536,128,vec4,7,750821
sample,65536,128,vec4,8,729969
sample,65536,128,vec4,9,724387
sample,65536,128,vec4,10,734756
sample,65536,128,vec4,11,727302
sample,65536,128,vec4,12,720775
sample,65536,128,vec4,13,717007
sample,65536,128,vec4,14,716377
sample,65536,128,vec4,15,739682
sample,65536,128,vec4,16,731248
sample,65536,128,vec4,17,729822
sample,65536,128,vec4,18,728423
sample,65536,128,vec4,19,755804
sample,65536,128,vec4,20,722267
sample,65536,128,vec4,21,724905
sample,65536,128,vec4,22,742054
sample,65536,128,vec4,23,717868
sample,65536,128,vec4,24,726572
sample,65536,128,vec4,25,720488
sample,65536,128,vec4,26,727304
sample,65536,128,vec4,27,729443
sample,65536,128,vec4,28,720275
sample,65536,128,vec4,29,716812
measured,65536,128,fused2,1048576,4194304,5,30,15,698081,730220,9ec0db29a14c575b,4098921c6b362ecd,none,none
sample,65536,128,fused2,0,695905
sample,65536,128,fused2,1,700627
sample,65536,128,fused2,2,694258
sample,65536,128,fused2,3,745174
sample,65536,128,fused2,4,725730
sample,65536,128,fused2,5,688748
sample,65536,128,fused2,6,692136
sample,65536,128,fused2,7,706247
sample,65536,128,fused2,8,691711
sample,65536,128,fused2,9,711849
sample,65536,128,fused2,10,730220
sample,65536,128,fused2,11,704970
sample,65536,128,fused2,12,686720
sample,65536,128,fused2,13,717063
sample,65536,128,fused2,14,700915
sample,65536,128,fused2,15,694239
sample,65536,128,fused2,16,705091
sample,65536,128,fused2,17,701582
sample,65536,128,fused2,18,694924
sample,65536,128,fused2,19,688155
sample,65536,128,fused2,20,684313
sample,65536,128,fused2,21,691905
sample,65536,128,fused2,22,698081
sample,65536,128,fused2,23,688442
sample,65536,128,fused2,24,691840
sample,65536,128,fused2,25,702878
sample,65536,128,fused2,26,708313
sample,65536,128,fused2,27,695433
sample,65536,128,fused2,28,718628
sample,65536,128,fused2,29,699905
measured,65536,128,tile8,1048576,4194304,5,30,14,705961,768683,9ec0db29a14c575b,4098921c6b362ecd,none,none
sample,65536,128,tile8,0,701497
sample,65536,128,tile8,1,716878
sample,65536,128,tile8,2,738221
sample,65536,128,tile8,3,705332
sample,65536,128,tile8,4,698062
sample,65536,128,tile8,5,746090
sample,65536,128,tile8,6,920404
sample,65536,128,tile8,7,711859
sample,65536,128,tile8,8,735017
sample,65536,128,tile8,9,712275
sample,65536,128,tile8,10,705683
sample,65536,128,tile8,11,742025
sample,65536,128,tile8,12,696952
sample,65536,128,tile8,13,695859
sample,65536,128,tile8,14,705619
sample,65536,128,tile8,15,697109
sample,65536,128,tile8,16,708646
sample,65536,128,tile8,17,707859
sample,65536,128,tile8,18,706590
sample,65536,128,tile8,19,737154
sample,65536,128,tile8,20,713692
sample,65536,128,tile8,21,700924
sample,65536,128,tile8,22,704276
sample,65536,128,tile8,23,698239
sample,65536,128,tile8,24,705896
sample,65536,128,tile8,25,699544
sample,65536,128,tile8,26,705285
sample,65536,128,tile8,27,705961
sample,65536,128,tile8,28,712201
sample,65536,128,tile8,29,768683
measured,65536,512,vec4,4194304,16777216,5,30,16,948377,985543,84d06402da633040,29115d73667dee45,none,none
sample,65536,512,vec4,0,947164
sample,65536,512,vec4,1,1021099
sample,65536,512,vec4,2,984293
sample,65536,512,vec4,3,964404
sample,65536,512,vec4,4,970729
sample,65536,512,vec4,5,956395
sample,65536,512,vec4,6,949506
sample,65536,512,vec4,7,947840
sample,65536,512,vec4,8,946109
sample,65536,512,vec4,9,953284
sample,65536,512,vec4,10,948377
sample,65536,512,vec4,11,957498
sample,65536,512,vec4,12,951136
sample,65536,512,vec4,13,955859
sample,65536,512,vec4,14,943878
sample,65536,512,vec4,15,953442
sample,65536,512,vec4,16,949470
sample,65536,512,vec4,17,951469
sample,65536,512,vec4,18,955580
sample,65536,512,vec4,19,985543
sample,65536,512,vec4,20,878886
sample,65536,512,vec4,21,873748
sample,65536,512,vec4,22,841525
sample,65536,512,vec4,23,862515
sample,65536,512,vec4,24,848026
sample,65536,512,vec4,25,864526
sample,65536,512,vec4,26,886941
sample,65536,512,vec4,27,815406
sample,65536,512,vec4,28,782646
sample,65536,512,vec4,29,830053
measured,65536,512,fused2,4194304,16777216,5,30,15,909460,925867,84d06402da633040,29115d73667dee45,none,none
sample,65536,512,fused2,0,921682
sample,65536,512,fused2,1,920184
sample,65536,512,fused2,2,910590
sample,65536,512,fused2,3,908165
sample,65536,512,fused2,4,917562
sample,65536,512,fused2,5,917590
sample,65536,512,fused2,6,916062
sample,65536,512,fused2,7,925867
sample,65536,512,fused2,8,908358
sample,65536,512,fused2,9,930738
sample,65536,512,fused2,10,921053
sample,65536,512,fused2,11,919182
sample,65536,512,fused2,12,916266
sample,65536,512,fused2,13,918136
sample,65536,512,fused2,14,909460
sample,65536,512,fused2,15,908636
sample,65536,512,fused2,16,918404
sample,65536,512,fused2,17,919045
sample,65536,512,fused2,18,923840
sample,65536,512,fused2,19,882887
sample,65536,512,fused2,20,876535
sample,65536,512,fused2,21,809312
sample,65536,512,fused2,22,800950
sample,65536,512,fused2,23,814683
sample,65536,512,fused2,24,820313
sample,65536,512,fused2,25,816589
sample,65536,512,fused2,26,811756
sample,65536,512,fused2,27,794582
sample,65536,512,fused2,28,738266
sample,65536,512,fused2,29,745303
measured,65536,512,tile8,4194304,16777216,5,30,14,1101506,1131792,84d06402da633040,29115d73667dee45,none,none
sample,65536,512,tile8,0,1112450
sample,65536,512,tile8,1,1110802
sample,65536,512,tile8,2,1131265
sample,65536,512,tile8,3,1101506
sample,65536,512,tile8,4,1103441
sample,65536,512,tile8,5,1110553
sample,65536,512,tile8,6,1125728
sample,65536,512,tile8,7,1101173
sample,65536,512,tile8,8,1106478
sample,65536,512,tile8,9,1107681
sample,65536,512,tile8,10,1099238
sample,65536,512,tile8,11,1111543
sample,65536,512,tile8,12,1106738
sample,65536,512,tile8,13,1139793
sample,65536,512,tile8,14,1109376
sample,65536,512,tile8,15,1131792
sample,65536,512,tile8,16,1096173
sample,65536,512,tile8,17,1113051
sample,65536,512,tile8,18,1125375
sample,65536,512,tile8,19,1066219
sample,65536,512,tile8,20,953950
sample,65536,512,tile8,21,943247
sample,65536,512,tile8,22,975210
sample,65536,512,tile8,23,948507
sample,65536,512,tile8,24,957294
sample,65536,512,tile8,25,955988
sample,65536,512,tile8,26,953506
sample,65536,512,tile8,27,917489
sample,65536,512,tile8,28,888943
sample,65536,512,tile8,29,886988
skipped_limit,65536,2048,vec4,16777216,67108864,NA,NA,NA,NA,NA,NA,NA,cohort_dispatch_limit,none
skipped_limit,65536,2048,fused2,16777216,67108864,NA,NA,NA,NA,NA,NA,NA,cohort_dispatch_limit,none
skipped_limit,65536,2048,tile8,16777216,67108864,NA,NA,NA,NA,NA,NA,NA,cohort_dispatch_limit,none
measured,262144,128,vec4,4194304,16777216,5,30,18,756905,952663,603e59446e81431f,99960c282a7f4ca5,none,none
sample,262144,128,vec4,0,897117
sample,262144,128,vec4,1,878766
sample,262144,128,vec4,2,884442
sample,262144,128,vec4,3,955859
sample,262144,128,vec4,4,896488
sample,262144,128,vec4,5,767025
sample,262144,128,vec4,6,752674
sample,262144,128,vec4,7,749156
sample,262144,128,vec4,8,750720
sample,262144,128,vec4,9,759803
sample,262144,128,vec4,10,929534
sample,262144,128,vec4,11,952663
sample,262144,128,vec4,12,868163
sample,262144,128,vec4,13,845322
sample,262144,128,vec4,14,770942
sample,262144,128,vec4,15,766304
sample,262144,128,vec4,16,763674
sample,262144,128,vec4,17,759961
sample,262144,128,vec4,18,731619
sample,262144,128,vec4,19,756905
sample,262144,128,vec4,20,746211
sample,262144,128,vec4,21,665961
sample,262144,128,vec4,22,660489
sample,262144,128,vec4,23,673119
sample,262144,128,vec4,24,676248
sample,262144,128,vec4,25,677702
sample,262144,128,vec4,26,732295
sample,262144,128,vec4,27,588396
sample,262144,128,vec4,28,571878
sample,262144,128,vec4,29,577424
measured,262144,128,fused2,4194304,16777216,5,30,17,765201,904941,603e59446e81431f,99960c282a7f4ca5,none,none
sample,262144,128,fused2,0,872978
sample,262144,128,fused2,1,873553
sample,262144,128,fused2,2,858182
sample,262144,128,fused2,3,867303
sample,262144,128,fused2,4,900785
sample,262144,128,fused2,5,868720
sample,262144,128,fused2,6,765257
sample,262144,128,fused2,7,754794
sample,262144,128,fused2,8,746721
sample,262144,128,fused2,9,779099
sample,262144,128,fused2,10,756795
sample,262144,128,fused2,11,773118
sample,262144,128,fused2,12,904941
sample,262144,128,fused2,13,773118
sample,262144,128,fused2,14,779063
sample,262144,128,fused2,15,765201
sample,262144,128,fused2,16,763656
sample,262144,128,fused2,17,778267
sample,262144,128,fused2,18,720970
sample,262144,128,fused2,19,935562
sample,262144,128,fused2,20,762553
sample,262144,128,fused2,21,662544
sample,262144,128,fused2,22,664294
sample,262144,128,fused2,23,667017
sample,262144,128,fused2,24,712016
sample,262144,128,fused2,25,678091
sample,262144,128,fused2,26,710600
sample,262144,128,fused2,27,828617
sample,262144,128,fused2,28,578072
sample,262144,128,fused2,29,641183
measured,262144,128,tile8,4194304,16777216,5,30,16,865136,1078830,603e59446e81431f,99960c282a7f4ca5,none,none
sample,262144,128,tile8,0,978608
sample,262144,128,tile8,1,980562
sample,262144,128,tile8,2,1015951
sample,262144,128,tile8,3,1295931
sample,262144,128,tile8,4,991960
sample,262144,128,tile8,5,1078830
sample,262144,128,tile8,6,867859
sample,262144,128,tile8,7,865136
sample,262144,128,tile8,8,843905
sample,262144,128,tile8,9,863395
sample,262144,128,tile8,10,874396
sample,262144,128,tile8,11,889702
sample,262144,128,tile8,12,1010849
sample,262144,128,tile8,13,899285
sample,262144,128,tile8,14,871766
sample,262144,128,tile8,15,856711
sample,262144,128,tile8,16,882469
sample,262144,128,tile8,17,922053
sample,262144,128,tile8,18,809387
sample,262144,128,tile8,19,921506
sample,262144,128,tile8,20,750970
sample,262144,128,tile8,21,747980
sample,262144,128,tile8,22,749035
sample,262144,128,tile8,23,761331
sample,262144,128,tile8,24,763174
sample,262144,128,tile8,25,763183
sample,262144,128,tile8,26,780071
sample,262144,128,tile8,27,802404
sample,262144,128,tile8,28,655886
sample,262144,128,tile8,29,715025
skipped_limit,262144,512,vec4,16777216,67108864,NA,NA,NA,NA,NA,NA,NA,cohort_dispatch_limit,none
skipped_limit,262144,512,fused2,16777216,67108864,NA,NA,NA,NA,NA,NA,NA,cohort_dispatch_limit,none
skipped_limit,262144,512,tile8,16777216,67108864,NA,NA,NA,NA,NA,NA,NA,cohort_dispatch_limit,none
skipped_limit,262144,2048,vec4,67108864,268435456,NA,NA,NA,NA,NA,NA,NA,cohort_dispatch_limit,none
skipped_limit,262144,2048,fused2,67108864,268435456,NA,NA,NA,NA,NA,NA,NA,cohort_dispatch_limit,none
skipped_limit,262144,2048,tile8,67108864,268435456,NA,NA,NA,NA,NA,NA,NA,cohort_dispatch_limit,none
skipped_limit,1048576,128,vec4,16777216,67108864,NA,NA,NA,NA,NA,NA,NA,cohort_dispatch_limit,none
skipped_limit,1048576,128,fused2,16777216,67108864,NA,NA,NA,NA,NA,NA,NA,cohort_dispatch_limit,none
skipped_limit,1048576,128,tile8,16777216,67108864,NA,NA,NA,NA,NA,NA,NA,cohort_dispatch_limit,none
skipped_limit,1048576,512,vec4,67108864,268435456,NA,NA,NA,NA,NA,NA,NA,cohort_dispatch_limit,none
skipped_limit,1048576,512,fused2,67108864,268435456,NA,NA,NA,NA,NA,NA,NA,cohort_dispatch_limit,none
skipped_limit,1048576,512,tile8,67108864,268435456,NA,NA,NA,NA,NA,NA,NA,cohort_dispatch_limit,none
skipped_limit,1048576,2048,vec4,268435456,1073741824,NA,NA,NA,NA,NA,NA,NA,cohort_dispatch_limit,none
skipped_limit,1048576,2048,fused2,268435456,1073741824,NA,NA,NA,NA,NA,NA,NA,cohort_dispatch_limit,none
skipped_limit,1048576,2048,tile8,268435456,1073741824,NA,NA,NA,NA,NA,NA,NA,cohort_dispatch_limit,none
qualification_status=complete
