benchmark=pvp3d_three_candidate_same_device
source_revision=ddb6f0144821dfa29d268601e7087e5001278e52
adapter=NVIDIA Tegra NVIDIA Thor
backend=Vulkan
device_type=IntegratedGpu
vendor_id=4318
device_id=11008
driver=NVIDIA
driver_info=580.00
hardware_measurement_eligible=true
physical_admission=external_remoteops_evidence_required
performance_claim=none
primary_timing_scope=resident_encode_plus_queue_submit_plus_device_wait
state_reset_scope=completed_before_timer
correctness_readback_scope=before_and_after_timing
candidate_order=ABC_ACB_BAC_BCA_CAB_CBA
resident_payload_scope=source_plus_three_states_excludes_driver_uniforms_and_readback
status,k,g,candidate,state_bytes,resident_payload_bytes,warmups,repeats,logical_dispatches,p50_ns,p95_ns,input_checksum,output_checksum,skip_reason,performance_claim
measured,256,128,vec4,4096,16384,5,30,8,233851,276268,4c67926a9205d7b4,956299587c8af4b4,none,none
sample,256,128,vec4,0,235194
sample,256,128,vec4,1,233620
sample,256,128,vec4,2,264092
sample,256,128,vec4,3,231777
sample,256,128,vec4,4,234425
sample,256,128,vec4,5,227221
sample,256,128,vec4,6,224741
sample,256,128,vec4,7,225250
sample,256,128,vec4,8,225546
sample,256,128,vec4,9,234297
sample,256,128,vec4,10,237546
sample,256,128,vec4,11,231461
sample,256,128,vec4,12,233415
sample,256,128,vec4,13,247889
sample,256,128,vec4,14,236583
sample,256,128,vec4,15,232277
sample,256,128,vec4,16,229101
sample,256,128,vec4,17,228999
sample,256,128,vec4,18,230536
sample,256,128,vec4,19,249082
sample,256,128,vec4,20,230916
sample,256,128,vec4,21,233851
sample,256,128,vec4,22,235212
sample,256,128,vec4,23,233813
sample,256,128,vec4,24,234175
sample,256,128,vec4,25,236259
sample,256,128,vec4,26,273036
sample,256,128,vec4,27,276268
sample,256,128,vec4,28,297295
sample,256,128,vec4,29,245046
measured,256,128,fused2,4096,16384,5,30,7,211888,229416,4c67926a9205d7b4,956299587c8af4b4,none,none
sample,256,128,fused2,0,212204
sample,256,128,fused2,1,212731
sample,256,128,fused2,2,211796
sample,256,128,fused2,3,228916
sample,256,128,fused2,4,208064
sample,256,128,fused2,5,209730
sample,256,128,fused2,6,203870
sample,256,128,fused2,7,210860
sample,256,128,fused2,8,212249
sample,256,128,fused2,9,204239
sample,256,128,fused2,10,213435
sample,256,128,fused2,11,209065
sample,256,128,fused2,12,211165
sample,256,128,fused2,13,229416
sample,256,128,fused2,14,211990
sample,256,128,fused2,15,209656
sample,256,128,fused2,16,211888
sample,256,128,fused2,17,204138
sample,256,128,fused2,18,207935
sample,256,128,fused2,19,206388
sample,256,128,fused2,20,204684
sample,256,128,fused2,21,206073
sample,256,128,fused2,22,214305
sample,256,128,fused2,23,216778
sample,256,128,fused2,24,214527
sample,256,128,fused2,25,215823
sample,256,128,fused2,26,382481
sample,256,128,fused2,27,220870
sample,256,128,fused2,28,218722
sample,256,128,fused2,29,219139
measured,256,128,tile8,4096,16384,5,30,6,189954,223565,4c67926a9205d7b4,956299587c8af4b4,none,none
sample,256,128,tile8,0,189954
sample,256,128,tile8,1,187536
sample,256,128,tile8,2,199629
sample,256,128,tile8,3,200139
sample,256,128,tile8,4,195379
sample,256,128,tile8,5,185934
sample,256,128,tile8,6,186110
sample,256,128,tile8,7,191176
sample,256,128,tile8,8,183815
sample,256,128,tile8,9,185517
sample,256,128,tile8,10,186806
sample,256,128,tile8,11,185852
sample,256,128,tile8,12,223565
sample,256,128,tile8,13,232212
sample,256,128,tile8,14,187556
sample,256,128,tile8,15,187657
sample,256,128,tile8,16,186730
sample,256,128,tile8,17,192092
sample,256,128,tile8,18,187730
sample,256,128,tile8,19,190324
sample,256,128,tile8,20,187991
sample,256,128,tile8,21,184619
sample,256,128,tile8,22,193111
sample,256,128,tile8,23,193934
sample,256,128,tile8,24,192101
sample,256,128,tile8,25,187620
sample,256,128,tile8,26,196036
sample,256,128,tile8,27,198361
sample,256,128,tile8,28,215537
sample,256,128,tile8,29,192675
measured,256,512,vec4,16384,65536,5,30,8,253341,267175,38bbe1f688e24d78,1c8bb372f8f1302e,none,none
sample,256,512,vec4,0,238768
sample,256,512,vec4,1,242574
sample,256,512,vec4,2,241397
sample,256,512,vec4,3,242045
sample,256,512,vec4,4,247602
sample,256,512,vec4,5,244175
sample,256,512,vec4,6,240213
sample,256,512,vec4,7,240369
sample,256,512,vec4,8,245434
sample,256,512,vec4,9,246897
sample,256,512,vec4,10,254454
sample,256,512,vec4,11,252305
sample,256,512,vec4,12,257082
sample,256,512,vec4,13,250064
sample,256,512,vec4,14,248556
sample,256,512,vec4,15,255369
sample,256,512,vec4,16,253703
sample,256,512,vec4,17,255934
sample,256,512,vec4,18,253341
sample,256,512,vec4,19,249841
sample,256,512,vec4,20,267175
sample,256,512,vec4,21,256880
sample,256,512,vec4,22,257546
sample,256,512,vec4,23,256258
sample,256,512,vec4,24,325897
sample,256,512,vec4,25,255212
sample,256,512,vec4,26,254723
sample,256,512,vec4,27,266647
sample,256,512,vec4,28,265185
sample,256,512,vec4,29,259138
measured,256,512,fused2,16384,65536,5,30,7,228111,275823,38bbe1f688e24d78,1c8bb372f8f1302e,none,none
sample,256,512,fused2,0,253796
sample,256,512,fused2,1,215694
sample,256,512,fused2,2,217407
sample,256,512,fused2,3,217676
sample,256,512,fused2,4,220518
sample,256,512,fused2,5,223434
sample,256,512,fused2,6,220342
sample,256,512,fused2,7,219250
sample,256,512,fused2,8,218480
sample,256,512,fused2,9,226759
sample,256,512,fused2,10,226361
sample,256,512,fused2,11,228684
sample,256,512,fused2,12,224619
sample,256,512,fused2,13,225906
sample,256,512,fused2,14,223471
sample,256,512,fused2,15,275823
sample,256,512,fused2,16,521471
sample,256,512,fused2,17,234480
sample,256,512,fused2,18,227399
sample,256,512,fused2,19,228111
sample,256,512,fused2,20,229343
sample,256,512,fused2,21,229620
sample,256,512,fused2,22,230888
sample,256,512,fused2,23,233389
sample,256,512,fused2,24,250759
sample,256,512,fused2,25,230944
sample,256,512,fused2,26,232667
sample,256,512,fused2,27,228564
sample,256,512,fused2,28,232833
sample,256,512,fused2,29,234712
measured,256,512,tile8,16384,65536,5,30,6,204110,248295,38bbe1f688e24d78,1c8bb372f8f1302e,none,none
sample,256,512,tile8,0,199869
sample,256,512,tile8,1,232222
sample,256,512,tile8,2,194092
sample,256,512,tile8,3,192721
sample,256,512,tile8,4,193480
sample,256,512,tile8,5,193805
sample,256,512,tile8,6,194536
sample,256,512,tile8,7,198888
sample,256,512,tile8,8,197528
sample,256,512,tile8,9,199425
sample,256,512,tile8,10,204110
sample,256,512,tile8,11,202990
sample,256,512,tile8,12,200759
sample,256,512,tile8,13,201286
sample,256,512,tile8,14,207278
sample,256,512,tile8,15,208509
sample,256,512,tile8,16,253249
sample,256,512,tile8,17,232425
sample,256,512,tile8,18,200796
sample,256,512,tile8,19,204591
sample,256,512,tile8,20,210212
sample,256,512,tile8,21,206241
sample,256,512,tile8,22,206972
sample,256,512,tile8,23,206721
sample,256,512,tile8,24,248295
sample,256,512,tile8,25,210120
sample,256,512,tile8,26,206898
sample,256,512,tile8,27,203314
sample,256,512,tile8,28,208176
sample,256,512,tile8,29,209406
measured,256,2048,vec4,65536,262144,5,30,8,280841,294647,c9e538e9f9dccedd,259153fc2c7bc4e7,none,none
sample,256,2048,vec4,0,273889
sample,256,2048,vec4,1,269157
sample,256,2048,vec4,2,266545
sample,256,2048,vec4,3,264009
sample,256,2048,vec4,4,269980
sample,256,2048,vec4,5,271064
sample,256,2048,vec4,6,268545
sample,256,2048,vec4,7,270277
sample,256,2048,vec4,8,275499
sample,256,2048,vec4,9,287332
sample,256,2048,vec4,10,277518
sample,256,2048,vec4,11,271675
sample,256,2048,vec4,12,273638
sample,256,2048,vec4,13,282203
sample,256,2048,vec4,14,280518
sample,256,2048,vec4,15,278407
sample,256,2048,vec4,16,284287
sample,256,2048,vec4,17,286554
sample,256,2048,vec4,18,283527
sample,256,2048,vec4,19,280841
sample,256,2048,vec4,20,287111
sample,256,2048,vec4,21,288684
sample,256,2048,vec4,22,297119
sample,256,2048,vec4,23,288999
sample,256,2048,vec4,24,281841
sample,256,2048,vec4,25,293221
sample,256,2048,vec4,26,294647
sample,256,2048,vec4,27,286110
sample,256,2048,vec4,28,286499
sample,256,2048,vec4,29,290749
measured,256,2048,fused2,65536,262144,5,30,7,250101,264008,c9e538e9f9dccedd,259153fc2c7bc4e7,none,none
sample,256,2048,fused2,0,248204
sample,256,2048,fused2,1,244083
sample,256,2048,fused2,2,247906
sample,256,2048,fused2,3,236999
sample,256,2048,fused2,4,241092
sample,256,2048,fused2,5,240332
sample,256,2048,fused2,6,245130
sample,256,2048,fused2,7,248397
sample,256,2048,fused2,8,246601
sample,256,2048,fused2,9,246158
sample,256,2048,fused2,10,249314
sample,256,2048,fused2,11,249286
sample,256,2048,fused2,12,248880
sample,256,2048,fused2,13,250101
sample,256,2048,fused2,14,248157
sample,256,2048,fused2,15,251564
sample,256,2048,fused2,16,258287
sample,256,2048,fused2,17,253832
sample,256,2048,fused2,18,254989
sample,256,2048,fused2,19,256165
sample,256,2048,fused2,20,256481
sample,256,2048,fused2,21,262583
sample,256,2048,fused2,22,271508
sample,256,2048,fused2,23,256268
sample,256,2048,fused2,24,260703
sample,256,2048,fused2,25,261120
sample,256,2048,fused2,26,258702
sample,256,2048,fused2,27,257768
sample,256,2048,fused2,28,256314
sample,256,2048,fused2,29,264008
measured,256,2048,tile8,65536,262144,5,30,6,233232,276934,c9e538e9f9dccedd,259153fc2c7bc4e7,none,none
sample,256,2048,tile8,0,224556
sample,256,2048,tile8,1,263610
sample,256,2048,tile8,2,222712
sample,256,2048,tile8,3,218852
sample,256,2048,tile8,4,223370
sample,256,2048,tile8,5,222184
sample,256,2048,tile8,6,224149
sample,256,2048,tile8,7,231851
sample,256,2048,tile8,8,227907
sample,256,2048,tile8,9,295157
sample,256,2048,tile8,10,276934
sample,256,2048,tile8,11,225425
sample,256,2048,tile8,12,230722
sample,256,2048,tile8,13,234916
sample,256,2048,tile8,14,231054
sample,256,2048,tile8,15,231203
sample,256,2048,tile8,16,233232
sample,256,2048,tile8,17,232073
sample,256,2048,tile8,18,236249
sample,256,2048,tile8,19,232027
sample,256,2048,tile8,20,237676
sample,256,2048,tile8,21,236878
sample,256,2048,tile8,22,263461
sample,256,2048,tile8,23,261888
sample,256,2048,tile8,24,236397
sample,256,2048,tile8,25,240647
sample,256,2048,tile8,26,237426
sample,256,2048,tile8,27,237268
sample,256,2048,tile8,28,236036
sample,256,2048,tile8,29,239833
measured,1024,128,vec4,16384,65536,5,30,10,378712,399740,26abf5bddd03bbc5,79acd556594188cd,none,none
sample,1024,128,vec4,0,358230
sample,1024,128,vec4,1,354962
sample,1024,128,vec4,2,369258
sample,1024,128,vec4,3,399740
sample,1024,128,vec4,4,376648
sample,1024,128,vec4,5,364749
sample,1024,128,vec4,6,367054
sample,1024,128,vec4,7,364342
sample,1024,128,vec4,8,372157
sample,1024,128,vec4,9,383064
sample,1024,128,vec4,10,375192
sample,1024,128,vec4,11,373665
sample,1024,128,vec4,12,374388
sample,1024,128,vec4,13,380573
sample,1024,128,vec4,14,374619
sample,1024,128,vec4,15,383296
sample,1024,128,vec4,16,378527
sample,1024,128,vec4,17,396361
sample,1024,128,vec4,18,390694
sample,1024,128,vec4,19,381666
sample,1024,128,vec4,20,382129
sample,1024,128,vec4,21,378712
sample,1024,128,vec4,22,378193
sample,1024,128,vec4,23,393351
sample,1024,128,vec4,24,392638
sample,1024,128,vec4,25,397332
sample,1024,128,vec4,26,393370
sample,1024,128,vec4,27,388045
sample,1024,128,vec4,28,389202
sample,1024,128,vec4,29,425211
measured,1024,128,fused2,16384,65536,5,30,9,349055,403387,26abf5bddd03bbc5,79acd556594188cd,none,none
sample,1024,128,fused2,0,329249
sample,1024,128,fused2,1,334916
sample,1024,128,fused2,2,336907
sample,1024,128,fused2,3,335202
sample,1024,128,fused2,4,341546
sample,1024,128,fused2,5,334082
sample,1024,128,fused2,6,333027
sample,1024,128,fused2,7,342962
sample,1024,128,fused2,8,337600
sample,1024,128,fused2,9,349055
sample,1024,128,fused2,10,346166
sample,1024,128,fused2,11,347082
sample,1024,128,fused2,12,345629
sample,1024,128,fused2,13,351684
sample,1024,128,fused2,14,384082
sample,1024,128,fused2,15,341656
sample,1024,128,fused2,16,353277
sample,1024,128,fused2,17,403387
sample,1024,128,fused2,18,355064
sample,1024,128,fused2,19,356397
sample,1024,128,fused2,20,393935
sample,1024,128,fused2,21,347314
sample,1024,128,fused2,22,374045
sample,1024,128,fused2,23,362267
sample,1024,128,fused2,24,362990
sample,1024,128,fused2,25,360971
sample,1024,128,fused2,26,360184
sample,1024,128,fused2,27,360527
sample,1024,128,fused2,28,360657
sample,1024,128,fused2,29,460221
measured,1024,128,tile8,16384,65536,5,30,8,316221,394610,26abf5bddd03bbc5,79acd556594188cd,none,none
sample,1024,128,tile8,0,295444
sample,1024,128,tile8,1,305092
sample,1024,128,tile8,2,313741
sample,1024,128,tile8,3,303129
sample,1024,128,tile8,4,365869
sample,1024,128,tile8,5,302851
sample,1024,128,tile8,6,304046
sample,1024,128,tile8,7,309009
sample,1024,128,tile8,8,316221
sample,1024,128,tile8,9,310517
sample,1024,128,tile8,10,311915
sample,1024,128,tile8,11,313101
sample,1024,128,tile8,12,311777
sample,1024,128,tile8,13,394295
sample,1024,128,tile8,14,311999
sample,1024,128,tile8,15,306889
sample,1024,128,tile8,16,319934
sample,1024,128,tile8,17,571906
sample,1024,128,tile8,18,321481
sample,1024,128,tile8,19,320786
sample,1024,128,tile8,20,319665
sample,1024,128,tile8,21,315878
sample,1024,128,tile8,22,316620
sample,1024,128,tile8,23,333804
sample,1024,128,tile8,24,326546
sample,1024,128,tile8,25,327425
sample,1024,128,tile8,26,325193
sample,1024,128,tile8,27,325165
sample,1024,128,tile8,28,324397
sample,1024,128,tile8,29,394610
measured,1024,512,vec4,65536,262144,5,30,10,412731,435490,0949b62ffc70d026,7663f0c9d3466943,none,none
sample,1024,512,vec4,0,403444
sample,1024,512,vec4,1,400776
sample,1024,512,vec4,2,402962
sample,1024,512,vec4,3,428981
sample,1024,512,vec4,4,413018
sample,1024,512,vec4,5,411833
sample,1024,512,vec4,6,410415
sample,1024,512,vec4,7,435490
sample,1024,512,vec4,8,408286
sample,1024,512,vec4,9,414831
sample,1024,512,vec4,10,408805
sample,1024,512,vec4,11,413592
sample,1024,512,vec4,12,412999
sample,1024,512,vec4,13,476165
sample,1024,512,vec4,14,409008
sample,1024,512,vec4,15,412731
sample,1024,512,vec4,16,416443
sample,1024,512,vec4,17,418989
sample,1024,512,vec4,18,415518
sample,1024,512,vec4,19,412906
sample,1024,512,vec4,20,411276
sample,1024,512,vec4,21,428184
sample,1024,512,vec4,22,417229
sample,1024,512,vec4,23,410850
sample,1024,512,vec4,24,411564
sample,1024,512,vec4,25,412666
sample,1024,512,vec4,26,419332
sample,1024,512,vec4,27,413073
sample,1024,512,vec4,28,411305
sample,1024,512,vec4,29,412518
measured,1024,512,fused2,65536,262144,5,30,9,378508,394823,0949b62ffc70d026,7663f0c9d3466943,none,none
sample,1024,512,fused2,0,365583
sample,1024,512,fused2,1,369036
sample,1024,512,fused2,2,366536
sample,1024,512,fused2,3,382332
sample,1024,512,fused2,4,384045
sample,1024,512,fused2,5,377582
sample,1024,512,fused2,6,378647
sample,1024,512,fused2,7,382286
sample,1024,512,fused2,8,379619
sample,1024,512,fused2,9,376471
sample,1024,512,fused2,10,375777
sample,1024,512,fused2,11,386341
sample,1024,512,fused2,12,379786
sample,1024,512,fused2,13,377192
sample,1024,512,fused2,14,374684
sample,1024,512,fused2,15,376119
sample,1024,512,fused2,16,377314
sample,1024,512,fused2,17,380582
sample,1024,512,fused2,18,394823
sample,1024,512,fused2,19,375796
sample,1024,512,fused2,20,377092
sample,1024,512,fused2,21,379860
sample,1024,512,fused2,22,378508
sample,1024,512,fused2,23,374194
sample,1024,512,fused2,24,393637
sample,1024,512,fused2,25,375406
sample,1024,512,fused2,26,378823
sample,1024,512,fused2,27,381046
sample,1024,512,fused2,28,382545
sample,1024,512,fused2,29,495194
measured,1024,512,tile8,65536,262144,5,30,8,348054,390295,0949b62ffc70d026,7663f0c9d3466943,none,none
sample,1024,512,tile8,0,340026
sample,1024,512,tile8,1,335786
sample,1024,512,tile8,2,354527
sample,1024,512,tile8,3,347175
sample,1024,512,tile8,4,352184
sample,1024,512,tile8,5,348591
sample,1024,512,tile8,6,353583
sample,1024,512,tile8,7,348073
sample,1024,512,tile8,8,343878
sample,1024,512,tile8,9,344092
sample,1024,512,tile8,10,343712
sample,1024,512,tile8,11,346341
sample,1024,512,tile8,12,351129
sample,1024,512,tile8,13,349286
sample,1024,512,tile8,14,348860
sample,1024,512,tile8,15,397749
sample,1024,512,tile8,16,347203
sample,1024,512,tile8,17,348054
sample,1024,512,tile8,18,347638
sample,1024,512,tile8,19,347601
sample,1024,512,tile8,20,349499
sample,1024,512,tile8,21,375083
sample,1024,512,tile8,22,390295
sample,1024,512,tile8,23,345499
sample,1024,512,tile8,24,345519
sample,1024,512,tile8,25,350490
sample,1024,512,tile8,26,351101
sample,1024,512,tile8,27,358666
sample,1024,512,tile8,28,346924
sample,1024,512,tile8,29,346583
measured,1024,2048,vec4,262144,1048576,5,30,10,424231,465165,2d4a1c573b9665e7,d32c613321b43c7f,none,none
sample,1024,2048,vec4,0,465165
sample,1024,2048,vec4,1,421795
sample,1024,2048,vec4,2,414777
sample,1024,2048,vec4,3,416434
sample,1024,2048,vec4,4,425194
sample,1024,2048,vec4,5,455638
sample,1024,2048,vec4,6,467387
sample,1024,2048,vec4,7,416906
sample,1024,2048,vec4,8,426166
sample,1024,2048,vec4,9,429545
sample,1024,2048,vec4,10,428212
sample,1024,2048,vec4,11,423554
sample,1024,2048,vec4,12,424231
sample,1024,2048,vec4,13,421629
sample,1024,2048,vec4,14,422832
sample,1024,2048,vec4,15,416137
sample,1024,2048,vec4,16,422360
sample,1024,2048,vec4,17,422656
sample,1024,2048,vec4,18,425388
sample,1024,2048,vec4,19,424777
sample,1024,2048,vec4,20,430138
sample,1024,2048,vec4,21,420814
sample,1024,2048,vec4,22,416471
sample,1024,2048,vec4,23,426064
sample,1024,2048,vec4,24,424526
sample,1024,2048,vec4,25,427370
sample,1024,2048,vec4,26,424980
sample,1024,2048,vec4,27,422841
sample,1024,2048,vec4,28,432878
sample,1024,2048,vec4,29,413897
measured,1024,2048,fused2,262144,1048576,5,30,9,386016,444361,2d4a1c573b9665e7,d32c613321b43c7f,none,none
sample,1024,2048,fused2,0,411721
sample,1024,2048,fused2,1,383453
sample,1024,2048,fused2,2,383258
sample,1024,2048,fused2,3,383684
sample,1024,2048,fused2,4,388092
sample,1024,2048,fused2,5,386016
sample,1024,2048,fused2,6,390101
sample,1024,2048,fused2,7,381685
sample,1024,2048,fused2,8,376722
sample,1024,2048,fused2,9,383406
sample,1024,2048,fused2,10,395074
sample,1024,2048,fused2,11,385759
sample,1024,2048,fused2,12,388564
sample,1024,2048,fused2,13,385934
sample,1024,2048,fused2,14,451517
sample,1024,2048,fused2,15,411202
sample,1024,2048,fused2,16,383499
sample,1024,2048,fused2,17,383564
sample,1024,2048,fused2,18,386462
sample,1024,2048,fused2,19,420490
sample,1024,2048,fused2,20,394416
sample,1024,2048,fused2,21,380415
sample,1024,2048,fused2,22,388721
sample,1024,2048,fused2,23,386249
sample,1024,2048,fused2,24,387804
sample,1024,2048,fused2,25,385582
sample,1024,2048,fused2,26,384443
sample,1024,2048,fused2,27,385730
sample,1024,2048,fused2,28,444361
sample,1024,2048,fused2,29,386878
measured,1024,2048,tile8,262144,1048576,5,30,8,366277,380480,2d4a1c573b9665e7,d32c613321b43c7f,none,none
sample,1024,2048,tile8,0,373999
sample,1024,2048,tile8,1,366869
sample,1024,2048,tile8,2,366397
sample,1024,2048,tile8,3,364944
sample,1024,2048,tile8,4,367008
sample,1024,2048,tile8,5,370073
sample,1024,2048,tile8,6,363795
sample,1024,2048,tile8,7,359916
sample,1024,2048,tile8,8,364166
sample,1024,2048,tile8,9,364110
sample,1024,2048,tile8,10,377517
sample,1024,2048,tile8,11,369804
sample,1024,2048,tile8,12,365748
sample,1024,2048,tile8,13,369805
sample,1024,2048,tile8,14,380480
sample,1024,2048,tile8,15,368332
sample,1024,2048,tile8,16,364536
sample,1024,2048,tile8,17,364268
sample,1024,2048,tile8,18,366758
sample,1024,2048,tile8,19,364027
sample,1024,2048,tile8,20,367453
sample,1024,2048,tile8,21,362980
sample,1024,2048,tile8,22,361453
sample,1024,2048,tile8,23,365462
sample,1024,2048,tile8,24,371934
sample,1024,2048,tile8,25,366277
sample,1024,2048,tile8,26,364332
sample,1024,2048,tile8,27,364870
sample,1024,2048,tile8,28,380823
sample,1024,2048,tile8,29,375851
measured,4096,128,vec4,65536,262144,5,30,12,484175,494787,d878e557b6daedce,8cc85ceb09c8efed,none,none
sample,4096,128,vec4,0,483285
sample,4096,128,vec4,1,485610
sample,4096,128,vec4,2,487166
sample,4096,128,vec4,3,484581
sample,4096,128,vec4,4,477683
sample,4096,128,vec4,5,483508
sample,4096,128,vec4,6,481953
sample,4096,128,vec4,7,486100
sample,4096,128,vec4,8,485185
sample,4096,128,vec4,9,476629
sample,4096,128,vec4,10,494787
sample,4096,128,vec4,11,483796
sample,4096,128,vec4,12,482174
sample,4096,128,vec4,13,484175
sample,4096,128,vec4,14,485425
sample,4096,128,vec4,15,497490
sample,4096,128,vec4,16,480703
sample,4096,128,vec4,17,483842
sample,4096,128,vec4,18,485749
sample,4096,128,vec4,19,484229
sample,4096,128,vec4,20,486637
sample,4096,128,vec4,21,490286
sample,4096,128,vec4,22,481722
sample,4096,128,vec4,23,483933
sample,4096,128,vec4,24,482953
sample,4096,128,vec4,25,479434
sample,4096,128,vec4,26,485175
sample,4096,128,vec4,27,485499
sample,4096,128,vec4,28,485814
sample,4096,128,vec4,29,481620
measured,4096,128,fused2,65536,262144,5,30,11,450832,503702,d878e557b6daedce,8cc85ceb09c8efed,none,none
sample,4096,128,fused2,0,451434
sample,4096,128,fused2,1,452147
sample,4096,128,fused2,2,447211
sample,4096,128,fused2,3,503702
sample,4096,128,fused2,4,450832
sample,4096,128,fused2,5,446916
sample,4096,128,fused2,6,454489
sample,4096,128,fused2,7,513295
sample,4096,128,fused2,8,451240
sample,4096,128,fused2,9,449600
sample,4096,128,fused2,10,450591
sample,4096,128,fused2,11,449905
sample,4096,128,fused2,12,450610
sample,4096,128,fused2,13,449462
sample,4096,128,fused2,14,453768
sample,4096,128,fused2,15,453351
sample,4096,128,fused2,16,448323
sample,4096,128,fused2,17,447414
sample,4096,128,fused2,18,449109
sample,4096,128,fused2,19,451888
sample,4096,128,fused2,20,452073
sample,4096,128,fused2,21,448129
sample,4096,128,fused2,22,451425
sample,4096,128,fused2,23,477601
sample,4096,128,fused2,24,445796
sample,4096,128,fused2,25,448490
sample,4096,128,fused2,26,461934
sample,4096,128,fused2,27,451184
sample,4096,128,fused2,28,453331
sample,4096,128,fused2,29,448471
measured,4096,128,tile8,65536,262144,5,30,10,421591,472239,d878e557b6daedce,8cc85ceb09c8efed,none,none
sample,4096,128,tile8,0,422989
sample,4096,128,tile8,1,421553
sample,4096,128,tile8,2,472239
sample,4096,128,tile8,3,421860
sample,4096,128,tile8,4,416730
sample,4096,128,tile8,5,415961
sample,4096,128,tile8,6,421591
sample,4096,128,tile8,7,420499
sample,4096,128,tile8,8,418314
sample,4096,128,tile8,9,418018
sample,4096,128,tile8,10,424600
sample,4096,128,tile8,11,419925
sample,4096,128,tile8,12,422813
sample,4096,128,tile8,13,421943
sample,4096,128,tile8,14,425304
sample,4096,128,tile8,15,461887
sample,4096,128,tile8,16,421035
sample,4096,128,tile8,17,418462
sample,4096,128,tile8,18,421823
sample,4096,128,tile8,19,422906
sample,4096,128,tile8,20,423369
sample,4096,128,tile8,21,421443
sample,4096,128,tile8,22,422100
sample,4096,128,tile8,23,479222
sample,4096,128,tile8,24,417221
sample,4096,128,tile8,25,419638
sample,4096,128,tile8,26,425693
sample,4096,128,tile8,27,418703
sample,4096,128,tile8,28,448989
sample,4096,128,tile8,29,418351
measured,4096,512,vec4,262144,1048576,5,30,12,498184,519776,07e875993970433c,207dceeda1be3f5b,none,none
sample,4096,512,vec4,0,497146
sample,4096,512,vec4,1,504925
sample,4096,512,vec4,2,499091
sample,4096,512,vec4,3,516896
sample,4096,512,vec4,4,503600
sample,4096,512,vec4,5,503257
sample,4096,512,vec4,6,492777
sample,4096,512,vec4,7,491721
sample,4096,512,vec4,8,500544
sample,4096,512,vec4,9,509275
sample,4096,512,vec4,10,498184
sample,4096,512,vec4,11,501137
sample,4096,512,vec4,12,545777
sample,4096,512,vec4,13,498165
sample,4096,512,vec4,14,502351
sample,4096,512,vec4,15,498275
sample,4096,512,vec4,16,494961
sample,4096,512,vec4,17,497295
sample,4096,512,vec4,18,494128
sample,4096,512,vec4,19,495776
sample,4096,512,vec4,20,498897
sample,4096,512,vec4,21,497610
sample,4096,512,vec4,22,494906
sample,4096,512,vec4,23,493544
sample,4096,512,vec4,24,497870
sample,4096,512,vec4,25,505508
sample,4096,512,vec4,26,485137
sample,4096,512,vec4,27,502101
sample,4096,512,vec4,28,496712
sample,4096,512,vec4,29,519776
measured,4096,512,fused2,262144,1048576,5,30,11,463888,502989,07e875993970433c,207dceeda1be3f5b,none,none
sample,4096,512,fused2,0,471231
sample,4096,512,fused2,1,463166
sample,4096,512,fused2,2,465592
sample,4096,512,fused2,3,466646
sample,4096,512,fused2,4,478192
sample,4096,512,fused2,5,532202
sample,4096,512,fused2,6,456231
sample,4096,512,fused2,7,465378
sample,4096,512,fused2,8,465425
sample,4096,512,fused2,9,463304
sample,4096,512,fused2,10,481183
sample,4096,512,fused2,11,467286
sample,4096,512,fused2,12,468462
sample,4096,512,fused2,13,457591
sample,4096,512,fused2,14,455239
sample,4096,512,fused2,15,463888
sample,4096,512,fused2,16,462350
sample,4096,512,fused2,17,502989
sample,4096,512,fused2,18,456248
sample,4096,512,fused2,19,455148
sample,4096,512,fused2,20,459035
sample,4096,512,fused2,21,463684
sample,4096,512,fused2,22,457693
sample,4096,512,fused2,23,459175
sample,4096,512,fused2,24,465860
sample,4096,512,fused2,25,453868
sample,4096,512,fused2,26,467703
sample,4096,512,fused2,27,451657
sample,4096,512,fused2,28,467692
sample,4096,512,fused2,29,472090
measured,4096,512,tile8,262144,1048576,5,30,10,446536,469581,07e875993970433c,207dceeda1be3f5b,none,none
sample,4096,512,tile8,0,443275
sample,4096,512,tile8,1,448610
sample,4096,512,tile8,2,443064
sample,4096,512,tile8,3,444360
sample,4096,512,tile8,4,449258
sample,4096,512,tile8,5,454971
sample,4096,512,tile8,6,439738
sample,4096,512,tile8,7,438980
sample,4096,512,tile8,8,454879
sample,4096,512,tile8,9,452110
sample,4096,512,tile8,10,449739
sample,4096,512,tile8,11,451323
sample,4096,512,tile8,12,448609
sample,4096,512,tile8,13,438433
sample,4096,512,tile8,14,451925
sample,4096,512,tile8,15,446536
sample,4096,512,tile8,16,443953
sample,4096,512,tile8,17,469581
sample,4096,512,tile8,18,442573
sample,4096,512,tile8,19,453147
sample,4096,512,tile8,20,448424
sample,4096,512,tile8,21,440897
sample,4096,512,tile8,22,449657
sample,4096,512,tile8,23,440433
sample,4096,512,tile8,24,475665
sample,4096,512,tile8,25,435379
sample,4096,512,tile8,26,445786
sample,4096,512,tile8,27,441462
sample,4096,512,tile8,28,445508
sample,4096,512,tile8,29,448434
measured,4096,2048,vec4,1048576,4194304,5,30,12,552350,564183,4143a88e49ed614b,e0842ad8f72c0c9f,none,none
sample,4096,2048,vec4,0,543388
sample,4096,2048,vec4,1,550572
sample,4096,2048,vec4,2,554369
sample,4096,2048,vec4,3,553331
sample,4096,2048,vec4,4,554332
sample,4096,2048,vec4,5,559072
sample,4096,2048,vec4,6,564183
sample,4096,2048,vec4,7,551730
sample,4096,2048,vec4,8,559757
sample,4096,2048,vec4,9,547194
sample,4096,2048,vec4,10,562840
sample,4096,2048,vec4,11,556063
sample,4096,2048,vec4,12,551942
sample,4096,2048,vec4,13,548351
sample,4096,2048,vec4,14,567766
sample,4096,2048,vec4,15,552350
sample,4096,2048,vec4,16,553646
sample,4096,2048,vec4,17,550944
sample,4096,2048,vec4,18,547370
sample,4096,2048,vec4,19,550173
sample,4096,2048,vec4,20,547222
sample,4096,2048,vec4,21,561860
sample,4096,2048,vec4,22,555453
sample,4096,2048,vec4,23,551424
sample,4096,2048,vec4,24,562090
sample,4096,2048,vec4,25,555684
sample,4096,2048,vec4,26,557646
sample,4096,2048,vec4,27,551488
sample,4096,2048,vec4,28,548637
sample,4096,2048,vec4,29,550018
measured,4096,2048,fused2,1048576,4194304,5,30,11,517499,528387,4143a88e49ed614b,e0842ad8f72c0c9f,none,none
sample,4096,2048,fused2,0,506109
sample,4096,2048,fused2,1,514025
sample,4096,2048,fused2,2,526814
sample,4096,2048,fused2,3,519720
sample,4096,2048,fused2,4,522952
sample,4096,2048,fused2,5,519165
sample,4096,2048,fused2,6,522044
sample,4096,2048,fused2,7,517499
sample,4096,2048,fused2,8,508185
sample,4096,2048,fused2,9,511340
sample,4096,2048,fused2,10,510831
sample,4096,2048,fused2,11,514739
sample,4096,2048,fused2,12,528387
sample,4096,2048,fused2,13,541831
sample,4096,2048,fused2,14,523683
sample,4096,2048,fused2,15,516110
sample,4096,2048,fused2,16,517850
sample,4096,2048,fused2,17,503332
sample,4096,2048,fused2,18,509332
sample,4096,2048,fused2,19,523351
sample,4096,2048,fused2,20,509277
sample,4096,2048,fused2,21,512434
sample,4096,2048,fused2,22,524405
sample,4096,2048,fused2,23,517841
sample,4096,2048,fused2,24,520507
sample,4096,2048,fused2,25,515906
sample,4096,2048,fused2,26,520331
sample,4096,2048,fused2,27,517175
sample,4096,2048,fused2,28,514405
sample,4096,2048,fused2,29,518499
measured,4096,2048,tile8,1048576,4194304,5,30,10,542101,558063,4143a88e49ed614b,e0842ad8f72c0c9f,none,none
sample,4096,2048,tile8,0,542609
sample,4096,2048,tile8,1,541480
sample,4096,2048,tile8,2,540796
sample,4096,2048,tile8,3,539266
sample,4096,2048,tile8,4,534295
sample,4096,2048,tile8,5,543952
sample,4096,2048,tile8,6,562915
sample,4096,2048,tile8,7,540805
sample,4096,2048,tile8,8,548174
sample,4096,2048,tile8,9,538249
sample,4096,2048,tile8,10,534591
sample,4096,2048,tile8,11,547007
sample,4096,2048,tile8,12,552962
sample,4096,2048,tile8,13,540480
sample,4096,2048,tile8,14,539980
sample,4096,2048,tile8,15,542064
sample,4096,2048,tile8,16,545683
sample,4096,2048,tile8,17,535026
sample,4096,2048,tile8,18,552045
sample,4096,2048,tile8,19,548886
sample,4096,2048,tile8,20,550498
sample,4096,2048,tile8,21,544804
sample,4096,2048,tile8,22,542814
sample,4096,2048,tile8,23,542488
sample,4096,2048,tile8,24,541203
sample,4096,2048,tile8,25,542101
sample,4096,2048,tile8,26,540045
sample,4096,2048,tile8,27,541888
sample,4096,2048,tile8,28,542887
sample,4096,2048,tile8,29,558063
measured,16384,128,vec4,262144,1048576,5,30,14,569979,587822,318e48fc80dadb1f,a09bc0e13ecf9bf8,none,none
sample,16384,128,vec4,0,571914
sample,16384,128,vec4,1,571074
sample,16384,128,vec4,2,565546
sample,16384,128,vec4,3,572406
sample,16384,128,vec4,4,575526
sample,16384,128,vec4,5,580859
sample,16384,128,vec4,6,572851
sample,16384,128,vec4,7,569202
sample,16384,128,vec4,8,571239
sample,16384,128,vec4,9,564156
sample,16384,128,vec4,10,567276
sample,16384,128,vec4,11,563396
sample,16384,128,vec4,12,569979
sample,16384,128,vec4,13,568646
sample,16384,128,vec4,14,574359
sample,16384,128,vec4,15,573092
sample,16384,128,vec4,16,588785
sample,16384,128,vec4,17,572055
sample,16384,128,vec4,18,570415
sample,16384,128,vec4,19,562842
sample,16384,128,vec4,20,562268
sample,16384,128,vec4,21,578220
sample,16384,128,vec4,22,564249
sample,16384,128,vec4,23,565703
sample,16384,128,vec4,24,570017
sample,16384,128,vec4,25,587822
sample,16384,128,vec4,26,567128
sample,16384,128,vec4,27,557379
sample,16384,128,vec4,28,569248
sample,16384,128,vec4,29,569906
measured,16384,128,fused2,262144,1048576,5,30,13,538638,555267,318e48fc80dadb1f,a09bc0e13ecf9bf8,none,none
sample,16384,128,fused2,0,542156
sample,16384,128,fused2,1,555267
sample,16384,128,fused2,2,533581
sample,16384,128,fused2,3,531026
sample,16384,128,fused2,4,546248
sample,16384,128,fused2,5,536637
sample,16384,128,fused2,6,544490
sample,16384,128,fused2,7,531323
sample,16384,128,fused2,8,559340
sample,16384,128,fused2,9,536553
sample,16384,128,fused2,10,531758
sample,16384,128,fused2,11,526979
sample,16384,128,fused2,12,541240
sample,16384,128,fused2,13,538638
sample,16384,128,fused2,14,534971
sample,16384,128,fused2,15,537507
sample,16384,128,fused2,16,542220
sample,16384,128,fused2,17,539999
sample,16384,128,fused2,18,540109
sample,16384,128,fused2,19,539063
sample,16384,128,fused2,20,529313
sample,16384,128,fused2,21,539369
sample,16384,128,fused2,22,541758
sample,16384,128,fused2,23,539229
sample,16384,128,fused2,24,538166
sample,16384,128,fused2,25,538675
sample,16384,128,fused2,26,534943
sample,16384,128,fused2,27,532340
sample,16384,128,fused2,28,533851
sample,16384,128,fused2,29,552795
measured,16384,128,tile8,262144,1048576,5,30,12,515990,527054,318e48fc80dadb1f,a09bc0e13ecf9bf8,none,none
sample,16384,128,tile8,0,514240
sample,16384,128,tile8,1,526342
sample,16384,128,tile8,2,507527
sample,16384,128,tile8,3,518507
sample,16384,128,tile8,4,515008
sample,16384,128,tile8,5,518063
sample,16384,128,tile8,6,523786
sample,16384,128,tile8,7,516111
sample,16384,128,tile8,8,507442
sample,16384,128,tile8,9,509480
sample,16384,128,tile8,10,515990
sample,16384,128,tile8,11,509119
sample,16384,128,tile8,12,519258
sample,16384,128,tile8,13,515702
sample,16384,128,tile8,14,516961
sample,16384,128,tile8,15,530304
sample,16384,128,tile8,16,525545
sample,16384,128,tile8,17,517646
sample,16384,128,tile8,18,516471
sample,16384,128,tile8,19,509157
sample,16384,128,tile8,20,527054
sample,16384,128,tile8,21,504192
sample,16384,128,tile8,22,511610
sample,16384,128,tile8,23,513155
sample,16384,128,tile8,24,516794
sample,16384,128,tile8,25,513972
sample,16384,128,tile8,26,519498
sample,16384,128,tile8,27,515092
sample,16384,128,tile8,28,503822
sample,16384,128,tile8,29,516989
measured,16384,512,vec4,1048576,4194304,5,30,14,636951,651914,08b87a1ca99fa7b8,cc66b7b8fae87df4,none,none
sample,16384,512,vec4,0,628296
sample,16384,512,vec4,1,640683
sample,16384,512,vec4,2,636211
sample,16384,512,vec4,3,648294
sample,16384,512,vec4,4,636951
sample,16384,512,vec4,5,643016
sample,16384,512,vec4,6,638027
sample,16384,512,vec4,7,635072
sample,16384,512,vec4,8,650405
sample,16384,512,vec4,9,636896
sample,16384,512,vec4,10,642388
sample,16384,512,vec4,11,633804
sample,16384,512,vec4,12,651914
sample,16384,512,vec4,13,636323
sample,16384,512,vec4,14,639711
sample,16384,512,vec4,15,634230
sample,16384,512,vec4,16,648249
sample,16384,512,vec4,17,638692
sample,16384,512,vec4,18,627720
sample,16384,512,vec4,19,631488
sample,16384,512,vec4,20,630072
sample,16384,512,vec4,21,639563
sample,16384,512,vec4,22,638822
sample,16384,512,vec4,23,635971
sample,16384,512,vec4,24,640081
sample,16384,512,vec4,25,653202
sample,16384,512,vec4,26,634322
sample,16384,512,vec4,27,644952
sample,16384,512,vec4,28,633294
sample,16384,512,vec4,29,633201
measured,16384,512,fused2,1048576,4194304,5,30,13,600831,614137,08b87a1ca99fa7b8,cc66b7b8fae87df4,none,none
sample,16384,512,fused2,0,596990
sample,16384,512,fused2,1,599155
sample,16384,512,fused2,2,602340
sample,16384,512,fused2,3,592211
sample,16384,512,fused2,4,625063
sample,16384,512,fused2,5,611415
sample,16384,512,fused2,6,603110
sample,16384,512,fused2,7,598479
sample,16384,512,fused2,8,603915
sample,16384,512,fused2,9,597016
sample,16384,512,fused2,10,597026
sample,16384,512,fused2,11,598952
sample,16384,512,fused2,12,605785
sample,16384,512,fused2,13,613879
sample,16384,512,fused2,14,602388
sample,16384,512,fused2,15,602498
sample,16384,512,fused2,16,610554
sample,16384,512,fused2,17,600831
sample,16384,512,fused2,18,599711
sample,16384,512,fused2,19,602211
sample,16384,512,fused2,20,594536
sample,16384,512,fused2,21,601471
sample,16384,512,fused2,22,601368
sample,16384,512,fused2,23,605555
sample,16384,512,fused2,24,599878
sample,16384,512,fused2,25,598165
sample,16384,512,fused2,26,598563
sample,16384,512,fused2,27,596405
sample,16384,512,fused2,28,614137
sample,16384,512,fused2,29,600127
measured,16384,512,tile8,1048576,4194304,5,30,12,622036,639340,08b87a1ca99fa7b8,cc66b7b8fae87df4,none,none
sample,16384,512,tile8,0,619701
sample,16384,512,tile8,1,624757
sample,16384,512,tile8,2,627202
sample,16384,512,tile8,3,636803
sample,16384,512,tile8,4,625620
sample,16384,512,tile8,5,622951
sample,16384,512,tile8,6,619387
sample,16384,512,tile8,7,626785
sample,16384,512,tile8,8,617897
sample,16384,512,tile8,9,618674
sample,16384,512,tile8,10,617988
sample,16384,512,tile8,11,617970
sample,16384,512,tile8,12,623202
sample,16384,512,tile8,13,620526
sample,16384,512,tile8,14,623600
sample,16384,512,tile8,15,621877
sample,16384,512,tile8,16,626359
sample,16384,512,tile8,17,627415
sample,16384,512,tile8,18,614646
sample,16384,512,tile8,19,622998
sample,16384,512,tile8,20,619794
sample,16384,512,tile8,21,641869
sample,16384,512,tile8,22,623470
sample,16384,512,tile8,23,622036
sample,16384,512,tile8,24,628387
sample,16384,512,tile8,25,620711
sample,16384,512,tile8,26,618665
sample,16384,512,tile8,27,639340
sample,16384,512,tile8,28,621738
sample,16384,512,tile8,29,621878
measured,16384,2048,vec4,4194304,16777216,5,30,14,840276,852988,6be3b72c15a212b9,3199380bd5011e6c,none,none
sample,16384,2048,vec4,0,845506
sample,16384,2048,vec4,1,845350
sample,16384,2048,vec4,2,852988
sample,16384,2048,vec4,3,844581
sample,16384,2048,vec4,4,838913
sample,16384,2048,vec4,5,848248
sample,16384,2048,vec4,6,840692
sample,16384,2048,vec4,7,850071
sample,16384,2048,vec4,8,839193
sample,16384,2048,vec4,9,850776
sample,16384,2048,vec4,10,832488
sample,16384,2048,vec4,11,845748
sample,16384,2048,vec4,12,898063
sample,16384,2048,vec4,13,845488
sample,16384,2048,vec4,14,840276
sample,16384,2048,vec4,15,840257
sample,16384,2048,vec4,16,834849
sample,16384,2048,vec4,17,840080
sample,16384,2048,vec4,18,845156
sample,16384,2048,vec4,19,845479
sample,16384,2048,vec4,20,840710
sample,16384,2048,vec4,21,839497
sample,16384,2048,vec4,22,831961
sample,16384,2048,vec4,23,837840
sample,16384,2048,vec4,24,828915
sample,16384,2048,vec4,25,832136
sample,16384,2048,vec4,26,838285
sample,16384,2048,vec4,27,834044
sample,16384,2048,vec4,28,844387
sample,16384,2048,vec4,29,835414
measured,16384,2048,fused2,4194304,16777216,5,30,13,798303,813100,6be3b72c15a212b9,3199380bd5011e6c,none,none
sample,16384,2048,fused2,0,799950
sample,16384,2048,fused2,1,802256
sample,16384,2048,fused2,2,799358
sample,16384,2048,fused2,3,795970
sample,16384,2048,fused2,4,799145
sample,16384,2048,fused2,5,803156
sample,16384,2048,fused2,6,807693
sample,16384,2048,fused2,7,797785
sample,16384,2048,fused2,8,800294
sample,16384,2048,fused2,9,803701
sample,16384,2048,fused2,10,798303
sample,16384,2048,fused2,11,812378
sample,16384,2048,fused2,12,828461
sample,16384,2048,fused2,13,798803
sample,16384,2048,fused2,14,791100
sample,16384,2048,fused2,15,806952
sample,16384,2048,fused2,16,795535
sample,16384,2048,fused2,17,795229
sample,16384,2048,fused2,18,801711
sample,16384,2048,fused2,19,799331
sample,16384,2048,fused2,20,790757
sample,16384,2048,fused2,21,813100
sample,16384,2048,fused2,22,791387
sample,16384,2048,fused2,23,795859
sample,16384,2048,fused2,24,795462
sample,16384,2048,fused2,25,786118
sample,16384,2048,fused2,26,793424
sample,16384,2048,fused2,27,793683
sample,16384,2048,fused2,28,792600
sample,16384,2048,fused2,29,790877
measured,16384,2048,tile8,4194304,16777216,5,30,12,1002793,1018932,6be3b72c15a212b9,3199380bd5011e6c,none,none
sample,16384,2048,tile8,0,1002535
sample,16384,2048,tile8,1,1023988
sample,16384,2048,tile8,2,1002793
sample,16384,2048,tile8,3,992850
sample,16384,2048,tile8,4,1002988
sample,16384,2048,tile8,5,1018932
sample,16384,2048,tile8,6,1006812
sample,16384,2048,tile8,7,1003015
sample,16384,2048,tile8,8,1008525
sample,16384,2048,tile8,9,1007321
sample,16384,2048,tile8,10,999414
sample,16384,2048,tile8,11,1012895
sample,16384,2048,tile8,12,1010322
sample,16384,2048,tile8,13,1009599
sample,16384,2048,tile8,14,1006156
sample,16384,2048,tile8,15,1002506
sample,16384,2048,tile8,16,1005700
sample,16384,2048,tile8,17,988784
sample,16384,2048,tile8,18,1012423
sample,16384,2048,tile8,19,994525
sample,16384,2048,tile8,20,1012645
sample,16384,2048,tile8,21,1001534
sample,16384,2048,tile8,22,994683
sample,16384,2048,tile8,23,989626
sample,16384,2048,tile8,24,994322
sample,16384,2048,tile8,25,987043
sample,16384,2048,tile8,26,1000581
sample,16384,2048,tile8,27,1003552
sample,16384,2048,tile8,28,997256
sample,16384,2048,tile8,29,993062
measured,65536,128,vec4,1048576,4194304,5,30,16,726628,765145,9ec0db29a14c575b,4098921c6b362ecd,none,none
sample,65536,128,vec4,0,735498
sample,65536,128,vec4,1,743073
sample,65536,128,vec4,2,727165
sample,65536,128,vec4,3,720498
sample,65536,128,vec4,4,739683
sample,65536,128,vec4,5,730905
sample,65536,128,vec4,6,732674
sample,65536,128,vec4,7,726628
sample,65536,128,vec4,8,795192
sample,65536,128,vec4,9,727627
sample,65536,128,vec4,10,725978
sample,65536,128,vec4,11,722970
sample,65536,128,vec4,12,726193
sample,65536,128,vec4,13,721451
sample,65536,128,vec4,14,727387
sample,65536,128,vec4,15,724294
sample,65536,128,vec4,16,721127
sample,65536,128,vec4,17,718433
sample,65536,128,vec4,18,722118
sample,65536,128,vec4,19,724591
sample,65536,128,vec4,20,719341
sample,65536,128,vec4,21,721248
sample,65536,128,vec4,22,731294
sample,65536,128,vec4,23,739545
sample,65536,128,vec4,24,765145
sample,65536,128,vec4,25,727128
sample,65536,128,vec4,26,718109
sample,65536,128,vec4,27,728035
sample,65536,128,vec4,28,724405
sample,65536,128,vec4,29,729072
measured,65536,128,fused2,1048576,4194304,5,30,15,699961,732239,9ec0db29a14c575b,4098921c6b362ecd,none,none
sample,65536,128,fused2,0,697304
sample,65536,128,fused2,1,705794
sample,65536,128,fused2,2,732239
sample,65536,128,fused2,3,699322
sample,65536,128,fused2,4,700720
sample,65536,128,fused2,5,697674
sample,65536,128,fused2,6,697266
sample,65536,128,fused2,7,708145
sample,65536,128,fused2,8,1216190
sample,65536,128,fused2,9,721498
sample,65536,128,fused2,10,715767
sample,65536,128,fused2,11,694507
sample,65536,128,fused2,12,701590
sample,65536,128,fused2,13,703999
sample,65536,128,fused2,14,700655
sample,65536,128,fused2,15,699979
sample,65536,128,fused2,16,695369
sample,65536,128,fused2,17,695563
sample,65536,128,fused2,18,690813
sample,65536,128,fused2,19,699961
sample,65536,128,fused2,20,695415
sample,65536,128,fused2,21,695591
sample,65536,128,fused2,22,699850
sample,65536,128,fused2,23,692535
sample,65536,128,fused2,24,702128
sample,65536,128,fused2,25,727256
sample,65536,128,fused2,26,698313
sample,65536,128,fused2,27,706341
sample,65536,128,fused2,28,716665
sample,65536,128,fused2,29,698794
measured,65536,128,tile8,1048576,4194304,5,30,14,707443,724683,9ec0db29a14c575b,4098921c6b362ecd,none,none
sample,65536,128,tile8,0,708322
sample,65536,128,tile8,1,709702
sample,65536,128,tile8,2,710258
sample,65536,128,tile8,3,701304
sample,65536,128,tile8,4,702582
sample,65536,128,tile8,5,712406
sample,65536,128,tile8,6,710598
sample,65536,128,tile8,7,706156
sample,65536,128,tile8,8,736739
sample,65536,128,tile8,9,705766
sample,65536,128,tile8,10,699591
sample,65536,128,tile8,11,700647
sample,65536,128,tile8,12,707443
sample,65536,128,tile8,13,713516
sample,65536,128,tile8,14,709248
sample,65536,128,tile8,15,708257
sample,65536,128,tile8,16,700999
sample,65536,128,tile8,17,690915
sample,65536,128,tile8,18,688442
sample,65536,128,tile8,19,707054
sample,65536,128,tile8,20,706637
sample,65536,128,tile8,21,712478
sample,65536,128,tile8,22,719035
sample,65536,128,tile8,23,700952
sample,65536,128,tile8,24,705822
sample,65536,128,tile8,25,724683
sample,65536,128,tile8,26,702406
sample,65536,128,tile8,27,715165
sample,65536,128,tile8,28,710924
sample,65536,128,tile8,29,721775
measured,65536,512,vec4,4194304,16777216,5,30,16,1242395,1284812,84d06402da633040,29115d73667dee45,none,none
sample,65536,512,vec4,0,961812
sample,65536,512,vec4,1,957988
sample,65536,512,vec4,2,974191
sample,65536,512,vec4,3,966330
sample,65536,512,vec4,4,961997
sample,65536,512,vec4,5,949840
sample,65536,512,vec4,6,962775
sample,65536,512,vec4,7,960932
sample,65536,512,vec4,8,963145
sample,65536,512,vec4,9,963247
sample,65536,512,vec4,10,965923
sample,65536,512,vec4,11,962127
sample,65536,512,vec4,12,1235560
sample,65536,512,vec4,13,1242395
sample,65536,512,vec4,14,1230598
sample,65536,512,vec4,15,1384932
sample,65536,512,vec4,16,1245283
sample,65536,512,vec4,17,1257413
sample,65536,512,vec4,18,1263423
sample,65536,512,vec4,19,1254551
sample,65536,512,vec4,20,1269264
sample,65536,512,vec4,21,1273311
sample,65536,512,vec4,22,1246117
sample,65536,512,vec4,23,1260210
sample,65536,512,vec4,24,1252542
sample,65536,512,vec4,25,1270311
sample,65536,512,vec4,26,1284812
sample,65536,512,vec4,27,1250885
sample,65536,512,vec4,28,1243219
sample,65536,512,vec4,29,1255265
measured,65536,512,fused2,4194304,16777216,5,30,15,1189330,1222922,84d06402da633040,29115d73667dee45,none,none
sample,65536,512,fused2,0,928637
sample,65536,512,fused2,1,985293
sample,65536,512,fused2,2,955516
sample,65536,512,fused2,3,915719
sample,65536,512,fused2,4,923025
sample,65536,512,fused2,5,916748
sample,65536,512,fused2,6,916377
sample,65536,512,fused2,7,916747
sample,65536,512,fused2,8,911165
sample,65536,512,fused2,9,916961
sample,65536,512,fused2,10,919035
sample,65536,512,fused2,11,923239
sample,65536,512,fused2,12,1189330
sample,65536,512,fused2,13,1171701
sample,65536,512,fused2,14,1177394
sample,65536,512,fused2,15,1194655
sample,65536,512,fused2,16,1193340
sample,65536,512,fused2,17,1199562
sample,65536,512,fused2,18,1213413
sample,65536,512,fused2,19,1206422
sample,65536,512,fused2,20,1220516
sample,65536,512,fused2,21,1214838
sample,65536,512,fused2,22,1230107
sample,65536,512,fused2,23,1218163
sample,65536,512,fused2,24,1215460
sample,65536,512,fused2,25,1208589
sample,65536,512,fused2,26,1203459
sample,65536,512,fused2,27,1222922
sample,65536,512,fused2,28,1197950
sample,65536,512,fused2,29,1201061
measured,65536,512,tile8,4194304,16777216,5,30,14,1393802,1427561,84d06402da633040,29115d73667dee45,none,none
sample,65536,512,tile8,0,1121589
sample,65536,512,tile8,1,1112635
sample,65536,512,tile8,2,1116237
sample,65536,512,tile8,3,1114590
sample,65536,512,tile8,4,1106570
sample,65536,512,tile8,5,1112405
sample,65536,512,tile8,6,1112144
sample,65536,512,tile8,7,1104608
sample,65536,512,tile8,8,1107923
sample,65536,512,tile8,9,1109136
sample,65536,512,tile8,10,1111478
sample,65536,512,tile8,11,1105229
sample,65536,512,tile8,12,1413690
sample,65536,512,tile8,13,1396311
sample,65536,512,tile8,14,1392172
sample,65536,512,tile8,15,1396551
sample,65536,512,tile8,16,1405468
sample,65536,512,tile8,17,1408348
sample,65536,512,tile8,18,1418412
sample,65536,512,tile8,19,1388274
sample,65536,512,tile8,20,1419256
sample,65536,512,tile8,21,1420143
sample,65536,512,tile8,22,1427125
sample,65536,512,tile8,23,1417959
sample,65536,512,tile8,24,1428209
sample,65536,512,tile8,25,1427561
sample,65536,512,tile8,26,1425617
sample,65536,512,tile8,27,1411848
sample,65536,512,tile8,28,1415617
sample,65536,512,tile8,29,1393802
skipped_limit,65536,2048,vec4,16777216,67108864,NA,NA,NA,NA,NA,NA,NA,cohort_dispatch_limit,none
skipped_limit,65536,2048,fused2,16777216,67108864,NA,NA,NA,NA,NA,NA,NA,cohort_dispatch_limit,none
skipped_limit,65536,2048,tile8,16777216,67108864,NA,NA,NA,NA,NA,NA,NA,cohort_dispatch_limit,none
measured,262144,128,vec4,4194304,16777216,5,30,18,1391255,1421107,603e59446e81431f,99960c282a7f4ca5,none,none
sample,262144,128,vec4,0,1402709
sample,262144,128,vec4,1,1409126
sample,262144,128,vec4,2,1391561
sample,262144,128,vec4,3,1421107
sample,262144,128,vec4,4,1399079
sample,262144,128,vec4,5,1394820
sample,262144,128,vec4,6,1385338
sample,262144,128,vec4,7,1387598
sample,262144,128,vec4,8,1391802
sample,262144,128,vec4,9,1388922
sample,262144,128,vec4,10,1387116
sample,262144,128,vec4,11,1389264
sample,262144,128,vec4,12,1394079
sample,262144,128,vec4,13,1389940
sample,262144,128,vec4,14,1393811
sample,262144,128,vec4,15,1391255
sample,262144,128,vec4,16,1381579
sample,262144,128,vec4,17,1396885
sample,262144,128,vec4,18,1386154
sample,262144,128,vec4,19,1379115
sample,262144,128,vec4,20,1393209
sample,262144,128,vec4,21,1391774
sample,262144,128,vec4,22,1389005
sample,262144,128,vec4,23,1381690
sample,262144,128,vec4,24,1397515
sample,262144,128,vec4,25,1387607
sample,262144,128,vec4,26,1431644
sample,262144,128,vec4,27,1393533
sample,262144,128,vec4,28,1387015
sample,262144,128,vec4,29,1385375
measured,262144,128,fused2,4194304,16777216,5,30,17,1418969,1467913,603e59446e81431f,99960c282a7f4ca5,none,none
sample,262144,128,fused2,0,1423903
sample,262144,128,fused2,1,1436793
sample,262144,128,fused2,2,1414811
sample,262144,128,fused2,3,1457552
sample,262144,128,fused2,4,1422496
sample,262144,128,fused2,5,1431672
sample,262144,128,fused2,6,1410375
sample,262144,128,fused2,7,1432801
sample,262144,128,fused2,8,1418969
sample,262144,128,fused2,9,1414459
sample,262144,128,fused2,10,1416450
sample,262144,128,fused2,11,1409811
sample,262144,128,fused2,12,1412154
sample,262144,128,fused2,13,1425477
sample,262144,128,fused2,14,1412125
sample,262144,128,fused2,15,1404172
sample,262144,128,fused2,16,1418874
sample,262144,128,fused2,17,1420690
sample,262144,128,fused2,18,1421005
sample,262144,128,fused2,19,1408116
sample,262144,128,fused2,20,1427422
sample,262144,128,fused2,21,1415847
sample,262144,128,fused2,22,1411469
sample,262144,128,fused2,23,1412486
sample,262144,128,fused2,24,1413014
sample,262144,128,fused2,25,1530255
sample,262144,128,fused2,26,1467913
sample,262144,128,fused2,27,1433783
sample,262144,128,fused2,28,1425366
sample,262144,128,fused2,29,1422663
measured,262144,128,tile8,4194304,16777216,5,30,16,1574097,1610709,603e59446e81431f,99960c282a7f4ca5,none,none
sample,262144,128,tile8,0,1590486
sample,262144,128,tile8,1,1584763
sample,262144,128,tile8,2,1655430
sample,262144,128,tile8,3,1595190
sample,262144,128,tile8,4,1596236
sample,262144,128,tile8,5,1568977
sample,262144,128,tile8,6,1572384
sample,262144,128,tile8,7,1570106
sample,262144,128,tile8,8,1579792
sample,262144,128,tile8,9,1564338
sample,262144,128,tile8,10,1569820
sample,262144,128,tile8,11,1562662
sample,262144,128,tile8,12,1570431
sample,262144,128,tile8,13,1574746
sample,262144,128,tile8,14,1563283
sample,262144,128,tile8,15,1580069
sample,262144,128,tile8,16,1561485
sample,262144,128,tile8,17,1576226
sample,262144,128,tile8,18,1572615
sample,262144,128,tile8,19,1569013
sample,262144,128,tile8,20,1587504
sample,262144,128,tile8,21,1579514
sample,262144,128,tile8,22,1573838
sample,262144,128,tile8,23,1574097
sample,262144,128,tile8,24,1581633
sample,262144,128,tile8,25,1557718
sample,262144,128,tile8,26,1610709
sample,262144,128,tile8,27,1578643
sample,262144,128,tile8,28,1577107
sample,262144,128,tile8,29,1571635
skipped_limit,262144,512,vec4,16777216,67108864,NA,NA,NA,NA,NA,NA,NA,cohort_dispatch_limit,none
skipped_limit,262144,512,fused2,16777216,67108864,NA,NA,NA,NA,NA,NA,NA,cohort_dispatch_limit,none
skipped_limit,262144,512,tile8,16777216,67108864,NA,NA,NA,NA,NA,NA,NA,cohort_dispatch_limit,none
skipped_limit,262144,2048,vec4,67108864,268435456,NA,NA,NA,NA,NA,NA,NA,cohort_dispatch_limit,none
skipped_limit,262144,2048,fused2,67108864,268435456,NA,NA,NA,NA,NA,NA,NA,cohort_dispatch_limit,none
skipped_limit,262144,2048,tile8,67108864,268435456,NA,NA,NA,NA,NA,NA,NA,cohort_dispatch_limit,none
skipped_limit,1048576,128,vec4,16777216,67108864,NA,NA,NA,NA,NA,NA,NA,cohort_dispatch_limit,none
skipped_limit,1048576,128,fused2,16777216,67108864,NA,NA,NA,NA,NA,NA,NA,cohort_dispatch_limit,none
skipped_limit,1048576,128,tile8,16777216,67108864,NA,NA,NA,NA,NA,NA,NA,cohort_dispatch_limit,none
skipped_limit,1048576,512,vec4,67108864,268435456,NA,NA,NA,NA,NA,NA,NA,cohort_dispatch_limit,none
skipped_limit,1048576,512,fused2,67108864,268435456,NA,NA,NA,NA,NA,NA,NA,cohort_dispatch_limit,none
skipped_limit,1048576,512,tile8,67108864,268435456,NA,NA,NA,NA,NA,NA,NA,cohort_dispatch_limit,none
skipped_limit,1048576,2048,vec4,268435456,1073741824,NA,NA,NA,NA,NA,NA,NA,cohort_dispatch_limit,none
skipped_limit,1048576,2048,fused2,268435456,1073741824,NA,NA,NA,NA,NA,NA,NA,cohort_dispatch_limit,none
skipped_limit,1048576,2048,tile8,268435456,1073741824,NA,NA,NA,NA,NA,NA,NA,cohort_dispatch_limit,none
qualification_status=complete
