reservation_admitted=controlled_services_paused_lock_contends_visible_users_owned
diagnostic_observation_incomplete_run_1
run_1_exit=0
qualification_status=complete
diagnostic_observation_incomplete_run_2
run_2_exit=0
qualification_status=complete
run_3_exit=0
qualification_status=complete
run_4_exit=0
qualification_status=complete
diagnostic_observation_incomplete_run_5
run_5_exit=0
qualification_status=complete
run_6_exit=0
qualification_status=complete
run_7_exit=0
qualification_status=complete
run_8_exit=0
qualification_status=complete
run_9_exit=0
qualification_status=complete
run_10_exit=0
qualification_status=complete
diagnostic_complete=10_invocations_no_timing_claim
reservation_released_exit=0
