benchmark=pvp3d_three_candidate_same_device
source_revision=ddb6f0144821dfa29d268601e7087e5001278e52
adapter=NVIDIA Tegra NVIDIA Thor
backend=Vulkan
device_type=IntegratedGpu
vendor_id=4318
device_id=11008
driver=NVIDIA
driver_info=580.00
hardware_measurement_eligible=true
physical_admission=external_remoteops_evidence_required
performance_claim=none
primary_timing_scope=resident_encode_plus_queue_submit_plus_device_wait
state_reset_scope=completed_before_timer
correctness_readback_scope=before_and_after_timing
candidate_order=ABC_ACB_BAC_BCA_CAB_CBA
resident_payload_scope=source_plus_three_states_excludes_driver_uniforms_and_readback
status,k,g,candidate,state_bytes,resident_payload_bytes,warmups,repeats,logical_dispatches,p50_ns,p95_ns,input_checksum,output_checksum,skip_reason,performance_claim
measured,256,128,vec4,4096,16384,5,30,8,255721,286434,4c67926a9205d7b4,956299587c8af4b4,none,none
sample,256,128,vec4,0,259258
sample,256,128,vec4,1,259074
sample,256,128,vec4,2,255212
sample,256,128,vec4,3,290287
sample,256,128,vec4,4,255721
sample,256,128,vec4,5,246869
sample,256,128,vec4,6,249185
sample,256,128,vec4,7,246684
sample,256,128,vec4,8,254166
sample,256,128,vec4,9,253324
sample,256,128,vec4,10,251777
sample,256,128,vec4,11,261841
sample,256,128,vec4,12,257064
sample,256,128,vec4,13,253647
sample,256,128,vec4,14,260064
sample,256,128,vec4,15,257693
sample,256,128,vec4,16,256426
sample,256,128,vec4,17,260767
sample,256,128,vec4,18,249657
sample,256,128,vec4,19,248139
sample,256,128,vec4,20,248592
sample,256,128,vec4,21,257684
sample,256,128,vec4,22,253267
sample,256,128,vec4,23,252888
sample,256,128,vec4,24,254232
sample,256,128,vec4,25,258379
sample,256,128,vec4,26,286434
sample,256,128,vec4,27,260583
sample,256,128,vec4,28,261157
sample,256,128,vec4,29,270323
measured,256,128,fused2,4096,16384,5,30,7,232628,245989,4c67926a9205d7b4,956299587c8af4b4,none,none
sample,256,128,fused2,0,234842
sample,256,128,fused2,1,235203
sample,256,128,fused2,2,237110
sample,256,128,fused2,3,240749
sample,256,128,fused2,4,232018
sample,256,128,fused2,5,225795
sample,256,128,fused2,6,228630
sample,256,128,fused2,7,225980
sample,256,128,fused2,8,232379
sample,256,128,fused2,9,231443
sample,256,128,fused2,10,234536
sample,256,128,fused2,11,231592
sample,256,128,fused2,12,234508
sample,256,128,fused2,13,231916
sample,256,128,fused2,14,232167
sample,256,128,fused2,15,231861
sample,256,128,fused2,16,236880
sample,256,128,fused2,17,232628
sample,256,128,fused2,18,229453
sample,256,128,fused2,19,231249
sample,256,128,fused2,20,223406
sample,256,128,fused2,21,232000
sample,256,128,fused2,22,234268
sample,256,128,fused2,23,236526
sample,256,128,fused2,24,237259
sample,256,128,fused2,25,236934
sample,256,128,fused2,26,407619
sample,256,128,fused2,27,243342
sample,256,128,fused2,28,237621
sample,256,128,fused2,29,245989
measured,256,128,tile8,4096,16384,5,30,6,210406,237600,4c67926a9205d7b4,956299587c8af4b4,none,none
sample,256,128,tile8,0,213000
sample,256,128,tile8,1,211185
sample,256,128,tile8,2,256879
sample,256,128,tile8,3,212574
sample,256,128,tile8,4,210852
sample,256,128,tile8,5,205499
sample,256,128,tile8,6,204489
sample,256,128,tile8,7,203147
sample,256,128,tile8,8,208407
sample,256,128,tile8,9,208971
sample,256,128,tile8,10,207416
sample,256,128,tile8,11,206639
sample,256,128,tile8,12,208767
sample,256,128,tile8,13,211851
sample,256,128,tile8,14,209397
sample,256,128,tile8,15,210406
sample,256,128,tile8,16,230398
sample,256,128,tile8,17,237600
sample,256,128,tile8,18,204500
sample,256,128,tile8,19,209212
sample,256,128,tile8,20,208260
sample,256,128,tile8,21,208167
sample,256,128,tile8,22,209119
sample,256,128,tile8,23,213166
sample,256,128,tile8,24,210676
sample,256,128,tile8,25,210703
sample,256,128,tile8,26,214369
sample,256,128,tile8,27,213249
sample,256,128,tile8,28,216907
sample,256,128,tile8,29,236658
measured,256,512,vec4,16384,65536,5,30,8,265305,312120,38bbe1f688e24d78,1c8bb372f8f1302e,none,none
sample,256,512,vec4,0,259721
sample,256,512,vec4,1,312120
sample,256,512,vec4,2,261074
sample,256,512,vec4,3,254591
sample,256,512,vec4,4,257666
sample,256,512,vec4,5,265305
sample,256,512,vec4,6,262638
sample,256,512,vec4,7,262518
sample,256,512,vec4,8,267999
sample,256,512,vec4,9,272045
sample,256,512,vec4,10,266805
sample,256,512,vec4,11,266563
sample,256,512,vec4,12,263379
sample,256,512,vec4,13,263962
sample,256,512,vec4,14,264694
sample,256,512,vec4,15,264897
sample,256,512,vec4,16,262574
sample,256,512,vec4,17,262637
sample,256,512,vec4,18,269453
sample,256,512,vec4,19,262712
sample,256,512,vec4,20,270258
sample,256,512,vec4,21,268916
sample,256,512,vec4,22,268712
sample,256,512,vec4,23,268102
sample,256,512,vec4,24,268778
sample,256,512,vec4,25,273018
sample,256,512,vec4,26,315897
sample,256,512,vec4,27,275545
sample,256,512,vec4,28,263333
sample,256,512,vec4,29,265888
measured,256,512,fused2,16384,65536,5,30,7,243221,289360,38bbe1f688e24d78,1c8bb372f8f1302e,none,none
sample,256,512,fused2,0,241601
sample,256,512,fused2,1,263907
sample,256,512,fused2,2,245045
sample,256,512,fused2,3,231889
sample,256,512,fused2,4,233713
sample,256,512,fused2,5,245685
sample,256,512,fused2,6,240314
sample,256,512,fused2,7,236804
sample,256,512,fused2,8,239055
sample,256,512,fused2,9,243676
sample,256,512,fused2,10,242324
sample,256,512,fused2,11,242841
sample,256,512,fused2,12,240861
sample,256,512,fused2,13,246313
sample,256,512,fused2,14,270129
sample,256,512,fused2,15,241786
sample,256,512,fused2,16,496138
sample,256,512,fused2,17,241434
sample,256,512,fused2,18,246499
sample,256,512,fused2,19,241565
sample,256,512,fused2,20,245092
sample,256,512,fused2,21,243934
sample,256,512,fused2,22,246878
sample,256,512,fused2,23,241361
sample,256,512,fused2,24,244139
sample,256,512,fused2,25,252379
sample,256,512,fused2,26,247017
sample,256,512,fused2,27,289360
sample,256,512,fused2,28,243221
sample,256,512,fused2,29,240407
measured,256,512,tile8,16384,65536,5,30,6,219074,235573,38bbe1f688e24d78,1c8bb372f8f1302e,none,none
sample,256,512,tile8,0,212490
sample,256,512,tile8,1,230360
sample,256,512,tile8,2,212620
sample,256,512,tile8,3,208564
sample,256,512,tile8,4,209823
sample,256,512,tile8,5,209139
sample,256,512,tile8,6,217564
sample,256,512,tile8,7,216017
sample,256,512,tile8,8,218880
sample,256,512,tile8,9,219074
sample,256,512,tile8,10,219351
sample,256,512,tile8,11,224147
sample,256,512,tile8,12,216093
sample,256,512,tile8,13,216063
sample,256,512,tile8,14,259508
sample,256,512,tile8,15,217758
sample,256,512,tile8,16,219537
sample,256,512,tile8,17,235573
sample,256,512,tile8,18,217452
sample,256,512,tile8,19,216379
sample,256,512,tile8,20,220305
sample,256,512,tile8,21,220703
sample,256,512,tile8,22,227444
sample,256,512,tile8,23,219963
sample,256,512,tile8,24,223749
sample,256,512,tile8,25,222342
sample,256,512,tile8,26,221481
sample,256,512,tile8,27,222786
sample,256,512,tile8,28,221213
sample,256,512,tile8,29,215545
measured,256,2048,vec4,65536,262144,5,30,8,499268,521870,c9e538e9f9dccedd,259153fc2c7bc4e7,none,none
sample,256,2048,vec4,0,442018
sample,256,2048,vec4,1,450573
sample,256,2048,vec4,2,458703
sample,256,2048,vec4,3,478239
sample,256,2048,vec4,4,481157
sample,256,2048,vec4,5,475063
sample,256,2048,vec4,6,462120
sample,256,2048,vec4,7,477499
sample,256,2048,vec4,8,485517
sample,256,2048,vec4,9,471295
sample,256,2048,vec4,10,477128
sample,256,2048,vec4,11,492026
sample,256,2048,vec4,12,499119
sample,256,2048,vec4,13,499749
sample,256,2048,vec4,14,499268
sample,256,2048,vec4,15,493526
sample,256,2048,vec4,16,509906
sample,256,2048,vec4,17,515166
sample,256,2048,vec4,18,514434
sample,256,2048,vec4,19,510378
sample,256,2048,vec4,20,517258
sample,256,2048,vec4,21,521870
sample,256,2048,vec4,22,520832
sample,256,2048,vec4,23,526174
sample,256,2048,vec4,24,509564
sample,256,2048,vec4,25,507628
sample,256,2048,vec4,26,520044
sample,256,2048,vec4,27,516138
sample,256,2048,vec4,28,520082
sample,256,2048,vec4,29,516433
measured,256,2048,fused2,65536,262144,5,30,7,473814,485897,c9e538e9f9dccedd,259153fc2c7bc4e7,none,none
sample,256,2048,fused2,0,411266
sample,256,2048,fused2,1,447898
sample,256,2048,fused2,2,427620
sample,256,2048,fused2,3,435064
sample,256,2048,fused2,4,442934
sample,256,2048,fused2,5,433582
sample,256,2048,fused2,6,448323
sample,256,2048,fused2,7,456703
sample,256,2048,fused2,8,482999
sample,256,2048,fused2,9,447666
sample,256,2048,fused2,10,445720
sample,256,2048,fused2,11,455063
sample,256,2048,fused2,12,461554
sample,256,2048,fused2,13,481101
sample,256,2048,fused2,14,455999
sample,256,2048,fused2,15,460313
sample,256,2048,fused2,16,475138
sample,256,2048,fused2,17,480350
sample,256,2048,fused2,18,485350
sample,256,2048,fused2,19,481100
sample,256,2048,fused2,20,481323
sample,256,2048,fused2,21,485897
sample,256,2048,fused2,22,487980
sample,256,2048,fused2,23,481980
sample,256,2048,fused2,24,474230
sample,256,2048,fused2,25,484480
sample,256,2048,fused2,26,483989
sample,256,2048,fused2,27,479508
sample,256,2048,fused2,28,481414
sample,256,2048,fused2,29,473814
measured,256,2048,tile8,65536,262144,5,30,6,439231,458046,c9e538e9f9dccedd,259153fc2c7bc4e7,none,none
sample,256,2048,tile8,0,392388
sample,256,2048,tile8,1,409823
sample,256,2048,tile8,2,413489
sample,256,2048,tile8,3,416166
sample,256,2048,tile8,4,458046
sample,256,2048,tile8,5,411592
sample,256,2048,tile8,6,428490
sample,256,2048,tile8,7,425721
sample,256,2048,tile8,8,414397
sample,256,2048,tile8,9,409841
sample,256,2048,tile8,10,422378
sample,256,2048,tile8,11,431869
sample,256,2048,tile8,12,439231
sample,256,2048,tile8,13,456795
sample,256,2048,tile8,14,433453
sample,256,2048,tile8,15,435675
sample,256,2048,tile8,16,432027
sample,256,2048,tile8,17,448175
sample,256,2048,tile8,18,454026
sample,256,2048,tile8,19,444980
sample,256,2048,tile8,20,460175
sample,256,2048,tile8,21,453629
sample,256,2048,tile8,22,456573
sample,256,2048,tile8,23,453331
sample,256,2048,tile8,24,450545
sample,256,2048,tile8,25,452008
sample,256,2048,tile8,26,453748
sample,256,2048,tile8,27,453999
sample,256,2048,tile8,28,455915
sample,256,2048,tile8,29,445934
measured,1024,128,vec4,16384,65536,5,30,10,586164,600896,26abf5bddd03bbc5,79acd556594188cd,none,none
sample,1024,128,vec4,0,582100
sample,1024,128,vec4,1,591813
sample,1024,128,vec4,2,597202
sample,1024,128,vec4,3,600896
sample,1024,128,vec4,4,577785
sample,1024,128,vec4,5,589249
sample,1024,128,vec4,6,591258
sample,1024,128,vec4,7,587415
sample,1024,128,vec4,8,581739
sample,1024,128,vec4,9,578174
sample,1024,128,vec4,10,586258
sample,1024,128,vec4,11,584591
sample,1024,128,vec4,12,585184
sample,1024,128,vec4,13,578387
sample,1024,128,vec4,14,593805
sample,1024,128,vec4,15,590489
sample,1024,128,vec4,16,586637
sample,1024,128,vec4,17,585416
sample,1024,128,vec4,18,578572
sample,1024,128,vec4,19,573610
sample,1024,128,vec4,20,637156
sample,1024,128,vec4,21,582850
sample,1024,128,vec4,22,575970
sample,1024,128,vec4,23,585961
sample,1024,128,vec4,24,586878
sample,1024,128,vec4,25,594100
sample,1024,128,vec4,26,589091
sample,1024,128,vec4,27,574017
sample,1024,128,vec4,28,586164
sample,1024,128,vec4,29,586860
measured,1024,128,fused2,16384,65536,5,30,9,553610,583221,26abf5bddd03bbc5,79acd556594188cd,none,none
sample,1024,128,fused2,0,550193
sample,1024,128,fused2,1,559378
sample,1024,128,fused2,2,560924
sample,1024,128,fused2,3,562712
sample,1024,128,fused2,4,574897
sample,1024,128,fused2,5,545221
sample,1024,128,fused2,6,557285
sample,1024,128,fused2,7,553970
sample,1024,128,fused2,8,552341
sample,1024,128,fused2,9,549869
sample,1024,128,fused2,10,542323
sample,1024,128,fused2,11,553822
sample,1024,128,fused2,12,552860
sample,1024,128,fused2,13,540850
sample,1024,128,fused2,14,555081
sample,1024,128,fused2,15,563405
sample,1024,128,fused2,16,614730
sample,1024,128,fused2,17,548896
sample,1024,128,fused2,18,551100
sample,1024,128,fused2,19,557979
sample,1024,128,fused2,20,570518
sample,1024,128,fused2,21,548555
sample,1024,128,fused2,22,553610
sample,1024,128,fused2,23,556572
sample,1024,128,fused2,24,553072
sample,1024,128,fused2,25,544979
sample,1024,128,fused2,26,583221
sample,1024,128,fused2,27,541295
sample,1024,128,fused2,28,549416
sample,1024,128,fused2,29,559322
measured,1024,128,tile8,16384,65536,5,30,8,513860,530711,26abf5bddd03bbc5,79acd556594188cd,none,none
sample,1024,128,tile8,0,511656
sample,1024,128,tile8,1,529646
sample,1024,128,tile8,2,525981
sample,1024,128,tile8,3,530711
sample,1024,128,tile8,4,513425
sample,1024,128,tile8,5,513785
sample,1024,128,tile8,6,519804
sample,1024,128,tile8,7,514350
sample,1024,128,tile8,8,515952
sample,1024,128,tile8,9,509721
sample,1024,128,tile8,10,504609
sample,1024,128,tile8,11,524470
sample,1024,128,tile8,12,509656
sample,1024,128,tile8,13,508925
sample,1024,128,tile8,14,523572
sample,1024,128,tile8,15,526971
sample,1024,128,tile8,16,518739
sample,1024,128,tile8,17,561016
sample,1024,128,tile8,18,513860
sample,1024,128,tile8,19,502535
sample,1024,128,tile8,20,516970
sample,1024,128,tile8,21,505796
sample,1024,128,tile8,22,504165
sample,1024,128,tile8,23,514684
sample,1024,128,tile8,24,522527
sample,1024,128,tile8,25,513062
sample,1024,128,tile8,26,510618
sample,1024,128,tile8,27,506759
sample,1024,128,tile8,28,509877
sample,1024,128,tile8,29,528804
measured,1024,512,vec4,65536,262144,5,30,10,423101,618396,0949b62ffc70d026,7663f0c9d3466943,none,none
sample,1024,512,vec4,0,417007
sample,1024,512,vec4,1,417981
sample,1024,512,vec4,2,408619
sample,1024,512,vec4,3,409175
sample,1024,512,vec4,4,409934
sample,1024,512,vec4,5,427388
sample,1024,512,vec4,6,421759
sample,1024,512,vec4,7,415083
sample,1024,512,vec4,8,413573
sample,1024,512,vec4,9,459044
sample,1024,512,vec4,10,416554
sample,1024,512,vec4,11,414414
sample,1024,512,vec4,12,421388
sample,1024,512,vec4,13,411212
sample,1024,512,vec4,14,416749
sample,1024,512,vec4,15,425841
sample,1024,512,vec4,16,418027
sample,1024,512,vec4,17,423101
sample,1024,512,vec4,18,655305
sample,1024,512,vec4,19,604416
sample,1024,512,vec4,20,587110
sample,1024,512,vec4,21,608257
sample,1024,512,vec4,22,572286
sample,1024,512,vec4,23,584064
sample,1024,512,vec4,24,584174
sample,1024,512,vec4,25,618396
sample,1024,512,vec4,26,584443
sample,1024,512,vec4,27,587489
sample,1024,512,vec4,28,587675
sample,1024,512,vec4,29,582564
measured,1024,512,fused2,65536,262144,5,30,9,384544,555961,0949b62ffc70d026,7663f0c9d3466943,none,none
sample,1024,512,fused2,0,388536
sample,1024,512,fused2,1,380101
sample,1024,512,fused2,2,376434
sample,1024,512,fused2,3,376915
sample,1024,512,fused2,4,380601
sample,1024,512,fused2,5,381138
sample,1024,512,fused2,6,384544
sample,1024,512,fused2,7,383202
sample,1024,512,fused2,8,379239
sample,1024,512,fused2,9,414601
sample,1024,512,fused2,10,376618
sample,1024,512,fused2,11,379036
sample,1024,512,fused2,12,375129
sample,1024,512,fused2,13,377064
sample,1024,512,fused2,14,376026
sample,1024,512,fused2,15,410249
sample,1024,512,fused2,16,382638
sample,1024,512,fused2,17,375425
sample,1024,512,fused2,18,558507
sample,1024,512,fused2,19,555961
sample,1024,512,fused2,20,551527
sample,1024,512,fused2,21,554480
sample,1024,512,fused2,22,538980
sample,1024,512,fused2,23,533840
sample,1024,512,fused2,24,554053
sample,1024,512,fused2,25,538054
sample,1024,512,fused2,26,537285
sample,1024,512,fused2,27,545887
sample,1024,512,fused2,28,551397
sample,1024,512,fused2,29,552915
measured,1024,512,tile8,65536,262144,5,30,8,355194,523609,0949b62ffc70d026,7663f0c9d3466943,none,none
sample,1024,512,tile8,0,398509
sample,1024,512,tile8,1,347332
sample,1024,512,tile8,2,345999
sample,1024,512,tile8,3,344999
sample,1024,512,tile8,4,342203
sample,1024,512,tile8,5,352314
sample,1024,512,tile8,6,351231
sample,1024,512,tile8,7,349471
sample,1024,512,tile8,8,351240
sample,1024,512,tile8,9,355194
sample,1024,512,tile8,10,344730
sample,1024,512,tile8,11,349545
sample,1024,512,tile8,12,350490
sample,1024,512,tile8,13,343017
sample,1024,512,tile8,14,349156
sample,1024,512,tile8,15,394323
sample,1024,512,tile8,16,362915
sample,1024,512,tile8,17,341369
sample,1024,512,tile8,18,523609
sample,1024,512,tile8,19,520692
sample,1024,512,tile8,20,522627
sample,1024,512,tile8,21,519443
sample,1024,512,tile8,22,519081
sample,1024,512,tile8,23,515118
sample,1024,512,tile8,24,548925
sample,1024,512,tile8,25,506683
sample,1024,512,tile8,26,523230
sample,1024,512,tile8,27,523249
sample,1024,512,tile8,28,519461
sample,1024,512,tile8,29,517887
measured,1024,2048,vec4,262144,1048576,5,30,10,590312,612952,2d4a1c573b9665e7,d32c613321b43c7f,none,none
sample,1024,2048,vec4,0,599471
sample,1024,2048,vec4,1,590675
sample,1024,2048,vec4,2,581785
sample,1024,2048,vec4,3,612952
sample,1024,2048,vec4,4,578665
sample,1024,2048,vec4,5,590312
sample,1024,2048,vec4,6,590166
sample,1024,2048,vec4,7,591407
sample,1024,2048,vec4,8,596841
sample,1024,2048,vec4,9,596240
sample,1024,2048,vec4,10,593331
sample,1024,2048,vec4,11,585452
sample,1024,2048,vec4,12,595739
sample,1024,2048,vec4,13,587276
sample,1024,2048,vec4,14,591665
sample,1024,2048,vec4,15,596156
sample,1024,2048,vec4,16,591516
sample,1024,2048,vec4,17,592776
sample,1024,2048,vec4,18,588971
sample,1024,2048,vec4,19,579777
sample,1024,2048,vec4,20,622128
sample,1024,2048,vec4,21,587545
sample,1024,2048,vec4,22,599693
sample,1024,2048,vec4,23,589952
sample,1024,2048,vec4,24,594212
sample,1024,2048,vec4,25,420840
sample,1024,2048,vec4,26,421916
sample,1024,2048,vec4,27,469360
sample,1024,2048,vec4,28,422860
sample,1024,2048,vec4,29,416795
measured,1024,2048,fused2,262144,1048576,5,30,9,554610,570305,2d4a1c573b9665e7,d32c613321b43c7f,none,none
sample,1024,2048,fused2,0,556897
sample,1024,2048,fused2,1,554146
sample,1024,2048,fused2,2,570305
sample,1024,2048,fused2,3,547387
sample,1024,2048,fused2,4,547257
sample,1024,2048,fused2,5,547535
sample,1024,2048,fused2,6,558516
sample,1024,2048,fused2,7,553333
sample,1024,2048,fused2,8,555711
sample,1024,2048,fused2,9,554961
sample,1024,2048,fused2,10,549064
sample,1024,2048,fused2,11,556692
sample,1024,2048,fused2,12,554610
sample,1024,2048,fused2,13,556416
sample,1024,2048,fused2,14,559525
sample,1024,2048,fused2,15,558850
sample,1024,2048,fused2,16,555924
sample,1024,2048,fused2,17,557860
sample,1024,2048,fused2,18,582906
sample,1024,2048,fused2,19,545044
sample,1024,2048,fused2,20,553313
sample,1024,2048,fused2,21,543564
sample,1024,2048,fused2,22,562554
sample,1024,2048,fused2,23,557692
sample,1024,2048,fused2,24,555674
sample,1024,2048,fused2,25,387379
sample,1024,2048,fused2,26,383590
sample,1024,2048,fused2,27,383925
sample,1024,2048,fused2,28,385962
sample,1024,2048,fused2,29,378240
measured,1024,2048,tile8,262144,1048576,5,30,8,533638,561562,2d4a1c573b9665e7,d32c613321b43c7f,none,none
sample,1024,2048,tile8,0,540174
sample,1024,2048,tile8,1,537970
sample,1024,2048,tile8,2,524259
sample,1024,2048,tile8,3,526572
sample,1024,2048,tile8,4,585267
sample,1024,2048,tile8,5,533221
sample,1024,2048,tile8,6,542128
sample,1024,2048,tile8,7,532924
sample,1024,2048,tile8,8,536573
sample,1024,2048,tile8,9,537359
sample,1024,2048,tile8,10,561562
sample,1024,2048,tile8,11,529480
sample,1024,2048,tile8,12,527248
sample,1024,2048,tile8,13,527045
sample,1024,2048,tile8,14,535351
sample,1024,2048,tile8,15,535018
sample,1024,2048,tile8,16,535451
sample,1024,2048,tile8,17,541462
sample,1024,2048,tile8,18,542109
sample,1024,2048,tile8,19,533638
sample,1024,2048,tile8,20,541100
sample,1024,2048,tile8,21,530860
sample,1024,2048,tile8,22,560666
sample,1024,2048,tile8,23,552036
sample,1024,2048,tile8,24,366249
sample,1024,2048,tile8,25,365036
sample,1024,2048,tile8,26,365268
sample,1024,2048,tile8,27,363601
sample,1024,2048,tile8,28,376517
sample,1024,2048,tile8,29,364009
measured,4096,128,vec4,65536,262144,5,30,12,488148,529739,d878e557b6daedce,8cc85ceb09c8efed,none,none
sample,4096,128,vec4,0,490285
sample,4096,128,vec4,1,490416
sample,4096,128,vec4,2,540332
sample,4096,128,vec4,3,479240
sample,4096,128,vec4,4,479527
sample,4096,128,vec4,5,507776
sample,4096,128,vec4,6,486194
sample,4096,128,vec4,7,497646
sample,4096,128,vec4,8,490137
sample,4096,128,vec4,9,496461
sample,4096,128,vec4,10,493498
sample,4096,128,vec4,11,488581
sample,4096,128,vec4,12,501564
sample,4096,128,vec4,13,488035
sample,4096,128,vec4,14,486479
sample,4096,128,vec4,15,485277
sample,4096,128,vec4,16,480453
sample,4096,128,vec4,17,529739
sample,4096,128,vec4,18,487749
sample,4096,128,vec4,19,483025
sample,4096,128,vec4,20,485249
sample,4096,128,vec4,21,488860
sample,4096,128,vec4,22,497110
sample,4096,128,vec4,23,487924
sample,4096,128,vec4,24,486120
sample,4096,128,vec4,25,487461
sample,4096,128,vec4,26,488387
sample,4096,128,vec4,27,494701
sample,4096,128,vec4,28,484897
sample,4096,128,vec4,29,488148
measured,4096,128,fused2,65536,262144,5,30,11,454794,475175,d878e557b6daedce,8cc85ceb09c8efed,none,none
sample,4096,128,fused2,0,458193
sample,4096,128,fused2,1,455647
sample,4096,128,fused2,2,493155
sample,4096,128,fused2,3,458239
sample,4096,128,fused2,4,451091
sample,4096,128,fused2,5,474221
sample,4096,128,fused2,6,447017
sample,4096,128,fused2,7,454628
sample,4096,128,fused2,8,452703
sample,4096,128,fused2,9,454794
sample,4096,128,fused2,10,453157
sample,4096,128,fused2,11,461592
sample,4096,128,fused2,12,460489
sample,4096,128,fused2,13,460933
sample,4096,128,fused2,14,461878
sample,4096,128,fused2,15,475175
sample,4096,128,fused2,16,452675
sample,4096,128,fused2,17,446869
sample,4096,128,fused2,18,454776
sample,4096,128,fused2,19,456666
sample,4096,128,fused2,20,446055
sample,4096,128,fused2,21,455685
sample,4096,128,fused2,22,455203
sample,4096,128,fused2,23,456332
sample,4096,128,fused2,24,454063
sample,4096,128,fused2,25,455942
sample,4096,128,fused2,26,453129
sample,4096,128,fused2,27,450868
sample,4096,128,fused2,28,450748
sample,4096,128,fused2,29,447082
measured,4096,128,tile8,65536,262144,5,30,10,424314,454990,d878e557b6daedce,8cc85ceb09c8efed,none,none
sample,4096,128,tile8,0,423887
sample,4096,128,tile8,1,427544
sample,4096,128,tile8,2,424962
sample,4096,128,tile8,3,421712
sample,4096,128,tile8,4,425194
sample,4096,128,tile8,5,446249
sample,4096,128,tile8,6,418582
sample,4096,128,tile8,7,418462
sample,4096,128,tile8,8,424731
sample,4096,128,tile8,9,424314
sample,4096,128,tile8,10,423869
sample,4096,128,tile8,11,419499
sample,4096,128,tile8,12,425878
sample,4096,128,tile8,13,425397
sample,4096,128,tile8,14,506600
sample,4096,128,tile8,15,424692
sample,4096,128,tile8,16,415803
sample,4096,128,tile8,17,421962
sample,4096,128,tile8,18,425415
sample,4096,128,tile8,19,420582
sample,4096,128,tile8,20,426045
sample,4096,128,tile8,21,424083
sample,4096,128,tile8,22,425803
sample,4096,128,tile8,23,424082
sample,4096,128,tile8,24,423360
sample,4096,128,tile8,25,421934
sample,4096,128,tile8,26,427351
sample,4096,128,tile8,27,454990
sample,4096,128,tile8,28,452544
sample,4096,128,tile8,29,419934
measured,4096,512,vec4,262144,1048576,5,30,12,496971,509674,07e875993970433c,207dceeda1be3f5b,none,none
sample,4096,512,vec4,0,509674
sample,4096,512,vec4,1,497934
sample,4096,512,vec4,2,505748
sample,4096,512,vec4,3,496971
sample,4096,512,vec4,4,515527
sample,4096,512,vec4,5,490351
sample,4096,512,vec4,6,488517
sample,4096,512,vec4,7,493971
sample,4096,512,vec4,8,503342
sample,4096,512,vec4,9,499064
sample,4096,512,vec4,10,498101
sample,4096,512,vec4,11,498896
sample,4096,512,vec4,12,493582
sample,4096,512,vec4,13,493166
sample,4096,512,vec4,14,507201
sample,4096,512,vec4,15,494720
sample,4096,512,vec4,16,492536
sample,4096,512,vec4,17,489720
sample,4096,512,vec4,18,489832
sample,4096,512,vec4,19,491712
sample,4096,512,vec4,20,495536
sample,4096,512,vec4,21,499562
sample,4096,512,vec4,22,500239
sample,4096,512,vec4,23,501601
sample,4096,512,vec4,24,501618
sample,4096,512,vec4,25,496155
sample,4096,512,vec4,26,497935
sample,4096,512,vec4,27,498489
sample,4096,512,vec4,28,493303
sample,4096,512,vec4,29,490240
measured,4096,512,fused2,262144,1048576,5,30,11,461962,527194,07e875993970433c,207dceeda1be3f5b,none,none
sample,4096,512,fused2,0,456231
sample,4096,512,fused2,1,476943
sample,4096,512,fused2,2,527194
sample,4096,512,fused2,3,455388
sample,4096,512,fused2,4,475508
sample,4096,512,fused2,5,455323
sample,4096,512,fused2,6,467749
sample,4096,512,fused2,7,474812
sample,4096,512,fused2,8,477906
sample,4096,512,fused2,9,456332
sample,4096,512,fused2,10,458813
sample,4096,512,fused2,11,459814
sample,4096,512,fused2,12,457332
sample,4096,512,fused2,13,493036
sample,4096,512,fused2,14,519517
sample,4096,512,fused2,15,454637
sample,4096,512,fused2,16,478517
sample,4096,512,fused2,17,466045
sample,4096,512,fused2,18,461962
sample,4096,512,fused2,19,457388
sample,4096,512,fused2,20,459044
sample,4096,512,fused2,21,460018
sample,4096,512,fused2,22,461573
sample,4096,512,fused2,23,485665
sample,4096,512,fused2,24,456979
sample,4096,512,fused2,25,531527
sample,4096,512,fused2,26,475100
sample,4096,512,fused2,27,454657
sample,4096,512,fused2,28,484286
sample,4096,512,fused2,29,462610
measured,4096,512,tile8,262144,1048576,5,30,10,444564,493147,07e875993970433c,207dceeda1be3f5b,none,none
sample,4096,512,tile8,0,442379
sample,4096,512,tile8,1,454018
sample,4096,512,tile8,2,439823
sample,4096,512,tile8,3,435434
sample,4096,512,tile8,4,447619
sample,4096,512,tile8,5,473479
sample,4096,512,tile8,6,438943
sample,4096,512,tile8,7,446101
sample,4096,512,tile8,8,456675
sample,4096,512,tile8,9,444795
sample,4096,512,tile8,10,445748
sample,4096,512,tile8,11,444564
sample,4096,512,tile8,12,438805
sample,4096,512,tile8,13,445174
sample,4096,512,tile8,14,446665
sample,4096,512,tile8,15,437962
sample,4096,512,tile8,16,448711
sample,4096,512,tile8,17,496370
sample,4096,512,tile8,18,434962
sample,4096,512,tile8,19,440340
sample,4096,512,tile8,20,440155
sample,4096,512,tile8,21,493147
sample,4096,512,tile8,22,461934
sample,4096,512,tile8,23,449610
sample,4096,512,tile8,24,437611
sample,4096,512,tile8,25,440694
sample,4096,512,tile8,26,443712
sample,4096,512,tile8,27,432509
sample,4096,512,tile8,28,435388
sample,4096,512,tile8,29,475711
measured,4096,2048,vec4,1048576,4194304,5,30,12,424434,627507,4143a88e49ed614b,e0842ad8f72c0c9f,none,none
sample,4096,2048,vec4,0,551822
sample,4096,2048,vec4,1,555166
sample,4096,2048,vec4,2,800387
sample,4096,2048,vec4,3,547026
sample,4096,2048,vec4,4,627507
sample,4096,2048,vec4,5,394073
sample,4096,2048,vec4,6,392120
sample,4096,2048,vec4,7,391944
sample,4096,2048,vec4,8,394257
sample,4096,2048,vec4,9,404378
sample,4096,2048,vec4,10,537322
sample,4096,2048,vec4,11,427175
sample,4096,2048,vec4,12,402888
sample,4096,2048,vec4,13,414767
sample,4096,2048,vec4,14,421786
sample,4096,2048,vec4,15,426072
sample,4096,2048,vec4,16,430507
sample,4096,2048,vec4,17,426684
sample,4096,2048,vec4,18,433990
sample,4096,2048,vec4,19,434609
sample,4096,2048,vec4,20,431943
sample,4096,2048,vec4,21,431869
sample,4096,2048,vec4,22,429082
sample,4096,2048,vec4,23,424434
sample,4096,2048,vec4,24,418462
sample,4096,2048,vec4,25,417016
sample,4096,2048,vec4,26,417443
sample,4096,2048,vec4,27,419444
sample,4096,2048,vec4,28,417295
sample,4096,2048,vec4,29,410564
measured,4096,2048,fused2,1048576,4194304,5,30,11,399157,530777,4143a88e49ed614b,e0842ad8f72c0c9f,none,none
sample,4096,2048,fused2,0,510434
sample,4096,2048,fused2,1,517405
sample,4096,2048,fused2,2,513870
sample,4096,2048,fused2,3,530777
sample,4096,2048,fused2,4,553656
sample,4096,2048,fused2,5,437499
sample,4096,2048,fused2,6,371693
sample,4096,2048,fused2,7,367776
sample,4096,2048,fused2,8,369712
sample,4096,2048,fused2,9,377407
sample,4096,2048,fused2,10,461814
sample,4096,2048,fused2,11,455044
sample,4096,2048,fused2,12,399157
sample,4096,2048,fused2,13,397657
sample,4096,2048,fused2,14,394397
sample,4096,2048,fused2,15,395064
sample,4096,2048,fused2,16,398101
sample,4096,2048,fused2,17,403174
sample,4096,2048,fused2,18,403481
sample,4096,2048,fused2,19,413451
sample,4096,2048,fused2,20,407434
sample,4096,2048,fused2,21,395637
sample,4096,2048,fused2,22,431175
sample,4096,2048,fused2,23,413480
sample,4096,2048,fused2,24,394313
sample,4096,2048,fused2,25,388832
sample,4096,2048,fused2,26,389258
sample,4096,2048,fused2,27,448583
sample,4096,2048,fused2,28,381536
sample,4096,2048,fused2,29,388185
measured,4096,2048,tile8,1048576,4194304,5,30,10,438073,997802,4143a88e49ed614b,e0842ad8f72c0c9f,none,none
sample,4096,2048,tile8,0,536406
sample,4096,2048,tile8,1,541599
sample,4096,2048,tile8,2,611592
sample,4096,2048,tile8,3,541599
sample,4096,2048,tile8,4,541776
sample,4096,2048,tile8,5,460869
sample,4096,2048,tile8,6,406314
sample,4096,2048,tile8,7,408943
sample,4096,2048,tile8,8,400693
sample,4096,2048,tile8,9,997802
sample,4096,2048,tile8,10,1711467
sample,4096,2048,tile8,11,488814
sample,4096,2048,tile8,12,430081
sample,4096,2048,tile8,13,426804
sample,4096,2048,tile8,14,441637
sample,4096,2048,tile8,15,430415
sample,4096,2048,tile8,16,435527
sample,4096,2048,tile8,17,436684
sample,4096,2048,tile8,18,442054
sample,4096,2048,tile8,19,443286
sample,4096,2048,tile8,20,443888
sample,4096,2048,tile8,21,433536
sample,4096,2048,tile8,22,438045
sample,4096,2048,tile8,23,463036
sample,4096,2048,tile8,24,427435
sample,4096,2048,tile8,25,438073
sample,4096,2048,tile8,26,439611
sample,4096,2048,tile8,27,427555
sample,4096,2048,tile8,28,418786
sample,4096,2048,tile8,29,419509
measured,16384,128,vec4,262144,1048576,5,30,14,381082,426583,318e48fc80dadb1f,a09bc0e13ecf9bf8,none,none
sample,16384,128,vec4,0,391481
sample,16384,128,vec4,1,426583
sample,16384,128,vec4,2,2171012
sample,16384,128,vec4,3,386462
sample,16384,128,vec4,4,386850
sample,16384,128,vec4,5,379868
sample,16384,128,vec4,6,384786
sample,16384,128,vec4,7,373517
sample,16384,128,vec4,8,391536
sample,16384,128,vec4,9,381370
sample,16384,128,vec4,10,378601
sample,16384,128,vec4,11,387156
sample,16384,128,vec4,12,381249
sample,16384,128,vec4,13,381082
sample,16384,128,vec4,14,418203
sample,16384,128,vec4,15,382036
sample,16384,128,vec4,16,373388
sample,16384,128,vec4,17,425758
sample,16384,128,vec4,18,412897
sample,16384,128,vec4,19,417231
sample,16384,128,vec4,20,371480
sample,16384,128,vec4,21,369360
sample,16384,128,vec4,22,372638
sample,16384,128,vec4,23,377119
sample,16384,128,vec4,24,373879
sample,16384,128,vec4,25,375489
sample,16384,128,vec4,26,375879
sample,16384,128,vec4,27,375527
sample,16384,128,vec4,28,378481
sample,16384,128,vec4,29,380212
measured,16384,128,fused2,262144,1048576,5,30,13,362370,423453,318e48fc80dadb1f,a09bc0e13ecf9bf8,none,none
sample,16384,128,fused2,0,367231
sample,16384,128,fused2,1,381525
sample,16384,128,fused2,2,374721
sample,16384,128,fused2,3,448239
sample,16384,128,fused2,4,359443
sample,16384,128,fused2,5,360804
sample,16384,128,fused2,6,365175
sample,16384,128,fused2,7,365481
sample,16384,128,fused2,8,378582
sample,16384,128,fused2,9,368665
sample,16384,128,fused2,10,361286
sample,16384,128,fused2,11,374342
sample,16384,128,fused2,12,363573
sample,16384,128,fused2,13,362370
sample,16384,128,fused2,14,362740
sample,16384,128,fused2,15,423453
sample,16384,128,fused2,16,355286
sample,16384,128,fused2,17,388026
sample,16384,128,fused2,18,383618
sample,16384,128,fused2,19,351675
sample,16384,128,fused2,20,347869
sample,16384,128,fused2,21,352091
sample,16384,128,fused2,22,350869
sample,16384,128,fused2,23,354147
sample,16384,128,fused2,24,351554
sample,16384,128,fused2,25,356323
sample,16384,128,fused2,26,351508
sample,16384,128,fused2,27,355508
sample,16384,128,fused2,28,363684
sample,16384,128,fused2,29,358740
measured,16384,128,tile8,262144,1048576,5,30,12,350350,397378,318e48fc80dadb1f,a09bc0e13ecf9bf8,none,none
sample,16384,128,tile8,0,355702
sample,16384,128,tile8,1,374129
sample,16384,128,tile8,2,401231
sample,16384,128,tile8,3,357897
sample,16384,128,tile8,4,362693
sample,16384,128,tile8,5,350879
sample,16384,128,tile8,6,348397
sample,16384,128,tile8,7,346722
sample,16384,128,tile8,8,360823
sample,16384,128,tile8,9,351758
sample,16384,128,tile8,10,347240
sample,16384,128,tile8,11,350314
sample,16384,128,tile8,12,354526
sample,16384,128,tile8,13,350350
sample,16384,128,tile8,14,361462
sample,16384,128,tile8,15,351841
sample,16384,128,tile8,16,340517
sample,16384,128,tile8,17,344749
sample,16384,128,tile8,18,374147
sample,16384,128,tile8,19,397378
sample,16384,128,tile8,20,341814
sample,16384,128,tile8,21,340379
sample,16384,128,tile8,22,341369
sample,16384,128,tile8,23,346731
sample,16384,128,tile8,24,346082
sample,16384,128,tile8,25,341786
sample,16384,128,tile8,26,347305
sample,16384,128,tile8,27,348805
sample,16384,128,tile8,28,350832
sample,16384,128,tile8,29,352073
measured,16384,512,vec4,1048576,4194304,5,30,14,415851,480044,08b87a1ca99fa7b8,cc66b7b8fae87df4,none,none
sample,16384,512,vec4,0,415851
sample,16384,512,vec4,1,414739
sample,16384,512,vec4,2,422240
sample,16384,512,vec4,3,427952
sample,16384,512,vec4,4,479442
sample,16384,512,vec4,5,408905
sample,16384,512,vec4,6,410202
sample,16384,512,vec4,7,408369
sample,16384,512,vec4,8,415072
sample,16384,512,vec4,9,416972
sample,16384,512,vec4,10,416388
sample,16384,512,vec4,11,421174
sample,16384,512,vec4,12,448943
sample,16384,512,vec4,13,427193
sample,16384,512,vec4,14,424768
sample,16384,512,vec4,15,425851
sample,16384,512,vec4,16,430564
sample,16384,512,vec4,17,445064
sample,16384,512,vec4,18,449481
sample,16384,512,vec4,19,411609
sample,16384,512,vec4,20,408610
sample,16384,512,vec4,21,407637
sample,16384,512,vec4,22,405081
sample,16384,512,vec4,23,409379
sample,16384,512,vec4,24,2309493
sample,16384,512,vec4,25,410360
sample,16384,512,vec4,26,408220
sample,16384,512,vec4,27,403999
sample,16384,512,vec4,28,400915
sample,16384,512,vec4,29,480044
measured,16384,512,fused2,1048576,4194304,5,30,13,393814,436925,08b87a1ca99fa7b8,cc66b7b8fae87df4,none,none
sample,16384,512,fused2,0,396202
sample,16384,512,fused2,1,397842
sample,16384,512,fused2,2,396684
sample,16384,512,fused2,3,403238
sample,16384,512,fused2,4,401481
sample,16384,512,fused2,5,395721
sample,16384,512,fused2,6,385017
sample,16384,512,fused2,7,390017
sample,16384,512,fused2,8,390656
sample,16384,512,fused2,9,395332
sample,16384,512,fused2,10,393814
sample,16384,512,fused2,11,391110
sample,16384,512,fused2,12,409739
sample,16384,512,fused2,13,406720
sample,16384,512,fused2,14,403073
sample,16384,512,fused2,15,401740
sample,16384,512,fused2,16,407248
sample,16384,512,fused2,17,436925
sample,16384,512,fused2,18,401240
sample,16384,512,fused2,19,386166
sample,16384,512,fused2,20,387165
sample,16384,512,fused2,21,386509
sample,16384,512,fused2,22,383045
sample,16384,512,fused2,23,386546
sample,16384,512,fused2,24,439342
sample,16384,512,fused2,25,382878
sample,16384,512,fused2,26,374462
sample,16384,512,fused2,27,380842
sample,16384,512,fused2,28,383916
sample,16384,512,fused2,29,378240
measured,16384,512,tile8,1048576,4194304,5,30,12,412823,457258,08b87a1ca99fa7b8,cc66b7b8fae87df4,none,none
sample,16384,512,tile8,0,415591
sample,16384,512,tile8,1,424840
sample,16384,512,tile8,2,425128
sample,16384,512,tile8,3,422119
sample,16384,512,tile8,4,435452
sample,16384,512,tile8,5,414739
sample,16384,512,tile8,6,404351
sample,16384,512,tile8,7,404730
sample,16384,512,tile8,8,413184
sample,16384,512,tile8,9,412823
sample,16384,512,tile8,10,411331
sample,16384,512,tile8,11,412702
sample,16384,512,tile8,12,462026
sample,16384,512,tile8,13,419712
sample,16384,512,tile8,14,419601
sample,16384,512,tile8,15,421425
sample,16384,512,tile8,16,428859
sample,16384,512,tile8,17,423314
sample,16384,512,tile8,18,413258
sample,16384,512,tile8,19,406286
sample,16384,512,tile8,20,401636
sample,16384,512,tile8,21,399564
sample,16384,512,tile8,22,394369
sample,16384,512,tile8,23,396323
sample,16384,512,tile8,24,457258
sample,16384,512,tile8,25,381563
sample,16384,512,tile8,26,394796
sample,16384,512,tile8,27,396610
sample,16384,512,tile8,28,398507
sample,16384,512,tile8,29,396879
measured,16384,2048,vec4,4194304,16777216,5,30,14,585082,611229,6be3b72c15a212b9,3199380bd5011e6c,none,none
sample,16384,2048,vec4,0,559628
sample,16384,2048,vec4,1,518990
sample,16384,2048,vec4,2,493879
sample,16384,2048,vec4,3,499693
sample,16384,2048,vec4,4,558378
sample,16384,2048,vec4,5,503138
sample,16384,2048,vec4,6,490147
sample,16384,2048,vec4,7,494026
sample,16384,2048,vec4,8,540980
sample,16384,2048,vec4,9,532739
sample,16384,2048,vec4,10,533599
sample,16384,2048,vec4,11,585813
sample,16384,2048,vec4,12,612609
sample,16384,2048,vec4,13,576433
sample,16384,2048,vec4,14,592711
sample,16384,2048,vec4,15,603553
sample,16384,2048,vec4,16,598970
sample,16384,2048,vec4,17,598905
sample,16384,2048,vec4,18,609138
sample,16384,2048,vec4,19,590648
sample,16384,2048,vec4,20,599878
sample,16384,2048,vec4,21,604573
sample,16384,2048,vec4,22,598711
sample,16384,2048,vec4,23,605091
sample,16384,2048,vec4,24,611229
sample,16384,2048,vec4,25,587657
sample,16384,2048,vec4,26,583999
sample,16384,2048,vec4,27,586267
sample,16384,2048,vec4,28,575146
sample,16384,2048,vec4,29,585082
measured,16384,2048,fused2,4194304,16777216,5,30,13,550776,598340,6be3b72c15a212b9,3199380bd5011e6c,none,none
sample,16384,2048,fused2,0,561221
sample,16384,2048,fused2,1,479091
sample,16384,2048,fused2,2,481082
sample,16384,2048,fused2,3,471036
sample,16384,2048,fused2,4,525545
sample,16384,2048,fused2,5,529128
sample,16384,2048,fused2,6,477369
sample,16384,2048,fused2,7,486249
sample,16384,2048,fused2,8,485618
sample,16384,2048,fused2,9,504480
sample,16384,2048,fused2,10,598340
sample,16384,2048,fused2,11,552239
sample,16384,2048,fused2,12,535351
sample,16384,2048,fused2,13,539055
sample,16384,2048,fused2,14,552832
sample,16384,2048,fused2,15,562573
sample,16384,2048,fused2,16,567637
sample,16384,2048,fused2,17,565007
sample,16384,2048,fused2,18,588471
sample,16384,2048,fused2,19,558267
sample,16384,2048,fused2,20,569896
sample,16384,2048,fused2,21,569970
sample,16384,2048,fused2,22,566517
sample,16384,2048,fused2,23,598507
sample,16384,2048,fused2,24,559451
sample,16384,2048,fused2,25,556369
sample,16384,2048,fused2,26,541971
sample,16384,2048,fused2,27,550202
sample,16384,2048,fused2,28,546322
sample,16384,2048,fused2,29,550776
measured,16384,2048,tile8,4194304,16777216,5,30,12,606693,636109,6be3b72c15a212b9,3199380bd5011e6c,none,none
sample,16384,2048,tile8,0,610221
sample,16384,2048,tile8,1,567499
sample,16384,2048,tile8,2,544036
sample,16384,2048,tile8,3,542916
sample,16384,2048,tile8,4,553341
sample,16384,2048,tile8,5,602822
sample,16384,2048,tile8,6,544304
sample,16384,2048,tile8,7,539193
sample,16384,2048,tile8,8,601822
sample,16384,2048,tile8,9,566498
sample,16384,2048,tile8,10,569378
sample,16384,2048,tile8,11,680563
sample,16384,2048,tile8,12,599044
sample,16384,2048,tile8,13,606693
sample,16384,2048,tile8,14,626081
sample,16384,2048,tile8,15,622600
sample,16384,2048,tile8,16,636109
sample,16384,2048,tile8,17,628591
sample,16384,2048,tile8,18,618249
sample,16384,2048,tile8,19,617729
sample,16384,2048,tile8,20,627470
sample,16384,2048,tile8,21,627424
sample,16384,2048,tile8,22,625073
sample,16384,2048,tile8,23,625914
sample,16384,2048,tile8,24,614934
sample,16384,2048,tile8,25,611211
sample,16384,2048,tile8,26,602703
sample,16384,2048,tile8,27,609915
sample,16384,2048,tile8,28,601554
sample,16384,2048,tile8,29,599627
measured,65536,128,vec4,1048576,4194304,5,30,16,548722,614498,9ec0db29a14c575b,4098921c6b362ecd,none,none
sample,65536,128,vec4,0,441462
sample,65536,128,vec4,1,445952
sample,65536,128,vec4,2,450073
sample,65536,128,vec4,3,459203
sample,65536,128,vec4,4,534072
sample,65536,128,vec4,5,526804
sample,65536,128,vec4,6,523971
sample,65536,128,vec4,7,530201
sample,65536,128,vec4,8,548722
sample,65536,128,vec4,9,548397
sample,65536,128,vec4,10,565461
sample,65536,128,vec4,11,538351
sample,65536,128,vec4,12,542166
sample,65536,128,vec4,13,538981
sample,65536,128,vec4,14,547906
sample,65536,128,vec4,15,544906
sample,65536,128,vec4,16,568119
sample,65536,128,vec4,17,553887
sample,65536,128,vec4,18,555813
sample,65536,128,vec4,19,559766
sample,65536,128,vec4,20,564739
sample,65536,128,vec4,21,573794
sample,65536,128,vec4,22,566925
sample,65536,128,vec4,23,614498
sample,65536,128,vec4,24,571619
sample,65536,128,vec4,25,571322
sample,65536,128,vec4,26,560591
sample,65536,128,vec4,27,625636
sample,65536,128,vec4,28,556656
sample,65536,128,vec4,29,567582
measured,65536,128,fused2,1048576,4194304,5,30,15,531611,577526,9ec0db29a14c575b,4098921c6b362ecd,none,none
sample,65536,128,fused2,0,420869
sample,65536,128,fused2,1,428397
sample,65536,128,fused2,2,433832
sample,65536,128,fused2,3,429388
sample,65536,128,fused2,4,506443
sample,65536,128,fused2,5,501137
sample,65536,128,fused2,6,513379
sample,65536,128,fused2,7,506572
sample,65536,128,fused2,8,518480
sample,65536,128,fused2,9,532442
sample,65536,128,fused2,10,552951
sample,65536,128,fused2,11,515212
sample,65536,128,fused2,12,523165
sample,65536,128,fused2,13,520488
sample,65536,128,fused2,14,519739
sample,65536,128,fused2,15,527377
sample,65536,128,fused2,16,577526
sample,65536,128,fused2,17,545507
sample,65536,128,fused2,18,540990
sample,65536,128,fused2,19,535795
sample,65536,128,fused2,20,540758
sample,65536,128,fused2,21,579035
sample,65536,128,fused2,22,540879
sample,65536,128,fused2,23,537174
sample,65536,128,fused2,24,541258
sample,65536,128,fused2,25,545036
sample,65536,128,fused2,26,534860
sample,65536,128,fused2,27,539554
sample,65536,128,fused2,28,531611
sample,65536,128,fused2,29,532313
measured,65536,128,tile8,1048576,4194304,5,30,14,518536,565304,9ec0db29a14c575b,4098921c6b362ecd,none,none
sample,65536,128,tile8,0,419804
sample,65536,128,tile8,1,427768
sample,65536,128,tile8,2,425425
sample,65536,128,tile8,3,432470
sample,65536,128,tile8,4,499074
sample,65536,128,tile8,5,492805
sample,65536,128,tile8,6,499479
sample,65536,128,tile8,7,498888
sample,65536,128,tile8,8,530277
sample,65536,128,tile8,9,516896
sample,65536,128,tile8,10,511120
sample,65536,128,tile8,11,511433
sample,65536,128,tile8,12,509896
sample,65536,128,tile8,13,510203
sample,65536,128,tile8,14,518536
sample,65536,128,tile8,15,515461
sample,65536,128,tile8,16,527841
sample,65536,128,tile8,17,535878
sample,65536,128,tile8,18,522822
sample,65536,128,tile8,19,526424
sample,65536,128,tile8,20,531812
sample,65536,128,tile8,21,593702
sample,65536,128,tile8,22,523897
sample,65536,128,tile8,23,525998
sample,65536,128,tile8,24,525240
sample,65536,128,tile8,25,528729
sample,65536,128,tile8,26,528146
sample,65536,128,tile8,27,565304
sample,65536,128,tile8,28,539860
sample,65536,128,tile8,29,524257
measured,65536,512,vec4,4194304,16777216,5,30,16,670896,682988,84d06402da633040,29115d73667dee45,none,none
sample,65536,512,vec4,0,670896
sample,65536,512,vec4,1,667405
sample,65536,512,vec4,2,661582
sample,65536,512,vec4,3,673665
sample,65536,512,vec4,4,674017
sample,65536,512,vec4,5,671480
sample,65536,512,vec4,6,669693
sample,65536,512,vec4,7,664304
sample,65536,512,vec4,8,674026
sample,65536,512,vec4,9,726896
sample,65536,512,vec4,10,665007
sample,65536,512,vec4,11,671248
sample,65536,512,vec4,12,671312
sample,65536,512,vec4,13,677470
sample,65536,512,vec4,14,675489
sample,65536,512,vec4,15,659942
sample,65536,512,vec4,16,673545
sample,65536,512,vec4,17,672498
sample,65536,512,vec4,18,676387
sample,65536,512,vec4,19,668331
sample,65536,512,vec4,20,667174
sample,65536,512,vec4,21,674517
sample,65536,512,vec4,22,663683
sample,65536,512,vec4,23,671822
sample,65536,512,vec4,24,661887
sample,65536,512,vec4,25,663785
sample,65536,512,vec4,26,682988
sample,65536,512,vec4,27,665775
sample,65536,512,vec4,28,537518
sample,65536,512,vec4,29,664378
measured,65536,512,fused2,4194304,16777216,5,30,15,642433,673887,84d06402da633040,29115d73667dee45,none,none
sample,65536,512,fused2,0,642433
sample,65536,512,fused2,1,644174
sample,65536,512,fused2,2,629351
sample,65536,512,fused2,3,632508
sample,65536,512,fused2,4,654359
sample,65536,512,fused2,5,636564
sample,65536,512,fused2,6,643711
sample,65536,512,fused2,7,636711
sample,65536,512,fused2,8,649803
sample,65536,512,fused2,9,644285
sample,65536,512,fused2,10,637230
sample,65536,512,fused2,11,646915
sample,65536,512,fused2,12,647740
sample,65536,512,fused2,13,642396
sample,65536,512,fused2,14,640229
sample,65536,512,fused2,15,715998
sample,65536,512,fused2,16,642619
sample,65536,512,fused2,17,643933
sample,65536,512,fused2,18,636054
sample,65536,512,fused2,19,673887
sample,65536,512,fused2,20,669119
sample,65536,512,fused2,21,636730
sample,65536,512,fused2,22,643110
sample,65536,512,fused2,23,662378
sample,65536,512,fused2,24,634629
sample,65536,512,fused2,25,636526
sample,65536,512,fused2,26,640989
sample,65536,512,fused2,27,647248
sample,65536,512,fused2,28,565898
sample,65536,512,fused2,29,638064
measured,65536,512,tile8,4194304,16777216,5,30,14,685609,726498,84d06402da633040,29115d73667dee45,none,none
sample,65536,512,tile8,0,690785
sample,65536,512,tile8,1,683369
sample,65536,512,tile8,2,676239
sample,65536,512,tile8,3,688839
sample,65536,512,tile8,4,679896
sample,65536,512,tile8,5,686443
sample,65536,512,tile8,6,682859
sample,65536,512,tile8,7,691498
sample,65536,512,tile8,8,685684
sample,65536,512,tile8,9,688795
sample,65536,512,tile8,10,728757
sample,65536,512,tile8,11,679619
sample,65536,512,tile8,12,688322
sample,65536,512,tile8,13,688349
sample,65536,512,tile8,14,726498
sample,65536,512,tile8,15,679147
sample,65536,512,tile8,16,680359
sample,65536,512,tile8,17,685609
sample,65536,512,tile8,18,685989
sample,65536,512,tile8,19,676544
sample,65536,512,tile8,20,676553
sample,65536,512,tile8,21,675906
sample,65536,512,tile8,22,685887
sample,65536,512,tile8,23,703387
sample,65536,512,tile8,24,676887
sample,65536,512,tile8,25,683822
sample,65536,512,tile8,26,689794
sample,65536,512,tile8,27,685896
sample,65536,512,tile8,28,601101
sample,65536,512,tile8,29,588555
skipped_limit,65536,2048,vec4,16777216,67108864,NA,NA,NA,NA,NA,NA,NA,cohort_dispatch_limit,none
skipped_limit,65536,2048,fused2,16777216,67108864,NA,NA,NA,NA,NA,NA,NA,cohort_dispatch_limit,none
skipped_limit,65536,2048,tile8,16777216,67108864,NA,NA,NA,NA,NA,NA,NA,cohort_dispatch_limit,none
measured,262144,128,vec4,4194304,16777216,5,30,18,934627,996006,603e59446e81431f,99960c282a7f4ca5,none,none
sample,262144,128,vec4,0,931923
sample,262144,128,vec4,1,934525
sample,262144,128,vec4,2,966154
sample,262144,128,vec4,3,943396
sample,262144,128,vec4,4,939637
sample,262144,128,vec4,5,951942
sample,262144,128,vec4,6,930469
sample,262144,128,vec4,7,915988
sample,262144,128,vec4,8,917813
sample,262144,128,vec4,9,939525
sample,262144,128,vec4,10,934034
sample,262144,128,vec4,11,934683
sample,262144,128,vec4,12,923109
sample,262144,128,vec4,13,974173
sample,262144,128,vec4,14,938553
sample,262144,128,vec4,15,934627
sample,262144,128,vec4,16,1004802
sample,262144,128,vec4,17,916887
sample,262144,128,vec4,18,938423
sample,262144,128,vec4,19,922728
sample,262144,128,vec4,20,936378
sample,262144,128,vec4,21,996006
sample,262144,128,vec4,22,926423
sample,262144,128,vec4,23,945978
sample,262144,128,vec4,24,923645
sample,262144,128,vec4,25,937405
sample,262144,128,vec4,26,933469
sample,262144,128,vec4,27,935561
sample,262144,128,vec4,28,918266
sample,262144,128,vec4,29,928321
measured,262144,128,fused2,4194304,16777216,5,30,17,926145,973562,603e59446e81431f,99960c282a7f4ca5,none,none
sample,262144,128,fused2,0,930876
sample,262144,128,fused2,1,915340
sample,262144,128,fused2,2,932339
sample,262144,128,fused2,3,910265
sample,262144,128,fused2,4,930182
sample,262144,128,fused2,5,934951
sample,262144,128,fused2,6,926488
sample,262144,128,fused2,7,973562
sample,262144,128,fused2,8,930599
sample,262144,128,fused2,9,929943
sample,262144,128,fused2,10,929108
sample,262144,128,fused2,11,922933
sample,262144,128,fused2,12,905784
sample,262144,128,fused2,13,907950
sample,262144,128,fused2,14,909303
sample,262144,128,fused2,15,926145
sample,262144,128,fused2,16,920219
sample,262144,128,fused2,17,915710
sample,262144,128,fused2,18,932303
sample,262144,128,fused2,19,921424
sample,262144,128,fused2,20,919126
sample,262144,128,fused2,21,916904
sample,262144,128,fused2,22,915155
sample,262144,128,fused2,23,931609
sample,262144,128,fused2,24,910802
sample,262144,128,fused2,25,926959
sample,262144,128,fused2,26,929497
sample,262144,128,fused2,27,981711
sample,262144,128,fused2,28,930228
sample,262144,128,fused2,29,908720
measured,262144,128,tile8,4194304,16777216,5,30,16,978006,1013006,603e59446e81431f,99960c282a7f4ca5,none,none
sample,262144,128,tile8,0,978785
sample,262144,128,tile8,1,976626
sample,262144,128,tile8,2,973832
sample,262144,128,tile8,3,970220
sample,262144,128,tile8,4,983543
sample,262144,128,tile8,5,975645
sample,262144,128,tile8,6,971183
sample,262144,128,tile8,7,976766
sample,262144,128,tile8,8,973617
sample,262144,128,tile8,9,978849
sample,262144,128,tile8,10,972961
sample,262144,128,tile8,11,1016775
sample,262144,128,tile8,12,985803
sample,262144,128,tile8,13,971367
sample,262144,128,tile8,14,988961
sample,262144,128,tile8,15,983821
sample,262144,128,tile8,16,988154
sample,262144,128,tile8,17,969071
sample,262144,128,tile8,18,973146
sample,262144,128,tile8,19,997237
sample,262144,128,tile8,20,984154
sample,262144,128,tile8,21,982980
sample,262144,128,tile8,22,971877
sample,262144,128,tile8,23,958960
sample,262144,128,tile8,24,974229
sample,262144,128,tile8,25,983275
sample,262144,128,tile8,26,978006
sample,262144,128,tile8,27,979802
sample,262144,128,tile8,28,978210
sample,262144,128,tile8,29,1013006
skipped_limit,262144,512,vec4,16777216,67108864,NA,NA,NA,NA,NA,NA,NA,cohort_dispatch_limit,none
skipped_limit,262144,512,fused2,16777216,67108864,NA,NA,NA,NA,NA,NA,NA,cohort_dispatch_limit,none
skipped_limit,262144,512,tile8,16777216,67108864,NA,NA,NA,NA,NA,NA,NA,cohort_dispatch_limit,none
skipped_limit,262144,2048,vec4,67108864,268435456,NA,NA,NA,NA,NA,NA,NA,cohort_dispatch_limit,none
skipped_limit,262144,2048,fused2,67108864,268435456,NA,NA,NA,NA,NA,NA,NA,cohort_dispatch_limit,none
skipped_limit,262144,2048,tile8,67108864,268435456,NA,NA,NA,NA,NA,NA,NA,cohort_dispatch_limit,none
skipped_limit,1048576,128,vec4,16777216,67108864,NA,NA,NA,NA,NA,NA,NA,cohort_dispatch_limit,none
skipped_limit,1048576,128,fused2,16777216,67108864,NA,NA,NA,NA,NA,NA,NA,cohort_dispatch_limit,none
skipped_limit,1048576,128,tile8,16777216,67108864,NA,NA,NA,NA,NA,NA,NA,cohort_dispatch_limit,none
skipped_limit,1048576,512,vec4,67108864,268435456,NA,NA,NA,NA,NA,NA,NA,cohort_dispatch_limit,none
skipped_limit,1048576,512,fused2,67108864,268435456,NA,NA,NA,NA,NA,NA,NA,cohort_dispatch_limit,none
skipped_limit,1048576,512,tile8,67108864,268435456,NA,NA,NA,NA,NA,NA,NA,cohort_dispatch_limit,none
skipped_limit,1048576,2048,vec4,268435456,1073741824,NA,NA,NA,NA,NA,NA,NA,cohort_dispatch_limit,none
skipped_limit,1048576,2048,fused2,268435456,1073741824,NA,NA,NA,NA,NA,NA,NA,cohort_dispatch_limit,none
skipped_limit,1048576,2048,tile8,268435456,1073741824,NA,NA,NA,NA,NA,NA,NA,cohort_dispatch_limit,none
qualification_status=complete
