benchmark=pvp3d_three_candidate_same_device
source_revision=ddb6f0144821dfa29d268601e7087e5001278e52
adapter=NVIDIA Tegra NVIDIA Thor
backend=Vulkan
device_type=IntegratedGpu
vendor_id=4318
device_id=11008
driver=NVIDIA
driver_info=580.00
hardware_measurement_eligible=true
physical_admission=external_remoteops_evidence_required
performance_claim=none
primary_timing_scope=resident_encode_plus_queue_submit_plus_device_wait
state_reset_scope=completed_before_timer
correctness_readback_scope=before_and_after_timing
candidate_order=ABC_ACB_BAC_BCA_CAB_CBA
resident_payload_scope=source_plus_three_states_excludes_driver_uniforms_and_readback
status,k,g,candidate,state_bytes,resident_payload_bytes,warmups,repeats,logical_dispatches,p50_ns,p95_ns,input_checksum,output_checksum,skip_reason,performance_claim
measured,256,128,vec4,4096,16384,5,30,8,360092,406812,4c67926a9205d7b4,956299587c8af4b4,none,none
sample,256,128,vec4,0,345749
sample,256,128,vec4,1,338980
sample,256,128,vec4,2,337378
sample,256,128,vec4,3,345137
sample,256,128,vec4,4,352091
sample,256,128,vec4,5,350240
sample,256,128,vec4,6,340527
sample,256,128,vec4,7,339101
sample,256,128,vec4,8,387092
sample,256,128,vec4,9,340249
sample,256,128,vec4,10,344897
sample,256,128,vec4,11,350240
sample,256,128,vec4,12,359730
sample,256,128,vec4,13,348092
sample,256,128,vec4,14,364314
sample,256,128,vec4,15,360092
sample,256,128,vec4,16,363203
sample,256,128,vec4,17,353138
sample,256,128,vec4,18,362120
sample,256,128,vec4,19,376443
sample,256,128,vec4,20,406812
sample,256,128,vec4,21,373416
sample,256,128,vec4,22,372045
sample,256,128,vec4,23,375694
sample,256,128,vec4,24,364962
sample,256,128,vec4,25,374879
sample,256,128,vec4,26,423517
sample,256,128,vec4,27,404627
sample,256,128,vec4,28,385674
sample,256,128,vec4,29,381564
measured,256,128,fused2,4096,16384,5,30,7,338452,444507,4c67926a9205d7b4,956299587c8af4b4,none,none
sample,256,128,fused2,0,321619
sample,256,128,fused2,1,324693
sample,256,128,fused2,2,317999
sample,256,128,fused2,3,333749
sample,256,128,fused2,4,330230
sample,256,128,fused2,5,330990
sample,256,128,fused2,6,324027
sample,256,128,fused2,7,326119
sample,256,128,fused2,8,330332
sample,256,128,fused2,9,323434
sample,256,128,fused2,10,322017
sample,256,128,fused2,11,327315
sample,256,128,fused2,12,337082
sample,256,128,fused2,13,342313
sample,256,128,fused2,14,344166
sample,256,128,fused2,15,390545
sample,256,128,fused2,16,340878
sample,256,128,fused2,17,338452
sample,256,128,fused2,18,334777
sample,256,128,fused2,19,348674
sample,256,128,fused2,20,444507
sample,256,128,fused2,21,355759
sample,256,128,fused2,22,395767
sample,256,128,fused2,23,355221
sample,256,128,fused2,24,362185
sample,256,128,fused2,25,362083
sample,256,128,fused2,26,453175
sample,256,128,fused2,27,362286
sample,256,128,fused2,28,381545
sample,256,128,fused2,29,358221
measured,256,128,tile8,4096,16384,5,30,6,315693,342480,4c67926a9205d7b4,956299587c8af4b4,none,none
sample,256,128,tile8,0,304230
sample,256,128,tile8,1,302139
sample,256,128,tile8,2,304601
sample,256,128,tile8,3,304897
sample,256,128,tile8,4,313249
sample,256,128,tile8,5,307184
sample,256,128,tile8,6,308777
sample,256,128,tile8,7,315693
sample,256,128,tile8,8,309397
sample,256,128,tile8,9,303434
sample,256,128,tile8,10,307073
sample,256,128,tile8,11,223759
sample,256,128,tile8,12,312091
sample,256,128,tile8,13,315787
sample,256,128,tile8,14,329267
sample,256,128,tile8,15,324333
sample,256,128,tile8,16,314907
sample,256,128,tile8,17,311471
sample,256,128,tile8,18,315888
sample,256,128,tile8,19,322286
sample,256,128,tile8,20,330128
sample,256,128,tile8,21,327805
sample,256,128,tile8,22,330582
sample,256,128,tile8,23,329230
sample,256,128,tile8,24,330203
sample,256,128,tile8,25,332638
sample,256,128,tile8,26,342480
sample,256,128,tile8,27,338119
sample,256,128,tile8,28,372832
sample,256,128,tile8,29,338036
measured,256,512,vec4,16384,65536,5,30,8,210610,448703,38bbe1f688e24d78,1c8bb372f8f1302e,none,none
sample,256,512,vec4,0,410175
sample,256,512,vec4,1,425914
sample,256,512,vec4,2,420166
sample,256,512,vec4,3,428138
sample,256,512,vec4,4,445379
sample,256,512,vec4,5,440794
sample,256,512,vec4,6,426573
sample,256,512,vec4,7,431638
sample,256,512,vec4,8,519100
sample,256,512,vec4,9,448703
sample,256,512,vec4,10,368573
sample,256,512,vec4,11,318333
sample,256,512,vec4,12,206934
sample,256,512,vec4,13,203406
sample,256,512,vec4,14,200768
sample,256,512,vec4,15,205888
sample,256,512,vec4,16,207389
sample,256,512,vec4,17,210610
sample,256,512,vec4,18,205739
sample,256,512,vec4,19,206712
sample,256,512,vec4,20,215593
sample,256,512,vec4,21,273963
sample,256,512,vec4,22,207795
sample,256,512,vec4,23,208778
sample,256,512,vec4,24,213480
sample,256,512,vec4,25,207935
sample,256,512,vec4,26,209091
sample,256,512,vec4,27,207582
sample,256,512,vec4,28,207054
sample,256,512,vec4,29,210009
measured,256,512,fused2,16384,65536,5,30,7,192749,436536,38bbe1f688e24d78,1c8bb372f8f1302e,none,none
sample,256,512,fused2,0,396305
sample,256,512,fused2,1,394268
sample,256,512,fused2,2,398286
sample,256,512,fused2,3,402055
sample,256,512,fused2,4,417971
sample,256,512,fused2,5,412045
sample,256,512,fused2,6,402944
sample,256,512,fused2,7,416812
sample,256,512,fused2,8,421444
sample,256,512,fused2,9,436536
sample,256,512,fused2,10,293833
sample,256,512,fused2,11,298314
sample,256,512,fused2,12,185148
sample,256,512,fused2,13,182601
sample,256,512,fused2,14,183759
sample,256,512,fused2,15,191037
sample,256,512,fused2,16,446526
sample,256,512,fused2,17,192749
sample,256,512,fused2,18,185991
sample,256,512,fused2,19,186074
sample,256,512,fused2,20,185166
sample,256,512,fused2,21,200638
sample,256,512,fused2,22,186546
sample,256,512,fused2,23,188767
sample,256,512,fused2,24,189203
sample,256,512,fused2,25,185760
sample,256,512,fused2,26,188750
sample,256,512,fused2,27,187732
sample,256,512,fused2,28,190137
sample,256,512,fused2,29,193573
measured,256,512,tile8,16384,65536,5,30,6,174841,408712,38bbe1f688e24d78,1c8bb372f8f1302e,none,none
sample,256,512,tile8,0,364915
sample,256,512,tile8,1,371666
sample,256,512,tile8,2,384109
sample,256,512,tile8,3,376795
sample,256,512,tile8,4,373101
sample,256,512,tile8,5,377555
sample,256,512,tile8,6,391092
sample,256,512,tile8,7,381878
sample,256,512,tile8,8,459294
sample,256,512,tile8,9,391461
sample,256,512,tile8,10,408712
sample,256,512,tile8,11,241434
sample,256,512,tile8,12,168527
sample,256,512,tile8,13,166444
sample,256,512,tile8,14,163916
sample,256,512,tile8,15,164648
sample,256,512,tile8,16,164176
sample,256,512,tile8,17,187824
sample,256,512,tile8,18,167378
sample,256,512,tile8,19,165166
sample,256,512,tile8,20,207861
sample,256,512,tile8,21,166657
sample,256,512,tile8,22,174434
sample,256,512,tile8,23,167813
sample,256,512,tile8,24,176157
sample,256,512,tile8,25,174841
sample,256,512,tile8,26,166768
sample,256,512,tile8,27,165934
sample,256,512,tile8,28,173593
sample,256,512,tile8,29,170092
measured,256,2048,vec4,65536,262144,5,30,8,225489,400907,c9e538e9f9dccedd,259153fc2c7bc4e7,none,none
sample,256,2048,vec4,0,216055
sample,256,2048,vec4,1,218184
sample,256,2048,vec4,2,219508
sample,256,2048,vec4,3,220573
sample,256,2048,vec4,4,220063
sample,256,2048,vec4,5,222490
sample,256,2048,vec4,6,222351
sample,256,2048,vec4,7,220471
sample,256,2048,vec4,8,224619
sample,256,2048,vec4,9,217712
sample,256,2048,vec4,10,222769
sample,256,2048,vec4,11,276712
sample,256,2048,vec4,12,229203
sample,256,2048,vec4,13,230675
sample,256,2048,vec4,14,229443
sample,256,2048,vec4,15,234953
sample,256,2048,vec4,16,222323
sample,256,2048,vec4,17,225489
sample,256,2048,vec4,18,219000
sample,256,2048,vec4,19,243314
sample,256,2048,vec4,20,240601
sample,256,2048,vec4,21,282489
sample,256,2048,vec4,22,229166
sample,256,2048,vec4,23,228582
sample,256,2048,vec4,24,224054
sample,256,2048,vec4,25,371518
sample,256,2048,vec4,26,387434
sample,256,2048,vec4,27,401998
sample,256,2048,vec4,28,397850
sample,256,2048,vec4,29,400907
measured,256,2048,fused2,65536,262144,5,30,7,207027,370444,c9e538e9f9dccedd,259153fc2c7bc4e7,none,none
sample,256,2048,fused2,0,198778
sample,256,2048,fused2,1,200444
sample,256,2048,fused2,2,197888
sample,256,2048,fused2,3,200092
sample,256,2048,fused2,4,202203
sample,256,2048,fused2,5,207045
sample,256,2048,fused2,6,203491
sample,256,2048,fused2,7,199250
sample,256,2048,fused2,8,207027
sample,256,2048,fused2,9,201852
sample,256,2048,fused2,10,245934
sample,256,2048,fused2,11,203786
sample,256,2048,fused2,12,218740
sample,256,2048,fused2,13,208925
sample,256,2048,fused2,14,210573
sample,256,2048,fused2,15,206499
sample,256,2048,fused2,16,206925
sample,256,2048,fused2,17,200981
sample,256,2048,fused2,18,200250
sample,256,2048,fused2,19,207695
sample,256,2048,fused2,20,206379
sample,256,2048,fused2,21,208842
sample,256,2048,fused2,22,212629
sample,256,2048,fused2,23,209592
sample,256,2048,fused2,24,211250
sample,256,2048,fused2,25,362851
sample,256,2048,fused2,26,366249
sample,256,2048,fused2,27,367953
sample,256,2048,fused2,28,373832
sample,256,2048,fused2,29,370444
measured,256,2048,tile8,65536,262144,5,30,6,187888,353387,c9e538e9f9dccedd,259153fc2c7bc4e7,none,none
sample,256,2048,tile8,0,186926
sample,256,2048,tile8,1,185601
sample,256,2048,tile8,2,184056
sample,256,2048,tile8,3,182119
sample,256,2048,tile8,4,182056
sample,256,2048,tile8,5,178195
sample,256,2048,tile8,6,183889
sample,256,2048,tile8,7,183295
sample,256,2048,tile8,8,185193
sample,256,2048,tile8,9,189139
sample,256,2048,tile8,10,182305
sample,256,2048,tile8,11,186425
sample,256,2048,tile8,12,186897
sample,256,2048,tile8,13,187888
sample,256,2048,tile8,14,187907
sample,256,2048,tile8,15,183267
sample,256,2048,tile8,16,184537
sample,256,2048,tile8,17,188056
sample,256,2048,tile8,18,193972
sample,256,2048,tile8,19,194480
sample,256,2048,tile8,20,195592
sample,256,2048,tile8,21,206852
sample,256,2048,tile8,22,198406
sample,256,2048,tile8,23,188861
sample,256,2048,tile8,24,192546
sample,256,2048,tile8,25,334073
sample,256,2048,tile8,26,342184
sample,256,2048,tile8,27,353777
sample,256,2048,tile8,28,353387
sample,256,2048,tile8,29,351648
measured,1024,128,vec4,16384,65536,5,30,10,322443,375268,26abf5bddd03bbc5,79acd556594188cd,none,none
sample,1024,128,vec4,0,315453
sample,1024,128,vec4,1,314231
sample,1024,128,vec4,2,326222
sample,1024,128,vec4,3,322443
sample,1024,128,vec4,4,314749
sample,1024,128,vec4,5,324240
sample,1024,128,vec4,6,325527
sample,1024,128,vec4,7,375268
sample,1024,128,vec4,8,332962
sample,1024,128,vec4,9,334462
sample,1024,128,vec4,10,330027
sample,1024,128,vec4,11,334972
sample,1024,128,vec4,12,327832
sample,1024,128,vec4,13,328906
sample,1024,128,vec4,14,386971
sample,1024,128,vec4,15,336934
sample,1024,128,vec4,16,338379
sample,1024,128,vec4,17,342378
sample,1024,128,vec4,18,333147
sample,1024,128,vec4,19,255963
sample,1024,128,vec4,20,256406
sample,1024,128,vec4,21,258740
sample,1024,128,vec4,22,251638
sample,1024,128,vec4,23,252694
sample,1024,128,vec4,24,249712
sample,1024,128,vec4,25,251193
sample,1024,128,vec4,26,257027
sample,1024,128,vec4,27,249147
sample,1024,128,vec4,28,249647
sample,1024,128,vec4,29,252314
measured,1024,128,fused2,16384,65536,5,30,9,293304,368462,26abf5bddd03bbc5,79acd556594188cd,none,none
sample,1024,128,fused2,0,293304
sample,1024,128,fused2,1,291582
sample,1024,128,fused2,2,292703
sample,1024,128,fused2,3,290064
sample,1024,128,fused2,4,297583
sample,1024,128,fused2,5,299601
sample,1024,128,fused2,6,368462
sample,1024,128,fused2,7,310499
sample,1024,128,fused2,8,297962
sample,1024,128,fused2,9,308434
sample,1024,128,fused2,10,304018
sample,1024,128,fused2,11,304082
sample,1024,128,fused2,12,304619
sample,1024,128,fused2,13,376545
sample,1024,128,fused2,14,310398
sample,1024,128,fused2,15,312907
sample,1024,128,fused2,16,314703
sample,1024,128,fused2,17,335841
sample,1024,128,fused2,18,310675
sample,1024,128,fused2,19,258712
sample,1024,128,fused2,20,238768
sample,1024,128,fused2,21,232482
sample,1024,128,fused2,22,234565
sample,1024,128,fused2,23,231675
sample,1024,128,fused2,24,234565
sample,1024,128,fused2,25,235389
sample,1024,128,fused2,26,236000
sample,1024,128,fused2,27,237425
sample,1024,128,fused2,28,233869
sample,1024,128,fused2,29,231990
measured,1024,128,tile8,16384,65536,5,30,8,264731,283194,26abf5bddd03bbc5,79acd556594188cd,none,none
sample,1024,128,tile8,0,264054
sample,1024,128,tile8,1,264731
sample,1024,128,tile8,2,262564
sample,1024,128,tile8,3,274981
sample,1024,128,tile8,4,270009
sample,1024,128,tile8,5,273962
sample,1024,128,tile8,6,277351
sample,1024,128,tile8,7,270630
sample,1024,128,tile8,8,273592
sample,1024,128,tile8,9,273610
sample,1024,128,tile8,10,283415
sample,1024,128,tile8,11,276119
sample,1024,128,tile8,12,276397
sample,1024,128,tile8,13,274767
sample,1024,128,tile8,14,283194
sample,1024,128,tile8,15,281388
sample,1024,128,tile8,16,282360
sample,1024,128,tile8,17,275008
sample,1024,128,tile8,18,242472
sample,1024,128,tile8,19,219064
sample,1024,128,tile8,20,215092
sample,1024,128,tile8,21,219240
sample,1024,128,tile8,22,216425
sample,1024,128,tile8,23,211749
sample,1024,128,tile8,24,211638
sample,1024,128,tile8,25,210795
sample,1024,128,tile8,26,214064
sample,1024,128,tile8,27,207314
sample,1024,128,tile8,28,215842
sample,1024,128,tile8,29,214935
measured,1024,512,vec4,65536,262144,5,30,10,270648,325823,0949b62ffc70d026,7663f0c9d3466943,none,none
sample,1024,512,vec4,0,258694
sample,1024,512,vec4,1,252870
sample,1024,512,vec4,2,313573
sample,1024,512,vec4,3,270879
sample,1024,512,vec4,4,270648
sample,1024,512,vec4,5,262499
sample,1024,512,vec4,6,260555
sample,1024,512,vec4,7,263583
sample,1024,512,vec4,8,264045
sample,1024,512,vec4,9,263147
sample,1024,512,vec4,10,264924
sample,1024,512,vec4,11,266101
sample,1024,512,vec4,12,265453
sample,1024,512,vec4,13,265369
sample,1024,512,vec4,14,262101
sample,1024,512,vec4,15,268092
sample,1024,512,vec4,16,276036
sample,1024,512,vec4,17,325823
sample,1024,512,vec4,18,276620
sample,1024,512,vec4,19,270054
sample,1024,512,vec4,20,271443
sample,1024,512,vec4,21,273916
sample,1024,512,vec4,22,272370
sample,1024,512,vec4,23,289425
sample,1024,512,vec4,24,341055
sample,1024,512,vec4,25,279916
sample,1024,512,vec4,26,272666
sample,1024,512,vec4,27,273944
sample,1024,512,vec4,28,273184
sample,1024,512,vec4,29,272897
measured,1024,512,fused2,65536,262144,5,30,9,249379,270545,0949b62ffc70d026,7663f0c9d3466943,none,none
sample,1024,512,fused2,0,234841
sample,1024,512,fused2,1,231111
sample,1024,512,fused2,2,229101
sample,1024,512,fused2,3,267083
sample,1024,512,fused2,4,244546
sample,1024,512,fused2,5,241638
sample,1024,512,fused2,6,242091
sample,1024,512,fused2,7,246647
sample,1024,512,fused2,8,250804
sample,1024,512,fused2,9,243555
sample,1024,512,fused2,10,244259
sample,1024,512,fused2,11,243046
sample,1024,512,fused2,12,246471
sample,1024,512,fused2,13,245601
sample,1024,512,fused2,14,242805
sample,1024,512,fused2,15,243166
sample,1024,512,fused2,16,253759
sample,1024,512,fused2,17,270545
sample,1024,512,fused2,18,266230
sample,1024,512,fused2,19,251583
sample,1024,512,fused2,20,254176
sample,1024,512,fused2,21,252388
sample,1024,512,fused2,22,251574
sample,1024,512,fused2,23,324499
sample,1024,512,fused2,24,249379
sample,1024,512,fused2,25,253850
sample,1024,512,fused2,26,250407
sample,1024,512,fused2,27,260721
sample,1024,512,fused2,28,251936
sample,1024,512,fused2,29,249703
measured,1024,512,tile8,65536,262144,5,30,8,230443,251797,0949b62ffc70d026,7663f0c9d3466943,none,none
sample,1024,512,tile8,0,214693
sample,1024,512,tile8,1,216805
sample,1024,512,tile8,2,230443
sample,1024,512,tile8,3,237638
sample,1024,512,tile8,4,228843
sample,1024,512,tile8,5,225083
sample,1024,512,tile8,6,228695
sample,1024,512,tile8,7,223583
sample,1024,512,tile8,8,225416
sample,1024,512,tile8,9,223657
sample,1024,512,tile8,10,224730
sample,1024,512,tile8,11,225111
sample,1024,512,tile8,12,226434
sample,1024,512,tile8,13,224824
sample,1024,512,tile8,14,225675
sample,1024,512,tile8,15,251797
sample,1024,512,tile8,16,228017
sample,1024,512,tile8,17,307295
sample,1024,512,tile8,18,230980
sample,1024,512,tile8,19,233278
sample,1024,512,tile8,20,242341
sample,1024,512,tile8,21,233342
sample,1024,512,tile8,22,234934
sample,1024,512,tile8,23,233666
sample,1024,512,tile8,24,239684
sample,1024,512,tile8,25,236064
sample,1024,512,tile8,26,235972
sample,1024,512,tile8,27,233832
sample,1024,512,tile8,28,233267
sample,1024,512,tile8,29,231982
measured,1024,2048,vec4,262144,1048576,5,30,10,321175,387018,2d4a1c573b9665e7,d32c613321b43c7f,none,none
sample,1024,2048,vec4,0,314759
sample,1024,2048,vec4,1,295722
sample,1024,2048,vec4,2,291916
sample,1024,2048,vec4,3,293193
sample,1024,2048,vec4,4,289629
sample,1024,2048,vec4,5,289740
sample,1024,2048,vec4,6,291804
sample,1024,2048,vec4,7,296730
sample,1024,2048,vec4,8,352934
sample,1024,2048,vec4,9,318175
sample,1024,2048,vec4,10,320908
sample,1024,2048,vec4,11,345222
sample,1024,2048,vec4,12,330555
sample,1024,2048,vec4,13,319620
sample,1024,2048,vec4,14,320703
sample,1024,2048,vec4,15,327481
sample,1024,2048,vec4,16,324833
sample,1024,2048,vec4,17,321175
sample,1024,2048,vec4,18,321934
sample,1024,2048,vec4,19,330241
sample,1024,2048,vec4,20,329527
sample,1024,2048,vec4,21,338509
sample,1024,2048,vec4,22,328045
sample,1024,2048,vec4,23,330305
sample,1024,2048,vec4,24,339378
sample,1024,2048,vec4,25,387018
sample,1024,2048,vec4,26,303574
sample,1024,2048,vec4,27,397916
sample,1024,2048,vec4,28,301129
sample,1024,2048,vec4,29,359916
measured,1024,2048,fused2,262144,1048576,5,30,9,299786,313129,2d4a1c573b9665e7,d32c613321b43c7f,none,none
sample,1024,2048,fused2,0,275435
sample,1024,2048,fused2,1,267008
sample,1024,2048,fused2,2,275638
sample,1024,2048,fused2,3,270017
sample,1024,2048,fused2,4,269351
sample,1024,2048,fused2,5,265656
sample,1024,2048,fused2,6,265592
sample,1024,2048,fused2,7,306481
sample,1024,2048,fused2,8,302073
sample,1024,2048,fused2,9,299786
sample,1024,2048,fused2,10,302194
sample,1024,2048,fused2,11,312990
sample,1024,2048,fused2,12,299379
sample,1024,2048,fused2,13,295601
sample,1024,2048,fused2,14,293324
sample,1024,2048,fused2,15,307814
sample,1024,2048,fused2,16,301934
sample,1024,2048,fused2,17,298101
sample,1024,2048,fused2,18,296629
sample,1024,2048,fused2,19,305128
sample,1024,2048,fused2,20,300666
sample,1024,2048,fused2,21,313129
sample,1024,2048,fused2,22,304517
sample,1024,2048,fused2,23,306489
sample,1024,2048,fused2,24,309804
sample,1024,2048,fused2,25,309999
sample,1024,2048,fused2,26,303055
sample,1024,2048,fused2,27,284989
sample,1024,2048,fused2,28,291407
sample,1024,2048,fused2,29,322888
measured,1024,2048,tile8,262144,1048576,5,30,8,283054,344397,2d4a1c573b9665e7,d32c613321b43c7f,none,none
sample,1024,2048,tile8,0,303786
sample,1024,2048,tile8,1,267360
sample,1024,2048,tile8,2,266101
sample,1024,2048,tile8,3,263989
sample,1024,2048,tile8,4,259295
sample,1024,2048,tile8,5,261684
sample,1024,2048,tile8,6,258563
sample,1024,2048,tile8,7,276841
sample,1024,2048,tile8,8,286296
sample,1024,2048,tile8,9,287313
sample,1024,2048,tile8,10,277806
sample,1024,2048,tile8,11,283769
sample,1024,2048,tile8,12,283054
sample,1024,2048,tile8,13,280777
sample,1024,2048,tile8,14,280054
sample,1024,2048,tile8,15,281952
sample,1024,2048,tile8,16,284092
sample,1024,2048,tile8,17,282628
sample,1024,2048,tile8,18,344397
sample,1024,2048,tile8,19,353295
sample,1024,2048,tile8,20,293536
sample,1024,2048,tile8,21,295907
sample,1024,2048,tile8,22,294306
sample,1024,2048,tile8,23,294832
sample,1024,2048,tile8,24,307297
sample,1024,2048,tile8,25,298258
sample,1024,2048,tile8,26,268212
sample,1024,2048,tile8,27,284823
sample,1024,2048,tile8,28,269630
sample,1024,2048,tile8,29,311953
measured,4096,128,vec4,65536,262144,5,30,12,466248,549183,d878e557b6daedce,8cc85ceb09c8efed,none,none
sample,4096,128,vec4,0,443323
sample,4096,128,vec4,1,437267
sample,4096,128,vec4,2,462970
sample,4096,128,vec4,3,452064
sample,4096,128,vec4,4,439777
sample,4096,128,vec4,5,463120
sample,4096,128,vec4,6,476646
sample,4096,128,vec4,7,460683
sample,4096,128,vec4,8,459424
sample,4096,128,vec4,9,452443
sample,4096,128,vec4,10,459073
sample,4096,128,vec4,11,457185
sample,4096,128,vec4,12,450535
sample,4096,128,vec4,13,462915
sample,4096,128,vec4,14,549183
sample,4096,128,vec4,15,469018
sample,4096,128,vec4,16,459665
sample,4096,128,vec4,17,471100
sample,4096,128,vec4,18,470221
sample,4096,128,vec4,19,482285
sample,4096,128,vec4,20,466248
sample,4096,128,vec4,21,474536
sample,4096,128,vec4,22,478128
sample,4096,128,vec4,23,511360
sample,4096,128,vec4,24,476017
sample,4096,128,vec4,25,483202
sample,4096,128,vec4,26,470007
sample,4096,128,vec4,27,480155
sample,4096,128,vec4,28,612989
sample,4096,128,vec4,29,471573
measured,4096,128,fused2,65536,262144,5,30,11,441628,548785,d878e557b6daedce,8cc85ceb09c8efed,none,none
sample,4096,128,fused2,0,406990
sample,4096,128,fused2,1,434897
sample,4096,128,fused2,2,447314
sample,4096,128,fused2,3,409063
sample,4096,128,fused2,4,427943
sample,4096,128,fused2,5,445619
sample,4096,128,fused2,6,437601
sample,4096,128,fused2,7,441628
sample,4096,128,fused2,8,432045
sample,4096,128,fused2,9,424508
sample,4096,128,fused2,10,482035
sample,4096,128,fused2,11,439516
sample,4096,128,fused2,12,417749
sample,4096,128,fused2,13,427702
sample,4096,128,fused2,14,452878
sample,4096,128,fused2,15,439804
sample,4096,128,fused2,16,440546
sample,4096,128,fused2,17,442166
sample,4096,128,fused2,18,548785
sample,4096,128,fused2,19,447405
sample,4096,128,fused2,20,449370
sample,4096,128,fused2,21,440332
sample,4096,128,fused2,22,446988
sample,4096,128,fused2,23,443979
sample,4096,128,fused2,24,457647
sample,4096,128,fused2,25,432240
sample,4096,128,fused2,26,448971
sample,4096,128,fused2,27,455322
sample,4096,128,fused2,28,594831
sample,4096,128,fused2,29,453748
measured,4096,128,tile8,65536,262144,5,30,10,407128,429795,d878e557b6daedce,8cc85ceb09c8efed,none,none
sample,4096,128,tile8,0,378759
sample,4096,128,tile8,1,416240
sample,4096,128,tile8,2,393684
sample,4096,128,tile8,3,378842
sample,4096,128,tile8,4,378026
sample,4096,128,tile8,5,403351
sample,4096,128,tile8,6,403527
sample,4096,128,tile8,7,396906
sample,4096,128,tile8,8,402378
sample,4096,128,tile8,9,399712
sample,4096,128,tile8,10,403767
sample,4096,128,tile8,11,404240
sample,4096,128,tile8,12,385286
sample,4096,128,tile8,13,415980
sample,4096,128,tile8,14,421628
sample,4096,128,tile8,15,396128
sample,4096,128,tile8,16,416018
sample,4096,128,tile8,17,414157
sample,4096,128,tile8,18,429795
sample,4096,128,tile8,19,417323
sample,4096,128,tile8,20,415137
sample,4096,128,tile8,21,416407
sample,4096,128,tile8,22,414999
sample,4096,128,tile8,23,417786
sample,4096,128,tile8,24,415795
sample,4096,128,tile8,25,404999
sample,4096,128,tile8,26,422962
sample,4096,128,tile8,27,486749
sample,4096,128,tile8,28,407128
sample,4096,128,tile8,29,419990
measured,4096,512,vec4,262144,1048576,5,30,12,484212,552961,07e875993970433c,207dceeda1be3f5b,none,none
sample,4096,512,vec4,0,481868
sample,4096,512,vec4,1,480953
sample,4096,512,vec4,2,552961
sample,4096,512,vec4,3,487730
sample,4096,512,vec4,4,482525
sample,4096,512,vec4,5,484840
sample,4096,512,vec4,6,479008
sample,4096,512,vec4,7,484277
sample,4096,512,vec4,8,480194
sample,4096,512,vec4,9,483268
sample,4096,512,vec4,10,505526
sample,4096,512,vec4,11,498849
sample,4096,512,vec4,12,482573
sample,4096,512,vec4,13,483757
sample,4096,512,vec4,14,484554
sample,4096,512,vec4,15,482998
sample,4096,512,vec4,16,572970
sample,4096,512,vec4,17,482073
sample,4096,512,vec4,18,487275
sample,4096,512,vec4,19,484212
sample,4096,512,vec4,20,493897
sample,4096,512,vec4,21,482055
sample,4096,512,vec4,22,481202
sample,4096,512,vec4,23,489685
sample,4096,512,vec4,24,496684
sample,4096,512,vec4,25,492277
sample,4096,512,vec4,26,523655
sample,4096,512,vec4,27,457081
sample,4096,512,vec4,28,455451
sample,4096,512,vec4,29,484610
measured,4096,512,fused2,262144,1048576,5,30,11,450665,465972,07e875993970433c,207dceeda1be3f5b,none,none
sample,4096,512,fused2,0,451055
sample,4096,512,fused2,1,455666
sample,4096,512,fused2,2,460535
sample,4096,512,fused2,3,455813
sample,4096,512,fused2,4,450573
sample,4096,512,fused2,5,448481
sample,4096,512,fused2,6,450499
sample,4096,512,fused2,7,445388
sample,4096,512,fused2,8,444851
sample,4096,512,fused2,9,450851
sample,4096,512,fused2,10,449083
sample,4096,512,fused2,11,448693
sample,4096,512,fused2,12,457461
sample,4096,512,fused2,13,451860
sample,4096,512,fused2,14,458869
sample,4096,512,fused2,15,452887
sample,4096,512,fused2,16,459620
sample,4096,512,fused2,17,449444
sample,4096,512,fused2,18,448017
sample,4096,512,fused2,19,447202
sample,4096,512,fused2,20,448192
sample,4096,512,fused2,21,446989
sample,4096,512,fused2,22,465972
sample,4096,512,fused2,23,509823
sample,4096,512,fused2,24,450665
sample,4096,512,fused2,25,465054
sample,4096,512,fused2,26,456656
sample,4096,512,fused2,27,447683
sample,4096,512,fused2,28,430990
sample,4096,512,fused2,29,451721
measured,4096,512,tile8,262144,1048576,5,30,10,429165,456248,07e875993970433c,207dceeda1be3f5b,none,none
sample,4096,512,tile8,0,430896
sample,4096,512,tile8,1,428563
sample,4096,512,tile8,2,453018
sample,4096,512,tile8,3,429194
sample,4096,512,tile8,4,428805
sample,4096,512,tile8,5,429165
sample,4096,512,tile8,6,427137
sample,4096,512,tile8,7,430479
sample,4096,512,tile8,8,432749
sample,4096,512,tile8,9,425360
sample,4096,512,tile8,10,427619
sample,4096,512,tile8,11,456248
sample,4096,512,tile8,12,430694
sample,4096,512,tile8,13,474387
sample,4096,512,tile8,14,446379
sample,4096,512,tile8,15,436675
sample,4096,512,tile8,16,424943
sample,4096,512,tile8,17,430684
sample,4096,512,tile8,18,427748
sample,4096,512,tile8,19,425905
sample,4096,512,tile8,20,425628
sample,4096,512,tile8,21,426063
sample,4096,512,tile8,22,431101
sample,4096,512,tile8,23,446415
sample,4096,512,tile8,24,426544
sample,4096,512,tile8,25,439396
sample,4096,512,tile8,26,432971
sample,4096,512,tile8,27,408443
sample,4096,512,tile8,28,406128
sample,4096,512,tile8,29,420063
measured,4096,2048,vec4,1048576,4194304,5,30,12,528202,599461,4143a88e49ed614b,e0842ad8f72c0c9f,none,none
sample,4096,2048,vec4,0,519433
sample,4096,2048,vec4,1,550471
sample,4096,2048,vec4,2,529259
sample,4096,2048,vec4,3,599461
sample,4096,2048,vec4,4,541990
sample,4096,2048,vec4,5,530804
sample,4096,2048,vec4,6,535045
sample,4096,2048,vec4,7,527545
sample,4096,2048,vec4,8,532914
sample,4096,2048,vec4,9,521516
sample,4096,2048,vec4,10,527359
sample,4096,2048,vec4,11,527777
sample,4096,2048,vec4,12,528212
sample,4096,2048,vec4,13,526360
sample,4096,2048,vec4,14,533971
sample,4096,2048,vec4,15,524906
sample,4096,2048,vec4,16,524942
sample,4096,2048,vec4,17,531267
sample,4096,2048,vec4,18,522212
sample,4096,2048,vec4,19,525916
sample,4096,2048,vec4,20,526814
sample,4096,2048,vec4,21,528202
sample,4096,2048,vec4,22,536979
sample,4096,2048,vec4,23,527295
sample,4096,2048,vec4,24,523259
sample,4096,2048,vec4,25,536647
sample,4096,2048,vec4,26,523731
sample,4096,2048,vec4,27,544230
sample,4096,2048,vec4,28,534416
sample,4096,2048,vec4,29,678155
measured,4096,2048,fused2,1048576,4194304,5,30,11,495120,565998,4143a88e49ed614b,e0842ad8f72c0c9f,none,none
sample,4096,2048,fused2,0,494377
sample,4096,2048,fused2,1,493581
sample,4096,2048,fused2,2,494174
sample,4096,2048,fused2,3,494693
sample,4096,2048,fused2,4,492629
sample,4096,2048,fused2,5,495896
sample,4096,2048,fused2,6,498720
sample,4096,2048,fused2,7,509813
sample,4096,2048,fused2,8,544665
sample,4096,2048,fused2,9,492712
sample,4096,2048,fused2,10,496518
sample,4096,2048,fused2,11,494424
sample,4096,2048,fused2,12,492722
sample,4096,2048,fused2,13,489526
sample,4096,2048,fused2,14,518878
sample,4096,2048,fused2,15,505147
sample,4096,2048,fused2,16,502480
sample,4096,2048,fused2,17,493350
sample,4096,2048,fused2,18,498888
sample,4096,2048,fused2,19,494609
sample,4096,2048,fused2,20,492794
sample,4096,2048,fused2,21,565998
sample,4096,2048,fused2,22,495156
sample,4096,2048,fused2,23,495702
sample,4096,2048,fused2,24,498313
sample,4096,2048,fused2,25,491703
sample,4096,2048,fused2,26,497970
sample,4096,2048,fused2,27,492628
sample,4096,2048,fused2,28,495120
sample,4096,2048,fused2,29,1559022
measured,4096,2048,tile8,1048576,4194304,5,30,10,515813,535544,4143a88e49ed614b,e0842ad8f72c0c9f,none,none
sample,4096,2048,tile8,0,522249
sample,4096,2048,tile8,1,520156
sample,4096,2048,tile8,2,512305
sample,4096,2048,tile8,3,514008
sample,4096,2048,tile8,4,524063
sample,4096,2048,tile8,5,512017
sample,4096,2048,tile8,6,515924
sample,4096,2048,tile8,7,517591
sample,4096,2048,tile8,8,509461
sample,4096,2048,tile8,9,515813
sample,4096,2048,tile8,10,522313
sample,4096,2048,tile8,11,509657
sample,4096,2048,tile8,12,511924
sample,4096,2048,tile8,13,511082
sample,4096,2048,tile8,14,520887
sample,4096,2048,tile8,15,504481
sample,4096,2048,tile8,16,535544
sample,4096,2048,tile8,17,512295
sample,4096,2048,tile8,18,510822
sample,4096,2048,tile8,19,518666
sample,4096,2048,tile8,20,534962
sample,4096,2048,tile8,21,520091
sample,4096,2048,tile8,22,511285
sample,4096,2048,tile8,23,512767
sample,4096,2048,tile8,24,510072
sample,4096,2048,tile8,25,511898
sample,4096,2048,tile8,26,517897
sample,4096,2048,tile8,27,520387
sample,4096,2048,tile8,28,521656
sample,4096,2048,tile8,29,892211
measured,16384,128,vec4,262144,1048576,5,30,14,550943,580081,318e48fc80dadb1f,a09bc0e13ecf9bf8,none,none
sample,16384,128,vec4,0,567129
sample,16384,128,vec4,1,556822
sample,16384,128,vec4,2,551656
sample,16384,128,vec4,3,551248
sample,16384,128,vec4,4,548333
sample,16384,128,vec4,5,551175
sample,16384,128,vec4,6,551831
sample,16384,128,vec4,7,551952
sample,16384,128,vec4,8,1495023
sample,16384,128,vec4,9,562184
sample,16384,128,vec4,10,549905
sample,16384,128,vec4,11,553016
sample,16384,128,vec4,12,553553
sample,16384,128,vec4,13,548878
sample,16384,128,vec4,14,550887
sample,16384,128,vec4,15,579137
sample,16384,128,vec4,16,547091
sample,16384,128,vec4,17,556703
sample,16384,128,vec4,18,548008
sample,16384,128,vec4,19,542758
sample,16384,128,vec4,20,551646
sample,16384,128,vec4,21,550870
sample,16384,128,vec4,22,550943
sample,16384,128,vec4,23,550720
sample,16384,128,vec4,24,549758
sample,16384,128,vec4,25,548785
sample,16384,128,vec4,26,580081
sample,16384,128,vec4,27,543998
sample,16384,128,vec4,28,545721
sample,16384,128,vec4,29,544767
measured,16384,128,fused2,262144,1048576,5,30,13,520267,568016,318e48fc80dadb1f,a09bc0e13ecf9bf8,none,none
sample,16384,128,fused2,0,525201
sample,16384,128,fused2,1,558934
sample,16384,128,fused2,2,522961
sample,16384,128,fused2,3,537897
sample,16384,128,fused2,4,523323
sample,16384,128,fused2,5,515823
sample,16384,128,fused2,6,521423
sample,16384,128,fused2,7,594368
sample,16384,128,fused2,8,560581
sample,16384,128,fused2,9,568016
sample,16384,128,fused2,10,521008
sample,16384,128,fused2,11,520591
sample,16384,128,fused2,12,523452
sample,16384,128,fused2,13,520267
sample,16384,128,fused2,14,519341
sample,16384,128,fused2,15,520129
sample,16384,128,fused2,16,517175
sample,16384,128,fused2,17,515471
sample,16384,128,fused2,18,519841
sample,16384,128,fused2,19,544276
sample,16384,128,fused2,20,516063
sample,16384,128,fused2,21,519655
sample,16384,128,fused2,22,515868
sample,16384,128,fused2,23,520951
sample,16384,128,fused2,24,519611
sample,16384,128,fused2,25,518870
sample,16384,128,fused2,26,515156
sample,16384,128,fused2,27,517694
sample,16384,128,fused2,28,526081
sample,16384,128,fused2,29,513295
measured,16384,128,tile8,262144,1048576,5,30,12,498638,545360,318e48fc80dadb1f,a09bc0e13ecf9bf8,none,none
sample,16384,128,tile8,0,520183
sample,16384,128,tile8,1,500786
sample,16384,128,tile8,2,497257
sample,16384,128,tile8,3,535268
sample,16384,128,tile8,4,504702
sample,16384,128,tile8,5,497757
sample,16384,128,tile8,6,498638
sample,16384,128,tile8,7,525202
sample,16384,128,tile8,8,603386
sample,16384,128,tile8,9,514481
sample,16384,128,tile8,10,504989
sample,16384,128,tile8,11,513722
sample,16384,128,tile8,12,498610
sample,16384,128,tile8,13,502220
sample,16384,128,tile8,14,500396
sample,16384,128,tile8,15,545360
sample,16384,128,tile8,16,496840
sample,16384,128,tile8,17,500535
sample,16384,128,tile8,18,501220
sample,16384,128,tile8,19,496675
sample,16384,128,tile8,20,495499
sample,16384,128,tile8,21,497091
sample,16384,128,tile8,22,503526
sample,16384,128,tile8,23,496009
sample,16384,128,tile8,24,494229
sample,16384,128,tile8,25,497322
sample,16384,128,tile8,26,498137
sample,16384,128,tile8,27,492620
sample,16384,128,tile8,28,495351
sample,16384,128,tile8,29,494498
measured,16384,512,vec4,1048576,4194304,5,30,14,604841,639933,08b87a1ca99fa7b8,cc66b7b8fae87df4,none,none
sample,16384,512,vec4,0,608433
sample,16384,512,vec4,1,623711
sample,16384,512,vec4,2,599887
sample,16384,512,vec4,3,607183
sample,16384,512,vec4,4,604905
sample,16384,512,vec4,5,607776
sample,16384,512,vec4,6,605896
sample,16384,512,vec4,7,651341
sample,16384,512,vec4,8,597229
sample,16384,512,vec4,9,604831
sample,16384,512,vec4,10,605553
sample,16384,512,vec4,11,605471
sample,16384,512,vec4,12,605230
sample,16384,512,vec4,13,604332
sample,16384,512,vec4,14,598054
sample,16384,512,vec4,15,602489
sample,16384,512,vec4,16,605859
sample,16384,512,vec4,17,602424
sample,16384,512,vec4,18,604322
sample,16384,512,vec4,19,602888
sample,16384,512,vec4,20,595795
sample,16384,512,vec4,21,602220
sample,16384,512,vec4,22,602434
sample,16384,512,vec4,23,605535
sample,16384,512,vec4,24,639933
sample,16384,512,vec4,25,604841
sample,16384,512,vec4,26,601970
sample,16384,512,vec4,27,608582
sample,16384,512,vec4,28,605675
sample,16384,512,vec4,29,603083
measured,16384,512,fused2,1048576,4194304,5,30,13,569555,584637,08b87a1ca99fa7b8,cc66b7b8fae87df4,none,none
sample,16384,512,fused2,0,569193
sample,16384,512,fused2,1,574878
sample,16384,512,fused2,2,568544
sample,16384,512,fused2,3,561248
sample,16384,512,fused2,4,572332
sample,16384,512,fused2,5,572674
sample,16384,512,fused2,6,569535
sample,16384,512,fused2,7,570304
sample,16384,512,fused2,8,565007
sample,16384,512,fused2,9,567822
sample,16384,512,fused2,10,572350
sample,16384,512,fused2,11,569396
sample,16384,512,fused2,12,571692
sample,16384,512,fused2,13,567785
sample,16384,512,fused2,14,569313
sample,16384,512,fused2,15,565433
sample,16384,512,fused2,16,569555
sample,16384,512,fused2,17,569905
sample,16384,512,fused2,18,605072
sample,16384,512,fused2,19,568924
sample,16384,512,fused2,20,567692
sample,16384,512,fused2,21,572230
sample,16384,512,fused2,22,570341
sample,16384,512,fused2,23,571646
sample,16384,512,fused2,24,584637
sample,16384,512,fused2,25,567443
sample,16384,512,fused2,26,578637
sample,16384,512,fused2,27,571138
sample,16384,512,fused2,28,571036
sample,16384,512,fused2,29,567739
measured,16384,512,tile8,1048576,4194304,5,30,12,587452,635794,08b87a1ca99fa7b8,cc66b7b8fae87df4,none,none
sample,16384,512,tile8,0,585480
sample,16384,512,tile8,1,609183
sample,16384,512,tile8,2,595359
sample,16384,512,tile8,3,588998
sample,16384,512,tile8,4,587545
sample,16384,512,tile8,5,584971
sample,16384,512,tile8,6,635794
sample,16384,512,tile8,7,592915
sample,16384,512,tile8,8,591193
sample,16384,512,tile8,9,584414
sample,16384,512,tile8,10,583229
sample,16384,512,tile8,11,591443
sample,16384,512,tile8,12,590822
sample,16384,512,tile8,13,587091
sample,16384,512,tile8,14,581266
sample,16384,512,tile8,15,584887
sample,16384,512,tile8,16,586183
sample,16384,512,tile8,17,585146
sample,16384,512,tile8,18,649738
sample,16384,512,tile8,19,585378
sample,16384,512,tile8,20,586859
sample,16384,512,tile8,21,586637
sample,16384,512,tile8,22,588962
sample,16384,512,tile8,23,590573
sample,16384,512,tile8,24,598110
sample,16384,512,tile8,25,580194
sample,16384,512,tile8,26,591035
sample,16384,512,tile8,27,584861
sample,16384,512,tile8,28,598444
sample,16384,512,tile8,29,587452
measured,16384,2048,vec4,4194304,16777216,5,30,14,780220,851785,6be3b72c15a212b9,3199380bd5011e6c,none,none
sample,16384,2048,vec4,0,784424
sample,16384,2048,vec4,1,788396
sample,16384,2048,vec4,2,872858
sample,16384,2048,vec4,3,792656
sample,16384,2048,vec4,4,786923
sample,16384,2048,vec4,5,780702
sample,16384,2048,vec4,6,778239
sample,16384,2048,vec4,7,778952
sample,16384,2048,vec4,8,782859
sample,16384,2048,vec4,9,812470
sample,16384,2048,vec4,10,781285
sample,16384,2048,vec4,11,793988
sample,16384,2048,vec4,12,851785
sample,16384,2048,vec4,13,780220
sample,16384,2048,vec4,14,782100
sample,16384,2048,vec4,15,807174
sample,16384,2048,vec4,16,779461
sample,16384,2048,vec4,17,794415
sample,16384,2048,vec4,18,785729
sample,16384,2048,vec4,19,733692
sample,16384,2048,vec4,20,690942
sample,16384,2048,vec4,21,725304
sample,16384,2048,vec4,22,748443
sample,16384,2048,vec4,23,744191
sample,16384,2048,vec4,24,714702
sample,16384,2048,vec4,25,713137
sample,16384,2048,vec4,26,689674
sample,16384,2048,vec4,27,663202
sample,16384,2048,vec4,28,671350
sample,16384,2048,vec4,29,665193
measured,16384,2048,fused2,4194304,16777216,5,30,13,743350,762062,6be3b72c15a212b9,3199380bd5011e6c,none,none
sample,16384,2048,fused2,0,747803
sample,16384,2048,fused2,1,746850
sample,16384,2048,fused2,2,754108
sample,16384,2048,fused2,3,741943
sample,16384,2048,fused2,4,752895
sample,16384,2048,fused2,5,746414
sample,16384,2048,fused2,6,749387
sample,16384,2048,fused2,7,745405
sample,16384,2048,fused2,8,743192
sample,16384,2048,fused2,9,744526
sample,16384,2048,fused2,10,740905
sample,16384,2048,fused2,11,744785
sample,16384,2048,fused2,12,744684
sample,16384,2048,fused2,13,743192
sample,16384,2048,fused2,14,742368
sample,16384,2048,fused2,15,744257
sample,16384,2048,fused2,16,743350
sample,16384,2048,fused2,17,744553
sample,16384,2048,fused2,18,762062
sample,16384,2048,fused2,19,750637
sample,16384,2048,fused2,20,1121477
sample,16384,2048,fused2,21,709562
sample,16384,2048,fused2,22,681702
sample,16384,2048,fused2,23,676498
sample,16384,2048,fused2,24,672193
sample,16384,2048,fused2,25,679526
sample,16384,2048,fused2,26,667942
sample,16384,2048,fused2,27,645915
sample,16384,2048,fused2,28,634184
sample,16384,2048,fused2,29,629868
measured,16384,2048,tile8,4194304,16777216,5,30,12,914571,931321,6be3b72c15a212b9,3199380bd5011e6c,none,none
sample,16384,2048,tile8,0,920582
sample,16384,2048,tile8,1,923628
sample,16384,2048,tile8,2,931321
sample,16384,2048,tile8,3,914571
sample,16384,2048,tile8,4,923886
sample,16384,2048,tile8,5,963525
sample,16384,2048,tile8,6,926118
sample,16384,2048,tile8,7,924822
sample,16384,2048,tile8,8,918293
sample,16384,2048,tile8,9,914397
sample,16384,2048,tile8,10,929554
sample,16384,2048,tile8,11,919905
sample,16384,2048,tile8,12,925007
sample,16384,2048,tile8,13,910867
sample,16384,2048,tile8,14,920969
sample,16384,2048,tile8,15,924350
sample,16384,2048,tile8,16,927452
sample,16384,2048,tile8,17,926136
sample,16384,2048,tile8,18,882932
sample,16384,2048,tile8,19,828618
sample,16384,2048,tile8,20,758886
sample,16384,2048,tile8,21,821572
sample,16384,2048,tile8,22,814636
sample,16384,2048,tile8,23,812460
sample,16384,2048,tile8,24,807007
sample,16384,2048,tile8,25,838747
sample,16384,2048,tile8,26,733461
sample,16384,2048,tile8,27,738489
sample,16384,2048,tile8,28,738257
sample,16384,2048,tile8,29,742934
measured,65536,128,vec4,1048576,4194304,5,30,16,765711,794535,9ec0db29a14c575b,4098921c6b362ecd,none,none
sample,65536,128,vec4,0,603313
sample,65536,128,vec4,1,624433
sample,65536,128,vec4,2,594942
sample,65536,128,vec4,3,610072
sample,65536,128,vec4,4,607202
sample,65536,128,vec4,5,784340
sample,65536,128,vec4,6,782813
sample,65536,128,vec4,7,770886
sample,65536,128,vec4,8,780434
sample,65536,128,vec4,9,781710
sample,65536,128,vec4,10,797710
sample,65536,128,vec4,11,779035
sample,65536,128,vec4,12,777950
sample,65536,128,vec4,13,698840
sample,65536,128,vec4,14,640332
sample,65536,128,vec4,15,650137
sample,65536,128,vec4,16,645276
sample,65536,128,vec4,17,683025
sample,65536,128,vec4,18,639971
sample,65536,128,vec4,19,723803
sample,65536,128,vec4,20,730498
sample,65536,128,vec4,21,765711
sample,65536,128,vec4,22,710906
sample,65536,128,vec4,23,786127
sample,65536,128,vec4,24,782220
sample,65536,128,vec4,25,775156
sample,65536,128,vec4,26,794535
sample,65536,128,vec4,27,791656
sample,65536,128,vec4,28,784720
sample,65536,128,vec4,29,781044
measured,65536,128,fused2,1048576,4194304,5,30,15,702017,797451,9ec0db29a14c575b,4098921c6b362ecd,none,none
sample,65536,128,fused2,0,577063
sample,65536,128,fused2,1,581452
sample,65536,128,fused2,2,575406
sample,65536,128,fused2,3,584044
sample,65536,128,fused2,4,585934
sample,65536,128,fused2,5,583072
sample,65536,128,fused2,6,787960
sample,65536,128,fused2,7,766119
sample,65536,128,fused2,8,762627
sample,65536,128,fused2,9,807997
sample,65536,128,fused2,10,759923
sample,65536,128,fused2,11,758358
sample,65536,128,fused2,12,619961
sample,65536,128,fused2,13,626564
sample,65536,128,fused2,14,620729
sample,65536,128,fused2,15,629637
sample,65536,128,fused2,16,632350
sample,65536,128,fused2,17,626480
sample,65536,128,fused2,18,628545
sample,65536,128,fused2,19,703406
sample,65536,128,fused2,20,702017
sample,65536,128,fused2,21,705239
sample,65536,128,fused2,22,694044
sample,65536,128,fused2,23,758989
sample,65536,128,fused2,24,797451
sample,65536,128,fused2,25,774368
sample,65536,128,fused2,26,772100
sample,65536,128,fused2,27,759202
sample,65536,128,fused2,28,762952
sample,65536,128,fused2,29,756035
measured,65536,128,tile8,1048576,4194304,5,30,14,700553,776119,9ec0db29a14c575b,4098921c6b362ecd,none,none
sample,65536,128,tile8,0,574444
sample,65536,128,tile8,1,589073
sample,65536,128,tile8,2,587359
sample,65536,128,tile8,3,576220
sample,65536,128,tile8,4,576146
sample,65536,128,tile8,5,578220
sample,65536,128,tile8,6,776119
sample,65536,128,tile8,7,751748
sample,65536,128,tile8,8,756700
sample,65536,128,tile8,9,759016
sample,65536,128,tile8,10,753081
sample,65536,128,tile8,11,755571
sample,65536,128,tile8,12,634711
sample,65536,128,tile8,13,650313
sample,65536,128,tile8,14,635072
sample,65536,128,tile8,15,634471
sample,65536,128,tile8,16,640887
sample,65536,128,tile8,17,632101
sample,65536,128,tile8,18,693489
sample,65536,128,tile8,19,702554
sample,65536,128,tile8,20,704952
sample,65536,128,tile8,21,696841
sample,65536,128,tile8,22,700553
sample,65536,128,tile8,23,702915
sample,65536,128,tile8,24,760368
sample,65536,128,tile8,25,749054
sample,65536,128,tile8,26,759128
sample,65536,128,tile8,27,753118
sample,65536,128,tile8,28,788405
sample,65536,128,tile8,29,758193
measured,65536,512,vec4,4194304,16777216,5,30,16,917803,952608,84d06402da633040,29115d73667dee45,none,none
sample,65536,512,vec4,0,742737
sample,65536,512,vec4,1,746878
sample,65536,512,vec4,2,952608
sample,65536,512,vec4,3,927636
sample,65536,512,vec4,4,924988
sample,65536,512,vec4,5,921284
sample,65536,512,vec4,6,923646
sample,65536,512,vec4,7,927692
sample,65536,512,vec4,8,917923
sample,65536,512,vec4,9,934460
sample,65536,512,vec4,10,917803
sample,65536,512,vec4,11,915221
sample,65536,512,vec4,12,919117
sample,65536,512,vec4,13,995062
sample,65536,512,vec4,14,912339
sample,65536,512,vec4,15,913275
sample,65536,512,vec4,16,911951
sample,65536,512,vec4,17,914941
sample,65536,512,vec4,18,925599
sample,65536,512,vec4,19,910293
sample,65536,512,vec4,20,924145
sample,65536,512,vec4,21,925025
sample,65536,512,vec4,22,926812
sample,65536,512,vec4,23,945063
sample,65536,512,vec4,24,767323
sample,65536,512,vec4,25,757063
sample,65536,512,vec4,26,755674
sample,65536,512,vec4,27,745461
sample,65536,512,vec4,28,752117
sample,65536,512,vec4,29,751813
measured,65536,512,fused2,4194304,16777216,5,30,15,885849,947645,84d06402da633040,29115d73667dee45,none,none
sample,65536,512,fused2,0,707980
sample,65536,512,fused2,1,895848
sample,65536,512,fused2,2,893702
sample,65536,512,fused2,3,884063
sample,65536,512,fused2,4,952303
sample,65536,512,fused2,5,885849
sample,65536,512,fused2,6,896848
sample,65536,512,fused2,7,947645
sample,65536,512,fused2,8,896146
sample,65536,512,fused2,9,898878
sample,65536,512,fused2,10,894758
sample,65536,512,fused2,11,879691
sample,65536,512,fused2,12,890896
sample,65536,512,fused2,13,881321
sample,65536,512,fused2,14,873581
sample,65536,512,fused2,15,881331
sample,65536,512,fused2,16,882469
sample,65536,512,fused2,17,887461
sample,65536,512,fused2,18,932738
sample,65536,512,fused2,19,903053
sample,65536,512,fused2,20,901339
sample,65536,512,fused2,21,878673
sample,65536,512,fused2,22,892386
sample,65536,512,fused2,23,903543
sample,65536,512,fused2,24,716701
sample,65536,512,fused2,25,724285
sample,65536,512,fused2,26,724229
sample,65536,512,fused2,27,717424
sample,65536,512,fused2,28,720692
sample,65536,512,fused2,29,723766
measured,65536,512,tile8,4194304,16777216,5,30,14,982043,1014052,84d06402da633040,29115d73667dee45,none,none
sample,65536,512,tile8,0,797747
sample,65536,512,tile8,1,996414
sample,65536,512,tile8,2,985738
sample,65536,512,tile8,3,977682
sample,65536,512,tile8,4,982090
sample,65536,512,tile8,5,975377
sample,65536,512,tile8,6,995035
sample,65536,512,tile8,7,991385
sample,65536,512,tile8,8,1000043
sample,65536,512,tile8,9,981127
sample,65536,512,tile8,10,1014052
sample,65536,512,tile8,11,979683
sample,65536,512,tile8,12,983914
sample,65536,512,tile8,13,982043
sample,65536,512,tile8,14,969340
sample,65536,512,tile8,15,1012766
sample,65536,512,tile8,16,988710
sample,65536,512,tile8,17,981802
sample,65536,512,tile8,18,979229
sample,65536,512,tile8,19,984007
sample,65536,512,tile8,20,1028877
sample,65536,512,tile8,21,990191
sample,65536,512,tile8,22,990432
sample,65536,512,tile8,23,992061
sample,65536,512,tile8,24,801813
sample,65536,512,tile8,25,824034
sample,65536,512,tile8,26,871711
sample,65536,512,tile8,27,814654
sample,65536,512,tile8,28,828868
sample,65536,512,tile8,29,819497
skipped_limit,65536,2048,vec4,16777216,67108864,NA,NA,NA,NA,NA,NA,NA,cohort_dispatch_limit,none
skipped_limit,65536,2048,fused2,16777216,67108864,NA,NA,NA,NA,NA,NA,NA,cohort_dispatch_limit,none
skipped_limit,65536,2048,tile8,16777216,67108864,NA,NA,NA,NA,NA,NA,NA,cohort_dispatch_limit,none
measured,262144,128,vec4,4194304,16777216,5,30,18,879895,1059515,603e59446e81431f,99960c282a7f4ca5,none,none
sample,262144,128,vec4,0,1044803
sample,262144,128,vec4,1,1050951
sample,262144,128,vec4,2,1037525
sample,262144,128,vec4,3,1049664
sample,262144,128,vec4,4,1059515
sample,262144,128,vec4,5,1052497
sample,262144,128,vec4,6,1047830
sample,262144,128,vec4,7,1038395
sample,262144,128,vec4,8,1117162
sample,262144,128,vec4,9,1043627
sample,262144,128,vec4,10,1041923
sample,262144,128,vec4,11,870443
sample,262144,128,vec4,12,876442
sample,262144,128,vec4,13,877091
sample,262144,128,vec4,14,872256
sample,262144,128,vec4,15,875211
sample,262144,128,vec4,16,882580
sample,262144,128,vec4,17,919349
sample,262144,128,vec4,18,874970
sample,262144,128,vec4,19,875610
sample,262144,128,vec4,20,873276
sample,262144,128,vec4,21,870775
sample,262144,128,vec4,22,874886
sample,262144,128,vec4,23,892923
sample,262144,128,vec4,24,879895
sample,262144,128,vec4,25,877275
sample,262144,128,vec4,26,880516
sample,262144,128,vec4,27,875016
sample,262144,128,vec4,28,871035
sample,262144,128,vec4,29,877183
measured,262144,128,fused2,4194304,16777216,5,30,17,879867,1054488,603e59446e81431f,99960c282a7f4ca5,none,none
sample,262144,128,fused2,0,1040062
sample,262144,128,fused2,1,1093542
sample,262144,128,fused2,2,1039932
sample,262144,128,fused2,3,1035044
sample,262144,128,fused2,4,1046099
sample,262144,128,fused2,5,1054488
sample,262144,128,fused2,6,1047608
sample,262144,128,fused2,7,1036433
sample,262144,128,fused2,8,1043266
sample,262144,128,fused2,9,1032950
sample,262144,128,fused2,10,871025
sample,262144,128,fused2,11,913998
sample,262144,128,fused2,12,867554
sample,262144,128,fused2,13,888118
sample,262144,128,fused2,14,879867
sample,262144,128,fused2,15,871045
sample,262144,128,fused2,16,875795
sample,262144,128,fused2,17,904719
sample,262144,128,fused2,18,866386
sample,262144,128,fused2,19,873535
sample,262144,128,fused2,20,870100
sample,262144,128,fused2,21,889043
sample,262144,128,fused2,22,873239
sample,262144,128,fused2,23,873321
sample,262144,128,fused2,24,866627
sample,262144,128,fused2,25,867322
sample,262144,128,fused2,26,868183
sample,262144,128,fused2,27,872082
sample,262144,128,fused2,28,883544
sample,262144,128,fused2,29,873535
measured,262144,128,tile8,4194304,16777216,5,30,16,979655,1145839,603e59446e81431f,99960c282a7f4ca5,none,none
sample,262144,128,tile8,0,1145839
sample,262144,128,tile8,1,1137016
sample,262144,128,tile8,2,1115200
sample,262144,128,tile8,3,1173043
sample,262144,128,tile8,4,1133043
sample,262144,128,tile8,5,1141774
sample,262144,128,tile8,6,1115116
sample,262144,128,tile8,7,1142921
sample,262144,128,tile8,8,1140265
sample,262144,128,tile8,9,1129636
sample,262144,128,tile8,10,1136507
sample,262144,128,tile8,11,987859
sample,262144,128,tile8,12,972618
sample,262144,128,tile8,13,951914
sample,262144,128,tile8,14,973960
sample,262144,128,tile8,15,976082
sample,262144,128,tile8,16,978201
sample,262144,128,tile8,17,979655
sample,262144,128,tile8,18,972535
sample,262144,128,tile8,19,968710
sample,262144,128,tile8,20,980117
sample,262144,128,tile8,21,975960
sample,262144,128,tile8,22,966913
sample,262144,128,tile8,23,978682
sample,262144,128,tile8,24,970655
sample,262144,128,tile8,25,983859
sample,262144,128,tile8,26,977535
sample,262144,128,tile8,27,975534
sample,262144,128,tile8,28,981117
sample,262144,128,tile8,29,975220
skipped_limit,262144,512,vec4,16777216,67108864,NA,NA,NA,NA,NA,NA,NA,cohort_dispatch_limit,none
skipped_limit,262144,512,fused2,16777216,67108864,NA,NA,NA,NA,NA,NA,NA,cohort_dispatch_limit,none
skipped_limit,262144,512,tile8,16777216,67108864,NA,NA,NA,NA,NA,NA,NA,cohort_dispatch_limit,none
skipped_limit,262144,2048,vec4,67108864,268435456,NA,NA,NA,NA,NA,NA,NA,cohort_dispatch_limit,none
skipped_limit,262144,2048,fused2,67108864,268435456,NA,NA,NA,NA,NA,NA,NA,cohort_dispatch_limit,none
skipped_limit,262144,2048,tile8,67108864,268435456,NA,NA,NA,NA,NA,NA,NA,cohort_dispatch_limit,none
skipped_limit,1048576,128,vec4,16777216,67108864,NA,NA,NA,NA,NA,NA,NA,cohort_dispatch_limit,none
skipped_limit,1048576,128,fused2,16777216,67108864,NA,NA,NA,NA,NA,NA,NA,cohort_dispatch_limit,none
skipped_limit,1048576,128,tile8,16777216,67108864,NA,NA,NA,NA,NA,NA,NA,cohort_dispatch_limit,none
skipped_limit,1048576,512,vec4,67108864,268435456,NA,NA,NA,NA,NA,NA,NA,cohort_dispatch_limit,none
skipped_limit,1048576,512,fused2,67108864,268435456,NA,NA,NA,NA,NA,NA,NA,cohort_dispatch_limit,none
skipped_limit,1048576,512,tile8,67108864,268435456,NA,NA,NA,NA,NA,NA,NA,cohort_dispatch_limit,none
skipped_limit,1048576,2048,vec4,268435456,1073741824,NA,NA,NA,NA,NA,NA,NA,cohort_dispatch_limit,none
skipped_limit,1048576,2048,fused2,268435456,1073741824,NA,NA,NA,NA,NA,NA,NA,cohort_dispatch_limit,none
skipped_limit,1048576,2048,tile8,268435456,1073741824,NA,NA,NA,NA,NA,NA,NA,cohort_dispatch_limit,none
qualification_status=complete
