benchmark=pvp3d_three_candidate_same_device
source_revision=ddb6f0144821dfa29d268601e7087e5001278e52
adapter=NVIDIA Tegra NVIDIA Thor
backend=Vulkan
device_type=IntegratedGpu
vendor_id=4318
device_id=11008
driver=NVIDIA
driver_info=580.00
hardware_measurement_eligible=true
physical_admission=external_remoteops_evidence_required
performance_claim=none
primary_timing_scope=resident_encode_plus_queue_submit_plus_device_wait
state_reset_scope=completed_before_timer
correctness_readback_scope=before_and_after_timing
candidate_order=ABC_ACB_BAC_BCA_CAB_CBA
resident_payload_scope=source_plus_three_states_excludes_driver_uniforms_and_readback
status,k,g,candidate,state_bytes,resident_payload_bytes,warmups,repeats,logical_dispatches,p50_ns,p95_ns,input_checksum,output_checksum,skip_reason,performance_claim
measured,256,128,vec4,4096,16384,5,30,8,404766,450212,4c67926a9205d7b4,956299587c8af4b4,none,none
sample,256,128,vec4,0,262397
sample,256,128,vec4,1,238852
sample,256,128,vec4,2,226259
sample,256,128,vec4,3,387953
sample,256,128,vec4,4,392666
sample,256,128,vec4,5,389009
sample,256,128,vec4,6,406379
sample,256,128,vec4,7,399934
sample,256,128,vec4,8,399333
sample,256,128,vec4,9,404962
sample,256,128,vec4,10,404766
sample,256,128,vec4,11,401767
sample,256,128,vec4,12,404147
sample,256,128,vec4,13,450212
sample,256,128,vec4,14,394897
sample,256,128,vec4,15,396508
sample,256,128,vec4,16,431072
sample,256,128,vec4,17,399351
sample,256,128,vec4,18,395424
sample,256,128,vec4,19,407759
sample,256,128,vec4,20,422175
sample,256,128,vec4,21,426952
sample,256,128,vec4,22,414860
sample,256,128,vec4,23,412657
sample,256,128,vec4,24,423054
sample,256,128,vec4,25,418814
sample,256,128,vec4,26,455888
sample,256,128,vec4,27,423870
sample,256,128,vec4,28,419785
sample,256,128,vec4,29,418017
measured,256,128,fused2,4096,16384,5,30,7,382518,417350,4c67926a9205d7b4,956299587c8af4b4,none,none
sample,256,128,fused2,0,242008
sample,256,128,fused2,1,204675
sample,256,128,fused2,2,202398
sample,256,128,fused2,3,214740
sample,256,128,fused2,4,368656
sample,256,128,fused2,5,366387
sample,256,128,fused2,6,378434
sample,256,128,fused2,7,378740
sample,256,128,fused2,8,378370
sample,256,128,fused2,9,378508
sample,256,128,fused2,10,382518
sample,256,128,fused2,11,383379
sample,256,128,fused2,12,379471
sample,256,128,fused2,13,375415
sample,256,128,fused2,14,370907
sample,256,128,fused2,15,382757
sample,256,128,fused2,16,417350
sample,256,128,fused2,17,375554
sample,256,128,fused2,18,388092
sample,256,128,fused2,19,391545
sample,256,128,fused2,20,395063
sample,256,128,fused2,21,398684
sample,256,128,fused2,22,399694
sample,256,128,fused2,23,404999
sample,256,128,fused2,24,399461
sample,256,128,fused2,25,397369
sample,256,128,fused2,26,408869
sample,256,128,fused2,27,422952
sample,256,128,fused2,28,390555
sample,256,128,fused2,29,388944
measured,256,128,tile8,4096,16384,5,30,6,355545,380675,4c67926a9205d7b4,956299587c8af4b4,none,none
sample,256,128,tile8,0,187935
sample,256,128,tile8,1,186638
sample,256,128,tile8,2,182064
sample,256,128,tile8,3,186305
sample,256,128,tile8,4,353360
sample,256,128,tile8,5,344369
sample,256,128,tile8,6,354000
sample,256,128,tile8,7,361545
sample,256,128,tile8,8,356721
sample,256,128,tile8,9,352008
sample,256,128,tile8,10,356878
sample,256,128,tile8,11,355462
sample,256,128,tile8,12,354194
sample,256,128,tile8,13,355545
sample,256,128,tile8,14,354610
sample,256,128,tile8,15,355119
sample,256,128,tile8,16,350610
sample,256,128,tile8,17,359628
sample,256,128,tile8,18,349240
sample,256,128,tile8,19,361295
sample,256,128,tile8,20,374509
sample,256,128,tile8,21,377990
sample,256,128,tile8,22,368471
sample,256,128,tile8,23,369601
sample,256,128,tile8,24,370194
sample,256,128,tile8,25,373110
sample,256,128,tile8,26,380675
sample,256,128,tile8,27,383907
sample,256,128,tile8,28,375777
sample,256,128,tile8,29,365388
measured,256,512,vec4,16384,65536,5,30,8,489017,516637,38bbe1f688e24d78,1c8bb372f8f1302e,none,none
sample,256,512,vec4,0,447136
sample,256,512,vec4,1,444981
sample,256,512,vec4,2,500583
sample,256,512,vec4,3,441294
sample,256,512,vec4,4,446054
sample,256,512,vec4,5,454119
sample,256,512,vec4,6,447055
sample,256,512,vec4,7,456822
sample,256,512,vec4,8,473731
sample,256,512,vec4,9,473592
sample,256,512,vec4,10,472462
sample,256,512,vec4,11,476174
sample,256,512,vec4,12,485268
sample,256,512,vec4,13,489017
sample,256,512,vec4,14,495379
sample,256,512,vec4,15,477803
sample,256,512,vec4,16,488489
sample,256,512,vec4,17,501175
sample,256,512,vec4,18,527295
sample,256,512,vec4,19,516637
sample,256,512,vec4,20,509406
sample,256,512,vec4,21,507878
sample,256,512,vec4,22,511026
sample,256,512,vec4,23,504147
sample,256,512,vec4,24,503943
sample,256,512,vec4,25,497305
sample,256,512,vec4,26,505564
sample,256,512,vec4,27,512221
sample,256,512,vec4,28,508259
sample,256,512,vec4,29,511924
measured,256,512,fused2,16384,65536,5,30,7,457740,495259,38bbe1f688e24d78,1c8bb372f8f1302e,none,none
sample,256,512,fused2,0,420572
sample,256,512,fused2,1,420990
sample,256,512,fused2,2,418758
sample,256,512,fused2,3,425638
sample,256,512,fused2,4,423981
sample,256,512,fused2,5,450221
sample,256,512,fused2,6,426091
sample,256,512,fused2,7,438397
sample,256,512,fused2,8,435453
sample,256,512,fused2,9,443341
sample,256,512,fused2,10,444369
sample,256,512,fused2,11,445489
sample,256,512,fused2,12,495259
sample,256,512,fused2,13,441925
sample,256,512,fused2,14,444361
sample,256,512,fused2,15,457740
sample,256,512,fused2,16,882895
sample,256,512,fused2,17,473685
sample,256,512,fused2,18,476350
sample,256,512,fused2,19,472590
sample,256,512,fused2,20,478507
sample,256,512,fused2,21,473063
sample,256,512,fused2,22,466323
sample,256,512,fused2,23,468406
sample,256,512,fused2,24,468805
sample,256,512,fused2,25,463017
sample,256,512,fused2,26,461915
sample,256,512,fused2,27,473944
sample,256,512,fused2,28,474054
sample,256,512,fused2,29,480749
measured,256,512,tile8,16384,65536,5,30,6,425546,445156,38bbe1f688e24d78,1c8bb372f8f1302e,none,none
sample,256,512,tile8,0,391980
sample,256,512,tile8,1,393304
sample,256,512,tile8,2,410842
sample,256,512,tile8,3,385990
sample,256,512,tile8,4,394701
sample,256,512,tile8,5,402138
sample,256,512,tile8,6,393416
sample,256,512,tile8,7,411832
sample,256,512,tile8,8,413360
sample,256,512,tile8,9,413601
sample,256,512,tile8,10,418193
sample,256,512,tile8,11,413406
sample,256,512,tile8,12,433055
sample,256,512,tile8,13,418628
sample,256,512,tile8,14,430453
sample,256,512,tile8,15,425546
sample,256,512,tile8,16,424461
sample,256,512,tile8,17,457240
sample,256,512,tile8,18,438759
sample,256,512,tile8,19,441165
sample,256,512,tile8,20,436738
sample,256,512,tile8,21,438331
sample,256,512,tile8,22,435887
sample,256,512,tile8,23,429138
sample,256,512,tile8,24,438453
sample,256,512,tile8,25,430147
sample,256,512,tile8,26,439462
sample,256,512,tile8,27,439564
sample,256,512,tile8,28,444138
sample,256,512,tile8,29,445156
measured,256,2048,vec4,65536,262144,5,30,8,511017,546508,c9e538e9f9dccedd,259153fc2c7bc4e7,none,none
sample,256,2048,vec4,0,509962
sample,256,2048,vec4,1,516165
sample,256,2048,vec4,2,511017
sample,256,2048,vec4,3,532814
sample,256,2048,vec4,4,513471
sample,256,2048,vec4,5,503082
sample,256,2048,vec4,6,508638
sample,256,2048,vec4,7,505257
sample,256,2048,vec4,8,509629
sample,256,2048,vec4,9,511240
sample,256,2048,vec4,10,510749
sample,256,2048,vec4,11,512276
sample,256,2048,vec4,12,515517
sample,256,2048,vec4,13,539008
sample,256,2048,vec4,14,498443
sample,256,2048,vec4,15,549776
sample,256,2048,vec4,16,511276
sample,256,2048,vec4,17,517609
sample,256,2048,vec4,18,512610
sample,256,2048,vec4,19,510832
sample,256,2048,vec4,20,512822
sample,256,2048,vec4,21,506164
sample,256,2048,vec4,22,526063
sample,256,2048,vec4,23,502072
sample,256,2048,vec4,24,501378
sample,256,2048,vec4,25,546508
sample,256,2048,vec4,26,498785
sample,256,2048,vec4,27,507267
sample,256,2048,vec4,28,506711
sample,256,2048,vec4,29,512110
measured,256,2048,fused2,65536,262144,5,30,7,476027,487442,c9e538e9f9dccedd,259153fc2c7bc4e7,none,none
sample,256,2048,fused2,0,478110
sample,256,2048,fused2,1,481961
sample,256,2048,fused2,2,477424
sample,256,2048,fused2,3,476425
sample,256,2048,fused2,4,465814
sample,256,2048,fused2,5,466693
sample,256,2048,fused2,6,511553
sample,256,2048,fused2,7,466526
sample,256,2048,fused2,8,481036
sample,256,2048,fused2,9,479980
sample,256,2048,fused2,10,477415
sample,256,2048,fused2,11,476036
sample,256,2048,fused2,12,476749
sample,256,2048,fused2,13,476184
sample,256,2048,fused2,14,464990
sample,256,2048,fused2,15,464861
sample,256,2048,fused2,16,475711
sample,256,2048,fused2,17,479822
sample,256,2048,fused2,18,477647
sample,256,2048,fused2,19,472925
sample,256,2048,fused2,20,475082
sample,256,2048,fused2,21,474748
sample,256,2048,fused2,22,487442
sample,256,2048,fused2,23,465313
sample,256,2048,fused2,24,463119
sample,256,2048,fused2,25,464694
sample,256,2048,fused2,26,470897
sample,256,2048,fused2,27,476027
sample,256,2048,fused2,28,473007
sample,256,2048,fused2,29,477119
measured,256,2048,tile8,65536,262144,5,30,6,447036,489138,c9e538e9f9dccedd,259153fc2c7bc4e7,none,none
sample,256,2048,tile8,0,450296
sample,256,2048,tile8,1,447748
sample,256,2048,tile8,2,454564
sample,256,2048,tile8,3,447036
sample,256,2048,tile8,4,489138
sample,256,2048,tile8,5,437916
sample,256,2048,tile8,6,442359
sample,256,2048,tile8,7,453629
sample,256,2048,tile8,8,448212
sample,256,2048,tile8,9,448092
sample,256,2048,tile8,10,448268
sample,256,2048,tile8,11,447081
sample,256,2048,tile8,12,451415
sample,256,2048,tile8,13,473499
sample,256,2048,tile8,14,437082
sample,256,2048,tile8,15,456694
sample,256,2048,tile8,16,441498
sample,256,2048,tile8,17,440127
sample,256,2048,tile8,18,446731
sample,256,2048,tile8,19,448554
sample,256,2048,tile8,20,446156
sample,256,2048,tile8,21,446045
sample,256,2048,tile8,22,444832
sample,256,2048,tile8,23,443850
sample,256,2048,tile8,24,500444
sample,256,2048,tile8,25,445961
sample,256,2048,tile8,26,440462
sample,256,2048,tile8,27,445425
sample,256,2048,tile8,28,445925
sample,256,2048,tile8,29,448137
measured,1024,128,vec4,16384,65536,5,30,10,417721,454268,26abf5bddd03bbc5,79acd556594188cd,none,none
sample,1024,128,vec4,0,415369
sample,1024,128,vec4,1,414581
sample,1024,128,vec4,2,427452
sample,1024,128,vec4,3,413046
sample,1024,128,vec4,4,420721
sample,1024,128,vec4,5,418832
sample,1024,128,vec4,6,418046
sample,1024,128,vec4,7,419619
sample,1024,128,vec4,8,444518
sample,1024,128,vec4,9,413933
sample,1024,128,vec4,10,407990
sample,1024,128,vec4,11,407314
sample,1024,128,vec4,12,463507
sample,1024,128,vec4,13,423222
sample,1024,128,vec4,14,410129
sample,1024,128,vec4,15,419813
sample,1024,128,vec4,16,420025
sample,1024,128,vec4,17,418638
sample,1024,128,vec4,18,417721
sample,1024,128,vec4,19,418897
sample,1024,128,vec4,20,422137
sample,1024,128,vec4,21,416822
sample,1024,128,vec4,22,416925
sample,1024,128,vec4,23,454268
sample,1024,128,vec4,24,416712
sample,1024,128,vec4,25,413405
sample,1024,128,vec4,26,409729
sample,1024,128,vec4,27,422749
sample,1024,128,vec4,28,416193
sample,1024,128,vec4,29,415166
measured,1024,128,fused2,16384,65536,5,30,9,384073,398629,26abf5bddd03bbc5,79acd556594188cd,none,none
sample,1024,128,fused2,0,384231
sample,1024,128,fused2,1,388879
sample,1024,128,fused2,2,403684
sample,1024,128,fused2,3,382323
sample,1024,128,fused2,4,389619
sample,1024,128,fused2,5,398629
sample,1024,128,fused2,6,391786
sample,1024,128,fused2,7,384073
sample,1024,128,fused2,8,377749
sample,1024,128,fused2,9,383907
sample,1024,128,fused2,10,379758
sample,1024,128,fused2,11,380369
sample,1024,128,fused2,12,384407
sample,1024,128,fused2,13,378638
sample,1024,128,fused2,14,379508
sample,1024,128,fused2,15,376175
sample,1024,128,fused2,16,384740
sample,1024,128,fused2,17,390611
sample,1024,128,fused2,18,383405
sample,1024,128,fused2,19,388333
sample,1024,128,fused2,20,386804
sample,1024,128,fused2,21,386434
sample,1024,128,fused2,22,388277
sample,1024,128,fused2,23,392897
sample,1024,128,fused2,24,383860
sample,1024,128,fused2,25,380045
sample,1024,128,fused2,26,378092
sample,1024,128,fused2,27,397647
sample,1024,128,fused2,28,378953
sample,1024,128,fused2,29,379044
measured,1024,128,tile8,16384,65536,5,30,8,347101,379194,26abf5bddd03bbc5,79acd556594188cd,none,none
sample,1024,128,tile8,0,347101
sample,1024,128,tile8,1,374731
sample,1024,128,tile8,2,345518
sample,1024,128,tile8,3,342943
sample,1024,128,tile8,4,349434
sample,1024,128,tile8,5,349861
sample,1024,128,tile8,6,348101
sample,1024,128,tile8,7,345314
sample,1024,128,tile8,8,368351
sample,1024,128,tile8,9,345999
sample,1024,128,tile8,10,341166
sample,1024,128,tile8,11,338898
sample,1024,128,tile8,12,379194
sample,1024,128,tile8,13,341730
sample,1024,128,tile8,14,343360
sample,1024,128,tile8,15,341545
sample,1024,128,tile8,16,344379
sample,1024,128,tile8,17,355980
sample,1024,128,tile8,18,348795
sample,1024,128,tile8,19,347924
sample,1024,128,tile8,20,347480
sample,1024,128,tile8,21,347841
sample,1024,128,tile8,22,351110
sample,1024,128,tile8,23,346268
sample,1024,128,tile8,24,342620
sample,1024,128,tile8,25,341156
sample,1024,128,tile8,26,368490
sample,1024,128,tile8,27,411369
sample,1024,128,tile8,28,341342
sample,1024,128,tile8,29,352619
measured,1024,512,vec4,65536,262144,5,30,10,413046,441008,0949b62ffc70d026,7663f0c9d3466943,none,none
sample,1024,512,vec4,0,420535
sample,1024,512,vec4,1,441008
sample,1024,512,vec4,2,414555
sample,1024,512,vec4,3,405759
sample,1024,512,vec4,4,406508
sample,1024,512,vec4,5,419147
sample,1024,512,vec4,6,407462
sample,1024,512,vec4,7,409564
sample,1024,512,vec4,8,419332
sample,1024,512,vec4,9,414731
sample,1024,512,vec4,10,415934
sample,1024,512,vec4,11,414444
sample,1024,512,vec4,12,408878
sample,1024,512,vec4,13,414674
sample,1024,512,vec4,14,417462
sample,1024,512,vec4,15,424239
sample,1024,512,vec4,16,472775
sample,1024,512,vec4,17,408601
sample,1024,512,vec4,18,407925
sample,1024,512,vec4,19,405944
sample,1024,512,vec4,20,433240
sample,1024,512,vec4,21,409201
sample,1024,512,vec4,22,409555
sample,1024,512,vec4,23,413046
sample,1024,512,vec4,24,406711
sample,1024,512,vec4,25,408434
sample,1024,512,vec4,26,408731
sample,1024,512,vec4,27,413851
sample,1024,512,vec4,28,414073
sample,1024,512,vec4,29,412138
measured,1024,512,fused2,65536,262144,5,30,9,379554,398592,0949b62ffc70d026,7663f0c9d3466943,none,none
sample,1024,512,fused2,0,380915
sample,1024,512,fused2,1,403796
sample,1024,512,fused2,2,388073
sample,1024,512,fused2,3,377387
sample,1024,512,fused2,4,398592
sample,1024,512,fused2,5,380406
sample,1024,512,fused2,6,373109
sample,1024,512,fused2,7,382638
sample,1024,512,fused2,8,375194
sample,1024,512,fused2,9,381796
sample,1024,512,fused2,10,377527
sample,1024,512,fused2,11,381397
sample,1024,512,fused2,12,373731
sample,1024,512,fused2,13,381054
sample,1024,512,fused2,14,385397
sample,1024,512,fused2,15,379222
sample,1024,512,fused2,16,381333
sample,1024,512,fused2,17,376656
sample,1024,512,fused2,18,373009
sample,1024,512,fused2,19,372479
sample,1024,512,fused2,20,374776
sample,1024,512,fused2,21,380767
sample,1024,512,fused2,22,375573
sample,1024,512,fused2,23,375212
sample,1024,512,fused2,24,380082
sample,1024,512,fused2,25,375332
sample,1024,512,fused2,26,372286
sample,1024,512,fused2,27,380444
sample,1024,512,fused2,28,379554
sample,1024,512,fused2,29,380712
measured,1024,512,tile8,65536,262144,5,30,8,348249,365471,0949b62ffc70d026,7663f0c9d3466943,none,none
sample,1024,512,tile8,0,350786
sample,1024,512,tile8,1,347907
sample,1024,512,tile8,2,344453
sample,1024,512,tile8,3,342999
sample,1024,512,tile8,4,350925
sample,1024,512,tile8,5,362582
sample,1024,512,tile8,6,344323
sample,1024,512,tile8,7,348888
sample,1024,512,tile8,8,347054
sample,1024,512,tile8,9,352156
sample,1024,512,tile8,10,348266
sample,1024,512,tile8,11,351674
sample,1024,512,tile8,12,348249
sample,1024,512,tile8,13,349499
sample,1024,512,tile8,14,349526
sample,1024,512,tile8,15,397757
sample,1024,512,tile8,16,351110
sample,1024,512,tile8,17,348147
sample,1024,512,tile8,18,344351
sample,1024,512,tile8,19,343240
sample,1024,512,tile8,20,365471
sample,1024,512,tile8,21,357193
sample,1024,512,tile8,22,345934
sample,1024,512,tile8,23,341277
sample,1024,512,tile8,24,346768
sample,1024,512,tile8,25,346083
sample,1024,512,tile8,26,351416
sample,1024,512,tile8,27,343907
sample,1024,512,tile8,28,346916
sample,1024,512,tile8,29,349193
measured,1024,2048,vec4,262144,1048576,5,30,10,420341,461081,2d4a1c573b9665e7,d32c613321b43c7f,none,none
sample,1024,2048,vec4,0,421101
sample,1024,2048,vec4,1,424610
sample,1024,2048,vec4,2,420499
sample,1024,2048,vec4,3,424304
sample,1024,2048,vec4,4,461081
sample,1024,2048,vec4,5,419730
sample,1024,2048,vec4,6,414155
sample,1024,2048,vec4,7,413840
sample,1024,2048,vec4,8,467620
sample,1024,2048,vec4,9,417628
sample,1024,2048,vec4,10,417359
sample,1024,2048,vec4,11,419453
sample,1024,2048,vec4,12,420333
sample,1024,2048,vec4,13,421767
sample,1024,2048,vec4,14,422747
sample,1024,2048,vec4,15,420341
sample,1024,2048,vec4,16,422062
sample,1024,2048,vec4,17,416073
sample,1024,2048,vec4,18,421101
sample,1024,2048,vec4,19,446009
sample,1024,2048,vec4,20,414980
sample,1024,2048,vec4,21,416331
sample,1024,2048,vec4,22,426100
sample,1024,2048,vec4,23,415415
sample,1024,2048,vec4,24,422313
sample,1024,2048,vec4,25,417814
sample,1024,2048,vec4,26,413360
sample,1024,2048,vec4,27,423193
sample,1024,2048,vec4,28,421222
sample,1024,2048,vec4,29,418397
measured,1024,2048,fused2,262144,1048576,5,30,9,384378,393694,2d4a1c573b9665e7,d32c613321b43c7f,none,none
sample,1024,2048,fused2,0,383619
sample,1024,2048,fused2,1,388961
sample,1024,2048,fused2,2,384601
sample,1024,2048,fused2,3,385759
sample,1024,2048,fused2,4,387304
sample,1024,2048,fused2,5,390036
sample,1024,2048,fused2,6,380101
sample,1024,2048,fused2,7,386555
sample,1024,2048,fused2,8,393694
sample,1024,2048,fused2,9,377592
sample,1024,2048,fused2,10,382064
sample,1024,2048,fused2,11,385110
sample,1024,2048,fused2,12,383711
sample,1024,2048,fused2,13,384860
sample,1024,2048,fused2,14,380101
sample,1024,2048,fused2,15,384897
sample,1024,2048,fused2,16,384378
sample,1024,2048,fused2,17,381128
sample,1024,2048,fused2,18,385869
sample,1024,2048,fused2,19,387684
sample,1024,2048,fused2,20,383415
sample,1024,2048,fused2,21,381647
sample,1024,2048,fused2,22,411526
sample,1024,2048,fused2,23,377203
sample,1024,2048,fused2,24,379999
sample,1024,2048,fused2,25,380351
sample,1024,2048,fused2,26,378415
sample,1024,2048,fused2,27,385220
sample,1024,2048,fused2,28,388527
sample,1024,2048,fused2,29,382953
measured,1024,2048,tile8,262144,1048576,5,30,8,366092,394730,2d4a1c573b9665e7,d32c613321b43c7f,none,none
sample,1024,2048,tile8,0,366082
sample,1024,2048,tile8,1,373721
sample,1024,2048,tile8,2,369110
sample,1024,2048,tile8,3,366092
sample,1024,2048,tile8,4,367480
sample,1024,2048,tile8,5,394730
sample,1024,2048,tile8,6,361471
sample,1024,2048,tile8,7,359101
sample,1024,2048,tile8,8,363323
sample,1024,2048,tile8,9,359184
sample,1024,2048,tile8,10,375120
sample,1024,2048,tile8,11,367027
sample,1024,2048,tile8,12,370767
sample,1024,2048,tile8,13,367638
sample,1024,2048,tile8,14,367313
sample,1024,2048,tile8,15,362314
sample,1024,2048,tile8,16,364304
sample,1024,2048,tile8,17,366055
sample,1024,2048,tile8,18,370221
sample,1024,2048,tile8,19,367675
sample,1024,2048,tile8,20,359313
sample,1024,2048,tile8,21,361471
sample,1024,2048,tile8,22,423073
sample,1024,2048,tile8,23,372462
sample,1024,2048,tile8,24,360879
sample,1024,2048,tile8,25,368953
sample,1024,2048,tile8,26,369962
sample,1024,2048,tile8,27,365249
sample,1024,2048,tile8,28,361573
sample,1024,2048,tile8,29,363962
measured,4096,128,vec4,65536,262144,5,30,12,486453,534017,d878e557b6daedce,8cc85ceb09c8efed,none,none
sample,4096,128,vec4,0,489369
sample,4096,128,vec4,1,491471
sample,4096,128,vec4,2,490509
sample,4096,128,vec4,3,486091
sample,4096,128,vec4,4,486453
sample,4096,128,vec4,5,488118
sample,4096,128,vec4,6,487684
sample,4096,128,vec4,7,535517
sample,4096,128,vec4,8,478980
sample,4096,128,vec4,9,483563
sample,4096,128,vec4,10,488461
sample,4096,128,vec4,11,486656
sample,4096,128,vec4,12,534017
sample,4096,128,vec4,13,483934
sample,4096,128,vec4,14,478462
sample,4096,128,vec4,15,489074
sample,4096,128,vec4,16,485222
sample,4096,128,vec4,17,486212
sample,4096,128,vec4,18,486146
sample,4096,128,vec4,19,485295
sample,4096,128,vec4,20,508498
sample,4096,128,vec4,21,479962
sample,4096,128,vec4,22,489221
sample,4096,128,vec4,23,486083
sample,4096,128,vec4,24,485777
sample,4096,128,vec4,25,489174
sample,4096,128,vec4,26,492045
sample,4096,128,vec4,27,491248
sample,4096,128,vec4,28,485275
sample,4096,128,vec4,29,483859
measured,4096,128,fused2,65536,262144,5,30,11,454378,477656,d878e557b6daedce,8cc85ceb09c8efed,none,none
sample,4096,128,fused2,0,459813
sample,4096,128,fused2,1,457471
sample,4096,128,fused2,2,451008
sample,4096,128,fused2,3,477656
sample,4096,128,fused2,4,455953
sample,4096,128,fused2,5,454378
sample,4096,128,fused2,6,454332
sample,4096,128,fused2,7,456861
sample,4096,128,fused2,8,449490
sample,4096,128,fused2,9,452758
sample,4096,128,fused2,10,457360
sample,4096,128,fused2,11,455934
sample,4096,128,fused2,12,462731
sample,4096,128,fused2,13,446740
sample,4096,128,fused2,14,451054
sample,4096,128,fused2,15,455796
sample,4096,128,fused2,16,458314
sample,4096,128,fused2,17,454684
sample,4096,128,fused2,18,451415
sample,4096,128,fused2,19,482323
sample,4096,128,fused2,20,470453
sample,4096,128,fused2,21,453666
sample,4096,128,fused2,22,448868
sample,4096,128,fused2,23,451924
sample,4096,128,fused2,24,455285
sample,4096,128,fused2,25,453766
sample,4096,128,fused2,26,455388
sample,4096,128,fused2,27,454081
sample,4096,128,fused2,28,449860
sample,4096,128,fused2,29,452666
measured,4096,128,tile8,65536,262144,5,30,10,422980,441629,d878e557b6daedce,8cc85ceb09c8efed,none,none
sample,4096,128,tile8,0,426110
sample,4096,128,tile8,1,419749
sample,4096,128,tile8,2,425731
sample,4096,128,tile8,3,427314
sample,4096,128,tile8,4,422628
sample,4096,128,tile8,5,423379
sample,4096,128,tile8,6,422814
sample,4096,128,tile8,7,449851
sample,4096,128,tile8,8,415675
sample,4096,128,tile8,9,423110
sample,4096,128,tile8,10,420018
sample,4096,128,tile8,11,420647
sample,4096,128,tile8,12,421396
sample,4096,128,tile8,13,417322
sample,4096,128,tile8,14,427553
sample,4096,128,tile8,15,425573
sample,4096,128,tile8,16,426286
sample,4096,128,tile8,17,419517
sample,4096,128,tile8,18,422248
sample,4096,128,tile8,19,423748
sample,4096,128,tile8,20,420759
sample,4096,128,tile8,21,415749
sample,4096,128,tile8,22,417267
sample,4096,128,tile8,23,422980
sample,4096,128,tile8,24,424194
sample,4096,128,tile8,25,425472
sample,4096,128,tile8,26,432777
sample,4096,128,tile8,27,441629
sample,4096,128,tile8,28,439721
sample,4096,128,tile8,29,411748
measured,4096,512,vec4,262144,1048576,5,30,12,493812,548138,07e875993970433c,207dceeda1be3f5b,none,none
sample,4096,512,vec4,0,491416
sample,4096,512,vec4,1,492952
sample,4096,512,vec4,2,514405
sample,4096,512,vec4,3,500101
sample,4096,512,vec4,4,548138
sample,4096,512,vec4,5,484665
sample,4096,512,vec4,6,484007
sample,4096,512,vec4,7,480518
sample,4096,512,vec4,8,490082
sample,4096,512,vec4,9,493896
sample,4096,512,vec4,10,493812
sample,4096,512,vec4,11,574063
sample,4096,512,vec4,12,530999
sample,4096,512,vec4,13,484572
sample,4096,512,vec4,14,491101
sample,4096,512,vec4,15,495137
sample,4096,512,vec4,16,502324
sample,4096,512,vec4,17,484294
sample,4096,512,vec4,18,486127
sample,4096,512,vec4,19,513138
sample,4096,512,vec4,20,389277
sample,4096,512,vec4,21,405416
sample,4096,512,vec4,22,497295
sample,4096,512,vec4,23,494044
sample,4096,512,vec4,24,492610
sample,4096,512,vec4,25,497277
sample,4096,512,vec4,26,483462
sample,4096,512,vec4,27,497248
sample,4096,512,vec4,28,497869
sample,4096,512,vec4,29,496814
measured,4096,512,fused2,262144,1048576,5,30,11,459693,469897,07e875993970433c,207dceeda1be3f5b,none,none
sample,4096,512,fused2,0,461562
sample,4096,512,fused2,1,462414
sample,4096,512,fused2,2,465832
sample,4096,512,fused2,3,461046
sample,4096,512,fused2,4,494314
sample,4096,512,fused2,5,453943
sample,4096,512,fused2,6,454304
sample,4096,512,fused2,7,451054
sample,4096,512,fused2,8,458850
sample,4096,512,fused2,9,456990
sample,4096,512,fused2,10,460249
sample,4096,512,fused2,11,459396
sample,4096,512,fused2,12,462082
sample,4096,512,fused2,13,455574
sample,4096,512,fused2,14,454971
sample,4096,512,fused2,15,465833
sample,4096,512,fused2,16,466803
sample,4096,512,fused2,17,469897
sample,4096,512,fused2,18,459592
sample,4096,512,fused2,19,465415
sample,4096,512,fused2,20,428685
sample,4096,512,fused2,21,365470
sample,4096,512,fused2,22,460091
sample,4096,512,fused2,23,460268
sample,4096,512,fused2,24,465952
sample,4096,512,fused2,25,455962
sample,4096,512,fused2,26,452138
sample,4096,512,fused2,27,453361
sample,4096,512,fused2,28,462092
sample,4096,512,fused2,29,459693
measured,4096,512,tile8,262144,1048576,5,30,10,441397,484795,07e875993970433c,207dceeda1be3f5b,none,none
sample,4096,512,tile8,0,436990
sample,4096,512,tile8,1,439860
sample,4096,512,tile8,2,448277
sample,4096,512,tile8,3,442351
sample,4096,512,tile8,4,439683
sample,4096,512,tile8,5,443322
sample,4096,512,tile8,6,433664
sample,4096,512,tile8,7,435508
sample,4096,512,tile8,8,439138
sample,4096,512,tile8,9,441397
sample,4096,512,tile8,10,445240
sample,4096,512,tile8,11,443629
sample,4096,512,tile8,12,440267
sample,4096,512,tile8,13,436054
sample,4096,512,tile8,14,446110
sample,4096,512,tile8,15,443582
sample,4096,512,tile8,16,440841
sample,4096,512,tile8,17,490850
sample,4096,512,tile8,18,434924
sample,4096,512,tile8,19,440490
sample,4096,512,tile8,20,350073
sample,4096,512,tile8,21,349628
sample,4096,512,tile8,22,451720
sample,4096,512,tile8,23,444369
sample,4096,512,tile8,24,484795
sample,4096,512,tile8,25,444036
sample,4096,512,tile8,26,447666
sample,4096,512,tile8,27,442027
sample,4096,512,tile8,28,439286
sample,4096,512,tile8,29,444091
measured,4096,2048,vec4,1048576,4194304,5,30,12,549129,583138,4143a88e49ed614b,e0842ad8f72c0c9f,none,none
sample,4096,2048,vec4,0,583138
sample,4096,2048,vec4,1,547683
sample,4096,2048,vec4,2,546628
sample,4096,2048,vec4,3,551990
sample,4096,2048,vec4,4,561952
sample,4096,2048,vec4,5,542544
sample,4096,2048,vec4,6,551896
sample,4096,2048,vec4,7,553008
sample,4096,2048,vec4,8,554675
sample,4096,2048,vec4,9,545276
sample,4096,2048,vec4,10,554091
sample,4096,2048,vec4,11,549129
sample,4096,2048,vec4,12,545944
sample,4096,2048,vec4,13,559405
sample,4096,2048,vec4,14,559267
sample,4096,2048,vec4,15,555591
sample,4096,2048,vec4,16,547712
sample,4096,2048,vec4,17,548998
sample,4096,2048,vec4,18,548137
sample,4096,2048,vec4,19,542925
sample,4096,2048,vec4,20,546813
sample,4096,2048,vec4,21,557564
sample,4096,2048,vec4,22,551841
sample,4096,2048,vec4,23,548665
sample,4096,2048,vec4,24,544703
sample,4096,2048,vec4,25,548970
sample,4096,2048,vec4,26,547175
sample,4096,2048,vec4,27,557507
sample,4096,2048,vec4,28,556591
sample,4096,2048,vec4,29,613275
measured,4096,2048,fused2,1048576,4194304,5,30,11,518499,554646,4143a88e49ed614b,e0842ad8f72c0c9f,none,none
sample,4096,2048,fused2,0,509869
sample,4096,2048,fused2,1,517721
sample,4096,2048,fused2,2,505175
sample,4096,2048,fused2,3,525600
sample,4096,2048,fused2,4,554646
sample,4096,2048,fused2,5,509433
sample,4096,2048,fused2,6,522536
sample,4096,2048,fused2,7,518998
sample,4096,2048,fused2,8,523619
sample,4096,2048,fused2,9,515128
sample,4096,2048,fused2,10,534127
sample,4096,2048,fused2,11,513582
sample,4096,2048,fused2,12,508582
sample,4096,2048,fused2,13,514277
sample,4096,2048,fused2,14,521999
sample,4096,2048,fused2,15,522998
sample,4096,2048,fused2,16,543305
sample,4096,2048,fused2,17,518499
sample,4096,2048,fused2,18,506377
sample,4096,2048,fused2,19,519980
sample,4096,2048,fused2,20,517683
sample,4096,2048,fused2,21,517998
sample,4096,2048,fused2,22,519933
sample,4096,2048,fused2,23,566766
sample,4096,2048,fused2,24,511046
sample,4096,2048,fused2,25,521544
sample,4096,2048,fused2,26,520323
sample,4096,2048,fused2,27,516388
sample,4096,2048,fused2,28,520416
sample,4096,2048,fused2,29,518035
measured,4096,2048,tile8,1048576,4194304,5,30,10,542203,565017,4143a88e49ed614b,e0842ad8f72c0c9f,none,none
sample,4096,2048,tile8,0,542424
sample,4096,2048,tile8,1,533563
sample,4096,2048,tile8,2,549729
sample,4096,2048,tile8,3,538416
sample,4096,2048,tile8,4,550768
sample,4096,2048,tile8,5,540378
sample,4096,2048,tile8,6,544008
sample,4096,2048,tile8,7,542248
sample,4096,2048,tile8,8,544462
sample,4096,2048,tile8,9,541758
sample,4096,2048,tile8,10,540211
sample,4096,2048,tile8,11,564692
sample,4096,2048,tile8,12,537664
sample,4096,2048,tile8,13,540646
sample,4096,2048,tile8,14,555118
sample,4096,2048,tile8,15,549516
sample,4096,2048,tile8,16,540507
sample,4096,2048,tile8,17,565017
sample,4096,2048,tile8,18,544240
sample,4096,2048,tile8,19,538721
sample,4096,2048,tile8,20,543035
sample,4096,2048,tile8,21,540536
sample,4096,2048,tile8,22,545397
sample,4096,2048,tile8,23,594831
sample,4096,2048,tile8,24,537498
sample,4096,2048,tile8,25,540406
sample,4096,2048,tile8,26,541546
sample,4096,2048,tile8,27,547757
sample,4096,2048,tile8,28,538656
sample,4096,2048,tile8,29,542203
measured,16384,128,vec4,262144,1048576,5,30,14,571794,604822,318e48fc80dadb1f,a09bc0e13ecf9bf8,none,none
sample,16384,128,vec4,0,567572
sample,16384,128,vec4,1,583776
sample,16384,128,vec4,2,573053
sample,16384,128,vec4,3,596192
sample,16384,128,vec4,4,567193
sample,16384,128,vec4,5,562572
sample,16384,128,vec4,6,556294
sample,16384,128,vec4,7,579137
sample,16384,128,vec4,8,604822
sample,16384,128,vec4,9,559258
sample,16384,128,vec4,10,559147
sample,16384,128,vec4,11,584462
sample,16384,128,vec4,12,564953
sample,16384,128,vec4,13,561757
sample,16384,128,vec4,14,602016
sample,16384,128,vec4,15,560230
sample,16384,128,vec4,16,565434
sample,16384,128,vec4,17,578359
sample,16384,128,vec4,18,570730
sample,16384,128,vec4,19,581258
sample,16384,128,vec4,20,572017
sample,16384,128,vec4,21,571794
sample,16384,128,vec4,22,564887
sample,16384,128,vec4,23,575174
sample,16384,128,vec4,24,565351
sample,16384,128,vec4,25,581498
sample,16384,128,vec4,26,578155
sample,16384,128,vec4,27,618165
sample,16384,128,vec4,28,557036
sample,16384,128,vec4,29,572017
measured,16384,128,fused2,262144,1048576,5,30,13,536221,584406,318e48fc80dadb1f,a09bc0e13ecf9bf8,none,none
sample,16384,128,fused2,0,536221
sample,16384,128,fused2,1,544185
sample,16384,128,fused2,2,525360
sample,16384,128,fused2,3,535657
sample,16384,128,fused2,4,529822
sample,16384,128,fused2,5,522416
sample,16384,128,fused2,6,527461
sample,16384,128,fused2,7,540183
sample,16384,128,fused2,8,584406
sample,16384,128,fused2,9,535620
sample,16384,128,fused2,10,538823
sample,16384,128,fused2,11,534970
sample,16384,128,fused2,12,609323
sample,16384,128,fused2,13,540657
sample,16384,128,fused2,14,533758
sample,16384,128,fused2,15,543776
sample,16384,128,fused2,16,543164
sample,16384,128,fused2,17,530555
sample,16384,128,fused2,18,542090
sample,16384,128,fused2,19,543118
sample,16384,128,fused2,20,536803
sample,16384,128,fused2,21,548620
sample,16384,128,fused2,22,534333
sample,16384,128,fused2,23,527813
sample,16384,128,fused2,24,538888
sample,16384,128,fused2,25,535416
sample,16384,128,fused2,26,538138
sample,16384,128,fused2,27,538804
sample,16384,128,fused2,28,531748
sample,16384,128,fused2,29,525452
measured,16384,128,tile8,262144,1048576,5,30,12,515693,553461,318e48fc80dadb1f,a09bc0e13ecf9bf8,none,none
sample,16384,128,tile8,0,520368
sample,16384,128,tile8,1,516581
sample,16384,128,tile8,2,517924
sample,16384,128,tile8,3,517795
sample,16384,128,tile8,4,525850
sample,16384,128,tile8,5,504860
sample,16384,128,tile8,6,509323
sample,16384,128,tile8,7,515350
sample,16384,128,tile8,8,515416
sample,16384,128,tile8,9,501590
sample,16384,128,tile8,10,515979
sample,16384,128,tile8,11,515795
sample,16384,128,tile8,12,512980
sample,16384,128,tile8,13,506184
sample,16384,128,tile8,14,524488
sample,16384,128,tile8,15,503443
sample,16384,128,tile8,16,504295
sample,16384,128,tile8,17,506230
sample,16384,128,tile8,18,515203
sample,16384,128,tile8,19,515693
sample,16384,128,tile8,20,518183
sample,16384,128,tile8,21,584860
sample,16384,128,tile8,22,504396
sample,16384,128,tile8,23,522258
sample,16384,128,tile8,24,522646
sample,16384,128,tile8,25,514044
sample,16384,128,tile8,26,520628
sample,16384,128,tile8,27,553461
sample,16384,128,tile8,28,525055
sample,16384,128,tile8,29,506636
measured,16384,512,vec4,1048576,4194304,5,30,14,639082,843887,08b87a1ca99fa7b8,cc66b7b8fae87df4,none,none
sample,16384,512,vec4,0,629878
sample,16384,512,vec4,1,649461
sample,16384,512,vec4,2,628887
sample,16384,512,vec4,3,644165
sample,16384,512,vec4,4,637193
sample,16384,512,vec4,5,641313
sample,16384,512,vec4,6,644341
sample,16384,512,vec4,7,704128
sample,16384,512,vec4,8,639082
sample,16384,512,vec4,9,639711
sample,16384,512,vec4,10,843887
sample,16384,512,vec4,11,801923
sample,16384,512,vec4,12,809867
sample,16384,512,vec4,13,806693
sample,16384,512,vec4,14,861274
sample,16384,512,vec4,15,822692
sample,16384,512,vec4,16,825034
sample,16384,512,vec4,17,627721
sample,16384,512,vec4,18,634185
sample,16384,512,vec4,19,635193
sample,16384,512,vec4,20,638453
sample,16384,512,vec4,21,644007
sample,16384,512,vec4,22,701628
sample,16384,512,vec4,23,635905
sample,16384,512,vec4,24,625693
sample,16384,512,vec4,25,633238
sample,16384,512,vec4,26,636340
sample,16384,512,vec4,27,629165
sample,16384,512,vec4,28,633322
sample,16384,512,vec4,29,638989
measured,16384,512,fused2,1048576,4194304,5,30,13,604257,781090,08b87a1ca99fa7b8,cc66b7b8fae87df4,none,none
sample,16384,512,fused2,0,600424
sample,16384,512,fused2,1,609304
sample,16384,512,fused2,2,600396
sample,16384,512,fused2,3,605128
sample,16384,512,fused2,4,604257
sample,16384,512,fused2,5,599591
sample,16384,512,fused2,6,600804
sample,16384,512,fused2,7,594674
sample,16384,512,fused2,8,599951
sample,16384,512,fused2,9,608498
sample,16384,512,fused2,10,774313
sample,16384,512,fused2,11,768035
sample,16384,512,fused2,12,769971
sample,16384,512,fused2,13,781090
sample,16384,512,fused2,14,793184
sample,16384,512,fused2,15,768571
sample,16384,512,fused2,16,606998
sample,16384,512,fused2,17,599981
sample,16384,512,fused2,18,602961
sample,16384,512,fused2,19,597887
sample,16384,512,fused2,20,612016
sample,16384,512,fused2,21,601814
sample,16384,512,fused2,22,599840
sample,16384,512,fused2,23,595155
sample,16384,512,fused2,24,598749
sample,16384,512,fused2,25,672479
sample,16384,512,fused2,26,653897
sample,16384,512,fused2,27,588378
sample,16384,512,fused2,28,605989
sample,16384,512,fused2,29,614498
measured,16384,512,tile8,1048576,4194304,5,30,12,626248,808349,08b87a1ca99fa7b8,cc66b7b8fae87df4,none,none
sample,16384,512,tile8,0,624359
sample,16384,512,tile8,1,632664
sample,16384,512,tile8,2,629350
sample,16384,512,tile8,3,612526
sample,16384,512,tile8,4,626582
sample,16384,512,tile8,5,625323
sample,16384,512,tile8,6,650165
sample,16384,512,tile8,7,632526
sample,16384,512,tile8,8,623915
sample,16384,512,tile8,9,626201
sample,16384,512,tile8,10,626859
sample,16384,512,tile8,11,784795
sample,16384,512,tile8,12,807628
sample,16384,512,tile8,13,789591
sample,16384,512,tile8,14,782015
sample,16384,512,tile8,15,814376
sample,16384,512,tile8,16,808349
sample,16384,512,tile8,17,623137
sample,16384,512,tile8,18,617489
sample,16384,512,tile8,19,624100
sample,16384,512,tile8,20,625758
sample,16384,512,tile8,21,625943
sample,16384,512,tile8,22,634072
sample,16384,512,tile8,23,617442
sample,16384,512,tile8,24,628785
sample,16384,512,tile8,25,629461
sample,16384,512,tile8,26,618952
sample,16384,512,tile8,27,614536
sample,16384,512,tile8,28,626248
sample,16384,512,tile8,29,619813
measured,16384,2048,vec4,4194304,16777216,5,30,14,831571,868997,6be3b72c15a212b9,3199380bd5011e6c,none,none
sample,16384,2048,vec4,0,828377
sample,16384,2048,vec4,1,836434
sample,16384,2048,vec4,2,833544
sample,16384,2048,vec4,3,829804
sample,16384,2048,vec4,4,833330
sample,16384,2048,vec4,5,835489
sample,16384,2048,vec4,6,831970
sample,16384,2048,vec4,7,834174
sample,16384,2048,vec4,8,834497
sample,16384,2048,vec4,9,844025
sample,16384,2048,vec4,10,846636
sample,16384,2048,vec4,11,868997
sample,16384,2048,vec4,12,893478
sample,16384,2048,vec4,13,842998
sample,16384,2048,vec4,14,831571
sample,16384,2048,vec4,15,844405
sample,16384,2048,vec4,16,838767
sample,16384,2048,vec4,17,867979
sample,16384,2048,vec4,18,813386
sample,16384,2048,vec4,19,741554
sample,16384,2048,vec4,20,756728
sample,16384,2048,vec4,21,756331
sample,16384,2048,vec4,22,743294
sample,16384,2048,vec4,23,753322
sample,16384,2048,vec4,24,754553
sample,16384,2048,vec4,25,754053
sample,16384,2048,vec4,26,738202
sample,16384,2048,vec4,27,740960
sample,16384,2048,vec4,28,739581
sample,16384,2048,vec4,29,754276
measured,16384,2048,fused2,4194304,16777216,5,30,13,789785,829424,6be3b72c15a212b9,3199380bd5011e6c,none,none
sample,16384,2048,fused2,0,807867
sample,16384,2048,fused2,1,815276
sample,16384,2048,fused2,2,789785
sample,16384,2048,fused2,3,795100
sample,16384,2048,fused2,4,792108
sample,16384,2048,fused2,5,826794
sample,16384,2048,fused2,6,788729
sample,16384,2048,fused2,7,853405
sample,16384,2048,fused2,8,785395
sample,16384,2048,fused2,9,794729
sample,16384,2048,fused2,10,803451
sample,16384,2048,fused2,11,829424
sample,16384,2048,fused2,12,797488
sample,16384,2048,fused2,13,810627
sample,16384,2048,fused2,14,821089
sample,16384,2048,fused2,15,790813
sample,16384,2048,fused2,16,798628
sample,16384,2048,fused2,17,800396
sample,16384,2048,fused2,18,758137
sample,16384,2048,fused2,19,701850
sample,16384,2048,fused2,20,699081
sample,16384,2048,fused2,21,707868
sample,16384,2048,fused2,22,703785
sample,16384,2048,fused2,23,705100
sample,16384,2048,fused2,24,713785
sample,16384,2048,fused2,25,724331
sample,16384,2048,fused2,26,718730
sample,16384,2048,fused2,27,705054
sample,16384,2048,fused2,28,722887
sample,16384,2048,fused2,29,708924
measured,16384,2048,tile8,4194304,16777216,5,30,12,990775,1009932,6be3b72c15a212b9,3199380bd5011e6c,none,none
sample,16384,2048,tile8,0,990775
sample,16384,2048,tile8,1,1013118
sample,16384,2048,tile8,2,990395
sample,16384,2048,tile8,3,992339
sample,16384,2048,tile8,4,1004552
sample,16384,2048,tile8,5,995025
sample,16384,2048,tile8,6,990239
sample,16384,2048,tile8,7,993192
sample,16384,2048,tile8,8,1000154
sample,16384,2048,tile8,9,1001784
sample,16384,2048,tile8,10,1001423
sample,16384,2048,tile8,11,1003591
sample,16384,2048,tile8,12,1004757
sample,16384,2048,tile8,13,1009932
sample,16384,2048,tile8,14,996191
sample,16384,2048,tile8,15,1004599
sample,16384,2048,tile8,16,1004432
sample,16384,2048,tile8,17,1009600
sample,16384,2048,tile8,18,855794
sample,16384,2048,tile8,19,859878
sample,16384,2048,tile8,20,859997
sample,16384,2048,tile8,21,853600
sample,16384,2048,tile8,22,859573
sample,16384,2048,tile8,23,858220
sample,16384,2048,tile8,24,864349
sample,16384,2048,tile8,25,893035
sample,16384,2048,tile8,26,857609
sample,16384,2048,tile8,27,869979
sample,16384,2048,tile8,28,862330
sample,16384,2048,tile8,29,863265
measured,65536,128,vec4,1048576,4194304,5,30,16,836072,1056173,9ec0db29a14c575b,4098921c6b362ecd,none,none
sample,65536,128,vec4,0,676914
sample,65536,128,vec4,1,684054
sample,65536,128,vec4,2,700044
sample,65536,128,vec4,3,663924
sample,65536,128,vec4,4,687461
sample,65536,128,vec4,5,690850
sample,65536,128,vec4,6,678942
sample,65536,128,vec4,7,680572
sample,65536,128,vec4,8,675220
sample,65536,128,vec4,9,662396
sample,65536,128,vec4,10,682980
sample,65536,128,vec4,11,653619
sample,65536,128,vec4,12,674915
sample,65536,128,vec4,13,671285
sample,65536,128,vec4,14,843765
sample,65536,128,vec4,15,860118
sample,65536,128,vec4,16,872339
sample,65536,128,vec4,17,838987
sample,65536,128,vec4,18,836072
sample,65536,128,vec4,19,836460
sample,65536,128,vec4,20,836459
sample,65536,128,vec4,21,837961
sample,65536,128,vec4,22,842590
sample,65536,128,vec4,23,837424
sample,65536,128,vec4,24,846470
sample,65536,128,vec4,25,868498
sample,65536,128,vec4,26,1049588
sample,65536,128,vec4,27,1056173
sample,65536,128,vec4,28,1026284
sample,65536,128,vec4,29,1059479
measured,65536,128,fused2,1048576,4194304,5,30,15,809711,1003312,9ec0db29a14c575b,4098921c6b362ecd,none,none
sample,65536,128,fused2,0,656535
sample,65536,128,fused2,1,658581
sample,65536,128,fused2,2,666637
sample,65536,128,fused2,3,633489
sample,65536,128,fused2,4,663257
sample,65536,128,fused2,5,656527
sample,65536,128,fused2,6,656961
sample,65536,128,fused2,7,710869
sample,65536,128,fused2,8,651674
sample,65536,128,fused2,9,644165
sample,65536,128,fused2,10,679488
sample,65536,128,fused2,11,625192
sample,65536,128,fused2,12,651137
sample,65536,128,fused2,13,808665
sample,65536,128,fused2,14,811914
sample,65536,128,fused2,15,838979
sample,65536,128,fused2,16,829349
sample,65536,128,fused2,17,809886
sample,65536,128,fused2,18,822331
sample,65536,128,fused2,19,810517
sample,65536,128,fused2,20,809711
sample,65536,128,fused2,21,827191
sample,65536,128,fused2,22,844757
sample,65536,128,fused2,23,859367
sample,65536,128,fused2,24,815719
sample,65536,128,fused2,25,829730
sample,65536,128,fused2,26,993081
sample,65536,128,fused2,27,1029006
sample,65536,128,fused2,28,1003312
sample,65536,128,fused2,29,830174
measured,65536,128,tile8,1048576,4194304,5,30,14,813609,1038812,9ec0db29a14c575b,4098921c6b362ecd,none,none
sample,65536,128,tile8,0,667554
sample,65536,128,tile8,1,658943
sample,65536,128,tile8,2,675914
sample,65536,128,tile8,3,652201
sample,65536,128,tile8,4,656794
sample,65536,128,tile8,5,668128
sample,65536,128,tile8,6,657396
sample,65536,128,tile8,7,693340
sample,65536,128,tile8,8,670471
sample,65536,128,tile8,9,648231
sample,65536,128,tile8,10,646183
sample,65536,128,tile8,11,632573
sample,65536,128,tile8,12,655683
sample,65536,128,tile8,13,815998
sample,65536,128,tile8,14,825711
sample,65536,128,tile8,15,834906
sample,65536,128,tile8,16,829348
sample,65536,128,tile8,17,813609
sample,65536,128,tile8,18,818785
sample,65536,128,tile8,19,811784
sample,65536,128,tile8,20,976006
sample,65536,128,tile8,21,819321
sample,65536,128,tile8,22,814951
sample,65536,128,tile8,23,831506
sample,65536,128,tile8,24,828562
sample,65536,128,tile8,25,827026
sample,65536,128,tile8,26,1024627
sample,65536,128,tile8,27,1038812
sample,65536,128,tile8,28,1042423
sample,65536,128,tile8,29,863451
measured,65536,512,vec4,4194304,16777216,5,30,16,1302079,1349357,84d06402da633040,29115d73667dee45,none,none
sample,65536,512,vec4,0,1302079
sample,65536,512,vec4,1,1309468
sample,65536,512,vec4,2,1317384
sample,65536,512,vec4,3,1320412
sample,65536,512,vec4,4,1324542
sample,65536,512,vec4,5,1328857
sample,65536,512,vec4,6,1345107
sample,65536,512,vec4,7,1326246
sample,65536,512,vec4,8,1310134
sample,65536,512,vec4,9,1355385
sample,65536,512,vec4,10,1324662
sample,65536,512,vec4,11,1312570
sample,65536,512,vec4,12,1312283
sample,65536,512,vec4,13,1349357
sample,65536,512,vec4,14,1311598
sample,65536,512,vec4,15,1295219
sample,65536,512,vec4,16,1332811
sample,65536,512,vec4,17,1300357
sample,65536,512,vec4,18,1301191
sample,65536,512,vec4,19,1161757
sample,65536,512,vec4,20,1154173
sample,65536,512,vec4,21,1145700
sample,65536,512,vec4,22,1111330
sample,65536,512,vec4,23,1035136
sample,65536,512,vec4,24,971997
sample,65536,512,vec4,25,983775
sample,65536,512,vec4,26,989043
sample,65536,512,vec4,27,997108
sample,65536,512,vec4,28,1000451
sample,65536,512,vec4,29,978117
measured,65536,512,fused2,4194304,16777216,5,30,15,1270357,1294246,84d06402da633040,29115d73667dee45,none,none
sample,65536,512,fused2,0,1254089
sample,65536,512,fused2,1,1276571
sample,65536,512,fused2,2,1272848
sample,65536,512,fused2,3,1258913
sample,65536,512,fused2,4,1290904
sample,65536,512,fused2,5,1282181
sample,65536,512,fused2,6,1305311
sample,65536,512,fused2,7,1294246
sample,65536,512,fused2,8,1270357
sample,65536,512,fused2,9,1286831
sample,65536,512,fused2,10,1281912
sample,65536,512,fused2,11,1277340
sample,65536,512,fused2,12,1285432
sample,65536,512,fused2,13,1287765
sample,65536,512,fused2,14,1269246
sample,65536,512,fused2,15,1283746
sample,65536,512,fused2,16,1287654
sample,65536,512,fused2,17,1275579
sample,65536,512,fused2,18,1276727
sample,65536,512,fused2,19,1079599
sample,65536,512,fused2,20,1120831
sample,65536,512,fused2,21,1107655
sample,65536,512,fused2,22,1044525
sample,65536,512,fused2,23,1047136
sample,65536,512,fused2,24,949191
sample,65536,512,fused2,25,1048571
sample,65536,512,fused2,26,952552
sample,65536,512,fused2,27,955136
sample,65536,512,fused2,28,994737
sample,65536,512,fused2,29,955423
measured,65536,512,tile8,4194304,16777216,5,30,14,1435135,1492542,84d06402da633040,29115d73667dee45,none,none
sample,65536,512,tile8,0,1463337
sample,65536,512,tile8,1,1431560
sample,65536,512,tile8,2,1464411
sample,65536,512,tile8,3,1486292
sample,65536,512,tile8,4,1436569
sample,65536,512,tile8,5,1442330
sample,65536,512,tile8,6,1454801
sample,65536,512,tile8,7,1496930
sample,65536,512,tile8,8,1475626
sample,65536,512,tile8,9,1451597
sample,65536,512,tile8,10,1492542
sample,65536,512,tile8,11,1467588
sample,65536,512,tile8,12,1447718
sample,65536,512,tile8,13,1420978
sample,65536,512,tile8,14,1473560
sample,65536,512,tile8,15,1461707
sample,65536,512,tile8,16,1435135
sample,65536,512,tile8,17,1484263
sample,65536,512,tile8,18,1415699
sample,65536,512,tile8,19,1251579
sample,65536,512,tile8,20,1260589
sample,65536,512,tile8,21,1319329
sample,65536,512,tile8,22,1231543
sample,65536,512,tile8,23,1169329
sample,65536,512,tile8,24,1065441
sample,65536,512,tile8,25,1146025
sample,65536,512,tile8,26,1085247
sample,65536,512,tile8,27,1088579
sample,65536,512,tile8,28,1094478
sample,65536,512,tile8,29,1091005
skipped_limit,65536,2048,vec4,16777216,67108864,NA,NA,NA,NA,NA,NA,NA,cohort_dispatch_limit,none
skipped_limit,65536,2048,fused2,16777216,67108864,NA,NA,NA,NA,NA,NA,NA,cohort_dispatch_limit,none
skipped_limit,65536,2048,tile8,16777216,67108864,NA,NA,NA,NA,NA,NA,NA,cohort_dispatch_limit,none
measured,262144,128,vec4,4194304,16777216,5,30,18,1193829,1241848,603e59446e81431f,99960c282a7f4ca5,none,none
sample,262144,128,vec4,0,1203940
sample,262144,128,vec4,1,1210653
sample,262144,128,vec4,2,1187784
sample,262144,128,vec4,3,1174691
sample,262144,128,vec4,4,1196701
sample,262144,128,vec4,5,1210746
sample,262144,128,vec4,6,1225320
sample,262144,128,vec4,7,1188931
sample,262144,128,vec4,8,1202988
sample,262144,128,vec4,9,1205404
sample,262144,128,vec4,10,1226126
sample,262144,128,vec4,11,1241848
sample,262144,128,vec4,12,1181117
sample,262144,128,vec4,13,1204488
sample,262144,128,vec4,14,1201636
sample,262144,128,vec4,15,1242126
sample,262144,128,vec4,16,1193829
sample,262144,128,vec4,17,1218718
sample,262144,128,vec4,18,1201830
sample,262144,128,vec4,19,1185589
sample,262144,128,vec4,20,1177783
sample,262144,128,vec4,21,1205970
sample,262144,128,vec4,22,1008636
sample,262144,128,vec4,23,1018432
sample,262144,128,vec4,24,1015645
sample,262144,128,vec4,25,996303
sample,262144,128,vec4,26,1010738
sample,262144,128,vec4,27,1015488
sample,262144,128,vec4,28,1056275
sample,262144,128,vec4,29,1003350
measured,262144,128,fused2,4194304,16777216,5,30,17,1202626,1238376,603e59446e81431f,99960c282a7f4ca5,none,none
sample,262144,128,fused2,0,1218460
sample,262144,128,fused2,1,1208959
sample,262144,128,fused2,2,1196644
sample,262144,128,fused2,3,1238376
sample,262144,128,fused2,4,1209681
sample,262144,128,fused2,5,1202626
sample,262144,128,fused2,6,1217978
sample,262144,128,fused2,7,1202553
sample,262144,128,fused2,8,1189996
sample,262144,128,fused2,9,1210867
sample,262144,128,fused2,10,1208830
sample,262144,128,fused2,11,1225858
sample,262144,128,fused2,12,1198005
sample,262144,128,fused2,13,1206913
sample,262144,128,fused2,14,1213283
sample,262144,128,fused2,15,1199283
sample,262144,128,fused2,16,1232552
sample,262144,128,fused2,17,1203190
sample,262144,128,fused2,18,1242681
sample,262144,128,fused2,19,1205135
sample,262144,128,fused2,20,1185895
sample,262144,128,fused2,21,1214581
sample,262144,128,fused2,22,1020321
sample,262144,128,fused2,23,1009960
sample,262144,128,fused2,24,1022673
sample,262144,128,fused2,25,1018229
sample,262144,128,fused2,26,1018812
sample,262144,128,fused2,27,1021349
sample,262144,128,fused2,28,1019562
sample,262144,128,fused2,29,1003015
measured,262144,128,tile8,4194304,16777216,5,30,16,1286487,1326236,603e59446e81431f,99960c282a7f4ca5,none,none
sample,262144,128,tile8,0,1303024
sample,262144,128,tile8,1,1296747
sample,262144,128,tile8,2,1282736
sample,262144,128,tile8,3,1302793
sample,262144,128,tile8,4,1286487
sample,262144,128,tile8,5,1286079
sample,262144,128,tile8,6,1281218
sample,262144,128,tile8,7,1301311
sample,262144,128,tile8,8,1304182
sample,262144,128,tile8,9,1296672
sample,262144,128,tile8,10,1311098
sample,262144,128,tile8,11,1280292
sample,262144,128,tile8,12,1304765
sample,262144,128,tile8,13,1301043
sample,262144,128,tile8,14,1285375
sample,262144,128,tile8,15,1295450
sample,262144,128,tile8,16,1282330
sample,262144,128,tile8,17,1332006
sample,262144,128,tile8,18,1326236
sample,262144,128,tile8,19,1291044
sample,262144,128,tile8,20,1305172
sample,262144,128,tile8,21,1310034
sample,262144,128,tile8,22,1105016
sample,262144,128,tile8,23,1135885
sample,262144,128,tile8,24,1127729
sample,262144,128,tile8,25,1093875
sample,262144,128,tile8,26,1114164
sample,262144,128,tile8,27,1094127
sample,262144,128,tile8,28,1139431
sample,262144,128,tile8,29,1091264
skipped_limit,262144,512,vec4,16777216,67108864,NA,NA,NA,NA,NA,NA,NA,cohort_dispatch_limit,none
skipped_limit,262144,512,fused2,16777216,67108864,NA,NA,NA,NA,NA,NA,NA,cohort_dispatch_limit,none
skipped_limit,262144,512,tile8,16777216,67108864,NA,NA,NA,NA,NA,NA,NA,cohort_dispatch_limit,none
skipped_limit,262144,2048,vec4,67108864,268435456,NA,NA,NA,NA,NA,NA,NA,cohort_dispatch_limit,none
skipped_limit,262144,2048,fused2,67108864,268435456,NA,NA,NA,NA,NA,NA,NA,cohort_dispatch_limit,none
skipped_limit,262144,2048,tile8,67108864,268435456,NA,NA,NA,NA,NA,NA,NA,cohort_dispatch_limit,none
skipped_limit,1048576,128,vec4,16777216,67108864,NA,NA,NA,NA,NA,NA,NA,cohort_dispatch_limit,none
skipped_limit,1048576,128,fused2,16777216,67108864,NA,NA,NA,NA,NA,NA,NA,cohort_dispatch_limit,none
skipped_limit,1048576,128,tile8,16777216,67108864,NA,NA,NA,NA,NA,NA,NA,cohort_dispatch_limit,none
skipped_limit,1048576,512,vec4,67108864,268435456,NA,NA,NA,NA,NA,NA,NA,cohort_dispatch_limit,none
skipped_limit,1048576,512,fused2,67108864,268435456,NA,NA,NA,NA,NA,NA,NA,cohort_dispatch_limit,none
skipped_limit,1048576,512,tile8,67108864,268435456,NA,NA,NA,NA,NA,NA,NA,cohort_dispatch_limit,none
skipped_limit,1048576,2048,vec4,268435456,1073741824,NA,NA,NA,NA,NA,NA,NA,cohort_dispatch_limit,none
skipped_limit,1048576,2048,fused2,268435456,1073741824,NA,NA,NA,NA,NA,NA,NA,cohort_dispatch_limit,none
skipped_limit,1048576,2048,tile8,268435456,1073741824,NA,NA,NA,NA,NA,NA,NA,cohort_dispatch_limit,none
qualification_status=complete
