benchmark=pvp3d_three_candidate_same_device
source_revision=ddb6f0144821dfa29d268601e7087e5001278e52
adapter=NVIDIA GeForce RTX 4060
backend=Vulkan
device_type=DiscreteGpu
vendor_id=4318
device_id=10370
driver=NVIDIA
driver_info=595.45.04
hardware_measurement_eligible=true
physical_admission=external_remoteops_evidence_required
performance_claim=none
primary_timing_scope=resident_encode_plus_queue_submit_plus_device_wait
state_reset_scope=completed_before_timer
correctness_readback_scope=before_and_after_timing
candidate_order=ABC_ACB_BAC_BCA_CAB_CBA
resident_payload_scope=source_plus_three_states_excludes_driver_uniforms_and_readback
status,k,g,candidate,state_bytes,resident_payload_bytes,warmups,repeats,logical_dispatches,p50_ns,p95_ns,input_checksum,output_checksum,skip_reason,performance_claim
measured,256,128,vec4,4096,16384,5,30,8,270302,284343,4c67926a9205d7b4,956299587c8af4b4,none,none
sample,256,128,vec4,0,274677
sample,256,128,vec4,1,274973
sample,256,128,vec4,2,272851
sample,256,128,vec4,3,274670
sample,256,128,vec4,4,272520
sample,256,128,vec4,5,270023
sample,256,128,vec4,6,265282
sample,256,128,vec4,7,266203
sample,256,128,vec4,8,265258
sample,256,128,vec4,9,265173
sample,256,128,vec4,10,263998
sample,256,128,vec4,11,266717
sample,256,128,vec4,12,273775
sample,256,128,vec4,13,264298
sample,256,128,vec4,14,270405
sample,256,128,vec4,15,273650
sample,256,128,vec4,16,265033
sample,256,128,vec4,17,268473
sample,256,128,vec4,18,266412
sample,256,128,vec4,19,267126
sample,256,128,vec4,20,299460
sample,256,128,vec4,21,270882
sample,256,128,vec4,22,284343
sample,256,128,vec4,23,272590
sample,256,128,vec4,24,270302
sample,256,128,vec4,25,272857
sample,256,128,vec4,26,270538
sample,256,128,vec4,27,272954
sample,256,128,vec4,28,262373
sample,256,128,vec4,29,263193
measured,256,128,fused2,4096,16384,5,30,7,246290,280694,4c67926a9205d7b4,956299587c8af4b4,none,none
sample,256,128,fused2,0,252485
sample,256,128,fused2,1,251301
sample,256,128,fused2,2,249395
sample,256,128,fused2,3,241528
sample,256,128,fused2,4,251612
sample,256,128,fused2,5,246290
sample,256,128,fused2,6,243259
sample,256,128,fused2,7,241647
sample,256,128,fused2,8,280694
sample,256,128,fused2,9,241563
sample,256,128,fused2,10,242999
sample,256,128,fused2,11,265928
sample,256,128,fused2,12,244307
sample,256,128,fused2,13,242106
sample,256,128,fused2,14,241456
sample,256,128,fused2,15,237984
sample,256,128,fused2,16,240525
sample,256,128,fused2,17,247834
sample,256,128,fused2,18,266245
sample,256,128,fused2,19,240919
sample,256,128,fused2,20,250177
sample,256,128,fused2,21,269216
sample,256,128,fused2,22,249762
sample,256,128,fused2,23,241690
sample,256,128,fused2,24,269062
sample,256,128,fused2,25,242299
sample,256,128,fused2,26,267416
sample,256,128,fused2,27,242530
sample,256,128,fused2,28,285577
sample,256,128,fused2,29,268440
measured,256,128,tile8,4096,16384,5,30,6,221427,257365,4c67926a9205d7b4,956299587c8af4b4,none,none
sample,256,128,tile8,0,228929
sample,256,128,tile8,1,239224
sample,256,128,tile8,2,229060
sample,256,128,tile8,3,221427
sample,256,128,tile8,4,229097
sample,256,128,tile8,5,219686
sample,256,128,tile8,6,221754
sample,256,128,tile8,7,220191
sample,256,128,tile8,8,224317
sample,256,128,tile8,9,220727
sample,256,128,tile8,10,220289
sample,256,128,tile8,11,219620
sample,256,128,tile8,12,245420
sample,256,128,tile8,13,220094
sample,256,128,tile8,14,219199
sample,256,128,tile8,15,257365
sample,256,128,tile8,16,236822
sample,256,128,tile8,17,219819
sample,256,128,tile8,18,228308
sample,256,128,tile8,19,219735
sample,256,128,tile8,20,242620
sample,256,128,tile8,21,374287
sample,256,128,tile8,22,218378
sample,256,128,tile8,23,218615
sample,256,128,tile8,24,220743
sample,256,128,tile8,25,219288
sample,256,128,tile8,26,231508
sample,256,128,tile8,27,225638
sample,256,128,tile8,28,219329
sample,256,128,tile8,29,232003
measured,256,512,vec4,16384,65536,5,30,8,262123,441197,38bbe1f688e24d78,1c8bb372f8f1302e,none,none
sample,256,512,vec4,0,263645
sample,256,512,vec4,1,265093
sample,256,512,vec4,2,291619
sample,256,512,vec4,3,265442
sample,256,512,vec4,4,262084
sample,256,512,vec4,5,441197
sample,256,512,vec4,6,474381
sample,256,512,vec4,7,261776
sample,256,512,vec4,8,262318
sample,256,512,vec4,9,262252
sample,256,512,vec4,10,264746
sample,256,512,vec4,11,262600
sample,256,512,vec4,12,260470
sample,256,512,vec4,13,260382
sample,256,512,vec4,14,266844
sample,256,512,vec4,15,261200
sample,256,512,vec4,16,261289
sample,256,512,vec4,17,264930
sample,256,512,vec4,18,260239
sample,256,512,vec4,19,262499
sample,256,512,vec4,20,260968
sample,256,512,vec4,21,262725
sample,256,512,vec4,22,261798
sample,256,512,vec4,23,414209
sample,256,512,vec4,24,259431
sample,256,512,vec4,25,259189
sample,256,512,vec4,26,261821
sample,256,512,vec4,27,261547
sample,256,512,vec4,28,262123
sample,256,512,vec4,29,260881
measured,256,512,fused2,16384,65536,5,30,7,239373,265570,38bbe1f688e24d78,1c8bb372f8f1302e,none,none
sample,256,512,fused2,0,240690
sample,256,512,fused2,1,240052
sample,256,512,fused2,2,241752
sample,256,512,fused2,3,239499
sample,256,512,fused2,4,238643
sample,256,512,fused2,5,265570
sample,256,512,fused2,6,241961
sample,256,512,fused2,7,242744
sample,256,512,fused2,8,239822
sample,256,512,fused2,9,239373
sample,256,512,fused2,10,238682
sample,256,512,fused2,11,238573
sample,256,512,fused2,12,238934
sample,256,512,fused2,13,269236
sample,256,512,fused2,14,240330
sample,256,512,fused2,15,238366
sample,256,512,fused2,16,239141
sample,256,512,fused2,17,238044
sample,256,512,fused2,18,237225
sample,256,512,fused2,19,238053
sample,256,512,fused2,20,237113
sample,256,512,fused2,21,238322
sample,256,512,fused2,22,261332
sample,256,512,fused2,23,263980
sample,256,512,fused2,24,236561
sample,256,512,fused2,25,239436
sample,256,512,fused2,26,265159
sample,256,512,fused2,27,237879
sample,256,512,fused2,28,239214
sample,256,512,fused2,29,257671
measured,256,512,tile8,16384,65536,5,30,6,217493,244142,38bbe1f688e24d78,1c8bb372f8f1302e,none,none
sample,256,512,tile8,0,219353
sample,256,512,tile8,1,219045
sample,256,512,tile8,2,219944
sample,256,512,tile8,3,217396
sample,256,512,tile8,4,218268
sample,256,512,tile8,5,218118
sample,256,512,tile8,6,219297
sample,256,512,tile8,7,216865
sample,256,512,tile8,8,217284
sample,256,512,tile8,9,216222
sample,256,512,tile8,10,219633
sample,256,512,tile8,11,216821
sample,256,512,tile8,12,216516
sample,256,512,tile8,13,216472
sample,256,512,tile8,14,221007
sample,256,512,tile8,15,216306
sample,256,512,tile8,16,217300
sample,256,512,tile8,17,217493
sample,256,512,tile8,18,217673
sample,256,512,tile8,19,245576
sample,256,512,tile8,20,222338
sample,256,512,tile8,21,216269
sample,256,512,tile8,22,217578
sample,256,512,tile8,23,242754
sample,256,512,tile8,24,216289
sample,256,512,tile8,25,216592
sample,256,512,tile8,26,216299
sample,256,512,tile8,27,228767
sample,256,512,tile8,28,217051
sample,256,512,tile8,29,244142
measured,256,2048,vec4,65536,262144,5,30,8,372759,414816,c9e538e9f9dccedd,259153fc2c7bc4e7,none,none
sample,256,2048,vec4,0,264943
sample,256,2048,vec4,1,263569
sample,256,2048,vec4,2,262868
sample,256,2048,vec4,3,260930
sample,256,2048,vec4,4,261230
sample,256,2048,vec4,5,260505
sample,256,2048,vec4,6,287571
sample,256,2048,vec4,7,278276
sample,256,2048,vec4,8,285001
sample,256,2048,vec4,9,280503
sample,256,2048,vec4,10,271895
sample,256,2048,vec4,11,381828
sample,256,2048,vec4,12,385971
sample,256,2048,vec4,13,408172
sample,256,2048,vec4,14,382750
sample,256,2048,vec4,15,362211
sample,256,2048,vec4,16,372759
sample,256,2048,vec4,17,369064
sample,256,2048,vec4,18,361629
sample,256,2048,vec4,19,392808
sample,256,2048,vec4,20,399525
sample,256,2048,vec4,21,389867
sample,256,2048,vec4,22,398076
sample,256,2048,vec4,23,401814
sample,256,2048,vec4,24,404562
sample,256,2048,vec4,25,414816
sample,256,2048,vec4,26,406177
sample,256,2048,vec4,27,426369
sample,256,2048,vec4,28,399370
sample,256,2048,vec4,29,397749
measured,256,2048,fused2,65536,262144,5,30,7,352356,426387,c9e538e9f9dccedd,259153fc2c7bc4e7,none,none
sample,256,2048,fused2,0,241796
sample,256,2048,fused2,1,238831
sample,256,2048,fused2,2,237773
sample,256,2048,fused2,3,239002
sample,256,2048,fused2,4,239132
sample,256,2048,fused2,5,240329
sample,256,2048,fused2,6,426387
sample,256,2048,fused2,7,398327
sample,256,2048,fused2,8,430824
sample,256,2048,fused2,9,252864
sample,256,2048,fused2,10,274292
sample,256,2048,fused2,11,353285
sample,256,2048,fused2,12,356224
sample,256,2048,fused2,13,352356
sample,256,2048,fused2,14,350359
sample,256,2048,fused2,15,328230
sample,256,2048,fused2,16,339460
sample,256,2048,fused2,17,331661
sample,256,2048,fused2,18,335408
sample,256,2048,fused2,19,356221
sample,256,2048,fused2,20,350104
sample,256,2048,fused2,21,352635
sample,256,2048,fused2,22,362977
sample,256,2048,fused2,23,365700
sample,256,2048,fused2,24,372897
sample,256,2048,fused2,25,369122
sample,256,2048,fused2,26,365291
sample,256,2048,fused2,27,365366
sample,256,2048,fused2,28,368347
sample,256,2048,fused2,29,364900
measured,256,2048,tile8,65536,262144,5,30,6,311384,341310,c9e538e9f9dccedd,259153fc2c7bc4e7,none,none
sample,256,2048,tile8,0,218364
sample,256,2048,tile8,1,220269
sample,256,2048,tile8,2,217992
sample,256,2048,tile8,3,218470
sample,256,2048,tile8,4,225500
sample,256,2048,tile8,5,216081
sample,256,2048,tile8,6,341310
sample,256,2048,tile8,7,241339
sample,256,2048,tile8,8,232452
sample,256,2048,tile8,9,228011
sample,256,2048,tile8,10,226854
sample,256,2048,tile8,11,289813
sample,256,2048,tile8,12,315176
sample,256,2048,tile8,13,311384
sample,256,2048,tile8,14,302491
sample,256,2048,tile8,15,300431
sample,256,2048,tile8,16,313911
sample,256,2048,tile8,17,301899
sample,256,2048,tile8,18,320136
sample,256,2048,tile8,19,325951
sample,256,2048,tile8,20,324620
sample,256,2048,tile8,21,321709
sample,256,2048,tile8,22,322977
sample,256,2048,tile8,23,574306
sample,256,2048,tile8,24,328776
sample,256,2048,tile8,25,329474
sample,256,2048,tile8,26,331146
sample,256,2048,tile8,27,337053
sample,256,2048,tile8,28,333788
sample,256,2048,tile8,29,330744
measured,1024,128,vec4,16384,65536,5,30,10,361776,493236,26abf5bddd03bbc5,79acd556594188cd,none,none
sample,1024,128,vec4,0,481287
sample,1024,128,vec4,1,481849
sample,1024,128,vec4,2,482958
sample,1024,128,vec4,3,481143
sample,1024,128,vec4,4,477732
sample,1024,128,vec4,5,493236
sample,1024,128,vec4,6,684242
sample,1024,128,vec4,7,478934
sample,1024,128,vec4,8,319867
sample,1024,128,vec4,9,317069
sample,1024,128,vec4,10,451149
sample,1024,128,vec4,11,363180
sample,1024,128,vec4,12,361869
sample,1024,128,vec4,13,361776
sample,1024,128,vec4,14,362482
sample,1024,128,vec4,15,362812
sample,1024,128,vec4,16,360652
sample,1024,128,vec4,17,385408
sample,1024,128,vec4,18,359874
sample,1024,128,vec4,19,361065
sample,1024,128,vec4,20,358556
sample,1024,128,vec4,21,358002
sample,1024,128,vec4,22,359970
sample,1024,128,vec4,23,357821
sample,1024,128,vec4,24,357567
sample,1024,128,vec4,25,358637
sample,1024,128,vec4,26,357825
sample,1024,128,vec4,27,377127
sample,1024,128,vec4,28,357178
sample,1024,128,vec4,29,358304
measured,1024,128,fused2,16384,65536,5,30,9,333812,465560,26abf5bddd03bbc5,79acd556594188cd,none,none
sample,1024,128,fused2,0,459970
sample,1024,128,fused2,1,446641
sample,1024,128,fused2,2,460999
sample,1024,128,fused2,3,465560
sample,1024,128,fused2,4,448140
sample,1024,128,fused2,5,460137
sample,1024,128,fused2,6,454936
sample,1024,128,fused2,7,467069
sample,1024,128,fused2,8,299345
sample,1024,128,fused2,9,294971
sample,1024,128,fused2,10,341221
sample,1024,128,fused2,11,336353
sample,1024,128,fused2,12,334904
sample,1024,128,fused2,13,334677
sample,1024,128,fused2,14,330654
sample,1024,128,fused2,15,333812
sample,1024,128,fused2,16,336245
sample,1024,128,fused2,17,332814
sample,1024,128,fused2,18,332280
sample,1024,128,fused2,19,332492
sample,1024,128,fused2,20,330979
sample,1024,128,fused2,21,348518
sample,1024,128,fused2,22,331382
sample,1024,128,fused2,23,331113
sample,1024,128,fused2,24,343359
sample,1024,128,fused2,25,329586
sample,1024,128,fused2,26,328554
sample,1024,128,fused2,27,329945
sample,1024,128,fused2,28,331667
sample,1024,128,fused2,29,332498
measured,1024,128,tile8,16384,65536,5,30,8,305296,426362,26abf5bddd03bbc5,79acd556594188cd,none,none
sample,1024,128,tile8,0,419546
sample,1024,128,tile8,1,410693
sample,1024,128,tile8,2,426362
sample,1024,128,tile8,3,403977
sample,1024,128,tile8,4,405834
sample,1024,128,tile8,5,405821
sample,1024,128,tile8,6,401550
sample,1024,128,tile8,7,444641
sample,1024,128,tile8,8,272230
sample,1024,128,tile8,9,269987
sample,1024,128,tile8,10,322613
sample,1024,128,tile8,11,341828
sample,1024,128,tile8,12,306972
sample,1024,128,tile8,13,307999
sample,1024,128,tile8,14,304650
sample,1024,128,tile8,15,305804
sample,1024,128,tile8,16,307114
sample,1024,128,tile8,17,303230
sample,1024,128,tile8,18,305646
sample,1024,128,tile8,19,303091
sample,1024,128,tile8,20,302930
sample,1024,128,tile8,21,305296
sample,1024,128,tile8,22,304314
sample,1024,128,tile8,23,303346
sample,1024,128,tile8,24,301702
sample,1024,128,tile8,25,304169
sample,1024,128,tile8,26,302069
sample,1024,128,tile8,27,302324
sample,1024,128,tile8,28,303171
sample,1024,128,tile8,29,303668
measured,1024,512,vec4,65536,262144,5,30,10,359433,396487,0949b62ffc70d026,7663f0c9d3466943,none,none
sample,1024,512,vec4,0,357094
sample,1024,512,vec4,1,360074
sample,1024,512,vec4,2,382014
sample,1024,512,vec4,3,359872
sample,1024,512,vec4,4,357032
sample,1024,512,vec4,5,356040
sample,1024,512,vec4,6,356825
sample,1024,512,vec4,7,370968
sample,1024,512,vec4,8,359433
sample,1024,512,vec4,9,358440
sample,1024,512,vec4,10,370466
sample,1024,512,vec4,11,356995
sample,1024,512,vec4,12,357189
sample,1024,512,vec4,13,396487
sample,1024,512,vec4,14,356348
sample,1024,512,vec4,15,360659
sample,1024,512,vec4,16,357093
sample,1024,512,vec4,17,393522
sample,1024,512,vec4,18,357626
sample,1024,512,vec4,19,359587
sample,1024,512,vec4,20,391321
sample,1024,512,vec4,21,371309
sample,1024,512,vec4,22,359965
sample,1024,512,vec4,23,355074
sample,1024,512,vec4,24,398814
sample,1024,512,vec4,25,373444
sample,1024,512,vec4,26,355609
sample,1024,512,vec4,27,355543
sample,1024,512,vec4,28,370076
sample,1024,512,vec4,29,356609
measured,1024,512,fused2,65536,262144,5,30,9,330787,390718,0949b62ffc70d026,7663f0c9d3466943,none,none
sample,1024,512,fused2,0,390718
sample,1024,512,fused2,1,330442
sample,1024,512,fused2,2,332837
sample,1024,512,fused2,3,330972
sample,1024,512,fused2,4,361802
sample,1024,512,fused2,5,335133
sample,1024,512,fused2,6,331037
sample,1024,512,fused2,7,330787
sample,1024,512,fused2,8,329301
sample,1024,512,fused2,9,330776
sample,1024,512,fused2,10,373826
sample,1024,512,fused2,11,332108
sample,1024,512,fused2,12,330047
sample,1024,512,fused2,13,342054
sample,1024,512,fused2,14,375328
sample,1024,512,fused2,15,330530
sample,1024,512,fused2,16,329788
sample,1024,512,fused2,17,517646
sample,1024,512,fused2,18,342988
sample,1024,512,fused2,19,329800
sample,1024,512,fused2,20,328765
sample,1024,512,fused2,21,330070
sample,1024,512,fused2,22,330130
sample,1024,512,fused2,23,330049
sample,1024,512,fused2,24,331033
sample,1024,512,fused2,25,328647
sample,1024,512,fused2,26,328510
sample,1024,512,fused2,27,330063
sample,1024,512,fused2,28,371436
sample,1024,512,fused2,29,331690
measured,1024,512,tile8,65536,262144,5,30,8,303784,347452,0949b62ffc70d026,7663f0c9d3466943,none,none
sample,1024,512,tile8,0,307617
sample,1024,512,tile8,1,343065
sample,1024,512,tile8,2,303784
sample,1024,512,tile8,3,302370
sample,1024,512,tile8,4,348037
sample,1024,512,tile8,5,305048
sample,1024,512,tile8,6,303117
sample,1024,512,tile8,7,303876
sample,1024,512,tile8,8,330447
sample,1024,512,tile8,9,306003
sample,1024,512,tile8,10,346896
sample,1024,512,tile8,11,303559
sample,1024,512,tile8,12,303445
sample,1024,512,tile8,13,303294
sample,1024,512,tile8,14,324606
sample,1024,512,tile8,15,316501
sample,1024,512,tile8,16,302903
sample,1024,512,tile8,17,336822
sample,1024,512,tile8,18,347452
sample,1024,512,tile8,19,303152
sample,1024,512,tile8,20,303337
sample,1024,512,tile8,21,305061
sample,1024,512,tile8,22,332775
sample,1024,512,tile8,23,302031
sample,1024,512,tile8,24,303724
sample,1024,512,tile8,25,302477
sample,1024,512,tile8,26,302840
sample,1024,512,tile8,27,300560
sample,1024,512,tile8,28,304183
sample,1024,512,tile8,29,302670
measured,1024,2048,vec4,262144,1048576,5,30,10,314112,367507,2d4a1c573b9665e7,d32c613321b43c7f,none,none
sample,1024,2048,vec4,0,367507
sample,1024,2048,vec4,1,423908
sample,1024,2048,vec4,2,367152
sample,1024,2048,vec4,3,316055
sample,1024,2048,vec4,4,315063
sample,1024,2048,vec4,5,316866
sample,1024,2048,vec4,6,314112
sample,1024,2048,vec4,7,326620
sample,1024,2048,vec4,8,313948
sample,1024,2048,vec4,9,312603
sample,1024,2048,vec4,10,312369
sample,1024,2048,vec4,11,312916
sample,1024,2048,vec4,12,313107
sample,1024,2048,vec4,13,311679
sample,1024,2048,vec4,14,339953
sample,1024,2048,vec4,15,311705
sample,1024,2048,vec4,16,312862
sample,1024,2048,vec4,17,316591
sample,1024,2048,vec4,18,359720
sample,1024,2048,vec4,19,313033
sample,1024,2048,vec4,20,314889
sample,1024,2048,vec4,21,347662
sample,1024,2048,vec4,22,343519
sample,1024,2048,vec4,23,315239
sample,1024,2048,vec4,24,311842
sample,1024,2048,vec4,25,323749
sample,1024,2048,vec4,26,312260
sample,1024,2048,vec4,27,312729
sample,1024,2048,vec4,28,312164
sample,1024,2048,vec4,29,312947
measured,1024,2048,fused2,262144,1048576,5,30,9,290808,470353,2d4a1c573b9665e7,d32c613321b43c7f,none,none
sample,1024,2048,fused2,0,3267786
sample,1024,2048,fused2,1,401557
sample,1024,2048,fused2,2,400515
sample,1024,2048,fused2,3,294934
sample,1024,2048,fused2,4,291188
sample,1024,2048,fused2,5,293796
sample,1024,2048,fused2,6,291004
sample,1024,2048,fused2,7,291160
sample,1024,2048,fused2,8,295445
sample,1024,2048,fused2,9,327986
sample,1024,2048,fused2,10,307429
sample,1024,2048,fused2,11,288702
sample,1024,2048,fused2,12,289730
sample,1024,2048,fused2,13,328213
sample,1024,2048,fused2,14,288608
sample,1024,2048,fused2,15,287226
sample,1024,2048,fused2,16,287346
sample,1024,2048,fused2,17,289661
sample,1024,2048,fused2,18,290821
sample,1024,2048,fused2,19,288246
sample,1024,2048,fused2,20,287063
sample,1024,2048,fused2,21,290808
sample,1024,2048,fused2,22,470353
sample,1024,2048,fused2,23,291467
sample,1024,2048,fused2,24,288779
sample,1024,2048,fused2,25,290274
sample,1024,2048,fused2,26,288515
sample,1024,2048,fused2,27,290345
sample,1024,2048,fused2,28,290707
sample,1024,2048,fused2,29,289748
measured,1024,2048,tile8,262144,1048576,5,30,8,269841,354894,2d4a1c573b9665e7,d32c613321b43c7f,none,none
sample,1024,2048,tile8,0,516958
sample,1024,2048,tile8,1,354894
sample,1024,2048,tile8,2,283602
sample,1024,2048,tile8,3,288167
sample,1024,2048,tile8,4,271209
sample,1024,2048,tile8,5,269733
sample,1024,2048,tile8,6,272146
sample,1024,2048,tile8,7,271562
sample,1024,2048,tile8,8,270084
sample,1024,2048,tile8,9,268737
sample,1024,2048,tile8,10,266918
sample,1024,2048,tile8,11,269055
sample,1024,2048,tile8,12,267916
sample,1024,2048,tile8,13,267861
sample,1024,2048,tile8,14,269314
sample,1024,2048,tile8,15,268704
sample,1024,2048,tile8,16,306739
sample,1024,2048,tile8,17,267779
sample,1024,2048,tile8,18,269715
sample,1024,2048,tile8,19,268640
sample,1024,2048,tile8,20,269972
sample,1024,2048,tile8,21,269841
sample,1024,2048,tile8,22,272583
sample,1024,2048,tile8,23,271105
sample,1024,2048,tile8,24,269759
sample,1024,2048,tile8,25,270679
sample,1024,2048,tile8,26,269724
sample,1024,2048,tile8,27,309275
sample,1024,2048,tile8,28,268112
sample,1024,2048,tile8,29,270334
measured,4096,128,vec4,65536,262144,5,30,12,358840,396451,d878e557b6daedce,8cc85ceb09c8efed,none,none
sample,4096,128,vec4,0,396451
sample,4096,128,vec4,1,397154
sample,4096,128,vec4,2,357766
sample,4096,128,vec4,3,361706
sample,4096,128,vec4,4,362668
sample,4096,128,vec4,5,358836
sample,4096,128,vec4,6,360143
sample,4096,128,vec4,7,370676
sample,4096,128,vec4,8,358672
sample,4096,128,vec4,9,357616
sample,4096,128,vec4,10,371644
sample,4096,128,vec4,11,358681
sample,4096,128,vec4,12,358826
sample,4096,128,vec4,13,358215
sample,4096,128,vec4,14,393173
sample,4096,128,vec4,15,358039
sample,4096,128,vec4,16,358840
sample,4096,128,vec4,17,359615
sample,4096,128,vec4,18,360141
sample,4096,128,vec4,19,357529
sample,4096,128,vec4,20,356932
sample,4096,128,vec4,21,394998
sample,4096,128,vec4,22,357005
sample,4096,128,vec4,23,393439
sample,4096,128,vec4,24,359091
sample,4096,128,vec4,25,358364
sample,4096,128,vec4,26,358415
sample,4096,128,vec4,27,396324
sample,4096,128,vec4,28,385018
sample,4096,128,vec4,29,357453
measured,4096,128,fused2,65536,262144,5,30,11,337235,373686,d878e557b6daedce,8cc85ceb09c8efed,none,none
sample,4096,128,fused2,0,338702
sample,4096,128,fused2,1,337323
sample,4096,128,fused2,2,372139
sample,4096,128,fused2,3,363584
sample,4096,128,fused2,4,337066
sample,4096,128,fused2,5,338426
sample,4096,128,fused2,6,336511
sample,4096,128,fused2,7,337235
sample,4096,128,fused2,8,336613
sample,4096,128,fused2,9,373686
sample,4096,128,fused2,10,338274
sample,4096,128,fused2,11,336059
sample,4096,128,fused2,12,337000
sample,4096,128,fused2,13,350639
sample,4096,128,fused2,14,336339
sample,4096,128,fused2,15,334934
sample,4096,128,fused2,16,339374
sample,4096,128,fused2,17,335741
sample,4096,128,fused2,18,370522
sample,4096,128,fused2,19,336135
sample,4096,128,fused2,20,379604
sample,4096,128,fused2,21,367070
sample,4096,128,fused2,22,369274
sample,4096,128,fused2,23,352335
sample,4096,128,fused2,24,337552
sample,4096,128,fused2,25,333349
sample,4096,128,fused2,26,336128
sample,4096,128,fused2,27,336018
sample,4096,128,fused2,28,335149
sample,4096,128,fused2,29,335434
measured,4096,128,tile8,65536,262144,5,30,10,315682,490433,d878e557b6daedce,8cc85ceb09c8efed,none,none
sample,4096,128,tile8,0,336467
sample,4096,128,tile8,1,487603
sample,4096,128,tile8,2,317316
sample,4096,128,tile8,3,315980
sample,4096,128,tile8,4,319562
sample,4096,128,tile8,5,317010
sample,4096,128,tile8,6,316869
sample,4096,128,tile8,7,315751
sample,4096,128,tile8,8,314924
sample,4096,128,tile8,9,314338
sample,4096,128,tile8,10,314542
sample,4096,128,tile8,11,313945
sample,4096,128,tile8,12,314276
sample,4096,128,tile8,13,315682
sample,4096,128,tile8,14,490433
sample,4096,128,tile8,15,347509
sample,4096,128,tile8,16,314219
sample,4096,128,tile8,17,317447
sample,4096,128,tile8,18,314852
sample,4096,128,tile8,19,348987
sample,4096,128,tile8,20,314221
sample,4096,128,tile8,21,313646
sample,4096,128,tile8,22,312207
sample,4096,128,tile8,23,314556
sample,4096,128,tile8,24,315515
sample,4096,128,tile8,25,314574
sample,4096,128,tile8,26,318520
sample,4096,128,tile8,27,313495
sample,4096,128,tile8,28,498553
sample,4096,128,tile8,29,316959
measured,4096,512,vec4,262144,1048576,5,30,12,363407,388792,07e875993970433c,207dceeda1be3f5b,none,none
sample,4096,512,vec4,0,361323
sample,4096,512,vec4,1,365277
sample,4096,512,vec4,2,388792
sample,4096,512,vec4,3,364787
sample,4096,512,vec4,4,363207
sample,4096,512,vec4,5,381224
sample,4096,512,vec4,6,364412
sample,4096,512,vec4,7,361333
sample,4096,512,vec4,8,385531
sample,4096,512,vec4,9,361832
sample,4096,512,vec4,10,361904
sample,4096,512,vec4,11,361731
sample,4096,512,vec4,12,382068
sample,4096,512,vec4,13,362038
sample,4096,512,vec4,14,360699
sample,4096,512,vec4,15,374304
sample,4096,512,vec4,16,361865
sample,4096,512,vec4,17,365421
sample,4096,512,vec4,18,399529
sample,4096,512,vec4,19,363407
sample,4096,512,vec4,20,363679
sample,4096,512,vec4,21,377270
sample,4096,512,vec4,22,362616
sample,4096,512,vec4,23,363827
sample,4096,512,vec4,24,364554
sample,4096,512,vec4,25,363025
sample,4096,512,vec4,26,362023
sample,4096,512,vec4,27,363016
sample,4096,512,vec4,28,376020
sample,4096,512,vec4,29,362910
measured,4096,512,fused2,262144,1048576,5,30,11,340194,364724,07e875993970433c,207dceeda1be3f5b,none,none
sample,4096,512,fused2,0,340579
sample,4096,512,fused2,1,340508
sample,4096,512,fused2,2,340028
sample,4096,512,fused2,3,341758
sample,4096,512,fused2,4,344391
sample,4096,512,fused2,5,341854
sample,4096,512,fused2,6,340032
sample,4096,512,fused2,7,342414
sample,4096,512,fused2,8,337506
sample,4096,512,fused2,9,345607
sample,4096,512,fused2,10,340194
sample,4096,512,fused2,11,336690
sample,4096,512,fused2,12,352086
sample,4096,512,fused2,13,340524
sample,4096,512,fused2,14,337647
sample,4096,512,fused2,15,338903
sample,4096,512,fused2,16,361121
sample,4096,512,fused2,17,339277
sample,4096,512,fused2,18,516726
sample,4096,512,fused2,19,340589
sample,4096,512,fused2,20,339202
sample,4096,512,fused2,21,339589
sample,4096,512,fused2,22,340022
sample,4096,512,fused2,23,338337
sample,4096,512,fused2,24,364724
sample,4096,512,fused2,25,339988
sample,4096,512,fused2,26,337966
sample,4096,512,fused2,27,340830
sample,4096,512,fused2,28,342106
sample,4096,512,fused2,29,339693
measured,4096,512,tile8,262144,1048576,5,30,10,321534,357700,07e875993970433c,207dceeda1be3f5b,none,none
sample,4096,512,tile8,0,321430
sample,4096,512,tile8,1,358256
sample,4096,512,tile8,2,333681
sample,4096,512,tile8,3,332219
sample,4096,512,tile8,4,322500
sample,4096,512,tile8,5,321534
sample,4096,512,tile8,6,321319
sample,4096,512,tile8,7,319927
sample,4096,512,tile8,8,319229
sample,4096,512,tile8,9,320282
sample,4096,512,tile8,10,319239
sample,4096,512,tile8,11,321129
sample,4096,512,tile8,12,322191
sample,4096,512,tile8,13,320749
sample,4096,512,tile8,14,318591
sample,4096,512,tile8,15,318357
sample,4096,512,tile8,16,320055
sample,4096,512,tile8,17,322350
sample,4096,512,tile8,18,336873
sample,4096,512,tile8,19,320897
sample,4096,512,tile8,20,319624
sample,4096,512,tile8,21,319983
sample,4096,512,tile8,22,330926
sample,4096,512,tile8,23,351500
sample,4096,512,tile8,24,321908
sample,4096,512,tile8,25,323812
sample,4096,512,tile8,26,357700
sample,4096,512,tile8,27,337109
sample,4096,512,tile8,28,331251
sample,4096,512,tile8,29,321654
measured,4096,2048,vec4,1048576,4194304,5,30,12,374701,467783,4143a88e49ed614b,e0842ad8f72c0c9f,none,none
sample,4096,2048,vec4,0,390385
sample,4096,2048,vec4,1,374269
sample,4096,2048,vec4,2,373520
sample,4096,2048,vec4,3,371974
sample,4096,2048,vec4,4,372861
sample,4096,2048,vec4,5,467783
sample,4096,2048,vec4,6,382453
sample,4096,2048,vec4,7,374701
sample,4096,2048,vec4,8,374125
sample,4096,2048,vec4,9,369958
sample,4096,2048,vec4,10,413833
sample,4096,2048,vec4,11,531315
sample,4096,2048,vec4,12,376903
sample,4096,2048,vec4,13,386143
sample,4096,2048,vec4,14,373504
sample,4096,2048,vec4,15,397862
sample,4096,2048,vec4,16,372170
sample,4096,2048,vec4,17,377908
sample,4096,2048,vec4,18,377525
sample,4096,2048,vec4,19,386713
sample,4096,2048,vec4,20,373819
sample,4096,2048,vec4,21,372739
sample,4096,2048,vec4,22,374650
sample,4096,2048,vec4,23,380791
sample,4096,2048,vec4,24,374914
sample,4096,2048,vec4,25,407538
sample,4096,2048,vec4,26,371888
sample,4096,2048,vec4,27,372778
sample,4096,2048,vec4,28,374554
sample,4096,2048,vec4,29,382138
measured,4096,2048,fused2,1048576,4194304,5,30,11,353156,530852,4143a88e49ed614b,e0842ad8f72c0c9f,none,none
sample,4096,2048,fused2,0,353156
sample,4096,2048,fused2,1,390820
sample,4096,2048,fused2,2,351084
sample,4096,2048,fused2,3,350326
sample,4096,2048,fused2,4,349423
sample,4096,2048,fused2,5,351580
sample,4096,2048,fused2,6,381984
sample,4096,2048,fused2,7,389770
sample,4096,2048,fused2,8,352526
sample,4096,2048,fused2,9,409428
sample,4096,2048,fused2,10,532727
sample,4096,2048,fused2,11,385596
sample,4096,2048,fused2,12,350497
sample,4096,2048,fused2,13,347985
sample,4096,2048,fused2,14,352487
sample,4096,2048,fused2,15,352833
sample,4096,2048,fused2,16,359204
sample,4096,2048,fused2,17,353040
sample,4096,2048,fused2,18,360111
sample,4096,2048,fused2,19,530852
sample,4096,2048,fused2,20,351027
sample,4096,2048,fused2,21,350146
sample,4096,2048,fused2,22,350229
sample,4096,2048,fused2,23,382299
sample,4096,2048,fused2,24,364711
sample,4096,2048,fused2,25,377356
sample,4096,2048,fused2,26,349957
sample,4096,2048,fused2,27,391404
sample,4096,2048,fused2,28,368936
sample,4096,2048,fused2,29,379001
measured,4096,2048,tile8,1048576,4194304,5,30,10,339174,514161,4143a88e49ed614b,e0842ad8f72c0c9f,none,none
sample,4096,2048,tile8,0,339174
sample,4096,2048,tile8,1,355636
sample,4096,2048,tile8,2,358400
sample,4096,2048,tile8,3,340318
sample,4096,2048,tile8,4,339278
sample,4096,2048,tile8,5,337807
sample,4096,2048,tile8,6,339700
sample,4096,2048,tile8,7,343121
sample,4096,2048,tile8,8,339249
sample,4096,2048,tile8,9,518899
sample,4096,2048,tile8,10,337245
sample,4096,2048,tile8,11,338685
sample,4096,2048,tile8,12,358854
sample,4096,2048,tile8,13,338606
sample,4096,2048,tile8,14,340346
sample,4096,2048,tile8,15,336923
sample,4096,2048,tile8,16,337448
sample,4096,2048,tile8,17,338432
sample,4096,2048,tile8,18,338447
sample,4096,2048,tile8,19,378244
sample,4096,2048,tile8,20,371714
sample,4096,2048,tile8,21,339044
sample,4096,2048,tile8,22,370545
sample,4096,2048,tile8,23,336456
sample,4096,2048,tile8,24,338861
sample,4096,2048,tile8,25,514161
sample,4096,2048,tile8,26,340011
sample,4096,2048,tile8,27,339044
sample,4096,2048,tile8,28,338358
sample,4096,2048,tile8,29,338808
measured,16384,128,vec4,262144,1048576,5,30,14,411792,564470,318e48fc80dadb1f,a09bc0e13ecf9bf8,none,none
sample,16384,128,vec4,0,409836
sample,16384,128,vec4,1,432931
sample,16384,128,vec4,2,411227
sample,16384,128,vec4,3,478726
sample,16384,128,vec4,4,411211
sample,16384,128,vec4,5,577214
sample,16384,128,vec4,6,412443
sample,16384,128,vec4,7,411792
sample,16384,128,vec4,8,410874
sample,16384,128,vec4,9,421419
sample,16384,128,vec4,10,412404
sample,16384,128,vec4,11,411370
sample,16384,128,vec4,12,426426
sample,16384,128,vec4,13,420672
sample,16384,128,vec4,14,408723
sample,16384,128,vec4,15,409803
sample,16384,128,vec4,16,408686
sample,16384,128,vec4,17,423969
sample,16384,128,vec4,18,410853
sample,16384,128,vec4,19,409363
sample,16384,128,vec4,20,410444
sample,16384,128,vec4,21,410992
sample,16384,128,vec4,22,413585
sample,16384,128,vec4,23,412708
sample,16384,128,vec4,24,408863
sample,16384,128,vec4,25,410163
sample,16384,128,vec4,26,564470
sample,16384,128,vec4,27,478010
sample,16384,128,vec4,28,487176
sample,16384,128,vec4,29,480762
measured,16384,128,fused2,262144,1048576,5,30,13,389640,453150,318e48fc80dadb1f,a09bc0e13ecf9bf8,none,none
sample,16384,128,fused2,0,387655
sample,16384,128,fused2,1,389806
sample,16384,128,fused2,2,387155
sample,16384,128,fused2,3,424477
sample,16384,128,fused2,4,386992
sample,16384,128,fused2,5,433860
sample,16384,128,fused2,6,392556
sample,16384,128,fused2,7,386087
sample,16384,128,fused2,8,388406
sample,16384,128,fused2,9,399291
sample,16384,128,fused2,10,389615
sample,16384,128,fused2,11,386635
sample,16384,128,fused2,12,389735
sample,16384,128,fused2,13,387183
sample,16384,128,fused2,14,389640
sample,16384,128,fused2,15,389194
sample,16384,128,fused2,16,391883
sample,16384,128,fused2,17,386252
sample,16384,128,fused2,18,386407
sample,16384,128,fused2,19,385508
sample,16384,128,fused2,20,406098
sample,16384,128,fused2,21,421228
sample,16384,128,fused2,22,385682
sample,16384,128,fused2,23,403185
sample,16384,128,fused2,24,390504
sample,16384,128,fused2,25,387779
sample,16384,128,fused2,26,423144
sample,16384,128,fused2,27,457138
sample,16384,128,fused2,28,452728
sample,16384,128,fused2,29,453150
measured,16384,128,tile8,262144,1048576,5,30,12,368014,565521,318e48fc80dadb1f,a09bc0e13ecf9bf8,none,none
sample,16384,128,tile8,0,2142755
sample,16384,128,tile8,1,388663
sample,16384,128,tile8,2,365231
sample,16384,128,tile8,3,536126
sample,16384,128,tile8,4,540229
sample,16384,128,tile8,5,367056
sample,16384,128,tile8,6,392239
sample,16384,128,tile8,7,367483
sample,16384,128,tile8,8,366749
sample,16384,128,tile8,9,368014
sample,16384,128,tile8,10,366883
sample,16384,128,tile8,11,372734
sample,16384,128,tile8,12,367172
sample,16384,128,tile8,13,371291
sample,16384,128,tile8,14,368942
sample,16384,128,tile8,15,366309
sample,16384,128,tile8,16,368192
sample,16384,128,tile8,17,367440
sample,16384,128,tile8,18,365534
sample,16384,128,tile8,19,366230
sample,16384,128,tile8,20,379926
sample,16384,128,tile8,21,544495
sample,16384,128,tile8,22,364523
sample,16384,128,tile8,23,365116
sample,16384,128,tile8,24,365489
sample,16384,128,tile8,25,366200
sample,16384,128,tile8,26,565521
sample,16384,128,tile8,27,428856
sample,16384,128,tile8,28,427699
sample,16384,128,tile8,29,430458
measured,16384,512,vec4,1048576,4194304,5,30,14,491512,502503,08b87a1ca99fa7b8,cc66b7b8fae87df4,none,none
sample,16384,512,vec4,0,488971
sample,16384,512,vec4,1,502503
sample,16384,512,vec4,2,491512
sample,16384,512,vec4,3,491583
sample,16384,512,vec4,4,491614
sample,16384,512,vec4,5,490101
sample,16384,512,vec4,6,492526
sample,16384,512,vec4,7,491877
sample,16384,512,vec4,8,493598
sample,16384,512,vec4,9,489346
sample,16384,512,vec4,10,489236
sample,16384,512,vec4,11,492193
sample,16384,512,vec4,12,491467
sample,16384,512,vec4,13,490951
sample,16384,512,vec4,14,492326
sample,16384,512,vec4,15,491399
sample,16384,512,vec4,16,491446
sample,16384,512,vec4,17,494078
sample,16384,512,vec4,18,504358
sample,16384,512,vec4,19,493029
sample,16384,512,vec4,20,489938
sample,16384,512,vec4,21,489466
sample,16384,512,vec4,22,489121
sample,16384,512,vec4,23,493118
sample,16384,512,vec4,24,491951
sample,16384,512,vec4,25,491079
sample,16384,512,vec4,26,491820
sample,16384,512,vec4,27,491148
sample,16384,512,vec4,28,492163
sample,16384,512,vec4,29,488756
measured,16384,512,fused2,1048576,4194304,5,30,13,466504,500205,08b87a1ca99fa7b8,cc66b7b8fae87df4,none,none
sample,16384,512,fused2,0,464594
sample,16384,512,fused2,1,465752
sample,16384,512,fused2,2,464258
sample,16384,512,fused2,3,503169
sample,16384,512,fused2,4,464558
sample,16384,512,fused2,5,467015
sample,16384,512,fused2,6,467434
sample,16384,512,fused2,7,462661
sample,16384,512,fused2,8,463417
sample,16384,512,fused2,9,464947
sample,16384,512,fused2,10,464706
sample,16384,512,fused2,11,500205
sample,16384,512,fused2,12,465689
sample,16384,512,fused2,13,475776
sample,16384,512,fused2,14,465380
sample,16384,512,fused2,15,465133
sample,16384,512,fused2,16,464991
sample,16384,512,fused2,17,466504
sample,16384,512,fused2,18,472352
sample,16384,512,fused2,19,484947
sample,16384,512,fused2,20,476713
sample,16384,512,fused2,21,483756
sample,16384,512,fused2,22,466616
sample,16384,512,fused2,23,482607
sample,16384,512,fused2,24,466556
sample,16384,512,fused2,25,467583
sample,16384,512,fused2,26,467153
sample,16384,512,fused2,27,463305
sample,16384,512,fused2,28,466809
sample,16384,512,fused2,29,462597
measured,16384,512,tile8,1048576,4194304,5,30,12,447789,461104,08b87a1ca99fa7b8,cc66b7b8fae87df4,none,none
sample,16384,512,tile8,0,459381
sample,16384,512,tile8,1,447591
sample,16384,512,tile8,2,450489
sample,16384,512,tile8,3,613459
sample,16384,512,tile8,4,459931
sample,16384,512,tile8,5,446350
sample,16384,512,tile8,6,461104
sample,16384,512,tile8,7,447360
sample,16384,512,tile8,8,447145
sample,16384,512,tile8,9,458971
sample,16384,512,tile8,10,446055
sample,16384,512,tile8,11,446285
sample,16384,512,tile8,12,446687
sample,16384,512,tile8,13,449420
sample,16384,512,tile8,14,445864
sample,16384,512,tile8,15,457422
sample,16384,512,tile8,16,447676
sample,16384,512,tile8,17,447348
sample,16384,512,tile8,18,454137
sample,16384,512,tile8,19,452429
sample,16384,512,tile8,20,447789
sample,16384,512,tile8,21,446579
sample,16384,512,tile8,22,457182
sample,16384,512,tile8,23,445582
sample,16384,512,tile8,24,450714
sample,16384,512,tile8,25,460667
sample,16384,512,tile8,26,447949
sample,16384,512,tile8,27,452800
sample,16384,512,tile8,28,446866
sample,16384,512,tile8,29,445046
measured,16384,2048,vec4,4194304,16777216,5,30,14,536024,677626,6be3b72c15a212b9,3199380bd5011e6c,none,none
sample,16384,2048,vec4,0,536605
sample,16384,2048,vec4,1,573890
sample,16384,2048,vec4,2,544491
sample,16384,2048,vec4,3,533844
sample,16384,2048,vec4,4,534788
sample,16384,2048,vec4,5,538177
sample,16384,2048,vec4,6,554803
sample,16384,2048,vec4,7,533509
sample,16384,2048,vec4,8,533087
sample,16384,2048,vec4,9,552774
sample,16384,2048,vec4,10,677422
sample,16384,2048,vec4,11,533249
sample,16384,2048,vec4,12,2288717
sample,16384,2048,vec4,13,535927
sample,16384,2048,vec4,14,534288
sample,16384,2048,vec4,15,557270
sample,16384,2048,vec4,16,536551
sample,16384,2048,vec4,17,560483
sample,16384,2048,vec4,18,536024
sample,16384,2048,vec4,19,532884
sample,16384,2048,vec4,20,535923
sample,16384,2048,vec4,21,535068
sample,16384,2048,vec4,22,534354
sample,16384,2048,vec4,23,536751
sample,16384,2048,vec4,24,541871
sample,16384,2048,vec4,25,532767
sample,16384,2048,vec4,26,677626
sample,16384,2048,vec4,27,534314
sample,16384,2048,vec4,28,544684
sample,16384,2048,vec4,29,534431
measured,16384,2048,fused2,4194304,16777216,5,30,13,507317,621840,6be3b72c15a212b9,3199380bd5011e6c,none,none
sample,16384,2048,fused2,0,507599
sample,16384,2048,fused2,1,506590
sample,16384,2048,fused2,2,530730
sample,16384,2048,fused2,3,621840
sample,16384,2048,fused2,4,508569
sample,16384,2048,fused2,5,508947
sample,16384,2048,fused2,6,509234
sample,16384,2048,fused2,7,566335
sample,16384,2048,fused2,8,667247
sample,16384,2048,fused2,9,514677
sample,16384,2048,fused2,10,509183
sample,16384,2048,fused2,11,504629
sample,16384,2048,fused2,12,522932
sample,16384,2048,fused2,13,508847
sample,16384,2048,fused2,14,505943
sample,16384,2048,fused2,15,506497
sample,16384,2048,fused2,16,506718
sample,16384,2048,fused2,17,505636
sample,16384,2048,fused2,18,507071
sample,16384,2048,fused2,19,504034
sample,16384,2048,fused2,20,506557
sample,16384,2048,fused2,21,506325
sample,16384,2048,fused2,22,506628
sample,16384,2048,fused2,23,505675
sample,16384,2048,fused2,24,507174
sample,16384,2048,fused2,25,532360
sample,16384,2048,fused2,26,544174
sample,16384,2048,fused2,27,506035
sample,16384,2048,fused2,28,507317
sample,16384,2048,fused2,29,507610
measured,16384,2048,tile8,4194304,16777216,5,30,12,519005,596088,6be3b72c15a212b9,3199380bd5011e6c,none,none
sample,16384,2048,tile8,0,535746
sample,16384,2048,tile8,1,640023
sample,16384,2048,tile8,2,554039
sample,16384,2048,tile8,3,519550
sample,16384,2048,tile8,4,543063
sample,16384,2048,tile8,5,519611
sample,16384,2048,tile8,6,518575
sample,16384,2048,tile8,7,518771
sample,16384,2048,tile8,8,518804
sample,16384,2048,tile8,9,552518
sample,16384,2048,tile8,10,596088
sample,16384,2048,tile8,11,517719
sample,16384,2048,tile8,12,519714
sample,16384,2048,tile8,13,531815
sample,16384,2048,tile8,14,519005
sample,16384,2048,tile8,15,515688
sample,16384,2048,tile8,16,520944
sample,16384,2048,tile8,17,517398
sample,16384,2048,tile8,18,518548
sample,16384,2048,tile8,19,517787
sample,16384,2048,tile8,20,519870
sample,16384,2048,tile8,21,528407
sample,16384,2048,tile8,22,529424
sample,16384,2048,tile8,23,516203
sample,16384,2048,tile8,24,517638
sample,16384,2048,tile8,25,517784
sample,16384,2048,tile8,26,520112
sample,16384,2048,tile8,27,517297
sample,16384,2048,tile8,28,515170
sample,16384,2048,tile8,29,518357
measured,65536,128,vec4,1048576,4194304,5,30,16,552460,594007,9ec0db29a14c575b,4098921c6b362ecd,none,none
sample,65536,128,vec4,0,549308
sample,65536,128,vec4,1,575795
sample,65536,128,vec4,2,550711
sample,65536,128,vec4,3,562434
sample,65536,128,vec4,4,550493
sample,65536,128,vec4,5,553535
sample,65536,128,vec4,6,550314
sample,65536,128,vec4,7,548263
sample,65536,128,vec4,8,701406
sample,65536,128,vec4,9,549449
sample,65536,128,vec4,10,594007
sample,65536,128,vec4,11,552460
sample,65536,128,vec4,12,561913
sample,65536,128,vec4,13,549300
sample,65536,128,vec4,14,552505
sample,65536,128,vec4,15,550716
sample,65536,128,vec4,16,566805
sample,65536,128,vec4,17,553003
sample,65536,128,vec4,18,551499
sample,65536,128,vec4,19,553133
sample,65536,128,vec4,20,554804
sample,65536,128,vec4,21,553527
sample,65536,128,vec4,22,555345
sample,65536,128,vec4,23,587274
sample,65536,128,vec4,24,551630
sample,65536,128,vec4,25,564970
sample,65536,128,vec4,26,551485
sample,65536,128,vec4,27,550379
sample,65536,128,vec4,28,550542
sample,65536,128,vec4,29,552056
measured,65536,128,fused2,1048576,4194304,5,30,15,524976,663532,9ec0db29a14c575b,4098921c6b362ecd,none,none
sample,65536,128,fused2,0,524976
sample,65536,128,fused2,1,663532
sample,65536,128,fused2,2,524714
sample,65536,128,fused2,3,521472
sample,65536,128,fused2,4,523003
sample,65536,128,fused2,5,528024
sample,65536,128,fused2,6,523585
sample,65536,128,fused2,7,546538
sample,65536,128,fused2,8,590351
sample,65536,128,fused2,9,521935
sample,65536,128,fused2,10,679756
sample,65536,128,fused2,11,536615
sample,65536,128,fused2,12,525322
sample,65536,128,fused2,13,524581
sample,65536,128,fused2,14,522009
sample,65536,128,fused2,15,543208
sample,65536,128,fused2,16,528394
sample,65536,128,fused2,17,523799
sample,65536,128,fused2,18,524915
sample,65536,128,fused2,19,522142
sample,65536,128,fused2,20,526411
sample,65536,128,fused2,21,524617
sample,65536,128,fused2,22,525877
sample,65536,128,fused2,23,527006
sample,65536,128,fused2,24,522515
sample,65536,128,fused2,25,555397
sample,65536,128,fused2,26,522697
sample,65536,128,fused2,27,521809
sample,65536,128,fused2,28,554400
sample,65536,128,fused2,29,544680
measured,65536,128,tile8,1048576,4194304,5,30,14,503848,536566,9ec0db29a14c575b,4098921c6b362ecd,none,none
sample,65536,128,tile8,0,503672
sample,65536,128,tile8,1,548019
sample,65536,128,tile8,2,504865
sample,65536,128,tile8,3,507523
sample,65536,128,tile8,4,503630
sample,65536,128,tile8,5,502406
sample,65536,128,tile8,6,503418
sample,65536,128,tile8,7,516921
sample,65536,128,tile8,8,503585
sample,65536,128,tile8,9,502388
sample,65536,128,tile8,10,516642
sample,65536,128,tile8,11,503109
sample,65536,128,tile8,12,533849
sample,65536,128,tile8,13,506000
sample,65536,128,tile8,14,503357
sample,65536,128,tile8,15,502322
sample,65536,128,tile8,16,503848
sample,65536,128,tile8,17,536566
sample,65536,128,tile8,18,505467
sample,65536,128,tile8,19,501789
sample,65536,128,tile8,20,518051
sample,65536,128,tile8,21,504720
sample,65536,128,tile8,22,503828
sample,65536,128,tile8,23,520169
sample,65536,128,tile8,24,504218
sample,65536,128,tile8,25,503302
sample,65536,128,tile8,26,503489
sample,65536,128,tile8,27,504664
sample,65536,128,tile8,28,503183
sample,65536,128,tile8,29,523170
measured,65536,512,vec4,4194304,16777216,5,30,16,604437,748601,84d06402da633040,29115d73667dee45,none,none
sample,65536,512,vec4,0,607553
sample,65536,512,vec4,1,594404
sample,65536,512,vec4,2,598038
sample,65536,512,vec4,3,641663
sample,65536,512,vec4,4,625704
sample,65536,512,vec4,5,734112
sample,65536,512,vec4,6,597661
sample,65536,512,vec4,7,596089
sample,65536,512,vec4,8,595903
sample,65536,512,vec4,9,598284
sample,65536,512,vec4,10,597096
sample,65536,512,vec4,11,599397
sample,65536,512,vec4,12,639819
sample,65536,512,vec4,13,600198
sample,65536,512,vec4,14,643253
sample,65536,512,vec4,15,597500
sample,65536,512,vec4,16,754049
sample,65536,512,vec4,17,640251
sample,65536,512,vec4,18,748601
sample,65536,512,vec4,19,609066
sample,65536,512,vec4,20,619093
sample,65536,512,vec4,21,748105
sample,65536,512,vec4,22,595643
sample,65536,512,vec4,23,604437
sample,65536,512,vec4,24,600907
sample,65536,512,vec4,25,626568
sample,65536,512,vec4,26,598975
sample,65536,512,vec4,27,644321
sample,65536,512,vec4,28,609560
sample,65536,512,vec4,29,600583
measured,65536,512,fused2,4194304,16777216,5,30,15,583417,724985,84d06402da633040,29115d73667dee45,none,none
sample,65536,512,fused2,0,569435
sample,65536,512,fused2,1,690281
sample,65536,512,fused2,2,603227
sample,65536,512,fused2,3,568186
sample,65536,512,fused2,4,569022
sample,65536,512,fused2,5,617235
sample,65536,512,fused2,6,569603
sample,65536,512,fused2,7,630206
sample,65536,512,fused2,8,691618
sample,65536,512,fused2,9,570405
sample,65536,512,fused2,10,573186
sample,65536,512,fused2,11,724985
sample,65536,512,fused2,12,720590
sample,65536,512,fused2,13,613416
sample,65536,512,fused2,14,706864
sample,65536,512,fused2,15,574385
sample,65536,512,fused2,16,581209
sample,65536,512,fused2,17,709333
sample,65536,512,fused2,18,569711
sample,65536,512,fused2,19,570705
sample,65536,512,fused2,20,569675
sample,65536,512,fused2,21,693842
sample,65536,512,fused2,22,594126
sample,65536,512,fused2,23,2459201
sample,65536,512,fused2,24,571320
sample,65536,512,fused2,25,721212
sample,65536,512,fused2,26,570738
sample,65536,512,fused2,27,709158
sample,65536,512,fused2,28,572058
sample,65536,512,fused2,29,583417
measured,65536,512,tile8,4194304,16777216,5,30,14,581106,724567,84d06402da633040,29115d73667dee45,none,none
sample,65536,512,tile8,0,577005
sample,65536,512,tile8,1,617202
sample,65536,512,tile8,2,578800
sample,65536,512,tile8,3,576037
sample,65536,512,tile8,4,692918
sample,65536,512,tile8,5,579100
sample,65536,512,tile8,6,578215
sample,65536,512,tile8,7,577082
sample,65536,512,tile8,8,575323
sample,65536,512,tile8,9,581106
sample,65536,512,tile8,10,578214
sample,65536,512,tile8,11,616748
sample,65536,512,tile8,12,577762
sample,65536,512,tile8,13,577865
sample,65536,512,tile8,14,728800
sample,65536,512,tile8,15,579049
sample,65536,512,tile8,16,617760
sample,65536,512,tile8,17,619364
sample,65536,512,tile8,18,585498
sample,65536,512,tile8,19,581942
sample,65536,512,tile8,20,619555
sample,65536,512,tile8,21,626299
sample,65536,512,tile8,22,576071
sample,65536,512,tile8,23,626393
sample,65536,512,tile8,24,577324
sample,65536,512,tile8,25,621847
sample,65536,512,tile8,26,635723
sample,65536,512,tile8,27,599134
sample,65536,512,tile8,28,724567
sample,65536,512,tile8,29,579194
skipped_limit,65536,2048,vec4,16777216,67108864,NA,NA,NA,NA,NA,NA,NA,cohort_dispatch_limit,none
skipped_limit,65536,2048,fused2,16777216,67108864,NA,NA,NA,NA,NA,NA,NA,cohort_dispatch_limit,none
skipped_limit,65536,2048,tile8,16777216,67108864,NA,NA,NA,NA,NA,NA,NA,cohort_dispatch_limit,none
measured,262144,128,vec4,4194304,16777216,5,30,18,674424,789955,603e59446e81431f,99960c282a7f4ca5,none,none
sample,262144,128,vec4,0,672728
sample,262144,128,vec4,1,789955
sample,262144,128,vec4,2,667513
sample,262144,128,vec4,3,674424
sample,262144,128,vec4,4,680321
sample,262144,128,vec4,5,671524
sample,262144,128,vec4,6,670242
sample,262144,128,vec4,7,668957
sample,262144,128,vec4,8,798459
sample,262144,128,vec4,9,731998
sample,262144,128,vec4,10,668737
sample,262144,128,vec4,11,717720
sample,262144,128,vec4,12,767270
sample,262144,128,vec4,13,719534
sample,262144,128,vec4,14,683059
sample,262144,128,vec4,15,671674
sample,262144,128,vec4,16,697635
sample,262144,128,vec4,17,676225
sample,262144,128,vec4,18,688299
sample,262144,128,vec4,19,724790
sample,262144,128,vec4,20,689155
sample,262144,128,vec4,21,715012
sample,262144,128,vec4,22,667743
sample,262144,128,vec4,23,668929
sample,262144,128,vec4,24,669910
sample,262144,128,vec4,25,666925
sample,262144,128,vec4,26,684059
sample,262144,128,vec4,27,665692
sample,262144,128,vec4,28,670357
sample,262144,128,vec4,29,665615
measured,262144,128,fused2,4194304,16777216,5,30,17,650035,780225,603e59446e81431f,99960c282a7f4ca5,none,none
sample,262144,128,fused2,0,647453
sample,262144,128,fused2,1,695563
sample,262144,128,fused2,2,780225
sample,262144,128,fused2,3,650035
sample,262144,128,fused2,4,692462
sample,262144,128,fused2,5,651951
sample,262144,128,fused2,6,647483
sample,262144,128,fused2,7,791596
sample,262144,128,fused2,8,695485
sample,262144,128,fused2,9,775383
sample,262144,128,fused2,10,648365
sample,262144,128,fused2,11,667893
sample,262144,128,fused2,12,701479
sample,262144,128,fused2,13,651720
sample,262144,128,fused2,14,648895
sample,262144,128,fused2,15,645867
sample,262144,128,fused2,16,644174
sample,262144,128,fused2,17,644194
sample,262144,128,fused2,18,689666
sample,262144,128,fused2,19,649660
sample,262144,128,fused2,20,643154
sample,262144,128,fused2,21,655796
sample,262144,128,fused2,22,653719
sample,262144,128,fused2,23,646433
sample,262144,128,fused2,24,649487
sample,262144,128,fused2,25,648787
sample,262144,128,fused2,26,665203
sample,262144,128,fused2,27,646034
sample,262144,128,fused2,28,649014
sample,262144,128,fused2,29,650291
measured,262144,128,tile8,4194304,16777216,5,30,16,657161,790351,603e59446e81431f,99960c282a7f4ca5,none,none
sample,262144,128,tile8,0,683331
sample,262144,128,tile8,1,675755
sample,262144,128,tile8,2,662072
sample,262144,128,tile8,3,640648
sample,262144,128,tile8,4,660315
sample,262144,128,tile8,5,733852
sample,262144,128,tile8,6,642865
sample,262144,128,tile8,7,692583
sample,262144,128,tile8,8,684654
sample,262144,128,tile8,9,640864
sample,262144,128,tile8,10,794490
sample,262144,128,tile8,11,641821
sample,262144,128,tile8,12,764821
sample,262144,128,tile8,13,758768
sample,262144,128,tile8,14,642012
sample,262144,128,tile8,15,642180
sample,262144,128,tile8,16,641541
sample,262144,128,tile8,17,642265
sample,262144,128,tile8,18,775938
sample,262144,128,tile8,19,790351
sample,262144,128,tile8,20,671726
sample,262144,128,tile8,21,672556
sample,262144,128,tile8,22,748997
sample,262144,128,tile8,23,640557
sample,262144,128,tile8,24,656639
sample,262144,128,tile8,25,643117
sample,262144,128,tile8,26,641594
sample,262144,128,tile8,27,657161
sample,262144,128,tile8,28,644612
sample,262144,128,tile8,29,641425
skipped_limit,262144,512,vec4,16777216,67108864,NA,NA,NA,NA,NA,NA,NA,cohort_dispatch_limit,none
skipped_limit,262144,512,fused2,16777216,67108864,NA,NA,NA,NA,NA,NA,NA,cohort_dispatch_limit,none
skipped_limit,262144,512,tile8,16777216,67108864,NA,NA,NA,NA,NA,NA,NA,cohort_dispatch_limit,none
skipped_limit,262144,2048,vec4,67108864,268435456,NA,NA,NA,NA,NA,NA,NA,cohort_dispatch_limit,none
skipped_limit,262144,2048,fused2,67108864,268435456,NA,NA,NA,NA,NA,NA,NA,cohort_dispatch_limit,none
skipped_limit,262144,2048,tile8,67108864,268435456,NA,NA,NA,NA,NA,NA,NA,cohort_dispatch_limit,none
skipped_limit,1048576,128,vec4,16777216,67108864,NA,NA,NA,NA,NA,NA,NA,cohort_dispatch_limit,none
skipped_limit,1048576,128,fused2,16777216,67108864,NA,NA,NA,NA,NA,NA,NA,cohort_dispatch_limit,none
skipped_limit,1048576,128,tile8,16777216,67108864,NA,NA,NA,NA,NA,NA,NA,cohort_dispatch_limit,none
skipped_limit,1048576,512,vec4,67108864,268435456,NA,NA,NA,NA,NA,NA,NA,cohort_dispatch_limit,none
skipped_limit,1048576,512,fused2,67108864,268435456,NA,NA,NA,NA,NA,NA,NA,cohort_dispatch_limit,none
skipped_limit,1048576,512,tile8,67108864,268435456,NA,NA,NA,NA,NA,NA,NA,cohort_dispatch_limit,none
skipped_limit,1048576,2048,vec4,268435456,1073741824,NA,NA,NA,NA,NA,NA,NA,cohort_dispatch_limit,none
skipped_limit,1048576,2048,fused2,268435456,1073741824,NA,NA,NA,NA,NA,NA,NA,cohort_dispatch_limit,none
skipped_limit,1048576,2048,tile8,268435456,1073741824,NA,NA,NA,NA,NA,NA,NA,cohort_dispatch_limit,none
qualification_status=complete
