
running 3 tests
test direct_anf_oracle_has_known_constant_linear_and_full_degree_truths ... ok
test all_frozen_anf_banks_match_host_scalar_and_vec4_and_round_trip ... ok
PVP_ANF_BANK_ADAPTER,backend=Vulkan,device_type=IntegratedGpu,name="NVIDIA Tegra NVIDIA Thor",driver="NVIDIA",performance_claim=none
PVP_ANF_BANK_CASE,K=1,G=1,bank=boundary,candidate=scalar,truth=exact,round_trip=exact,performance_claim=none
PVP_ANF_BANK_CASE,K=1,G=1,bank=boundary,candidate=vec4,truth=exact,round_trip=exact,performance_claim=none
PVP_ANF_BANK_CASE,K=1,G=1,bank=boundary,candidate=fused2,truth=exact,round_trip=exact,performance_claim=none
PVP_ANF_BANK_CASE,K=1,G=1,bank=boundary,candidate=tile8,truth=exact,round_trip=exact,performance_claim=none
PVP_ANF_BANK_CASE,K=1,G=1,bank=sparse4,candidate=scalar,truth=exact,round_trip=exact,performance_claim=none
PVP_ANF_BANK_CASE,K=1,G=1,bank=sparse4,candidate=vec4,truth=exact,round_trip=exact,performance_claim=none
PVP_ANF_BANK_CASE,K=1,G=1,bank=sparse4,candidate=fused2,truth=exact,round_trip=exact,performance_claim=none
PVP_ANF_BANK_CASE,K=1,G=1,bank=sparse4,candidate=tile8,truth=exact,round_trip=exact,performance_claim=none
PVP_ANF_BANK_CASE,K=1,G=1,bank=dense32,candidate=scalar,truth=exact,round_trip=exact,performance_claim=none
PVP_ANF_BANK_CASE,K=1,G=1,bank=dense32,candidate=vec4,truth=exact,round_trip=exact,performance_claim=none
PVP_ANF_BANK_CASE,K=1,G=1,bank=dense32,candidate=fused2,truth=exact,round_trip=exact,performance_claim=none
PVP_ANF_BANK_CASE,K=1,G=1,bank=dense32,candidate=tile8,truth=exact,round_trip=exact,performance_claim=none
PVP_ANF_BANK_CASE,K=2,G=31,bank=boundary,candidate=scalar,truth=exact,round_trip=exact,performance_claim=none
PVP_ANF_BANK_CASE,K=2,G=31,bank=boundary,candidate=vec4,truth=exact,round_trip=exact,performance_claim=none
PVP_ANF_BANK_CASE,K=2,G=31,bank=boundary,candidate=fused2,truth=exact,round_trip=exact,performance_claim=none
PVP_ANF_BANK_CASE,K=2,G=31,bank=boundary,candidate=tile8,truth=exact,round_trip=exact,performance_claim=none
PVP_ANF_BANK_CASE,K=2,G=31,bank=sparse4,candidate=scalar,truth=exact,round_trip=exact,performance_claim=none
PVP_ANF_BANK_CASE,K=2,G=31,bank=sparse4,candidate=vec4,truth=exact,round_trip=exact,performance_claim=none
PVP_ANF_BANK_CASE,K=2,G=31,bank=sparse4,candidate=fused2,truth=exact,round_trip=exact,performance_claim=none
PVP_ANF_BANK_CASE,K=2,G=31,bank=sparse4,candidate=tile8,truth=exact,round_trip=exact,performance_claim=none
PVP_ANF_BANK_CASE,K=2,G=31,bank=dense32,candidate=scalar,truth=exact,round_trip=exact,performance_claim=none
PVP_ANF_BANK_CASE,K=2,G=31,bank=dense32,candidate=vec4,truth=exact,round_trip=exact,performance_claim=none
PVP_ANF_BANK_CASE,K=2,G=31,bank=dense32,candidate=fused2,truth=exact,round_trip=exact,performance_claim=none
PVP_ANF_BANK_CASE,K=2,G=31,bank=dense32,candidate=tile8,truth=exact,round_trip=exact,performance_claim=none
PVP_ANF_BANK_CASE,K=4,G=65,bank=boundary,candidate=scalar,truth=exact,round_trip=exact,performance_claim=none
PVP_ANF_BANK_CASE,K=4,G=65,bank=boundary,candidate=vec4,truth=exact,round_trip=exact,performance_claim=none
PVP_ANF_BANK_CASE,K=4,G=65,bank=boundary,candidate=fused2,truth=exact,round_trip=exact,performance_claim=none
PVP_ANF_BANK_CASE,K=4,G=65,bank=boundary,candidate=tile8,truth=exact,round_trip=exact,performance_claim=none
PVP_ANF_BANK_CASE,K=4,G=65,bank=sparse4,candidate=scalar,truth=exact,round_trip=exact,performance_claim=none
PVP_ANF_BANK_CASE,K=4,G=65,bank=sparse4,candidate=vec4,truth=exact,round_trip=exact,performance_claim=none
PVP_ANF_BANK_CASE,K=4,G=65,bank=sparse4,candidate=fused2,truth=exact,round_trip=exact,performance_claim=none
PVP_ANF_BANK_CASE,K=4,G=65,bank=sparse4,candidate=tile8,truth=exact,round_trip=exact,performance_claim=none
PVP_ANF_BANK_CASE,K=4,G=65,bank=dense32,candidate=scalar,truth=exact,round_trip=exact,performance_claim=none
PVP_ANF_BANK_CASE,K=4,G=65,bank=dense32,candidate=vec4,truth=exact,round_trip=exact,performance_claim=none
PVP_ANF_BANK_CASE,K=4,G=65,bank=dense32,candidate=fused2,truth=exact,round_trip=exact,performance_claim=none
PVP_ANF_BANK_CASE,K=4,G=65,bank=dense32,candidate=tile8,truth=exact,round_trip=exact,performance_claim=none
PVP_ANF_BANK_CASE,K=8,G=129,bank=boundary,candidate=scalar,truth=exact,round_trip=exact,performance_claim=none
PVP_ANF_BANK_CASE,K=8,G=129,bank=boundary,candidate=vec4,truth=exact,round_trip=exact,performance_claim=none
PVP_ANF_BANK_CASE,K=8,G=129,bank=boundary,candidate=fused2,truth=exact,round_trip=exact,performance_claim=none
PVP_ANF_BANK_CASE,K=8,G=129,bank=boundary,candidate=tile8,truth=exact,round_trip=exact,performance_claim=none
PVP_ANF_BANK_CASE,K=8,G=129,bank=sparse4,candidate=scalar,truth=exact,round_trip=exact,performance_claim=none
PVP_ANF_BANK_CASE,K=8,G=129,bank=sparse4,candidate=vec4,truth=exact,round_trip=exact,performance_claim=none
PVP_ANF_BANK_CASE,K=8,G=129,bank=sparse4,candidate=fused2,truth=exact,round_trip=exact,performance_claim=none
PVP_ANF_BANK_CASE,K=8,G=129,bank=sparse4,candidate=tile8,truth=exact,round_trip=exact,performance_claim=none
PVP_ANF_BANK_CASE,K=8,G=129,bank=dense32,candidate=scalar,truth=exact,round_trip=exact,performance_claim=none
PVP_ANF_BANK_CASE,K=8,G=129,bank=dense32,candidate=vec4,truth=exact,round_trip=exact,performance_claim=none
PVP_ANF_BANK_CASE,K=8,G=129,bank=dense32,candidate=fused2,truth=exact,round_trip=exact,performance_claim=none
PVP_ANF_BANK_CASE,K=8,G=129,bank=dense32,candidate=tile8,truth=exact,round_trip=exact,performance_claim=none
PVP_ANF_BANK_CASE,K=64,G=257,bank=boundary,candidate=scalar,truth=exact,round_trip=exact,performance_claim=none
PVP_ANF_BANK_CASE,K=64,G=257,bank=boundary,candidate=vec4,truth=exact,round_trip=exact,performance_claim=none
PVP_ANF_BANK_CASE,K=64,G=257,bank=boundary,candidate=fused2,truth=exact,round_trip=exact,performance_claim=none
PVP_ANF_BANK_CASE,K=64,G=257,bank=boundary,candidate=tile8,truth=exact,round_trip=exact,performance_claim=none
PVP_ANF_BANK_CASE,K=64,G=257,bank=sparse4,candidate=scalar,truth=exact,round_trip=exact,performance_claim=none
PVP_ANF_BANK_CASE,K=64,G=257,bank=sparse4,candidate=vec4,truth=exact,round_trip=exact,performance_claim=none
PVP_ANF_BANK_CASE,K=64,G=257,bank=sparse4,candidate=fused2,truth=exact,round_trip=exact,performance_claim=none
PVP_ANF_BANK_CASE,K=64,G=257,bank=sparse4,candidate=tile8,truth=exact,round_trip=exact,performance_claim=none
PVP_ANF_BANK_CASE,K=64,G=257,bank=dense32,candidate=scalar,truth=exact,round_trip=exact,performance_claim=none
PVP_ANF_BANK_CASE,K=64,G=257,bank=dense32,candidate=vec4,truth=exact,round_trip=exact,performance_claim=none
PVP_ANF_BANK_CASE,K=64,G=257,bank=dense32,candidate=fused2,truth=exact,round_trip=exact,performance_claim=none
PVP_ANF_BANK_CASE,K=64,G=257,bank=dense32,candidate=tile8,truth=exact,round_trip=exact,performance_claim=none
PVP_ANF_BANK_CASE,K=256,G=513,bank=boundary,candidate=scalar,truth=exact,round_trip=exact,performance_claim=none
PVP_ANF_BANK_CASE,K=256,G=513,bank=boundary,candidate=vec4,truth=exact,round_trip=exact,performance_claim=none
PVP_ANF_BANK_CASE,K=256,G=513,bank=boundary,candidate=fused2,truth=exact,round_trip=exact,performance_claim=none
PVP_ANF_BANK_CASE,K=256,G=513,bank=boundary,candidate=tile8,truth=exact,round_trip=exact,performance_claim=none
PVP_ANF_BANK_CASE,K=256,G=513,bank=sparse4,candidate=scalar,truth=exact,round_trip=exact,performance_claim=none
PVP_ANF_BANK_CASE,K=256,G=513,bank=sparse4,candidate=vec4,truth=exact,round_trip=exact,performance_claim=none
PVP_ANF_BANK_CASE,K=256,G=513,bank=sparse4,candidate=fused2,truth=exact,round_trip=exact,performance_claim=none
PVP_ANF_BANK_CASE,K=256,G=513,bank=sparse4,candidate=tile8,truth=exact,round_trip=exact,performance_claim=none
PVP_ANF_BANK_CASE,K=256,G=513,bank=dense32,candidate=scalar,truth=exact,round_trip=exact,performance_claim=none
PVP_ANF_BANK_CASE,K=256,G=513,bank=dense32,candidate=vec4,truth=exact,round_trip=exact,performance_claim=none
PVP_ANF_BANK_CASE,K=256,G=513,bank=dense32,candidate=fused2,truth=exact,round_trip=exact,performance_claim=none
PVP_ANF_BANK_CASE,K=256,G=513,bank=dense32,candidate=tile8,truth=exact,round_trip=exact,performance_claim=none
PVP_ANF_BANK_CASE,K=2048,G=257,bank=boundary,candidate=scalar,truth=exact,round_trip=exact,performance_claim=none
PVP_ANF_BANK_CASE,K=2048,G=257,bank=boundary,candidate=vec4,truth=exact,round_trip=exact,performance_claim=none
PVP_ANF_BANK_CASE,K=2048,G=257,bank=boundary,candidate=fused2,truth=exact,round_trip=exact,performance_claim=none
PVP_ANF_BANK_CASE,K=2048,G=257,bank=boundary,candidate=tile8,truth=exact,round_trip=exact,performance_claim=none
PVP_ANF_BANK_CASE,K=2048,G=257,bank=sparse4,candidate=scalar,truth=exact,round_trip=exact,performance_claim=none
PVP_ANF_BANK_CASE,K=2048,G=257,bank=sparse4,candidate=vec4,truth=exact,round_trip=exact,performance_claim=none
PVP_ANF_BANK_CASE,K=2048,G=257,bank=sparse4,candidate=fused2,truth=exact,round_trip=exact,performance_claim=none
PVP_ANF_BANK_CASE,K=2048,G=257,bank=sparse4,candidate=tile8,truth=exact,round_trip=exact,performance_claim=none
PVP_ANF_BANK_CASE,K=2048,G=257,bank=dense32,candidate=scalar,truth=exact,round_trip=exact,performance_claim=none
PVP_ANF_BANK_CASE,K=2048,G=257,bank=dense32,candidate=vec4,truth=exact,round_trip=exact,performance_claim=none
PVP_ANF_BANK_CASE,K=2048,G=257,bank=dense32,candidate=fused2,truth=exact,round_trip=exact,performance_claim=none
PVP_ANF_BANK_CASE,K=2048,G=257,bank=dense32,candidate=tile8,truth=exact,round_trip=exact,performance_claim=none
PVP_ANF_BANK_CASE,K=256,G=2048,bank=boundary,candidate=scalar,truth=exact,round_trip=exact,performance_claim=none
PVP_ANF_BANK_CASE,K=256,G=2048,bank=boundary,candidate=vec4,truth=exact,round_trip=exact,performance_claim=none
PVP_ANF_BANK_CASE,K=256,G=2048,bank=boundary,candidate=fused2,truth=exact,round_trip=exact,performance_claim=none
PVP_ANF_BANK_CASE,K=256,G=2048,bank=boundary,candidate=tile8,truth=exact,round_trip=exact,performance_claim=none
PVP_ANF_BANK_CASE,K=256,G=2048,bank=sparse4,candidate=scalar,truth=exact,round_trip=exact,performance_claim=none
PVP_ANF_BANK_CASE,K=256,G=2048,bank=sparse4,candidate=vec4,truth=exact,round_trip=exact,performance_claim=none
PVP_ANF_BANK_CASE,K=256,G=2048,bank=sparse4,candidate=fused2,truth=exact,round_trip=exact,performance_claim=none
PVP_ANF_BANK_CASE,K=256,G=2048,bank=sparse4,candidate=tile8,truth=exact,round_trip=exact,performance_claim=none
PVP_ANF_BANK_CASE,K=256,G=2048,bank=dense32,candidate=scalar,truth=exact,round_trip=exact,performance_claim=none
PVP_ANF_BANK_CASE,K=256,G=2048,bank=dense32,candidate=vec4,truth=exact,round_trip=exact,performance_claim=none
PVP_ANF_BANK_CASE,K=256,G=2048,bank=dense32,candidate=fused2,truth=exact,round_trip=exact,performance_claim=none
PVP_ANF_BANK_CASE,K=256,G=2048,bank=dense32,candidate=tile8,truth=exact,round_trip=exact,performance_claim=none
PVP_ANF_BANK_COMPLETE,cases=24,candidate_checks=96,performance_claim=none
test gpu::actual_wgpu_all_four_kernels_preserve_explicit_anf_semantics ... ok

test result: ok. 3 passed; 0 failed; 0 ignored; 0 measured; 0 filtered out; finished in 0.93s

