   Compiling proc-macro2 v1.0.107
   Compiling quote v1.0.47
   Compiling unicode-ident v1.0.24
   Compiling cfg-if v1.0.4
   Compiling cfg_aliases v0.2.2
   Compiling foldhash v0.2.0
   Compiling autocfg v1.5.1
   Compiling equivalent v1.0.2
   Compiling libm v0.2.16
   Compiling thiserror v2.0.20
   Compiling num-traits v0.2.19
   Compiling hashbrown v0.17.1
   Compiling libloading v0.8.9
   Compiling zerocopy v0.8.56
   Compiling syn v3.0.4
   Compiling syn v2.0.119
   Compiling log v0.4.34
   Compiling libc v0.2.189
   Compiling indexmap v2.14.1
   Compiling bitflags v2.13.1
   Compiling rustc-hash v1.1.0
   Compiling naga v30.0.1
   Compiling thiserror-impl v2.0.20
   Compiling bytemuck_derive v1.12.0
   Compiling ash v0.38.0+1.3.281
   Compiling bit-vec v0.9.1
   Compiling unicode-width v0.2.2
   Compiling parking_lot_core v0.9.12
   Compiling zerocopy-derive v0.8.56
   Compiling pkg-config v0.3.34
   Compiling once_cell v1.21.4
   Compiling naga-types v30.0.1
   Compiling bytemuck v1.25.2
   Compiling wayland-sys v0.31.11
   Compiling codespan-reporting v0.13.1
   Compiling bit-set v0.10.0
   Compiling spirv v0.4.0+sdk-1.4.341.0
   Compiling allocator-api2 v0.2.21
   Compiling arrayvec v0.7.8
   Compiling khronos-egl v6.0.0
   Compiling static_assertions v1.1.0
   Compiling raw-window-handle v0.6.2
   Compiling scopeguard v1.2.0
   Compiling smallvec v1.15.2
   Compiling wgpu-types v30.0.1
   Compiling lock_api v0.4.14
   Compiling hashbrown v0.16.1
   Compiling dlib v0.5.3
   Compiling wgpu-hal v30.0.1
   Compiling presser v0.3.1
   Compiling parking_lot v0.12.5
   Compiling half v2.7.1
   Compiling ordered-float v5.4.0
   Compiling serde_core v1.0.229
   Compiling profiling v1.0.18
   Compiling renderdoc-sys v1.1.0
   Compiling glow v0.17.0
   Compiling wgpu-core v30.0.1
   Compiling litrs v1.0.0
   Compiling document-features v0.2.12
   Compiling wgpu v30.0.1
   Compiling winnow v1.0.4
   Compiling toml_parser v1.1.3+spec-1.1.0
   Compiling serde_spanned v1.1.1
   Compiling toml_datetime v1.1.1+spec-1.1.0
   Compiling toml_writer v1.1.2+spec-1.1.0
   Compiling pollster v1.0.1
   Compiling toml v1.1.6+spec-1.1.0
   Compiling gpu-allocator v0.28.0
   Compiling wgpu-naga-bridge v30.0.1
   Compiling wgpu-core-deps-windows-linux-android v30.0.1
   Compiling flat-attention v0.1.0 (/var/tmp/remoteops-pvp-reservation.f1plhF/source)
    Finished `release` profile [optimized] target(s) in 44.50s
   Compiling flat-attention v0.1.0 (/var/tmp/remoteops-pvp-reservation.f1plhF/source)
    Finished `release` profile [optimized] target(s) in 1.44s
  Executable tests/pvp_anf_bank.rs (target/release/deps/pvp_anf_bank-f2f5ea0ec5889510)

