benchmark=pvp3d_three_candidate_same_device
source_revision=50c0230cc645bd44f1520e2c7194878a4b13009c
adapter=NVIDIA Tegra NVIDIA Thor
backend=Vulkan
device_type=IntegratedGpu
vendor_id=4318
device_id=11008
driver=NVIDIA
driver_info=580.00
hardware_measurement_eligible=true
physical_admission=external_remoteops_evidence_required
performance_claim=none
primary_timing_scope=resident_encode_plus_queue_submit_plus_device_wait
state_reset_scope=completed_before_timer
correctness_readback_scope=before_and_after_timing
candidate_order=ABC_ACB_BAC_BCA_CAB_CBA
resident_payload_scope=source_plus_three_states_excludes_driver_uniforms_and_readback
status,k,g,candidate,state_bytes,resident_payload_bytes,warmups,repeats,logical_dispatches,p50_ns,p95_ns,input_checksum,output_checksum,skip_reason,performance_claim
measured,256,128,vec4,4096,16384,5,30,8,289425,662850,4c67926a9205d7b4,956299587c8af4b4,none,none
sample,256,128,vec4,0,662850
sample,256,128,vec4,1,652101
sample,256,128,vec4,2,672229
sample,256,128,vec4,3,657471
sample,256,128,vec4,4,656785
sample,256,128,vec4,5,263130
sample,256,128,vec4,6,261517
sample,256,128,vec4,7,276286
sample,256,128,vec4,8,270841
sample,256,128,vec4,9,281832
sample,256,128,vec4,10,280267
sample,256,128,vec4,11,286295
sample,256,128,vec4,12,289323
sample,256,128,vec4,13,284518
sample,256,128,vec4,14,292231
sample,256,128,vec4,15,349665
sample,256,128,vec4,16,339814
sample,256,128,vec4,17,286360
sample,256,128,vec4,18,283027
sample,256,128,vec4,19,287676
sample,256,128,vec4,20,289277
sample,256,128,vec4,21,293907
sample,256,128,vec4,22,293156
sample,256,128,vec4,23,289425
sample,256,128,vec4,24,353046
sample,256,128,vec4,25,288037
sample,256,128,vec4,26,652637
sample,256,128,vec4,27,299360
sample,256,128,vec4,28,294814
sample,256,128,vec4,29,303832
measured,256,128,fused2,4096,16384,5,30,7,260731,652221,4c67926a9205d7b4,956299587c8af4b4,none,none
sample,256,128,fused2,0,638832
sample,256,128,fused2,1,632424
sample,256,128,fused2,2,635720
sample,256,128,fused2,3,653721
sample,256,128,fused2,4,652221
sample,256,128,fused2,5,251833
sample,256,128,fused2,6,245860
sample,256,128,fused2,7,246425
sample,256,128,fused2,8,245230
sample,256,128,fused2,9,247250
sample,256,128,fused2,10,258193
sample,256,128,fused2,11,252444
sample,256,128,fused2,12,258952
sample,256,128,fused2,13,255722
sample,256,128,fused2,14,255971
sample,256,128,fused2,15,254101
sample,256,128,fused2,16,266009
sample,256,128,fused2,17,256897
sample,256,128,fused2,18,256295
sample,256,128,fused2,19,253981
sample,256,128,fused2,20,260731
sample,256,128,fused2,21,261675
sample,256,128,fused2,22,262897
sample,256,128,fused2,23,265563
sample,256,128,fused2,24,275369
sample,256,128,fused2,25,262518
sample,256,128,fused2,26,526063
sample,256,128,fused2,27,271193
sample,256,128,fused2,28,263241
sample,256,128,fused2,29,269434
measured,256,128,tile8,4096,16384,5,30,6,235286,627638,4c67926a9205d7b4,956299587c8af4b4,none,none
sample,256,128,tile8,0,627638
sample,256,128,tile8,1,624766
sample,256,128,tile8,2,642637
sample,256,128,tile8,3,620155
sample,256,128,tile8,4,624185
sample,256,128,tile8,5,488443
sample,256,128,tile8,6,218092
sample,256,128,tile8,7,214685
sample,256,128,tile8,8,217517
sample,256,128,tile8,9,227389
sample,256,128,tile8,10,229073
sample,256,128,tile8,11,223083
sample,256,128,tile8,12,228953
sample,256,128,tile8,13,232852
sample,256,128,tile8,14,227221
sample,256,128,tile8,15,229175
sample,256,128,tile8,16,247416
sample,256,128,tile8,17,230074
sample,256,128,tile8,18,224074
sample,256,128,tile8,19,228963
sample,256,128,tile8,20,236092
sample,256,128,tile8,21,234083
sample,256,128,tile8,22,235286
sample,256,128,tile8,23,235583
sample,256,128,tile8,24,267129
sample,256,128,tile8,25,240065
sample,256,128,tile8,26,237889
sample,256,128,tile8,27,237110
sample,256,128,tile8,28,237443
sample,256,128,tile8,29,238666
measured,256,512,vec4,16384,65536,5,30,8,269203,339731,38bbe1f688e24d78,1c8bb372f8f1302e,none,none
sample,256,512,vec4,0,305499
sample,256,512,vec4,1,301536
sample,256,512,vec4,2,301074
sample,256,512,vec4,3,308194
sample,256,512,vec4,4,302841
sample,256,512,vec4,5,265147
sample,256,512,vec4,6,265138
sample,256,512,vec4,7,325563
sample,256,512,vec4,8,254369
sample,256,512,vec4,9,256611
sample,256,512,vec4,10,254296
sample,256,512,vec4,11,256417
sample,256,512,vec4,12,256167
sample,256,512,vec4,13,255258
sample,256,512,vec4,14,269203
sample,256,512,vec4,15,276583
sample,256,512,vec4,16,269184
sample,256,512,vec4,17,273186
sample,256,512,vec4,18,268528
sample,256,512,vec4,19,339731
sample,256,512,vec4,20,293193
sample,256,512,vec4,21,289443
sample,256,512,vec4,22,288387
sample,256,512,vec4,23,311147
sample,256,512,vec4,24,343795
sample,256,512,vec4,25,293814
sample,256,512,vec4,26,260971
sample,256,512,vec4,27,265138
sample,256,512,vec4,28,262027
sample,256,512,vec4,29,257046
measured,256,512,fused2,16384,65536,5,30,7,245685,312342,38bbe1f688e24d78,1c8bb372f8f1302e,none,none
sample,256,512,fused2,0,276222
sample,256,512,fused2,1,272156
sample,256,512,fused2,2,270870
sample,256,512,fused2,3,275712
sample,256,512,fused2,4,280267
sample,256,512,fused2,5,243954
sample,256,512,fused2,6,292258
sample,256,512,fused2,7,230620
sample,256,512,fused2,8,227259
sample,256,512,fused2,9,229741
sample,256,512,fused2,10,230860
sample,256,512,fused2,11,231555
sample,256,512,fused2,12,230277
sample,256,512,fused2,13,232425
sample,256,512,fused2,14,242999
sample,256,512,fused2,15,245685
sample,256,512,fused2,16,1167238
sample,256,512,fused2,17,247555
sample,256,512,fused2,18,242712
sample,256,512,fused2,19,309120
sample,256,512,fused2,20,256601
sample,256,512,fused2,21,253823
sample,256,512,fused2,22,263833
sample,256,512,fused2,23,312342
sample,256,512,fused2,24,262286
sample,256,512,fused2,25,267871
sample,256,512,fused2,26,233508
sample,256,512,fused2,27,232120
sample,256,512,fused2,28,235703
sample,256,512,fused2,29,233527
measured,256,512,tile8,16384,65536,5,30,6,216222,243906,38bbe1f688e24d78,1c8bb372f8f1302e,none,none
sample,256,512,tile8,0,240712
sample,256,512,tile8,1,243128
sample,256,512,tile8,2,241342
sample,256,512,tile8,3,242620
sample,256,512,tile8,4,242110
sample,256,512,tile8,5,215694
sample,256,512,tile8,6,228703
sample,256,512,tile8,7,207454
sample,256,512,tile8,8,207046
sample,256,512,tile8,9,203981
sample,256,512,tile8,10,205953
sample,256,512,tile8,11,208415
sample,256,512,tile8,12,205379
sample,256,512,tile8,13,203148
sample,256,512,tile8,14,216222
sample,256,512,tile8,15,214972
sample,256,512,tile8,16,215980
sample,256,512,tile8,17,240694
sample,256,512,tile8,18,215165
sample,256,512,tile8,19,246064
sample,256,512,tile8,20,225694
sample,256,512,tile8,21,225823
sample,256,512,tile8,22,231888
sample,256,512,tile8,23,232778
sample,256,512,tile8,24,243906
sample,256,512,tile8,25,235334
sample,256,512,tile8,26,206925
sample,256,512,tile8,27,220740
sample,256,512,tile8,28,210749
sample,256,512,tile8,29,205305
measured,256,2048,vec4,65536,262144,5,30,8,300221,671951,c9e538e9f9dccedd,259153fc2c7bc4e7,none,none
sample,256,2048,vec4,0,271888
sample,256,2048,vec4,1,273723
sample,256,2048,vec4,2,273518
sample,256,2048,vec4,3,274814
sample,256,2048,vec4,4,275554
sample,256,2048,vec4,5,271082
sample,256,2048,vec4,6,274943
sample,256,2048,vec4,7,273056
sample,256,2048,vec4,8,300221
sample,256,2048,vec4,9,273740
sample,256,2048,vec4,10,273415
sample,256,2048,vec4,11,266833
sample,256,2048,vec4,12,265480
sample,256,2048,vec4,13,258527
sample,256,2048,vec4,14,254832
sample,256,2048,vec4,15,319704
sample,256,2048,vec4,16,314628
sample,256,2048,vec4,17,311860
sample,256,2048,vec4,18,313175
sample,256,2048,vec4,19,320267
sample,256,2048,vec4,20,322480
sample,256,2048,vec4,21,320629
sample,256,2048,vec4,22,323008
sample,256,2048,vec4,23,674609
sample,256,2048,vec4,24,671951
sample,256,2048,vec4,25,662332
sample,256,2048,vec4,26,660054
sample,256,2048,vec4,27,662675
sample,256,2048,vec4,28,319472
sample,256,2048,vec4,29,332834
measured,256,2048,fused2,65536,262144,5,30,7,280360,348944,c9e538e9f9dccedd,259153fc2c7bc4e7,none,none
sample,256,2048,fused2,0,249073
sample,256,2048,fused2,1,247731
sample,256,2048,fused2,2,245703
sample,256,2048,fused2,3,246972
sample,256,2048,fused2,4,248713
sample,256,2048,fused2,5,245212
sample,256,2048,fused2,6,252184
sample,256,2048,fused2,7,277008
sample,256,2048,fused2,8,251656
sample,256,2048,fused2,9,246250
sample,256,2048,fused2,10,400657
sample,256,2048,fused2,11,236546
sample,256,2048,fused2,12,236536
sample,256,2048,fused2,13,247334
sample,256,2048,fused2,14,284138
sample,256,2048,fused2,15,237249
sample,256,2048,fused2,16,281286
sample,256,2048,fused2,17,280360
sample,256,2048,fused2,18,289823
sample,256,2048,fused2,19,297027
sample,256,2048,fused2,20,289463
sample,256,2048,fused2,21,291499
sample,256,2048,fused2,22,288832
sample,256,2048,fused2,23,303786
sample,256,2048,fused2,24,298592
sample,256,2048,fused2,25,299554
sample,256,2048,fused2,26,295101
sample,256,2048,fused2,27,303444
sample,256,2048,fused2,28,282972
sample,256,2048,fused2,29,348944
measured,256,2048,tile8,65536,262144,5,30,6,251721,271619,c9e538e9f9dccedd,259153fc2c7bc4e7,none,none
sample,256,2048,tile8,0,224713
sample,256,2048,tile8,1,224999
sample,256,2048,tile8,2,226408
sample,256,2048,tile8,3,236350
sample,256,2048,tile8,4,225480
sample,256,2048,tile8,5,224250
sample,256,2048,tile8,6,224092
sample,256,2048,tile8,7,224193
sample,256,2048,tile8,8,251721
sample,256,2048,tile8,9,221879
sample,256,2048,tile8,10,223684
sample,256,2048,tile8,11,232722
sample,256,2048,tile8,12,217027
sample,256,2048,tile8,13,251574
sample,256,2048,tile8,14,210906
sample,256,2048,tile8,15,255547
sample,256,2048,tile8,16,261658
sample,256,2048,tile8,17,256101
sample,256,2048,tile8,18,263508
sample,256,2048,tile8,19,261167
sample,256,2048,tile8,20,264611
sample,256,2048,tile8,21,263128
sample,256,2048,tile8,22,262101
sample,256,2048,tile8,23,271203
sample,256,2048,tile8,24,269314
sample,256,2048,tile8,25,271619
sample,256,2048,tile8,26,269906
sample,256,2048,tile8,27,268665
sample,256,2048,tile8,28,275973
sample,256,2048,tile8,29,264139
measured,1024,128,vec4,16384,65536,5,30,10,288508,335240,26abf5bddd03bbc5,79acd556594188cd,none,none
sample,1024,128,vec4,0,304482
sample,1024,128,vec4,1,301684
sample,1024,128,vec4,2,303684
sample,1024,128,vec4,3,300424
sample,1024,128,vec4,4,296601
sample,1024,128,vec4,5,298074
sample,1024,128,vec4,6,299324
sample,1024,128,vec4,7,299444
sample,1024,128,vec4,8,297611
sample,1024,128,vec4,9,291972
sample,1024,128,vec4,10,296982
sample,1024,128,vec4,11,300342
sample,1024,128,vec4,12,687165
sample,1024,128,vec4,13,281619
sample,1024,128,vec4,14,277120
sample,1024,128,vec4,15,335240
sample,1024,128,vec4,16,284666
sample,1024,128,vec4,17,275490
sample,1024,128,vec4,18,274563
sample,1024,128,vec4,19,277721
sample,1024,128,vec4,20,301332
sample,1024,128,vec4,21,280406
sample,1024,128,vec4,22,279962
sample,1024,128,vec4,23,282388
sample,1024,128,vec4,24,281536
sample,1024,128,vec4,25,281260
sample,1024,128,vec4,26,283045
sample,1024,128,vec4,27,285721
sample,1024,128,vec4,28,284999
sample,1024,128,vec4,29,288508
measured,1024,128,fused2,16384,65536,5,30,9,265120,285574,26abf5bddd03bbc5,79acd556594188cd,none,none
sample,1024,128,fused2,0,284258
sample,1024,128,fused2,1,280499
sample,1024,128,fused2,2,278712
sample,1024,128,fused2,3,280824
sample,1024,128,fused2,4,276185
sample,1024,128,fused2,5,276424
sample,1024,128,fused2,6,278444
sample,1024,128,fused2,7,272666
sample,1024,128,fused2,8,274045
sample,1024,128,fused2,9,274304
sample,1024,128,fused2,10,285574
sample,1024,128,fused2,11,267425
sample,1024,128,fused2,12,323360
sample,1024,128,fused2,13,252305
sample,1024,128,fused2,14,256082
sample,1024,128,fused2,15,265120
sample,1024,128,fused2,16,258065
sample,1024,128,fused2,17,253110
sample,1024,128,fused2,18,254286
sample,1024,128,fused2,19,260665
sample,1024,128,fused2,20,258129
sample,1024,128,fused2,21,268870
sample,1024,128,fused2,22,259619
sample,1024,128,fused2,23,262323
sample,1024,128,fused2,24,261332
sample,1024,128,fused2,25,262592
sample,1024,128,fused2,26,261814
sample,1024,128,fused2,27,264102
sample,1024,128,fused2,28,263518
sample,1024,128,fused2,29,265306
measured,1024,128,tile8,16384,65536,5,30,8,236360,263573,26abf5bddd03bbc5,79acd556594188cd,none,none
sample,1024,128,tile8,0,250740
sample,1024,128,tile8,1,252471
sample,1024,128,tile8,2,251759
sample,1024,128,tile8,3,268351
sample,1024,128,tile8,4,249851
sample,1024,128,tile8,5,249323
sample,1024,128,tile8,6,249305
sample,1024,128,tile8,7,248833
sample,1024,128,tile8,8,253000
sample,1024,128,tile8,9,243508
sample,1024,128,tile8,10,244370
sample,1024,128,tile8,11,244378
sample,1024,128,tile8,12,239019
sample,1024,128,tile8,13,228036
sample,1024,128,tile8,14,229473
sample,1024,128,tile8,15,233258
sample,1024,128,tile8,16,227074
sample,1024,128,tile8,17,227834
sample,1024,128,tile8,18,228075
sample,1024,128,tile8,19,233323
sample,1024,128,tile8,20,237389
sample,1024,128,tile8,21,263573
sample,1024,128,tile8,22,233906
sample,1024,128,tile8,23,230760
sample,1024,128,tile8,24,234758
sample,1024,128,tile8,25,235435
sample,1024,128,tile8,26,234351
sample,1024,128,tile8,27,234046
sample,1024,128,tile8,28,236360
sample,1024,128,tile8,29,236204
measured,1024,512,vec4,65536,262144,5,30,10,289814,967006,0949b62ffc70d026,7663f0c9d3466943,none,none
sample,1024,512,vec4,0,274000
sample,1024,512,vec4,1,268499
sample,1024,512,vec4,2,270082
sample,1024,512,vec4,3,319841
sample,1024,512,vec4,4,267999
sample,1024,512,vec4,5,272593
sample,1024,512,vec4,6,275380
sample,1024,512,vec4,7,273694
sample,1024,512,vec4,8,266684
sample,1024,512,vec4,9,268619
sample,1024,512,vec4,10,375443
sample,1024,512,vec4,11,287869
sample,1024,512,vec4,12,288443
sample,1024,512,vec4,13,285610
sample,1024,512,vec4,14,284675
sample,1024,512,vec4,15,293305
sample,1024,512,vec4,16,290952
sample,1024,512,vec4,17,289814
sample,1024,512,vec4,18,288184
sample,1024,512,vec4,19,313647
sample,1024,512,vec4,20,698849
sample,1024,512,vec4,21,967006
sample,1024,512,vec4,22,1177497
sample,1024,512,vec4,23,696618
sample,1024,512,vec4,24,709757
sample,1024,512,vec4,25,700275
sample,1024,512,vec4,26,712285
sample,1024,512,vec4,27,704775
sample,1024,512,vec4,28,712803
sample,1024,512,vec4,29,707044
measured,1024,512,fused2,65536,262144,5,30,9,266508,690396,0949b62ffc70d026,7663f0c9d3466943,none,none
sample,1024,512,fused2,0,250804
sample,1024,512,fused2,1,259064
sample,1024,512,fused2,2,251378
sample,1024,512,fused2,3,325212
sample,1024,512,fused2,4,252702
sample,1024,512,fused2,5,247036
sample,1024,512,fused2,6,250832
sample,1024,512,fused2,7,247731
sample,1024,512,fused2,8,245379
sample,1024,512,fused2,9,246277
sample,1024,512,fused2,10,283027
sample,1024,512,fused2,11,266036
sample,1024,512,fused2,12,262982
sample,1024,512,fused2,13,264212
sample,1024,512,fused2,14,262777
sample,1024,512,fused2,15,265249
sample,1024,512,fused2,16,272128
sample,1024,512,fused2,17,268565
sample,1024,512,fused2,18,266508
sample,1024,512,fused2,19,688794
sample,1024,512,fused2,20,689507
sample,1024,512,fused2,21,1182534
sample,1024,512,fused2,22,687683
sample,1024,512,fused2,23,679146
sample,1024,512,fused2,24,680868
sample,1024,512,fused2,25,682702
sample,1024,512,fused2,26,679794
sample,1024,512,fused2,27,689359
sample,1024,512,fused2,28,690396
sample,1024,512,fused2,29,683544
measured,1024,512,tile8,65536,262144,5,30,8,245536,958534,0949b62ffc70d026,7663f0c9d3466943,none,none
sample,1024,512,tile8,0,231740
sample,1024,512,tile8,1,234000
sample,1024,512,tile8,2,231480
sample,1024,512,tile8,3,245332
sample,1024,512,tile8,4,235287
sample,1024,512,tile8,5,230240
sample,1024,512,tile8,6,230527
sample,1024,512,tile8,7,231563
sample,1024,512,tile8,8,229564
sample,1024,512,tile8,9,226880
sample,1024,512,tile8,10,229249
sample,1024,512,tile8,11,251406
sample,1024,512,tile8,12,242806
sample,1024,512,tile8,13,245536
sample,1024,512,tile8,14,243241
sample,1024,512,tile8,15,275453
sample,1024,512,tile8,16,244286
sample,1024,512,tile8,17,249241
sample,1024,512,tile8,18,276518
sample,1024,512,tile8,19,329407
sample,1024,512,tile8,20,958534
sample,1024,512,tile8,21,954867
sample,1024,512,tile8,22,1101885
sample,1024,512,tile8,23,672516
sample,1024,512,tile8,24,667609
sample,1024,512,tile8,25,684368
sample,1024,512,tile8,26,672035
sample,1024,512,tile8,27,336834
sample,1024,512,tile8,28,670414
sample,1024,512,tile8,29,672081
measured,1024,2048,vec4,262144,1048576,5,30,10,866489,1085627,2d4a1c573b9665e7,d32c613321b43c7f,none,none
sample,1024,2048,vec4,0,1190571
sample,1024,2048,vec4,1,1065765
sample,1024,2048,vec4,2,1085627
sample,1024,2048,vec4,3,1072839
sample,1024,2048,vec4,4,1075478
sample,1024,2048,vec4,5,1071460
sample,1024,2048,vec4,6,754350
sample,1024,2048,vec4,7,961118
sample,1024,2048,vec4,8,984645
sample,1024,2048,vec4,9,982330
sample,1024,2048,vec4,10,958978
sample,1024,2048,vec4,11,774545
sample,1024,2048,vec4,12,897118
sample,1024,2048,vec4,13,908340
sample,1024,2048,vec4,14,906988
sample,1024,2048,vec4,15,904775
sample,1024,2048,vec4,16,554674
sample,1024,2048,vec4,17,854850
sample,1024,2048,vec4,18,866489
sample,1024,2048,vec4,19,853720
sample,1024,2048,vec4,20,868248
sample,1024,2048,vec4,21,858776
sample,1024,2048,vec4,22,854433
sample,1024,2048,vec4,23,510812
sample,1024,2048,vec4,24,506879
sample,1024,2048,vec4,25,507164
sample,1024,2048,vec4,26,516590
sample,1024,2048,vec4,27,509628
sample,1024,2048,vec4,28,508813
sample,1024,2048,vec4,29,502332
measured,1024,2048,fused2,262144,1048576,5,30,9,845876,1047339,2d4a1c573b9665e7,d32c613321b43c7f,none,none
sample,1024,2048,fused2,0,722276
sample,1024,2048,fused2,1,1041673
sample,1024,2048,fused2,2,1043636
sample,1024,2048,fused2,3,1040062
sample,1024,2048,fused2,4,1053905
sample,1024,2048,fused2,5,1047339
sample,1024,2048,fused2,6,536934
sample,1024,2048,fused2,7,930118
sample,1024,2048,fused2,8,962006
sample,1024,2048,fused2,9,966303
sample,1024,2048,fused2,10,978553
sample,1024,2048,fused2,11,959506
sample,1024,2048,fused2,12,881608
sample,1024,2048,fused2,13,876275
sample,1024,2048,fused2,14,879682
sample,1024,2048,fused2,15,874961
sample,1024,2048,fused2,16,874506
sample,1024,2048,fused2,17,831553
sample,1024,2048,fused2,18,844154
sample,1024,2048,fused2,19,845876
sample,1024,2048,fused2,20,835924
sample,1024,2048,fused2,21,837617
sample,1024,2048,fused2,22,342944
sample,1024,2048,fused2,23,500305
sample,1024,2048,fused2,24,495701
sample,1024,2048,fused2,25,520386
sample,1024,2048,fused2,26,503313
sample,1024,2048,fused2,27,490572
sample,1024,2048,fused2,28,504294
sample,1024,2048,fused2,29,507396
measured,1024,2048,tile8,262144,1048576,5,30,8,831480,1064525,2d4a1c573b9665e7,d32c613321b43c7f,none,none
sample,1024,2048,tile8,0,1046451
sample,1024,2048,tile8,1,1088377
sample,1024,2048,tile8,2,1064525
sample,1024,2048,tile8,3,1062922
sample,1024,2048,tile8,4,1028756
sample,1024,2048,tile8,5,1055386
sample,1024,2048,tile8,6,661646
sample,1024,2048,tile8,7,958673
sample,1024,2048,tile8,8,943126
sample,1024,2048,tile8,9,958497
sample,1024,2048,tile8,10,959450
sample,1024,2048,tile8,11,514081
sample,1024,2048,tile8,12,895757
sample,1024,2048,tile8,13,870859
sample,1024,2048,tile8,14,891210
sample,1024,2048,tile8,15,877200
sample,1024,2048,tile8,16,901043
sample,1024,2048,tile8,17,493286
sample,1024,2048,tile8,18,808933
sample,1024,2048,tile8,19,831480
sample,1024,2048,tile8,20,823313
sample,1024,2048,tile8,21,827035
sample,1024,2048,tile8,22,502488
sample,1024,2048,tile8,23,497452
sample,1024,2048,tile8,24,492999
sample,1024,2048,tile8,25,317870
sample,1024,2048,tile8,26,498610
sample,1024,2048,tile8,27,492823
sample,1024,2048,tile8,28,488453
sample,1024,2048,tile8,29,489027
measured,4096,128,vec4,65536,262144,5,30,12,822063,862182,d878e557b6daedce,8cc85ceb09c8efed,none,none
sample,4096,128,vec4,0,515748
sample,4096,128,vec4,1,541934
sample,4096,128,vec4,2,544147
sample,4096,128,vec4,3,718785
sample,4096,128,vec4,4,862182
sample,4096,128,vec4,5,863072
sample,4096,128,vec4,6,851460
sample,4096,128,vec4,7,858322
sample,4096,128,vec4,8,824960
sample,4096,128,vec4,9,828396
sample,4096,128,vec4,10,825785
sample,4096,128,vec4,11,845211
sample,4096,128,vec4,12,840636
sample,4096,128,vec4,13,836489
sample,4096,128,vec4,14,823369
sample,4096,128,vec4,15,805080
sample,4096,128,vec4,16,827970
sample,4096,128,vec4,17,822063
sample,4096,128,vec4,18,828452
sample,4096,128,vec4,19,825646
sample,4096,128,vec4,20,836961
sample,4096,128,vec4,21,805266
sample,4096,128,vec4,22,799220
sample,4096,128,vec4,23,810369
sample,4096,128,vec4,24,792183
sample,4096,128,vec4,25,800665
sample,4096,128,vec4,26,818794
sample,4096,128,vec4,27,806470
sample,4096,128,vec4,28,800582
sample,4096,128,vec4,29,788054
measured,4096,128,fused2,65536,262144,5,30,11,791405,831841,d878e557b6daedce,8cc85ceb09c8efed,none,none
sample,4096,128,fused2,0,501101
sample,4096,128,fused2,1,507240
sample,4096,128,fused2,2,500813
sample,4096,128,fused2,3,491461
sample,4096,128,fused2,4,837617
sample,4096,128,fused2,5,831841
sample,4096,128,fused2,6,829378
sample,4096,128,fused2,7,802970
sample,4096,128,fused2,8,799989
sample,4096,128,fused2,9,800563
sample,4096,128,fused2,10,816785
sample,4096,128,fused2,11,816665
sample,4096,128,fused2,12,811914
sample,4096,128,fused2,13,809943
sample,4096,128,fused2,14,809609
sample,4096,128,fused2,15,778756
sample,4096,128,fused2,16,779155
sample,4096,128,fused2,17,785275
sample,4096,128,fused2,18,797989
sample,4096,128,fused2,19,798147
sample,4096,128,fused2,20,793275
sample,4096,128,fused2,21,791405
sample,4096,128,fused2,22,773285
sample,4096,128,fused2,23,812193
sample,4096,128,fused2,24,782702
sample,4096,128,fused2,25,791118
sample,4096,128,fused2,26,785183
sample,4096,128,fused2,27,783517
sample,4096,128,fused2,28,543026
sample,4096,128,fused2,29,760591
measured,4096,128,tile8,65536,262144,5,30,10,757683,809165,d878e557b6daedce,8cc85ceb09c8efed,none,none
sample,4096,128,tile8,0,467546
sample,4096,128,tile8,1,488915
sample,4096,128,tile8,2,491527
sample,4096,128,tile8,3,496730
sample,4096,128,tile8,4,806572
sample,4096,128,tile8,5,809165
sample,4096,128,tile8,6,803535
sample,4096,128,tile8,7,781627
sample,4096,128,tile8,8,812256
sample,4096,128,tile8,9,776683
sample,4096,128,tile8,10,774174
sample,4096,128,tile8,11,787868
sample,4096,128,tile8,12,783729
sample,4096,128,tile8,13,782118
sample,4096,128,tile8,14,664073
sample,4096,128,tile8,15,756599
sample,4096,128,tile8,16,803729
sample,4096,128,tile8,17,764137
sample,4096,128,tile8,18,773859
sample,4096,128,tile8,19,764711
sample,4096,128,tile8,20,609961
sample,4096,128,tile8,21,767498
sample,4096,128,tile8,22,742193
sample,4096,128,tile8,23,753452
sample,4096,128,tile8,24,741692
sample,4096,128,tile8,25,757683
sample,4096,128,tile8,26,757655
sample,4096,128,tile8,27,753804
sample,4096,128,tile8,28,657712
sample,4096,128,tile8,29,742877
measured,4096,512,vec4,262144,1048576,5,30,12,672962,708072,07e875993970433c,207dceeda1be3f5b,none,none
sample,4096,512,vec4,0,708072
sample,4096,512,vec4,1,693507
sample,4096,512,vec4,2,400443
sample,4096,512,vec4,3,679572
sample,4096,512,vec4,4,681795
sample,4096,512,vec4,5,690896
sample,4096,512,vec4,6,685961
sample,4096,512,vec4,7,679702
sample,4096,512,vec4,8,680665
sample,4096,512,vec4,9,697424
sample,4096,512,vec4,10,686544
sample,4096,512,vec4,11,684025
sample,4096,512,vec4,12,511444
sample,4096,512,vec4,13,679600
sample,4096,512,vec4,14,682859
sample,4096,512,vec4,15,411573
sample,4096,512,vec4,16,685387
sample,4096,512,vec4,17,668517
sample,4096,512,vec4,18,672962
sample,4096,512,vec4,19,713480
sample,4096,512,vec4,20,668915
sample,4096,512,vec4,21,267592
sample,4096,512,vec4,22,264370
sample,4096,512,vec4,23,264148
sample,4096,512,vec4,24,259889
sample,4096,512,vec4,25,257406
sample,4096,512,vec4,26,259999
sample,4096,512,vec4,27,268138
sample,4096,512,vec4,28,267185
sample,4096,512,vec4,29,264545
measured,4096,512,fused2,262144,1048576,5,30,11,474971,488360,07e875993970433c,207dceeda1be3f5b,none,none
sample,4096,512,fused2,0,479749
sample,4096,512,fused2,1,487415
sample,4096,512,fused2,2,484498
sample,4096,512,fused2,3,474636
sample,4096,512,fused2,4,490231
sample,4096,512,fused2,5,486008
sample,4096,512,fused2,6,482453
sample,4096,512,fused2,7,481841
sample,4096,512,fused2,8,483332
sample,4096,512,fused2,9,488360
sample,4096,512,fused2,10,480026
sample,4096,512,fused2,11,472998
sample,4096,512,fused2,12,478350
sample,4096,512,fused2,13,473148
sample,4096,512,fused2,14,484322
sample,4096,512,fused2,15,450350
sample,4096,512,fused2,16,478230
sample,4096,512,fused2,17,484351
sample,4096,512,fused2,18,474971
sample,4096,512,fused2,19,477712
sample,4096,512,fused2,20,474813
sample,4096,512,fused2,21,461222
sample,4096,512,fused2,22,240638
sample,4096,512,fused2,23,249879
sample,4096,512,fused2,24,243138
sample,4096,512,fused2,25,249388
sample,4096,512,fused2,26,245184
sample,4096,512,fused2,27,243954
sample,4096,512,fused2,28,248156
sample,4096,512,fused2,29,243370
measured,4096,512,tile8,262144,1048576,5,30,10,458813,495220,07e875993970433c,207dceeda1be3f5b,none,none
sample,4096,512,tile8,0,461703
sample,4096,512,tile8,1,462433
sample,4096,512,tile8,2,460934
sample,4096,512,tile8,3,459999
sample,4096,512,tile8,4,460387
sample,4096,512,tile8,5,425666
sample,4096,512,tile8,6,462952
sample,4096,512,tile8,7,348907
sample,4096,512,tile8,8,466516
sample,4096,512,tile8,9,463276
sample,4096,512,tile8,10,465971
sample,4096,512,tile8,11,462443
sample,4096,512,tile8,12,469860
sample,4096,512,tile8,13,458813
sample,4096,512,tile8,14,478925
sample,4096,512,tile8,15,459962
sample,4096,512,tile8,16,446841
sample,4096,512,tile8,17,495220
sample,4096,512,tile8,18,456240
sample,4096,512,tile8,19,455610
sample,4096,512,tile8,20,809313
sample,4096,512,tile8,21,434008
sample,4096,512,tile8,22,226232
sample,4096,512,tile8,23,231027
sample,4096,512,tile8,24,233526
sample,4096,512,tile8,25,228269
sample,4096,512,tile8,26,228397
sample,4096,512,tile8,27,235899
sample,4096,512,tile8,28,234082
sample,4096,512,tile8,29,233055
measured,4096,2048,vec4,1048576,4194304,5,30,12,306045,689026,4143a88e49ed614b,e0842ad8f72c0c9f,none,none
sample,4096,2048,vec4,0,280231
sample,4096,2048,vec4,1,468184
sample,4096,2048,vec4,2,479462
sample,4096,2048,vec4,3,679850
sample,4096,2048,vec4,4,679868
sample,4096,2048,vec4,5,680498
sample,4096,2048,vec4,6,678128
sample,4096,2048,vec4,7,686072
sample,4096,2048,vec4,8,677304
sample,4096,2048,vec4,9,686378
sample,4096,2048,vec4,10,689026
sample,4096,2048,vec4,11,858424
sample,4096,2048,vec4,12,403990
sample,4096,2048,vec4,13,467018
sample,4096,2048,vec4,14,359009
sample,4096,2048,vec4,15,305406
sample,4096,2048,vec4,16,301305
sample,4096,2048,vec4,17,302759
sample,4096,2048,vec4,18,292972
sample,4096,2048,vec4,19,296638
sample,4096,2048,vec4,20,298851
sample,4096,2048,vec4,21,305702
sample,4096,2048,vec4,22,299833
sample,4096,2048,vec4,23,293611
sample,4096,2048,vec4,24,294352
sample,4096,2048,vec4,25,306045
sample,4096,2048,vec4,26,296212
sample,4096,2048,vec4,27,302037
sample,4096,2048,vec4,28,304694
sample,4096,2048,vec4,29,577072
measured,4096,2048,fused2,1048576,4194304,5,30,11,296675,511239,4143a88e49ed614b,e0842ad8f72c0c9f,none,none
sample,4096,2048,fused2,0,257740
sample,4096,2048,fused2,1,459536
sample,4096,2048,fused2,2,466971
sample,4096,2048,fused2,3,488656
sample,4096,2048,fused2,4,491397
sample,4096,2048,fused2,5,481267
sample,4096,2048,fused2,6,487453
sample,4096,2048,fused2,7,494072
sample,4096,2048,fused2,8,479137
sample,4096,2048,fused2,9,489750
sample,4096,2048,fused2,10,511239
sample,4096,2048,fused2,11,384480
sample,4096,2048,fused2,12,1381450
sample,4096,2048,fused2,13,325665
sample,4096,2048,fused2,14,296675
sample,4096,2048,fused2,15,280749
sample,4096,2048,fused2,16,274286
sample,4096,2048,fused2,17,418036
sample,4096,2048,fused2,18,281463
sample,4096,2048,fused2,19,281147
sample,4096,2048,fused2,20,277489
sample,4096,2048,fused2,21,287341
sample,4096,2048,fused2,22,277777
sample,4096,2048,fused2,23,280241
sample,4096,2048,fused2,24,277444
sample,4096,2048,fused2,25,280554
sample,4096,2048,fused2,26,281333
sample,4096,2048,fused2,27,281907
sample,4096,2048,fused2,28,296295
sample,4096,2048,fused2,29,304943
measured,4096,2048,tile8,1048576,4194304,5,30,10,281527,481406,4143a88e49ed614b,e0842ad8f72c0c9f,none,none
sample,4096,2048,tile8,0,480731
sample,4096,2048,tile8,1,356101
sample,4096,2048,tile8,2,476452
sample,4096,2048,tile8,3,468063
sample,4096,2048,tile8,4,480481
sample,4096,2048,tile8,5,479509
sample,4096,2048,tile8,6,479693
sample,4096,2048,tile8,7,473943
sample,4096,2048,tile8,8,481406
sample,4096,2048,tile8,9,480516
sample,4096,2048,tile8,10,449999
sample,4096,2048,tile8,11,463090
sample,4096,2048,tile8,12,667683
sample,4096,2048,tile8,13,277999
sample,4096,2048,tile8,14,267259
sample,4096,2048,tile8,15,265462
sample,4096,2048,tile8,16,273795
sample,4096,2048,tile8,17,271638
sample,4096,2048,tile8,18,269406
sample,4096,2048,tile8,19,276814
sample,4096,2048,tile8,20,281527
sample,4096,2048,tile8,21,275462
sample,4096,2048,tile8,22,278999
sample,4096,2048,tile8,23,271990
sample,4096,2048,tile8,24,278352
sample,4096,2048,tile8,25,282323
sample,4096,2048,tile8,26,275952
sample,4096,2048,tile8,27,276611
sample,4096,2048,tile8,28,280074
sample,4096,2048,tile8,29,301925
measured,16384,128,vec4,262144,1048576,5,30,14,677295,709739,318e48fc80dadb1f,a09bc0e13ecf9bf8,none,none
sample,16384,128,vec4,0,678516
sample,16384,128,vec4,1,684961
sample,16384,128,vec4,2,674841
sample,16384,128,vec4,3,672368
sample,16384,128,vec4,4,512184
sample,16384,128,vec4,5,670313
sample,16384,128,vec4,6,479092
sample,16384,128,vec4,7,674017
sample,16384,128,vec4,8,679748
sample,16384,128,vec4,9,671989
sample,16384,128,vec4,10,672971
sample,16384,128,vec4,11,521258
sample,16384,128,vec4,12,674388
sample,16384,128,vec4,13,676054
sample,16384,128,vec4,14,500759
sample,16384,128,vec4,15,680803
sample,16384,128,vec4,16,709739
sample,16384,128,vec4,17,694164
sample,16384,128,vec4,18,680610
sample,16384,128,vec4,19,483850
sample,16384,128,vec4,20,718757
sample,16384,128,vec4,21,677739
sample,16384,128,vec4,22,673257
sample,16384,128,vec4,23,680332
sample,16384,128,vec4,24,678591
sample,16384,128,vec4,25,687979
sample,16384,128,vec4,26,679368
sample,16384,128,vec4,27,708128
sample,16384,128,vec4,28,680007
sample,16384,128,vec4,29,677295
measured,16384,128,fused2,262144,1048576,5,30,13,666970,681517,318e48fc80dadb1f,a09bc0e13ecf9bf8,none,none
sample,16384,128,fused2,0,666970
sample,16384,128,fused2,1,480258
sample,16384,128,fused2,2,479914
sample,16384,128,fused2,3,468128
sample,16384,128,fused2,4,480110
sample,16384,128,fused2,5,495174
sample,16384,128,fused2,6,509942
sample,16384,128,fused2,7,489277
sample,16384,128,fused2,8,485933
sample,16384,128,fused2,9,483368
sample,16384,128,fused2,10,487138
sample,16384,128,fused2,11,480527
sample,16384,128,fused2,12,674183
sample,16384,128,fused2,13,498119
sample,16384,128,fused2,14,454554
sample,16384,128,fused2,15,681517
sample,16384,128,fused2,16,671878
sample,16384,128,fused2,17,671998
sample,16384,128,fused2,18,680712
sample,16384,128,fused2,19,707943
sample,16384,128,fused2,20,487581
sample,16384,128,fused2,21,671127
sample,16384,128,fused2,22,672396
sample,16384,128,fused2,23,676859
sample,16384,128,fused2,24,669025
sample,16384,128,fused2,25,677702
sample,16384,128,fused2,26,676313
sample,16384,128,fused2,27,676239
sample,16384,128,fused2,28,670230
sample,16384,128,fused2,29,672618
measured,16384,128,tile8,262144,1048576,5,30,12,497165,682970,318e48fc80dadb1f,a09bc0e13ecf9bf8,none,none
sample,16384,128,tile8,0,663581
sample,16384,128,tile8,1,461916
sample,16384,128,tile8,2,497165
sample,16384,128,tile8,3,472869
sample,16384,128,tile8,4,468397
sample,16384,128,tile8,5,496860
sample,16384,128,tile8,6,474175
sample,16384,128,tile8,7,466896
sample,16384,128,tile8,8,468694
sample,16384,128,tile8,9,466906
sample,16384,128,tile8,10,465962
sample,16384,128,tile8,11,465749
sample,16384,128,tile8,12,665738
sample,16384,128,tile8,13,470628
sample,16384,128,tile8,14,472638
sample,16384,128,tile8,15,667646
sample,16384,128,tile8,16,666609
sample,16384,128,tile8,17,655998
sample,16384,128,tile8,18,811526
sample,16384,128,tile8,19,306684
sample,16384,128,tile8,20,677183
sample,16384,128,tile8,21,670535
sample,16384,128,tile8,22,665201
sample,16384,128,tile8,23,667294
sample,16384,128,tile8,24,670026
sample,16384,128,tile8,25,682970
sample,16384,128,tile8,26,674553
sample,16384,128,tile8,27,482424
sample,16384,128,tile8,28,681211
sample,16384,128,tile8,29,667322
measured,16384,512,vec4,1048576,4194304,5,30,14,707581,723701,08b87a1ca99fa7b8,cc66b7b8fae87df4,none,none
sample,16384,512,vec4,0,698443
sample,16384,512,vec4,1,710322
sample,16384,512,vec4,2,705572
sample,16384,512,vec4,3,701795
sample,16384,512,vec4,4,700859
sample,16384,512,vec4,5,700044
sample,16384,512,vec4,6,716146
sample,16384,512,vec4,7,703970
sample,16384,512,vec4,8,713452
sample,16384,512,vec4,9,706434
sample,16384,512,vec4,10,707581
sample,16384,512,vec4,11,723220
sample,16384,512,vec4,12,707489
sample,16384,512,vec4,13,703619
sample,16384,512,vec4,14,714757
sample,16384,512,vec4,15,705869
sample,16384,512,vec4,16,712720
sample,16384,512,vec4,17,713563
sample,16384,512,vec4,18,718294
sample,16384,512,vec4,19,715637
sample,16384,512,vec4,20,708026
sample,16384,512,vec4,21,731757
sample,16384,512,vec4,22,723701
sample,16384,512,vec4,23,708591
sample,16384,512,vec4,24,706730
sample,16384,512,vec4,25,706424
sample,16384,512,vec4,26,715304
sample,16384,512,vec4,27,712748
sample,16384,512,vec4,28,696405
sample,16384,512,vec4,29,468194
measured,16384,512,fused2,1048576,4194304,5,30,13,700988,743322,08b87a1ca99fa7b8,cc66b7b8fae87df4,none,none
sample,16384,512,fused2,0,698924
sample,16384,512,fused2,1,691887
sample,16384,512,fused2,2,696452
sample,16384,512,fused2,3,703525
sample,16384,512,fused2,4,743322
sample,16384,512,fused2,5,700988
sample,16384,512,fused2,6,447777
sample,16384,512,fused2,7,691331
sample,16384,512,fused2,8,701581
sample,16384,512,fused2,9,704591
sample,16384,512,fused2,10,708174
sample,16384,512,fused2,11,708869
sample,16384,512,fused2,12,688387
sample,16384,512,fused2,13,692110
sample,16384,512,fused2,14,691730
sample,16384,512,fused2,15,682016
sample,16384,512,fused2,16,704479
sample,16384,512,fused2,17,712147
sample,16384,512,fused2,18,708498
sample,16384,512,fused2,19,749794
sample,16384,512,fused2,20,729702
sample,16384,512,fused2,21,696822
sample,16384,512,fused2,22,697581
sample,16384,512,fused2,23,698081
sample,16384,512,fused2,24,707887
sample,16384,512,fused2,25,697323
sample,16384,512,fused2,26,710794
sample,16384,512,fused2,27,706229
sample,16384,512,fused2,28,714313
sample,16384,512,fused2,29,449794
measured,16384,512,tile8,1048576,4194304,5,30,12,704942,712443,08b87a1ca99fa7b8,cc66b7b8fae87df4,none,none
sample,16384,512,tile8,0,707693
sample,16384,512,tile8,1,698925
sample,16384,512,tile8,2,706739
sample,16384,512,tile8,3,690229
sample,16384,512,tile8,4,698055
sample,16384,512,tile8,5,731146
sample,16384,512,tile8,6,693535
sample,16384,512,tile8,7,710869
sample,16384,512,tile8,8,708822
sample,16384,512,tile8,9,707146
sample,16384,512,tile8,10,709600
sample,16384,512,tile8,11,709054
sample,16384,512,tile8,12,697776
sample,16384,512,tile8,13,695599
sample,16384,512,tile8,14,704942
sample,16384,512,tile8,15,690831
sample,16384,512,tile8,16,701943
sample,16384,512,tile8,17,706730
sample,16384,512,tile8,18,708164
sample,16384,512,tile8,19,712443
sample,16384,512,tile8,20,694581
sample,16384,512,tile8,21,700664
sample,16384,512,tile8,22,511286
sample,16384,512,tile8,23,696720
sample,16384,512,tile8,24,706081
sample,16384,512,tile8,25,708146
sample,16384,512,tile8,26,711081
sample,16384,512,tile8,27,709933
sample,16384,512,tile8,28,704711
sample,16384,512,tile8,29,430434
measured,16384,2048,vec4,4194304,16777216,5,30,14,526322,567480,6be3b72c15a212b9,3199380bd5011e6c,none,none
sample,16384,2048,vec4,0,531323
sample,16384,2048,vec4,1,547795
sample,16384,2048,vec4,2,521545
sample,16384,2048,vec4,3,525860
sample,16384,2048,vec4,4,518285
sample,16384,2048,vec4,5,527138
sample,16384,2048,vec4,6,529185
sample,16384,2048,vec4,7,529610
sample,16384,2048,vec4,8,560266
sample,16384,2048,vec4,9,525313
sample,16384,2048,vec4,10,523110
sample,16384,2048,vec4,11,526239
sample,16384,2048,vec4,12,608535
sample,16384,2048,vec4,13,522397
sample,16384,2048,vec4,14,522600
sample,16384,2048,vec4,15,543582
sample,16384,2048,vec4,16,548267
sample,16384,2048,vec4,17,523600
sample,16384,2048,vec4,18,525193
sample,16384,2048,vec4,19,524490
sample,16384,2048,vec4,20,521990
sample,16384,2048,vec4,21,553507
sample,16384,2048,vec4,22,528333
sample,16384,2048,vec4,23,524990
sample,16384,2048,vec4,24,539517
sample,16384,2048,vec4,25,563768
sample,16384,2048,vec4,26,567480
sample,16384,2048,vec4,27,526322
sample,16384,2048,vec4,28,520795
sample,16384,2048,vec4,29,526980
measured,16384,2048,fused2,4194304,16777216,5,30,13,496701,550803,6be3b72c15a212b9,3199380bd5011e6c,none,none
sample,16384,2048,fused2,0,498323
sample,16384,2048,fused2,1,498119
sample,16384,2048,fused2,2,491849
sample,16384,2048,fused2,3,550803
sample,16384,2048,fused2,4,490814
sample,16384,2048,fused2,5,492961
sample,16384,2048,fused2,6,499563
sample,16384,2048,fused2,7,502804
sample,16384,2048,fused2,8,494564
sample,16384,2048,fused2,9,498517
sample,16384,2048,fused2,10,493258
sample,16384,2048,fused2,11,490453
sample,16384,2048,fused2,12,527675
sample,16384,2048,fused2,13,494999
sample,16384,2048,fused2,14,491748
sample,16384,2048,fused2,15,498795
sample,16384,2048,fused2,16,493036
sample,16384,2048,fused2,17,520831
sample,16384,2048,fused2,18,505211
sample,16384,2048,fused2,19,491350
sample,16384,2048,fused2,20,489980
sample,16384,2048,fused2,21,491333
sample,16384,2048,fused2,22,555165
sample,16384,2048,fused2,23,498581
sample,16384,2048,fused2,24,510137
sample,16384,2048,fused2,25,496701
sample,16384,2048,fused2,26,513610
sample,16384,2048,fused2,27,488230
sample,16384,2048,fused2,28,503924
sample,16384,2048,fused2,29,489527
measured,16384,2048,tile8,4194304,16777216,5,30,12,526054,569962,6be3b72c15a212b9,3199380bd5011e6c,none,none
sample,16384,2048,tile8,0,525054
sample,16384,2048,tile8,1,533453
sample,16384,2048,tile8,2,569962
sample,16384,2048,tile8,3,532100
sample,16384,2048,tile8,4,520073
sample,16384,2048,tile8,5,527517
sample,16384,2048,tile8,6,525461
sample,16384,2048,tile8,7,527703
sample,16384,2048,tile8,8,526054
sample,16384,2048,tile8,9,521286
sample,16384,2048,tile8,10,524887
sample,16384,2048,tile8,11,520905
sample,16384,2048,tile8,12,529074
sample,16384,2048,tile8,13,521564
sample,16384,2048,tile8,14,527295
sample,16384,2048,tile8,15,528517
sample,16384,2048,tile8,16,548508
sample,16384,2048,tile8,17,549452
sample,16384,2048,tile8,18,526201
sample,16384,2048,tile8,19,518138
sample,16384,2048,tile8,20,526248
sample,16384,2048,tile8,21,519823
sample,16384,2048,tile8,22,522729
sample,16384,2048,tile8,23,558378
sample,16384,2048,tile8,24,835729
sample,16384,2048,tile8,25,522943
sample,16384,2048,tile8,26,540824
sample,16384,2048,tile8,27,522971
sample,16384,2048,tile8,28,517434
sample,16384,2048,tile8,29,521619
measured,65536,128,vec4,1048576,4194304,5,30,16,526443,597239,9ec0db29a14c575b,4098921c6b362ecd,none,none
sample,65536,128,vec4,0,526443
sample,65536,128,vec4,1,528166
sample,65536,128,vec4,2,541035
sample,65536,128,vec4,3,526666
sample,65536,128,vec4,4,529054
sample,65536,128,vec4,5,541507
sample,65536,128,vec4,6,534925
sample,65536,128,vec4,7,551480
sample,65536,128,vec4,8,550461
sample,65536,128,vec4,9,542527
sample,65536,128,vec4,10,543054
sample,65536,128,vec4,11,560146
sample,65536,128,vec4,12,544303
sample,65536,128,vec4,13,544887
sample,65536,128,vec4,14,597239
sample,65536,128,vec4,15,490545
sample,65536,128,vec4,16,784914
sample,65536,128,vec4,17,341184
sample,65536,128,vec4,18,326944
sample,65536,128,vec4,19,366295
sample,65536,128,vec4,20,336110
sample,65536,128,vec4,21,337888
sample,65536,128,vec4,22,335536
sample,65536,128,vec4,23,335240
sample,65536,128,vec4,24,345943
sample,65536,128,vec4,25,336490
sample,65536,128,vec4,26,340296
sample,65536,128,vec4,27,349221
sample,65536,128,vec4,28,345592
sample,65536,128,vec4,29,347147
measured,65536,128,fused2,1048576,4194304,5,30,15,458971,583119,9ec0db29a14c575b,4098921c6b362ecd,none,none
sample,65536,128,fused2,0,535119
sample,65536,128,fused2,1,537332
sample,65536,128,fused2,2,505620
sample,65536,128,fused2,3,535175
sample,65536,128,fused2,4,505361
sample,65536,128,fused2,5,504166
sample,65536,128,fused2,6,536026
sample,65536,128,fused2,7,511702
sample,65536,128,fused2,8,519072
sample,65536,128,fused2,9,520304
sample,65536,128,fused2,10,517934
sample,65536,128,fused2,11,546471
sample,65536,128,fused2,12,517286
sample,65536,128,fused2,13,583119
sample,65536,128,fused2,14,1186488
sample,65536,128,fused2,15,458971
sample,65536,128,fused2,16,413657
sample,65536,128,fused2,17,370610
sample,65536,128,fused2,18,317129
sample,65536,128,fused2,19,353120
sample,65536,128,fused2,20,316379
sample,65536,128,fused2,21,320415
sample,65536,128,fused2,22,321509
sample,65536,128,fused2,23,323841
sample,65536,128,fused2,24,330741
sample,65536,128,fused2,25,331722
sample,65536,128,fused2,26,327795
sample,65536,128,fused2,27,330888
sample,65536,128,fused2,28,329638
sample,65536,128,fused2,29,329628
measured,65536,128,tile8,1048576,4194304,5,30,14,440508,516731,9ec0db29a14c575b,4098921c6b362ecd,none,none
sample,65536,128,tile8,0,497266
sample,65536,128,tile8,1,488840
sample,65536,128,tile8,2,508314
sample,65536,128,tile8,3,490804
sample,65536,128,tile8,4,488582
sample,65536,128,tile8,5,487481
sample,65536,128,tile8,6,529804
sample,65536,128,tile8,7,487896
sample,65536,128,tile8,8,505833
sample,65536,128,tile8,9,516731
sample,65536,128,tile8,10,498535
sample,65536,128,tile8,11,501526
sample,65536,128,tile8,12,503332
sample,65536,128,tile8,13,502619
sample,65536,128,tile8,14,460490
sample,65536,128,tile8,15,440508
sample,65536,128,tile8,16,433887
sample,65536,128,tile8,17,381739
sample,65536,128,tile8,18,305193
sample,65536,128,tile8,19,323749
sample,65536,128,tile8,20,315694
sample,65536,128,tile8,21,316573
sample,65536,128,tile8,22,318573
sample,65536,128,tile8,23,315074
sample,65536,128,tile8,24,326676
sample,65536,128,tile8,25,317101
sample,65536,128,tile8,26,333971
sample,65536,128,tile8,27,325675
sample,65536,128,tile8,28,323342
sample,65536,128,tile8,29,323009
measured,65536,512,vec4,4194304,16777216,5,30,16,479657,553127,84d06402da633040,29115d73667dee45,none,none
sample,65536,512,vec4,0,461406
sample,65536,512,vec4,1,514444
sample,65536,512,vec4,2,464017
sample,65536,512,vec4,3,432415
sample,65536,512,vec4,4,430082
sample,65536,512,vec4,5,435796
sample,65536,512,vec4,6,432017
sample,65536,512,vec4,7,434156
sample,65536,512,vec4,8,477166
sample,65536,512,vec4,9,483666
sample,65536,512,vec4,10,484008
sample,65536,512,vec4,11,479657
sample,65536,512,vec4,12,473600
sample,65536,512,vec4,13,463906
sample,65536,512,vec4,14,528174
sample,65536,512,vec4,15,515693
sample,65536,512,vec4,16,512989
sample,65536,512,vec4,17,523665
sample,65536,512,vec4,18,537684
sample,65536,512,vec4,19,547360
sample,65536,512,vec4,20,526925
sample,65536,512,vec4,21,545017
sample,65536,512,vec4,22,551007
sample,65536,512,vec4,23,553127
sample,65536,512,vec4,24,555841
sample,65536,512,vec4,25,550887
sample,65536,512,vec4,26,453646
sample,65536,512,vec4,27,464202
sample,65536,512,vec4,28,459498
sample,65536,512,vec4,29,460924
measured,65536,512,fused2,4194304,16777216,5,30,15,465545,537905,84d06402da633040,29115d73667dee45,none,none
sample,65536,512,fused2,0,503276
sample,65536,512,fused2,1,494212
sample,65536,512,fused2,2,418823
sample,65536,512,fused2,3,477481
sample,65536,512,fused2,4,416971
sample,65536,512,fused2,5,421203
sample,65536,512,fused2,6,418507
sample,65536,512,fused2,7,430230
sample,65536,512,fused2,8,453989
sample,65536,512,fused2,9,465545
sample,65536,512,fused2,10,457776
sample,65536,512,fused2,11,452525
sample,65536,512,fused2,12,435398
sample,65536,512,fused2,13,499462
sample,65536,512,fused2,14,490721
sample,65536,512,fused2,15,496203
sample,65536,512,fused2,16,575461
sample,65536,512,fused2,17,502777
sample,65536,512,fused2,18,524711
sample,65536,512,fused2,19,514323
sample,65536,512,fused2,20,506462
sample,65536,512,fused2,21,537905
sample,65536,512,fused2,22,514962
sample,65536,512,fused2,23,529674
sample,65536,512,fused2,24,514934
sample,65536,512,fused2,25,439990
sample,65536,512,fused2,26,432786
sample,65536,512,fused2,27,433924
sample,65536,512,fused2,28,441193
sample,65536,512,fused2,29,445462
measured,65536,512,tile8,4194304,16777216,5,30,14,483805,580462,84d06402da633040,29115d73667dee45,none,none
sample,65536,512,tile8,0,530055
sample,65536,512,tile8,1,515582
sample,65536,512,tile8,2,460748
sample,65536,512,tile8,3,452592
sample,65536,512,tile8,4,446924
sample,65536,512,tile8,5,446739
sample,65536,512,tile8,6,448768
sample,65536,512,tile8,7,446620
sample,65536,512,tile8,8,483805
sample,65536,512,tile8,9,543666
sample,65536,512,tile8,10,482610
sample,65536,512,tile8,11,487193
sample,65536,512,tile8,12,464332
sample,65536,512,tile8,13,480295
sample,65536,512,tile8,14,529795
sample,65536,512,tile8,15,520933
sample,65536,512,tile8,16,517629
sample,65536,512,tile8,17,580462
sample,65536,512,tile8,18,548267
sample,65536,512,tile8,19,536212
sample,65536,512,tile8,20,530655
sample,65536,512,tile8,21,598128
sample,65536,512,tile8,22,541461
sample,65536,512,tile8,23,550082
sample,65536,512,tile8,24,553572
sample,65536,512,tile8,25,469925
sample,65536,512,tile8,26,460397
sample,65536,512,tile8,27,459009
sample,65536,512,tile8,28,470378
sample,65536,512,tile8,29,467091
skipped_limit,65536,2048,vec4,16777216,67108864,NA,NA,NA,NA,NA,NA,NA,cohort_dispatch_limit,none
skipped_limit,65536,2048,fused2,16777216,67108864,NA,NA,NA,NA,NA,NA,NA,cohort_dispatch_limit,none
skipped_limit,65536,2048,tile8,16777216,67108864,NA,NA,NA,NA,NA,NA,NA,cohort_dispatch_limit,none
measured,262144,128,vec4,4194304,16777216,5,30,18,636804,676156,603e59446e81431f,99960c282a7f4ca5,none,none
sample,262144,128,vec4,0,568916
sample,262144,128,vec4,1,566267
sample,262144,128,vec4,2,582702
sample,262144,128,vec4,3,593081
sample,262144,128,vec4,4,613433
sample,262144,128,vec4,5,592035
sample,262144,128,vec4,6,593795
sample,262144,128,vec4,7,596823
sample,262144,128,vec4,8,610683
sample,262144,128,vec4,9,612453
sample,262144,128,vec4,10,647397
sample,262144,128,vec4,11,605822
sample,262144,128,vec4,12,610915
sample,262144,128,vec4,13,636804
sample,262144,128,vec4,14,635064
sample,262144,128,vec4,15,675952
sample,262144,128,vec4,16,628488
sample,262144,128,vec4,17,645646
sample,262144,128,vec4,18,692665
sample,262144,128,vec4,19,656211
sample,262144,128,vec4,20,645166
sample,262144,128,vec4,21,662794
sample,262144,128,vec4,22,668813
sample,262144,128,vec4,23,660174
sample,262144,128,vec4,24,659007
sample,262144,128,vec4,25,663831
sample,262144,128,vec4,26,662221
sample,262144,128,vec4,27,658803
sample,262144,128,vec4,28,674842
sample,262144,128,vec4,29,676156
measured,262144,128,fused2,4194304,16777216,5,30,17,622007,654360,603e59446e81431f,99960c282a7f4ca5,none,none
sample,262144,128,fused2,0,555813
sample,262144,128,fused2,1,571461
sample,262144,128,fused2,2,570220
sample,262144,128,fused2,3,566453
sample,262144,128,fused2,4,588655
sample,262144,128,fused2,5,582045
sample,262144,128,fused2,6,585277
sample,262144,128,fused2,7,622007
sample,262144,128,fused2,8,610257
sample,262144,128,fused2,9,601536
sample,262144,128,fused2,10,615675
sample,262144,128,fused2,11,602860
sample,262144,128,fused2,12,622434
sample,262144,128,fused2,13,614860
sample,262144,128,fused2,14,616786
sample,262144,128,fused2,15,612776
sample,262144,128,fused2,16,636100
sample,262144,128,fused2,17,631868
sample,262144,128,fused2,18,630915
sample,262144,128,fused2,19,654360
sample,262144,128,fused2,20,638314
sample,262144,128,fused2,21,648183
sample,262144,128,fused2,22,649674
sample,262144,128,fused2,23,648924
sample,262144,128,fused2,24,642303
sample,262144,128,fused2,25,657758
sample,262144,128,fused2,26,653359
sample,262144,128,fused2,27,645813
sample,262144,128,fused2,28,646786
sample,262144,128,fused2,29,651100
measured,262144,128,tile8,4194304,16777216,5,30,16,638877,678868,603e59446e81431f,99960c282a7f4ca5,none,none
sample,262144,128,tile8,0,584907
sample,262144,128,tile8,1,586405
sample,262144,128,tile8,2,593295
sample,262144,128,tile8,3,605054
sample,262144,128,tile8,4,607637
sample,262144,128,tile8,5,609248
sample,262144,128,tile8,6,605721
sample,262144,128,tile8,7,607525
sample,262144,128,tile8,8,621859
sample,262144,128,tile8,9,617055
sample,262144,128,tile8,10,611240
sample,262144,128,tile8,11,615582
sample,262144,128,tile8,12,665230
sample,262144,128,tile8,13,628879
sample,262144,128,tile8,14,635814
sample,262144,128,tile8,15,680629
sample,262144,128,tile8,16,638877
sample,262144,128,tile8,17,646423
sample,262144,128,tile8,18,656665
sample,262144,128,tile8,19,659989
sample,262144,128,tile8,20,654489
sample,262144,128,tile8,21,678868
sample,262144,128,tile8,22,668998
sample,262144,128,tile8,23,659887
sample,262144,128,tile8,24,671369
sample,262144,128,tile8,25,673600
sample,262144,128,tile8,26,666127
sample,262144,128,tile8,27,661683
sample,262144,128,tile8,28,669711
sample,262144,128,tile8,29,662553
skipped_limit,262144,512,vec4,16777216,67108864,NA,NA,NA,NA,NA,NA,NA,cohort_dispatch_limit,none
skipped_limit,262144,512,fused2,16777216,67108864,NA,NA,NA,NA,NA,NA,NA,cohort_dispatch_limit,none
skipped_limit,262144,512,tile8,16777216,67108864,NA,NA,NA,NA,NA,NA,NA,cohort_dispatch_limit,none
skipped_limit,262144,2048,vec4,67108864,268435456,NA,NA,NA,NA,NA,NA,NA,cohort_dispatch_limit,none
skipped_limit,262144,2048,fused2,67108864,268435456,NA,NA,NA,NA,NA,NA,NA,cohort_dispatch_limit,none
skipped_limit,262144,2048,tile8,67108864,268435456,NA,NA,NA,NA,NA,NA,NA,cohort_dispatch_limit,none
skipped_limit,1048576,128,vec4,16777216,67108864,NA,NA,NA,NA,NA,NA,NA,cohort_dispatch_limit,none
skipped_limit,1048576,128,fused2,16777216,67108864,NA,NA,NA,NA,NA,NA,NA,cohort_dispatch_limit,none
skipped_limit,1048576,128,tile8,16777216,67108864,NA,NA,NA,NA,NA,NA,NA,cohort_dispatch_limit,none
skipped_limit,1048576,512,vec4,67108864,268435456,NA,NA,NA,NA,NA,NA,NA,cohort_dispatch_limit,none
skipped_limit,1048576,512,fused2,67108864,268435456,NA,NA,NA,NA,NA,NA,NA,cohort_dispatch_limit,none
skipped_limit,1048576,512,tile8,67108864,268435456,NA,NA,NA,NA,NA,NA,NA,cohort_dispatch_limit,none
skipped_limit,1048576,2048,vec4,268435456,1073741824,NA,NA,NA,NA,NA,NA,NA,cohort_dispatch_limit,none
skipped_limit,1048576,2048,fused2,268435456,1073741824,NA,NA,NA,NA,NA,NA,NA,cohort_dispatch_limit,none
skipped_limit,1048576,2048,tile8,268435456,1073741824,NA,NA,NA,NA,NA,NA,NA,cohort_dispatch_limit,none
qualification_status=complete
