benchmark=pvp3d_three_candidate_same_device
source_revision=ddb6f0144821dfa29d268601e7087e5001278e52
adapter=NVIDIA GeForce RTX 4060
backend=Vulkan
device_type=DiscreteGpu
vendor_id=4318
device_id=10370
driver=NVIDIA
driver_info=595.45.04
hardware_measurement_eligible=true
physical_admission=external_remoteops_evidence_required
performance_claim=none
primary_timing_scope=resident_encode_plus_queue_submit_plus_device_wait
state_reset_scope=completed_before_timer
correctness_readback_scope=before_and_after_timing
candidate_order=ABC_ACB_BAC_BCA_CAB_CBA
resident_payload_scope=source_plus_three_states_excludes_driver_uniforms_and_readback
status,k,g,candidate,state_bytes,resident_payload_bytes,warmups,repeats,logical_dispatches,p50_ns,p95_ns,input_checksum,output_checksum,skip_reason,performance_claim
measured,256,128,vec4,4096,16384,5,30,8,250130,280204,4c67926a9205d7b4,956299587c8af4b4,none,none
sample,256,128,vec4,0,251909
sample,256,128,vec4,1,261930
sample,256,128,vec4,2,254537
sample,256,128,vec4,3,246523
sample,256,128,vec4,4,253065
sample,256,128,vec4,5,246691
sample,256,128,vec4,6,246380
sample,256,128,vec4,7,245495
sample,256,128,vec4,8,245724
sample,256,128,vec4,9,252804
sample,256,128,vec4,10,246377
sample,256,128,vec4,11,245250
sample,256,128,vec4,12,243640
sample,256,128,vec4,13,244822
sample,256,128,vec4,14,251284
sample,256,128,vec4,15,244167
sample,256,128,vec4,16,275763
sample,256,128,vec4,17,246257
sample,256,128,vec4,18,284160
sample,256,128,vec4,19,271760
sample,256,128,vec4,20,271039
sample,256,128,vec4,21,251961
sample,256,128,vec4,22,256195
sample,256,128,vec4,23,243700
sample,256,128,vec4,24,253417
sample,256,128,vec4,25,280204
sample,256,128,vec4,26,250130
sample,256,128,vec4,27,257436
sample,256,128,vec4,28,243169
sample,256,128,vec4,29,244044
measured,256,128,fused2,4096,16384,5,30,7,230192,369604,4c67926a9205d7b4,956299587c8af4b4,none,none
sample,256,128,fused2,0,233009
sample,256,128,fused2,1,232519
sample,256,128,fused2,2,231302
sample,256,128,fused2,3,230705
sample,256,128,fused2,4,232223
sample,256,128,fused2,5,246516
sample,256,128,fused2,6,224248
sample,256,128,fused2,7,225324
sample,256,128,fused2,8,223523
sample,256,128,fused2,9,224318
sample,256,128,fused2,10,225124
sample,256,128,fused2,11,222767
sample,256,128,fused2,12,242846
sample,256,128,fused2,13,221807
sample,256,128,fused2,14,222695
sample,256,128,fused2,15,248543
sample,256,128,fused2,16,369604
sample,256,128,fused2,17,230023
sample,256,128,fused2,18,389245
sample,256,128,fused2,19,225349
sample,256,128,fused2,20,263576
sample,256,128,fused2,21,224367
sample,256,128,fused2,22,224989
sample,256,128,fused2,23,230192
sample,256,128,fused2,24,231069
sample,256,128,fused2,25,254465
sample,256,128,fused2,26,231665
sample,256,128,fused2,27,226593
sample,256,128,fused2,28,232578
sample,256,128,fused2,29,222485
measured,256,128,tile8,4096,16384,5,30,6,209212,337231,4c67926a9205d7b4,956299587c8af4b4,none,none
sample,256,128,tile8,0,225561
sample,256,128,tile8,1,212722
sample,256,128,tile8,2,210999
sample,256,128,tile8,3,205143
sample,256,128,tile8,4,205457
sample,256,128,tile8,5,204055
sample,256,128,tile8,6,203304
sample,256,128,tile8,7,203315
sample,256,128,tile8,8,204940
sample,256,128,tile8,9,201659
sample,256,128,tile8,10,216822
sample,256,128,tile8,11,202197
sample,256,128,tile8,12,201945
sample,256,128,tile8,13,203130
sample,256,128,tile8,14,226392
sample,256,128,tile8,15,210484
sample,256,128,tile8,16,229390
sample,256,128,tile8,17,200578
sample,256,128,tile8,18,218860
sample,256,128,tile8,19,337589
sample,256,128,tile8,20,335322
sample,256,128,tile8,21,201017
sample,256,128,tile8,22,213145
sample,256,128,tile8,23,220579
sample,256,128,tile8,24,209212
sample,256,128,tile8,25,337231
sample,256,128,tile8,26,202810
sample,256,128,tile8,27,219990
sample,256,128,tile8,28,202393
sample,256,128,tile8,29,213787
measured,256,512,vec4,16384,65536,5,30,8,242978,278995,38bbe1f688e24d78,1c8bb372f8f1302e,none,none
sample,256,512,vec4,0,244623
sample,256,512,vec4,1,267051
sample,256,512,vec4,2,243076
sample,256,512,vec4,3,245829
sample,256,512,vec4,4,244379
sample,256,512,vec4,5,265684
sample,256,512,vec4,6,242518
sample,256,512,vec4,7,278995
sample,256,512,vec4,8,242117
sample,256,512,vec4,9,241993
sample,256,512,vec4,10,242592
sample,256,512,vec4,11,242604
sample,256,512,vec4,12,241905
sample,256,512,vec4,13,242978
sample,256,512,vec4,14,241303
sample,256,512,vec4,15,241299
sample,256,512,vec4,16,261007
sample,256,512,vec4,17,246772
sample,256,512,vec4,18,240490
sample,256,512,vec4,19,240031
sample,256,512,vec4,20,240916
sample,256,512,vec4,21,241231
sample,256,512,vec4,22,258601
sample,256,512,vec4,23,265913
sample,256,512,vec4,24,400625
sample,256,512,vec4,25,244024
sample,256,512,vec4,26,267941
sample,256,512,vec4,27,241745
sample,256,512,vec4,28,240933
sample,256,512,vec4,29,249597
measured,256,512,fused2,16384,65536,5,30,7,221418,252158,38bbe1f688e24d78,1c8bb372f8f1302e,none,none
sample,256,512,fused2,0,267515
sample,256,512,fused2,1,223132
sample,256,512,fused2,2,220375
sample,256,512,fused2,3,252158
sample,256,512,fused2,4,240212
sample,256,512,fused2,5,225734
sample,256,512,fused2,6,223908
sample,256,512,fused2,7,221660
sample,256,512,fused2,8,247586
sample,256,512,fused2,9,220679
sample,256,512,fused2,10,221297
sample,256,512,fused2,11,221418
sample,256,512,fused2,12,220675
sample,256,512,fused2,13,223557
sample,256,512,fused2,14,221343
sample,256,512,fused2,15,220847
sample,256,512,fused2,16,220738
sample,256,512,fused2,17,221437
sample,256,512,fused2,18,220933
sample,256,512,fused2,19,221062
sample,256,512,fused2,20,220187
sample,256,512,fused2,21,220451
sample,256,512,fused2,22,221897
sample,256,512,fused2,23,224639
sample,256,512,fused2,24,221105
sample,256,512,fused2,25,250148
sample,256,512,fused2,26,248228
sample,256,512,fused2,27,244768
sample,256,512,fused2,28,220915
sample,256,512,fused2,29,220248
measured,256,512,tile8,16384,65536,5,30,6,201553,332889,38bbe1f688e24d78,1c8bb372f8f1302e,none,none
sample,256,512,tile8,0,338760
sample,256,512,tile8,1,201776
sample,256,512,tile8,2,222426
sample,256,512,tile8,3,201553
sample,256,512,tile8,4,239470
sample,256,512,tile8,5,201045
sample,256,512,tile8,6,201998
sample,256,512,tile8,7,332889
sample,256,512,tile8,8,201899
sample,256,512,tile8,9,201012
sample,256,512,tile8,10,202617
sample,256,512,tile8,11,199728
sample,256,512,tile8,12,239197
sample,256,512,tile8,13,200583
sample,256,512,tile8,14,199941
sample,256,512,tile8,15,199355
sample,256,512,tile8,16,199226
sample,256,512,tile8,17,200355
sample,256,512,tile8,18,199071
sample,256,512,tile8,19,219523
sample,256,512,tile8,20,201805
sample,256,512,tile8,21,199449
sample,256,512,tile8,22,199980
sample,256,512,tile8,23,200683
sample,256,512,tile8,24,221615
sample,256,512,tile8,25,200363
sample,256,512,tile8,26,213072
sample,256,512,tile8,27,201666
sample,256,512,tile8,28,199120
sample,256,512,tile8,29,202092
measured,256,2048,vec4,65536,262144,5,30,8,244168,403095,c9e538e9f9dccedd,259153fc2c7bc4e7,none,none
sample,256,2048,vec4,0,245128
sample,256,2048,vec4,1,243095
sample,256,2048,vec4,2,244295
sample,256,2048,vec4,3,249776
sample,256,2048,vec4,4,243174
sample,256,2048,vec4,5,243118
sample,256,2048,vec4,6,244327
sample,256,2048,vec4,7,243269
sample,256,2048,vec4,8,240772
sample,256,2048,vec4,9,280840
sample,256,2048,vec4,10,403095
sample,256,2048,vec4,11,296949
sample,256,2048,vec4,12,248889
sample,256,2048,vec4,13,244168
sample,256,2048,vec4,14,253498
sample,256,2048,vec4,15,247027
sample,256,2048,vec4,16,244246
sample,256,2048,vec4,17,417088
sample,256,2048,vec4,18,264174
sample,256,2048,vec4,19,242165
sample,256,2048,vec4,20,242807
sample,256,2048,vec4,21,241729
sample,256,2048,vec4,22,243950
sample,256,2048,vec4,23,243377
sample,256,2048,vec4,24,242393
sample,256,2048,vec4,25,242000
sample,256,2048,vec4,26,241354
sample,256,2048,vec4,27,250497
sample,256,2048,vec4,28,242772
sample,256,2048,vec4,29,246210
measured,256,2048,fused2,65536,262144,5,30,7,222616,344603,c9e538e9f9dccedd,259153fc2c7bc4e7,none,none
sample,256,2048,fused2,0,224473
sample,256,2048,fused2,1,223071
sample,256,2048,fused2,2,220967
sample,256,2048,fused2,3,222169
sample,256,2048,fused2,4,222044
sample,256,2048,fused2,5,223909
sample,256,2048,fused2,6,223134
sample,256,2048,fused2,7,227065
sample,256,2048,fused2,8,220193
sample,256,2048,fused2,9,221763
sample,256,2048,fused2,10,344603
sample,256,2048,fused2,11,356237
sample,256,2048,fused2,12,224361
sample,256,2048,fused2,13,222616
sample,256,2048,fused2,14,220162
sample,256,2048,fused2,15,221458
sample,256,2048,fused2,16,241108
sample,256,2048,fused2,17,251683
sample,256,2048,fused2,18,253260
sample,256,2048,fused2,19,221664
sample,256,2048,fused2,20,224689
sample,256,2048,fused2,21,222699
sample,256,2048,fused2,22,222277
sample,256,2048,fused2,23,221357
sample,256,2048,fused2,24,221977
sample,256,2048,fused2,25,221668
sample,256,2048,fused2,26,222316
sample,256,2048,fused2,27,219837
sample,256,2048,fused2,28,223081
sample,256,2048,fused2,29,222965
measured,256,2048,tile8,65536,262144,5,30,6,202744,318094,c9e538e9f9dccedd,259153fc2c7bc4e7,none,none
sample,256,2048,tile8,0,208418
sample,256,2048,tile8,1,203250
sample,256,2048,tile8,2,203181
sample,256,2048,tile8,3,212631
sample,256,2048,tile8,4,240706
sample,256,2048,tile8,5,201686
sample,256,2048,tile8,6,201743
sample,256,2048,tile8,7,203222
sample,256,2048,tile8,8,201709
sample,256,2048,tile8,9,200118
sample,256,2048,tile8,10,318094
sample,256,2048,tile8,11,333455
sample,256,2048,tile8,12,204615
sample,256,2048,tile8,13,203803
sample,256,2048,tile8,14,202744
sample,256,2048,tile8,15,200533
sample,256,2048,tile8,16,238283
sample,256,2048,tile8,17,236344
sample,256,2048,tile8,18,202960
sample,256,2048,tile8,19,202607
sample,256,2048,tile8,20,201127
sample,256,2048,tile8,21,201307
sample,256,2048,tile8,22,202729
sample,256,2048,tile8,23,202083
sample,256,2048,tile8,24,228219
sample,256,2048,tile8,25,203099
sample,256,2048,tile8,26,201803
sample,256,2048,tile8,27,200636
sample,256,2048,tile8,28,201095
sample,256,2048,tile8,29,200184
measured,1024,128,vec4,16384,65536,5,30,10,288038,324917,26abf5bddd03bbc5,79acd556594188cd,none,none
sample,1024,128,vec4,0,289277
sample,1024,128,vec4,1,290572
sample,1024,128,vec4,2,324917
sample,1024,128,vec4,3,284976
sample,1024,128,vec4,4,320074
sample,1024,128,vec4,5,287152
sample,1024,128,vec4,6,285946
sample,1024,128,vec4,7,287053
sample,1024,128,vec4,8,286023
sample,1024,128,vec4,9,286548
sample,1024,128,vec4,10,470033
sample,1024,128,vec4,11,290776
sample,1024,128,vec4,12,290922
sample,1024,128,vec4,13,319438
sample,1024,128,vec4,14,286102
sample,1024,128,vec4,15,298509
sample,1024,128,vec4,16,287833
sample,1024,128,vec4,17,291340
sample,1024,128,vec4,18,286690
sample,1024,128,vec4,19,288548
sample,1024,128,vec4,20,287402
sample,1024,128,vec4,21,287476
sample,1024,128,vec4,22,287910
sample,1024,128,vec4,23,288791
sample,1024,128,vec4,24,308311
sample,1024,128,vec4,25,287774
sample,1024,128,vec4,26,288884
sample,1024,128,vec4,27,291343
sample,1024,128,vec4,28,288038
sample,1024,128,vec4,29,287254
measured,1024,128,fused2,16384,65536,5,30,9,267063,293977,26abf5bddd03bbc5,79acd556594188cd,none,none
sample,1024,128,fused2,0,268356
sample,1024,128,fused2,1,266186
sample,1024,128,fused2,2,265769
sample,1024,128,fused2,3,266257
sample,1024,128,fused2,4,432530
sample,1024,128,fused2,5,267791
sample,1024,128,fused2,6,265724
sample,1024,128,fused2,7,282722
sample,1024,128,fused2,8,268308
sample,1024,128,fused2,9,266666
sample,1024,128,fused2,10,266386
sample,1024,128,fused2,11,266086
sample,1024,128,fused2,12,267811
sample,1024,128,fused2,13,267190
sample,1024,128,fused2,14,264333
sample,1024,128,fused2,15,266862
sample,1024,128,fused2,16,267063
sample,1024,128,fused2,17,266123
sample,1024,128,fused2,18,267907
sample,1024,128,fused2,19,272582
sample,1024,128,fused2,20,270684
sample,1024,128,fused2,21,267714
sample,1024,128,fused2,22,268059
sample,1024,128,fused2,23,293977
sample,1024,128,fused2,24,267575
sample,1024,128,fused2,25,266579
sample,1024,128,fused2,26,266339
sample,1024,128,fused2,27,265608
sample,1024,128,fused2,28,267602
sample,1024,128,fused2,29,266190
measured,1024,128,tile8,16384,65536,5,30,8,245217,271839,26abf5bddd03bbc5,79acd556594188cd,none,none
sample,1024,128,tile8,0,246350
sample,1024,128,tile8,1,243618
sample,1024,128,tile8,2,402687
sample,1024,128,tile8,3,243783
sample,1024,128,tile8,4,259263
sample,1024,128,tile8,5,244037
sample,1024,128,tile8,6,245749
sample,1024,128,tile8,7,243612
sample,1024,128,tile8,8,243085
sample,1024,128,tile8,9,244071
sample,1024,128,tile8,10,271839
sample,1024,128,tile8,11,244536
sample,1024,128,tile8,12,245334
sample,1024,128,tile8,13,244745
sample,1024,128,tile8,14,263929
sample,1024,128,tile8,15,244768
sample,1024,128,tile8,16,246081
sample,1024,128,tile8,17,242037
sample,1024,128,tile8,18,246047
sample,1024,128,tile8,19,268792
sample,1024,128,tile8,20,245919
sample,1024,128,tile8,21,245217
sample,1024,128,tile8,22,247003
sample,1024,128,tile8,23,244437
sample,1024,128,tile8,24,245513
sample,1024,128,tile8,25,268003
sample,1024,128,tile8,26,244914
sample,1024,128,tile8,27,243965
sample,1024,128,tile8,28,260026
sample,1024,128,tile8,29,243678
measured,1024,512,vec4,65536,262144,5,30,10,288827,324687,0949b62ffc70d026,7663f0c9d3466943,none,none
sample,1024,512,vec4,0,285118
sample,1024,512,vec4,1,303043
sample,1024,512,vec4,2,288585
sample,1024,512,vec4,3,286653
sample,1024,512,vec4,4,287057
sample,1024,512,vec4,5,287103
sample,1024,512,vec4,6,286391
sample,1024,512,vec4,7,303763
sample,1024,512,vec4,8,287182
sample,1024,512,vec4,9,287710
sample,1024,512,vec4,10,286840
sample,1024,512,vec4,11,308896
sample,1024,512,vec4,12,287519
sample,1024,512,vec4,13,289140
sample,1024,512,vec4,14,287588
sample,1024,512,vec4,15,290341
sample,1024,512,vec4,16,290166
sample,1024,512,vec4,17,291075
sample,1024,512,vec4,18,386867
sample,1024,512,vec4,19,308189
sample,1024,512,vec4,20,303040
sample,1024,512,vec4,21,289819
sample,1024,512,vec4,22,288619
sample,1024,512,vec4,23,286834
sample,1024,512,vec4,24,288827
sample,1024,512,vec4,25,321890
sample,1024,512,vec4,26,324687
sample,1024,512,vec4,27,295783
sample,1024,512,vec4,28,290050
sample,1024,512,vec4,29,287647
measured,1024,512,fused2,65536,262144,5,30,9,269548,315569,0949b62ffc70d026,7663f0c9d3466943,none,none
sample,1024,512,fused2,0,265366
sample,1024,512,fused2,1,268496
sample,1024,512,fused2,2,264838
sample,1024,512,fused2,3,281420
sample,1024,512,fused2,4,272903
sample,1024,512,fused2,5,270814
sample,1024,512,fused2,6,302751
sample,1024,512,fused2,7,269099
sample,1024,512,fused2,8,303847
sample,1024,512,fused2,9,267229
sample,1024,512,fused2,10,266477
sample,1024,512,fused2,11,269121
sample,1024,512,fused2,12,267030
sample,1024,512,fused2,13,268246
sample,1024,512,fused2,14,265014
sample,1024,512,fused2,15,269548
sample,1024,512,fused2,16,268107
sample,1024,512,fused2,17,279998
sample,1024,512,fused2,18,321316
sample,1024,512,fused2,19,315569
sample,1024,512,fused2,20,276295
sample,1024,512,fused2,21,283494
sample,1024,512,fused2,22,268034
sample,1024,512,fused2,23,282773
sample,1024,512,fused2,24,268863
sample,1024,512,fused2,25,275539
sample,1024,512,fused2,26,293518
sample,1024,512,fused2,27,273304
sample,1024,512,fused2,28,271929
sample,1024,512,fused2,29,267686
measured,1024,512,tile8,65536,262144,5,30,8,246336,329367,0949b62ffc70d026,7663f0c9d3466943,none,none
sample,1024,512,tile8,0,243987
sample,1024,512,tile8,1,255083
sample,1024,512,tile8,2,246008
sample,1024,512,tile8,3,245134
sample,1024,512,tile8,4,245829
sample,1024,512,tile8,5,244939
sample,1024,512,tile8,6,245948
sample,1024,512,tile8,7,247229
sample,1024,512,tile8,8,244857
sample,1024,512,tile8,9,245573
sample,1024,512,tile8,10,244810
sample,1024,512,tile8,11,247341
sample,1024,512,tile8,12,245839
sample,1024,512,tile8,13,245463
sample,1024,512,tile8,14,264785
sample,1024,512,tile8,15,245854
sample,1024,512,tile8,16,245543
sample,1024,512,tile8,17,262587
sample,1024,512,tile8,18,260660
sample,1024,512,tile8,19,248471
sample,1024,512,tile8,20,246644
sample,1024,512,tile8,21,251946
sample,1024,512,tile8,22,246094
sample,1024,512,tile8,23,273939
sample,1024,512,tile8,24,246336
sample,1024,512,tile8,25,329367
sample,1024,512,tile8,26,251337
sample,1024,512,tile8,27,340620
sample,1024,512,tile8,28,248149
sample,1024,512,tile8,29,248720
measured,1024,2048,vec4,262144,1048576,5,30,10,291698,320972,2d4a1c573b9665e7,d32c613321b43c7f,none,none
sample,1024,2048,vec4,0,291630
sample,1024,2048,vec4,1,290640
sample,1024,2048,vec4,2,290969
sample,1024,2048,vec4,3,291336
sample,1024,2048,vec4,4,312350
sample,1024,2048,vec4,5,320972
sample,1024,2048,vec4,6,293274
sample,1024,2048,vec4,7,289500
sample,1024,2048,vec4,8,291552
sample,1024,2048,vec4,9,306147
sample,1024,2048,vec4,10,292075
sample,1024,2048,vec4,11,292500
sample,1024,2048,vec4,12,291320
sample,1024,2048,vec4,13,291098
sample,1024,2048,vec4,14,291656
sample,1024,2048,vec4,15,291211
sample,1024,2048,vec4,16,319221
sample,1024,2048,vec4,17,311359
sample,1024,2048,vec4,18,292798
sample,1024,2048,vec4,19,323549
sample,1024,2048,vec4,20,308405
sample,1024,2048,vec4,21,295105
sample,1024,2048,vec4,22,292770
sample,1024,2048,vec4,23,290928
sample,1024,2048,vec4,24,292599
sample,1024,2048,vec4,25,291036
sample,1024,2048,vec4,26,292472
sample,1024,2048,vec4,27,290947
sample,1024,2048,vec4,28,291698
sample,1024,2048,vec4,29,291377
measured,1024,2048,fused2,262144,1048576,5,30,9,270798,292638,2d4a1c573b9665e7,d32c613321b43c7f,none,none
sample,1024,2048,fused2,0,271841
sample,1024,2048,fused2,1,273018
sample,1024,2048,fused2,2,272337
sample,1024,2048,fused2,3,270388
sample,1024,2048,fused2,4,269401
sample,1024,2048,fused2,5,272628
sample,1024,2048,fused2,6,269315
sample,1024,2048,fused2,7,269362
sample,1024,2048,fused2,8,267963
sample,1024,2048,fused2,9,268652
sample,1024,2048,fused2,10,270854
sample,1024,2048,fused2,11,271175
sample,1024,2048,fused2,12,269302
sample,1024,2048,fused2,13,323740
sample,1024,2048,fused2,14,272706
sample,1024,2048,fused2,15,270798
sample,1024,2048,fused2,16,270559
sample,1024,2048,fused2,17,270202
sample,1024,2048,fused2,18,270882
sample,1024,2048,fused2,19,273945
sample,1024,2048,fused2,20,270340
sample,1024,2048,fused2,21,271173
sample,1024,2048,fused2,22,270757
sample,1024,2048,fused2,23,270775
sample,1024,2048,fused2,24,269439
sample,1024,2048,fused2,25,272575
sample,1024,2048,fused2,26,270790
sample,1024,2048,fused2,27,271733
sample,1024,2048,fused2,28,292638
sample,1024,2048,fused2,29,282358
measured,1024,2048,tile8,262144,1048576,5,30,8,250668,270612,2d4a1c573b9665e7,d32c613321b43c7f,none,none
sample,1024,2048,tile8,0,272456
sample,1024,2048,tile8,1,269762
sample,1024,2048,tile8,2,269341
sample,1024,2048,tile8,3,249782
sample,1024,2048,tile8,4,250063
sample,1024,2048,tile8,5,249079
sample,1024,2048,tile8,6,252354
sample,1024,2048,tile8,7,249851
sample,1024,2048,tile8,8,248915
sample,1024,2048,tile8,9,250047
sample,1024,2048,tile8,10,253732
sample,1024,2048,tile8,11,251150
sample,1024,2048,tile8,12,250527
sample,1024,2048,tile8,13,249324
sample,1024,2048,tile8,14,250668
sample,1024,2048,tile8,15,251050
sample,1024,2048,tile8,16,251001
sample,1024,2048,tile8,17,249637
sample,1024,2048,tile8,18,266938
sample,1024,2048,tile8,19,249489
sample,1024,2048,tile8,20,250538
sample,1024,2048,tile8,21,250975
sample,1024,2048,tile8,22,270612
sample,1024,2048,tile8,23,251840
sample,1024,2048,tile8,24,250277
sample,1024,2048,tile8,25,251799
sample,1024,2048,tile8,26,249776
sample,1024,2048,tile8,27,250710
sample,1024,2048,tile8,28,251914
sample,1024,2048,tile8,29,249480
measured,4096,128,vec4,65536,262144,5,30,12,333409,335341,d878e557b6daedce,8cc85ceb09c8efed,none,none
sample,4096,128,vec4,0,331462
sample,4096,128,vec4,1,334229
sample,4096,128,vec4,2,332345
sample,4096,128,vec4,3,331044
sample,4096,128,vec4,4,333349
sample,4096,128,vec4,5,333179
sample,4096,128,vec4,6,334084
sample,4096,128,vec4,7,332450
sample,4096,128,vec4,8,331978
sample,4096,128,vec4,9,332458
sample,4096,128,vec4,10,333651
sample,4096,128,vec4,11,333409
sample,4096,128,vec4,12,335341
sample,4096,128,vec4,13,333917
sample,4096,128,vec4,14,334476
sample,4096,128,vec4,15,333621
sample,4096,128,vec4,16,332766
sample,4096,128,vec4,17,333602
sample,4096,128,vec4,18,332088
sample,4096,128,vec4,19,332496
sample,4096,128,vec4,20,333286
sample,4096,128,vec4,21,335285
sample,4096,128,vec4,22,331998
sample,4096,128,vec4,23,334421
sample,4096,128,vec4,24,334697
sample,4096,128,vec4,25,356111
sample,4096,128,vec4,26,334197
sample,4096,128,vec4,27,333453
sample,4096,128,vec4,28,334895
sample,4096,128,vec4,29,332554
measured,4096,128,fused2,65536,262144,5,30,11,314748,341318,d878e557b6daedce,8cc85ceb09c8efed,none,none
sample,4096,128,fused2,0,314558
sample,4096,128,fused2,1,325262
sample,4096,128,fused2,2,316250
sample,4096,128,fused2,3,313185
sample,4096,128,fused2,4,314456
sample,4096,128,fused2,5,317816
sample,4096,128,fused2,6,347437
sample,4096,128,fused2,7,311976
sample,4096,128,fused2,8,312301
sample,4096,128,fused2,9,326716
sample,4096,128,fused2,10,335144
sample,4096,128,fused2,11,315570
sample,4096,128,fused2,12,323714
sample,4096,128,fused2,13,312569
sample,4096,128,fused2,14,337561
sample,4096,128,fused2,15,329275
sample,4096,128,fused2,16,314758
sample,4096,128,fused2,17,311743
sample,4096,128,fused2,18,313642
sample,4096,128,fused2,19,330831
sample,4096,128,fused2,20,314132
sample,4096,128,fused2,21,313458
sample,4096,128,fused2,22,312813
sample,4096,128,fused2,23,323955
sample,4096,128,fused2,24,313002
sample,4096,128,fused2,25,314748
sample,4096,128,fused2,26,341318
sample,4096,128,fused2,27,313242
sample,4096,128,fused2,28,324645
sample,4096,128,fused2,29,314515
measured,4096,128,tile8,65536,262144,5,30,10,292917,323430,d878e557b6daedce,8cc85ceb09c8efed,none,none
sample,4096,128,tile8,0,323430
sample,4096,128,tile8,1,292761
sample,4096,128,tile8,2,293154
sample,4096,128,tile8,3,293176
sample,4096,128,tile8,4,293120
sample,4096,128,tile8,5,292718
sample,4096,128,tile8,6,293655
sample,4096,128,tile8,7,293227
sample,4096,128,tile8,8,324439
sample,4096,128,tile8,9,290996
sample,4096,128,tile8,10,293062
sample,4096,128,tile8,11,292010
sample,4096,128,tile8,12,294708
sample,4096,128,tile8,13,291592
sample,4096,128,tile8,14,290929
sample,4096,128,tile8,15,292438
sample,4096,128,tile8,16,293798
sample,4096,128,tile8,17,293166
sample,4096,128,tile8,18,292917
sample,4096,128,tile8,19,292135
sample,4096,128,tile8,20,294569
sample,4096,128,tile8,21,292074
sample,4096,128,tile8,22,291581
sample,4096,128,tile8,23,291011
sample,4096,128,tile8,24,292108
sample,4096,128,tile8,25,301265
sample,4096,128,tile8,26,295391
sample,4096,128,tile8,27,292728
sample,4096,128,tile8,28,293586
sample,4096,128,tile8,29,292028
measured,4096,512,vec4,262144,1048576,5,30,12,336126,389615,07e875993970433c,207dceeda1be3f5b,none,none
sample,4096,512,vec4,0,336207
sample,4096,512,vec4,1,347022
sample,4096,512,vec4,2,334877
sample,4096,512,vec4,3,355091
sample,4096,512,vec4,4,350031
sample,4096,512,vec4,5,354507
sample,4096,512,vec4,6,334649
sample,4096,512,vec4,7,334783
sample,4096,512,vec4,8,335874
sample,4096,512,vec4,9,357523
sample,4096,512,vec4,10,334384
sample,4096,512,vec4,11,334759
sample,4096,512,vec4,12,334271
sample,4096,512,vec4,13,334793
sample,4096,512,vec4,14,335344
sample,4096,512,vec4,15,335146
sample,4096,512,vec4,16,332684
sample,4096,512,vec4,17,336768
sample,4096,512,vec4,18,346469
sample,4096,512,vec4,19,335627
sample,4096,512,vec4,20,335652
sample,4096,512,vec4,21,389615
sample,4096,512,vec4,22,336312
sample,4096,512,vec4,23,370266
sample,4096,512,vec4,24,522873
sample,4096,512,vec4,25,337219
sample,4096,512,vec4,26,336126
sample,4096,512,vec4,27,336351
sample,4096,512,vec4,28,334043
sample,4096,512,vec4,29,336677
measured,4096,512,fused2,262144,1048576,5,30,11,315582,487588,07e875993970433c,207dceeda1be3f5b,none,none
sample,4096,512,fused2,0,315582
sample,4096,512,fused2,1,315171
sample,4096,512,fused2,2,316733
sample,4096,512,fused2,3,313846
sample,4096,512,fused2,4,349493
sample,4096,512,fused2,5,317120
sample,4096,512,fused2,6,313016
sample,4096,512,fused2,7,357391
sample,4096,512,fused2,8,317355
sample,4096,512,fused2,9,487588
sample,4096,512,fused2,10,339486
sample,4096,512,fused2,11,315564
sample,4096,512,fused2,12,313752
sample,4096,512,fused2,13,333353
sample,4096,512,fused2,14,313536
sample,4096,512,fused2,15,316897
sample,4096,512,fused2,16,314131
sample,4096,512,fused2,17,314383
sample,4096,512,fused2,18,317904
sample,4096,512,fused2,19,316287
sample,4096,512,fused2,20,316127
sample,4096,512,fused2,21,315290
sample,4096,512,fused2,22,355316
sample,4096,512,fused2,23,315051
sample,4096,512,fused2,24,314940
sample,4096,512,fused2,25,332372
sample,4096,512,fused2,26,314638
sample,4096,512,fused2,27,498091
sample,4096,512,fused2,28,315475
sample,4096,512,fused2,29,314493
measured,4096,512,tile8,262144,1048576,5,30,10,297961,465671,07e875993970433c,207dceeda1be3f5b,none,none
sample,4096,512,tile8,0,320281
sample,4096,512,tile8,1,306021
sample,4096,512,tile8,2,326244
sample,4096,512,tile8,3,296628
sample,4096,512,tile8,4,297961
sample,4096,512,tile8,5,295538
sample,4096,512,tile8,6,322130
sample,4096,512,tile8,7,296710
sample,4096,512,tile8,8,328581
sample,4096,512,tile8,9,296050
sample,4096,512,tile8,10,298210
sample,4096,512,tile8,11,307382
sample,4096,512,tile8,12,295166
sample,4096,512,tile8,13,295981
sample,4096,512,tile8,14,309133
sample,4096,512,tile8,15,319053
sample,4096,512,tile8,16,297129
sample,4096,512,tile8,17,325611
sample,4096,512,tile8,18,297642
sample,4096,512,tile8,19,297389
sample,4096,512,tile8,20,296472
sample,4096,512,tile8,21,296465
sample,4096,512,tile8,22,471271
sample,4096,512,tile8,23,465671
sample,4096,512,tile8,24,327868
sample,4096,512,tile8,25,297494
sample,4096,512,tile8,26,333212
sample,4096,512,tile8,27,297961
sample,4096,512,tile8,28,299646
sample,4096,512,tile8,29,296929
measured,4096,2048,vec4,1048576,4194304,5,30,12,348184,406646,4143a88e49ed614b,e0842ad8f72c0c9f,none,none
sample,4096,2048,vec4,0,349032
sample,4096,2048,vec4,1,380790
sample,4096,2048,vec4,2,345242
sample,4096,2048,vec4,3,346720
sample,4096,2048,vec4,4,344230
sample,4096,2048,vec4,5,342725
sample,4096,2048,vec4,6,347060
sample,4096,2048,vec4,7,346538
sample,4096,2048,vec4,8,344273
sample,4096,2048,vec4,9,345492
sample,4096,2048,vec4,10,348184
sample,4096,2048,vec4,11,371215
sample,4096,2048,vec4,12,344452
sample,4096,2048,vec4,13,374081
sample,4096,2048,vec4,14,347367
sample,4096,2048,vec4,15,346507
sample,4096,2048,vec4,16,348798
sample,4096,2048,vec4,17,384087
sample,4096,2048,vec4,18,346247
sample,4096,2048,vec4,19,347409
sample,4096,2048,vec4,20,503387
sample,4096,2048,vec4,21,348509
sample,4096,2048,vec4,22,344182
sample,4096,2048,vec4,23,349981
sample,4096,2048,vec4,24,406646
sample,4096,2048,vec4,25,348523
sample,4096,2048,vec4,26,361963
sample,4096,2048,vec4,27,349833
sample,4096,2048,vec4,28,378869
sample,4096,2048,vec4,29,372906
measured,4096,2048,fused2,1048576,4194304,5,30,11,327659,507162,4143a88e49ed614b,e0842ad8f72c0c9f,none,none
sample,4096,2048,fused2,0,326305
sample,4096,2048,fused2,1,325086
sample,4096,2048,fused2,2,325211
sample,4096,2048,fused2,3,336605
sample,4096,2048,fused2,4,326776
sample,4096,2048,fused2,5,328470
sample,4096,2048,fused2,6,346396
sample,4096,2048,fused2,7,323263
sample,4096,2048,fused2,8,324031
sample,4096,2048,fused2,9,507162
sample,4096,2048,fused2,10,328638
sample,4096,2048,fused2,11,325146
sample,4096,2048,fused2,12,327063
sample,4096,2048,fused2,13,326575
sample,4096,2048,fused2,14,327393
sample,4096,2048,fused2,15,325016
sample,4096,2048,fused2,16,327692
sample,4096,2048,fused2,17,512287
sample,4096,2048,fused2,18,360484
sample,4096,2048,fused2,19,328713
sample,4096,2048,fused2,20,360303
sample,4096,2048,fused2,21,326788
sample,4096,2048,fused2,22,328953
sample,4096,2048,fused2,23,329340
sample,4096,2048,fused2,24,331002
sample,4096,2048,fused2,25,332894
sample,4096,2048,fused2,26,327659
sample,4096,2048,fused2,27,328098
sample,4096,2048,fused2,28,327073
sample,4096,2048,fused2,29,326743
measured,4096,2048,tile8,1048576,4194304,5,30,10,315159,343521,4143a88e49ed614b,e0842ad8f72c0c9f,none,none
sample,4096,2048,tile8,0,313637
sample,4096,2048,tile8,1,314568
sample,4096,2048,tile8,2,313737
sample,4096,2048,tile8,3,313946
sample,4096,2048,tile8,4,344879
sample,4096,2048,tile8,5,329929
sample,4096,2048,tile8,6,333762
sample,4096,2048,tile8,7,313948
sample,4096,2048,tile8,8,343016
sample,4096,2048,tile8,9,311893
sample,4096,2048,tile8,10,316395
sample,4096,2048,tile8,11,313191
sample,4096,2048,tile8,12,316139
sample,4096,2048,tile8,13,315575
sample,4096,2048,tile8,14,314186
sample,4096,2048,tile8,15,331956
sample,4096,2048,tile8,16,314293
sample,4096,2048,tile8,17,343521
sample,4096,2048,tile8,18,315156
sample,4096,2048,tile8,19,333828
sample,4096,2048,tile8,20,314586
sample,4096,2048,tile8,21,314938
sample,4096,2048,tile8,22,314812
sample,4096,2048,tile8,23,315159
sample,4096,2048,tile8,24,316348
sample,4096,2048,tile8,25,315221
sample,4096,2048,tile8,26,321775
sample,4096,2048,tile8,27,314809
sample,4096,2048,tile8,28,317172
sample,4096,2048,tile8,29,325712
measured,16384,128,vec4,262144,1048576,5,30,14,384990,454934,318e48fc80dadb1f,a09bc0e13ecf9bf8,none,none
sample,16384,128,vec4,0,396704
sample,16384,128,vec4,1,379983
sample,16384,128,vec4,2,381269
sample,16384,128,vec4,3,413108
sample,16384,128,vec4,4,415055
sample,16384,128,vec4,5,385198
sample,16384,128,vec4,6,417662
sample,16384,128,vec4,7,379288
sample,16384,128,vec4,8,384990
sample,16384,128,vec4,9,454934
sample,16384,128,vec4,10,383019
sample,16384,128,vec4,11,375996
sample,16384,128,vec4,12,378058
sample,16384,128,vec4,13,432882
sample,16384,128,vec4,14,420292
sample,16384,128,vec4,15,384221
sample,16384,128,vec4,16,383902
sample,16384,128,vec4,17,389485
sample,16384,128,vec4,18,379476
sample,16384,128,vec4,19,424005
sample,16384,128,vec4,20,399501
sample,16384,128,vec4,21,381687
sample,16384,128,vec4,22,380505
sample,16384,128,vec4,23,401480
sample,16384,128,vec4,24,381763
sample,16384,128,vec4,25,385639
sample,16384,128,vec4,26,383136
sample,16384,128,vec4,27,385344
sample,16384,128,vec4,28,383740
sample,16384,128,vec4,29,556668
measured,16384,128,fused2,262144,1048576,5,30,13,362920,536026,318e48fc80dadb1f,a09bc0e13ecf9bf8,none,none
sample,16384,128,fused2,0,382043
sample,16384,128,fused2,1,363281
sample,16384,128,fused2,2,368747
sample,16384,128,fused2,3,372334
sample,16384,128,fused2,4,361931
sample,16384,128,fused2,5,378396
sample,16384,128,fused2,6,536026
sample,16384,128,fused2,7,359466
sample,16384,128,fused2,8,377341
sample,16384,128,fused2,9,376419
sample,16384,128,fused2,10,374044
sample,16384,128,fused2,11,358122
sample,16384,128,fused2,12,358727
sample,16384,128,fused2,13,362920
sample,16384,128,fused2,14,361972
sample,16384,128,fused2,15,358311
sample,16384,128,fused2,16,359046
sample,16384,128,fused2,17,358293
sample,16384,128,fused2,18,369059
sample,16384,128,fused2,19,357025
sample,16384,128,fused2,20,356422
sample,16384,128,fused2,21,359323
sample,16384,128,fused2,22,361424
sample,16384,128,fused2,23,538281
sample,16384,128,fused2,24,376910
sample,16384,128,fused2,25,361247
sample,16384,128,fused2,26,363673
sample,16384,128,fused2,27,360775
sample,16384,128,fused2,28,363886
sample,16384,128,fused2,29,407097
measured,16384,128,tile8,262144,1048576,5,30,12,344059,524330,318e48fc80dadb1f,a09bc0e13ecf9bf8,none,none
sample,16384,128,tile8,0,2138812
sample,16384,128,tile8,1,341490
sample,16384,128,tile8,2,338444
sample,16384,128,tile8,3,339768
sample,16384,128,tile8,4,341362
sample,16384,128,tile8,5,342628
sample,16384,128,tile8,6,374039
sample,16384,128,tile8,7,341156
sample,16384,128,tile8,8,343621
sample,16384,128,tile8,9,342574
sample,16384,128,tile8,10,512769
sample,16384,128,tile8,11,338442
sample,16384,128,tile8,12,373246
sample,16384,128,tile8,13,524330
sample,16384,128,tile8,14,499732
sample,16384,128,tile8,15,344363
sample,16384,128,tile8,16,359713
sample,16384,128,tile8,17,366413
sample,16384,128,tile8,18,342865
sample,16384,128,tile8,19,512914
sample,16384,128,tile8,20,338390
sample,16384,128,tile8,21,351846
sample,16384,128,tile8,22,342163
sample,16384,128,tile8,23,375496
sample,16384,128,tile8,24,342413
sample,16384,128,tile8,25,344059
sample,16384,128,tile8,26,344535
sample,16384,128,tile8,27,414915
sample,16384,128,tile8,28,344217
sample,16384,128,tile8,29,342748
measured,16384,512,vec4,1048576,4194304,5,30,14,399801,578901,08b87a1ca99fa7b8,cc66b7b8fae87df4,none,none
sample,16384,512,vec4,0,394095
sample,16384,512,vec4,1,559103
sample,16384,512,vec4,2,411782
sample,16384,512,vec4,3,396600
sample,16384,512,vec4,4,394633
sample,16384,512,vec4,5,394917
sample,16384,512,vec4,6,396378
sample,16384,512,vec4,7,395340
sample,16384,512,vec4,8,399801
sample,16384,512,vec4,9,445969
sample,16384,512,vec4,10,398309
sample,16384,512,vec4,11,578901
sample,16384,512,vec4,12,398186
sample,16384,512,vec4,13,398124
sample,16384,512,vec4,14,399843
sample,16384,512,vec4,15,399839
sample,16384,512,vec4,16,555254
sample,16384,512,vec4,17,403093
sample,16384,512,vec4,18,629111
sample,16384,512,vec4,19,411857
sample,16384,512,vec4,20,429070
sample,16384,512,vec4,21,398434
sample,16384,512,vec4,22,395723
sample,16384,512,vec4,23,411777
sample,16384,512,vec4,24,399090
sample,16384,512,vec4,25,396049
sample,16384,512,vec4,26,553984
sample,16384,512,vec4,27,401278
sample,16384,512,vec4,28,416041
sample,16384,512,vec4,29,394300
measured,16384,512,fused2,1048576,4194304,5,30,13,377540,533837,08b87a1ca99fa7b8,cc66b7b8fae87df4,none,none
sample,16384,512,fused2,0,382637
sample,16384,512,fused2,1,377540
sample,16384,512,fused2,2,377547
sample,16384,512,fused2,3,377665
sample,16384,512,fused2,4,375377
sample,16384,512,fused2,5,378570
sample,16384,512,fused2,6,378879
sample,16384,512,fused2,7,413114
sample,16384,512,fused2,8,561993
sample,16384,512,fused2,9,378889
sample,16384,512,fused2,10,387415
sample,16384,512,fused2,11,413738
sample,16384,512,fused2,12,428389
sample,16384,512,fused2,13,375609
sample,16384,512,fused2,14,374423
sample,16384,512,fused2,15,374826
sample,16384,512,fused2,16,376511
sample,16384,512,fused2,17,376745
sample,16384,512,fused2,18,380490
sample,16384,512,fused2,19,377116
sample,16384,512,fused2,20,373770
sample,16384,512,fused2,21,377096
sample,16384,512,fused2,22,375389
sample,16384,512,fused2,23,373484
sample,16384,512,fused2,24,375600
sample,16384,512,fused2,25,374388
sample,16384,512,fused2,26,407915
sample,16384,512,fused2,27,378663
sample,16384,512,fused2,28,374644
sample,16384,512,fused2,29,533837
measured,16384,512,tile8,1048576,4194304,5,30,12,364422,399169,08b87a1ca99fa7b8,cc66b7b8fae87df4,none,none
sample,16384,512,tile8,0,399169
sample,16384,512,tile8,1,363461
sample,16384,512,tile8,2,363085
sample,16384,512,tile8,3,364047
sample,16384,512,tile8,4,362128
sample,16384,512,tile8,5,369633
sample,16384,512,tile8,6,362725
sample,16384,512,tile8,7,364607
sample,16384,512,tile8,8,363412
sample,16384,512,tile8,9,366265
sample,16384,512,tile8,10,492740
sample,16384,512,tile8,11,364850
sample,16384,512,tile8,12,367436
sample,16384,512,tile8,13,397172
sample,16384,512,tile8,14,364927
sample,16384,512,tile8,15,360719
sample,16384,512,tile8,16,395703
sample,16384,512,tile8,17,364059
sample,16384,512,tile8,18,364385
sample,16384,512,tile8,19,366469
sample,16384,512,tile8,20,363176
sample,16384,512,tile8,21,366617
sample,16384,512,tile8,22,382176
sample,16384,512,tile8,23,362715
sample,16384,512,tile8,24,360619
sample,16384,512,tile8,25,363669
sample,16384,512,tile8,26,366145
sample,16384,512,tile8,27,364422
sample,16384,512,tile8,28,363335
sample,16384,512,tile8,29,391278
measured,16384,2048,vec4,4194304,16777216,5,30,14,441835,498837,6be3b72c15a212b9,3199380bd5011e6c,none,none
sample,16384,2048,vec4,0,442462
sample,16384,2048,vec4,1,438787
sample,16384,2048,vec4,2,442138
sample,16384,2048,vec4,3,440567
sample,16384,2048,vec4,4,440472
sample,16384,2048,vec4,5,440617
sample,16384,2048,vec4,6,441114
sample,16384,2048,vec4,7,440869
sample,16384,2048,vec4,8,442198
sample,16384,2048,vec4,9,442293
sample,16384,2048,vec4,10,441103
sample,16384,2048,vec4,11,456035
sample,16384,2048,vec4,12,2153749
sample,16384,2048,vec4,13,498837
sample,16384,2048,vec4,14,441618
sample,16384,2048,vec4,15,441689
sample,16384,2048,vec4,16,441446
sample,16384,2048,vec4,17,444398
sample,16384,2048,vec4,18,463141
sample,16384,2048,vec4,19,441835
sample,16384,2048,vec4,20,440974
sample,16384,2048,vec4,21,443127
sample,16384,2048,vec4,22,442588
sample,16384,2048,vec4,23,443904
sample,16384,2048,vec4,24,441983
sample,16384,2048,vec4,25,440444
sample,16384,2048,vec4,26,441854
sample,16384,2048,vec4,27,440138
sample,16384,2048,vec4,28,449154
sample,16384,2048,vec4,29,438940
measured,16384,2048,fused2,4194304,16777216,5,30,13,419870,440833,6be3b72c15a212b9,3199380bd5011e6c,none,none
sample,16384,2048,fused2,0,416488
sample,16384,2048,fused2,1,419960
sample,16384,2048,fused2,2,421224
sample,16384,2048,fused2,3,419825
sample,16384,2048,fused2,4,419165
sample,16384,2048,fused2,5,420821
sample,16384,2048,fused2,6,427826
sample,16384,2048,fused2,7,417511
sample,16384,2048,fused2,8,418249
sample,16384,2048,fused2,9,421536
sample,16384,2048,fused2,10,420877
sample,16384,2048,fused2,11,593793
sample,16384,2048,fused2,12,440833
sample,16384,2048,fused2,13,419870
sample,16384,2048,fused2,14,418279
sample,16384,2048,fused2,15,420174
sample,16384,2048,fused2,16,437423
sample,16384,2048,fused2,17,420181
sample,16384,2048,fused2,18,422785
sample,16384,2048,fused2,19,424543
sample,16384,2048,fused2,20,417008
sample,16384,2048,fused2,21,419804
sample,16384,2048,fused2,22,418936
sample,16384,2048,fused2,23,418972
sample,16384,2048,fused2,24,420508
sample,16384,2048,fused2,25,427310
sample,16384,2048,fused2,26,418219
sample,16384,2048,fused2,27,418078
sample,16384,2048,fused2,28,418105
sample,16384,2048,fused2,29,417881
measured,16384,2048,tile8,4194304,16777216,5,30,12,435401,468008,6be3b72c15a212b9,3199380bd5011e6c,none,none
sample,16384,2048,tile8,0,436584
sample,16384,2048,tile8,1,448897
sample,16384,2048,tile8,2,437386
sample,16384,2048,tile8,3,434523
sample,16384,2048,tile8,4,450140
sample,16384,2048,tile8,5,434298
sample,16384,2048,tile8,6,436138
sample,16384,2048,tile8,7,432097
sample,16384,2048,tile8,8,435793
sample,16384,2048,tile8,9,438318
sample,16384,2048,tile8,10,432023
sample,16384,2048,tile8,11,468008
sample,16384,2048,tile8,12,457163
sample,16384,2048,tile8,13,471924
sample,16384,2048,tile8,14,434685
sample,16384,2048,tile8,15,435401
sample,16384,2048,tile8,16,434351
sample,16384,2048,tile8,17,459187
sample,16384,2048,tile8,18,437146
sample,16384,2048,tile8,19,433812
sample,16384,2048,tile8,20,449485
sample,16384,2048,tile8,21,433395
sample,16384,2048,tile8,22,432571
sample,16384,2048,tile8,23,444550
sample,16384,2048,tile8,24,433168
sample,16384,2048,tile8,25,434281
sample,16384,2048,tile8,26,433134
sample,16384,2048,tile8,27,436561
sample,16384,2048,tile8,28,433493
sample,16384,2048,tile8,29,431015
measured,65536,128,vec4,1048576,4194304,5,30,16,447063,582025,9ec0db29a14c575b,4098921c6b362ecd,none,none
sample,65536,128,vec4,0,441171
sample,65536,128,vec4,1,446274
sample,65536,128,vec4,2,582025
sample,65536,128,vec4,3,445415
sample,65536,128,vec4,4,447764
sample,65536,128,vec4,5,447791
sample,65536,128,vec4,6,443932
sample,65536,128,vec4,7,446740
sample,65536,128,vec4,8,447063
sample,65536,128,vec4,9,445394
sample,65536,128,vec4,10,444076
sample,65536,128,vec4,11,458540
sample,65536,128,vec4,12,446417
sample,65536,128,vec4,13,439702
sample,65536,128,vec4,14,456186
sample,65536,128,vec4,15,601573
sample,65536,128,vec4,16,447344
sample,65536,128,vec4,17,449831
sample,65536,128,vec4,18,447649
sample,65536,128,vec4,19,444573
sample,65536,128,vec4,20,447870
sample,65536,128,vec4,21,446036
sample,65536,128,vec4,22,447972
sample,65536,128,vec4,23,446245
sample,65536,128,vec4,24,450812
sample,65536,128,vec4,25,499289
sample,65536,128,vec4,26,448509
sample,65536,128,vec4,27,450143
sample,65536,128,vec4,28,446259
sample,65536,128,vec4,29,446190
measured,65536,128,fused2,1048576,4194304,5,30,15,424757,464546,9ec0db29a14c575b,4098921c6b362ecd,none,none
sample,65536,128,fused2,0,420958
sample,65536,128,fused2,1,424152
sample,65536,128,fused2,2,464546
sample,65536,128,fused2,3,421293
sample,65536,128,fused2,4,423252
sample,65536,128,fused2,5,424920
sample,65536,128,fused2,6,423919
sample,65536,128,fused2,7,423618
sample,65536,128,fused2,8,423279
sample,65536,128,fused2,9,421954
sample,65536,128,fused2,10,425005
sample,65536,128,fused2,11,424229
sample,65536,128,fused2,12,422537
sample,65536,128,fused2,13,421640
sample,65536,128,fused2,14,422977
sample,65536,128,fused2,15,423184
sample,65536,128,fused2,16,426547
sample,65536,128,fused2,17,426700
sample,65536,128,fused2,18,426975
sample,65536,128,fused2,19,439044
sample,65536,128,fused2,20,676709
sample,65536,128,fused2,21,424598
sample,65536,128,fused2,22,427857
sample,65536,128,fused2,23,429132
sample,65536,128,fused2,24,424757
sample,65536,128,fused2,25,434645
sample,65536,128,fused2,26,434883
sample,65536,128,fused2,27,425306
sample,65536,128,fused2,28,428775
sample,65536,128,fused2,29,425744
measured,65536,128,tile8,1048576,4194304,5,30,14,409540,551950,9ec0db29a14c575b,4098921c6b362ecd,none,none
sample,65536,128,tile8,0,408671
sample,65536,128,tile8,1,416635
sample,65536,128,tile8,2,404933
sample,65536,128,tile8,3,405030
sample,65536,128,tile8,4,422058
sample,65536,128,tile8,5,410497
sample,65536,128,tile8,6,672152
sample,65536,128,tile8,7,407035
sample,65536,128,tile8,8,408154
sample,65536,128,tile8,9,408712
sample,65536,128,tile8,10,407541
sample,65536,128,tile8,11,407049
sample,65536,128,tile8,12,404719
sample,65536,128,tile8,13,405842
sample,65536,128,tile8,14,411604
sample,65536,128,tile8,15,449610
sample,65536,128,tile8,16,406776
sample,65536,128,tile8,17,421543
sample,65536,128,tile8,18,409025
sample,65536,128,tile8,19,409675
sample,65536,128,tile8,20,409788
sample,65536,128,tile8,21,409453
sample,65536,128,tile8,22,411689
sample,65536,128,tile8,23,409345
sample,65536,128,tile8,24,412703
sample,65536,128,tile8,25,551950
sample,65536,128,tile8,26,411122
sample,65536,128,tile8,27,431820
sample,65536,128,tile8,28,411509
sample,65536,128,tile8,29,409540
measured,65536,512,vec4,4194304,16777216,5,30,16,497284,526119,84d06402da633040,29115d73667dee45,none,none
sample,65536,512,vec4,0,500519
sample,65536,512,vec4,1,499998
sample,65536,512,vec4,2,497635
sample,65536,512,vec4,3,495341
sample,65536,512,vec4,4,491794
sample,65536,512,vec4,5,492981
sample,65536,512,vec4,6,493220
sample,65536,512,vec4,7,512844
sample,65536,512,vec4,8,497284
sample,65536,512,vec4,9,496004
sample,65536,512,vec4,10,494906
sample,65536,512,vec4,11,507807
sample,65536,512,vec4,12,498422
sample,65536,512,vec4,13,494343
sample,65536,512,vec4,14,532236
sample,65536,512,vec4,15,495669
sample,65536,512,vec4,16,497372
sample,65536,512,vec4,17,498761
sample,65536,512,vec4,18,497643
sample,65536,512,vec4,19,495686
sample,65536,512,vec4,20,498121
sample,65536,512,vec4,21,496438
sample,65536,512,vec4,22,526119
sample,65536,512,vec4,23,499462
sample,65536,512,vec4,24,497153
sample,65536,512,vec4,25,497300
sample,65536,512,vec4,26,498081
sample,65536,512,vec4,27,496648
sample,65536,512,vec4,28,494465
sample,65536,512,vec4,29,496299
measured,65536,512,fused2,4194304,16777216,5,30,15,474939,505504,84d06402da633040,29115d73667dee45,none,none
sample,65536,512,fused2,0,478534
sample,65536,512,fused2,1,474599
sample,65536,512,fused2,2,473113
sample,65536,512,fused2,3,473054
sample,65536,512,fused2,4,473466
sample,65536,512,fused2,5,475258
sample,65536,512,fused2,6,474964
sample,65536,512,fused2,7,498673
sample,65536,512,fused2,8,494696
sample,65536,512,fused2,9,473158
sample,65536,512,fused2,10,474831
sample,65536,512,fused2,11,474320
sample,65536,512,fused2,12,473531
sample,65536,512,fused2,13,505504
sample,65536,512,fused2,14,483456
sample,65536,512,fused2,15,473067
sample,65536,512,fused2,16,474892
sample,65536,512,fused2,17,473397
sample,65536,512,fused2,18,474999
sample,65536,512,fused2,19,475116
sample,65536,512,fused2,20,473048
sample,65536,512,fused2,21,476665
sample,65536,512,fused2,22,480597
sample,65536,512,fused2,23,2172888
sample,65536,512,fused2,24,474939
sample,65536,512,fused2,25,473121
sample,65536,512,fused2,26,499154
sample,65536,512,fused2,27,476457
sample,65536,512,fused2,28,471553
sample,65536,512,fused2,29,474943
measured,65536,512,tile8,4194304,16777216,5,30,14,486446,516638,84d06402da633040,29115d73667dee45,none,none
sample,65536,512,tile8,0,505467
sample,65536,512,tile8,1,490798
sample,65536,512,tile8,2,486210
sample,65536,512,tile8,3,488081
sample,65536,512,tile8,4,488925
sample,65536,512,tile8,5,485824
sample,65536,512,tile8,6,485703
sample,65536,512,tile8,7,516638
sample,65536,512,tile8,8,486446
sample,65536,512,tile8,9,487214
sample,65536,512,tile8,10,486572
sample,65536,512,tile8,11,484760
sample,65536,512,tile8,12,487171
sample,65536,512,tile8,13,485501
sample,65536,512,tile8,14,645974
sample,65536,512,tile8,15,486069
sample,65536,512,tile8,16,488995
sample,65536,512,tile8,17,485689
sample,65536,512,tile8,18,488514
sample,65536,512,tile8,19,486072
sample,65536,512,tile8,20,485566
sample,65536,512,tile8,21,484532
sample,65536,512,tile8,22,485698
sample,65536,512,tile8,23,487755
sample,65536,512,tile8,24,491814
sample,65536,512,tile8,25,486629
sample,65536,512,tile8,26,485210
sample,65536,512,tile8,27,486450
sample,65536,512,tile8,28,486066
sample,65536,512,tile8,29,485146
skipped_limit,65536,2048,vec4,16777216,67108864,NA,NA,NA,NA,NA,NA,NA,cohort_dispatch_limit,none
skipped_limit,65536,2048,fused2,16777216,67108864,NA,NA,NA,NA,NA,NA,NA,cohort_dispatch_limit,none
skipped_limit,65536,2048,tile8,16777216,67108864,NA,NA,NA,NA,NA,NA,NA,cohort_dispatch_limit,none
measured,262144,128,vec4,4194304,16777216,5,30,18,554927,593561,603e59446e81431f,99960c282a7f4ca5,none,none
sample,262144,128,vec4,0,556921
sample,262144,128,vec4,1,553686
sample,262144,128,vec4,2,555140
sample,262144,128,vec4,3,567147
sample,262144,128,vec4,4,560515
sample,262144,128,vec4,5,569704
sample,262144,128,vec4,6,552789
sample,262144,128,vec4,7,554674
sample,262144,128,vec4,8,553870
sample,262144,128,vec4,9,551461
sample,262144,128,vec4,10,554776
sample,262144,128,vec4,11,551473
sample,262144,128,vec4,12,576008
sample,262144,128,vec4,13,565491
sample,262144,128,vec4,14,553907
sample,262144,128,vec4,15,552095
sample,262144,128,vec4,16,554927
sample,262144,128,vec4,17,554610
sample,262144,128,vec4,18,552556
sample,262144,128,vec4,19,556821
sample,262144,128,vec4,20,558568
sample,262144,128,vec4,21,553722
sample,262144,128,vec4,22,566304
sample,262144,128,vec4,23,553576
sample,262144,128,vec4,24,555260
sample,262144,128,vec4,25,557615
sample,262144,128,vec4,26,593561
sample,262144,128,vec4,27,574907
sample,262144,128,vec4,28,713138
sample,262144,128,vec4,29,552252
measured,262144,128,fused2,4194304,16777216,5,30,17,540322,558333,603e59446e81431f,99960c282a7f4ca5,none,none
sample,262144,128,fused2,0,540256
sample,262144,128,fused2,1,546779
sample,262144,128,fused2,2,538472
sample,262144,128,fused2,3,541258
sample,262144,128,fused2,4,544955
sample,262144,128,fused2,5,543225
sample,262144,128,fused2,6,540466
sample,262144,128,fused2,7,543320
sample,262144,128,fused2,8,541054
sample,262144,128,fused2,9,536898
sample,262144,128,fused2,10,536841
sample,262144,128,fused2,11,538538
sample,262144,128,fused2,12,537928
sample,262144,128,fused2,13,545579
sample,262144,128,fused2,14,541324
sample,262144,128,fused2,15,537705
sample,262144,128,fused2,16,536845
sample,262144,128,fused2,17,536331
sample,262144,128,fused2,18,624624
sample,262144,128,fused2,19,542452
sample,262144,128,fused2,20,539055
sample,262144,128,fused2,21,536334
sample,262144,128,fused2,22,541489
sample,262144,128,fused2,23,540322
sample,262144,128,fused2,24,536037
sample,262144,128,fused2,25,557077
sample,262144,128,fused2,26,558333
sample,262144,128,fused2,27,540272
sample,262144,128,fused2,28,539262
sample,262144,128,fused2,29,541573
measured,262144,128,tile8,4194304,16777216,5,30,16,540464,584042,603e59446e81431f,99960c282a7f4ca5,none,none
sample,262144,128,tile8,0,539950
sample,262144,128,tile8,1,537119
sample,262144,128,tile8,2,540317
sample,262144,128,tile8,3,540694
sample,262144,128,tile8,4,540439
sample,262144,128,tile8,5,542560
sample,262144,128,tile8,6,541005
sample,262144,128,tile8,7,541722
sample,262144,128,tile8,8,538065
sample,262144,128,tile8,9,536086
sample,262144,128,tile8,10,545547
sample,262144,128,tile8,11,535967
sample,262144,128,tile8,12,535605
sample,262144,128,tile8,13,551143
sample,262144,128,tile8,14,540338
sample,262144,128,tile8,15,539877
sample,262144,128,tile8,16,539406
sample,262144,128,tile8,17,536422
sample,262144,128,tile8,18,541920
sample,262144,128,tile8,19,540464
sample,262144,128,tile8,20,543378
sample,262144,128,tile8,21,539443
sample,262144,128,tile8,22,541458
sample,262144,128,tile8,23,541941
sample,262144,128,tile8,24,556318
sample,262144,128,tile8,25,542022
sample,262144,128,tile8,26,717845
sample,262144,128,tile8,27,543065
sample,262144,128,tile8,28,584042
sample,262144,128,tile8,29,537167
skipped_limit,262144,512,vec4,16777216,67108864,NA,NA,NA,NA,NA,NA,NA,cohort_dispatch_limit,none
skipped_limit,262144,512,fused2,16777216,67108864,NA,NA,NA,NA,NA,NA,NA,cohort_dispatch_limit,none
skipped_limit,262144,512,tile8,16777216,67108864,NA,NA,NA,NA,NA,NA,NA,cohort_dispatch_limit,none
skipped_limit,262144,2048,vec4,67108864,268435456,NA,NA,NA,NA,NA,NA,NA,cohort_dispatch_limit,none
skipped_limit,262144,2048,fused2,67108864,268435456,NA,NA,NA,NA,NA,NA,NA,cohort_dispatch_limit,none
skipped_limit,262144,2048,tile8,67108864,268435456,NA,NA,NA,NA,NA,NA,NA,cohort_dispatch_limit,none
skipped_limit,1048576,128,vec4,16777216,67108864,NA,NA,NA,NA,NA,NA,NA,cohort_dispatch_limit,none
skipped_limit,1048576,128,fused2,16777216,67108864,NA,NA,NA,NA,NA,NA,NA,cohort_dispatch_limit,none
skipped_limit,1048576,128,tile8,16777216,67108864,NA,NA,NA,NA,NA,NA,NA,cohort_dispatch_limit,none
skipped_limit,1048576,512,vec4,67108864,268435456,NA,NA,NA,NA,NA,NA,NA,cohort_dispatch_limit,none
skipped_limit,1048576,512,fused2,67108864,268435456,NA,NA,NA,NA,NA,NA,NA,cohort_dispatch_limit,none
skipped_limit,1048576,512,tile8,67108864,268435456,NA,NA,NA,NA,NA,NA,NA,cohort_dispatch_limit,none
skipped_limit,1048576,2048,vec4,268435456,1073741824,NA,NA,NA,NA,NA,NA,NA,cohort_dispatch_limit,none
skipped_limit,1048576,2048,fused2,268435456,1073741824,NA,NA,NA,NA,NA,NA,NA,cohort_dispatch_limit,none
skipped_limit,1048576,2048,tile8,268435456,1073741824,NA,NA,NA,NA,NA,NA,NA,cohort_dispatch_limit,none
qualification_status=complete
