benchmark=pvp3d_three_candidate_same_device
source_revision=ddb6f0144821dfa29d268601e7087e5001278e52
adapter=NVIDIA Tegra NVIDIA Thor
backend=Vulkan
device_type=IntegratedGpu
vendor_id=4318
device_id=11008
driver=NVIDIA
driver_info=580.00
hardware_measurement_eligible=true
physical_admission=external_remoteops_evidence_required
performance_claim=none
primary_timing_scope=resident_encode_plus_queue_submit_plus_device_wait
state_reset_scope=completed_before_timer
correctness_readback_scope=before_and_after_timing
candidate_order=ABC_ACB_BAC_BCA_CAB_CBA
resident_payload_scope=source_plus_three_states_excludes_driver_uniforms_and_readback
status,k,g,candidate,state_bytes,resident_payload_bytes,warmups,repeats,logical_dispatches,p50_ns,p95_ns,input_checksum,output_checksum,skip_reason,performance_claim
measured,256,128,vec4,4096,16384,5,30,8,234054,270629,4c67926a9205d7b4,956299587c8af4b4,none,none
sample,256,128,vec4,0,229137
sample,256,128,vec4,1,227777
sample,256,128,vec4,2,233684
sample,256,128,vec4,3,231638
sample,256,128,vec4,4,234054
sample,256,128,vec4,5,245943
sample,256,128,vec4,6,239286
sample,256,128,vec4,7,238295
sample,256,128,vec4,8,225147
sample,256,128,vec4,9,232823
sample,256,128,vec4,10,226527
sample,256,128,vec4,11,231628
sample,256,128,vec4,12,231435
sample,256,128,vec4,13,230296
sample,256,128,vec4,14,238796
sample,256,128,vec4,15,236462
sample,256,128,vec4,16,236537
sample,256,128,vec4,17,230639
sample,256,128,vec4,18,232842
sample,256,128,vec4,19,235231
sample,256,128,vec4,20,236462
sample,256,128,vec4,21,255943
sample,256,128,vec4,22,270629
sample,256,128,vec4,23,236231
sample,256,128,vec4,24,231232
sample,256,128,vec4,25,233471
sample,256,128,vec4,26,280685
sample,256,128,vec4,27,241740
sample,256,128,vec4,28,241425
sample,256,128,vec4,29,238230
measured,256,128,fused2,4096,16384,5,30,7,211361,225962,4c67926a9205d7b4,956299587c8af4b4,none,none
sample,256,128,fused2,0,212443
sample,256,128,fused2,1,209657
sample,256,128,fused2,2,211722
sample,256,128,fused2,3,210999
sample,256,128,fused2,4,214990
sample,256,128,fused2,5,208739
sample,256,128,fused2,6,211361
sample,256,128,fused2,7,208620
sample,256,128,fused2,8,207758
sample,256,128,fused2,9,203111
sample,256,128,fused2,10,209629
sample,256,128,fused2,11,206574
sample,256,128,fused2,12,209277
sample,256,128,fused2,13,208916
sample,256,128,fused2,14,208369
sample,256,128,fused2,15,209148
sample,256,128,fused2,16,215536
sample,256,128,fused2,17,210147
sample,256,128,fused2,18,214036
sample,256,128,fused2,19,211369
sample,256,128,fused2,20,210675
sample,256,128,fused2,21,213148
sample,256,128,fused2,22,213444
sample,256,128,fused2,23,217008
sample,256,128,fused2,24,214824
sample,256,128,fused2,25,214074
sample,256,128,fused2,26,397943
sample,256,128,fused2,27,225962
sample,256,128,fused2,28,218388
sample,256,128,fused2,29,217333
measured,256,128,tile8,4096,16384,5,30,6,188315,218869,4c67926a9205d7b4,956299587c8af4b4,none,none
sample,256,128,tile8,0,188018
sample,256,128,tile8,1,186656
sample,256,128,tile8,2,187101
sample,256,128,tile8,3,187741
sample,256,128,tile8,4,186665
sample,256,128,tile8,5,185704
sample,256,128,tile8,6,218869
sample,256,128,tile8,7,185305
sample,256,128,tile8,8,183398
sample,256,128,tile8,9,183869
sample,256,128,tile8,10,185019
sample,256,128,tile8,11,183158
sample,256,128,tile8,12,185389
sample,256,128,tile8,13,187398
sample,256,128,tile8,14,186990
sample,256,128,tile8,15,192628
sample,256,128,tile8,16,188315
sample,256,128,tile8,17,193480
sample,256,128,tile8,18,188351
sample,256,128,tile8,19,193510
sample,256,128,tile8,20,192213
sample,256,128,tile8,21,246129
sample,256,128,tile8,22,215813
sample,256,128,tile8,23,201638
sample,256,128,tile8,24,188851
sample,256,128,tile8,25,189648
sample,256,128,tile8,26,195582
sample,256,128,tile8,27,190843
sample,256,128,tile8,28,197018
sample,256,128,tile8,29,190018
measured,256,512,vec4,16384,65536,5,30,8,254666,313657,38bbe1f688e24d78,1c8bb372f8f1302e,none,none
sample,256,512,vec4,0,237611
sample,256,512,vec4,1,241768
sample,256,512,vec4,2,243888
sample,256,512,vec4,3,245546
sample,256,512,vec4,4,243898
sample,256,512,vec4,5,248444
sample,256,512,vec4,6,246036
sample,256,512,vec4,7,242694
sample,256,512,vec4,8,246046
sample,256,512,vec4,9,313657
sample,256,512,vec4,10,264370
sample,256,512,vec4,11,250703
sample,256,512,vec4,12,248758
sample,256,512,vec4,13,247610
sample,256,512,vec4,14,391313
sample,256,512,vec4,15,254360
sample,256,512,vec4,16,252102
sample,256,512,vec4,17,263536
sample,256,512,vec4,18,254990
sample,256,512,vec4,19,256999
sample,256,512,vec4,20,255740
sample,256,512,vec4,21,259684
sample,256,512,vec4,22,263175
sample,256,512,vec4,23,261796
sample,256,512,vec4,24,255619
sample,256,512,vec4,25,254666
sample,256,512,vec4,26,256841
sample,256,512,vec4,27,264295
sample,256,512,vec4,28,260269
sample,256,512,vec4,29,266073
measured,256,512,fused2,16384,65536,5,30,7,229443,255231,38bbe1f688e24d78,1c8bb372f8f1302e,none,none
sample,256,512,fused2,0,223378
sample,256,512,fused2,1,224693
sample,256,512,fused2,2,221629
sample,256,512,fused2,3,220194
sample,256,512,fused2,4,222129
sample,256,512,fused2,5,220268
sample,256,512,fused2,6,221600
sample,256,512,fused2,7,220461
sample,256,512,fused2,8,220527
sample,256,512,fused2,9,229630
sample,256,512,fused2,10,230047
sample,256,512,fused2,11,223684
sample,256,512,fused2,12,220656
sample,256,512,fused2,13,224156
sample,256,512,fused2,14,223648
sample,256,512,fused2,15,230843
sample,256,512,fused2,16,526147
sample,256,512,fused2,17,255231
sample,256,512,fused2,18,233777
sample,256,512,fused2,19,229443
sample,256,512,fused2,20,230693
sample,256,512,fused2,21,231251
sample,256,512,fused2,22,243620
sample,256,512,fused2,23,233222
sample,256,512,fused2,24,230388
sample,256,512,fused2,25,230898
sample,256,512,fused2,26,228388
sample,256,512,fused2,27,232276
sample,256,512,fused2,28,234685
sample,256,512,fused2,29,238462
measured,256,512,tile8,16384,65536,5,30,6,203879,234638,38bbe1f688e24d78,1c8bb372f8f1302e,none,none
sample,256,512,tile8,0,193832
sample,256,512,tile8,1,193629
sample,256,512,tile8,2,197556
sample,256,512,tile8,3,195305
sample,256,512,tile8,4,195852
sample,256,512,tile8,5,194360
sample,256,512,tile8,6,197934
sample,256,512,tile8,7,197685
sample,256,512,tile8,8,233389
sample,256,512,tile8,9,199795
sample,256,512,tile8,10,219647
sample,256,512,tile8,11,199935
sample,256,512,tile8,12,197574
sample,256,512,tile8,13,201388
sample,256,512,tile8,14,214601
sample,256,512,tile8,15,201425
sample,256,512,tile8,16,202943
sample,256,512,tile8,17,234638
sample,256,512,tile8,18,205889
sample,256,512,tile8,19,205444
sample,256,512,tile8,20,203879
sample,256,512,tile8,21,204851
sample,256,512,tile8,22,234508
sample,256,512,tile8,23,246120
sample,256,512,tile8,24,208111
sample,256,512,tile8,25,208750
sample,256,512,tile8,26,209435
sample,256,512,tile8,27,208971
sample,256,512,tile8,28,208240
sample,256,512,tile8,29,209536
measured,256,2048,vec4,65536,262144,5,30,8,283249,302008,c9e538e9f9dccedd,259153fc2c7bc4e7,none,none
sample,256,2048,vec4,0,264602
sample,256,2048,vec4,1,261573
sample,256,2048,vec4,2,274148
sample,256,2048,vec4,3,269305
sample,256,2048,vec4,4,274685
sample,256,2048,vec4,5,274129
sample,256,2048,vec4,6,274258
sample,256,2048,vec4,7,277028
sample,256,2048,vec4,8,302008
sample,256,2048,vec4,9,273545
sample,256,2048,vec4,10,274174
sample,256,2048,vec4,11,276370
sample,256,2048,vec4,12,277916
sample,256,2048,vec4,13,283249
sample,256,2048,vec4,14,283240
sample,256,2048,vec4,15,289388
sample,256,2048,vec4,16,290267
sample,256,2048,vec4,17,285545
sample,256,2048,vec4,18,284360
sample,256,2048,vec4,19,283878
sample,256,2048,vec4,20,295259
sample,256,2048,vec4,21,287675
sample,256,2048,vec4,22,283462
sample,256,2048,vec4,23,290332
sample,256,2048,vec4,24,282184
sample,256,2048,vec4,25,291073
sample,256,2048,vec4,26,291758
sample,256,2048,vec4,27,294045
sample,256,2048,vec4,28,307482
sample,256,2048,vec4,29,293130
measured,256,2048,fused2,65536,262144,5,30,7,253841,285833,c9e538e9f9dccedd,259153fc2c7bc4e7,none,none
sample,256,2048,fused2,0,237194
sample,256,2048,fused2,1,243083
sample,256,2048,fused2,2,240102
sample,256,2048,fused2,3,241499
sample,256,2048,fused2,4,249806
sample,256,2048,fused2,5,246259
sample,256,2048,fused2,6,249471
sample,256,2048,fused2,7,249852
sample,256,2048,fused2,8,248657
sample,256,2048,fused2,9,252619
sample,256,2048,fused2,10,251730
sample,256,2048,fused2,11,246741
sample,256,2048,fused2,12,250295
sample,256,2048,fused2,13,256980
sample,256,2048,fused2,14,255101
sample,256,2048,fused2,15,253841
sample,256,2048,fused2,16,261333
sample,256,2048,fused2,17,253175
sample,256,2048,fused2,18,258323
sample,256,2048,fused2,19,261009
sample,256,2048,fused2,20,266666
sample,256,2048,fused2,21,296000
sample,256,2048,fused2,22,255637
sample,256,2048,fused2,23,255036
sample,256,2048,fused2,24,253889
sample,256,2048,fused2,25,261063
sample,256,2048,fused2,26,261675
sample,256,2048,fused2,27,265008
sample,256,2048,fused2,28,266648
sample,256,2048,fused2,29,285833
measured,256,2048,tile8,65536,262144,5,30,6,233157,248398,c9e538e9f9dccedd,259153fc2c7bc4e7,none,none
sample,256,2048,tile8,0,219851
sample,256,2048,tile8,1,220480
sample,256,2048,tile8,2,220036
sample,256,2048,tile8,3,223193
sample,256,2048,tile8,4,221704
sample,256,2048,tile8,5,228916
sample,256,2048,tile8,6,225768
sample,256,2048,tile8,7,248398
sample,256,2048,tile8,8,228666
sample,256,2048,tile8,9,225527
sample,256,2048,tile8,10,226046
sample,256,2048,tile8,11,224241
sample,256,2048,tile8,12,233841
sample,256,2048,tile8,13,232629
sample,256,2048,tile8,14,231778
sample,256,2048,tile8,15,241925
sample,256,2048,tile8,16,249055
sample,256,2048,tile8,17,233805
sample,256,2048,tile8,18,233157
sample,256,2048,tile8,19,239139
sample,256,2048,tile8,20,238417
sample,256,2048,tile8,21,236880
sample,256,2048,tile8,22,233537
sample,256,2048,tile8,23,232425
sample,256,2048,tile8,24,240203
sample,256,2048,tile8,25,239610
sample,256,2048,tile8,26,239944
sample,256,2048,tile8,27,236583
sample,256,2048,tile8,28,241593
sample,256,2048,tile8,29,239009
measured,1024,128,vec4,16384,65536,5,30,10,375999,419249,26abf5bddd03bbc5,79acd556594188cd,none,none
sample,1024,128,vec4,0,361638
sample,1024,128,vec4,1,360110
sample,1024,128,vec4,2,370397
sample,1024,128,vec4,3,363629
sample,1024,128,vec4,4,362693
sample,1024,128,vec4,5,362730
sample,1024,128,vec4,6,367305
sample,1024,128,vec4,7,370851
sample,1024,128,vec4,8,369063
sample,1024,128,vec4,9,381333
sample,1024,128,vec4,10,370416
sample,1024,128,vec4,11,373740
sample,1024,128,vec4,12,373980
sample,1024,128,vec4,13,386082
sample,1024,128,vec4,14,370342
sample,1024,128,vec4,15,375999
sample,1024,128,vec4,16,376388
sample,1024,128,vec4,17,379546
sample,1024,128,vec4,18,419249
sample,1024,128,vec4,19,393554
sample,1024,128,vec4,20,374878
sample,1024,128,vec4,21,384507
sample,1024,128,vec4,22,381240
sample,1024,128,vec4,23,380925
sample,1024,128,vec4,24,383638
sample,1024,128,vec4,25,443305
sample,1024,128,vec4,26,388397
sample,1024,128,vec4,27,386767
sample,1024,128,vec4,28,394878
sample,1024,128,vec4,29,399777
measured,1024,128,fused2,16384,65536,5,30,9,349453,392907,26abf5bddd03bbc5,79acd556594188cd,none,none
sample,1024,128,fused2,0,335851
sample,1024,128,fused2,1,335759
sample,1024,128,fused2,2,392907
sample,1024,128,fused2,3,340286
sample,1024,128,fused2,4,338564
sample,1024,128,fused2,5,342879
sample,1024,128,fused2,6,341165
sample,1024,128,fused2,7,340842
sample,1024,128,fused2,8,336416
sample,1024,128,fused2,9,352267
sample,1024,128,fused2,10,341934
sample,1024,128,fused2,11,339934
sample,1024,128,fused2,12,350610
sample,1024,128,fused2,13,342295
sample,1024,128,fused2,14,339508
sample,1024,128,fused2,15,351916
sample,1024,128,fused2,16,349453
sample,1024,128,fused2,17,349851
sample,1024,128,fused2,18,348101
sample,1024,128,fused2,19,348239
sample,1024,128,fused2,20,351693
sample,1024,128,fused2,21,350277
sample,1024,128,fused2,22,352259
sample,1024,128,fused2,23,355388
sample,1024,128,fused2,24,417462
sample,1024,128,fused2,25,358527
sample,1024,128,fused2,26,360481
sample,1024,128,fused2,27,356314
sample,1024,128,fused2,28,361333
sample,1024,128,fused2,29,361720
measured,1024,128,tile8,16384,65536,5,30,8,316045,365258,26abf5bddd03bbc5,79acd556594188cd,none,none
sample,1024,128,tile8,0,295333
sample,1024,128,tile8,1,301621
sample,1024,128,tile8,2,342360
sample,1024,128,tile8,3,308416
sample,1024,128,tile8,4,302045
sample,1024,128,tile8,5,301222
sample,1024,128,tile8,6,305601
sample,1024,128,tile8,7,305695
sample,1024,128,tile8,8,365258
sample,1024,128,tile8,9,352193
sample,1024,128,tile8,10,306203
sample,1024,128,tile8,11,312768
sample,1024,128,tile8,12,389536
sample,1024,128,tile8,13,309907
sample,1024,128,tile8,14,334647
sample,1024,128,tile8,15,317629
sample,1024,128,tile8,16,315879
sample,1024,128,tile8,17,314870
sample,1024,128,tile8,18,349036
sample,1024,128,tile8,19,315805
sample,1024,128,tile8,20,316045
sample,1024,128,tile8,21,314175
sample,1024,128,tile8,22,318786
sample,1024,128,tile8,23,318230
sample,1024,128,tile8,24,321138
sample,1024,128,tile8,25,325721
sample,1024,128,tile8,26,325378
sample,1024,128,tile8,27,321564
sample,1024,128,tile8,28,325267
sample,1024,128,tile8,29,326203
measured,1024,512,vec4,65536,262144,5,30,10,414092,451897,0949b62ffc70d026,7663f0c9d3466943,none,none
sample,1024,512,vec4,0,396961
sample,1024,512,vec4,1,402443
sample,1024,512,vec4,2,404730
sample,1024,512,vec4,3,416666
sample,1024,512,vec4,4,408730
sample,1024,512,vec4,5,407646
sample,1024,512,vec4,6,413008
sample,1024,512,vec4,7,414092
sample,1024,512,vec4,8,412509
sample,1024,512,vec4,9,410194
sample,1024,512,vec4,10,415388
sample,1024,512,vec4,11,457536
sample,1024,512,vec4,12,418859
sample,1024,512,vec4,13,410369
sample,1024,512,vec4,14,404859
sample,1024,512,vec4,15,420138
sample,1024,512,vec4,16,417312
sample,1024,512,vec4,17,451897
sample,1024,512,vec4,18,434795
sample,1024,512,vec4,19,409249
sample,1024,512,vec4,20,411730
sample,1024,512,vec4,21,415526
sample,1024,512,vec4,22,417786
sample,1024,512,vec4,23,417582
sample,1024,512,vec4,24,414832
sample,1024,512,vec4,25,416155
sample,1024,512,vec4,26,414304
sample,1024,512,vec4,27,417435
sample,1024,512,vec4,28,412905
sample,1024,512,vec4,29,411101
measured,1024,512,fused2,65536,262144,5,30,9,380045,410203,0949b62ffc70d026,7663f0c9d3466943,none,none
sample,1024,512,fused2,0,371647
sample,1024,512,fused2,1,372258
sample,1024,512,fused2,2,371972
sample,1024,512,fused2,3,396138
sample,1024,512,fused2,4,377971
sample,1024,512,fused2,5,375333
sample,1024,512,fused2,6,384527
sample,1024,512,fused2,7,379748
sample,1024,512,fused2,8,380045
sample,1024,512,fused2,9,380212
sample,1024,512,fused2,10,381462
sample,1024,512,fused2,11,383527
sample,1024,512,fused2,12,410203
sample,1024,512,fused2,13,375119
sample,1024,512,fused2,14,374990
sample,1024,512,fused2,15,372758
sample,1024,512,fused2,16,379786
sample,1024,512,fused2,17,381166
sample,1024,512,fused2,18,380444
sample,1024,512,fused2,19,374619
sample,1024,512,fused2,20,374777
sample,1024,512,fused2,21,383444
sample,1024,512,fused2,22,380702
sample,1024,512,fused2,23,419833
sample,1024,512,fused2,24,378332
sample,1024,512,fused2,25,383471
sample,1024,512,fused2,26,377887
sample,1024,512,fused2,27,382898
sample,1024,512,fused2,28,381851
sample,1024,512,fused2,29,381878
measured,1024,512,tile8,65536,262144,5,30,8,349434,396221,0949b62ffc70d026,7663f0c9d3466943,none,none
sample,1024,512,tile8,0,338305
sample,1024,512,tile8,1,338249
sample,1024,512,tile8,2,354591
sample,1024,512,tile8,3,396221
sample,1024,512,tile8,4,348055
sample,1024,512,tile8,5,349480
sample,1024,512,tile8,6,351563
sample,1024,512,tile8,7,349684
sample,1024,512,tile8,8,352722
sample,1024,512,tile8,9,347749
sample,1024,512,tile8,10,349138
sample,1024,512,tile8,11,345647
sample,1024,512,tile8,12,353221
sample,1024,512,tile8,13,343398
sample,1024,512,tile8,14,354999
sample,1024,512,tile8,15,398860
sample,1024,512,tile8,16,351527
sample,1024,512,tile8,17,349434
sample,1024,512,tile8,18,346416
sample,1024,512,tile8,19,346295
sample,1024,512,tile8,20,345472
sample,1024,512,tile8,21,350073
sample,1024,512,tile8,22,351675
sample,1024,512,tile8,23,349332
sample,1024,512,tile8,24,348258
sample,1024,512,tile8,25,349573
sample,1024,512,tile8,26,354841
sample,1024,512,tile8,27,349648
sample,1024,512,tile8,28,348120
sample,1024,512,tile8,29,348101
measured,1024,2048,vec4,262144,1048576,5,30,10,426157,441758,2d4a1c573b9665e7,d32c613321b43c7f,none,none
sample,1024,2048,vec4,0,417796
sample,1024,2048,vec4,1,418944
sample,1024,2048,vec4,2,448147
sample,1024,2048,vec4,3,434990
sample,1024,2048,vec4,4,433259
sample,1024,2048,vec4,5,428304
sample,1024,2048,vec4,6,425202
sample,1024,2048,vec4,7,441758
sample,1024,2048,vec4,8,418656
sample,1024,2048,vec4,9,422823
sample,1024,2048,vec4,10,426517
sample,1024,2048,vec4,11,431999
sample,1024,2048,vec4,12,424517
sample,1024,2048,vec4,13,419868
sample,1024,2048,vec4,14,432851
sample,1024,2048,vec4,15,426157
sample,1024,2048,vec4,16,420017
sample,1024,2048,vec4,17,423323
sample,1024,2048,vec4,18,428934
sample,1024,2048,vec4,19,430470
sample,1024,2048,vec4,20,418064
sample,1024,2048,vec4,21,432739
sample,1024,2048,vec4,22,423166
sample,1024,2048,vec4,23,434573
sample,1024,2048,vec4,24,426443
sample,1024,2048,vec4,25,422702
sample,1024,2048,vec4,26,429749
sample,1024,2048,vec4,27,423915
sample,1024,2048,vec4,28,421582
sample,1024,2048,vec4,29,433488
measured,1024,2048,fused2,262144,1048576,5,30,9,390731,422462,2d4a1c573b9665e7,d32c613321b43c7f,none,none
sample,1024,2048,fused2,0,388906
sample,1024,2048,fused2,1,530916
sample,1024,2048,fused2,2,422462
sample,1024,2048,fused2,3,399518
sample,1024,2048,fused2,4,394193
sample,1024,2048,fused2,5,388147
sample,1024,2048,fused2,6,393332
sample,1024,2048,fused2,7,386618
sample,1024,2048,fused2,8,383907
sample,1024,2048,fused2,9,387490
sample,1024,2048,fused2,10,391489
sample,1024,2048,fused2,11,389017
sample,1024,2048,fused2,12,387489
sample,1024,2048,fused2,13,392045
sample,1024,2048,fused2,14,385656
sample,1024,2048,fused2,15,393480
sample,1024,2048,fused2,16,386731
sample,1024,2048,fused2,17,387888
sample,1024,2048,fused2,18,390731
sample,1024,2048,fused2,19,391194
sample,1024,2048,fused2,20,392525
sample,1024,2048,fused2,21,403794
sample,1024,2048,fused2,22,394018
sample,1024,2048,fused2,23,387128
sample,1024,2048,fused2,24,388665
sample,1024,2048,fused2,25,391388
sample,1024,2048,fused2,26,388722
sample,1024,2048,fused2,27,392165
sample,1024,2048,fused2,28,386027
sample,1024,2048,fused2,29,391277
measured,1024,2048,tile8,262144,1048576,5,30,8,370583,389231,2d4a1c573b9665e7,d32c613321b43c7f,none,none
sample,1024,2048,tile8,0,366795
sample,1024,2048,tile8,1,942293
sample,1024,2048,tile8,2,389231
sample,1024,2048,tile8,3,378471
sample,1024,2048,tile8,4,373157
sample,1024,2048,tile8,5,369462
sample,1024,2048,tile8,6,380370
sample,1024,2048,tile8,7,373805
sample,1024,2048,tile8,8,369953
sample,1024,2048,tile8,9,368055
sample,1024,2048,tile8,10,373925
sample,1024,2048,tile8,11,371120
sample,1024,2048,tile8,12,375554
sample,1024,2048,tile8,13,370545
sample,1024,2048,tile8,14,370583
sample,1024,2048,tile8,15,369962
sample,1024,2048,tile8,16,368925
sample,1024,2048,tile8,17,374156
sample,1024,2048,tile8,18,383981
sample,1024,2048,tile8,19,368129
sample,1024,2048,tile8,20,367805
sample,1024,2048,tile8,21,371175
sample,1024,2048,tile8,22,364517
sample,1024,2048,tile8,23,373879
sample,1024,2048,tile8,24,369434
sample,1024,2048,tile8,25,373517
sample,1024,2048,tile8,26,382388
sample,1024,2048,tile8,27,366240
sample,1024,2048,tile8,28,367453
sample,1024,2048,tile8,29,366833
measured,4096,128,vec4,65536,262144,5,30,12,491229,501036,d878e557b6daedce,8cc85ceb09c8efed,none,none
sample,4096,128,vec4,0,484268
sample,4096,128,vec4,1,502907
sample,4096,128,vec4,2,497471
sample,4096,128,vec4,3,492008
sample,4096,128,vec4,4,493564
sample,4096,128,vec4,5,495286
sample,4096,128,vec4,6,501036
sample,4096,128,vec4,7,486368
sample,4096,128,vec4,8,487128
sample,4096,128,vec4,9,486888
sample,4096,128,vec4,10,486119
sample,4096,128,vec4,11,491674
sample,4096,128,vec4,12,493703
sample,4096,128,vec4,13,491229
sample,4096,128,vec4,14,496406
sample,4096,128,vec4,15,494360
sample,4096,128,vec4,16,497406
sample,4096,128,vec4,17,494350
sample,4096,128,vec4,18,492507
sample,4096,128,vec4,19,494184
sample,4096,128,vec4,20,481147
sample,4096,128,vec4,21,483276
sample,4096,128,vec4,22,477406
sample,4096,128,vec4,23,488443
sample,4096,128,vec4,24,486951
sample,4096,128,vec4,25,489683
sample,4096,128,vec4,26,499942
sample,4096,128,vec4,27,490035
sample,4096,128,vec4,28,485109
sample,4096,128,vec4,29,479637
measured,4096,128,fused2,65536,262144,5,30,11,455999,464026,d878e557b6daedce,8cc85ceb09c8efed,none,none
sample,4096,128,fused2,0,450397
sample,4096,128,fused2,1,461296
sample,4096,128,fused2,2,455129
sample,4096,128,fused2,3,461545
sample,4096,128,fused2,4,460794
sample,4096,128,fused2,5,460285
sample,4096,128,fused2,6,460599
sample,4096,128,fused2,7,455999
sample,4096,128,fused2,8,452814
sample,4096,128,fused2,9,456665
sample,4096,128,fused2,10,454814
sample,4096,128,fused2,11,462673
sample,4096,128,fused2,12,460813
sample,4096,128,fused2,13,472045
sample,4096,128,fused2,14,457758
sample,4096,128,fused2,15,457295
sample,4096,128,fused2,16,459527
sample,4096,128,fused2,17,462471
sample,4096,128,fused2,18,458489
sample,4096,128,fused2,19,453231
sample,4096,128,fused2,20,455572
sample,4096,128,fused2,21,455165
sample,4096,128,fused2,22,451109
sample,4096,128,fused2,23,446544
sample,4096,128,fused2,24,449768
sample,4096,128,fused2,25,450442
sample,4096,128,fused2,26,450684
sample,4096,128,fused2,27,454183
sample,4096,128,fused2,28,464026
sample,4096,128,fused2,29,452064
measured,4096,128,tile8,65536,262144,5,30,10,426194,434675,d878e557b6daedce,8cc85ceb09c8efed,none,none
sample,4096,128,tile8,0,427971
sample,4096,128,tile8,1,430546
sample,4096,128,tile8,2,429638
sample,4096,128,tile8,3,425379
sample,4096,128,tile8,4,430443
sample,4096,128,tile8,5,430712
sample,4096,128,tile8,6,429110
sample,4096,128,tile8,7,423813
sample,4096,128,tile8,8,429554
sample,4096,128,tile8,9,423360
sample,4096,128,tile8,10,426767
sample,4096,128,tile8,11,434675
sample,4096,128,tile8,12,429129
sample,4096,128,tile8,13,430092
sample,4096,128,tile8,14,432508
sample,4096,128,tile8,15,425953
sample,4096,128,tile8,16,428444
sample,4096,128,tile8,17,430841
sample,4096,128,tile8,18,444655
sample,4096,128,tile8,19,423202
sample,4096,128,tile8,20,420666
sample,4096,128,tile8,21,426194
sample,4096,128,tile8,22,414295
sample,4096,128,tile8,23,412490
sample,4096,128,tile8,24,422971
sample,4096,128,tile8,25,423435
sample,4096,128,tile8,26,423934
sample,4096,128,tile8,27,421305
sample,4096,128,tile8,28,425231
sample,4096,128,tile8,29,419989
measured,4096,512,vec4,262144,1048576,5,30,12,495795,503664,07e875993970433c,207dceeda1be3f5b,none,none
sample,4096,512,vec4,0,495795
sample,4096,512,vec4,1,489666
sample,4096,512,vec4,2,486998
sample,4096,512,vec4,3,498470
sample,4096,512,vec4,4,495008
sample,4096,512,vec4,5,502406
sample,4096,512,vec4,6,496562
sample,4096,512,vec4,7,489120
sample,4096,512,vec4,8,496822
sample,4096,512,vec4,9,493175
sample,4096,512,vec4,10,504499
sample,4096,512,vec4,11,495507
sample,4096,512,vec4,12,489101
sample,4096,512,vec4,13,494785
sample,4096,512,vec4,14,497388
sample,4096,512,vec4,15,498461
sample,4096,512,vec4,16,501627
sample,4096,512,vec4,17,502934
sample,4096,512,vec4,18,498517
sample,4096,512,vec4,19,485749
sample,4096,512,vec4,20,497998
sample,4096,512,vec4,21,488146
sample,4096,512,vec4,22,495110
sample,4096,512,vec4,23,497925
sample,4096,512,vec4,24,492897
sample,4096,512,vec4,25,503664
sample,4096,512,vec4,26,494683
sample,4096,512,vec4,27,494323
sample,4096,512,vec4,28,498332
sample,4096,512,vec4,29,500554
measured,4096,512,fused2,262144,1048576,5,30,11,460517,468979,07e875993970433c,207dceeda1be3f5b,none,none
sample,4096,512,fused2,0,457647
sample,4096,512,fused2,1,459638
sample,4096,512,fused2,2,453536
sample,4096,512,fused2,3,456590
sample,4096,512,fused2,4,460377
sample,4096,512,fused2,5,470886
sample,4096,512,fused2,6,454083
sample,4096,512,fused2,7,453934
sample,4096,512,fused2,8,458573
sample,4096,512,fused2,9,465147
sample,4096,512,fused2,10,467712
sample,4096,512,fused2,11,456147
sample,4096,512,fused2,12,453480
sample,4096,512,fused2,13,464619
sample,4096,512,fused2,14,463202
sample,4096,512,fused2,15,465341
sample,4096,512,fused2,16,462370
sample,4096,512,fused2,17,460527
sample,4096,512,fused2,18,460517
sample,4096,512,fused2,19,456443
sample,4096,512,fused2,20,455461
sample,4096,512,fused2,21,460442
sample,4096,512,fused2,22,468979
sample,4096,512,fused2,23,460813
sample,4096,512,fused2,24,460657
sample,4096,512,fused2,25,465424
sample,4096,512,fused2,26,462351
sample,4096,512,fused2,27,457952
sample,4096,512,fused2,28,460693
sample,4096,512,fused2,29,461101
measured,4096,512,tile8,262144,1048576,5,30,10,441526,448730,07e875993970433c,207dceeda1be3f5b,none,none
sample,4096,512,tile8,0,445433
sample,4096,512,tile8,1,438396
sample,4096,512,tile8,2,448656
sample,4096,512,tile8,3,442509
sample,4096,512,tile8,4,439879
sample,4096,512,tile8,5,441425
sample,4096,512,tile8,6,436480
sample,4096,512,tile8,7,439379
sample,4096,512,tile8,8,442740
sample,4096,512,tile8,9,442175
sample,4096,512,tile8,10,441526
sample,4096,512,tile8,11,436082
sample,4096,512,tile8,12,448730
sample,4096,512,tile8,13,442730
sample,4096,512,tile8,14,445944
sample,4096,512,tile8,15,442638
sample,4096,512,tile8,16,440629
sample,4096,512,tile8,17,441222
sample,4096,512,tile8,18,435582
sample,4096,512,tile8,19,439341
sample,4096,512,tile8,20,442443
sample,4096,512,tile8,21,435684
sample,4096,512,tile8,22,436212
sample,4096,512,tile8,23,446156
sample,4096,512,tile8,24,441499
sample,4096,512,tile8,25,444657
sample,4096,512,tile8,26,440536
sample,4096,512,tile8,27,453369
sample,4096,512,tile8,28,446711
sample,4096,512,tile8,29,442564
measured,4096,2048,vec4,1048576,4194304,5,30,12,554609,560879,4143a88e49ed614b,e0842ad8f72c0c9f,none,none
sample,4096,2048,vec4,0,553619
sample,4096,2048,vec4,1,557942
sample,4096,2048,vec4,2,552092
sample,4096,2048,vec4,3,556701
sample,4096,2048,vec4,4,559452
sample,4096,2048,vec4,5,547934
sample,4096,2048,vec4,6,550313
sample,4096,2048,vec4,7,551972
sample,4096,2048,vec4,8,556081
sample,4096,2048,vec4,9,542258
sample,4096,2048,vec4,10,547535
sample,4096,2048,vec4,11,558878
sample,4096,2048,vec4,12,550406
sample,4096,2048,vec4,13,560072
sample,4096,2048,vec4,14,546962
sample,4096,2048,vec4,15,554609
sample,4096,2048,vec4,16,552017
sample,4096,2048,vec4,17,552554
sample,4096,2048,vec4,18,556490
sample,4096,2048,vec4,19,555637
sample,4096,2048,vec4,20,546212
sample,4096,2048,vec4,21,550980
sample,4096,2048,vec4,22,551387
sample,4096,2048,vec4,23,556729
sample,4096,2048,vec4,24,558230
sample,4096,2048,vec4,25,557647
sample,4096,2048,vec4,26,557266
sample,4096,2048,vec4,27,560879
sample,4096,2048,vec4,28,584674
sample,4096,2048,vec4,29,557258
measured,4096,2048,fused2,1048576,4194304,5,30,11,516332,521545,4143a88e49ed614b,e0842ad8f72c0c9f,none,none
sample,4096,2048,fused2,0,511332
sample,4096,2048,fused2,1,520183
sample,4096,2048,fused2,2,513091
sample,4096,2048,fused2,3,515063
sample,4096,2048,fused2,4,520869
sample,4096,2048,fused2,5,521545
sample,4096,2048,fused2,6,513415
sample,4096,2048,fused2,7,515305
sample,4096,2048,fused2,8,515832
sample,4096,2048,fused2,9,515970
sample,4096,2048,fused2,10,510063
sample,4096,2048,fused2,11,515379
sample,4096,2048,fused2,12,516332
sample,4096,2048,fused2,13,513027
sample,4096,2048,fused2,14,513406
sample,4096,2048,fused2,15,516877
sample,4096,2048,fused2,16,517286
sample,4096,2048,fused2,17,515275
sample,4096,2048,fused2,18,517851
sample,4096,2048,fused2,19,514785
sample,4096,2048,fused2,20,510870
sample,4096,2048,fused2,21,520851
sample,4096,2048,fused2,22,517536
sample,4096,2048,fused2,23,520655
sample,4096,2048,fused2,24,518675
sample,4096,2048,fused2,25,518599
sample,4096,2048,fused2,26,520776
sample,4096,2048,fused2,27,517684
sample,4096,2048,fused2,28,671118
sample,4096,2048,fused2,29,521063
measured,4096,2048,tile8,1048576,4194304,5,30,10,542527,587258,4143a88e49ed614b,e0842ad8f72c0c9f,none,none
sample,4096,2048,tile8,0,538063
sample,4096,2048,tile8,1,543294
sample,4096,2048,tile8,2,539553
sample,4096,2048,tile8,3,550489
sample,4096,2048,tile8,4,539906
sample,4096,2048,tile8,5,564305
sample,4096,2048,tile8,6,549721
sample,4096,2048,tile8,7,543277
sample,4096,2048,tile8,8,543146
sample,4096,2048,tile8,9,539185
sample,4096,2048,tile8,10,533175
sample,4096,2048,tile8,11,543044
sample,4096,2048,tile8,12,542757
sample,4096,2048,tile8,13,544424
sample,4096,2048,tile8,14,539924
sample,4096,2048,tile8,15,542276
sample,4096,2048,tile8,16,542527
sample,4096,2048,tile8,17,542350
sample,4096,2048,tile8,18,543998
sample,4096,2048,tile8,19,543507
sample,4096,2048,tile8,20,538249
sample,4096,2048,tile8,21,540276
sample,4096,2048,tile8,22,533341
sample,4096,2048,tile8,23,539916
sample,4096,2048,tile8,24,540620
sample,4096,2048,tile8,25,553405
sample,4096,2048,tile8,26,543062
sample,4096,2048,tile8,27,541861
sample,4096,2048,tile8,28,636683
sample,4096,2048,tile8,29,587258
measured,16384,128,vec4,262144,1048576,5,30,14,566627,579303,318e48fc80dadb1f,a09bc0e13ecf9bf8,none,none
sample,16384,128,vec4,0,564184
sample,16384,128,vec4,1,562258
sample,16384,128,vec4,2,569563
sample,16384,128,vec4,3,577156
sample,16384,128,vec4,4,555415
sample,16384,128,vec4,5,570970
sample,16384,128,vec4,6,567424
sample,16384,128,vec4,7,570396
sample,16384,128,vec4,8,567535
sample,16384,128,vec4,9,501665
sample,16384,128,vec4,10,502544
sample,16384,128,vec4,11,558414
sample,16384,128,vec4,12,563758
sample,16384,128,vec4,13,560934
sample,16384,128,vec4,14,561267
sample,16384,128,vec4,15,572415
sample,16384,128,vec4,16,570267
sample,16384,128,vec4,17,571063
sample,16384,128,vec4,18,569692
sample,16384,128,vec4,19,579303
sample,16384,128,vec4,20,566627
sample,16384,128,vec4,21,565554
sample,16384,128,vec4,22,557822
sample,16384,128,vec4,23,564026
sample,16384,128,vec4,24,569942
sample,16384,128,vec4,25,563424
sample,16384,128,vec4,26,565276
sample,16384,128,vec4,27,584017
sample,16384,128,vec4,28,568869
sample,16384,128,vec4,29,566822
measured,16384,128,fused2,262144,1048576,5,30,13,532702,540749,318e48fc80dadb1f,a09bc0e13ecf9bf8,none,none
sample,16384,128,fused2,0,529387
sample,16384,128,fused2,1,537933
sample,16384,128,fused2,2,540730
sample,16384,128,fused2,3,539962
sample,16384,128,fused2,4,535406
sample,16384,128,fused2,5,527785
sample,16384,128,fused2,6,536147
sample,16384,128,fused2,7,536073
sample,16384,128,fused2,8,540693
sample,16384,128,fused2,9,533906
sample,16384,128,fused2,10,477174
sample,16384,128,fused2,11,524443
sample,16384,128,fused2,12,530331
sample,16384,128,fused2,13,529924
sample,16384,128,fused2,14,526962
sample,16384,128,fused2,15,527313
sample,16384,128,fused2,16,539776
sample,16384,128,fused2,17,531925
sample,16384,128,fused2,18,534961
sample,16384,128,fused2,19,536248
sample,16384,128,fused2,20,532470
sample,16384,128,fused2,21,527841
sample,16384,128,fused2,22,527313
sample,16384,128,fused2,23,544110
sample,16384,128,fused2,24,532702
sample,16384,128,fused2,25,527915
sample,16384,128,fused2,26,533757
sample,16384,128,fused2,27,532833
sample,16384,128,fused2,28,540749
sample,16384,128,fused2,29,532396
measured,16384,128,tile8,262144,1048576,5,30,12,511776,518240,318e48fc80dadb1f,a09bc0e13ecf9bf8,none,none
sample,16384,128,tile8,0,514970
sample,16384,128,tile8,1,514240
sample,16384,128,tile8,2,514767
sample,16384,128,tile8,3,508294
sample,16384,128,tile8,4,508490
sample,16384,128,tile8,5,503572
sample,16384,128,tile8,6,514777
sample,16384,128,tile8,7,509266
sample,16384,128,tile8,8,513599
sample,16384,128,tile8,9,494832
sample,16384,128,tile8,10,460657
sample,16384,128,tile8,11,500369
sample,16384,128,tile8,12,504536
sample,16384,128,tile8,13,514174
sample,16384,128,tile8,14,521081
sample,16384,128,tile8,15,512082
sample,16384,128,tile8,16,517998
sample,16384,128,tile8,17,518240
sample,16384,128,tile8,18,513646
sample,16384,128,tile8,19,514175
sample,16384,128,tile8,20,512518
sample,16384,128,tile8,21,509563
sample,16384,128,tile8,22,505082
sample,16384,128,tile8,23,504147
sample,16384,128,tile8,24,508775
sample,16384,128,tile8,25,511823
sample,16384,128,tile8,26,512981
sample,16384,128,tile8,27,510600
sample,16384,128,tile8,28,511776
sample,16384,128,tile8,29,509073
measured,16384,512,vec4,1048576,4194304,5,30,14,633637,645016,08b87a1ca99fa7b8,cc66b7b8fae87df4,none,none
sample,16384,512,vec4,0,626119
sample,16384,512,vec4,1,645016
sample,16384,512,vec4,2,629702
sample,16384,512,vec4,3,640035
sample,16384,512,vec4,4,642702
sample,16384,512,vec4,5,632582
sample,16384,512,vec4,6,635952
sample,16384,512,vec4,7,635081
sample,16384,512,vec4,8,633461
sample,16384,512,vec4,9,629396
sample,16384,512,vec4,10,630202
sample,16384,512,vec4,11,635730
sample,16384,512,vec4,12,638692
sample,16384,512,vec4,13,630212
sample,16384,512,vec4,14,633174
sample,16384,512,vec4,15,627535
sample,16384,512,vec4,16,628387
sample,16384,512,vec4,17,636841
sample,16384,512,vec4,18,639035
sample,16384,512,vec4,19,630618
sample,16384,512,vec4,20,640064
sample,16384,512,vec4,21,650664
sample,16384,512,vec4,22,633637
sample,16384,512,vec4,23,640210
sample,16384,512,vec4,24,625035
sample,16384,512,vec4,25,634100
sample,16384,512,vec4,26,633128
sample,16384,512,vec4,27,629999
sample,16384,512,vec4,28,634674
sample,16384,512,vec4,29,635711
measured,16384,512,fused2,1048576,4194304,5,30,13,598610,608581,08b87a1ca99fa7b8,cc66b7b8fae87df4,none,none
sample,16384,512,fused2,0,593008
sample,16384,512,fused2,1,589286
sample,16384,512,fused2,2,587935
sample,16384,512,fused2,3,601572
sample,16384,512,fused2,4,598610
sample,16384,512,fused2,5,597693
sample,16384,512,fused2,6,600424
sample,16384,512,fused2,7,598544
sample,16384,512,fused2,8,593072
sample,16384,512,fused2,9,598360
sample,16384,512,fused2,10,602266
sample,16384,512,fused2,11,597906
sample,16384,512,fused2,12,610248
sample,16384,512,fused2,13,595748
sample,16384,512,fused2,14,608581
sample,16384,512,fused2,15,593164
sample,16384,512,fused2,16,601406
sample,16384,512,fused2,17,602081
sample,16384,512,fused2,18,599072
sample,16384,512,fused2,19,599573
sample,16384,512,fused2,20,604527
sample,16384,512,fused2,21,602471
sample,16384,512,fused2,22,601701
sample,16384,512,fused2,23,596360
sample,16384,512,fused2,24,593063
sample,16384,512,fused2,25,601452
sample,16384,512,fused2,26,604415
sample,16384,512,fused2,27,595192
sample,16384,512,fused2,28,595063
sample,16384,512,fused2,29,599202
measured,16384,512,tile8,1048576,4194304,5,30,12,622442,631018,08b87a1ca99fa7b8,cc66b7b8fae87df4,none,none
sample,16384,512,tile8,0,613924
sample,16384,512,tile8,1,615647
sample,16384,512,tile8,2,620229
sample,16384,512,tile8,3,624109
sample,16384,512,tile8,4,626183
sample,16384,512,tile8,5,623499
sample,16384,512,tile8,6,615581
sample,16384,512,tile8,7,618174
sample,16384,512,tile8,8,631018
sample,16384,512,tile8,9,612980
sample,16384,512,tile8,10,614841
sample,16384,512,tile8,11,626164
sample,16384,512,tile8,12,627091
sample,16384,512,tile8,13,623849
sample,16384,512,tile8,14,619341
sample,16384,512,tile8,15,624979
sample,16384,512,tile8,16,614599
sample,16384,512,tile8,17,622442
sample,16384,512,tile8,18,622072
sample,16384,512,tile8,19,621341
sample,16384,512,tile8,20,627999
sample,16384,512,tile8,21,624201
sample,16384,512,tile8,22,627683
sample,16384,512,tile8,23,628832
sample,16384,512,tile8,24,622405
sample,16384,512,tile8,25,624396
sample,16384,512,tile8,26,629775
sample,16384,512,tile8,27,617739
sample,16384,512,tile8,28,614831
sample,16384,512,tile8,29,634378
