benchmark=pvp3d_three_candidate_same_device
source_revision=64106a9afeab7d3ac079546a4dc0173fb62bacf7
adapter=NVIDIA Tegra NVIDIA Thor
backend=Vulkan
device_type=IntegratedGpu
vendor_id=4318
device_id=11008
driver=NVIDIA
driver_info=580.00
hardware_measurement_eligible=true
physical_admission=external_remoteops_evidence_required
performance_claim=none
primary_timing_scope=resident_encode_plus_queue_submit_plus_device_wait
state_reset_scope=completed_before_timer
correctness_readback_scope=before_and_after_timing
candidate_order=ABC_ACB_BAC_BCA_CAB_CBA
resident_payload_scope=source_plus_three_states_excludes_driver_uniforms_and_readback
status,k,g,candidate,state_bytes,resident_payload_bytes,warmups,repeats,logical_dispatches,p50_ns,p95_ns,input_checksum,output_checksum,skip_reason,performance_claim
measured,256,128,vec4,4096,16384,5,30,8,251656,272491,4c67926a9205d7b4,956299587c8af4b4,none,none
sample,256,128,vec4,0,255388
sample,256,128,vec4,1,248656
sample,256,128,vec4,2,248499
sample,256,128,vec4,3,249453
sample,256,128,vec4,4,247916
sample,256,128,vec4,5,244963
sample,256,128,vec4,6,245296
sample,256,128,vec4,7,246573
sample,256,128,vec4,8,250037
sample,256,128,vec4,9,253434
sample,256,128,vec4,10,254472
sample,256,128,vec4,11,256888
sample,256,128,vec4,12,295925
sample,256,128,vec4,13,250879
sample,256,128,vec4,14,244360
sample,256,128,vec4,15,248545
sample,256,128,vec4,16,246222
sample,256,128,vec4,17,253629
sample,256,128,vec4,18,257795
sample,256,128,vec4,19,255305
sample,256,128,vec4,20,255110
sample,256,128,vec4,21,256665
sample,256,128,vec4,22,252796
sample,256,128,vec4,23,252286
sample,256,128,vec4,24,249823
sample,256,128,vec4,25,251656
sample,256,128,vec4,26,272491
sample,256,128,vec4,27,252212
sample,256,128,vec4,28,252221
sample,256,128,vec4,29,249295
measured,256,128,fused2,4096,16384,5,30,7,229351,245805,4c67926a9205d7b4,956299587c8af4b4,none,none
sample,256,128,fused2,0,228657
sample,256,128,fused2,1,226295
sample,256,128,fused2,2,228268
sample,256,128,fused2,3,231305
sample,256,128,fused2,4,227323
sample,256,128,fused2,5,223999
sample,256,128,fused2,6,228759
sample,256,128,fused2,7,232369
sample,256,128,fused2,8,226445
sample,256,128,fused2,9,231564
sample,256,128,fused2,10,232232
sample,256,128,fused2,11,230119
sample,256,128,fused2,12,245805
sample,256,128,fused2,13,227269
sample,256,128,fused2,14,223195
sample,256,128,fused2,15,238582
sample,256,128,fused2,16,233352
sample,256,128,fused2,17,232842
sample,256,128,fused2,18,229018
sample,256,128,fused2,19,232111
sample,256,128,fused2,20,229869
sample,256,128,fused2,21,229351
sample,256,128,fused2,22,231045
sample,256,128,fused2,23,231638
sample,256,128,fused2,24,229324
sample,256,128,fused2,25,244582
sample,256,128,fused2,26,277991
sample,256,128,fused2,27,228045
sample,256,128,fused2,28,225916
sample,256,128,fused2,29,229092
measured,256,128,tile8,4096,16384,5,30,6,205823,240489,4c67926a9205d7b4,956299587c8af4b4,none,none
sample,256,128,tile8,0,202832
sample,256,128,tile8,1,203037
sample,256,128,tile8,2,205804
sample,256,128,tile8,3,203759
sample,256,128,tile8,4,209647
sample,256,128,tile8,5,204184
sample,256,128,tile8,6,202666
sample,256,128,tile8,7,204675
sample,256,128,tile8,8,207009
sample,256,128,tile8,9,206240
sample,256,128,tile8,10,207871
sample,256,128,tile8,11,204934
sample,256,128,tile8,12,240489
sample,256,128,tile8,13,204508
sample,256,128,tile8,14,202786
sample,256,128,tile8,15,209156
sample,256,128,tile8,16,204685
sample,256,128,tile8,17,205823
sample,256,128,tile8,18,208185
sample,256,128,tile8,19,209056
sample,256,128,tile8,20,210703
sample,256,128,tile8,21,206953
sample,256,128,tile8,22,209148
sample,256,128,tile8,23,204360
sample,256,128,tile8,24,210611
sample,256,128,tile8,25,272527
sample,256,128,tile8,26,207805
sample,256,128,tile8,27,203212
sample,256,128,tile8,28,204869
sample,256,128,tile8,29,212463
measured,256,512,vec4,16384,65536,5,30,8,259647,581305,38bbe1f688e24d78,1c8bb372f8f1302e,none,none
sample,256,512,vec4,0,252074
sample,256,512,vec4,1,251083
sample,256,512,vec4,2,258602
sample,256,512,vec4,3,254416
sample,256,512,vec4,4,252388
sample,256,512,vec4,5,707026
sample,256,512,vec4,6,275101
sample,256,512,vec4,7,247638
sample,256,512,vec4,8,245333
sample,256,512,vec4,9,248184
sample,256,512,vec4,10,263092
sample,256,512,vec4,11,246444
sample,256,512,vec4,12,244157
sample,256,512,vec4,13,244906
sample,256,512,vec4,14,250314
sample,256,512,vec4,15,251378
sample,256,512,vec4,16,581305
sample,256,512,vec4,17,265805
sample,256,512,vec4,18,260286
sample,256,512,vec4,19,269944
sample,256,512,vec4,20,265276
sample,256,512,vec4,21,257176
sample,256,512,vec4,22,259647
sample,256,512,vec4,23,269231
sample,256,512,vec4,24,261314
sample,256,512,vec4,25,265147
sample,256,512,vec4,26,265554
sample,256,512,vec4,27,269721
sample,256,512,vec4,28,266527
sample,256,512,vec4,29,266591
measured,256,512,fused2,16384,65536,5,30,7,234249,278269,38bbe1f688e24d78,1c8bb372f8f1302e,none,none
sample,256,512,fused2,0,227083
sample,256,512,fused2,1,232490
sample,256,512,fused2,2,231861
sample,256,512,fused2,3,233314
sample,256,512,fused2,4,229509
sample,256,512,fused2,5,234314
sample,256,512,fused2,6,235425
sample,256,512,fused2,7,223518
sample,256,512,fused2,8,219656
sample,256,512,fused2,9,227156
sample,256,512,fused2,10,274323
sample,256,512,fused2,11,224917
sample,256,512,fused2,12,222545
sample,256,512,fused2,13,228804
sample,256,512,fused2,14,223953
sample,256,512,fused2,15,224324
sample,256,512,fused2,16,278269
sample,256,512,fused2,17,235073
sample,256,512,fused2,18,240045
sample,256,512,fused2,19,279008
sample,256,512,fused2,20,238064
sample,256,512,fused2,21,232212
sample,256,512,fused2,22,236944
sample,256,512,fused2,23,234249
sample,256,512,fused2,24,242221
sample,256,512,fused2,25,240288
sample,256,512,fused2,26,237740
sample,256,512,fused2,27,241314
sample,256,512,fused2,28,239814
sample,256,512,fused2,29,238851
measured,256,512,tile8,16384,65536,5,30,6,208425,222175,38bbe1f688e24d78,1c8bb372f8f1302e,none,none
sample,256,512,tile8,0,206684
sample,256,512,tile8,1,211064
sample,256,512,tile8,2,212268
sample,256,512,tile8,3,208008
sample,256,512,tile8,4,208425
sample,256,512,tile8,5,208184
sample,256,512,tile8,6,209286
sample,256,512,tile8,7,200639
sample,256,512,tile8,8,207175
sample,256,512,tile8,9,195629
sample,256,512,tile8,10,222175
sample,256,512,tile8,11,201564
sample,256,512,tile8,12,200073
sample,256,512,tile8,13,198417
sample,256,512,tile8,14,201323
sample,256,512,tile8,15,198065
sample,256,512,tile8,16,203378
sample,256,512,tile8,17,218787
sample,256,512,tile8,18,214361
sample,256,512,tile8,19,209851
sample,256,512,tile8,20,210296
sample,256,512,tile8,21,207065
sample,256,512,tile8,22,209732
sample,256,512,tile8,23,205369
sample,256,512,tile8,24,215175
sample,256,512,tile8,25,211398
sample,256,512,tile8,26,214860
sample,256,512,tile8,27,220101
sample,256,512,tile8,28,227102
sample,256,512,tile8,29,216221
measured,256,2048,vec4,65536,262144,5,30,8,283804,317777,c9e538e9f9dccedd,259153fc2c7bc4e7,none,none
sample,256,2048,vec4,0,270823
sample,256,2048,vec4,1,272426
sample,256,2048,vec4,2,273952
sample,256,2048,vec4,3,283804
sample,256,2048,vec4,4,295379
sample,256,2048,vec4,5,276889
sample,256,2048,vec4,6,273288
sample,256,2048,vec4,7,274731
sample,256,2048,vec4,8,280935
sample,256,2048,vec4,9,280406
sample,256,2048,vec4,10,281193
sample,256,2048,vec4,11,280313
sample,256,2048,vec4,12,281638
sample,256,2048,vec4,13,286305
sample,256,2048,vec4,14,278972
sample,256,2048,vec4,15,287545
sample,256,2048,vec4,16,280749
sample,256,2048,vec4,17,317777
sample,256,2048,vec4,18,282953
sample,256,2048,vec4,19,284111
sample,256,2048,vec4,20,293907
sample,256,2048,vec4,21,288749
sample,256,2048,vec4,22,285174
sample,256,2048,vec4,23,296277
sample,256,2048,vec4,24,293787
sample,256,2048,vec4,25,292685
sample,256,2048,vec4,26,296332
sample,256,2048,vec4,27,294554
sample,256,2048,vec4,28,295629
sample,256,2048,vec4,29,343240
measured,256,2048,fused2,65536,262144,5,30,7,254082,290212,c9e538e9f9dccedd,259153fc2c7bc4e7,none,none
sample,256,2048,fused2,0,245026
sample,256,2048,fused2,1,247860
sample,256,2048,fused2,2,246888
sample,256,2048,fused2,3,245351
sample,256,2048,fused2,4,297489
sample,256,2048,fused2,5,250639
sample,256,2048,fused2,6,245564
sample,256,2048,fused2,7,246768
sample,256,2048,fused2,8,250732
sample,256,2048,fused2,9,252574
sample,256,2048,fused2,10,251453
sample,256,2048,fused2,11,253129
sample,256,2048,fused2,12,252768
sample,256,2048,fused2,13,251889
sample,256,2048,fused2,14,253165
sample,256,2048,fused2,15,254082
sample,256,2048,fused2,16,290212
sample,256,2048,fused2,17,270972
sample,256,2048,fused2,18,261202
sample,256,2048,fused2,19,267740
sample,256,2048,fused2,20,262129
sample,256,2048,fused2,21,266565
sample,256,2048,fused2,22,258823
sample,256,2048,fused2,23,256018
sample,256,2048,fused2,24,262898
sample,256,2048,fused2,25,266156
sample,256,2048,fused2,26,264221
sample,256,2048,fused2,27,263917
sample,256,2048,fused2,28,268879
sample,256,2048,fused2,29,279490
measured,256,2048,tile8,65536,262144,5,30,6,234036,308008,c9e538e9f9dccedd,259153fc2c7bc4e7,none,none
sample,256,2048,tile8,0,223630
sample,256,2048,tile8,1,229389
sample,256,2048,tile8,2,226009
sample,256,2048,tile8,3,225990
sample,256,2048,tile8,4,308008
sample,256,2048,tile8,5,230184
sample,256,2048,tile8,6,228582
sample,256,2048,tile8,7,226823
sample,256,2048,tile8,8,233157
sample,256,2048,tile8,9,236499
sample,256,2048,tile8,10,233647
sample,256,2048,tile8,11,233490
sample,256,2048,tile8,12,241268
sample,256,2048,tile8,13,231778
sample,256,2048,tile8,14,232657
sample,256,2048,tile8,15,233397
sample,256,2048,tile8,16,233138
sample,256,2048,tile8,17,243351
sample,256,2048,tile8,18,235639
sample,256,2048,tile8,19,347721
sample,256,2048,tile8,20,251362
sample,256,2048,tile8,21,238787
sample,256,2048,tile8,22,237064
sample,256,2048,tile8,23,234036
sample,256,2048,tile8,24,245527
sample,256,2048,tile8,25,239934
sample,256,2048,tile8,26,241065
sample,256,2048,tile8,27,242463
sample,256,2048,tile8,28,241064
sample,256,2048,tile8,29,271684
measured,1024,128,vec4,16384,65536,5,30,10,388805,439444,26abf5bddd03bbc5,79acd556594188cd,none,none
sample,1024,128,vec4,0,367286
sample,1024,128,vec4,1,367434
sample,1024,128,vec4,2,404739
sample,1024,128,vec4,3,368221
sample,1024,128,vec4,4,362361
sample,1024,128,vec4,5,374046
sample,1024,128,vec4,6,371925
sample,1024,128,vec4,7,371591
sample,1024,128,vec4,8,377684
sample,1024,128,vec4,9,373407
sample,1024,128,vec4,10,375536
sample,1024,128,vec4,11,381016
sample,1024,128,vec4,12,392443
sample,1024,128,vec4,13,389712
sample,1024,128,vec4,14,376499
sample,1024,128,vec4,15,384110
sample,1024,128,vec4,16,383231
sample,1024,128,vec4,17,390665
sample,1024,128,vec4,18,391536
sample,1024,128,vec4,19,392934
sample,1024,128,vec4,20,388805
sample,1024,128,vec4,21,454017
sample,1024,128,vec4,22,439444
sample,1024,128,vec4,23,389980
sample,1024,128,vec4,24,390092
sample,1024,128,vec4,25,399499
sample,1024,128,vec4,26,402906
sample,1024,128,vec4,27,402638
sample,1024,128,vec4,28,435981
sample,1024,128,vec4,29,397462
measured,1024,128,fused2,16384,65536,5,30,9,352295,371128,26abf5bddd03bbc5,79acd556594188cd,none,none
sample,1024,128,fused2,0,345342
sample,1024,128,fused2,1,341212
sample,1024,128,fused2,2,339619
sample,1024,128,fused2,3,367536
sample,1024,128,fused2,4,344313
sample,1024,128,fused2,5,341379
sample,1024,128,fused2,6,346813
sample,1024,128,fused2,7,349008
sample,1024,128,fused2,8,345518
sample,1024,128,fused2,9,348249
sample,1024,128,fused2,10,344378
sample,1024,128,fused2,11,349212
sample,1024,128,fused2,12,355573
sample,1024,128,fused2,13,350239
sample,1024,128,fused2,14,346935
sample,1024,128,fused2,15,349750
sample,1024,128,fused2,16,352295
sample,1024,128,fused2,17,358573
sample,1024,128,fused2,18,371128
sample,1024,128,fused2,19,361712
sample,1024,128,fused2,20,362453
sample,1024,128,fused2,21,361342
sample,1024,128,fused2,22,360906
sample,1024,128,fused2,23,358916
sample,1024,128,fused2,24,358879
sample,1024,128,fused2,25,370851
sample,1024,128,fused2,26,369583
sample,1024,128,fused2,27,376525
sample,1024,128,fused2,28,367518
sample,1024,128,fused2,29,367480
measured,1024,128,tile8,16384,65536,5,30,8,318943,367906,26abf5bddd03bbc5,79acd556594188cd,none,none
sample,1024,128,tile8,0,306713
sample,1024,128,tile8,1,305610
sample,1024,128,tile8,2,309601
sample,1024,128,tile8,3,306203
sample,1024,128,tile8,4,301999
sample,1024,128,tile8,5,312758
sample,1024,128,tile8,6,310259
sample,1024,128,tile8,7,311907
sample,1024,128,tile8,8,317212
sample,1024,128,tile8,9,310508
sample,1024,128,tile8,10,311352
sample,1024,128,tile8,11,315258
sample,1024,128,tile8,12,388499
sample,1024,128,tile8,13,317962
sample,1024,128,tile8,14,314074
sample,1024,128,tile8,15,318943
sample,1024,128,tile8,16,319406
sample,1024,128,tile8,17,321490
sample,1024,128,tile8,18,323026
sample,1024,128,tile8,19,323101
sample,1024,128,tile8,20,324564
sample,1024,128,tile8,21,326212
sample,1024,128,tile8,22,342582
sample,1024,128,tile8,23,320953
sample,1024,128,tile8,24,331731
sample,1024,128,tile8,25,332666
sample,1024,128,tile8,26,333527
sample,1024,128,tile8,27,333656
sample,1024,128,tile8,28,367906
sample,1024,128,tile8,29,339564
measured,1024,512,vec4,65536,262144,5,30,10,416054,450340,0949b62ffc70d026,7663f0c9d3466943,none,none
sample,1024,512,vec4,0,450340
sample,1024,512,vec4,1,428767
sample,1024,512,vec4,2,409407
sample,1024,512,vec4,3,426860
sample,1024,512,vec4,4,417564
sample,1024,512,vec4,5,414554
sample,1024,512,vec4,6,422146
sample,1024,512,vec4,7,418655
sample,1024,512,vec4,8,414813
sample,1024,512,vec4,9,434564
sample,1024,512,vec4,10,414934
sample,1024,512,vec4,11,410212
sample,1024,512,vec4,12,411175
sample,1024,512,vec4,13,416110
sample,1024,512,vec4,14,412064
sample,1024,512,vec4,15,418471
sample,1024,512,vec4,16,408072
sample,1024,512,vec4,17,430842
sample,1024,512,vec4,18,421425
sample,1024,512,vec4,19,409758
sample,1024,512,vec4,20,410137
sample,1024,512,vec4,21,412581
sample,1024,512,vec4,22,417092
sample,1024,512,vec4,23,466618
sample,1024,512,vec4,24,416860
sample,1024,512,vec4,25,403897
sample,1024,512,vec4,26,409647
sample,1024,512,vec4,27,415564
sample,1024,512,vec4,28,416054
sample,1024,512,vec4,29,423296
measured,1024,512,fused2,65536,262144,5,30,9,380397,415554,0949b62ffc70d026,7663f0c9d3466943,none,none
sample,1024,512,fused2,0,387989
sample,1024,512,fused2,1,377703
sample,1024,512,fused2,2,375323
sample,1024,512,fused2,3,386323
sample,1024,512,fused2,4,386277
sample,1024,512,fused2,5,384351
sample,1024,512,fused2,6,383999
sample,1024,512,fused2,7,381027
sample,1024,512,fused2,8,382008
sample,1024,512,fused2,9,415554
sample,1024,512,fused2,10,379397
sample,1024,512,fused2,11,378073
sample,1024,512,fused2,12,383989
sample,1024,512,fused2,13,380397
sample,1024,512,fused2,14,379916
sample,1024,512,fused2,15,385444
sample,1024,512,fused2,16,378138
sample,1024,512,fused2,17,380637
sample,1024,512,fused2,18,439517
sample,1024,512,fused2,19,376018
sample,1024,512,fused2,20,374314
sample,1024,512,fused2,21,376869
sample,1024,512,fused2,22,374749
sample,1024,512,fused2,23,378286
sample,1024,512,fused2,24,401424
sample,1024,512,fused2,25,375453
sample,1024,512,fused2,26,377416
sample,1024,512,fused2,27,378805
sample,1024,512,fused2,28,384573
sample,1024,512,fused2,29,380416
measured,1024,512,tile8,65536,262144,5,30,8,349480,369656,0949b62ffc70d026,7663f0c9d3466943,none,none
sample,1024,512,tile8,0,383591
sample,1024,512,tile8,1,349638
sample,1024,512,tile8,2,347740
sample,1024,512,tile8,3,345564
sample,1024,512,tile8,4,351814
sample,1024,512,tile8,5,348185
sample,1024,512,tile8,6,350323
sample,1024,512,tile8,7,347860
sample,1024,512,tile8,8,349194
sample,1024,512,tile8,9,369286
sample,1024,512,tile8,10,369656
sample,1024,512,tile8,11,350795
sample,1024,512,tile8,12,349962
sample,1024,512,tile8,13,348582
sample,1024,512,tile8,14,354499
sample,1024,512,tile8,15,351054
sample,1024,512,tile8,16,345305
sample,1024,512,tile8,17,342665
sample,1024,512,tile8,18,344823
sample,1024,512,tile8,19,346184
sample,1024,512,tile8,20,358120
sample,1024,512,tile8,21,348684
sample,1024,512,tile8,22,349480
sample,1024,512,tile8,23,347036
sample,1024,512,tile8,24,354730
sample,1024,512,tile8,25,344981
sample,1024,512,tile8,26,358915
sample,1024,512,tile8,27,351796
sample,1024,512,tile8,28,351527
sample,1024,512,tile8,29,349416
measured,1024,2048,vec4,262144,1048576,5,30,10,418702,435175,2d4a1c573b9665e7,d32c613321b43c7f,none,none
sample,1024,2048,vec4,0,417925
sample,1024,2048,vec4,1,410203
sample,1024,2048,vec4,2,419416
sample,1024,2048,vec4,3,418702
sample,1024,2048,vec4,4,409526
sample,1024,2048,vec4,5,413915
sample,1024,2048,vec4,6,419331
sample,1024,2048,vec4,7,418220
sample,1024,2048,vec4,8,424397
sample,1024,2048,vec4,9,429683
sample,1024,2048,vec4,10,414462
sample,1024,2048,vec4,11,415564
sample,1024,2048,vec4,12,418916
sample,1024,2048,vec4,13,421333
sample,1024,2048,vec4,14,435175
sample,1024,2048,vec4,15,421907
sample,1024,2048,vec4,16,419573
sample,1024,2048,vec4,17,468712
sample,1024,2048,vec4,18,421415
sample,1024,2048,vec4,19,412859
sample,1024,2048,vec4,20,420657
sample,1024,2048,vec4,21,423185
sample,1024,2048,vec4,22,413777
sample,1024,2048,vec4,23,418952
sample,1024,2048,vec4,24,417833
sample,1024,2048,vec4,25,422767
sample,1024,2048,vec4,26,418647
sample,1024,2048,vec4,27,409443
sample,1024,2048,vec4,28,413564
sample,1024,2048,vec4,29,412823
measured,1024,2048,fused2,262144,1048576,5,30,9,384045,428212,2d4a1c573b9665e7,d32c613321b43c7f,none,none
sample,1024,2048,fused2,0,380786
sample,1024,2048,fused2,1,384249
sample,1024,2048,fused2,2,384045
sample,1024,2048,fused2,3,428212
sample,1024,2048,fused2,4,382017
sample,1024,2048,fused2,5,378452
sample,1024,2048,fused2,6,379684
sample,1024,2048,fused2,7,379693
sample,1024,2048,fused2,8,382091
sample,1024,2048,fused2,9,387841
sample,1024,2048,fused2,10,382823
sample,1024,2048,fused2,11,382665
sample,1024,2048,fused2,12,389184
sample,1024,2048,fused2,13,385675
sample,1024,2048,fused2,14,386017
sample,1024,2048,fused2,15,384508
sample,1024,2048,fused2,16,382914
sample,1024,2048,fused2,17,396888
sample,1024,2048,fused2,18,377730
sample,1024,2048,fused2,19,380222
sample,1024,2048,fused2,20,388592
sample,1024,2048,fused2,21,386462
sample,1024,2048,fused2,22,381508
sample,1024,2048,fused2,23,388138
sample,1024,2048,fused2,24,386258
sample,1024,2048,fused2,25,428305
sample,1024,2048,fused2,26,389888
sample,1024,2048,fused2,27,381268
sample,1024,2048,fused2,28,381008
sample,1024,2048,fused2,29,390795
measured,1024,2048,tile8,262144,1048576,5,30,8,366258,375147,2d4a1c573b9665e7,d32c613321b43c7f,none,none
sample,1024,2048,tile8,0,362879
sample,1024,2048,tile8,1,361166
sample,1024,2048,tile8,2,367231
sample,1024,2048,tile8,3,373638
sample,1024,2048,tile8,4,373018
sample,1024,2048,tile8,5,362156
sample,1024,2048,tile8,6,363267
sample,1024,2048,tile8,7,366943
sample,1024,2048,tile8,8,425526
sample,1024,2048,tile8,9,375147
sample,1024,2048,tile8,10,367212
sample,1024,2048,tile8,11,367286
sample,1024,2048,tile8,12,371434
sample,1024,2048,tile8,13,370128
sample,1024,2048,tile8,14,366962
sample,1024,2048,tile8,15,366203
sample,1024,2048,tile8,16,366221
sample,1024,2048,tile8,17,368943
sample,1024,2048,tile8,18,362119
sample,1024,2048,tile8,19,362166
sample,1024,2048,tile8,20,367369
sample,1024,2048,tile8,21,367472
sample,1024,2048,tile8,22,364554
sample,1024,2048,tile8,23,361027
sample,1024,2048,tile8,24,367138
sample,1024,2048,tile8,25,364433
sample,1024,2048,tile8,26,366258
sample,1024,2048,tile8,27,360388
sample,1024,2048,tile8,28,361175
sample,1024,2048,tile8,29,364175
measured,4096,128,vec4,65536,262144,5,30,12,483638,525063,d878e557b6daedce,8cc85ceb09c8efed,none,none
sample,4096,128,vec4,0,484646
sample,4096,128,vec4,1,502296
sample,4096,128,vec4,2,483638
sample,4096,128,vec4,3,506572
sample,4096,128,vec4,4,486433
sample,4096,128,vec4,5,485998
sample,4096,128,vec4,6,481738
sample,4096,128,vec4,7,482768
sample,4096,128,vec4,8,485257
sample,4096,128,vec4,9,489063
sample,4096,128,vec4,10,487194
sample,4096,128,vec4,11,534304
sample,4096,128,vec4,12,485203
sample,4096,128,vec4,13,485110
sample,4096,128,vec4,14,478398
sample,4096,128,vec4,15,479906
sample,4096,128,vec4,16,478935
sample,4096,128,vec4,17,483055
sample,4096,128,vec4,18,483535
sample,4096,128,vec4,19,525063
sample,4096,128,vec4,20,479498
sample,4096,128,vec4,21,479193
sample,4096,128,vec4,22,479424
sample,4096,128,vec4,23,485785
sample,4096,128,vec4,24,488869
sample,4096,128,vec4,25,482638
sample,4096,128,vec4,26,486518
sample,4096,128,vec4,27,481211
sample,4096,128,vec4,28,477805
sample,4096,128,vec4,29,480768
measured,4096,128,fused2,65536,262144,5,30,11,449832,465082,d878e557b6daedce,8cc85ceb09c8efed,none,none
sample,4096,128,fused2,0,450388
sample,4096,128,fused2,1,454397
sample,4096,128,fused2,2,451545
sample,4096,128,fused2,3,450758
sample,4096,128,fused2,4,454740
sample,4096,128,fused2,5,446694
sample,4096,128,fused2,6,449740
sample,4096,128,fused2,7,456582
sample,4096,128,fused2,8,450008
sample,4096,128,fused2,9,448868
sample,4096,128,fused2,10,451739
sample,4096,128,fused2,11,499729
sample,4096,128,fused2,12,446026
sample,4096,128,fused2,13,449091
sample,4096,128,fused2,14,448054
sample,4096,128,fused2,15,448267
sample,4096,128,fused2,16,449832
sample,4096,128,fused2,17,450359
sample,4096,128,fused2,18,446693
sample,4096,128,fused2,19,445786
sample,4096,128,fused2,20,447499
sample,4096,128,fused2,21,447183
sample,4096,128,fused2,22,449592
sample,4096,128,fused2,23,451740
sample,4096,128,fused2,24,447888
sample,4096,128,fused2,25,458119
sample,4096,128,fused2,26,451026
sample,4096,128,fused2,27,465082
sample,4096,128,fused2,28,450637
sample,4096,128,fused2,29,449258
measured,4096,128,tile8,65536,262144,5,30,10,419850,478980,d878e557b6daedce,8cc85ceb09c8efed,none,none
sample,4096,128,tile8,0,418803
sample,4096,128,tile8,1,423896
sample,4096,128,tile8,2,423637
sample,4096,128,tile8,3,418907
sample,4096,128,tile8,4,478980
sample,4096,128,tile8,5,416990
sample,4096,128,tile8,6,422935
sample,4096,128,tile8,7,419573
sample,4096,128,tile8,8,426740
sample,4096,128,tile8,9,421620
sample,4096,128,tile8,10,421138
sample,4096,128,tile8,11,422379
sample,4096,128,tile8,12,417758
sample,4096,128,tile8,13,420611
sample,4096,128,tile8,14,419674
sample,4096,128,tile8,15,418127
sample,4096,128,tile8,16,417221
sample,4096,128,tile8,17,417074
sample,4096,128,tile8,18,418072
sample,4096,128,tile8,19,447907
sample,4096,128,tile8,20,420212
sample,4096,128,tile8,21,417323
sample,4096,128,tile8,22,415861
sample,4096,128,tile8,23,420239
sample,4096,128,tile8,24,422536
sample,4096,128,tile8,25,425388
sample,4096,128,tile8,26,494980
sample,4096,128,tile8,27,419850
sample,4096,128,tile8,28,414979
sample,4096,128,tile8,29,414490
measured,4096,512,vec4,262144,1048576,5,30,12,486971,522017,07e875993970433c,207dceeda1be3f5b,none,none
sample,4096,512,vec4,0,486036
sample,4096,512,vec4,1,487822
sample,4096,512,vec4,2,502879
sample,4096,512,vec4,3,484498
sample,4096,512,vec4,4,493193
sample,4096,512,vec4,5,481953
sample,4096,512,vec4,6,485942
sample,4096,512,vec4,7,485906
sample,4096,512,vec4,8,489507
sample,4096,512,vec4,9,494073
sample,4096,512,vec4,10,484989
sample,4096,512,vec4,11,485841
sample,4096,512,vec4,12,484915
sample,4096,512,vec4,13,484461
sample,4096,512,vec4,14,522017
sample,4096,512,vec4,15,482128
sample,4096,512,vec4,16,494222
sample,4096,512,vec4,17,490174
sample,4096,512,vec4,18,488600
sample,4096,512,vec4,19,486119
sample,4096,512,vec4,20,483786
sample,4096,512,vec4,21,486971
sample,4096,512,vec4,22,492109
sample,4096,512,vec4,23,487081
sample,4096,512,vec4,24,498192
sample,4096,512,vec4,25,478582
sample,4096,512,vec4,26,550100
sample,4096,512,vec4,27,484759
sample,4096,512,vec4,28,489230
sample,4096,512,vec4,29,490619
measured,4096,512,fused2,262144,1048576,5,30,11,452906,482879,07e875993970433c,207dceeda1be3f5b,none,none
sample,4096,512,fused2,0,454434
sample,4096,512,fused2,1,473036
sample,4096,512,fused2,2,489989
sample,4096,512,fused2,3,450980
sample,4096,512,fused2,4,452360
sample,4096,512,fused2,5,447610
sample,4096,512,fused2,6,451313
sample,4096,512,fused2,7,448906
sample,4096,512,fused2,8,455175
sample,4096,512,fused2,9,478609
sample,4096,512,fused2,10,457794
sample,4096,512,fused2,11,466248
sample,4096,512,fused2,12,450461
sample,4096,512,fused2,13,459610
sample,4096,512,fused2,14,467582
sample,4096,512,fused2,15,450407
sample,4096,512,fused2,16,459870
sample,4096,512,fused2,17,454990
sample,4096,512,fused2,18,459194
sample,4096,512,fused2,19,450916
sample,4096,512,fused2,20,445915
sample,4096,512,fused2,21,447897
sample,4096,512,fused2,22,447536
sample,4096,512,fused2,23,450453
sample,4096,512,fused2,24,482879
sample,4096,512,fused2,25,453111
sample,4096,512,fused2,26,449397
sample,4096,512,fused2,27,452906
sample,4096,512,fused2,28,454118
sample,4096,512,fused2,29,452887
measured,4096,512,tile8,262144,1048576,5,30,10,435230,452277,07e875993970433c,207dceeda1be3f5b,none,none
sample,4096,512,tile8,0,433110
sample,4096,512,tile8,1,437971
sample,4096,512,tile8,2,431990
sample,4096,512,tile8,3,436212
sample,4096,512,tile8,4,447240
sample,4096,512,tile8,5,432758
sample,4096,512,tile8,6,433239
sample,4096,512,tile8,7,435230
sample,4096,512,tile8,8,437341
sample,4096,512,tile8,9,509785
sample,4096,512,tile8,10,432072
sample,4096,512,tile8,11,435212
sample,4096,512,tile8,12,434740
sample,4096,512,tile8,13,436499
sample,4096,512,tile8,14,439970
sample,4096,512,tile8,15,430906
sample,4096,512,tile8,16,432924
sample,4096,512,tile8,17,441684
sample,4096,512,tile8,18,434833
sample,4096,512,tile8,19,430804
sample,4096,512,tile8,20,436526
sample,4096,512,tile8,21,445017
sample,4096,512,tile8,22,441619
sample,4096,512,tile8,23,431923
sample,4096,512,tile8,24,436461
sample,4096,512,tile8,25,429545
sample,4096,512,tile8,26,452277
sample,4096,512,tile8,27,439480
sample,4096,512,tile8,28,435045
sample,4096,512,tile8,29,441916
measured,4096,2048,vec4,1048576,4194304,5,30,12,545054,580323,4143a88e49ed614b,e0842ad8f72c0c9f,none,none
sample,4096,2048,vec4,0,540813
sample,4096,2048,vec4,1,549795
sample,4096,2048,vec4,2,543146
sample,4096,2048,vec4,3,550165
sample,4096,2048,vec4,4,555174
sample,4096,2048,vec4,5,559387
sample,4096,2048,vec4,6,543943
sample,4096,2048,vec4,7,543609
sample,4096,2048,vec4,8,557361
sample,4096,2048,vec4,9,544526
sample,4096,2048,vec4,10,547887
sample,4096,2048,vec4,11,564553
sample,4096,2048,vec4,12,545841
sample,4096,2048,vec4,13,546860
sample,4096,2048,vec4,14,544184
sample,4096,2048,vec4,15,543397
sample,4096,2048,vec4,16,593202
sample,4096,2048,vec4,17,541823
sample,4096,2048,vec4,18,543842
sample,4096,2048,vec4,19,555841
sample,4096,2048,vec4,20,541128
sample,4096,2048,vec4,21,545684
sample,4096,2048,vec4,22,547276
sample,4096,2048,vec4,23,545535
sample,4096,2048,vec4,24,545054
sample,4096,2048,vec4,25,541101
sample,4096,2048,vec4,26,580323
sample,4096,2048,vec4,27,543906
sample,4096,2048,vec4,28,543192
sample,4096,2048,vec4,29,543008
measured,4096,2048,fused2,1048576,4194304,5,30,11,512323,542174,4143a88e49ed614b,e0842ad8f72c0c9f,none,none
sample,4096,2048,fused2,0,504831
sample,4096,2048,fused2,1,514712
sample,4096,2048,fused2,2,510629
sample,4096,2048,fused2,3,512675
sample,4096,2048,fused2,4,513535
sample,4096,2048,fused2,5,542174
sample,4096,2048,fused2,6,507823
sample,4096,2048,fused2,7,537563
sample,4096,2048,fused2,8,549119
sample,4096,2048,fused2,9,504083
sample,4096,2048,fused2,10,512323
sample,4096,2048,fused2,11,514683
sample,4096,2048,fused2,12,514072
sample,4096,2048,fused2,13,508119
sample,4096,2048,fused2,14,509275
sample,4096,2048,fused2,15,510332
sample,4096,2048,fused2,16,510804
sample,4096,2048,fused2,17,506259
sample,4096,2048,fused2,18,535396
sample,4096,2048,fused2,19,501239
sample,4096,2048,fused2,20,504739
sample,4096,2048,fused2,21,511239
sample,4096,2048,fused2,22,514018
sample,4096,2048,fused2,23,516933
sample,4096,2048,fused2,24,514305
sample,4096,2048,fused2,25,518702
sample,4096,2048,fused2,26,516629
sample,4096,2048,fused2,27,510406
sample,4096,2048,fused2,28,528470
sample,4096,2048,fused2,29,510943
measured,4096,2048,tile8,1048576,4194304,5,30,10,538692,566841,4143a88e49ed614b,e0842ad8f72c0c9f,none,none
sample,4096,2048,tile8,0,535572
sample,4096,2048,tile8,1,542768
sample,4096,2048,tile8,2,540368
sample,4096,2048,tile8,3,546647
sample,4096,2048,tile8,4,548157
sample,4096,2048,tile8,5,532933
sample,4096,2048,tile8,6,538933
sample,4096,2048,tile8,7,533804
sample,4096,2048,tile8,8,536638
sample,4096,2048,tile8,9,539609
sample,4096,2048,tile8,10,537553
sample,4096,2048,tile8,11,545110
sample,4096,2048,tile8,12,537907
sample,4096,2048,tile8,13,537592
sample,4096,2048,tile8,14,538692
sample,4096,2048,tile8,15,541536
sample,4096,2048,tile8,16,551194
sample,4096,2048,tile8,17,539813
sample,4096,2048,tile8,18,579590
sample,4096,2048,tile8,19,531720
sample,4096,2048,tile8,20,536249
sample,4096,2048,tile8,21,537257
sample,4096,2048,tile8,22,542018
sample,4096,2048,tile8,23,534563
sample,4096,2048,tile8,24,535370
sample,4096,2048,tile8,25,539137
sample,4096,2048,tile8,26,558629
sample,4096,2048,tile8,27,532156
sample,4096,2048,tile8,28,535127
sample,4096,2048,tile8,29,566841
measured,16384,128,vec4,262144,1048576,5,30,14,557472,564971,318e48fc80dadb1f,a09bc0e13ecf9bf8,none,none
sample,16384,128,vec4,0,557906
sample,16384,128,vec4,1,556738
sample,16384,128,vec4,2,564971
sample,16384,128,vec4,3,556202
sample,16384,128,vec4,4,561759
sample,16384,128,vec4,5,558980
sample,16384,128,vec4,6,563990
sample,16384,128,vec4,7,556970
sample,16384,128,vec4,8,555619
sample,16384,128,vec4,9,554813
sample,16384,128,vec4,10,553138
sample,16384,128,vec4,11,555378
sample,16384,128,vec4,12,554453
sample,16384,128,vec4,13,556044
sample,16384,128,vec4,14,552905
sample,16384,128,vec4,15,555193
sample,16384,128,vec4,16,557664
sample,16384,128,vec4,17,569701
sample,16384,128,vec4,18,558396
sample,16384,128,vec4,19,553915
sample,16384,128,vec4,20,563526
sample,16384,128,vec4,21,557970
sample,16384,128,vec4,22,560878
sample,16384,128,vec4,23,556128
sample,16384,128,vec4,24,558795
sample,16384,128,vec4,25,563045
sample,16384,128,vec4,26,558396
sample,16384,128,vec4,27,560387
sample,16384,128,vec4,28,557073
sample,16384,128,vec4,29,557472
measured,16384,128,fused2,262144,1048576,5,30,13,527749,543156,318e48fc80dadb1f,a09bc0e13ecf9bf8,none,none
sample,16384,128,fused2,0,525055
sample,16384,128,fused2,1,524981
sample,16384,128,fused2,2,526202
sample,16384,128,fused2,3,534953
sample,16384,128,fused2,4,531146
sample,16384,128,fused2,5,527767
sample,16384,128,fused2,6,528351
sample,16384,128,fused2,7,529981
sample,16384,128,fused2,8,524137
sample,16384,128,fused2,9,531601
sample,16384,128,fused2,10,527878
sample,16384,128,fused2,11,531388
sample,16384,128,fused2,12,575822
sample,16384,128,fused2,13,526749
sample,16384,128,fused2,14,526118
sample,16384,128,fused2,15,526517
sample,16384,128,fused2,16,529046
sample,16384,128,fused2,17,528933
sample,16384,128,fused2,18,527749
sample,16384,128,fused2,19,535462
sample,16384,128,fused2,20,527035
sample,16384,128,fused2,21,525749
sample,16384,128,fused2,22,525934
sample,16384,128,fused2,23,525146
sample,16384,128,fused2,24,543156
sample,16384,128,fused2,25,523314
sample,16384,128,fused2,26,528877
sample,16384,128,fused2,27,523786
sample,16384,128,fused2,28,537805
sample,16384,128,fused2,29,526415
measured,16384,128,tile8,262144,1048576,5,30,12,503702,527990,318e48fc80dadb1f,a09bc0e13ecf9bf8,none,none
sample,16384,128,tile8,0,503119
sample,16384,128,tile8,1,508470
sample,16384,128,tile8,2,503275
sample,16384,128,tile8,3,504601
sample,16384,128,tile8,4,506147
sample,16384,128,tile8,5,506063
sample,16384,128,tile8,6,509119
sample,16384,128,tile8,7,502759
sample,16384,128,tile8,8,500405
sample,16384,128,tile8,9,503833
sample,16384,128,tile8,10,504638
sample,16384,128,tile8,11,501332
sample,16384,128,tile8,12,502276
sample,16384,128,tile8,13,527990
sample,16384,128,tile8,14,503369
sample,16384,128,tile8,15,630443
sample,16384,128,tile8,16,505554
sample,16384,128,tile8,17,502730
sample,16384,128,tile8,18,503258
sample,16384,128,tile8,19,500184
sample,16384,128,tile8,20,503702
sample,16384,128,tile8,21,502258
sample,16384,128,tile8,22,509230
sample,16384,128,tile8,23,507147
sample,16384,128,tile8,24,508795
sample,16384,128,tile8,25,505628
sample,16384,128,tile8,26,503110
sample,16384,128,tile8,27,500989
sample,16384,128,tile8,28,498915
sample,16384,128,tile8,29,507749
measured,16384,512,vec4,1048576,4194304,5,30,14,821711,839229,08b87a1ca99fa7b8,cc66b7b8fae87df4,none,none
sample,16384,512,vec4,0,626683
sample,16384,512,vec4,1,620203
sample,16384,512,vec4,2,625979
sample,16384,512,vec4,3,818618
sample,16384,512,vec4,4,822332
sample,16384,512,vec4,5,814387
sample,16384,512,vec4,6,818534
sample,16384,512,vec4,7,821034
sample,16384,512,vec4,8,816923
sample,16384,512,vec4,9,827461
sample,16384,512,vec4,10,821034
sample,16384,512,vec4,11,816876
sample,16384,512,vec4,12,826238
sample,16384,512,vec4,13,827349
sample,16384,512,vec4,14,828386
sample,16384,512,vec4,15,822636
sample,16384,512,vec4,16,826600
sample,16384,512,vec4,17,819896
sample,16384,512,vec4,18,819489
sample,16384,512,vec4,19,821711
sample,16384,512,vec4,20,821905
sample,16384,512,vec4,21,825461
sample,16384,512,vec4,22,827451
sample,16384,512,vec4,23,822673
sample,16384,512,vec4,24,822775
sample,16384,512,vec4,25,819165
sample,16384,512,vec4,26,839229
sample,16384,512,vec4,27,842006
sample,16384,512,vec4,28,827359
sample,16384,512,vec4,29,820887
measured,16384,512,fused2,1048576,4194304,5,30,13,773989,787535,08b87a1ca99fa7b8,cc66b7b8fae87df4,none,none
sample,16384,512,fused2,0,589248
sample,16384,512,fused2,1,587294
sample,16384,512,fused2,2,593294
sample,16384,512,fused2,3,771156
sample,16384,512,fused2,4,769080
sample,16384,512,fused2,5,771869
sample,16384,512,fused2,6,773387
sample,16384,512,fused2,7,773841
sample,16384,512,fused2,8,771322
sample,16384,512,fused2,9,773989
sample,16384,512,fused2,10,787535
sample,16384,512,fused2,11,770100
sample,16384,512,fused2,12,777683
sample,16384,512,fused2,13,775730
sample,16384,512,fused2,14,787850
sample,16384,512,fused2,15,785887
sample,16384,512,fused2,16,770980
sample,16384,512,fused2,17,780415
sample,16384,512,fused2,18,780303
sample,16384,512,fused2,19,774858
sample,16384,512,fused2,20,777572
sample,16384,512,fused2,21,781821
sample,16384,512,fused2,22,782442
sample,16384,512,fused2,23,780831
sample,16384,512,fused2,24,770683
sample,16384,512,fused2,25,773665
sample,16384,512,fused2,26,771840
sample,16384,512,fused2,27,774248
sample,16384,512,fused2,28,782248
sample,16384,512,fused2,29,783868
measured,16384,512,tile8,1048576,4194304,5,30,12,800775,807174,08b87a1ca99fa7b8,cc66b7b8fae87df4,none,none
sample,16384,512,tile8,0,618600
sample,16384,512,tile8,1,610860
sample,16384,512,tile8,2,798100
sample,16384,512,tile8,3,795821
sample,16384,512,tile8,4,795211
sample,16384,512,tile8,5,804395
sample,16384,512,tile8,6,792488
sample,16384,512,tile8,7,792395
sample,16384,512,tile8,8,942460
sample,16384,512,tile8,9,798998
sample,16384,512,tile8,10,797858
sample,16384,512,tile8,11,803924
sample,16384,512,tile8,12,805378
sample,16384,512,tile8,13,801415
sample,16384,512,tile8,14,800775
sample,16384,512,tile8,15,801331
sample,16384,512,tile8,16,803164
sample,16384,512,tile8,17,797136
sample,16384,512,tile8,18,798267
sample,16384,512,tile8,19,795497
sample,16384,512,tile8,20,802693
sample,16384,512,tile8,21,802007
sample,16384,512,tile8,22,807174
sample,16384,512,tile8,23,805998
sample,16384,512,tile8,24,798646
sample,16384,512,tile8,25,794266
sample,16384,512,tile8,26,805155
sample,16384,512,tile8,27,801192
sample,16384,512,tile8,28,806026
sample,16384,512,tile8,29,802358
measured,16384,2048,vec4,4194304,16777216,5,30,14,1085571,1093459,6be3b72c15a212b9,3199380bd5011e6c,none,none
sample,16384,2048,vec4,0,1087932
sample,16384,2048,vec4,1,1078227
sample,16384,2048,vec4,2,1093459
sample,16384,2048,vec4,3,1087479
sample,16384,2048,vec4,4,1088163
sample,16384,2048,vec4,5,1093589
sample,16384,2048,vec4,6,1080515
sample,16384,2048,vec4,7,1081034
sample,16384,2048,vec4,8,1089164
sample,16384,2048,vec4,9,1087663
sample,16384,2048,vec4,10,1089802
sample,16384,2048,vec4,11,1085145
sample,16384,2048,vec4,12,1086932
sample,16384,2048,vec4,13,1083238
sample,16384,2048,vec4,14,1090747
sample,16384,2048,vec4,15,1082886
sample,16384,2048,vec4,16,1087479
sample,16384,2048,vec4,17,1086579
sample,16384,2048,vec4,18,1080459
sample,16384,2048,vec4,19,1080747
sample,16384,2048,vec4,20,1085848
sample,16384,2048,vec4,21,1093070
sample,16384,2048,vec4,22,1085191
sample,16384,2048,vec4,23,1085571
sample,16384,2048,vec4,24,1082979
sample,16384,2048,vec4,25,1080219
sample,16384,2048,vec4,26,1085969
sample,16384,2048,vec4,27,1075978
sample,16384,2048,vec4,28,1075033
sample,16384,2048,vec4,29,1084599
measured,16384,2048,fused2,4194304,16777216,5,30,13,1029636,1049997,6be3b72c15a212b9,3199380bd5011e6c,none,none
sample,16384,2048,fused2,0,1036822
sample,16384,2048,fused2,1,1025553
sample,16384,2048,fused2,2,1029710
sample,16384,2048,fused2,3,1030460
sample,16384,2048,fused2,4,1041173
sample,16384,2048,fused2,5,1026988
sample,16384,2048,fused2,6,1026200
sample,16384,2048,fused2,7,1035645
sample,16384,2048,fused2,8,1028302
sample,16384,2048,fused2,9,1030655
sample,16384,2048,fused2,10,1035053
sample,16384,2048,fused2,11,1025414
sample,16384,2048,fused2,12,1020877
sample,16384,2048,fused2,13,1059766
sample,16384,2048,fused2,14,1043062
sample,16384,2048,fused2,15,1035618
sample,16384,2048,fused2,16,1029636
sample,16384,2048,fused2,17,1021746
sample,16384,2048,fused2,18,1029821
sample,16384,2048,fused2,19,1029062
sample,16384,2048,fused2,20,1024580
sample,16384,2048,fused2,21,1024590
sample,16384,2048,fused2,22,1021293
sample,16384,2048,fused2,23,1049997
sample,16384,2048,fused2,24,1045061
sample,16384,2048,fused2,25,1030997
sample,16384,2048,fused2,26,1027738
sample,16384,2048,fused2,27,1026423
sample,16384,2048,fused2,28,1028553
sample,16384,2048,fused2,29,1032293
measured,16384,2048,tile8,4194304,16777216,5,30,12,1215830,1229449,6be3b72c15a212b9,3199380bd5011e6c,none,none
sample,16384,2048,tile8,0,1211098
sample,16384,2048,tile8,1,1214551
sample,16384,2048,tile8,2,1210950
sample,16384,2048,tile8,3,1216266
sample,16384,2048,tile8,4,1227265
sample,16384,2048,tile8,5,1222875
sample,16384,2048,tile8,6,1215942
sample,16384,2048,tile8,7,1215830
sample,16384,2048,tile8,8,1214284
sample,16384,2048,tile8,9,1220664
sample,16384,2048,tile8,10,1225375
sample,16384,2048,tile8,11,1206543
sample,16384,2048,tile8,12,1211172
sample,16384,2048,tile8,13,1243349
sample,16384,2048,tile8,14,1224497
sample,16384,2048,tile8,15,1216487
sample,16384,2048,tile8,16,1212663
sample,16384,2048,tile8,17,1212395
sample,16384,2048,tile8,18,1211941
sample,16384,2048,tile8,19,1227098
sample,16384,2048,tile8,20,1213820
sample,16384,2048,tile8,21,1229449
sample,16384,2048,tile8,22,1217256
sample,16384,2048,tile8,23,1220450
sample,16384,2048,tile8,24,1218173
sample,16384,2048,tile8,25,1227663
sample,16384,2048,tile8,26,1215719
sample,16384,2048,tile8,27,1213173
sample,16384,2048,tile8,28,1211431
sample,16384,2048,tile8,29,1211551
measured,65536,128,vec4,1048576,4194304,5,30,16,936914,984497,9ec0db29a14c575b,4098921c6b362ecd,none,none
sample,65536,128,vec4,0,930220
sample,65536,128,vec4,1,924376
sample,65536,128,vec4,2,940553
sample,65536,128,vec4,3,933702
sample,65536,128,vec4,4,943608
sample,65536,128,vec4,5,931183
sample,65536,128,vec4,6,926211
sample,65536,128,vec4,7,916683
sample,65536,128,vec4,8,936914
sample,65536,128,vec4,9,932673
sample,65536,128,vec4,10,939424
sample,65536,128,vec4,11,987914
sample,65536,128,vec4,12,937709
sample,65536,128,vec4,13,932785
sample,65536,128,vec4,14,937571
sample,65536,128,vec4,15,946183
sample,65536,128,vec4,16,957867
sample,65536,128,vec4,17,942775
sample,65536,128,vec4,18,984497
sample,65536,128,vec4,19,940219
sample,65536,128,vec4,20,935793
sample,65536,128,vec4,21,952043
sample,65536,128,vec4,22,950257
sample,65536,128,vec4,23,928627
sample,65536,128,vec4,24,928516
sample,65536,128,vec4,25,958099
sample,65536,128,vec4,26,932923
sample,65536,128,vec4,27,934876
sample,65536,128,vec4,28,944470
sample,65536,128,vec4,29,919886
measured,65536,128,fused2,1048576,4194304,5,30,15,908497,949247,9ec0db29a14c575b,4098921c6b362ecd,none,none
sample,65536,128,fused2,0,911655
sample,65536,128,fused2,1,915534
sample,65536,128,fused2,2,895525
sample,65536,128,fused2,3,902581
sample,65536,128,fused2,4,913543
sample,65536,128,fused2,5,905052
sample,65536,128,fused2,6,904174
sample,65536,128,fused2,7,908497
sample,65536,128,fused2,8,916802
sample,65536,128,fused2,9,912256
sample,65536,128,fused2,10,908498
sample,65536,128,fused2,11,932276
sample,65536,128,fused2,12,951886
sample,65536,128,fused2,13,909378
sample,65536,128,fused2,14,910998
sample,65536,128,fused2,15,914988
sample,65536,128,fused2,16,896635
sample,65536,128,fused2,17,907238
sample,65536,128,fused2,18,920654
sample,65536,128,fused2,19,896145
sample,65536,128,fused2,20,912997
sample,65536,128,fused2,21,895117
sample,65536,128,fused2,22,898091
sample,65536,128,fused2,23,901988
sample,65536,128,fused2,24,935914
sample,65536,128,fused2,25,904294
sample,65536,128,fused2,26,897414
sample,65536,128,fused2,27,905442
sample,65536,128,fused2,28,949247
sample,65536,128,fused2,29,894941
measured,65536,128,tile8,1048576,4194304,5,30,14,915275,947368,9ec0db29a14c575b,4098921c6b362ecd,none,none
sample,65536,128,tile8,0,904747
sample,65536,128,tile8,1,915275
sample,65536,128,tile8,2,913664
sample,65536,128,tile8,3,913849
sample,65536,128,tile8,4,919422
sample,65536,128,tile8,5,915895
sample,65536,128,tile8,6,911136
sample,65536,128,tile8,7,898332
sample,65536,128,tile8,8,917154
sample,65536,128,tile8,9,916182
sample,65536,128,tile8,10,911497
sample,65536,128,tile8,11,905063
sample,65536,128,tile8,12,913350
sample,65536,128,tile8,13,905748
sample,65536,128,tile8,14,913210
sample,65536,128,tile8,15,929543
sample,65536,128,tile8,16,920044
sample,65536,128,tile8,17,901432
sample,65536,128,tile8,18,947368
sample,65536,128,tile8,19,918719
sample,65536,128,tile8,20,915747
sample,65536,128,tile8,21,901534
sample,65536,128,tile8,22,918257
sample,65536,128,tile8,23,919034
sample,65536,128,tile8,24,912331
sample,65536,128,tile8,25,912210
sample,65536,128,tile8,26,916229
sample,65536,128,tile8,27,919848
sample,65536,128,tile8,28,962406
sample,65536,128,tile8,29,933525

thread 'main' panicked at examples/pvp3d_three_candidate_bench.rs:159:13:
assertion `left == right` failed: PVP3d pre-timing oracle mismatch K=65536 G=512 candidate=Vec4
  left: [full vector retained losslessly as deterministic oracle plus mismatch-delta.csv; see mismatch-manifest.json]
 right: [full vector retained losslessly as deterministic oracle plus mismatch-delta.csv; see mismatch-manifest.json]
note: run with `RUST_BACKTRACE=1` environment variable to display a backtrace
