benchmark=pvp3d_three_candidate_same_device
source_revision=2fc5ad2ca4f5c27e2b1fdbb0ed328e6820e273af
explicit_map_transition=true
adapter=NVIDIA Tegra NVIDIA Thor
backend=Vulkan
device_type=IntegratedGpu
vendor_id=4318
device_id=11008
driver=NVIDIA
driver_info=580.00
hardware_measurement_eligible=true
physical_admission=external_remoteops_evidence_required
performance_claim=none
primary_timing_scope=resident_encode_plus_queue_submit_plus_device_wait
state_reset_scope=completed_before_timer
correctness_readback_scope=before_and_after_timing
candidate_order=ABC_ACB_BAC_BCA_CAB_CBA
resident_payload_scope=source_plus_three_states_excludes_driver_uniforms_and_readback
status,k,g,candidate,state_bytes,resident_payload_bytes,warmups,repeats,logical_dispatches,p50_ns,p95_ns,input_checksum,output_checksum,skip_reason,performance_claim
measured,256,128,vec4,4096,16384,5,30,8,406563,432767,4c67926a9205d7b4,956299587c8af4b4,none,none
sample,256,128,vec4,0,402998
sample,256,128,vec4,1,402304
sample,256,128,vec4,2,418859
sample,256,128,vec4,3,392980
sample,256,128,vec4,4,389999
sample,256,128,vec4,5,394888
sample,256,128,vec4,6,406563
sample,256,128,vec4,7,405591
sample,256,128,vec4,8,405064
sample,256,128,vec4,9,420878
sample,256,128,vec4,10,414878
sample,256,128,vec4,11,418961
sample,256,128,vec4,12,418128
sample,256,128,vec4,13,416470
sample,256,128,vec4,14,428313
sample,256,128,vec4,15,424026
sample,256,128,vec4,16,423581
sample,256,128,vec4,17,423453
sample,256,128,vec4,18,421748
sample,256,128,vec4,19,412573
sample,256,128,vec4,20,430147
sample,256,128,vec4,21,432767
sample,256,128,vec4,22,433694
sample,256,128,vec4,23,262342
sample,256,128,vec4,24,259962
sample,256,128,vec4,25,260287
sample,256,128,vec4,26,304924
sample,256,128,vec4,27,270721
sample,256,128,vec4,28,269490
sample,256,128,vec4,29,269305
measured,256,128,fused2,4096,16384,5,30,7,383203,440794,4c67926a9205d7b4,956299587c8af4b4,none,none
sample,256,128,fused2,0,382045
sample,256,128,fused2,1,380415
sample,256,128,fused2,2,384962
sample,256,128,fused2,3,382907
sample,256,128,fused2,4,378907
sample,256,128,fused2,5,369646
sample,256,128,fused2,6,382888
sample,256,128,fused2,7,384877
sample,256,128,fused2,8,379694
sample,256,128,fused2,9,383203
sample,256,128,fused2,10,383462
sample,256,128,fused2,11,390916
sample,256,128,fused2,12,393878
sample,256,128,fused2,13,395813
sample,256,128,fused2,14,406916
sample,256,128,fused2,15,398248
sample,256,128,fused2,16,405323
sample,256,128,fused2,17,442442
sample,256,128,fused2,18,391740
sample,256,128,fused2,19,405805
sample,256,128,fused2,20,394416
sample,256,128,fused2,21,410721
sample,256,128,fused2,22,253165
sample,256,128,fused2,23,264119
sample,256,128,fused2,24,230008
sample,256,128,fused2,25,237352
sample,256,128,fused2,26,440794
sample,256,128,fused2,27,243897
sample,256,128,fused2,28,239045
sample,256,128,fused2,29,242184
measured,256,128,tile8,4096,16384,5,30,6,358870,391851,4c67926a9205d7b4,956299587c8af4b4,none,none
sample,256,128,tile8,0,356925
sample,256,128,tile8,1,357499
sample,256,128,tile8,2,384665
sample,256,128,tile8,3,353416
sample,256,128,tile8,4,346897
sample,256,128,tile8,5,345870
sample,256,128,tile8,6,358870
sample,256,128,tile8,7,368981
sample,256,128,tile8,8,391851
sample,256,128,tile8,9,358379
sample,256,128,tile8,10,400416
sample,256,128,tile8,11,358201
sample,256,128,tile8,12,372194
sample,256,128,tile8,13,370656
sample,256,128,tile8,14,380527
sample,256,128,tile8,15,379730
sample,256,128,tile8,16,375452
sample,256,128,tile8,17,378657
sample,256,128,tile8,18,366313
sample,256,128,tile8,19,365988
sample,256,128,tile8,20,380499
sample,256,128,tile8,21,380480
sample,256,128,tile8,22,381980
sample,256,128,tile8,23,232045
sample,256,128,tile8,24,203611
sample,256,128,tile8,25,209565
sample,256,128,tile8,26,219453
sample,256,128,tile8,27,214472
sample,256,128,tile8,28,218434
sample,256,128,tile8,29,212425
measured,256,512,vec4,16384,65536,5,30,8,447619,496942,38bbe1f688e24d78,1c8bb372f8f1302e,none,none
sample,256,512,vec4,0,271527
sample,256,512,vec4,1,266925
sample,256,512,vec4,2,265971
sample,256,512,vec4,3,266805
sample,256,512,vec4,4,270249
sample,256,512,vec4,5,277119
sample,256,512,vec4,6,275360
sample,256,512,vec4,7,272157
sample,256,512,vec4,8,293397
sample,256,512,vec4,9,273730
sample,256,512,vec4,10,271240
sample,256,512,vec4,11,271239
sample,256,512,vec4,12,286805
sample,256,512,vec4,13,279424
sample,256,512,vec4,14,452915
sample,256,512,vec4,15,453285
sample,256,512,vec4,16,455192
sample,256,512,vec4,17,468998
sample,256,512,vec4,18,447619
sample,256,512,vec4,19,457582
sample,256,512,vec4,20,469193
sample,256,512,vec4,21,466804
sample,256,512,vec4,22,464804
sample,256,512,vec4,23,479629
sample,256,512,vec4,24,480238
sample,256,512,vec4,25,482305
sample,256,512,vec4,26,489155
sample,256,512,vec4,27,496942
sample,256,512,vec4,28,496340
sample,256,512,vec4,29,508794
measured,256,512,fused2,16384,65536,5,30,7,425054,469998,38bbe1f688e24d78,1c8bb372f8f1302e,none,none
sample,256,512,fused2,0,252712
sample,256,512,fused2,1,238721
sample,256,512,fused2,2,239823
sample,256,512,fused2,3,239684
sample,256,512,fused2,4,247314
sample,256,512,fused2,5,246795
sample,256,512,fused2,6,247231
sample,256,512,fused2,7,276694
sample,256,512,fused2,8,252388
sample,256,512,fused2,9,250813
sample,256,512,fused2,10,247805
sample,256,512,fused2,11,246351
sample,256,512,fused2,12,248167
sample,256,512,fused2,13,425054
sample,256,512,fused2,14,427480
sample,256,512,fused2,15,426509
sample,256,512,fused2,16,767155
sample,256,512,fused2,17,434768
sample,256,512,fused2,18,423794
sample,256,512,fused2,19,434323
sample,256,512,fused2,20,433083
sample,256,512,fused2,21,450091
sample,256,512,fused2,22,434414
sample,256,512,fused2,23,436008
sample,256,512,fused2,24,448414
sample,256,512,fused2,25,453850
sample,256,512,fused2,26,448508
sample,256,512,fused2,27,452980
sample,256,512,fused2,28,454444
sample,256,512,fused2,29,469998
measured,256,512,tile8,16384,65536,5,30,6,391240,426610,38bbe1f688e24d78,1c8bb372f8f1302e,none,none
sample,256,512,tile8,0,214453
sample,256,512,tile8,1,211054
sample,256,512,tile8,2,214240
sample,256,512,tile8,3,212648
sample,256,512,tile8,4,214760
sample,256,512,tile8,5,219147
sample,256,512,tile8,6,220601
sample,256,512,tile8,7,223064
sample,256,512,tile8,8,248749
sample,256,512,tile8,9,222723
sample,256,512,tile8,10,217704
sample,256,512,tile8,11,222371
sample,256,512,tile8,12,225518
sample,256,512,tile8,13,226981
sample,256,512,tile8,14,396545
sample,256,512,tile8,15,398601
sample,256,512,tile8,16,397137
sample,256,512,tile8,17,431592
sample,256,512,tile8,18,391240
sample,256,512,tile8,19,405842
sample,256,512,tile8,20,410137
sample,256,512,tile8,21,408379
sample,256,512,tile8,22,407101
sample,256,512,tile8,23,405758
sample,256,512,tile8,24,417693
sample,256,512,tile8,25,419332
sample,256,512,tile8,26,424776
sample,256,512,tile8,27,425194
sample,256,512,tile8,28,423267
sample,256,512,tile8,29,426610
measured,256,2048,vec4,65536,262144,5,30,8,514907,580405,c9e538e9f9dccedd,259153fc2c7bc4e7,none,none
sample,256,2048,vec4,0,508350
sample,256,2048,vec4,1,512285
sample,256,2048,vec4,2,514907
sample,256,2048,vec4,3,503109
sample,256,2048,vec4,4,509601
sample,256,2048,vec4,5,523692
sample,256,2048,vec4,6,516702
sample,256,2048,vec4,7,517794
sample,256,2048,vec4,8,580405
sample,256,2048,vec4,9,506008
sample,256,2048,vec4,10,507360
sample,256,2048,vec4,11,517101
sample,256,2048,vec4,12,591998
sample,256,2048,vec4,13,501767
sample,256,2048,vec4,14,515896
sample,256,2048,vec4,15,519703
sample,256,2048,vec4,16,517378
sample,256,2048,vec4,17,513360
sample,256,2048,vec4,18,512063
sample,256,2048,vec4,19,511498
sample,256,2048,vec4,20,517850
sample,256,2048,vec4,21,538601
sample,256,2048,vec4,22,527314
sample,256,2048,vec4,23,530128
sample,256,2048,vec4,24,508748
sample,256,2048,vec4,25,511044
sample,256,2048,vec4,26,518990
sample,256,2048,vec4,27,508424
sample,256,2048,vec4,28,505999
sample,256,2048,vec4,29,516786
measured,256,2048,fused2,65536,262144,5,30,7,481535,531869,c9e538e9f9dccedd,259153fc2c7bc4e7,none,none
sample,256,2048,fused2,0,469416
sample,256,2048,fused2,1,487370
sample,256,2048,fused2,2,481535
sample,256,2048,fused2,3,486036
sample,256,2048,fused2,4,478461
sample,256,2048,fused2,5,482277
sample,256,2048,fused2,6,490888
sample,256,2048,fused2,7,481248
sample,256,2048,fused2,8,487479
sample,256,2048,fused2,9,477850
sample,256,2048,fused2,10,483758
sample,256,2048,fused2,11,487646
sample,256,2048,fused2,12,522610
sample,256,2048,fused2,13,475481
sample,256,2048,fused2,14,480489
sample,256,2048,fused2,15,485183
sample,256,2048,fused2,16,482564
sample,256,2048,fused2,17,483146
sample,256,2048,fused2,18,480379
sample,256,2048,fused2,19,476360
sample,256,2048,fused2,20,483739
sample,256,2048,fused2,21,479498
sample,256,2048,fused2,22,478378
sample,256,2048,fused2,23,586109
sample,256,2048,fused2,24,471655
sample,256,2048,fused2,25,476036
sample,256,2048,fused2,26,474794
sample,256,2048,fused2,27,531869
sample,256,2048,fused2,28,471841
sample,256,2048,fused2,29,483109
measured,256,2048,tile8,65536,262144,5,30,6,451961,686672,c9e538e9f9dccedd,259153fc2c7bc4e7,none,none
sample,256,2048,tile8,0,445323
sample,256,2048,tile8,1,452683
sample,256,2048,tile8,2,457980
sample,256,2048,tile8,3,456517
sample,256,2048,tile8,4,449767
sample,256,2048,tile8,5,451961
sample,256,2048,tile8,6,455146
sample,256,2048,tile8,7,455194
sample,256,2048,tile8,8,493230
sample,256,2048,tile8,9,442295
sample,256,2048,tile8,10,441166
sample,256,2048,tile8,11,451990
sample,256,2048,tile8,12,445740
sample,256,2048,tile8,13,446175
sample,256,2048,tile8,14,449082
sample,256,2048,tile8,15,455795
sample,256,2048,tile8,16,456157
sample,256,2048,tile8,17,457666
sample,256,2048,tile8,18,443202
sample,256,2048,tile8,19,443980
sample,256,2048,tile8,20,459423
sample,256,2048,tile8,21,443063
sample,256,2048,tile8,22,465924
sample,256,2048,tile8,23,775951
sample,256,2048,tile8,24,485406
sample,256,2048,tile8,25,445286
sample,256,2048,tile8,26,686672
sample,256,2048,tile8,27,449304
sample,256,2048,tile8,28,443563
sample,256,2048,tile8,29,443572
measured,1024,128,vec4,16384,65536,5,30,10,600498,616100,26abf5bddd03bbc5,79acd556594188cd,none,none
sample,1024,128,vec4,0,594730
sample,1024,128,vec4,1,583146
sample,1024,128,vec4,2,586462
sample,1024,128,vec4,3,599137
sample,1024,128,vec4,4,599211
sample,1024,128,vec4,5,606849
sample,1024,128,vec4,6,603054
sample,1024,128,vec4,7,593803
sample,1024,128,vec4,8,601147
sample,1024,128,vec4,9,602942
sample,1024,128,vec4,10,585044
sample,1024,128,vec4,11,604813
sample,1024,128,vec4,12,603507
sample,1024,128,vec4,13,607887
sample,1024,128,vec4,14,598331
sample,1024,128,vec4,15,588961
sample,1024,128,vec4,16,596563
sample,1024,128,vec4,17,600498
sample,1024,128,vec4,18,616100
sample,1024,128,vec4,19,593137
sample,1024,128,vec4,20,604998
sample,1024,128,vec4,21,604507
sample,1024,128,vec4,22,602971
sample,1024,128,vec4,23,588618
sample,1024,128,vec4,24,596803
sample,1024,128,vec4,25,603664
sample,1024,128,vec4,26,634350
sample,1024,128,vec4,27,596350
sample,1024,128,vec4,28,602091
sample,1024,128,vec4,29,601896
measured,1024,128,fused2,16384,65536,5,30,9,567738,595896,26abf5bddd03bbc5,79acd556594188cd,none,none
sample,1024,128,fused2,0,561507
sample,1024,128,fused2,1,589498
sample,1024,128,fused2,2,555535
sample,1024,128,fused2,3,566507
sample,1024,128,fused2,4,567961
sample,1024,128,fused2,5,566730
sample,1024,128,fused2,6,568896
sample,1024,128,fused2,7,567683
sample,1024,128,fused2,8,555415
sample,1024,128,fused2,9,572007
sample,1024,128,fused2,10,558942
sample,1024,128,fused2,11,565517
sample,1024,128,fused2,12,571472
sample,1024,128,fused2,13,570933
sample,1024,128,fused2,14,568146
sample,1024,128,fused2,15,568684
sample,1024,128,fused2,16,573212
sample,1024,128,fused2,17,567738
sample,1024,128,fused2,18,567776
sample,1024,128,fused2,19,570489
sample,1024,128,fused2,20,570183
sample,1024,128,fused2,21,565572
sample,1024,128,fused2,22,595896
sample,1024,128,fused2,23,565146
sample,1024,128,fused2,24,565433
sample,1024,128,fused2,25,566156
sample,1024,128,fused2,26,613433
sample,1024,128,fused2,27,558083
sample,1024,128,fused2,28,575174
sample,1024,128,fused2,29,567544
measured,1024,128,tile8,16384,65536,5,30,8,529461,566553,26abf5bddd03bbc5,79acd556594188cd,none,none
sample,1024,128,tile8,0,522517
sample,1024,128,tile8,1,566553
sample,1024,128,tile8,2,518924
sample,1024,128,tile8,3,531081
sample,1024,128,tile8,4,536591
sample,1024,128,tile8,5,529739
sample,1024,128,tile8,6,528656
sample,1024,128,tile8,7,519702
sample,1024,128,tile8,8,535378
sample,1024,128,tile8,9,530990
sample,1024,128,tile8,10,529461
sample,1024,128,tile8,11,523508
sample,1024,128,tile8,12,539184
sample,1024,128,tile8,13,528804
sample,1024,128,tile8,14,525646
sample,1024,128,tile8,15,519063
sample,1024,128,tile8,16,519488
sample,1024,128,tile8,17,536721
sample,1024,128,tile8,18,515916
sample,1024,128,tile8,19,518507
sample,1024,128,tile8,20,530424
sample,1024,128,tile8,21,529796
sample,1024,128,tile8,22,530536
sample,1024,128,tile8,23,581100
sample,1024,128,tile8,24,531711
sample,1024,128,tile8,25,536350
sample,1024,128,tile8,26,513174
sample,1024,128,tile8,27,519387
sample,1024,128,tile8,28,530101
sample,1024,128,tile8,29,529026
measured,1024,512,vec4,65536,262144,5,30,10,597137,609590,0949b62ffc70d026,7663f0c9d3466943,none,none
sample,1024,512,vec4,0,587989
sample,1024,512,vec4,1,582368
sample,1024,512,vec4,2,588535
sample,1024,512,vec4,3,587248
sample,1024,512,vec4,4,598775
sample,1024,512,vec4,5,600192
sample,1024,512,vec4,6,603442
sample,1024,512,vec4,7,583257
sample,1024,512,vec4,8,597905
sample,1024,512,vec4,9,599924
sample,1024,512,vec4,10,597137
sample,1024,512,vec4,11,586109
sample,1024,512,vec4,12,796701
sample,1024,512,vec4,13,597952
sample,1024,512,vec4,14,594341
sample,1024,512,vec4,15,609590
sample,1024,512,vec4,16,417388
sample,1024,512,vec4,17,606600
sample,1024,512,vec4,18,604989
sample,1024,512,vec4,19,589656
sample,1024,512,vec4,20,586702
sample,1024,512,vec4,21,602980
sample,1024,512,vec4,22,599860
sample,1024,512,vec4,23,576896
sample,1024,512,vec4,24,574591
sample,1024,512,vec4,25,586433
sample,1024,512,vec4,26,599369
sample,1024,512,vec4,27,602414
sample,1024,512,vec4,28,586636
sample,1024,512,vec4,29,601211
measured,1024,512,fused2,65536,262144,5,30,9,559480,596322,0949b62ffc70d026,7663f0c9d3466943,none,none
sample,1024,512,fused2,0,557850
sample,1024,512,fused2,1,550683
sample,1024,512,fused2,2,548350
sample,1024,512,fused2,3,558628
sample,1024,512,fused2,4,567823
sample,1024,512,fused2,5,565563
sample,1024,512,fused2,6,550544
sample,1024,512,fused2,7,566230
sample,1024,512,fused2,8,562990
sample,1024,512,fused2,9,566554
sample,1024,512,fused2,10,571804
sample,1024,512,fused2,11,549656
sample,1024,512,fused2,12,574934
sample,1024,512,fused2,13,606220
sample,1024,512,fused2,14,596322
sample,1024,512,fused2,15,556294
sample,1024,512,fused2,16,383231
sample,1024,512,fused2,17,575544
sample,1024,512,fused2,18,562896
sample,1024,512,fused2,19,559480
sample,1024,512,fused2,20,548109
sample,1024,512,fused2,21,568221
sample,1024,512,fused2,22,540961
sample,1024,512,fused2,23,540054
sample,1024,512,fused2,24,558100
sample,1024,512,fused2,25,552674
sample,1024,512,fused2,26,562239
sample,1024,512,fused2,27,566841
sample,1024,512,fused2,28,553887
sample,1024,512,fused2,29,567044
measured,1024,512,tile8,65536,262144,5,30,8,531518,549017,0949b62ffc70d026,7663f0c9d3466943,none,none
sample,1024,512,tile8,0,519887
sample,1024,512,tile8,1,515961
sample,1024,512,tile8,2,547657
sample,1024,512,tile8,3,519647
sample,1024,512,tile8,4,524442
sample,1024,512,tile8,5,533498
sample,1024,512,tile8,6,523535
sample,1024,512,tile8,7,533081
sample,1024,512,tile8,8,539164
sample,1024,512,tile8,9,532109
sample,1024,512,tile8,10,537211
sample,1024,512,tile8,11,537202
sample,1024,512,tile8,12,531518
sample,1024,512,tile8,13,536387
sample,1024,512,tile8,14,529286
sample,1024,512,tile8,15,582656
sample,1024,512,tile8,16,533887
sample,1024,512,tile8,17,350628
sample,1024,512,tile8,18,532656
sample,1024,512,tile8,19,549017
sample,1024,512,tile8,20,523832
sample,1024,512,tile8,21,533942
sample,1024,512,tile8,22,539147
sample,1024,512,tile8,23,510313
sample,1024,512,tile8,24,523906
sample,1024,512,tile8,25,522424
sample,1024,512,tile8,26,542377
sample,1024,512,tile8,27,528369
sample,1024,512,tile8,28,529091
sample,1024,512,tile8,29,520489
measured,1024,2048,vec4,262144,1048576,5,30,10,602887,628674,2d4a1c573b9665e7,d32c613321b43c7f,none,none
sample,1024,2048,vec4,0,606035
sample,1024,2048,vec4,1,609905
sample,1024,2048,vec4,2,601572
sample,1024,2048,vec4,3,610007
sample,1024,2048,vec4,4,602350
sample,1024,2048,vec4,5,619943
sample,1024,2048,vec4,6,589934
sample,1024,2048,vec4,7,592340
sample,1024,2048,vec4,8,596470
sample,1024,2048,vec4,9,595378
sample,1024,2048,vec4,10,603914
sample,1024,2048,vec4,11,596933
sample,1024,2048,vec4,12,611007
sample,1024,2048,vec4,13,608970
sample,1024,2048,vec4,14,592535
sample,1024,2048,vec4,15,606553
sample,1024,2048,vec4,16,603035
sample,1024,2048,vec4,17,609757
sample,1024,2048,vec4,18,601896
sample,1024,2048,vec4,19,594026
sample,1024,2048,vec4,20,600629
sample,1024,2048,vec4,21,635701
sample,1024,2048,vec4,22,593970
sample,1024,2048,vec4,23,604424
sample,1024,2048,vec4,24,600377
sample,1024,2048,vec4,25,602887
sample,1024,2048,vec4,26,618498
sample,1024,2048,vec4,27,594535
sample,1024,2048,vec4,28,606517
sample,1024,2048,vec4,29,628674
measured,1024,2048,fused2,262144,1048576,5,30,9,568212,592053,2d4a1c573b9665e7,d32c613321b43c7f,none,none
sample,1024,2048,fused2,0,568212
sample,1024,2048,fused2,1,569840
sample,1024,2048,fused2,2,556507
sample,1024,2048,fused2,3,567804
sample,1024,2048,fused2,4,568554
sample,1024,2048,fused2,5,591711
sample,1024,2048,fused2,6,551442
sample,1024,2048,fused2,7,562064
sample,1024,2048,fused2,8,556211
sample,1024,2048,fused2,9,562934
sample,1024,2048,fused2,10,571785
sample,1024,2048,fused2,11,563332
sample,1024,2048,fused2,12,568359
sample,1024,2048,fused2,13,593998
sample,1024,2048,fused2,14,566915
sample,1024,2048,fused2,15,562295
sample,1024,2048,fused2,16,561953
sample,1024,2048,fused2,17,572980
sample,1024,2048,fused2,18,585073
sample,1024,2048,fused2,19,565627
sample,1024,2048,fused2,20,569063
sample,1024,2048,fused2,21,568924
sample,1024,2048,fused2,22,568155
sample,1024,2048,fused2,23,563563
sample,1024,2048,fused2,24,570730
sample,1024,2048,fused2,25,571285
sample,1024,2048,fused2,26,568609
sample,1024,2048,fused2,27,559600
sample,1024,2048,fused2,28,571461
sample,1024,2048,fused2,29,592053
measured,1024,2048,tile8,262144,1048576,5,30,8,548637,584295,2d4a1c573b9665e7,d32c613321b43c7f,none,none
sample,1024,2048,tile8,0,558590
sample,1024,2048,tile8,1,539480
sample,1024,2048,tile8,2,550859
sample,1024,2048,tile8,3,549526
sample,1024,2048,tile8,4,555081
sample,1024,2048,tile8,5,544517
sample,1024,2048,tile8,6,536813
sample,1024,2048,tile8,7,542387
sample,1024,2048,tile8,8,543638
sample,1024,2048,tile8,9,542766
sample,1024,2048,tile8,10,541044
sample,1024,2048,tile8,11,538934
sample,1024,2048,tile8,12,555387
sample,1024,2048,tile8,13,608924
sample,1024,2048,tile8,14,546082
sample,1024,2048,tile8,15,547064
sample,1024,2048,tile8,16,548637
sample,1024,2048,tile8,17,553072
sample,1024,2048,tile8,18,556887
sample,1024,2048,tile8,19,545971
sample,1024,2048,tile8,20,552313
sample,1024,2048,tile8,21,584295
sample,1024,2048,tile8,22,545869
sample,1024,2048,tile8,23,543896
sample,1024,2048,tile8,24,549361
sample,1024,2048,tile8,25,552767
sample,1024,2048,tile8,26,552859
sample,1024,2048,tile8,27,543572
sample,1024,2048,tile8,28,548859
sample,1024,2048,tile8,29,551702
measured,4096,128,vec4,65536,262144,5,30,12,666619,692693,d878e557b6daedce,8cc85ceb09c8efed,none,none
sample,4096,128,vec4,0,646943
sample,4096,128,vec4,1,663276
sample,4096,128,vec4,2,664785
sample,4096,128,vec4,3,692693
sample,4096,128,vec4,4,647313
sample,4096,128,vec4,5,668970
sample,4096,128,vec4,6,665720
sample,4096,128,vec4,7,719850
sample,4096,128,vec4,8,654007
sample,4096,128,vec4,9,667247
sample,4096,128,vec4,10,669322
sample,4096,128,vec4,11,668015
sample,4096,128,vec4,12,647739
sample,4096,128,vec4,13,666619
sample,4096,128,vec4,14,691581
sample,4096,128,vec4,15,657082
sample,4096,128,vec4,16,668220
sample,4096,128,vec4,17,669442
sample,4096,128,vec4,18,671099
sample,4096,128,vec4,19,668109
sample,4096,128,vec4,20,663887
sample,4096,128,vec4,21,668498
sample,4096,128,vec4,22,671933
sample,4096,128,vec4,23,664174
sample,4096,128,vec4,24,670285
sample,4096,128,vec4,25,670748
sample,4096,128,vec4,26,488582
sample,4096,128,vec4,27,505555
sample,4096,128,vec4,28,473498
sample,4096,128,vec4,29,507869
measured,4096,128,fused2,65536,262144,5,30,11,624915,641896,d878e557b6daedce,8cc85ceb09c8efed,none,none
sample,4096,128,fused2,0,617683
sample,4096,128,fused2,1,632534
sample,4096,128,fused2,2,631452
sample,4096,128,fused2,3,624915
sample,4096,128,fused2,4,622831
sample,4096,128,fused2,5,636479
sample,4096,128,fused2,6,643729
sample,4096,128,fused2,7,620952
sample,4096,128,fused2,8,619248
sample,4096,128,fused2,9,630952
sample,4096,128,fused2,10,637359
sample,4096,128,fused2,11,630044
sample,4096,128,fused2,12,623859
sample,4096,128,fused2,13,636989
sample,4096,128,fused2,14,631535
sample,4096,128,fused2,15,625275
sample,4096,128,fused2,16,641387
sample,4096,128,fused2,17,641896
sample,4096,128,fused2,18,633934
sample,4096,128,fused2,19,620035
sample,4096,128,fused2,20,621897
sample,4096,128,fused2,21,641147
sample,4096,128,fused2,22,622304
sample,4096,128,fused2,23,622617
sample,4096,128,fused2,24,635433
sample,4096,128,fused2,25,452304
sample,4096,128,fused2,26,463211
sample,4096,128,fused2,27,487359
sample,4096,128,fused2,28,451915
sample,4096,128,fused2,29,467165
measured,4096,128,tile8,65536,262144,5,30,10,598424,625952,d878e557b6daedce,8cc85ceb09c8efed,none,none
sample,4096,128,tile8,0,583053
sample,4096,128,tile8,1,595721
sample,4096,128,tile8,2,596507
sample,4096,128,tile8,3,595934
sample,4096,128,tile8,4,625952
sample,4096,128,tile8,5,589583
sample,4096,128,tile8,6,642155
sample,4096,128,tile8,7,602007
sample,4096,128,tile8,8,607674
sample,4096,128,tile8,9,602081
sample,4096,128,tile8,10,603341
sample,4096,128,tile8,11,603350
sample,4096,128,tile8,12,586961
sample,4096,128,tile8,13,607424
sample,4096,128,tile8,14,598100
sample,4096,128,tile8,15,588739
sample,4096,128,tile8,16,598424
sample,4096,128,tile8,17,610415
sample,4096,128,tile8,18,620137
sample,4096,128,tile8,19,607795
sample,4096,128,tile8,20,610212
sample,4096,128,tile8,21,603007
sample,4096,128,tile8,22,606961
sample,4096,128,tile8,23,590702
sample,4096,128,tile8,24,611100
sample,4096,128,tile8,25,423017
sample,4096,128,tile8,26,428203
sample,4096,128,tile8,27,430082
sample,4096,128,tile8,28,430915
sample,4096,128,tile8,29,417609
measured,4096,512,vec4,262144,1048576,5,30,12,494211,546822,07e875993970433c,207dceeda1be3f5b,none,none
sample,4096,512,vec4,0,491953
sample,4096,512,vec4,1,495434
sample,4096,512,vec4,2,490101
sample,4096,512,vec4,3,503008
sample,4096,512,vec4,4,495646
sample,4096,512,vec4,5,498416
sample,4096,512,vec4,6,489480
sample,4096,512,vec4,7,490703
sample,4096,512,vec4,8,504564
sample,4096,512,vec4,9,486738
sample,4096,512,vec4,10,484591
sample,4096,512,vec4,11,492137
sample,4096,512,vec4,12,493082
sample,4096,512,vec4,13,491600
sample,4096,512,vec4,14,488230
sample,4096,512,vec4,15,496518
sample,4096,512,vec4,16,546822
sample,4096,512,vec4,17,494211
sample,4096,512,vec4,18,488267
sample,4096,512,vec4,19,496137
sample,4096,512,vec4,20,494332
sample,4096,512,vec4,21,494822
sample,4096,512,vec4,22,497573
sample,4096,512,vec4,23,559518
sample,4096,512,vec4,24,499212
sample,4096,512,vec4,25,484952
sample,4096,512,vec4,26,490840
sample,4096,512,vec4,27,508804
sample,4096,512,vec4,28,512748
sample,4096,512,vec4,29,490970
measured,4096,512,fused2,262144,1048576,5,30,11,458850,507285,07e875993970433c,207dceeda1be3f5b,none,none
sample,4096,512,fused2,0,459146
sample,4096,512,fused2,1,507285
sample,4096,512,fused2,2,461980
sample,4096,512,fused2,3,456433
sample,4096,512,fused2,4,460674
sample,4096,512,fused2,5,458944
sample,4096,512,fused2,6,462767
sample,4096,512,fused2,7,457488
sample,4096,512,fused2,8,459712
sample,4096,512,fused2,9,520174
sample,4096,512,fused2,10,459202
sample,4096,512,fused2,11,455138
sample,4096,512,fused2,12,458582
sample,4096,512,fused2,13,456619
sample,4096,512,fused2,14,457564
sample,4096,512,fused2,15,458868
sample,4096,512,fused2,16,462201
sample,4096,512,fused2,17,458850
sample,4096,512,fused2,18,461971
sample,4096,512,fused2,19,458610
sample,4096,512,fused2,20,457637
sample,4096,512,fused2,21,458481
sample,4096,512,fused2,22,461721
sample,4096,512,fused2,23,457722
sample,4096,512,fused2,24,456175
sample,4096,512,fused2,25,466461
sample,4096,512,fused2,26,450702
sample,4096,512,fused2,27,455712
sample,4096,512,fused2,28,482768
sample,4096,512,fused2,29,453692
measured,4096,512,tile8,262144,1048576,5,30,10,440611,455369,07e875993970433c,207dceeda1be3f5b,none,none
sample,4096,512,tile8,0,444610
sample,4096,512,tile8,1,453591
sample,4096,512,tile8,2,436545
sample,4096,512,tile8,3,433648
sample,4096,512,tile8,4,443777
sample,4096,512,tile8,5,443072
sample,4096,512,tile8,6,440611
sample,4096,512,tile8,7,440360
sample,4096,512,tile8,8,455369
sample,4096,512,tile8,9,453313
sample,4096,512,tile8,10,437443
sample,4096,512,tile8,11,446397
sample,4096,512,tile8,12,445481
sample,4096,512,tile8,13,440535
sample,4096,512,tile8,14,446609
sample,4096,512,tile8,15,439202
sample,4096,512,tile8,16,446286
sample,4096,512,tile8,17,438443
sample,4096,512,tile8,18,440712
sample,4096,512,tile8,19,445137
sample,4096,512,tile8,20,437998
sample,4096,512,tile8,21,438350
sample,4096,512,tile8,22,439342
sample,4096,512,tile8,23,446192
sample,4096,512,tile8,24,434906
sample,4096,512,tile8,25,431017
sample,4096,512,tile8,26,440462
sample,4096,512,tile8,27,435794
sample,4096,512,tile8,28,472535
sample,4096,512,tile8,29,450823
measured,4096,2048,vec4,1048576,4194304,5,30,12,723498,738619,4143a88e49ed614b,e0842ad8f72c0c9f,none,none
sample,4096,2048,vec4,0,544157
sample,4096,2048,vec4,1,551435
sample,4096,2048,vec4,2,551934
sample,4096,2048,vec4,3,545572
sample,4096,2048,vec4,4,543703
sample,4096,2048,vec4,5,721924
sample,4096,2048,vec4,6,724460
sample,4096,2048,vec4,7,720693
sample,4096,2048,vec4,8,705599
sample,4096,2048,vec4,9,729035
sample,4096,2048,vec4,10,747229
sample,4096,2048,vec4,11,706692
sample,4096,2048,vec4,12,720627
sample,4096,2048,vec4,13,724943
sample,4096,2048,vec4,14,720276
sample,4096,2048,vec4,15,712821
sample,4096,2048,vec4,16,729405
sample,4096,2048,vec4,17,729757
sample,4096,2048,vec4,18,717424
sample,4096,2048,vec4,19,723498
sample,4096,2048,vec4,20,726840
sample,4096,2048,vec4,21,731452
sample,4096,2048,vec4,22,722980
sample,4096,2048,vec4,23,737442
sample,4096,2048,vec4,24,737739
sample,4096,2048,vec4,25,725210
sample,4096,2048,vec4,26,736756
sample,4096,2048,vec4,27,735849
sample,4096,2048,vec4,28,738619
sample,4096,2048,vec4,29,728239
measured,4096,2048,fused2,1048576,4194304,5,30,11,687758,713285,4143a88e49ed614b,e0842ad8f72c0c9f,none,none
sample,4096,2048,fused2,0,504286
sample,4096,2048,fused2,1,514776
sample,4096,2048,fused2,2,512017
sample,4096,2048,fused2,3,523054
sample,4096,2048,fused2,4,508888
sample,4096,2048,fused2,5,690655
sample,4096,2048,fused2,6,697525
sample,4096,2048,fused2,7,733710
sample,4096,2048,fused2,8,689905
sample,4096,2048,fused2,9,672730
sample,4096,2048,fused2,10,713285
sample,4096,2048,fused2,11,674969
sample,4096,2048,fused2,12,689840
sample,4096,2048,fused2,13,689767
sample,4096,2048,fused2,14,693090
sample,4096,2048,fused2,15,681090
sample,4096,2048,fused2,16,689201
sample,4096,2048,fused2,17,687758
sample,4096,2048,fused2,18,683608
sample,4096,2048,fused2,19,685628
sample,4096,2048,fused2,20,684776
sample,4096,2048,fused2,21,687229
sample,4096,2048,fused2,22,694840
sample,4096,2048,fused2,23,700674
sample,4096,2048,fused2,24,701590
sample,4096,2048,fused2,25,705350
sample,4096,2048,fused2,26,701970
sample,4096,2048,fused2,27,699711
sample,4096,2048,fused2,28,682730
sample,4096,2048,fused2,29,686017
measured,4096,2048,tile8,1048576,4194304,5,30,10,711868,729590,4143a88e49ed614b,e0842ad8f72c0c9f,none,none
sample,4096,2048,tile8,0,537239
sample,4096,2048,tile8,1,539379
sample,4096,2048,tile8,2,555878
sample,4096,2048,tile8,3,543221
sample,4096,2048,tile8,4,540322
sample,4096,2048,tile8,5,704545
sample,4096,2048,tile8,6,707072
sample,4096,2048,tile8,7,715517
sample,4096,2048,tile8,8,707442
sample,4096,2048,tile8,9,715119
sample,4096,2048,tile8,10,711747
sample,4096,2048,tile8,11,700609
sample,4096,2048,tile8,12,713387
sample,4096,2048,tile8,13,713784
sample,4096,2048,tile8,14,753970
sample,4096,2048,tile8,15,711868
sample,4096,2048,tile8,16,714239
sample,4096,2048,tile8,17,717239
sample,4096,2048,tile8,18,711803
sample,4096,2048,tile8,19,701711
sample,4096,2048,tile8,20,706812
sample,4096,2048,tile8,21,726498
sample,4096,2048,tile8,22,714480
sample,4096,2048,tile8,23,721609
sample,4096,2048,tile8,24,708026
sample,4096,2048,tile8,25,716137
sample,4096,2048,tile8,26,729590
sample,4096,2048,tile8,27,724313
sample,4096,2048,tile8,28,728081
sample,4096,2048,tile8,29,725858
measured,16384,128,vec4,262144,1048576,5,30,14,749266,780979,318e48fc80dadb1f,a09bc0e13ecf9bf8,none,none
sample,16384,128,vec4,0,739165
sample,16384,128,vec4,1,744906
sample,16384,128,vec4,2,780979
sample,16384,128,vec4,3,743896
sample,16384,128,vec4,4,748728
sample,16384,128,vec4,5,635683
sample,16384,128,vec4,6,746469
sample,16384,128,vec4,7,751545
sample,16384,128,vec4,8,749543
sample,16384,128,vec4,9,749266
sample,16384,128,vec4,10,807081
sample,16384,128,vec4,11,739802
sample,16384,128,vec4,12,741738
sample,16384,128,vec4,13,755211
sample,16384,128,vec4,14,746841
sample,16384,128,vec4,15,750692
sample,16384,128,vec4,16,755692
sample,16384,128,vec4,17,763478
sample,16384,128,vec4,18,735071
sample,16384,128,vec4,19,760294
sample,16384,128,vec4,20,758868
sample,16384,128,vec4,21,769173
sample,16384,128,vec4,22,753285
sample,16384,128,vec4,23,740303
sample,16384,128,vec4,24,742211
sample,16384,128,vec4,25,757137
sample,16384,128,vec4,26,751600
sample,16384,128,vec4,27,743461
sample,16384,128,vec4,28,740554
sample,16384,128,vec4,29,765869
measured,16384,128,fused2,262144,1048576,5,30,13,710469,725794,318e48fc80dadb1f,a09bc0e13ecf9bf8,none,none
sample,16384,128,fused2,0,706841
sample,16384,128,fused2,1,704155
sample,16384,128,fused2,2,705581
sample,16384,128,fused2,3,531359
sample,16384,128,fused2,4,603563
sample,16384,128,fused2,5,590062
sample,16384,128,fused2,6,710359
sample,16384,128,fused2,7,713026
sample,16384,128,fused2,8,716645
sample,16384,128,fused2,9,709192
sample,16384,128,fused2,10,722850
sample,16384,128,fused2,11,706840
sample,16384,128,fused2,12,712683
sample,16384,128,fused2,13,714766
sample,16384,128,fused2,14,706061
sample,16384,128,fused2,15,712091
sample,16384,128,fused2,16,722359
sample,16384,128,fused2,17,716795
sample,16384,128,fused2,18,706470
sample,16384,128,fused2,19,716284
sample,16384,128,fused2,20,710469
sample,16384,128,fused2,21,705627
sample,16384,128,fused2,22,725794
sample,16384,128,fused2,23,701849
sample,16384,128,fused2,24,703461
sample,16384,128,fused2,25,741451
sample,16384,128,fused2,26,718451
sample,16384,128,fused2,27,715728
sample,16384,128,fused2,28,723969
sample,16384,128,fused2,29,714247
measured,16384,128,tile8,262144,1048576,5,30,12,689044,707035,318e48fc80dadb1f,a09bc0e13ecf9bf8,none,none
sample,16384,128,tile8,0,685785
sample,16384,128,tile8,1,689044
sample,16384,128,tile8,2,683340
sample,16384,128,tile8,3,502174
sample,16384,128,tile8,4,686961
sample,16384,128,tile8,5,579267
sample,16384,128,tile8,6,740036
sample,16384,128,tile8,7,685461
sample,16384,128,tile8,8,688072
sample,16384,128,tile8,9,684812
sample,16384,128,tile8,10,689237
sample,16384,128,tile8,11,693137
sample,16384,128,tile8,12,696072
sample,16384,128,tile8,13,692794
sample,16384,128,tile8,14,680488
sample,16384,128,tile8,15,686664
sample,16384,128,tile8,16,698720
sample,16384,128,tile8,17,693081
sample,16384,128,tile8,18,677850
sample,16384,128,tile8,19,696119
sample,16384,128,tile8,20,687729
sample,16384,128,tile8,21,680257
sample,16384,128,tile8,22,699748
sample,16384,128,tile8,23,703663
sample,16384,128,tile8,24,694878
sample,16384,128,tile8,25,707035
sample,16384,128,tile8,26,693386
sample,16384,128,tile8,27,702331
sample,16384,128,tile8,28,683554
sample,16384,128,tile8,29,695534
measured,16384,512,vec4,1048576,4194304,5,30,14,805572,861460,08b87a1ca99fa7b8,cc66b7b8fae87df4,none,none
sample,16384,512,vec4,0,707256
sample,16384,512,vec4,1,685646
sample,16384,512,vec4,2,696646
sample,16384,512,vec4,3,770182
sample,16384,512,vec4,4,800395
sample,16384,512,vec4,5,801026
sample,16384,512,vec4,6,798941
sample,16384,512,vec4,7,807395
sample,16384,512,vec4,8,802404
sample,16384,512,vec4,9,818229
sample,16384,512,vec4,10,892997
sample,16384,512,vec4,11,861460
sample,16384,512,vec4,12,803294
sample,16384,512,vec4,13,821637
sample,16384,512,vec4,14,805572
sample,16384,512,vec4,15,817600
sample,16384,512,vec4,16,813858
sample,16384,512,vec4,17,859784
sample,16384,512,vec4,18,804404
sample,16384,512,vec4,19,799304
sample,16384,512,vec4,20,790932
sample,16384,512,vec4,21,821867
sample,16384,512,vec4,22,815534
sample,16384,512,vec4,23,811422
sample,16384,512,vec4,24,830738
sample,16384,512,vec4,25,804923
sample,16384,512,vec4,26,803274
sample,16384,512,vec4,27,815860
sample,16384,512,vec4,28,813997
sample,16384,512,vec4,29,819062
measured,16384,512,fused2,1048576,4194304,5,30,13,774812,794016,08b87a1ca99fa7b8,cc66b7b8fae87df4,none,none
sample,16384,512,fused2,0,667470
sample,16384,512,fused2,1,670082
sample,16384,512,fused2,2,660757
sample,16384,512,fused2,3,676322
sample,16384,512,fused2,4,774812
sample,16384,512,fused2,5,775997
sample,16384,512,fused2,6,774480
sample,16384,512,fused2,7,779589
sample,16384,512,fused2,8,777350
sample,16384,512,fused2,9,783339
sample,16384,512,fused2,10,778571
sample,16384,512,fused2,11,785367
sample,16384,512,fused2,12,769248
sample,16384,512,fused2,13,775544
sample,16384,512,fused2,14,797395
sample,16384,512,fused2,15,770812
sample,16384,512,fused2,16,773988
sample,16384,512,fused2,17,771007
sample,16384,512,fused2,18,765591
sample,16384,512,fused2,19,787988
sample,16384,512,fused2,20,768627
sample,16384,512,fused2,21,771867
sample,16384,512,fused2,22,794016
sample,16384,512,fused2,23,780489
sample,16384,512,fused2,24,772729
sample,16384,512,fused2,25,784719
sample,16384,512,fused2,26,765804
sample,16384,512,fused2,27,789386
sample,16384,512,fused2,28,783663
sample,16384,512,fused2,29,783274
measured,16384,512,tile8,1048576,4194304,5,30,12,798767,810572,08b87a1ca99fa7b8,cc66b7b8fae87df4,none,none
sample,16384,512,tile8,0,686470
sample,16384,512,tile8,1,699146
sample,16384,512,tile8,2,715664
sample,16384,512,tile8,3,699136
sample,16384,512,tile8,4,795711
sample,16384,512,tile8,5,788748
sample,16384,512,tile8,6,811497
sample,16384,512,tile8,7,795108
sample,16384,512,tile8,8,790239
sample,16384,512,tile8,9,804590
sample,16384,512,tile8,10,810572
sample,16384,512,tile8,11,805775
sample,16384,512,tile8,12,795747
sample,16384,512,tile8,13,805895
sample,16384,512,tile8,14,807645
sample,16384,512,tile8,15,800969
sample,16384,512,tile8,16,806896
sample,16384,512,tile8,17,792017
sample,16384,512,tile8,18,791284
sample,16384,512,tile8,19,792655
sample,16384,512,tile8,20,791276
sample,16384,512,tile8,21,783136
sample,16384,512,tile8,22,807933
sample,16384,512,tile8,23,803886
sample,16384,512,tile8,24,799414
sample,16384,512,tile8,25,798767
sample,16384,512,tile8,26,799665
sample,16384,512,tile8,27,803154
sample,16384,512,tile8,28,801988
sample,16384,512,tile8,29,803720
measured,16384,2048,vec4,4194304,16777216,5,30,14,839840,872461,6be3b72c15a212b9,3199380bd5011e6c,none,none
sample,16384,2048,vec4,0,835415
sample,16384,2048,vec4,1,843923
sample,16384,2048,vec4,2,872461
sample,16384,2048,vec4,3,836173
sample,16384,2048,vec4,4,849349
sample,16384,2048,vec4,5,837682
sample,16384,2048,vec4,6,834406
sample,16384,2048,vec4,7,858358
sample,16384,2048,vec4,8,854590
sample,16384,2048,vec4,9,848395
sample,16384,2048,vec4,10,843145
sample,16384,2048,vec4,11,833312
sample,16384,2048,vec4,12,900414
sample,16384,2048,vec4,13,839840
sample,16384,2048,vec4,14,859728
sample,16384,2048,vec4,15,838562
sample,16384,2048,vec4,16,836478
sample,16384,2048,vec4,17,835275
sample,16384,2048,vec4,18,838693
sample,16384,2048,vec4,19,843349
sample,16384,2048,vec4,20,842424
sample,16384,2048,vec4,21,834654
sample,16384,2048,vec4,22,842424
sample,16384,2048,vec4,23,841017
sample,16384,2048,vec4,24,841442
sample,16384,2048,vec4,25,833608
sample,16384,2048,vec4,26,836395
sample,16384,2048,vec4,27,833950
sample,16384,2048,vec4,28,837488
sample,16384,2048,vec4,29,841562
measured,16384,2048,fused2,4194304,16777216,5,30,13,800275,823377,6be3b72c15a212b9,3199380bd5011e6c,none,none
sample,16384,2048,fused2,0,800748
sample,16384,2048,fused2,1,797793
sample,16384,2048,fused2,2,819321
sample,16384,2048,fused2,3,797330
sample,16384,2048,fused2,4,823377
sample,16384,2048,fused2,5,791710
sample,16384,2048,fused2,6,801728
sample,16384,2048,fused2,7,792358
sample,16384,2048,fused2,8,794091
sample,16384,2048,fused2,9,788987
sample,16384,2048,fused2,10,852470
sample,16384,2048,fused2,11,796942
sample,16384,2048,fused2,12,807627
sample,16384,2048,fused2,13,803682
sample,16384,2048,fused2,14,796497
sample,16384,2048,fused2,15,791471
sample,16384,2048,fused2,16,812193
sample,16384,2048,fused2,17,794747
sample,16384,2048,fused2,18,805145
sample,16384,2048,fused2,19,801090
sample,16384,2048,fused2,20,801452
sample,16384,2048,fused2,21,798303
sample,16384,2048,fused2,22,797544
sample,16384,2048,fused2,23,800275
sample,16384,2048,fused2,24,817172
sample,16384,2048,fused2,25,804202
sample,16384,2048,fused2,26,800572
sample,16384,2048,fused2,27,803015
sample,16384,2048,fused2,28,789721
sample,16384,2048,fused2,29,793100
measured,16384,2048,tile8,4194304,16777216,5,30,12,1002311,1047894,6be3b72c15a212b9,3199380bd5011e6c,none,none
sample,16384,2048,tile8,0,998738
sample,16384,2048,tile8,1,1000977
sample,16384,2048,tile8,2,999951
sample,16384,2048,tile8,3,1008506
sample,16384,2048,tile8,4,1002015
sample,16384,2048,tile8,5,1003368
sample,16384,2048,tile8,6,1002311
sample,16384,2048,tile8,7,999497
sample,16384,2048,tile8,8,1003153
sample,16384,2048,tile8,9,990116
sample,16384,2048,tile8,10,998942
sample,16384,2048,tile8,11,1021413
sample,16384,2048,tile8,12,1002191
sample,16384,2048,tile8,13,1005960
sample,16384,2048,tile8,14,1027812
sample,16384,2048,tile8,15,991340
sample,16384,2048,tile8,16,1000172
sample,16384,2048,tile8,17,1038793
sample,16384,2048,tile8,18,1007034
sample,16384,2048,tile8,19,1012783
sample,16384,2048,tile8,20,1056292
sample,16384,2048,tile8,21,992941
sample,16384,2048,tile8,22,1004765
sample,16384,2048,tile8,23,1012802
sample,16384,2048,tile8,24,1005237
sample,16384,2048,tile8,25,1001515
sample,16384,2048,tile8,26,1004432
sample,16384,2048,tile8,27,998340
sample,16384,2048,tile8,28,1047894
sample,16384,2048,tile8,29,996479
measured,65536,128,vec4,1048576,4194304,5,30,16,901793,966145,9ec0db29a14c575b,4098921c6b362ecd,none,none
sample,65536,128,vec4,0,1052553
sample,65536,128,vec4,1,914664
sample,65536,128,vec4,2,897265
sample,65536,128,vec4,3,892580
sample,65536,128,vec4,4,896849
sample,65536,128,vec4,5,880609
sample,65536,128,vec4,6,887478
sample,65536,128,vec4,7,887571
sample,65536,128,vec4,8,901793
sample,65536,128,vec4,9,901053
sample,65536,128,vec4,10,955117
sample,65536,128,vec4,11,911534
sample,65536,128,vec4,12,906988
sample,65536,128,vec4,13,898627
sample,65536,128,vec4,14,890626
sample,65536,128,vec4,15,906691
sample,65536,128,vec4,16,903200
sample,65536,128,vec4,17,904544
sample,65536,128,vec4,18,900813
sample,65536,128,vec4,19,903062
sample,65536,128,vec4,20,898784
sample,65536,128,vec4,21,966145
sample,65536,128,vec4,22,891461
sample,65536,128,vec4,23,931275
sample,65536,128,vec4,24,903006
sample,65536,128,vec4,25,901839
sample,65536,128,vec4,26,908146
sample,65536,128,vec4,27,901071
sample,65536,128,vec4,28,896701
sample,65536,128,vec4,29,917451
measured,65536,128,fused2,1048576,4194304,5,30,15,873081,908784,9ec0db29a14c575b,4098921c6b362ecd,none,none
sample,65536,128,fused2,0,989274
sample,65536,128,fused2,1,870376
sample,65536,128,fused2,2,870156
sample,65536,128,fused2,3,854952
sample,65536,128,fused2,4,895008
sample,65536,128,fused2,5,855210
sample,65536,128,fused2,6,857941
sample,65536,128,fused2,7,862210
sample,65536,128,fused2,8,881979
sample,65536,128,fused2,9,851841
sample,65536,128,fused2,10,877182
sample,65536,128,fused2,11,868266
sample,65536,128,fused2,12,882145
sample,65536,128,fused2,13,897173
sample,65536,128,fused2,14,899200
sample,65536,128,fused2,15,873081
sample,65536,128,fused2,16,867609
sample,65536,128,fused2,17,874719
sample,65536,128,fused2,18,894451
sample,65536,128,fused2,19,908784
sample,65536,128,fused2,20,866109
sample,65536,128,fused2,21,879349
sample,65536,128,fused2,22,867534
sample,65536,128,fused2,23,876849
sample,65536,128,fused2,24,873080
sample,65536,128,fused2,25,874997
sample,65536,128,fused2,26,863165
sample,65536,128,fused2,27,879988
sample,65536,128,fused2,28,870423
sample,65536,128,fused2,29,873525
measured,65536,128,tile8,1048576,4194304,5,30,14,883821,910581,9ec0db29a14c575b,4098921c6b362ecd,none,none
sample,65536,128,tile8,0,895859
sample,65536,128,tile8,1,883099
sample,65536,128,tile8,2,888404
sample,65536,128,tile8,3,868312
sample,65536,128,tile8,4,876293
sample,65536,128,tile8,5,862377
sample,65536,128,tile8,6,873192
sample,65536,128,tile8,7,870969
sample,65536,128,tile8,8,859404
sample,65536,128,tile8,9,877024
sample,65536,128,tile8,10,887497
sample,65536,128,tile8,11,878517
sample,65536,128,tile8,12,902544
sample,65536,128,tile8,13,887016
sample,65536,128,tile8,14,879710
sample,65536,128,tile8,15,886219
sample,65536,128,tile8,16,915294
sample,65536,128,tile8,17,877849
sample,65536,128,tile8,18,893839
sample,65536,128,tile8,19,910581
sample,65536,128,tile8,20,886349
sample,65536,128,tile8,21,883821
sample,65536,128,tile8,22,888099
sample,65536,128,tile8,23,893071
sample,65536,128,tile8,24,878904
sample,65536,128,tile8,25,880812
sample,65536,128,tile8,26,886274
sample,65536,128,tile8,27,884276
sample,65536,128,tile8,28,907737
sample,65536,128,tile8,29,875247
measured,65536,512,vec4,4194304,16777216,5,30,16,953173,973756,84d06402da633040,29115d73667dee45,none,none
sample,65536,512,vec4,0,952691
sample,65536,512,vec4,1,953821
sample,65536,512,vec4,2,973756
sample,65536,512,vec4,3,955968
sample,65536,512,vec4,4,952108
sample,65536,512,vec4,5,969597
sample,65536,512,vec4,6,947551
sample,65536,512,vec4,7,952886
sample,65536,512,vec4,8,955367
sample,65536,512,vec4,9,954710
sample,65536,512,vec4,10,947423
sample,65536,512,vec4,11,953274
sample,65536,512,vec4,12,951682
sample,65536,512,vec4,13,945830
sample,65536,512,vec4,14,960173
sample,65536,512,vec4,15,960044
sample,65536,512,vec4,16,950988
sample,65536,512,vec4,17,953173
sample,65536,512,vec4,18,964923
sample,65536,512,vec4,19,948460
sample,65536,512,vec4,20,961053
sample,65536,512,vec4,21,948006
sample,65536,512,vec4,22,956662
sample,65536,512,vec4,23,969840
sample,65536,512,vec4,24,950515
sample,65536,512,vec4,25,939098
sample,65536,512,vec4,26,951692
sample,65536,512,vec4,27,995636
sample,65536,512,vec4,28,970997
sample,65536,512,vec4,29,951386
measured,65536,512,fused2,4194304,16777216,5,30,15,914311,928840,84d06402da633040,29115d73667dee45,none,none
sample,65536,512,fused2,0,914386
sample,65536,512,fused2,1,913858
sample,65536,512,fused2,2,904377
sample,65536,512,fused2,3,918025
sample,65536,512,fused2,4,910044
sample,65536,512,fused2,5,910951
sample,65536,512,fused2,6,916238
sample,65536,512,fused2,7,909580
sample,65536,512,fused2,8,915479
sample,65536,512,fused2,9,924543
sample,65536,512,fused2,10,916747
sample,65536,512,fused2,11,908303
sample,65536,512,fused2,12,908034
sample,65536,512,fused2,13,914025
sample,65536,512,fused2,14,914951
sample,65536,512,fused2,15,911340
sample,65536,512,fused2,16,914108
sample,65536,512,fused2,17,900229
sample,65536,512,fused2,18,908905
sample,65536,512,fused2,19,921441
sample,65536,512,fused2,20,914117
sample,65536,512,fused2,21,914311
sample,65536,512,fused2,22,920071
sample,65536,512,fused2,23,915867
sample,65536,512,fused2,24,914025
sample,65536,512,fused2,25,916923
sample,65536,512,fused2,26,919580
sample,65536,512,fused2,27,1293996
sample,65536,512,fused2,28,924432
sample,65536,512,fused2,29,928840
measured,65536,512,tile8,4194304,16777216,5,30,14,1103081,1119653,84d06402da633040,29115d73667dee45,none,none
sample,65536,512,tile8,0,1103081
sample,65536,512,tile8,1,1100201
sample,65536,512,tile8,2,1099181
sample,65536,512,tile8,3,1108617
sample,65536,512,tile8,4,1109320
sample,65536,512,tile8,5,1101395
sample,65536,512,tile8,6,1096376
sample,65536,512,tile8,7,1097757
sample,65536,512,tile8,8,1104811
sample,65536,512,tile8,9,1104441
sample,65536,512,tile8,10,1098460
sample,65536,512,tile8,11,1098847
sample,65536,512,tile8,12,1103432
sample,65536,512,tile8,13,1092468
sample,65536,512,tile8,14,1108997
sample,65536,512,tile8,15,1097449
sample,65536,512,tile8,16,1103070
sample,65536,512,tile8,17,1098236
sample,65536,512,tile8,18,1105774
sample,65536,512,tile8,19,1103672
sample,65536,512,tile8,20,1108255
sample,65536,512,tile8,21,1105219
sample,65536,512,tile8,22,1101922
sample,65536,512,tile8,23,1103534
sample,65536,512,tile8,24,1104006
sample,65536,512,tile8,25,1093395
sample,65536,512,tile8,26,1102617
sample,65536,512,tile8,27,1239571
sample,65536,512,tile8,28,1118673
sample,65536,512,tile8,29,1119653
skipped_limit,65536,2048,vec4,16777216,67108864,NA,NA,NA,NA,NA,NA,NA,cohort_dispatch_limit,none
skipped_limit,65536,2048,fused2,16777216,67108864,NA,NA,NA,NA,NA,NA,NA,cohort_dispatch_limit,none
skipped_limit,65536,2048,tile8,16777216,67108864,NA,NA,NA,NA,NA,NA,NA,cohort_dispatch_limit,none
measured,262144,128,vec4,4194304,16777216,5,30,18,1096376,1548819,603e59446e81431f,99960c282a7f4ca5,none,none
sample,262144,128,vec4,0,1098108
sample,262144,128,vec4,1,1088922
sample,262144,128,vec4,2,1100135
sample,262144,128,vec4,3,1102071
sample,262144,128,vec4,4,1111237
sample,262144,128,vec4,5,1089449
sample,262144,128,vec4,6,1088015
sample,262144,128,vec4,7,1088941
sample,262144,128,vec4,8,1089635
sample,262144,128,vec4,9,1098755
sample,262144,128,vec4,10,1206765
sample,262144,128,vec4,11,1100551
sample,262144,128,vec4,12,1094876
sample,262144,128,vec4,13,1097273
sample,262144,128,vec4,14,1094385
sample,262144,128,vec4,15,1098468
sample,262144,128,vec4,16,1096376
sample,262144,128,vec4,17,1096988
sample,262144,128,vec4,18,1087089
sample,262144,128,vec4,19,1087487
sample,262144,128,vec4,20,1086422
sample,262144,128,vec4,21,1090969
sample,262144,128,vec4,22,1088303
sample,262144,128,vec4,23,1094117
sample,262144,128,vec4,24,1084126
sample,262144,128,vec4,25,1270181
sample,262144,128,vec4,26,1540319
sample,262144,128,vec4,27,1548819
sample,262144,128,vec4,28,1567041
sample,262144,128,vec4,29,1527541
measured,262144,128,fused2,4194304,16777216,5,30,17,1084117,1589116,603e59446e81431f,99960c282a7f4ca5,none,none
sample,262144,128,fused2,0,1092284
sample,262144,128,fused2,1,1091164
sample,262144,128,fused2,2,1083589
sample,262144,128,fused2,3,1084136
sample,262144,128,fused2,4,1089737
sample,262144,128,fused2,5,1084117
sample,262144,128,fused2,6,1092496
sample,262144,128,fused2,7,1081756
sample,262144,128,fused2,8,1091903
sample,262144,128,fused2,9,1078579
sample,262144,128,fused2,10,1103812
sample,262144,128,fused2,11,1097441
sample,262144,128,fused2,12,1079977
sample,262144,128,fused2,13,1075849
sample,262144,128,fused2,14,1070487
sample,262144,128,fused2,15,1082626
sample,262144,128,fused2,16,1081025
sample,262144,128,fused2,17,1082913
sample,262144,128,fused2,18,1083969
sample,262144,128,fused2,19,1075097
sample,262144,128,fused2,20,1075468
sample,262144,128,fused2,21,1086783
sample,262144,128,fused2,22,1089081
sample,262144,128,fused2,23,1083414
sample,262144,128,fused2,24,1072413
sample,262144,128,fused2,25,1262079
sample,262144,128,fused2,26,1414726
sample,262144,128,fused2,27,1589116
sample,262144,128,fused2,28,1591985
sample,262144,128,fused2,29,1570070
measured,262144,128,tile8,4194304,16777216,5,30,16,1220050,1740542,603e59446e81431f,99960c282a7f4ca5,none,none
sample,262144,128,tile8,0,1214986
sample,262144,128,tile8,1,1223376
sample,262144,128,tile8,2,1213070
sample,262144,128,tile8,3,1224996
sample,262144,128,tile8,4,1231607
sample,262144,128,tile8,5,1222644
sample,262144,128,tile8,6,1228273
sample,262144,128,tile8,7,1227533
sample,262144,128,tile8,8,1220088
sample,262144,128,tile8,9,1220477
sample,262144,128,tile8,10,1248134
sample,262144,128,tile8,11,1228700
sample,262144,128,tile8,12,1217255
sample,262144,128,tile8,13,1211996
sample,262144,128,tile8,14,1220050
sample,262144,128,tile8,15,1213987
sample,262144,128,tile8,16,1218839
sample,262144,128,tile8,17,1211885
sample,262144,128,tile8,18,1217765
sample,262144,128,tile8,19,1216488
sample,262144,128,tile8,20,1217089
sample,262144,128,tile8,21,1212931
sample,262144,128,tile8,22,1215348
sample,262144,128,tile8,23,1218876
sample,262144,128,tile8,24,1207413
sample,262144,128,tile8,25,1396550
sample,262144,128,tile8,26,1745726
sample,262144,128,tile8,27,1730810
sample,262144,128,tile8,28,1740542
sample,262144,128,tile8,29,1733985
skipped_limit,262144,512,vec4,16777216,67108864,NA,NA,NA,NA,NA,NA,NA,cohort_dispatch_limit,none
skipped_limit,262144,512,fused2,16777216,67108864,NA,NA,NA,NA,NA,NA,NA,cohort_dispatch_limit,none
skipped_limit,262144,512,tile8,16777216,67108864,NA,NA,NA,NA,NA,NA,NA,cohort_dispatch_limit,none
skipped_limit,262144,2048,vec4,67108864,268435456,NA,NA,NA,NA,NA,NA,NA,cohort_dispatch_limit,none
skipped_limit,262144,2048,fused2,67108864,268435456,NA,NA,NA,NA,NA,NA,NA,cohort_dispatch_limit,none
skipped_limit,262144,2048,tile8,67108864,268435456,NA,NA,NA,NA,NA,NA,NA,cohort_dispatch_limit,none
skipped_limit,1048576,128,vec4,16777216,67108864,NA,NA,NA,NA,NA,NA,NA,cohort_dispatch_limit,none
skipped_limit,1048576,128,fused2,16777216,67108864,NA,NA,NA,NA,NA,NA,NA,cohort_dispatch_limit,none
skipped_limit,1048576,128,tile8,16777216,67108864,NA,NA,NA,NA,NA,NA,NA,cohort_dispatch_limit,none
skipped_limit,1048576,512,vec4,67108864,268435456,NA,NA,NA,NA,NA,NA,NA,cohort_dispatch_limit,none
skipped_limit,1048576,512,fused2,67108864,268435456,NA,NA,NA,NA,NA,NA,NA,cohort_dispatch_limit,none
skipped_limit,1048576,512,tile8,67108864,268435456,NA,NA,NA,NA,NA,NA,NA,cohort_dispatch_limit,none
skipped_limit,1048576,2048,vec4,268435456,1073741824,NA,NA,NA,NA,NA,NA,NA,cohort_dispatch_limit,none
skipped_limit,1048576,2048,fused2,268435456,1073741824,NA,NA,NA,NA,NA,NA,NA,cohort_dispatch_limit,none
skipped_limit,1048576,2048,tile8,268435456,1073741824,NA,NA,NA,NA,NA,NA,NA,cohort_dispatch_limit,none
qualification_status=complete
