benchmark=pvp3d_three_candidate_same_device
source_revision=2fc5ad2ca4f5c27e2b1fdbb0ed328e6820e273af
explicit_map_transition=true
adapter=NVIDIA Tegra NVIDIA Thor
backend=Vulkan
device_type=IntegratedGpu
vendor_id=4318
device_id=11008
driver=NVIDIA
driver_info=580.00
hardware_measurement_eligible=true
physical_admission=external_remoteops_evidence_required
performance_claim=none
primary_timing_scope=resident_encode_plus_queue_submit_plus_device_wait
state_reset_scope=completed_before_timer
correctness_readback_scope=before_and_after_timing
candidate_order=ABC_ACB_BAC_BCA_CAB_CBA
resident_payload_scope=source_plus_three_states_excludes_driver_uniforms_and_readback
status,k,g,candidate,state_bytes,resident_payload_bytes,warmups,repeats,logical_dispatches,p50_ns,p95_ns,input_checksum,output_checksum,skip_reason,performance_claim
measured,256,128,vec4,4096,16384,5,30,8,230175,254675,4c67926a9205d7b4,956299587c8af4b4,none,none
sample,256,128,vec4,0,230212
sample,256,128,vec4,1,228165
sample,256,128,vec4,2,228610
sample,256,128,vec4,3,227776
sample,256,128,vec4,4,227286
sample,256,128,vec4,5,236554
sample,256,128,vec4,6,243230
sample,256,128,vec4,7,234795
sample,256,128,vec4,8,224036
sample,256,128,vec4,9,227629
sample,256,128,vec4,10,232573
sample,256,128,vec4,11,222924
sample,256,128,vec4,12,226045
sample,256,128,vec4,13,225944
sample,256,128,vec4,14,229408
sample,256,128,vec4,15,299462
sample,256,128,vec4,16,231537
sample,256,128,vec4,17,224138
sample,256,128,vec4,18,227517
sample,256,128,vec4,19,228546
sample,256,128,vec4,20,228248
sample,256,128,vec4,21,234203
sample,256,128,vec4,22,231952
sample,256,128,vec4,23,230175
sample,256,128,vec4,24,231944
sample,256,128,vec4,25,231666
sample,256,128,vec4,26,254675
sample,256,128,vec4,27,239314
sample,256,128,vec4,28,235415
sample,256,128,vec4,29,237481
measured,256,128,fused2,4096,16384,5,30,7,207935,296306,4c67926a9205d7b4,956299587c8af4b4,none,none
sample,256,128,fused2,0,208582
sample,256,128,fused2,1,204925
sample,256,128,fused2,2,204665
sample,256,128,fused2,3,209324
sample,256,128,fused2,4,205926
sample,256,128,fused2,5,258721
sample,256,128,fused2,6,228370
sample,256,128,fused2,7,207091
sample,256,128,fused2,8,204231
sample,256,128,fused2,9,205879
sample,256,128,fused2,10,207935
sample,256,128,fused2,11,204749
sample,256,128,fused2,12,202676
sample,256,128,fused2,13,201545
sample,256,128,fused2,14,200861
sample,256,128,fused2,15,202768
sample,256,128,fused2,16,296306
sample,256,128,fused2,17,211620
sample,256,128,fused2,18,209759
sample,256,128,fused2,19,208305
sample,256,128,fused2,20,206583
sample,256,128,fused2,21,206082
sample,256,128,fused2,22,210537
sample,256,128,fused2,23,207666
sample,256,128,fused2,24,209703
sample,256,128,fused2,25,216045
sample,256,128,fused2,26,380360
sample,256,128,fused2,27,216526
sample,256,128,fused2,28,214083
sample,256,128,fused2,29,218471
measured,256,128,tile8,4096,16384,5,30,6,185406,197805,4c67926a9205d7b4,956299587c8af4b4,none,none
sample,256,128,tile8,0,186814
sample,256,128,tile8,1,184204
sample,256,128,tile8,2,181943
sample,256,128,tile8,3,184480
sample,256,128,tile8,4,186268
sample,256,128,tile8,5,188185
sample,256,128,tile8,6,183083
sample,256,128,tile8,7,185269
sample,256,128,tile8,8,185406
sample,256,128,tile8,9,182546
sample,256,128,tile8,10,182443
sample,256,128,tile8,11,181315
sample,256,128,tile8,12,182833
sample,256,128,tile8,13,183693
sample,256,128,tile8,14,182842
sample,256,128,tile8,15,184638
sample,256,128,tile8,16,193195
sample,256,128,tile8,17,185389
sample,256,128,tile8,18,188037
sample,256,128,tile8,19,185739
sample,256,128,tile8,20,198231
sample,256,128,tile8,21,185369
sample,256,128,tile8,22,185925
sample,256,128,tile8,23,186704
sample,256,128,tile8,24,186675
sample,256,128,tile8,25,186435
sample,256,128,tile8,26,197805
sample,256,128,tile8,27,190138
sample,256,128,tile8,28,193453
sample,256,128,tile8,29,189065
measured,256,512,vec4,16384,65536,5,30,8,249702,263573,38bbe1f688e24d78,1c8bb372f8f1302e,none,none
sample,256,512,vec4,0,236574
sample,256,512,vec4,1,238526
sample,256,512,vec4,2,237842
sample,256,512,vec4,3,244397
sample,256,512,vec4,4,237666
sample,256,512,vec4,5,241832
sample,256,512,vec4,6,239869
sample,256,512,vec4,7,241416
sample,256,512,vec4,8,246777
sample,256,512,vec4,9,263573
sample,256,512,vec4,10,243629
sample,256,512,vec4,11,247621
sample,256,512,vec4,12,246037
sample,256,512,vec4,13,247656
sample,256,512,vec4,14,247232
sample,256,512,vec4,15,251554
sample,256,512,vec4,16,249702
sample,256,512,vec4,17,252120
sample,256,512,vec4,18,250082
sample,256,512,vec4,19,253554
sample,256,512,vec4,20,253778
sample,256,512,vec4,21,251971
sample,256,512,vec4,22,253407
sample,256,512,vec4,23,284221
sample,256,512,vec4,24,258026
sample,256,512,vec4,25,258259
sample,256,512,vec4,26,262129
sample,256,512,vec4,27,258221
sample,256,512,vec4,28,256462
sample,256,512,vec4,29,254287
measured,256,512,fused2,16384,65536,5,30,7,227120,278990,38bbe1f688e24d78,1c8bb372f8f1302e,none,none
sample,256,512,fused2,0,216277
sample,256,512,fused2,1,213805
sample,256,512,fused2,2,212814
sample,256,512,fused2,3,216231
sample,256,512,fused2,4,214879
sample,256,512,fused2,5,222490
sample,256,512,fused2,6,218851
sample,256,512,fused2,7,219815
sample,256,512,fused2,8,220250
sample,256,512,fused2,9,278990
sample,256,512,fused2,10,227443
sample,256,512,fused2,11,217991
sample,256,512,fused2,12,221508
sample,256,512,fused2,13,241934
sample,256,512,fused2,14,221360
sample,256,512,fused2,15,220203
sample,256,512,fused2,16,495480
sample,256,512,fused2,17,229675
sample,256,512,fused2,18,234184
sample,256,512,fused2,19,226592
sample,256,512,fused2,20,227120
sample,256,512,fused2,21,228193
sample,256,512,fused2,22,227555
sample,256,512,fused2,23,243610
sample,256,512,fused2,24,234388
sample,256,512,fused2,25,236259
sample,256,512,fused2,26,237128
sample,256,512,fused2,27,234036
sample,256,512,fused2,28,231416
sample,256,512,fused2,29,233490
measured,256,512,tile8,16384,65536,5,30,6,201323,221065,38bbe1f688e24d78,1c8bb372f8f1302e,none,none
sample,256,512,tile8,0,191102
sample,256,512,tile8,1,193629
sample,256,512,tile8,2,198954
sample,256,512,tile8,3,190999
sample,256,512,tile8,4,192573
sample,256,512,tile8,5,190815
sample,256,512,tile8,6,196120
sample,256,512,tile8,7,197703
sample,256,512,tile8,8,195684
sample,256,512,tile8,9,213480
sample,256,512,tile8,10,213610
sample,256,512,tile8,11,197305
sample,256,512,tile8,12,196026
sample,256,512,tile8,13,198601
sample,256,512,tile8,14,198453
sample,256,512,tile8,15,198212
sample,256,512,tile8,16,201323
sample,256,512,tile8,17,221065
sample,256,512,tile8,18,205221
sample,256,512,tile8,19,207370
sample,256,512,tile8,20,203167
sample,256,512,tile8,21,204656
sample,256,512,tile8,22,205184
sample,256,512,tile8,23,260036
sample,256,512,tile8,24,206462
sample,256,512,tile8,25,206824
sample,256,512,tile8,26,212101
sample,256,512,tile8,27,206952
sample,256,512,tile8,28,205768
sample,256,512,tile8,29,207175
measured,256,2048,vec4,65536,262144,5,30,8,278462,333276,c9e538e9f9dccedd,259153fc2c7bc4e7,none,none
sample,256,2048,vec4,0,262647
sample,256,2048,vec4,1,265304
sample,256,2048,vec4,2,271517
sample,256,2048,vec4,3,271008
sample,256,2048,vec4,4,280980
sample,256,2048,vec4,5,275740
sample,256,2048,vec4,6,275768
sample,256,2048,vec4,7,275573
sample,256,2048,vec4,8,343981
sample,256,2048,vec4,9,275723
sample,256,2048,vec4,10,275222
sample,256,2048,vec4,11,276008
sample,256,2048,vec4,12,271813
sample,256,2048,vec4,13,274591
sample,256,2048,vec4,14,275314
sample,256,2048,vec4,15,283175
sample,256,2048,vec4,16,282878
sample,256,2048,vec4,17,333276
sample,256,2048,vec4,18,289258
sample,256,2048,vec4,19,282898
sample,256,2048,vec4,20,278462
sample,256,2048,vec4,21,278277
sample,256,2048,vec4,22,284045
sample,256,2048,vec4,23,291582
sample,256,2048,vec4,24,289546
sample,256,2048,vec4,25,286555
sample,256,2048,vec4,26,292323
sample,256,2048,vec4,27,295711
sample,256,2048,vec4,28,292156
sample,256,2048,vec4,29,308786
measured,256,2048,fused2,65536,262144,5,30,7,251824,291277,c9e538e9f9dccedd,259153fc2c7bc4e7,none,none
sample,256,2048,fused2,0,237722
sample,256,2048,fused2,1,246203
sample,256,2048,fused2,2,245361
sample,256,2048,fused2,3,245463
sample,256,2048,fused2,4,251824
sample,256,2048,fused2,5,249369
sample,256,2048,fused2,6,247519
sample,256,2048,fused2,7,248036
sample,256,2048,fused2,8,248416
sample,256,2048,fused2,9,294657
sample,256,2048,fused2,10,246620
sample,256,2048,fused2,11,246804
sample,256,2048,fused2,12,246732
sample,256,2048,fused2,13,246121
sample,256,2048,fused2,14,244741
sample,256,2048,fused2,15,254398
sample,256,2048,fused2,16,257203
sample,256,2048,fused2,17,262925
sample,256,2048,fused2,18,266258
sample,256,2048,fused2,19,260434
sample,256,2048,fused2,20,250971
sample,256,2048,fused2,21,260508
sample,256,2048,fused2,22,260971
sample,256,2048,fused2,23,258776
sample,256,2048,fused2,24,257814
sample,256,2048,fused2,25,259213
sample,256,2048,fused2,26,258482
sample,256,2048,fused2,27,264962
sample,256,2048,fused2,28,266610
sample,256,2048,fused2,29,291277
measured,256,2048,tile8,65536,262144,5,30,6,231851,242804,c9e538e9f9dccedd,259153fc2c7bc4e7,none,none
sample,256,2048,tile8,0,215776
sample,256,2048,tile8,1,220388
sample,256,2048,tile8,2,224815
sample,256,2048,tile8,3,224500
sample,256,2048,tile8,4,231139
sample,256,2048,tile8,5,230185
sample,256,2048,tile8,6,226954
sample,256,2048,tile8,7,227869
sample,256,2048,tile8,8,237703
sample,256,2048,tile8,9,225112
sample,256,2048,tile8,10,228575
sample,256,2048,tile8,11,223657
sample,256,2048,tile8,12,229148
sample,256,2048,tile8,13,226713
sample,256,2048,tile8,14,232565
sample,256,2048,tile8,15,234667
sample,256,2048,tile8,16,233908
sample,256,2048,tile8,17,283407
sample,256,2048,tile8,18,237906
sample,256,2048,tile8,19,232675
sample,256,2048,tile8,20,231851
sample,256,2048,tile8,21,230694
sample,256,2048,tile8,22,237703
sample,256,2048,tile8,23,235712
sample,256,2048,tile8,24,238102
sample,256,2048,tile8,25,239018
sample,256,2048,tile8,26,241759
sample,256,2048,tile8,27,241092
sample,256,2048,tile8,28,242804
sample,256,2048,tile8,29,238231
measured,1024,128,vec4,16384,65536,5,30,10,384536,410748,26abf5bddd03bbc5,79acd556594188cd,none,none
sample,1024,128,vec4,0,373907
sample,1024,128,vec4,1,370916
sample,1024,128,vec4,2,366203
sample,1024,128,vec4,3,369980
sample,1024,128,vec4,4,362610
sample,1024,128,vec4,5,363397
sample,1024,128,vec4,6,389435
sample,1024,128,vec4,7,379813
sample,1024,128,vec4,8,375961
sample,1024,128,vec4,9,378767
sample,1024,128,vec4,10,386054
sample,1024,128,vec4,11,369119
sample,1024,128,vec4,12,370036
sample,1024,128,vec4,13,382240
sample,1024,128,vec4,14,386535
sample,1024,128,vec4,15,387499
sample,1024,128,vec4,16,383860
sample,1024,128,vec4,17,382767
sample,1024,128,vec4,18,384536
sample,1024,128,vec4,19,439768
sample,1024,128,vec4,20,390962
sample,1024,128,vec4,21,390036
sample,1024,128,vec4,22,389452
sample,1024,128,vec4,23,391083
sample,1024,128,vec4,24,395303
sample,1024,128,vec4,25,393527
sample,1024,128,vec4,26,410748
sample,1024,128,vec4,27,396647
sample,1024,128,vec4,28,407730
sample,1024,128,vec4,29,404164
measured,1024,128,fused2,16384,65536,5,30,9,352544,386610,26abf5bddd03bbc5,79acd556594188cd,none,none
sample,1024,128,fused2,0,340703
sample,1024,128,fused2,1,338703
sample,1024,128,fused2,2,338127
sample,1024,128,fused2,3,350267
sample,1024,128,fused2,4,336693
sample,1024,128,fused2,5,337388
sample,1024,128,fused2,6,342916
sample,1024,128,fused2,7,348582
sample,1024,128,fused2,8,346731
sample,1024,128,fused2,9,348129
sample,1024,128,fused2,10,342629
sample,1024,128,fused2,11,340340
sample,1024,128,fused2,12,343841
sample,1024,128,fused2,13,348675
sample,1024,128,fused2,14,356777
sample,1024,128,fused2,15,361064
sample,1024,128,fused2,16,354832
sample,1024,128,fused2,17,353332
sample,1024,128,fused2,18,352544
sample,1024,128,fused2,19,395702
sample,1024,128,fused2,20,366166
sample,1024,128,fused2,21,355044
sample,1024,128,fused2,22,357323
sample,1024,128,fused2,23,361582
sample,1024,128,fused2,24,362666
sample,1024,128,fused2,25,372184
sample,1024,128,fused2,26,386610
sample,1024,128,fused2,27,365322
sample,1024,128,fused2,28,366415
sample,1024,128,fused2,29,368564
measured,1024,128,tile8,16384,65536,5,30,8,319342,384314,26abf5bddd03bbc5,79acd556594188cd,none,none
sample,1024,128,tile8,0,305212
sample,1024,128,tile8,1,308434
sample,1024,128,tile8,2,384314
sample,1024,128,tile8,3,362842
sample,1024,128,tile8,4,305286
sample,1024,128,tile8,5,302731
sample,1024,128,tile8,6,309740
sample,1024,128,tile8,7,312768
sample,1024,128,tile8,8,314490
sample,1024,128,tile8,9,350110
sample,1024,128,tile8,10,335527
sample,1024,128,tile8,11,306925
sample,1024,128,tile8,12,305434
sample,1024,128,tile8,13,314342
sample,1024,128,tile8,14,322897
sample,1024,128,tile8,15,318222
sample,1024,128,tile8,16,317721
sample,1024,128,tile8,17,319342
sample,1024,128,tile8,18,319174
sample,1024,128,tile8,19,319332
sample,1024,128,tile8,20,327415
sample,1024,128,tile8,21,319638
sample,1024,128,tile8,22,322369
sample,1024,128,tile8,23,320916
sample,1024,128,tile8,24,326333
sample,1024,128,tile8,25,385332
sample,1024,128,tile8,26,334110
sample,1024,128,tile8,27,327554
sample,1024,128,tile8,28,329990
sample,1024,128,tile8,29,328657
measured,1024,512,vec4,65536,262144,5,30,10,414628,435100,0949b62ffc70d026,7663f0c9d3466943,none,none
sample,1024,512,vec4,0,415536
sample,1024,512,vec4,1,408648
sample,1024,512,vec4,2,411934
sample,1024,512,vec4,3,425619
sample,1024,512,vec4,4,416674
sample,1024,512,vec4,5,406933
sample,1024,512,vec4,6,407814
sample,1024,512,vec4,7,414905
sample,1024,512,vec4,8,416286
sample,1024,512,vec4,9,413962
sample,1024,512,vec4,10,417313
sample,1024,512,vec4,11,413914
sample,1024,512,vec4,12,414601
sample,1024,512,vec4,13,435100
sample,1024,512,vec4,14,407748
sample,1024,512,vec4,15,414971
sample,1024,512,vec4,16,417147
sample,1024,512,vec4,17,414628
sample,1024,512,vec4,18,413619
sample,1024,512,vec4,19,412970
sample,1024,512,vec4,20,407165
sample,1024,512,vec4,21,415925
sample,1024,512,vec4,22,414989
sample,1024,512,vec4,23,413786
sample,1024,512,vec4,24,416720
sample,1024,512,vec4,25,414999
sample,1024,512,vec4,26,414711
sample,1024,512,vec4,27,448479
sample,1024,512,vec4,28,409942
sample,1024,512,vec4,29,406675
measured,1024,512,fused2,65536,262144,5,30,9,380861,427555,0949b62ffc70d026,7663f0c9d3466943,none,none
sample,1024,512,fused2,0,373508
sample,1024,512,fused2,1,381100
sample,1024,512,fused2,2,380147
sample,1024,512,fused2,3,379813
sample,1024,512,fused2,4,382536
sample,1024,512,fused2,5,375675
sample,1024,512,fused2,6,375564
sample,1024,512,fused2,7,382555
sample,1024,512,fused2,8,382239
sample,1024,512,fused2,9,381332
sample,1024,512,fused2,10,383147
sample,1024,512,fused2,11,380861
sample,1024,512,fused2,12,440860
sample,1024,512,fused2,13,374378
sample,1024,512,fused2,14,372425
sample,1024,512,fused2,15,374240
sample,1024,512,fused2,16,381935
sample,1024,512,fused2,17,382156
sample,1024,512,fused2,18,419795
sample,1024,512,fused2,19,382064
sample,1024,512,fused2,20,374128
sample,1024,512,fused2,21,427555
sample,1024,512,fused2,22,383009
sample,1024,512,fused2,23,379859
sample,1024,512,fused2,24,381600
sample,1024,512,fused2,25,380619
sample,1024,512,fused2,26,379295
sample,1024,512,fused2,27,424340
sample,1024,512,fused2,28,374138
sample,1024,512,fused2,29,375230
measured,1024,512,tile8,65536,262144,5,30,8,350564,404453,0949b62ffc70d026,7663f0c9d3466943,none,none
sample,1024,512,tile8,0,342860
sample,1024,512,tile8,1,347952
sample,1024,512,tile8,2,348832
sample,1024,512,tile8,3,359361
sample,1024,512,tile8,4,397397
sample,1024,512,tile8,5,345638
sample,1024,512,tile8,6,360481
sample,1024,512,tile8,7,345517
sample,1024,512,tile8,8,350564
sample,1024,512,tile8,9,350156
sample,1024,512,tile8,10,347693
sample,1024,512,tile8,11,351721
sample,1024,512,tile8,12,349360
sample,1024,512,tile8,13,355017
sample,1024,512,tile8,14,345545
sample,1024,512,tile8,15,404453
sample,1024,512,tile8,16,354471
sample,1024,512,tile8,17,350110
sample,1024,512,tile8,18,356452
sample,1024,512,tile8,19,355740
sample,1024,512,tile8,20,347898
sample,1024,512,tile8,21,444638
sample,1024,512,tile8,22,345962
sample,1024,512,tile8,23,350842
sample,1024,512,tile8,24,349786
sample,1024,512,tile8,25,351222
sample,1024,512,tile8,26,353305
sample,1024,512,tile8,27,367009
sample,1024,512,tile8,28,355101
sample,1024,512,tile8,29,344138
measured,1024,2048,vec4,262144,1048576,5,30,10,418471,431342,2d4a1c573b9665e7,d32c613321b43c7f,none,none
sample,1024,2048,vec4,0,419370
sample,1024,2048,vec4,1,418471
sample,1024,2048,vec4,2,430377
sample,1024,2048,vec4,3,420702
sample,1024,2048,vec4,4,418249
sample,1024,2048,vec4,5,416305
sample,1024,2048,vec4,6,417785
sample,1024,2048,vec4,7,419971
sample,1024,2048,vec4,8,439192
sample,1024,2048,vec4,9,419046
sample,1024,2048,vec4,10,413740
sample,1024,2048,vec4,11,416971
sample,1024,2048,vec4,12,420138
sample,1024,2048,vec4,13,427342
sample,1024,2048,vec4,14,419407
sample,1024,2048,vec4,15,419749
sample,1024,2048,vec4,16,415490
sample,1024,2048,vec4,17,403591
sample,1024,2048,vec4,18,325879
sample,1024,2048,vec4,19,327693
sample,1024,2048,vec4,20,409952
sample,1024,2048,vec4,21,417240
sample,1024,2048,vec4,22,419314
sample,1024,2048,vec4,23,425619
sample,1024,2048,vec4,24,418814
sample,1024,2048,vec4,25,414868
sample,1024,2048,vec4,26,417267
sample,1024,2048,vec4,27,419222
sample,1024,2048,vec4,28,431342
sample,1024,2048,vec4,29,418314
measured,1024,2048,fused2,262144,1048576,5,30,9,383481,435451,2d4a1c573b9665e7,d32c613321b43c7f,none,none
sample,1024,2048,fused2,0,382906
sample,1024,2048,fused2,1,384887
sample,1024,2048,fused2,2,380915
sample,1024,2048,fused2,3,431222
sample,1024,2048,fused2,4,378526
sample,1024,2048,fused2,5,389397
sample,1024,2048,fused2,6,383981
sample,1024,2048,fused2,7,382573
sample,1024,2048,fused2,8,393499
sample,1024,2048,fused2,9,386064
sample,1024,2048,fused2,10,385693
sample,1024,2048,fused2,11,379990
sample,1024,2048,fused2,12,381444
sample,1024,2048,fused2,13,384971
sample,1024,2048,fused2,14,381925
sample,1024,2048,fused2,15,384332
sample,1024,2048,fused2,16,435451
sample,1024,2048,fused2,17,399388
sample,1024,2048,fused2,18,300648
sample,1024,2048,fused2,19,317916
sample,1024,2048,fused2,20,378359
sample,1024,2048,fused2,21,383119
sample,1024,2048,fused2,22,459248
sample,1024,2048,fused2,23,414981
sample,1024,2048,fused2,24,380498
sample,1024,2048,fused2,25,383481
sample,1024,2048,fused2,26,378240
sample,1024,2048,fused2,27,385545
sample,1024,2048,fused2,28,384731
sample,1024,2048,fused2,29,383230
measured,1024,2048,tile8,262144,1048576,5,30,8,364434,381712,2d4a1c573b9665e7,d32c613321b43c7f,none,none
sample,1024,2048,tile8,0,369869
sample,1024,2048,tile8,1,366286
sample,1024,2048,tile8,2,370461
sample,1024,2048,tile8,3,363545
sample,1024,2048,tile8,4,365054
sample,1024,2048,tile8,5,363027
sample,1024,2048,tile8,6,365054
sample,1024,2048,tile8,7,365267
sample,1024,2048,tile8,8,418193
sample,1024,2048,tile8,9,362017
sample,1024,2048,tile8,10,361258
sample,1024,2048,tile8,11,372869
sample,1024,2048,tile8,12,363953
sample,1024,2048,tile8,13,371036
sample,1024,2048,tile8,14,364499
sample,1024,2048,tile8,15,363684
sample,1024,2048,tile8,16,367193
sample,1024,2048,tile8,17,381712
sample,1024,2048,tile8,18,289619
sample,1024,2048,tile8,19,293879
sample,1024,2048,tile8,20,364415
sample,1024,2048,tile8,21,366564
sample,1024,2048,tile8,22,363814
sample,1024,2048,tile8,23,370230
sample,1024,2048,tile8,24,363990
sample,1024,2048,tile8,25,360138
sample,1024,2048,tile8,26,362814
sample,1024,2048,tile8,27,363258
sample,1024,2048,tile8,28,364860
sample,1024,2048,tile8,29,364434
measured,4096,128,vec4,65536,262144,5,30,12,483164,544026,d878e557b6daedce,8cc85ceb09c8efed,none,none
sample,4096,128,vec4,0,482601
sample,4096,128,vec4,1,485378
sample,4096,128,vec4,2,486683
sample,4096,128,vec4,3,492147
sample,4096,128,vec4,4,485915
sample,4096,128,vec4,5,531980
sample,4096,128,vec4,6,490767
sample,4096,128,vec4,7,476387
sample,4096,128,vec4,8,478683
sample,4096,128,vec4,9,484147
sample,4096,128,vec4,10,547016
sample,4096,128,vec4,11,484351
sample,4096,128,vec4,12,481980
sample,4096,128,vec4,13,475036
sample,4096,128,vec4,14,476868
sample,4096,128,vec4,15,484073
sample,4096,128,vec4,16,482609
sample,4096,128,vec4,17,482934
sample,4096,128,vec4,18,544026
sample,4096,128,vec4,19,481739
sample,4096,128,vec4,20,482563
sample,4096,128,vec4,21,475193
sample,4096,128,vec4,22,483027
sample,4096,128,vec4,23,500388
sample,4096,128,vec4,24,489165
sample,4096,128,vec4,25,491563
sample,4096,128,vec4,26,476248
sample,4096,128,vec4,27,476629
sample,4096,128,vec4,28,483164
sample,4096,128,vec4,29,484859
measured,4096,128,fused2,65536,262144,5,30,11,450295,472377,d878e557b6daedce,8cc85ceb09c8efed,none,none
sample,4096,128,fused2,0,450480
sample,4096,128,fused2,1,440203
sample,4096,128,fused2,2,448842
sample,4096,128,fused2,3,454563
sample,4096,128,fused2,4,453694
sample,4096,128,fused2,5,462378
sample,4096,128,fused2,6,449323
sample,4096,128,fused2,7,445629
sample,4096,128,fused2,8,448665
sample,4096,128,fused2,9,451322
sample,4096,128,fused2,10,481443
sample,4096,128,fused2,11,451637
sample,4096,128,fused2,12,445257
sample,4096,128,fused2,13,448648
sample,4096,128,fused2,14,448305
sample,4096,128,fused2,15,448073
sample,4096,128,fused2,16,454674
sample,4096,128,fused2,17,454035
sample,4096,128,fused2,18,472377
sample,4096,128,fused2,19,450295
sample,4096,128,fused2,20,446128
sample,4096,128,fused2,21,450276
sample,4096,128,fused2,22,452073
sample,4096,128,fused2,23,468138
sample,4096,128,fused2,24,448850
sample,4096,128,fused2,25,454156
sample,4096,128,fused2,26,445100
sample,4096,128,fused2,27,445017
sample,4096,128,fused2,28,455045
sample,4096,128,fused2,29,452331
measured,4096,128,tile8,65536,262144,5,30,10,420156,433896,d878e557b6daedce,8cc85ceb09c8efed,none,none
sample,4096,128,tile8,0,417332
sample,4096,128,tile8,1,417915
sample,4096,128,tile8,2,435267
sample,4096,128,tile8,3,424294
sample,4096,128,tile8,4,422610
sample,4096,128,tile8,5,419749
sample,4096,128,tile8,6,414379
sample,4096,128,tile8,7,412869
sample,4096,128,tile8,8,415351
sample,4096,128,tile8,9,426082
sample,4096,128,tile8,10,420304
sample,4096,128,tile8,11,420027
sample,4096,128,tile8,12,424990
sample,4096,128,tile8,13,413424
sample,4096,128,tile8,14,415990
sample,4096,128,tile8,15,421887
sample,4096,128,tile8,16,422583
sample,4096,128,tile8,17,422638
sample,4096,128,tile8,18,422055
sample,4096,128,tile8,19,422331
sample,4096,128,tile8,20,420156
sample,4096,128,tile8,21,414194
sample,4096,128,tile8,22,416110
sample,4096,128,tile8,23,433896
sample,4096,128,tile8,24,415323
sample,4096,128,tile8,25,422618
sample,4096,128,tile8,26,424166
sample,4096,128,tile8,27,414221
sample,4096,128,tile8,28,423694
sample,4096,128,tile8,29,419934
measured,4096,512,vec4,262144,1048576,5,30,12,498294,651748,07e875993970433c,207dceeda1be3f5b,none,none
sample,4096,512,vec4,0,483211
sample,4096,512,vec4,1,484868
sample,4096,512,vec4,2,493082
sample,4096,512,vec4,3,496211
sample,4096,512,vec4,4,492887
sample,4096,512,vec4,5,502971
sample,4096,512,vec4,6,491313
sample,4096,512,vec4,7,488582
sample,4096,512,vec4,8,486600
sample,4096,512,vec4,9,550405
sample,4096,512,vec4,10,539712
sample,4096,512,vec4,11,651748
sample,4096,512,vec4,12,524877
sample,4096,512,vec4,13,503758
sample,4096,512,vec4,14,497451
sample,4096,512,vec4,15,507979
sample,4096,512,vec4,16,493424
sample,4096,512,vec4,17,502026
sample,4096,512,vec4,18,810368
sample,4096,512,vec4,19,517627
sample,4096,512,vec4,20,508999
sample,4096,512,vec4,21,532674
sample,4096,512,vec4,22,493064
sample,4096,512,vec4,23,505869
sample,4096,512,vec4,24,508471
sample,4096,512,vec4,25,498294
sample,4096,512,vec4,26,549711
sample,4096,512,vec4,27,489942
sample,4096,512,vec4,28,488332
sample,4096,512,vec4,29,495054
measured,4096,512,fused2,262144,1048576,5,30,11,462868,599109,07e875993970433c,207dceeda1be3f5b,none,none
sample,4096,512,fused2,0,451508
sample,4096,512,fused2,1,449712
sample,4096,512,fused2,2,452554
sample,4096,512,fused2,3,460777
sample,4096,512,fused2,4,469193
sample,4096,512,fused2,5,517655
sample,4096,512,fused2,6,462664
sample,4096,512,fused2,7,458027
sample,4096,512,fused2,8,450471
sample,4096,512,fused2,9,461369
sample,4096,512,fused2,10,445277
sample,4096,512,fused2,11,2093965
sample,4096,512,fused2,12,490831
sample,4096,512,fused2,13,462868
sample,4096,512,fused2,14,463545
sample,4096,512,fused2,15,475434
sample,4096,512,fused2,16,457351
sample,4096,512,fused2,17,466951
sample,4096,512,fused2,18,516165
sample,4096,512,fused2,19,599109
sample,4096,512,fused2,20,486285
sample,4096,512,fused2,21,465341
sample,4096,512,fused2,22,466730
sample,4096,512,fused2,23,460933
sample,4096,512,fused2,24,463638
sample,4096,512,fused2,25,466758
sample,4096,512,fused2,26,453683
sample,4096,512,fused2,27,455518
sample,4096,512,fused2,28,464915
sample,4096,512,fused2,29,459388
measured,4096,512,tile8,262144,1048576,5,30,10,442591,627100,07e875993970433c,207dceeda1be3f5b,none,none
sample,4096,512,tile8,0,439129
sample,4096,512,tile8,1,430794
sample,4096,512,tile8,2,443387
sample,4096,512,tile8,3,441231
sample,4096,512,tile8,4,439063
sample,4096,512,tile8,5,454490
sample,4096,512,tile8,6,436564
sample,4096,512,tile8,7,441757
sample,4096,512,tile8,8,437934
sample,4096,512,tile8,9,503822
sample,4096,512,tile8,10,919654
sample,4096,512,tile8,11,422702
sample,4096,512,tile8,12,450146
sample,4096,512,tile8,13,444999
sample,4096,512,tile8,14,446906
sample,4096,512,tile8,15,507592
sample,4096,512,tile8,16,441498
sample,4096,512,tile8,17,436350
sample,4096,512,tile8,18,462360
sample,4096,512,tile8,19,627100
sample,4096,512,tile8,20,450814
sample,4096,512,tile8,21,449202
sample,4096,512,tile8,22,453564
sample,4096,512,tile8,23,444424
sample,4096,512,tile8,24,441933
sample,4096,512,tile8,25,442591
sample,4096,512,tile8,26,447887
sample,4096,512,tile8,27,434175
sample,4096,512,tile8,28,434499
sample,4096,512,tile8,29,437581
measured,4096,2048,vec4,1048576,4194304,5,30,12,550758,604063,4143a88e49ed614b,e0842ad8f72c0c9f,none,none
sample,4096,2048,vec4,0,553101
sample,4096,2048,vec4,1,553499
sample,4096,2048,vec4,2,554127
sample,4096,2048,vec4,3,560981
sample,4096,2048,vec4,4,551470
sample,4096,2048,vec4,5,608582
sample,4096,2048,vec4,6,604063
sample,4096,2048,vec4,7,547201
sample,4096,2048,vec4,8,552257
sample,4096,2048,vec4,9,555933
sample,4096,2048,vec4,10,546276
sample,4096,2048,vec4,11,546461
sample,4096,2048,vec4,12,553544
sample,4096,2048,vec4,13,554313
sample,4096,2048,vec4,14,548785
sample,4096,2048,vec4,15,549063
sample,4096,2048,vec4,16,547600
sample,4096,2048,vec4,17,546146
sample,4096,2048,vec4,18,551637
sample,4096,2048,vec4,19,547813
sample,4096,2048,vec4,20,564248
sample,4096,2048,vec4,21,544664
sample,4096,2048,vec4,22,563387
sample,4096,2048,vec4,23,550758
sample,4096,2048,vec4,24,552692
sample,4096,2048,vec4,25,545128
sample,4096,2048,vec4,26,544203
sample,4096,2048,vec4,27,542489
sample,4096,2048,vec4,28,550720
sample,4096,2048,vec4,29,544961
measured,4096,2048,fused2,1048576,4194304,5,30,11,516100,522703,4143a88e49ed614b,e0842ad8f72c0c9f,none,none
sample,4096,2048,fused2,0,514944
sample,4096,2048,fused2,1,512266
sample,4096,2048,fused2,2,519164
sample,4096,2048,fused2,3,516665
sample,4096,2048,fused2,4,520406
sample,4096,2048,fused2,5,516721
sample,4096,2048,fused2,6,522703
sample,4096,2048,fused2,7,521702
sample,4096,2048,fused2,8,515655
sample,4096,2048,fused2,9,516202
sample,4096,2048,fused2,10,512721
sample,4096,2048,fused2,11,511989
sample,4096,2048,fused2,12,516100
sample,4096,2048,fused2,13,512267
sample,4096,2048,fused2,14,526878
sample,4096,2048,fused2,15,516324
sample,4096,2048,fused2,16,512684
sample,4096,2048,fused2,17,512822
sample,4096,2048,fused2,18,517646
sample,4096,2048,fused2,19,514934
sample,4096,2048,fused2,20,516822
sample,4096,2048,fused2,21,510277
sample,4096,2048,fused2,22,520313
sample,4096,2048,fused2,23,516424
sample,4096,2048,fused2,24,516257
sample,4096,2048,fused2,25,511925
sample,4096,2048,fused2,26,509907
sample,4096,2048,fused2,27,509434
sample,4096,2048,fused2,28,517211
sample,4096,2048,fused2,29,512017
measured,4096,2048,tile8,1048576,4194304,5,30,10,542628,550942,4143a88e49ed614b,e0842ad8f72c0c9f,none,none
sample,4096,2048,tile8,0,540804
sample,4096,2048,tile8,1,550942
sample,4096,2048,tile8,2,548378
sample,4096,2048,tile8,3,545369
sample,4096,2048,tile8,4,548101
sample,4096,2048,tile8,5,547887
sample,4096,2048,tile8,6,576406
sample,4096,2048,tile8,7,546813
sample,4096,2048,tile8,8,542600
sample,4096,2048,tile8,9,538581
sample,4096,2048,tile8,10,544461
sample,4096,2048,tile8,11,541360
sample,4096,2048,tile8,12,543905
sample,4096,2048,tile8,13,543350
sample,4096,2048,tile8,14,542693
sample,4096,2048,tile8,15,550129
sample,4096,2048,tile8,16,537768
sample,4096,2048,tile8,17,536942
sample,4096,2048,tile8,18,541563
sample,4096,2048,tile8,19,538646
sample,4096,2048,tile8,20,542025
sample,4096,2048,tile8,21,538592
sample,4096,2048,tile8,22,534905
sample,4096,2048,tile8,23,546544
sample,4096,2048,tile8,24,543684
sample,4096,2048,tile8,25,545100
sample,4096,2048,tile8,26,535767
sample,4096,2048,tile8,27,542628
sample,4096,2048,tile8,28,535017
sample,4096,2048,tile8,29,534248
measured,16384,128,vec4,262144,1048576,5,30,14,593581,599516,318e48fc80dadb1f,a09bc0e13ecf9bf8,none,none
sample,16384,128,vec4,0,562637
sample,16384,128,vec4,1,568952
sample,16384,128,vec4,2,564971
sample,16384,128,vec4,3,596452
sample,16384,128,vec4,4,589424
sample,16384,128,vec4,5,598730
sample,16384,128,vec4,6,594470
sample,16384,128,vec4,7,598007
sample,16384,128,vec4,8,594544
sample,16384,128,vec4,9,594165
sample,16384,128,vec4,10,598905
sample,16384,128,vec4,11,596118
sample,16384,128,vec4,12,596952
sample,16384,128,vec4,13,603628
sample,16384,128,vec4,14,593581
sample,16384,128,vec4,15,593470
sample,16384,128,vec4,16,590636
sample,16384,128,vec4,17,596516
sample,16384,128,vec4,18,599516
sample,16384,128,vec4,19,593248
sample,16384,128,vec4,20,585878
sample,16384,128,vec4,21,593267
sample,16384,128,vec4,22,595025
sample,16384,128,vec4,23,589202
sample,16384,128,vec4,24,585683
sample,16384,128,vec4,25,595794
sample,16384,128,vec4,26,590082
sample,16384,128,vec4,27,596303
sample,16384,128,vec4,28,588934
sample,16384,128,vec4,29,584341
measured,16384,128,fused2,262144,1048576,5,30,13,560379,576701,318e48fc80dadb1f,a09bc0e13ecf9bf8,none,none
sample,16384,128,fused2,0,529831
sample,16384,128,fused2,1,529044
sample,16384,128,fused2,2,536609
sample,16384,128,fused2,3,541489
sample,16384,128,fused2,4,656655
sample,16384,128,fused2,5,561887
sample,16384,128,fused2,6,559692
sample,16384,128,fused2,7,555137
sample,16384,128,fused2,8,562164
sample,16384,128,fused2,9,562813
sample,16384,128,fused2,10,565257
sample,16384,128,fused2,11,555915
sample,16384,128,fused2,12,564313
sample,16384,128,fused2,13,561035
sample,16384,128,fused2,14,562628
sample,16384,128,fused2,15,561628
sample,16384,128,fused2,16,568081
sample,16384,128,fused2,17,560379
sample,16384,128,fused2,18,572507
sample,16384,128,fused2,19,554377
sample,16384,128,fused2,20,551368
sample,16384,128,fused2,21,563276
sample,16384,128,fused2,22,556656
sample,16384,128,fused2,23,553627
sample,16384,128,fused2,24,563099
sample,16384,128,fused2,25,561869
sample,16384,128,fused2,26,559054
sample,16384,128,fused2,27,559405
sample,16384,128,fused2,28,576701
sample,16384,128,fused2,29,553878
measured,16384,128,tile8,262144,1048576,5,30,12,536341,592656,318e48fc80dadb1f,a09bc0e13ecf9bf8,none,none
sample,16384,128,tile8,0,509748
sample,16384,128,tile8,1,505915
sample,16384,128,tile8,2,512368
sample,16384,128,tile8,3,726970
sample,16384,128,tile8,4,592656
sample,16384,128,tile8,5,553045
sample,16384,128,tile8,6,544193
sample,16384,128,tile8,7,541258
sample,16384,128,tile8,8,536267
sample,16384,128,tile8,9,536924
sample,16384,128,tile8,10,532665
sample,16384,128,tile8,11,532128
sample,16384,128,tile8,12,537397
sample,16384,128,tile8,13,543591
sample,16384,128,tile8,14,540933
sample,16384,128,tile8,15,529249
sample,16384,128,tile8,16,528831
sample,16384,128,tile8,17,540785
sample,16384,128,tile8,18,537314
sample,16384,128,tile8,19,530359
sample,16384,128,tile8,20,538312
sample,16384,128,tile8,21,537231
sample,16384,128,tile8,22,536590
sample,16384,128,tile8,23,532479
sample,16384,128,tile8,24,534341
sample,16384,128,tile8,25,536341
sample,16384,128,tile8,26,535257
sample,16384,128,tile8,27,533313
sample,16384,128,tile8,28,535110
sample,16384,128,tile8,29,541285
measured,16384,512,vec4,1048576,4194304,5,30,14,659174,670248,08b87a1ca99fa7b8,cc66b7b8fae87df4,none,none
sample,16384,512,vec4,0,659711
sample,16384,512,vec4,1,661470
sample,16384,512,vec4,2,661711
sample,16384,512,vec4,3,652378
sample,16384,512,vec4,4,654248
sample,16384,512,vec4,5,652312
sample,16384,512,vec4,6,653887
sample,16384,512,vec4,7,656063
sample,16384,512,vec4,8,662896
sample,16384,512,vec4,9,662395
sample,16384,512,vec4,10,670054
sample,16384,512,vec4,11,681072
sample,16384,512,vec4,12,661045
sample,16384,512,vec4,13,657488
sample,16384,512,vec4,14,651804
sample,16384,512,vec4,15,658387
sample,16384,512,vec4,16,662332
sample,16384,512,vec4,17,653321
sample,16384,512,vec4,18,655072
sample,16384,512,vec4,19,660914
sample,16384,512,vec4,20,658220
sample,16384,512,vec4,21,670248
sample,16384,512,vec4,22,659174
sample,16384,512,vec4,23,654553
sample,16384,512,vec4,24,663785
sample,16384,512,vec4,25,646970
sample,16384,512,vec4,26,657654
sample,16384,512,vec4,27,663192
sample,16384,512,vec4,28,661239
sample,16384,512,vec4,29,661887
measured,16384,512,fused2,1048576,4194304,5,30,13,622341,640951,08b87a1ca99fa7b8,cc66b7b8fae87df4,none,none
sample,16384,512,fused2,0,621906
sample,16384,512,fused2,1,626739
sample,16384,512,fused2,2,621637
sample,16384,512,fused2,3,632683
sample,16384,512,fused2,4,628971
sample,16384,512,fused2,5,615526
sample,16384,512,fused2,6,629276
sample,16384,512,fused2,7,622331
sample,16384,512,fused2,8,628859
sample,16384,512,fused2,9,622729
sample,16384,512,fused2,10,640951
sample,16384,512,fused2,11,622035
sample,16384,512,fused2,12,617850
sample,16384,512,fused2,13,630599
sample,16384,512,fused2,14,616127
sample,16384,512,fused2,15,621693
sample,16384,512,fused2,16,625332
sample,16384,512,fused2,17,618785
sample,16384,512,fused2,18,620221
sample,16384,512,fused2,19,622341
sample,16384,512,fused2,20,626508
sample,16384,512,fused2,21,643766
sample,16384,512,fused2,22,621896
sample,16384,512,fused2,23,621526
sample,16384,512,fused2,24,617313
sample,16384,512,fused2,25,625099
sample,16384,512,fused2,26,620220
sample,16384,512,fused2,27,626840
sample,16384,512,fused2,28,627572
sample,16384,512,fused2,29,625710
measured,16384,512,tile8,1048576,4194304,5,30,12,648645,665341,08b87a1ca99fa7b8,cc66b7b8fae87df4,none,none
sample,16384,512,tile8,0,644174
sample,16384,512,tile8,1,665341
sample,16384,512,tile8,2,653135
sample,16384,512,tile8,3,648645
sample,16384,512,tile8,4,645913
sample,16384,512,tile8,5,648100
sample,16384,512,tile8,6,654600
sample,16384,512,tile8,7,655692
sample,16384,512,tile8,8,651137
sample,16384,512,tile8,9,645202
sample,16384,512,tile8,10,659563
sample,16384,512,tile8,11,645637
sample,16384,512,tile8,12,648794
sample,16384,512,tile8,13,645720
sample,16384,512,tile8,14,644313
sample,16384,512,tile8,15,649915
sample,16384,512,tile8,16,645665
sample,16384,512,tile8,17,646739
sample,16384,512,tile8,18,666238
sample,16384,512,tile8,19,646377
sample,16384,512,tile8,20,650776
sample,16384,512,tile8,21,663192
sample,16384,512,tile8,22,654489
sample,16384,512,tile8,23,645673
sample,16384,512,tile8,24,647072
sample,16384,512,tile8,25,642924
sample,16384,512,tile8,26,650757
sample,16384,512,tile8,27,660258
sample,16384,512,tile8,28,644804
sample,16384,512,tile8,29,655285
measured,16384,2048,vec4,4194304,16777216,5,30,14,859071,871525,6be3b72c15a212b9,3199380bd5011e6c,none,none
sample,16384,2048,vec4,0,853626
sample,16384,2048,vec4,1,862386
sample,16384,2048,vec4,2,852358
sample,16384,2048,vec4,3,861396
sample,16384,2048,vec4,4,871525
sample,16384,2048,vec4,5,855665
sample,16384,2048,vec4,6,862219
sample,16384,2048,vec4,7,863126
sample,16384,2048,vec4,8,859276
sample,16384,2048,vec4,9,862933
sample,16384,2048,vec4,10,866849
sample,16384,2048,vec4,11,859737
sample,16384,2048,vec4,12,912052
sample,16384,2048,vec4,13,865302
sample,16384,2048,vec4,14,858553
sample,16384,2048,vec4,15,854489
sample,16384,2048,vec4,16,858238
sample,16384,2048,vec4,17,859590
sample,16384,2048,vec4,18,854034
sample,16384,2048,vec4,19,857118
sample,16384,2048,vec4,20,863923
sample,16384,2048,vec4,21,859071
sample,16384,2048,vec4,22,857201
sample,16384,2048,vec4,23,858552
sample,16384,2048,vec4,24,856451
sample,16384,2048,vec4,25,854506
sample,16384,2048,vec4,26,860396
sample,16384,2048,vec4,27,864285
sample,16384,2048,vec4,28,853441
sample,16384,2048,vec4,29,855608
measured,16384,2048,fused2,4194304,16777216,5,30,13,818052,831978,6be3b72c15a212b9,3199380bd5011e6c,none,none
sample,16384,2048,fused2,0,805906
sample,16384,2048,fused2,1,810590
sample,16384,2048,fused2,2,829876
sample,16384,2048,fused2,3,812257
sample,16384,2048,fused2,4,821387
sample,16384,2048,fused2,5,831978
sample,16384,2048,fused2,6,819405
sample,16384,2048,fused2,7,818052
sample,16384,2048,fused2,8,820534
sample,16384,2048,fused2,9,810238
sample,16384,2048,fused2,10,824813
sample,16384,2048,fused2,11,812488
sample,16384,2048,fused2,12,819774
sample,16384,2048,fused2,13,819617
sample,16384,2048,fused2,14,818386
sample,16384,2048,fused2,15,832654
sample,16384,2048,fused2,16,815192
sample,16384,2048,fused2,17,821127
sample,16384,2048,fused2,18,807016
sample,16384,2048,fused2,19,816803
sample,16384,2048,fused2,20,828275
sample,16384,2048,fused2,21,821118
sample,16384,2048,fused2,22,809729
sample,16384,2048,fused2,23,805488
sample,16384,2048,fused2,24,813229
sample,16384,2048,fused2,25,830571
sample,16384,2048,fused2,26,819886
sample,16384,2048,fused2,27,814506
sample,16384,2048,fused2,28,807174
sample,16384,2048,fused2,29,808858
measured,16384,2048,tile8,4194304,16777216,5,30,12,1021960,1034089,6be3b72c15a212b9,3199380bd5011e6c,none,none
sample,16384,2048,tile8,0,1019025
sample,16384,2048,tile8,1,1024756
sample,16384,2048,tile8,2,1028755
sample,16384,2048,tile8,3,1019303
sample,16384,2048,tile8,4,1025154
sample,16384,2048,tile8,5,1020942
sample,16384,2048,tile8,6,1021960
sample,16384,2048,tile8,7,1025774
sample,16384,2048,tile8,8,1026006
sample,16384,2048,tile8,9,1024339
sample,16384,2048,tile8,10,1031182
sample,16384,2048,tile8,11,1015034
sample,16384,2048,tile8,12,1046035
sample,16384,2048,tile8,13,1023617
sample,16384,2048,tile8,14,1024108
sample,16384,2048,tile8,15,1028747
sample,16384,2048,tile8,16,1029219
sample,16384,2048,tile8,17,1014793
sample,16384,2048,tile8,18,1016951
sample,16384,2048,tile8,19,1010487
sample,16384,2048,tile8,20,1020034
sample,16384,2048,tile8,21,1011923
sample,16384,2048,tile8,22,1011145
sample,16384,2048,tile8,23,1019625
sample,16384,2048,tile8,24,1009487
sample,16384,2048,tile8,25,1009987
sample,16384,2048,tile8,26,1025951
sample,16384,2048,tile8,27,1034089
sample,16384,2048,tile8,28,1022293
sample,16384,2048,tile8,29,1021923
measured,65536,128,vec4,1048576,4194304,5,30,16,743248,758831,9ec0db29a14c575b,4098921c6b362ecd,none,none
sample,65536,128,vec4,0,743887
sample,65536,128,vec4,1,738619
sample,65536,128,vec4,2,745146
sample,65536,128,vec4,3,739035
sample,65536,128,vec4,4,744554
sample,65536,128,vec4,5,741933
sample,65536,128,vec4,6,742220
sample,65536,128,vec4,7,741572
sample,65536,128,vec4,8,749998
sample,65536,128,vec4,9,738377
sample,65536,128,vec4,10,753942
sample,65536,128,vec4,11,750248
sample,65536,128,vec4,12,752811
sample,65536,128,vec4,13,739294
sample,65536,128,vec4,14,740673
sample,65536,128,vec4,15,744395
sample,65536,128,vec4,16,752655
sample,65536,128,vec4,17,737396
sample,65536,128,vec4,18,758831
sample,65536,128,vec4,19,776525
sample,65536,128,vec4,20,741313
sample,65536,128,vec4,21,755535
sample,65536,128,vec4,22,749600
sample,65536,128,vec4,23,736775
sample,65536,128,vec4,24,749201
sample,65536,128,vec4,25,743248
sample,65536,128,vec4,26,738247
sample,65536,128,vec4,27,754146
sample,65536,128,vec4,28,731674
sample,65536,128,vec4,29,741276
measured,65536,128,fused2,1048576,4194304,5,30,15,718803,750248,9ec0db29a14c575b,4098921c6b362ecd,none,none
sample,65536,128,fused2,0,714267
sample,65536,128,fused2,1,720728
sample,65536,128,fused2,2,725589
sample,65536,128,fused2,3,716730
sample,65536,128,fused2,4,717164
sample,65536,128,fused2,5,721563
sample,65536,128,fused2,6,718600
sample,65536,128,fused2,7,723480
sample,65536,128,fused2,8,721321
sample,65536,128,fused2,9,718803
sample,65536,128,fused2,10,713886
sample,65536,128,fused2,11,718257
sample,65536,128,fused2,12,720061
sample,65536,128,fused2,13,708868
sample,65536,128,fused2,14,709210
sample,65536,128,fused2,15,741415
sample,65536,128,fused2,16,771961
sample,65536,128,fused2,17,721275
sample,65536,128,fused2,18,709924
sample,65536,128,fused2,19,750248
sample,65536,128,fused2,20,727221
sample,65536,128,fused2,21,715052
sample,65536,128,fused2,22,732386
sample,65536,128,fused2,23,725461
sample,65536,128,fused2,24,747487
sample,65536,128,fused2,25,726192
sample,65536,128,fused2,26,716321
sample,65536,128,fused2,27,717377
sample,65536,128,fused2,28,717183
sample,65536,128,fused2,29,716608
measured,65536,128,tile8,1048576,4194304,5,30,14,728405,742193,9ec0db29a14c575b,4098921c6b362ecd,none,none
sample,65536,128,tile8,0,727997
sample,65536,128,tile8,1,724544
sample,65536,128,tile8,2,731563
sample,65536,128,tile8,3,719460
sample,65536,128,tile8,4,731618
sample,65536,128,tile8,5,724636
sample,65536,128,tile8,6,739738
sample,65536,128,tile8,7,726877
sample,65536,128,tile8,8,727989
sample,65536,128,tile8,9,733441
sample,65536,128,tile8,10,720748
sample,65536,128,tile8,11,721498
sample,65536,128,tile8,12,725756
sample,65536,128,tile8,13,737202
sample,65536,128,tile8,14,734729
sample,65536,128,tile8,15,735424
sample,65536,128,tile8,16,731054
sample,65536,128,tile8,17,723322
sample,65536,128,tile8,18,726960
sample,65536,128,tile8,19,745702
sample,65536,128,tile8,20,725202
sample,65536,128,tile8,21,726386
sample,65536,128,tile8,22,730591
sample,65536,128,tile8,23,733405
sample,65536,128,tile8,24,733479
sample,65536,128,tile8,25,737063
sample,65536,128,tile8,26,728405
sample,65536,128,tile8,27,742193
sample,65536,128,tile8,28,731506
sample,65536,128,tile8,29,722572
measured,65536,512,vec4,4194304,16777216,5,30,16,984913,1022932,84d06402da633040,29115d73667dee45,none,none
sample,65536,512,vec4,0,980599
sample,65536,512,vec4,1,984580
sample,65536,512,vec4,2,986627
sample,65536,512,vec4,3,984913
sample,65536,512,vec4,4,991877
sample,65536,512,vec4,5,975840
sample,65536,512,vec4,6,983784
sample,65536,512,vec4,7,985904
sample,65536,512,vec4,8,976080
sample,65536,512,vec4,9,1011404
sample,65536,512,vec4,10,975322
sample,65536,512,vec4,11,985525
sample,65536,512,vec4,12,985858
sample,65536,512,vec4,13,992673
sample,65536,512,vec4,14,985432
sample,65536,512,vec4,15,974728
sample,65536,512,vec4,16,987071
sample,65536,512,vec4,17,983877
sample,65536,512,vec4,18,1027876
sample,65536,512,vec4,19,976145
sample,65536,512,vec4,20,1022932
sample,65536,512,vec4,21,990331
sample,65536,512,vec4,22,988478
sample,65536,512,vec4,23,994775
sample,65536,512,vec4,24,976044
sample,65536,512,vec4,25,982691
sample,65536,512,vec4,26,970970
sample,65536,512,vec4,27,982302
sample,65536,512,vec4,28,986293
sample,65536,512,vec4,29,978173
measured,65536,512,fused2,4194304,16777216,5,30,15,944728,992487,84d06402da633040,29115d73667dee45,none,none
sample,65536,512,fused2,0,950599
sample,65536,512,fused2,1,949247
sample,65536,512,fused2,2,992487
sample,65536,512,fused2,3,941275
sample,65536,512,fused2,4,932941
sample,65536,512,fused2,5,945192
sample,65536,512,fused2,6,942562
sample,65536,512,fused2,7,948905
sample,65536,512,fused2,8,939571
sample,65536,512,fused2,9,945737
sample,65536,512,fused2,10,945220
sample,65536,512,fused2,11,948543
sample,65536,512,fused2,12,943201
sample,65536,512,fused2,13,936775
sample,65536,512,fused2,14,943515
sample,65536,512,fused2,15,978079
sample,65536,512,fused2,16,944728
sample,65536,512,fused2,17,944719
sample,65536,512,fused2,18,948126
sample,65536,512,fused2,19,943673
sample,65536,512,fused2,20,952960
sample,65536,512,fused2,21,930302
sample,65536,512,fused2,22,937479
sample,65536,512,fused2,23,997598
sample,65536,512,fused2,24,942589
sample,65536,512,fused2,25,980127
sample,65536,512,fused2,26,928071
sample,65536,512,fused2,27,949043
sample,65536,512,fused2,28,977682
sample,65536,512,fused2,29,934627
measured,65536,512,tile8,4194304,16777216,5,30,14,1132626,1160273,84d06402da633040,29115d73667dee45,none,none
sample,65536,512,tile8,0,1130135
sample,65536,512,tile8,1,1134542
sample,65536,512,tile8,2,1125644
sample,65536,512,tile8,3,1137089
sample,65536,512,tile8,4,1160273
sample,65536,512,tile8,5,1123264
sample,65536,512,tile8,6,1134875
sample,65536,512,tile8,7,1189745
sample,65536,512,tile8,8,1126876
sample,65536,512,tile8,9,1159403
sample,65536,512,tile8,10,1124330
sample,65536,512,tile8,11,1133885
sample,65536,512,tile8,12,1145775
sample,65536,512,tile8,13,1120218
sample,65536,512,tile8,14,1157709
sample,65536,512,tile8,15,1126347
sample,65536,512,tile8,16,1134645
sample,65536,512,tile8,17,1139154
sample,65536,512,tile8,18,1125571
sample,65536,512,tile8,19,1138940
sample,65536,512,tile8,20,1123015
sample,65536,512,tile8,21,1124727
sample,65536,512,tile8,22,1131034
sample,65536,512,tile8,23,1132626
sample,65536,512,tile8,24,1134839
sample,65536,512,tile8,25,1154645
sample,65536,512,tile8,26,1134144
sample,65536,512,tile8,27,1129450
sample,65536,512,tile8,28,1127839
sample,65536,512,tile8,29,1128562
skipped_limit,65536,2048,vec4,16777216,67108864,NA,NA,NA,NA,NA,NA,NA,cohort_dispatch_limit,none
skipped_limit,65536,2048,fused2,16777216,67108864,NA,NA,NA,NA,NA,NA,NA,cohort_dispatch_limit,none
skipped_limit,65536,2048,tile8,16777216,67108864,NA,NA,NA,NA,NA,NA,NA,cohort_dispatch_limit,none
measured,262144,128,vec4,4194304,16777216,5,30,18,1001738,1135625,603e59446e81431f,99960c282a7f4ca5,none,none
sample,262144,128,vec4,0,1121422
sample,262144,128,vec4,1,1105655
sample,262144,128,vec4,2,1116247
sample,262144,128,vec4,3,1117932
sample,262144,128,vec4,4,1153403
sample,262144,128,vec4,5,1124024
sample,262144,128,vec4,6,1122117
sample,262144,128,vec4,7,1122293
sample,262144,128,vec4,8,1119849
sample,262144,128,vec4,9,1107765
sample,262144,128,vec4,10,1114311
sample,262144,128,vec4,11,1123607
sample,262144,128,vec4,12,1135625
sample,262144,128,vec4,13,1116553
sample,262144,128,vec4,14,1096043
sample,262144,128,vec4,15,1001738
sample,262144,128,vec4,16,993145
sample,262144,128,vec4,17,990301
sample,262144,128,vec4,18,984544
sample,262144,128,vec4,19,994431
sample,262144,128,vec4,20,907895
sample,262144,128,vec4,21,925302
sample,262144,128,vec4,22,918247
sample,262144,128,vec4,23,905359
sample,262144,128,vec4,24,917636
sample,262144,128,vec4,25,916284
sample,262144,128,vec4,26,863210
sample,262144,128,vec4,27,878525
sample,262144,128,vec4,28,868877
sample,262144,128,vec4,29,862025
measured,262144,128,fused2,4194304,16777216,5,30,17,1012015,1126376,603e59446e81431f,99960c282a7f4ca5,none,none
sample,262144,128,fused2,0,1108071
sample,262144,128,fused2,1,1110088
sample,262144,128,fused2,2,1116181
sample,262144,128,fused2,3,1105433
sample,262144,128,fused2,4,1113912
sample,262144,128,fused2,5,1121793
sample,262144,128,fused2,6,1122775
sample,262144,128,fused2,7,1104061
sample,262144,128,fused2,8,1097867
sample,262144,128,fused2,9,1126376
sample,262144,128,fused2,10,1108589
sample,262144,128,fused2,11,1114756
sample,262144,128,fused2,12,1113145
sample,262144,128,fused2,13,1104747
sample,262144,128,fused2,14,1165357
sample,262144,128,fused2,15,980775
sample,262144,128,fused2,16,990579
sample,262144,128,fused2,17,1012015
sample,262144,128,fused2,18,997497
sample,262144,128,fused2,19,968238
sample,262144,128,fused2,20,945043
sample,262144,128,fused2,21,888580
sample,262144,128,fused2,22,911154
sample,262144,128,fused2,23,893941
sample,262144,128,fused2,24,911339
sample,262144,128,fused2,25,892627
sample,262144,128,fused2,26,876904
sample,262144,128,fused2,27,855933
sample,262144,128,fused2,28,851813
sample,262144,128,fused2,29,851867
measured,262144,128,tile8,4194304,16777216,5,30,16,1107505,1284033,603e59446e81431f,99960c282a7f4ca5,none,none
sample,262144,128,tile8,0,1243311
sample,262144,128,tile8,1,1253422
sample,262144,128,tile8,2,1257338
sample,262144,128,tile8,3,1239265
sample,262144,128,tile8,4,1245459
sample,262144,128,tile8,5,1227821
sample,262144,128,tile8,6,1250014
sample,262144,128,tile8,7,1284033
sample,262144,128,tile8,8,1250922
sample,262144,128,tile8,9,1285505
sample,262144,128,tile8,10,1230376
sample,262144,128,tile8,11,1242959
sample,262144,128,tile8,12,1237913
sample,262144,128,tile8,13,1233598
sample,262144,128,tile8,14,1162431
sample,262144,128,tile8,15,1083904
sample,262144,128,tile8,16,1101422
sample,262144,128,tile8,17,1107505
sample,262144,128,tile8,18,1093876
sample,262144,128,tile8,19,1104024
sample,262144,128,tile8,20,1009516
sample,262144,128,tile8,21,995978
sample,262144,128,tile8,22,1034784
sample,262144,128,tile8,23,1045691
sample,262144,128,tile8,24,994440
sample,262144,128,tile8,25,1067617
sample,262144,128,tile8,26,929812
sample,262144,128,tile8,27,934914
sample,262144,128,tile8,28,941719
sample,262144,128,tile8,29,955923
skipped_limit,262144,512,vec4,16777216,67108864,NA,NA,NA,NA,NA,NA,NA,cohort_dispatch_limit,none
skipped_limit,262144,512,fused2,16777216,67108864,NA,NA,NA,NA,NA,NA,NA,cohort_dispatch_limit,none
skipped_limit,262144,512,tile8,16777216,67108864,NA,NA,NA,NA,NA,NA,NA,cohort_dispatch_limit,none
skipped_limit,262144,2048,vec4,67108864,268435456,NA,NA,NA,NA,NA,NA,NA,cohort_dispatch_limit,none
skipped_limit,262144,2048,fused2,67108864,268435456,NA,NA,NA,NA,NA,NA,NA,cohort_dispatch_limit,none
skipped_limit,262144,2048,tile8,67108864,268435456,NA,NA,NA,NA,NA,NA,NA,cohort_dispatch_limit,none
skipped_limit,1048576,128,vec4,16777216,67108864,NA,NA,NA,NA,NA,NA,NA,cohort_dispatch_limit,none
skipped_limit,1048576,128,fused2,16777216,67108864,NA,NA,NA,NA,NA,NA,NA,cohort_dispatch_limit,none
skipped_limit,1048576,128,tile8,16777216,67108864,NA,NA,NA,NA,NA,NA,NA,cohort_dispatch_limit,none
skipped_limit,1048576,512,vec4,67108864,268435456,NA,NA,NA,NA,NA,NA,NA,cohort_dispatch_limit,none
skipped_limit,1048576,512,fused2,67108864,268435456,NA,NA,NA,NA,NA,NA,NA,cohort_dispatch_limit,none
skipped_limit,1048576,512,tile8,67108864,268435456,NA,NA,NA,NA,NA,NA,NA,cohort_dispatch_limit,none
skipped_limit,1048576,2048,vec4,268435456,1073741824,NA,NA,NA,NA,NA,NA,NA,cohort_dispatch_limit,none
skipped_limit,1048576,2048,fused2,268435456,1073741824,NA,NA,NA,NA,NA,NA,NA,cohort_dispatch_limit,none
skipped_limit,1048576,2048,tile8,268435456,1073741824,NA,NA,NA,NA,NA,NA,NA,cohort_dispatch_limit,none
qualification_status=complete
