benchmark=pvp3d_three_candidate_same_device
source_revision=2fc5ad2ca4f5c27e2b1fdbb0ed328e6820e273af
explicit_map_transition=true
adapter=NVIDIA Tegra NVIDIA Thor
backend=Vulkan
device_type=IntegratedGpu
vendor_id=4318
device_id=11008
driver=NVIDIA
driver_info=580.00
hardware_measurement_eligible=true
physical_admission=external_remoteops_evidence_required
performance_claim=none
primary_timing_scope=resident_encode_plus_queue_submit_plus_device_wait
state_reset_scope=completed_before_timer
correctness_readback_scope=before_and_after_timing
candidate_order=ABC_ACB_BAC_BCA_CAB_CBA
resident_payload_scope=source_plus_three_states_excludes_driver_uniforms_and_readback
status,k,g,candidate,state_bytes,resident_payload_bytes,warmups,repeats,logical_dispatches,p50_ns,p95_ns,input_checksum,output_checksum,skip_reason,performance_claim
measured,256,128,vec4,4096,16384,5,30,8,423259,472055,4c67926a9205d7b4,956299587c8af4b4,none,none
sample,256,128,vec4,0,407443
sample,256,128,vec4,1,406331
sample,256,128,vec4,2,399472
sample,256,128,vec4,3,408647
sample,256,128,vec4,4,406498
sample,256,128,vec4,5,451295
sample,256,128,vec4,6,403628
sample,256,128,vec4,7,398286
sample,256,128,vec4,8,397183
sample,256,128,vec4,9,410925
sample,256,128,vec4,10,407248
sample,256,128,vec4,11,400156
sample,256,128,vec4,12,399748
sample,256,128,vec4,13,412869
sample,256,128,vec4,14,423638
sample,256,128,vec4,15,421730
sample,256,128,vec4,16,430286
sample,256,128,vec4,17,430202
sample,256,128,vec4,18,423259
sample,256,128,vec4,19,429655
sample,256,128,vec4,20,428730
sample,256,128,vec4,21,423499
sample,256,128,vec4,22,423870
sample,256,128,vec4,23,452267
sample,256,128,vec4,24,473350
sample,256,128,vec4,25,423674
sample,256,128,vec4,26,472055
sample,256,128,vec4,27,444231
sample,256,128,vec4,28,446814
sample,256,128,vec4,29,447007
measured,256,128,fused2,4096,16384,5,30,7,394711,422332,4c67926a9205d7b4,956299587c8af4b4,none,none
sample,256,128,fused2,0,384101
sample,256,128,fused2,1,375962
sample,256,128,fused2,2,374314
sample,256,128,fused2,3,384527
sample,256,128,fused2,4,380925
sample,256,128,fused2,5,380471
sample,256,128,fused2,6,405110
sample,256,128,fused2,7,372230
sample,256,128,fused2,8,369073
sample,256,128,fused2,9,373832
sample,256,128,fused2,10,373647
sample,256,128,fused2,11,376008
sample,256,128,fused2,12,377647
sample,256,128,fused2,13,394629
sample,256,128,fused2,14,395999
sample,256,128,fused2,15,398498
sample,256,128,fused2,16,394711
sample,256,128,fused2,17,400331
sample,256,128,fused2,18,401563
sample,256,128,fused2,19,405868
sample,256,128,fused2,20,415073
sample,256,128,fused2,21,412323
sample,256,128,fused2,22,393933
sample,256,128,fused2,23,399526
sample,256,128,fused2,24,411600
sample,256,128,fused2,25,399563
sample,256,128,fused2,26,455378
sample,256,128,fused2,27,417092
sample,256,128,fused2,28,422332
sample,256,128,fused2,29,415184
measured,256,128,tile8,4096,16384,5,30,6,372073,400074,4c67926a9205d7b4,956299587c8af4b4,none,none
sample,256,128,tile8,0,355073
sample,256,128,tile8,1,362026
sample,256,128,tile8,2,359322
sample,256,128,tile8,3,358924
sample,256,128,tile8,4,363064
sample,256,128,tile8,5,356953
sample,256,128,tile8,6,358999
sample,256,128,tile8,7,347740
sample,256,128,tile8,8,352953
sample,256,128,tile8,9,365545
sample,256,128,tile8,10,400074
sample,256,128,tile8,11,348777
sample,256,128,tile8,12,365951
sample,256,128,tile8,13,366369
sample,256,128,tile8,14,380073
sample,256,128,tile8,15,371943
sample,256,128,tile8,16,391462
sample,256,128,tile8,17,373082
sample,256,128,tile8,18,377786
sample,256,128,tile8,19,381962
sample,256,128,tile8,20,420313
sample,256,128,tile8,21,380507
sample,256,128,tile8,22,377266
sample,256,128,tile8,23,378786
sample,256,128,tile8,24,372073
sample,256,128,tile8,25,379980
sample,256,128,tile8,26,392323
sample,256,128,tile8,27,391007
sample,256,128,tile8,28,391619
sample,256,128,tile8,29,391350
measured,256,512,vec4,16384,65536,5,30,8,315906,503294,38bbe1f688e24d78,1c8bb372f8f1302e,none,none
sample,256,512,vec4,0,468453
sample,256,512,vec4,1,473794
sample,256,512,vec4,2,305943
sample,256,512,vec4,3,306221
sample,256,512,vec4,4,305722
sample,256,512,vec4,5,313027
sample,256,512,vec4,6,310731
sample,256,512,vec4,7,313258
sample,256,512,vec4,8,310175
sample,256,512,vec4,9,318638
sample,256,512,vec4,10,313712
sample,256,512,vec4,11,309555
sample,256,512,vec4,12,304129
sample,256,512,vec4,13,316211
sample,256,512,vec4,14,315730
sample,256,512,vec4,15,318749
sample,256,512,vec4,16,312406
sample,256,512,vec4,17,314518
sample,256,512,vec4,18,311193
sample,256,512,vec4,19,315906
sample,256,512,vec4,20,323249
sample,256,512,vec4,21,328703
sample,256,512,vec4,22,325749
sample,256,512,vec4,23,327194
sample,256,512,vec4,24,323619
sample,256,512,vec4,25,493822
sample,256,512,vec4,26,503767
sample,256,512,vec4,27,500674
sample,256,512,vec4,28,503294
sample,256,512,vec4,29,498322
measured,256,512,fused2,16384,65536,5,30,7,285860,523730,38bbe1f688e24d78,1c8bb372f8f1302e,none,none
sample,256,512,fused2,0,447740
sample,256,512,fused2,1,269046
sample,256,512,fused2,2,283749
sample,256,512,fused2,3,273629
sample,256,512,fused2,4,276074
sample,256,512,fused2,5,272445
sample,256,512,fused2,6,280425
sample,256,512,fused2,7,279841
sample,256,512,fused2,8,280888
sample,256,512,fused2,9,284045
sample,256,512,fused2,10,307036
sample,256,512,fused2,11,280333
sample,256,512,fused2,12,274240
sample,256,512,fused2,13,293499
sample,256,512,fused2,14,281277
sample,256,512,fused2,15,285286
sample,256,512,fused2,16,664572
sample,256,512,fused2,17,285860
sample,256,512,fused2,18,288203
sample,256,512,fused2,19,285953
sample,256,512,fused2,20,283054
sample,256,512,fused2,21,302119
sample,256,512,fused2,22,291804
sample,256,512,fused2,23,292722
sample,256,512,fused2,24,291045
sample,256,512,fused2,25,462610
sample,256,512,fused2,26,464035
sample,256,512,fused2,27,523730
sample,256,512,fused2,28,463517
sample,256,512,fused2,29,509583
measured,256,512,tile8,16384,65536,5,30,6,256536,435212,38bbe1f688e24d78,1c8bb372f8f1302e,none,none
sample,256,512,tile8,0,414555
sample,256,512,tile8,1,238462
sample,256,512,tile8,2,246536
sample,256,512,tile8,3,243693
sample,256,512,tile8,4,243203
sample,256,512,tile8,5,244148
sample,256,512,tile8,6,250193
sample,256,512,tile8,7,249165
sample,256,512,tile8,8,249879
sample,256,512,tile8,9,257666
sample,256,512,tile8,10,254222
sample,256,512,tile8,11,249722
sample,256,512,tile8,12,249934
sample,256,512,tile8,13,249712
sample,256,512,tile8,14,258407
sample,256,512,tile8,15,289638
sample,256,512,tile8,16,253000
sample,256,512,tile8,17,273814
sample,256,512,tile8,18,252814
sample,256,512,tile8,19,256536
sample,256,512,tile8,20,260592
sample,256,512,tile8,21,257962
sample,256,512,tile8,22,260416
sample,256,512,tile8,23,258370
sample,256,512,tile8,24,433729
sample,256,512,tile8,25,428499
sample,256,512,tile8,26,448583
sample,256,512,tile8,27,428887
sample,256,512,tile8,28,429805
sample,256,512,tile8,29,435212
measured,256,2048,vec4,65536,262144,5,30,8,513258,535276,c9e538e9f9dccedd,259153fc2c7bc4e7,none,none
sample,256,2048,vec4,0,496915
sample,256,2048,vec4,1,502888
sample,256,2048,vec4,2,501248
sample,256,2048,vec4,3,516008
sample,256,2048,vec4,4,517526
sample,256,2048,vec4,5,515590
sample,256,2048,vec4,6,513831
sample,256,2048,vec4,7,511100
sample,256,2048,vec4,8,509786
sample,256,2048,vec4,9,502119
sample,256,2048,vec4,10,500397
sample,256,2048,vec4,11,500453
sample,256,2048,vec4,12,514165
sample,256,2048,vec4,13,513480
sample,256,2048,vec4,14,516507
sample,256,2048,vec4,15,520952
sample,256,2048,vec4,16,513192
sample,256,2048,vec4,17,535368
sample,256,2048,vec4,18,535276
sample,256,2048,vec4,19,506155
sample,256,2048,vec4,20,511795
sample,256,2048,vec4,21,503989
sample,256,2048,vec4,22,514054
sample,256,2048,vec4,23,517396
sample,256,2048,vec4,24,516655
sample,256,2048,vec4,25,513840
sample,256,2048,vec4,26,513610
sample,256,2048,vec4,27,510869
sample,256,2048,vec4,28,506036
sample,256,2048,vec4,29,513258
measured,256,2048,fused2,65536,262144,5,30,7,479240,487185,c9e538e9f9dccedd,259153fc2c7bc4e7,none,none
sample,256,2048,fused2,0,471109
sample,256,2048,fused2,1,482720
sample,256,2048,fused2,2,463629
sample,256,2048,fused2,3,467027
sample,256,2048,fused2,4,480553
sample,256,2048,fused2,5,478435
sample,256,2048,fused2,6,482508
sample,256,2048,fused2,7,480026
sample,256,2048,fused2,8,480627
sample,256,2048,fused2,9,478063
sample,256,2048,fused2,10,471776
sample,256,2048,fused2,11,467655
sample,256,2048,fused2,12,468303
sample,256,2048,fused2,13,481202
sample,256,2048,fused2,14,482221
sample,256,2048,fused2,15,479240
sample,256,2048,fused2,16,481720
sample,256,2048,fused2,17,484814
sample,256,2048,fused2,18,473119
sample,256,2048,fused2,19,471220
sample,256,2048,fused2,20,487185
sample,256,2048,fused2,21,466629
sample,256,2048,fused2,22,481174
sample,256,2048,fused2,23,477342
sample,256,2048,fused2,24,479712
sample,256,2048,fused2,25,482295
sample,256,2048,fused2,26,479655
sample,256,2048,fused2,27,473332
sample,256,2048,fused2,28,468545
sample,256,2048,fused2,29,488240
measured,256,2048,tile8,65536,262144,5,30,6,450388,474230,c9e538e9f9dccedd,259153fc2c7bc4e7,none,none
sample,256,2048,tile8,0,438768
sample,256,2048,tile8,1,446933
sample,256,2048,tile8,2,453628
sample,256,2048,tile8,3,449916
sample,256,2048,tile8,4,452397
sample,256,2048,tile8,5,448434
sample,256,2048,tile8,6,449193
sample,256,2048,tile8,7,450388
sample,256,2048,tile8,8,462470
sample,256,2048,tile8,9,439527
sample,256,2048,tile8,10,437804
sample,256,2048,tile8,11,474230
sample,256,2048,tile8,12,451370
sample,256,2048,tile8,13,449989
sample,256,2048,tile8,14,452666
sample,256,2048,tile8,15,451573
sample,256,2048,tile8,16,453018
sample,256,2048,tile8,17,452730
sample,256,2048,tile8,18,439045
sample,256,2048,tile8,19,441294
sample,256,2048,tile8,20,442221
sample,256,2048,tile8,21,449323
sample,256,2048,tile8,22,452277
sample,256,2048,tile8,23,451073
sample,256,2048,tile8,24,454063
sample,256,2048,tile8,25,453499
sample,256,2048,tile8,26,452657
sample,256,2048,tile8,27,490074
sample,256,2048,tile8,28,440276
sample,256,2048,tile8,29,442971
measured,1024,128,vec4,16384,65536,5,30,10,591081,615674,26abf5bddd03bbc5,79acd556594188cd,none,none
sample,1024,128,vec4,0,582378
sample,1024,128,vec4,1,577972
sample,1024,128,vec4,2,591092
sample,1024,128,vec4,3,593072
sample,1024,128,vec4,4,592775
sample,1024,128,vec4,5,583341
sample,1024,128,vec4,6,588693
sample,1024,128,vec4,7,606276
sample,1024,128,vec4,8,577433
sample,1024,128,vec4,9,574099
sample,1024,128,vec4,10,579322
sample,1024,128,vec4,11,598794
sample,1024,128,vec4,12,591749
sample,1024,128,vec4,13,595563
sample,1024,128,vec4,14,591081
sample,1024,128,vec4,15,593165
sample,1024,128,vec4,16,578951
sample,1024,128,vec4,17,592683
sample,1024,128,vec4,18,574600
sample,1024,128,vec4,19,590183
sample,1024,128,vec4,20,609331
sample,1024,128,vec4,21,590508
sample,1024,128,vec4,22,595998
sample,1024,128,vec4,23,646600
sample,1024,128,vec4,24,615674
sample,1024,128,vec4,25,582786
sample,1024,128,vec4,26,575489
sample,1024,128,vec4,27,593776
sample,1024,128,vec4,28,587674
sample,1024,128,vec4,29,591591
measured,1024,128,fused2,16384,65536,5,30,9,557887,604127,26abf5bddd03bbc5,79acd556594188cd,none,none
sample,1024,128,fused2,0,604127
sample,1024,128,fused2,1,553018
sample,1024,128,fused2,2,544757
sample,1024,128,fused2,3,557610
sample,1024,128,fused2,4,556452
sample,1024,128,fused2,5,559452
sample,1024,128,fused2,6,557489
sample,1024,128,fused2,7,544915
sample,1024,128,fused2,8,543303
sample,1024,128,fused2,9,555369
sample,1024,128,fused2,10,561397
sample,1024,128,fused2,11,557887
sample,1024,128,fused2,12,559785
sample,1024,128,fused2,13,560748
sample,1024,128,fused2,14,559525
sample,1024,128,fused2,15,558517
sample,1024,128,fused2,16,545980
sample,1024,128,fused2,17,548822
sample,1024,128,fused2,18,544674
sample,1024,128,fused2,19,566332
sample,1024,128,fused2,20,557572
sample,1024,128,fused2,21,558249
sample,1024,128,fused2,22,558665
sample,1024,128,fused2,23,559285
sample,1024,128,fused2,24,553536
sample,1024,128,fused2,25,589637
sample,1024,128,fused2,26,606822
sample,1024,128,fused2,27,557359
sample,1024,128,fused2,28,562054
sample,1024,128,fused2,29,558341
measured,1024,128,tile8,16384,65536,5,30,8,518914,534433,26abf5bddd03bbc5,79acd556594188cd,none,none
sample,1024,128,tile8,0,556748
sample,1024,128,tile8,1,509220
sample,1024,128,tile8,2,520655
sample,1024,128,tile8,3,518914
sample,1024,128,tile8,4,520377
sample,1024,128,tile8,5,530072
sample,1024,128,tile8,6,515369
sample,1024,128,tile8,7,521961
sample,1024,128,tile8,8,509785
sample,1024,128,tile8,9,517415
sample,1024,128,tile8,10,522563
sample,1024,128,tile8,11,518664
sample,1024,128,tile8,12,521036
sample,1024,128,tile8,13,517693
sample,1024,128,tile8,14,523488
sample,1024,128,tile8,15,515257
sample,1024,128,tile8,16,515081
sample,1024,128,tile8,17,510831
sample,1024,128,tile8,18,508749
sample,1024,128,tile8,19,520082
sample,1024,128,tile8,20,521757
sample,1024,128,tile8,21,520656
sample,1024,128,tile8,22,534433
sample,1024,128,tile8,23,520053
sample,1024,128,tile8,24,508980
sample,1024,128,tile8,25,517387
sample,1024,128,tile8,26,509212
sample,1024,128,tile8,27,509869
sample,1024,128,tile8,28,525546
sample,1024,128,tile8,29,520554
measured,1024,512,vec4,65536,262144,5,30,10,571203,593451,0949b62ffc70d026,7663f0c9d3466943,none,none
sample,1024,512,vec4,0,589387
sample,1024,512,vec4,1,592822
sample,1024,512,vec4,2,586424
sample,1024,512,vec4,3,629693
sample,1024,512,vec4,4,572535
sample,1024,512,vec4,5,588776
sample,1024,512,vec4,6,580443
sample,1024,512,vec4,7,571203
sample,1024,512,vec4,8,593451
sample,1024,512,vec4,9,586794
sample,1024,512,vec4,10,588164
sample,1024,512,vec4,11,592720
sample,1024,512,vec4,12,585952
sample,1024,512,vec4,13,574026
sample,1024,512,vec4,14,583758
sample,1024,512,vec4,15,586915
sample,1024,512,vec4,16,414036
sample,1024,512,vec4,17,414638
sample,1024,512,vec4,18,418359
sample,1024,512,vec4,19,414914
sample,1024,512,vec4,20,419850
sample,1024,512,vec4,21,417333
sample,1024,512,vec4,22,420398
sample,1024,512,vec4,23,426803
sample,1024,512,vec4,24,430934
sample,1024,512,vec4,25,403999
sample,1024,512,vec4,26,418259
sample,1024,512,vec4,27,415796
sample,1024,512,vec4,28,409340
sample,1024,512,vec4,29,407981
measured,1024,512,fused2,65536,262144,5,30,9,534120,555452,0949b62ffc70d026,7663f0c9d3466943,none,none
sample,1024,512,fused2,0,551303
sample,1024,512,fused2,1,553248
sample,1024,512,fused2,2,551442
sample,1024,512,fused2,3,556304
sample,1024,512,fused2,4,543165
sample,1024,512,fused2,5,537359
sample,1024,512,fused2,6,535768
sample,1024,512,fused2,7,551610
sample,1024,512,fused2,8,549739
sample,1024,512,fused2,9,552369
sample,1024,512,fused2,10,553442
sample,1024,512,fused2,11,553989
sample,1024,512,fused2,12,555452
sample,1024,512,fused2,13,539027
sample,1024,512,fused2,14,545350
sample,1024,512,fused2,15,534120
sample,1024,512,fused2,16,386906
sample,1024,512,fused2,17,388415
sample,1024,512,fused2,18,380721
sample,1024,512,fused2,19,383739
sample,1024,512,fused2,20,380971
sample,1024,512,fused2,21,379147
sample,1024,512,fused2,22,380490
sample,1024,512,fused2,23,409212
sample,1024,512,fused2,24,382341
sample,1024,512,fused2,25,375804
sample,1024,512,fused2,26,372285
sample,1024,512,fused2,27,401166
sample,1024,512,fused2,28,377203
sample,1024,512,fused2,29,384471
measured,1024,512,tile8,65536,262144,5,30,8,507628,540933,0949b62ffc70d026,7663f0c9d3466943,none,none
sample,1024,512,tile8,0,520646
sample,1024,512,tile8,1,523479
sample,1024,512,tile8,2,529091
sample,1024,512,tile8,3,526527
sample,1024,512,tile8,4,518387
sample,1024,512,tile8,5,507628
sample,1024,512,tile8,6,513526
sample,1024,512,tile8,7,519859
sample,1024,512,tile8,8,520294
sample,1024,512,tile8,9,521572
sample,1024,512,tile8,10,540933
sample,1024,512,tile8,11,521054
sample,1024,512,tile8,12,508970
sample,1024,512,tile8,13,508183
sample,1024,512,tile8,14,507202
sample,1024,512,tile8,15,558693
sample,1024,512,tile8,16,521489
sample,1024,512,tile8,17,348416
sample,1024,512,tile8,18,348906
sample,1024,512,tile8,19,348842
sample,1024,512,tile8,20,350156
sample,1024,512,tile8,21,348388
sample,1024,512,tile8,22,349462
sample,1024,512,tile8,23,347360
sample,1024,512,tile8,24,346647
sample,1024,512,tile8,25,345324
sample,1024,512,tile8,26,348564
sample,1024,512,tile8,27,365749
sample,1024,512,tile8,28,347897
sample,1024,512,tile8,29,346805
measured,1024,2048,vec4,262144,1048576,5,30,10,419841,434360,2d4a1c573b9665e7,d32c613321b43c7f,none,none
sample,1024,2048,vec4,0,424758
sample,1024,2048,vec4,1,415897
sample,1024,2048,vec4,2,445453
sample,1024,2048,vec4,3,414721
sample,1024,2048,vec4,4,411545
sample,1024,2048,vec4,5,417416
sample,1024,2048,vec4,6,422823
sample,1024,2048,vec4,7,417915
sample,1024,2048,vec4,8,424786
sample,1024,2048,vec4,9,419841
sample,1024,2048,vec4,10,429119
sample,1024,2048,vec4,11,422766
sample,1024,2048,vec4,12,420240
sample,1024,2048,vec4,13,420925
sample,1024,2048,vec4,14,416045
sample,1024,2048,vec4,15,413591
sample,1024,2048,vec4,16,409212
sample,1024,2048,vec4,17,417722
sample,1024,2048,vec4,18,411712
sample,1024,2048,vec4,19,413703
sample,1024,2048,vec4,20,418592
sample,1024,2048,vec4,21,426212
sample,1024,2048,vec4,22,415442
sample,1024,2048,vec4,23,423081
sample,1024,2048,vec4,24,417796
sample,1024,2048,vec4,25,422147
sample,1024,2048,vec4,26,420638
sample,1024,2048,vec4,27,434360
sample,1024,2048,vec4,28,425277
sample,1024,2048,vec4,29,420592
measured,1024,2048,fused2,262144,1048576,5,30,9,384795,416452,2d4a1c573b9665e7,d32c613321b43c7f,none,none
sample,1024,2048,fused2,0,383730
sample,1024,2048,fused2,1,391934
sample,1024,2048,fused2,2,382470
sample,1024,2048,fused2,3,416452
sample,1024,2048,fused2,4,388351
sample,1024,2048,fused2,5,381081
sample,1024,2048,fused2,6,383619
sample,1024,2048,fused2,7,388110
sample,1024,2048,fused2,8,388601
sample,1024,2048,fused2,9,383564
sample,1024,2048,fused2,10,384064
sample,1024,2048,fused2,11,384888
sample,1024,2048,fused2,12,391953
sample,1024,2048,fused2,13,427666
sample,1024,2048,fused2,14,382285
sample,1024,2048,fused2,15,379795
sample,1024,2048,fused2,16,386044
sample,1024,2048,fused2,17,390507
sample,1024,2048,fused2,18,377786
sample,1024,2048,fused2,19,388869
sample,1024,2048,fused2,20,385869
sample,1024,2048,fused2,21,392499
sample,1024,2048,fused2,22,385953
sample,1024,2048,fused2,23,382629
sample,1024,2048,fused2,24,391036
sample,1024,2048,fused2,25,384795
sample,1024,2048,fused2,26,380101
sample,1024,2048,fused2,27,382082
sample,1024,2048,fused2,28,383868
sample,1024,2048,fused2,29,379581
measured,1024,2048,tile8,262144,1048576,5,30,8,365277,386988,2d4a1c573b9665e7,d32c613321b43c7f,none,none
sample,1024,2048,tile8,0,363184
sample,1024,2048,tile8,1,366729
sample,1024,2048,tile8,2,381970
sample,1024,2048,tile8,3,375832
sample,1024,2048,tile8,4,363860
sample,1024,2048,tile8,5,365277
sample,1024,2048,tile8,6,367629
sample,1024,2048,tile8,7,366851
sample,1024,2048,tile8,8,362462
sample,1024,2048,tile8,9,362897
sample,1024,2048,tile8,10,365129
sample,1024,2048,tile8,11,365360
sample,1024,2048,tile8,12,368443
sample,1024,2048,tile8,13,373961
sample,1024,2048,tile8,14,360341
sample,1024,2048,tile8,15,363183
sample,1024,2048,tile8,16,371628
sample,1024,2048,tile8,17,378332
sample,1024,2048,tile8,18,369026
sample,1024,2048,tile8,19,358712
sample,1024,2048,tile8,20,364017
sample,1024,2048,tile8,21,364925
sample,1024,2048,tile8,22,363768
sample,1024,2048,tile8,23,368007
sample,1024,2048,tile8,24,364221
sample,1024,2048,tile8,25,367962
sample,1024,2048,tile8,26,364777
sample,1024,2048,tile8,27,398027
sample,1024,2048,tile8,28,386988
sample,1024,2048,tile8,29,362573
measured,4096,128,vec4,65536,262144,5,30,12,483062,492194,d878e557b6daedce,8cc85ceb09c8efed,none,none
sample,4096,128,vec4,0,483850
sample,4096,128,vec4,1,486266
sample,4096,128,vec4,2,505924
sample,4096,128,vec4,3,477564
sample,4096,128,vec4,4,486073
sample,4096,128,vec4,5,492194
sample,4096,128,vec4,6,474952
sample,4096,128,vec4,7,480082
sample,4096,128,vec4,8,485202
sample,4096,128,vec4,9,484860
sample,4096,128,vec4,10,485915
sample,4096,128,vec4,11,482998
sample,4096,128,vec4,12,483062
sample,4096,128,vec4,13,484220
sample,4096,128,vec4,14,482860
sample,4096,128,vec4,15,477693
sample,4096,128,vec4,16,475073
sample,4096,128,vec4,17,484313
sample,4096,128,vec4,18,482544
sample,4096,128,vec4,19,478859
sample,4096,128,vec4,20,485759
sample,4096,128,vec4,21,479174
sample,4096,128,vec4,22,485416
sample,4096,128,vec4,23,486814
sample,4096,128,vec4,24,491748
sample,4096,128,vec4,25,485055
sample,4096,128,vec4,26,480665
sample,4096,128,vec4,27,481544
sample,4096,128,vec4,28,478434
sample,4096,128,vec4,29,474220
measured,4096,128,fused2,65536,262144,5,30,11,450970,495091,d878e557b6daedce,8cc85ceb09c8efed,none,none
sample,4096,128,fused2,0,453378
sample,4096,128,fused2,1,464314
sample,4096,128,fused2,2,468165
sample,4096,128,fused2,3,451350
sample,4096,128,fused2,4,448749
sample,4096,128,fused2,5,497488
sample,4096,128,fused2,6,448803
sample,4096,128,fused2,7,459092
sample,4096,128,fused2,8,451564
sample,4096,128,fused2,9,449249
sample,4096,128,fused2,10,450831
sample,4096,128,fused2,11,451350
sample,4096,128,fused2,12,452823
sample,4096,128,fused2,13,452683
sample,4096,128,fused2,14,450925
sample,4096,128,fused2,15,495091
sample,4096,128,fused2,16,446674
sample,4096,128,fused2,17,442591
sample,4096,128,fused2,18,449916
sample,4096,128,fused2,19,488757
sample,4096,128,fused2,20,450970
sample,4096,128,fused2,21,442498
sample,4096,128,fused2,22,452768
sample,4096,128,fused2,23,452036
sample,4096,128,fused2,24,450526
sample,4096,128,fused2,25,450749
sample,4096,128,fused2,26,450230
sample,4096,128,fused2,27,453971
sample,4096,128,fused2,28,446434
sample,4096,128,fused2,29,443999
measured,4096,128,tile8,65536,262144,5,30,10,419824,446166,d878e557b6daedce,8cc85ceb09c8efed,none,none
sample,4096,128,tile8,0,421786
sample,4096,128,tile8,1,421360
sample,4096,128,tile8,2,421147
sample,4096,128,tile8,3,414174
sample,4096,128,tile8,4,417082
sample,4096,128,tile8,5,424035
sample,4096,128,tile8,6,422545
sample,4096,128,tile8,7,413841
sample,4096,128,tile8,8,419490
sample,4096,128,tile8,9,420776
sample,4096,128,tile8,10,420573
sample,4096,128,tile8,11,418472
sample,4096,128,tile8,12,418035
sample,4096,128,tile8,13,421777
sample,4096,128,tile8,14,436119
sample,4096,128,tile8,15,419824
sample,4096,128,tile8,16,411340
sample,4096,128,tile8,17,416508
sample,4096,128,tile8,18,423017
sample,4096,128,tile8,19,420647
sample,4096,128,tile8,20,416249
sample,4096,128,tile8,21,415906
sample,4096,128,tile8,22,412509
sample,4096,128,tile8,23,419340
sample,4096,128,tile8,24,417906
sample,4096,128,tile8,25,421498
sample,4096,128,tile8,26,428443
sample,4096,128,tile8,27,450712
sample,4096,128,tile8,28,446166
sample,4096,128,tile8,29,411415
measured,4096,512,vec4,262144,1048576,5,30,12,492767,538859,07e875993970433c,207dceeda1be3f5b,none,none
sample,4096,512,vec4,0,492749
sample,4096,512,vec4,1,497629
sample,4096,512,vec4,2,492518
sample,4096,512,vec4,3,494073
sample,4096,512,vec4,4,516637
sample,4096,512,vec4,5,487711
sample,4096,512,vec4,6,491433
sample,4096,512,vec4,7,493470
sample,4096,512,vec4,8,489915
sample,4096,512,vec4,9,494461
sample,4096,512,vec4,10,494535
sample,4096,512,vec4,11,517951
sample,4096,512,vec4,12,491387
sample,4096,512,vec4,13,484545
sample,4096,512,vec4,14,492573
sample,4096,512,vec4,15,500850
sample,4096,512,vec4,16,800535
sample,4096,512,vec4,17,486600
sample,4096,512,vec4,18,490286
sample,4096,512,vec4,19,493425
sample,4096,512,vec4,20,493906
sample,4096,512,vec4,21,492767
sample,4096,512,vec4,22,496147
sample,4096,512,vec4,23,512101
sample,4096,512,vec4,24,500434
sample,4096,512,vec4,25,478480
sample,4096,512,vec4,26,489138
sample,4096,512,vec4,27,490562
sample,4096,512,vec4,28,538859
sample,4096,512,vec4,29,481878
measured,4096,512,fused2,262144,1048576,5,30,11,457675,473369,07e875993970433c,207dceeda1be3f5b,none,none
sample,4096,512,fused2,0,463822
sample,4096,512,fused2,1,459943
sample,4096,512,fused2,2,458073
sample,4096,512,fused2,3,456507
sample,4096,512,fused2,4,458220
sample,4096,512,fused2,5,453860
sample,4096,512,fused2,6,456490
sample,4096,512,fused2,7,455860
sample,4096,512,fused2,8,460509
sample,4096,512,fused2,9,465712
sample,4096,512,fused2,10,465443
sample,4096,512,fused2,11,511563
sample,4096,512,fused2,12,450850
sample,4096,512,fused2,13,453379
sample,4096,512,fused2,14,457675
sample,4096,512,fused2,15,461462
sample,4096,512,fused2,16,473369
sample,4096,512,fused2,17,452535
sample,4096,512,fused2,18,461220
sample,4096,512,fused2,19,454831
sample,4096,512,fused2,20,454573
sample,4096,512,fused2,21,469526
sample,4096,512,fused2,22,465230
sample,4096,512,fused2,23,456897
sample,4096,512,fused2,24,453405
sample,4096,512,fused2,25,452831
sample,4096,512,fused2,26,460175
sample,4096,512,fused2,27,449434
sample,4096,512,fused2,28,461823
sample,4096,512,fused2,29,452295
measured,4096,512,tile8,262144,1048576,5,30,10,439832,446564,07e875993970433c,207dceeda1be3f5b,none,none
sample,4096,512,tile8,0,446452
sample,4096,512,tile8,1,439832
sample,4096,512,tile8,2,441665
sample,4096,512,tile8,3,439619
sample,4096,512,tile8,4,497433
sample,4096,512,tile8,5,436425
sample,4096,512,tile8,6,438489
sample,4096,512,tile8,7,440850
sample,4096,512,tile8,8,441869
sample,4096,512,tile8,9,444693
sample,4096,512,tile8,10,440785
sample,4096,512,tile8,11,446564
sample,4096,512,tile8,12,433499
sample,4096,512,tile8,13,432988
sample,4096,512,tile8,14,441674
sample,4096,512,tile8,15,444277
sample,4096,512,tile8,16,441128
sample,4096,512,tile8,17,437350
sample,4096,512,tile8,18,436655
sample,4096,512,tile8,19,440545
sample,4096,512,tile8,20,443629
sample,4096,512,tile8,21,438433
sample,4096,512,tile8,22,439981
sample,4096,512,tile8,23,439618
sample,4096,512,tile8,24,431870
sample,4096,512,tile8,25,433480
sample,4096,512,tile8,26,435479
sample,4096,512,tile8,27,438814
sample,4096,512,tile8,28,445313
sample,4096,512,tile8,29,436545
measured,4096,2048,vec4,1048576,4194304,5,30,12,553414,590702,4143a88e49ed614b,e0842ad8f72c0c9f,none,none
sample,4096,2048,vec4,0,550951
sample,4096,2048,vec4,1,556516
sample,4096,2048,vec4,2,616378
sample,4096,2048,vec4,3,544666
sample,4096,2048,vec4,4,550127
sample,4096,2048,vec4,5,551526
sample,4096,2048,vec4,6,553414
sample,4096,2048,vec4,7,553822
sample,4096,2048,vec4,8,557674
sample,4096,2048,vec4,9,547220
sample,4096,2048,vec4,10,545211
sample,4096,2048,vec4,11,550517
sample,4096,2048,vec4,12,549258
sample,4096,2048,vec4,13,553712
sample,4096,2048,vec4,14,554804
sample,4096,2048,vec4,15,547887
sample,4096,2048,vec4,16,549924
sample,4096,2048,vec4,17,561138
sample,4096,2048,vec4,18,552962
sample,4096,2048,vec4,19,590702
sample,4096,2048,vec4,20,547036
sample,4096,2048,vec4,21,550776
sample,4096,2048,vec4,22,554647
sample,4096,2048,vec4,23,560544
sample,4096,2048,vec4,24,556007
sample,4096,2048,vec4,25,573082
sample,4096,2048,vec4,26,542711
sample,4096,2048,vec4,27,558998
sample,4096,2048,vec4,28,558776
sample,4096,2048,vec4,29,557666
measured,4096,2048,fused2,1048576,4194304,5,30,11,516248,529231,4143a88e49ed614b,e0842ad8f72c0c9f,none,none
sample,4096,2048,fused2,0,513832
sample,4096,2048,fused2,1,514396
sample,4096,2048,fused2,2,516248
sample,4096,2048,fused2,3,518304
sample,4096,2048,fused2,4,519581
sample,4096,2048,fused2,5,512637
sample,4096,2048,fused2,6,509146
sample,4096,2048,fused2,7,512581
sample,4096,2048,fused2,8,511332
sample,4096,2048,fused2,9,529231
sample,4096,2048,fused2,10,520804
sample,4096,2048,fused2,11,515424
sample,4096,2048,fused2,12,522897
sample,4096,2048,fused2,13,523387
sample,4096,2048,fused2,14,519841
sample,4096,2048,fused2,15,524517
sample,4096,2048,fused2,16,508694
sample,4096,2048,fused2,17,520147
sample,4096,2048,fused2,18,516370
sample,4096,2048,fused2,19,525795
sample,4096,2048,fused2,20,507897
sample,4096,2048,fused2,21,516118
sample,4096,2048,fused2,22,516628
sample,4096,2048,fused2,23,512526
sample,4096,2048,fused2,24,515277
sample,4096,2048,fused2,25,537396
sample,4096,2048,fused2,26,515054
sample,4096,2048,fused2,27,511776
sample,4096,2048,fused2,28,521221
sample,4096,2048,fused2,29,523471
measured,4096,2048,tile8,1048576,4194304,5,30,10,542739,587674,4143a88e49ed614b,e0842ad8f72c0c9f,none,none
sample,4096,2048,tile8,0,541072
sample,4096,2048,tile8,1,539192
sample,4096,2048,tile8,2,600618
sample,4096,2048,tile8,3,536323
sample,4096,2048,tile8,4,536702
sample,4096,2048,tile8,5,537489
sample,4096,2048,tile8,6,541711
sample,4096,2048,tile8,7,540813
sample,4096,2048,tile8,8,543323
sample,4096,2048,tile8,9,543757
sample,4096,2048,tile8,10,537971
sample,4096,2048,tile8,11,546359
sample,4096,2048,tile8,12,544314
sample,4096,2048,tile8,13,543553
sample,4096,2048,tile8,14,544600
sample,4096,2048,tile8,15,565461
sample,4096,2048,tile8,16,538739
sample,4096,2048,tile8,17,538804
sample,4096,2048,tile8,18,550026
sample,4096,2048,tile8,19,587674
sample,4096,2048,tile8,20,539229
sample,4096,2048,tile8,21,540581
sample,4096,2048,tile8,22,542739
sample,4096,2048,tile8,23,545767
sample,4096,2048,tile8,24,543860
sample,4096,2048,tile8,25,545730
sample,4096,2048,tile8,26,537275
sample,4096,2048,tile8,27,548702
sample,4096,2048,tile8,28,543396
sample,4096,2048,tile8,29,537405
measured,16384,128,vec4,262144,1048576,5,30,14,565647,587072,318e48fc80dadb1f,a09bc0e13ecf9bf8,none,none
sample,16384,128,vec4,0,558405
sample,16384,128,vec4,1,559692
sample,16384,128,vec4,2,573248
sample,16384,128,vec4,3,570859
sample,16384,128,vec4,4,555156
sample,16384,128,vec4,5,571370
sample,16384,128,vec4,6,580184
sample,16384,128,vec4,7,570943
sample,16384,128,vec4,8,566137
sample,16384,128,vec4,9,587072
sample,16384,128,vec4,10,560294
sample,16384,128,vec4,11,566943
sample,16384,128,vec4,12,557257
sample,16384,128,vec4,13,566711
sample,16384,128,vec4,14,556794
sample,16384,128,vec4,15,569035
sample,16384,128,vec4,16,591044
sample,16384,128,vec4,17,557304
sample,16384,128,vec4,18,566720
sample,16384,128,vec4,19,564868
sample,16384,128,vec4,20,581239
sample,16384,128,vec4,21,554785
sample,16384,128,vec4,22,563692
sample,16384,128,vec4,23,571044
sample,16384,128,vec4,24,568729
sample,16384,128,vec4,25,565137
sample,16384,128,vec4,26,563674
sample,16384,128,vec4,27,559146
sample,16384,128,vec4,28,555222
sample,16384,128,vec4,29,565647
measured,16384,128,fused2,262144,1048576,5,30,13,533377,558331,318e48fc80dadb1f,a09bc0e13ecf9bf8,none,none
sample,16384,128,fused2,0,539868
sample,16384,128,fused2,1,535655
sample,16384,128,fused2,2,532813
sample,16384,128,fused2,3,558331
sample,16384,128,fused2,4,524053
sample,16384,128,fused2,5,526685
sample,16384,128,fused2,6,538675
sample,16384,128,fused2,7,535461
sample,16384,128,fused2,8,533377
sample,16384,128,fused2,9,535933
sample,16384,128,fused2,10,522627
sample,16384,128,fused2,11,526692
sample,16384,128,fused2,12,542461
sample,16384,128,fused2,13,535554
sample,16384,128,fused2,14,527906
sample,16384,128,fused2,15,537609
sample,16384,128,fused2,16,542785
sample,16384,128,fused2,17,525831
sample,16384,128,fused2,18,537526
sample,16384,128,fused2,19,535544
sample,16384,128,fused2,20,552295
sample,16384,128,fused2,21,527683
sample,16384,128,fused2,22,529461
sample,16384,128,fused2,23,532294
sample,16384,128,fused2,24,535461
sample,16384,128,fused2,25,533026
sample,16384,128,fused2,26,529452
sample,16384,128,fused2,27,579507
sample,16384,128,fused2,28,530592
sample,16384,128,fused2,29,532628
measured,16384,128,tile8,262144,1048576,5,30,12,513127,551174,318e48fc80dadb1f,a09bc0e13ecf9bf8,none,none
sample,16384,128,tile8,0,508137
sample,16384,128,tile8,1,514183
sample,16384,128,tile8,2,520350
sample,16384,128,tile8,3,571378
sample,16384,128,tile8,4,503081
sample,16384,128,tile8,5,502804
sample,16384,128,tile8,6,516971
sample,16384,128,tile8,7,532443
sample,16384,128,tile8,8,513193
sample,16384,128,tile8,9,537646
sample,16384,128,tile8,10,516525
sample,16384,128,tile8,11,504044
sample,16384,128,tile8,12,509192
sample,16384,128,tile8,13,509498
sample,16384,128,tile8,14,518137
sample,16384,128,tile8,15,511174
sample,16384,128,tile8,16,522766
sample,16384,128,tile8,17,503118
sample,16384,128,tile8,18,514248
sample,16384,128,tile8,19,519637
sample,16384,128,tile8,20,534953
sample,16384,128,tile8,21,507886
sample,16384,128,tile8,22,508535
sample,16384,128,tile8,23,509563
sample,16384,128,tile8,24,513127
sample,16384,128,tile8,25,515192
sample,16384,128,tile8,26,551174
sample,16384,128,tile8,27,512776
sample,16384,128,tile8,28,500342
sample,16384,128,tile8,29,511165
measured,16384,512,vec4,1048576,4194304,5,30,14,633276,697387,08b87a1ca99fa7b8,cc66b7b8fae87df4,none,none
sample,16384,512,vec4,0,666341
sample,16384,512,vec4,1,631618
sample,16384,512,vec4,2,636582
sample,16384,512,vec4,3,641988
sample,16384,512,vec4,4,634054
sample,16384,512,vec4,5,634831
sample,16384,512,vec4,6,634137
sample,16384,512,vec4,7,639711
sample,16384,512,vec4,8,635174
sample,16384,512,vec4,9,637100
sample,16384,512,vec4,10,628673
sample,16384,512,vec4,11,631248
sample,16384,512,vec4,12,629961
sample,16384,512,vec4,13,634665
sample,16384,512,vec4,14,697387
sample,16384,512,vec4,15,628924
sample,16384,512,vec4,16,633276
sample,16384,512,vec4,17,629701
sample,16384,512,vec4,18,701377
sample,16384,512,vec4,19,630118
sample,16384,512,vec4,20,628257
sample,16384,512,vec4,21,631701
sample,16384,512,vec4,22,634683
sample,16384,512,vec4,23,631581
sample,16384,512,vec4,24,638841
sample,16384,512,vec4,25,624415
sample,16384,512,vec4,26,629322
sample,16384,512,vec4,27,628026
sample,16384,512,vec4,28,675961
sample,16384,512,vec4,29,629155
measured,16384,512,fused2,1048576,4194304,5,30,13,597202,656044,08b87a1ca99fa7b8,cc66b7b8fae87df4,none,none
sample,16384,512,fused2,0,596099
sample,16384,512,fused2,1,597220
sample,16384,512,fused2,2,597924
sample,16384,512,fused2,3,604702
sample,16384,512,fused2,4,597062
sample,16384,512,fused2,5,624165
sample,16384,512,fused2,6,594331
sample,16384,512,fused2,7,595016
sample,16384,512,fused2,8,594174
sample,16384,512,fused2,9,601794
sample,16384,512,fused2,10,603220
sample,16384,512,fused2,11,592581
sample,16384,512,fused2,12,597136
sample,16384,512,fused2,13,597202
sample,16384,512,fused2,14,591489
sample,16384,512,fused2,15,597841
sample,16384,512,fused2,16,598739
sample,16384,512,fused2,17,595933
sample,16384,512,fused2,18,640701
sample,16384,512,fused2,19,596951
sample,16384,512,fused2,20,589081
sample,16384,512,fused2,21,592398
sample,16384,512,fused2,22,607878
sample,16384,512,fused2,23,599905
sample,16384,512,fused2,24,598044
sample,16384,512,fused2,25,663193
sample,16384,512,fused2,26,599664
sample,16384,512,fused2,27,590368
sample,16384,512,fused2,28,656044
sample,16384,512,fused2,29,594470
measured,16384,512,tile8,1048576,4194304,5,30,12,617285,666424,08b87a1ca99fa7b8,cc66b7b8fae87df4,none,none
sample,16384,512,tile8,0,615860
sample,16384,512,tile8,1,617313
sample,16384,512,tile8,2,628933
sample,16384,512,tile8,3,642230
sample,16384,512,tile8,4,624804
sample,16384,512,tile8,5,647044
sample,16384,512,tile8,6,614906
sample,16384,512,tile8,7,610211
sample,16384,512,tile8,8,631822
sample,16384,512,tile8,9,612637
sample,16384,512,tile8,10,622100
sample,16384,512,tile8,11,619053
sample,16384,512,tile8,12,666424
sample,16384,512,tile8,13,614164
sample,16384,512,tile8,14,656322
sample,16384,512,tile8,15,615831
sample,16384,512,tile8,16,615406
sample,16384,512,tile8,17,609424
sample,16384,512,tile8,18,615646
sample,16384,512,tile8,19,624017
sample,16384,512,tile8,20,613822
sample,16384,512,tile8,21,611489
sample,16384,512,tile8,22,616469
sample,16384,512,tile8,23,639109
sample,16384,512,tile8,24,624100
sample,16384,512,tile8,25,668248
sample,16384,512,tile8,26,617285
sample,16384,512,tile8,27,616174
sample,16384,512,tile8,28,616035
sample,16384,512,tile8,29,621470
measured,16384,2048,vec4,4194304,16777216,5,30,14,744053,840035,6be3b72c15a212b9,3199380bd5011e6c,none,none
sample,16384,2048,vec4,0,829821
sample,16384,2048,vec4,1,829933
sample,16384,2048,vec4,2,824830
sample,16384,2048,vec4,3,837739
sample,16384,2048,vec4,4,836284
sample,16384,2048,vec4,5,839821
sample,16384,2048,vec4,6,841331
sample,16384,2048,vec4,7,840035
sample,16384,2048,vec4,8,812886
sample,16384,2048,vec4,9,744053
sample,16384,2048,vec4,10,745406
sample,16384,2048,vec4,11,759682
sample,16384,2048,vec4,12,824071
sample,16384,2048,vec4,13,757591
sample,16384,2048,vec4,14,751128
sample,16384,2048,vec4,15,767580
sample,16384,2048,vec4,16,743785
sample,16384,2048,vec4,17,728248
sample,16384,2048,vec4,18,694813
sample,16384,2048,vec4,19,682693
sample,16384,2048,vec4,20,705498
sample,16384,2048,vec4,21,684506
sample,16384,2048,vec4,22,699609
sample,16384,2048,vec4,23,699091
sample,16384,2048,vec4,24,702998
sample,16384,2048,vec4,25,703710
sample,16384,2048,vec4,26,689100
sample,16384,2048,vec4,27,653683
sample,16384,2048,vec4,28,651582
sample,16384,2048,vec4,29,656008
measured,16384,2048,fused2,4194304,16777216,5,30,13,704942,800091,6be3b72c15a212b9,3199380bd5011e6c,none,none
sample,16384,2048,fused2,0,788683
sample,16384,2048,fused2,1,807182
sample,16384,2048,fused2,2,787969
sample,16384,2048,fused2,3,785377
sample,16384,2048,fused2,4,784285
sample,16384,2048,fused2,5,793406
sample,16384,2048,fused2,6,800091
sample,16384,2048,fused2,7,796035
sample,16384,2048,fused2,8,790811
sample,16384,2048,fused2,9,750043
sample,16384,2048,fused2,10,713257
sample,16384,2048,fused2,11,714348
sample,16384,2048,fused2,12,714906
sample,16384,2048,fused2,13,704942
sample,16384,2048,fused2,14,719785
sample,16384,2048,fused2,15,715007
sample,16384,2048,fused2,16,695868
sample,16384,2048,fused2,17,684257
sample,16384,2048,fused2,18,648756
sample,16384,2048,fused2,19,679971
sample,16384,2048,fused2,20,655081
sample,16384,2048,fused2,21,649859
sample,16384,2048,fused2,22,672248
sample,16384,2048,fused2,23,666710
sample,16384,2048,fused2,24,660044
sample,16384,2048,fused2,25,650322
sample,16384,2048,fused2,26,653998
sample,16384,2048,fused2,27,630619
sample,16384,2048,fused2,28,616507
sample,16384,2048,fused2,29,619396
measured,16384,2048,tile8,4194304,16777216,5,30,12,855950,1025803,6be3b72c15a212b9,3199380bd5011e6c,none,none
sample,16384,2048,tile8,0,989293
sample,16384,2048,tile8,1,1025803
sample,16384,2048,tile8,2,997599
sample,16384,2048,tile8,3,995626
sample,16384,2048,tile8,4,1038793
sample,16384,2048,tile8,5,992507
sample,16384,2048,tile8,6,1002339
sample,16384,2048,tile8,7,996164
sample,16384,2048,tile8,8,959525
sample,16384,2048,tile8,9,854080
sample,16384,2048,tile8,10,857655
sample,16384,2048,tile8,11,855950
sample,16384,2048,tile8,12,853498
sample,16384,2048,tile8,13,856748
sample,16384,2048,tile8,14,865563
sample,16384,2048,tile8,15,862636
sample,16384,2048,tile8,16,907423
sample,16384,2048,tile8,17,860127
sample,16384,2048,tile8,18,771154
sample,16384,2048,tile8,19,774748
sample,16384,2048,tile8,20,767406
sample,16384,2048,tile8,21,767877
sample,16384,2048,tile8,22,779228
sample,16384,2048,tile8,23,781701
sample,16384,2048,tile8,24,774182
sample,16384,2048,tile8,25,776090
sample,16384,2048,tile8,26,729395
sample,16384,2048,tile8,27,716646
sample,16384,2048,tile8,28,713544
sample,16384,2048,tile8,29,724508
measured,65536,128,vec4,1048576,4194304,5,30,16,780739,821906,9ec0db29a14c575b,4098921c6b362ecd,none,none
sample,65536,128,vec4,0,773729
sample,65536,128,vec4,1,768831
sample,65536,128,vec4,2,782470
sample,65536,128,vec4,3,778840
sample,65536,128,vec4,4,821906
sample,65536,128,vec4,5,769024
sample,65536,128,vec4,6,773868
sample,65536,128,vec4,7,813220
sample,65536,128,vec4,8,778091
sample,65536,128,vec4,9,782776
sample,65536,128,vec4,10,777572
sample,65536,128,vec4,11,791043
sample,65536,128,vec4,12,768969
sample,65536,128,vec4,13,767961
sample,65536,128,vec4,14,782859
sample,65536,128,vec4,15,786442
sample,65536,128,vec4,16,780739
sample,65536,128,vec4,17,777127
sample,65536,128,vec4,18,784210
sample,65536,128,vec4,19,775063
sample,65536,128,vec4,20,780441
sample,65536,128,vec4,21,766628
sample,65536,128,vec4,22,788969
sample,65536,128,vec4,23,780812
sample,65536,128,vec4,24,766859
sample,65536,128,vec4,25,785775
sample,65536,128,vec4,26,841627
sample,65536,128,vec4,27,799803
sample,65536,128,vec4,28,790552
sample,65536,128,vec4,29,783266
measured,65536,128,fused2,1048576,4194304,5,30,15,755082,769887,9ec0db29a14c575b,4098921c6b362ecd,none,none
sample,65536,128,fused2,0,798840
sample,65536,128,fused2,1,744126
sample,65536,128,fused2,2,745173
sample,65536,128,fused2,3,763507
sample,65536,128,fused2,4,757339
sample,65536,128,fused2,5,741369
sample,65536,128,fused2,6,733470
sample,65536,128,fused2,7,740599
sample,65536,128,fused2,8,724211
sample,65536,128,fused2,9,757747
sample,65536,128,fused2,10,769887
sample,65536,128,fused2,11,754831
sample,65536,128,fused2,12,742683
sample,65536,128,fused2,13,756571
sample,65536,128,fused2,14,760748
sample,65536,128,fused2,15,749007
sample,65536,128,fused2,16,762766
sample,65536,128,fused2,17,763961
sample,65536,128,fused2,18,761350
sample,65536,128,fused2,19,752498
sample,65536,128,fused2,20,757341
sample,65536,128,fused2,21,764628
sample,65536,128,fused2,22,757091
sample,65536,128,fused2,23,739044
sample,65536,128,fused2,24,755082
sample,65536,128,fused2,25,756719
sample,65536,128,fused2,26,753886
sample,65536,128,fused2,27,762860
sample,65536,128,fused2,28,746572
sample,65536,128,fused2,29,746608
measured,65536,128,tile8,1048576,4194304,5,30,14,749691,769636,9ec0db29a14c575b,4098921c6b362ecd,none,none
sample,65536,128,tile8,0,749637
sample,65536,128,tile8,1,740478
sample,65536,128,tile8,2,750979
sample,65536,128,tile8,3,749044
sample,65536,128,tile8,4,746350
sample,65536,128,tile8,5,744433
sample,65536,128,tile8,6,747024
sample,65536,128,tile8,7,738960
sample,65536,128,tile8,8,738572
sample,65536,128,tile8,9,757109
sample,65536,128,tile8,10,755793
sample,65536,128,tile8,11,787136
sample,65536,128,tile8,12,758905
sample,65536,128,tile8,13,742053
sample,65536,128,tile8,14,743071
sample,65536,128,tile8,15,737369
sample,65536,128,tile8,16,769636
sample,65536,128,tile8,17,749691
sample,65536,128,tile8,18,759052
sample,65536,128,tile8,19,760571
sample,65536,128,tile8,20,746525
sample,65536,128,tile8,21,763126
sample,65536,128,tile8,22,743998
sample,65536,128,tile8,23,750174
sample,65536,128,tile8,24,752256
sample,65536,128,tile8,25,754998
sample,65536,128,tile8,26,748961
sample,65536,128,tile8,27,756747
sample,65536,128,tile8,28,760359
sample,65536,128,tile8,29,759526
measured,65536,512,vec4,4194304,16777216,5,30,16,906932,940015,84d06402da633040,29115d73667dee45,none,none
sample,65536,512,vec4,0,878413
sample,65536,512,vec4,1,906506
sample,65536,512,vec4,2,912080
sample,65536,512,vec4,3,898387
sample,65536,512,vec4,4,883405
sample,65536,512,vec4,5,898386
sample,65536,512,vec4,6,908043
sample,65536,512,vec4,7,906340
sample,65536,512,vec4,8,940015
sample,65536,512,vec4,9,885229
sample,65536,512,vec4,10,905757
sample,65536,512,vec4,11,914821
sample,65536,512,vec4,12,910173
sample,65536,512,vec4,13,906367
sample,65536,512,vec4,14,913635
sample,65536,512,vec4,15,977849
sample,65536,512,vec4,16,899682
sample,65536,512,vec4,17,911913
sample,65536,512,vec4,18,914747
sample,65536,512,vec4,19,918645
sample,65536,512,vec4,20,906932
sample,65536,512,vec4,21,907868
sample,65536,512,vec4,22,922599
sample,65536,512,vec4,23,913794
sample,65536,512,vec4,24,917543
sample,65536,512,vec4,25,918682
sample,65536,512,vec4,26,745072
sample,65536,512,vec4,27,742757
sample,65536,512,vec4,28,749368
sample,65536,512,vec4,29,756053
measured,65536,512,fused2,4194304,16777216,5,30,15,875988,922515,84d06402da633040,29115d73667dee45,none,none
sample,65536,512,fused2,0,869997
sample,65536,512,fused2,1,873016
sample,65536,512,fused2,2,878544
sample,65536,512,fused2,3,928062
sample,65536,512,fused2,4,904784
sample,65536,512,fused2,5,854258
sample,65536,512,fused2,6,872737
sample,65536,512,fused2,7,875988
sample,65536,512,fused2,8,876683
sample,65536,512,fused2,9,878089
sample,65536,512,fused2,10,846497
sample,65536,512,fused2,11,869682
sample,65536,512,fused2,12,874284
sample,65536,512,fused2,13,874507
sample,65536,512,fused2,14,922515
sample,65536,512,fused2,15,875469
sample,65536,512,fused2,16,882626
sample,65536,512,fused2,17,880479
sample,65536,512,fused2,18,879691
sample,65536,512,fused2,19,877960
sample,65536,512,fused2,20,880182
sample,65536,512,fused2,21,902414
sample,65536,512,fused2,22,890572
sample,65536,512,fused2,23,886859
sample,65536,512,fused2,24,881164
sample,65536,512,fused2,25,725128
sample,65536,512,fused2,26,712461
sample,65536,512,fused2,27,717016
sample,65536,512,fused2,28,720156
sample,65536,512,fused2,29,714627
measured,65536,512,tile8,4194304,16777216,5,30,14,961238,992191,84d06402da633040,29115d73667dee45,none,none
sample,65536,512,tile8,0,987840
sample,65536,512,tile8,1,957636
sample,65536,512,tile8,2,947774
sample,65536,512,tile8,3,942080
sample,65536,512,tile8,4,941672
sample,65536,512,tile8,5,956626
sample,65536,512,tile8,6,972053
sample,65536,512,tile8,7,963496
sample,65536,512,tile8,8,955376
sample,65536,512,tile8,9,935784
sample,65536,512,tile8,10,982951
sample,65536,512,tile8,11,934062
sample,65536,512,tile8,12,981646
sample,65536,512,tile8,13,961219
sample,65536,512,tile8,14,976089
sample,65536,512,tile8,15,959080
sample,65536,512,tile8,16,961960
sample,65536,512,tile8,17,975154
sample,65536,512,tile8,18,965923
sample,65536,512,tile8,19,1009988
sample,65536,512,tile8,20,961238
sample,65536,512,tile8,21,992191
sample,65536,512,tile8,22,965636
sample,65536,512,tile8,23,980331
sample,65536,512,tile8,24,987645
sample,65536,512,tile8,25,968118
sample,65536,512,tile8,26,827248
sample,65536,512,tile8,27,799026
sample,65536,512,tile8,28,801248
sample,65536,512,tile8,29,811757
skipped_limit,65536,2048,vec4,16777216,67108864,NA,NA,NA,NA,NA,NA,NA,cohort_dispatch_limit,none
skipped_limit,65536,2048,fused2,16777216,67108864,NA,NA,NA,NA,NA,NA,NA,cohort_dispatch_limit,none
skipped_limit,65536,2048,tile8,16777216,67108864,NA,NA,NA,NA,NA,NA,NA,cohort_dispatch_limit,none
measured,262144,128,vec4,4194304,16777216,5,30,18,880969,1065386,603e59446e81431f,99960c282a7f4ca5,none,none
sample,262144,128,vec4,0,1014348
sample,262144,128,vec4,1,1024117
sample,262144,128,vec4,2,1042264
sample,262144,128,vec4,3,1051311
sample,262144,128,vec4,4,1044617
sample,262144,128,vec4,5,1024089
sample,262144,128,vec4,6,868450
sample,262144,128,vec4,7,873145
sample,262144,128,vec4,8,880969
sample,262144,128,vec4,9,872923
sample,262144,128,vec4,10,874071
sample,262144,128,vec4,11,874256
sample,262144,128,vec4,12,870785
sample,262144,128,vec4,13,877497
sample,262144,128,vec4,14,873598
sample,262144,128,vec4,15,878230
sample,262144,128,vec4,16,874534
sample,262144,128,vec4,17,874544
sample,262144,128,vec4,18,875321
sample,262144,128,vec4,19,886646
sample,262144,128,vec4,20,879525
sample,262144,128,vec4,21,876849
sample,262144,128,vec4,22,1051719
sample,262144,128,vec4,23,1049496
sample,262144,128,vec4,24,1041997
sample,262144,128,vec4,25,1058200
sample,262144,128,vec4,26,1059246
sample,262144,128,vec4,27,1054849
sample,262144,128,vec4,28,1065386
sample,262144,128,vec4,29,1067978
measured,262144,128,fused2,4194304,16777216,5,30,17,875951,1047783,603e59446e81431f,99960c282a7f4ca5,none,none
sample,262144,128,fused2,0,998756
sample,262144,128,fused2,1,1033922
sample,262144,128,fused2,2,1032636
sample,262144,128,fused2,3,1030821
sample,262144,128,fused2,4,1016201
sample,262144,128,fused2,5,1037376
sample,262144,128,fused2,6,865257
sample,262144,128,fused2,7,870284
sample,262144,128,fused2,8,867136
sample,262144,128,fused2,9,872201
sample,262144,128,fused2,10,867572
sample,262144,128,fused2,11,861034
sample,262144,128,fused2,12,875951
sample,262144,128,fused2,13,867960
sample,262144,128,fused2,14,866988
sample,262144,128,fused2,15,867905
sample,262144,128,fused2,16,866941
sample,262144,128,fused2,17,879683
sample,262144,128,fused2,18,864684
sample,262144,128,fused2,19,872441
sample,262144,128,fused2,20,867349
sample,262144,128,fused2,21,865868
sample,262144,128,fused2,22,1042367
sample,262144,128,fused2,23,1041294
sample,262144,128,fused2,24,1043588
sample,262144,128,fused2,25,1043692
sample,262144,128,fused2,26,1041284
sample,262144,128,fused2,27,1047783
sample,262144,128,fused2,28,1044719
sample,262144,128,fused2,29,1062006
measured,262144,128,tile8,4194304,16777216,5,30,16,979312,1161478,603e59446e81431f,99960c282a7f4ca5,none,none
sample,262144,128,tile8,0,1112144
sample,262144,128,tile8,1,1109294
sample,262144,128,tile8,2,1114219
sample,262144,128,tile8,3,1128644
sample,262144,128,tile8,4,1120117
sample,262144,128,tile8,5,1129366
sample,262144,128,tile8,6,947469
sample,262144,128,tile8,7,963914
sample,262144,128,tile8,8,968293
sample,262144,128,tile8,9,972154
sample,262144,128,tile8,10,941960
sample,262144,128,tile8,11,949451
sample,262144,128,tile8,12,974775
sample,262144,128,tile8,13,964414
sample,262144,128,tile8,14,971432
sample,262144,128,tile8,15,971691
sample,262144,128,tile8,16,949099
sample,262144,128,tile8,17,962858
sample,262144,128,tile8,18,979849
sample,262144,128,tile8,19,976034
sample,262144,128,tile8,20,972062
sample,262144,128,tile8,21,979312
sample,262144,128,tile8,22,983654
sample,262144,128,tile8,23,1147265
sample,262144,128,tile8,24,1161478
sample,262144,128,tile8,25,1160450
sample,262144,128,tile8,26,1162719
sample,262144,128,tile8,27,1137497
sample,262144,128,tile8,28,1150431
sample,262144,128,tile8,29,1150858
skipped_limit,262144,512,vec4,16777216,67108864,NA,NA,NA,NA,NA,NA,NA,cohort_dispatch_limit,none
skipped_limit,262144,512,fused2,16777216,67108864,NA,NA,NA,NA,NA,NA,NA,cohort_dispatch_limit,none
skipped_limit,262144,512,tile8,16777216,67108864,NA,NA,NA,NA,NA,NA,NA,cohort_dispatch_limit,none
skipped_limit,262144,2048,vec4,67108864,268435456,NA,NA,NA,NA,NA,NA,NA,cohort_dispatch_limit,none
skipped_limit,262144,2048,fused2,67108864,268435456,NA,NA,NA,NA,NA,NA,NA,cohort_dispatch_limit,none
skipped_limit,262144,2048,tile8,67108864,268435456,NA,NA,NA,NA,NA,NA,NA,cohort_dispatch_limit,none
skipped_limit,1048576,128,vec4,16777216,67108864,NA,NA,NA,NA,NA,NA,NA,cohort_dispatch_limit,none
skipped_limit,1048576,128,fused2,16777216,67108864,NA,NA,NA,NA,NA,NA,NA,cohort_dispatch_limit,none
skipped_limit,1048576,128,tile8,16777216,67108864,NA,NA,NA,NA,NA,NA,NA,cohort_dispatch_limit,none
skipped_limit,1048576,512,vec4,67108864,268435456,NA,NA,NA,NA,NA,NA,NA,cohort_dispatch_limit,none
skipped_limit,1048576,512,fused2,67108864,268435456,NA,NA,NA,NA,NA,NA,NA,cohort_dispatch_limit,none
skipped_limit,1048576,512,tile8,67108864,268435456,NA,NA,NA,NA,NA,NA,NA,cohort_dispatch_limit,none
skipped_limit,1048576,2048,vec4,268435456,1073741824,NA,NA,NA,NA,NA,NA,NA,cohort_dispatch_limit,none
skipped_limit,1048576,2048,fused2,268435456,1073741824,NA,NA,NA,NA,NA,NA,NA,cohort_dispatch_limit,none
skipped_limit,1048576,2048,tile8,268435456,1073741824,NA,NA,NA,NA,NA,NA,NA,cohort_dispatch_limit,none
qualification_status=complete
