benchmark=pvp3d_three_candidate_same_device
source_revision=ddb6f0144821dfa29d268601e7087e5001278e52
adapter=NVIDIA Tegra NVIDIA Thor
backend=Vulkan
device_type=IntegratedGpu
vendor_id=4318
device_id=11008
driver=NVIDIA
driver_info=580.00
hardware_measurement_eligible=true
physical_admission=external_remoteops_evidence_required
performance_claim=none
primary_timing_scope=resident_encode_plus_queue_submit_plus_device_wait
state_reset_scope=completed_before_timer
correctness_readback_scope=before_and_after_timing
candidate_order=ABC_ACB_BAC_BCA_CAB_CBA
resident_payload_scope=source_plus_three_states_excludes_driver_uniforms_and_readback
status,k,g,candidate,state_bytes,resident_payload_bytes,warmups,repeats,logical_dispatches,p50_ns,p95_ns,input_checksum,output_checksum,skip_reason,performance_claim
measured,256,128,vec4,4096,16384,5,30,8,232221,346425,4c67926a9205d7b4,956299587c8af4b4,none,none
sample,256,128,vec4,0,227055
sample,256,128,vec4,1,226999
sample,256,128,vec4,2,226823
sample,256,128,vec4,3,232221
sample,256,128,vec4,4,504831
sample,256,128,vec4,5,346425
sample,256,128,vec4,6,345703
sample,256,128,vec4,7,224740
sample,256,128,vec4,8,226435
sample,256,128,vec4,9,247824
sample,256,128,vec4,10,257360
sample,256,128,vec4,11,228750
sample,256,128,vec4,12,233194
sample,256,128,vec4,13,230026
sample,256,128,vec4,14,249249
sample,256,128,vec4,15,233138
sample,256,128,vec4,16,226545
sample,256,128,vec4,17,249008
sample,256,128,vec4,18,240240
sample,256,128,vec4,19,228620
sample,256,128,vec4,20,227943
sample,256,128,vec4,21,227304
sample,256,128,vec4,22,229259
sample,256,128,vec4,23,230499
sample,256,128,vec4,24,230332
sample,256,128,vec4,25,253406
sample,256,128,vec4,26,276452
sample,256,128,vec4,27,247000
sample,256,128,vec4,28,232573
sample,256,128,vec4,29,232897
measured,256,128,fused2,4096,16384,5,30,7,210426,343851,4c67926a9205d7b4,956299587c8af4b4,none,none
sample,256,128,fused2,0,207315
sample,256,128,fused2,1,206712
sample,256,128,fused2,2,207657
sample,256,128,fused2,3,288536
sample,256,128,fused2,4,343851
sample,256,128,fused2,5,311341
sample,256,128,fused2,6,208444
sample,256,128,fused2,7,208110
sample,256,128,fused2,8,208767
sample,256,128,fused2,9,204157
sample,256,128,fused2,10,276017
sample,256,128,fused2,11,210259
sample,256,128,fused2,12,207231
sample,256,128,fused2,13,209304
sample,256,128,fused2,14,206313
sample,256,128,fused2,15,214732
sample,256,128,fused2,16,215045
sample,256,128,fused2,17,262184
sample,256,128,fused2,18,210991
sample,256,128,fused2,19,210426
sample,256,128,fused2,20,212147
sample,256,128,fused2,21,209906
sample,256,128,fused2,22,209166
sample,256,128,fused2,23,207860
sample,256,128,fused2,24,225713
sample,256,128,fused2,25,219082
sample,256,128,fused2,26,417370
sample,256,128,fused2,27,216796
sample,256,128,fused2,28,212379
sample,256,128,fused2,29,213722
measured,256,128,tile8,4096,16384,5,30,6,187130,302156,4c67926a9205d7b4,956299587c8af4b4,none,none
sample,256,128,tile8,0,188083
sample,256,128,tile8,1,185963
sample,256,128,tile8,2,182352
sample,256,128,tile8,3,192148
sample,256,128,tile8,4,185795
sample,256,128,tile8,5,302156
sample,256,128,tile8,6,187129
sample,256,128,tile8,7,183500
sample,256,128,tile8,8,185806
sample,256,128,tile8,9,185981
sample,256,128,tile8,10,235047
sample,256,128,tile8,11,192314
sample,256,128,tile8,12,183546
sample,256,128,tile8,13,188074
sample,256,128,tile8,14,205083
sample,256,128,tile8,15,193333
sample,256,128,tile8,16,183472
sample,256,128,tile8,17,690341
sample,256,128,tile8,18,186536
sample,256,128,tile8,19,194120
sample,256,128,tile8,20,186472
sample,256,128,tile8,21,186712
sample,256,128,tile8,22,183908
sample,256,128,tile8,23,182398
sample,256,128,tile8,24,195741
sample,256,128,tile8,25,247194
sample,256,128,tile8,26,198490
sample,256,128,tile8,27,212573
sample,256,128,tile8,28,195417
sample,256,128,tile8,29,187130
measured,256,512,vec4,16384,65536,5,30,8,247212,269287,38bbe1f688e24d78,1c8bb372f8f1302e,none,none
sample,256,512,vec4,0,232472
sample,256,512,vec4,1,230388
sample,256,512,vec4,2,231351
sample,256,512,vec4,3,232593
sample,256,512,vec4,4,235906
sample,256,512,vec4,5,247212
sample,256,512,vec4,6,243091
sample,256,512,vec4,7,243443
sample,256,512,vec4,8,269287
sample,256,512,vec4,9,239296
sample,256,512,vec4,10,240833
sample,256,512,vec4,11,241267
sample,256,512,vec4,12,247555
sample,256,512,vec4,13,248787
sample,256,512,vec4,14,249249
sample,256,512,vec4,15,251601
sample,256,512,vec4,16,247139
sample,256,512,vec4,17,254296
sample,256,512,vec4,18,257786
sample,256,512,vec4,19,230332
sample,256,512,vec4,20,232832
sample,256,512,vec4,21,255897
sample,256,512,vec4,22,258121
sample,256,512,vec4,23,259082
sample,256,512,vec4,24,255888
sample,256,512,vec4,25,248212
sample,256,512,vec4,26,232832
sample,256,512,vec4,27,279610
sample,256,512,vec4,28,258702
sample,256,512,vec4,29,252776
measured,256,512,fused2,16384,65536,5,30,7,221101,250378,38bbe1f688e24d78,1c8bb372f8f1302e,none,none
sample,256,512,fused2,0,215323
sample,256,512,fused2,1,204045
sample,256,512,fused2,2,205212
sample,256,512,fused2,3,208184
sample,256,512,fused2,4,210055
sample,256,512,fused2,5,219851
sample,256,512,fused2,6,221101
sample,256,512,fused2,7,250378
sample,256,512,fused2,8,228139
sample,256,512,fused2,9,223601
sample,256,512,fused2,10,222435
sample,256,512,fused2,11,217639
sample,256,512,fused2,12,222768
sample,256,512,fused2,13,223628
sample,256,512,fused2,14,223518
sample,256,512,fused2,15,223462
sample,256,512,fused2,16,520740
sample,256,512,fused2,17,231332
sample,256,512,fused2,18,212055
sample,256,512,fused2,19,204500
sample,256,512,fused2,20,202499
sample,256,512,fused2,21,207333
sample,256,512,fused2,22,228564
sample,256,512,fused2,23,230888
sample,256,512,fused2,24,231769
sample,256,512,fused2,25,210221
sample,256,512,fused2,26,208990
sample,256,512,fused2,27,217406
sample,256,512,fused2,28,232962
sample,256,512,fused2,29,229649
measured,256,512,tile8,16384,65536,5,30,6,196841,229796,38bbe1f688e24d78,1c8bb372f8f1302e,none,none
sample,256,512,tile8,0,185110
sample,256,512,tile8,1,181157
sample,256,512,tile8,2,187528
sample,256,512,tile8,3,186258
sample,256,512,tile8,4,184352
sample,256,512,tile8,5,194361
sample,256,512,tile8,6,193463
sample,256,512,tile8,7,196841
sample,256,512,tile8,8,229796
sample,256,512,tile8,9,196860
sample,256,512,tile8,10,194944
sample,256,512,tile8,11,193778
sample,256,512,tile8,12,201260
sample,256,512,tile8,13,198888
sample,256,512,tile8,14,201000
sample,256,512,tile8,15,198573
sample,256,512,tile8,16,199073
sample,256,512,tile8,17,261055
sample,256,512,tile8,18,186934
sample,256,512,tile8,19,187898
sample,256,512,tile8,20,181861
sample,256,512,tile8,21,182656
sample,256,512,tile8,22,208241
sample,256,512,tile8,23,206721
sample,256,512,tile8,24,208112
sample,256,512,tile8,25,187601
sample,256,512,tile8,26,202258
sample,256,512,tile8,27,198093
sample,256,512,tile8,28,211249
sample,256,512,tile8,29,201843
measured,256,2048,vec4,65536,262144,5,30,8,231231,287963,c9e538e9f9dccedd,259153fc2c7bc4e7,none,none
sample,256,2048,vec4,0,304971
sample,256,2048,vec4,1,231102
sample,256,2048,vec4,2,229259
sample,256,2048,vec4,3,234472
sample,256,2048,vec4,4,232906
sample,256,2048,vec4,5,231231
sample,256,2048,vec4,6,229323
sample,256,2048,vec4,7,227471
sample,256,2048,vec4,8,253657
sample,256,2048,vec4,9,229147
sample,256,2048,vec4,10,238001
sample,256,2048,vec4,11,264360
sample,256,2048,vec4,12,269184
sample,256,2048,vec4,13,276184
sample,256,2048,vec4,14,273129
sample,256,2048,vec4,15,227324
sample,256,2048,vec4,16,228759
sample,256,2048,vec4,17,228999
sample,256,2048,vec4,18,230491
sample,256,2048,vec4,19,230703
sample,256,2048,vec4,20,278962
sample,256,2048,vec4,21,283582
sample,256,2048,vec4,22,287963
sample,256,2048,vec4,23,280934
sample,256,2048,vec4,24,278499
sample,256,2048,vec4,25,227092
sample,256,2048,vec4,26,225703
sample,256,2048,vec4,27,227564
sample,256,2048,vec4,28,227212
sample,256,2048,vec4,29,277472
measured,256,2048,fused2,65536,262144,5,30,7,210267,304620,c9e538e9f9dccedd,259153fc2c7bc4e7,none,none
sample,256,2048,fused2,0,225601
sample,256,2048,fused2,1,218471
sample,256,2048,fused2,2,206906
sample,256,2048,fused2,3,209619
sample,256,2048,fused2,4,208878
sample,256,2048,fused2,5,210267
sample,256,2048,fused2,6,208167
sample,256,2048,fused2,7,206417
sample,256,2048,fused2,8,208527
sample,256,2048,fused2,9,229732
sample,256,2048,fused2,10,241797
sample,256,2048,fused2,11,240601
sample,256,2048,fused2,12,237693
sample,256,2048,fused2,13,247963
sample,256,2048,fused2,14,246953
sample,256,2048,fused2,15,250388
sample,256,2048,fused2,16,209547
sample,256,2048,fused2,17,206610
sample,256,2048,fused2,18,208990
sample,256,2048,fused2,19,206878
sample,256,2048,fused2,20,208536
sample,256,2048,fused2,21,308610
sample,256,2048,fused2,22,304620
sample,256,2048,fused2,23,244584
sample,256,2048,fused2,24,249008
sample,256,2048,fused2,25,207019
sample,256,2048,fused2,26,207267
sample,256,2048,fused2,27,202537
sample,256,2048,fused2,28,215203
sample,256,2048,fused2,29,251111
measured,256,2048,tile8,65536,262144,5,30,6,191028,248204,c9e538e9f9dccedd,259153fc2c7bc4e7,none,none
sample,256,2048,tile8,0,202416
sample,256,2048,tile8,1,190361
sample,256,2048,tile8,2,189315
sample,256,2048,tile8,3,193231
sample,256,2048,tile8,4,190101
sample,256,2048,tile8,5,189806
sample,256,2048,tile8,6,188721
sample,256,2048,tile8,7,189750
sample,256,2048,tile8,8,199972
sample,256,2048,tile8,9,223416
sample,256,2048,tile8,10,190712
sample,256,2048,tile8,11,215667
sample,256,2048,tile8,12,218601
sample,256,2048,tile8,13,229000
sample,256,2048,tile8,14,226314
sample,256,2048,tile8,15,192935
sample,256,2048,tile8,16,190786
sample,256,2048,tile8,17,190518
sample,256,2048,tile8,18,190110
sample,256,2048,tile8,19,189889
sample,256,2048,tile8,20,674128
sample,256,2048,tile8,21,236452
sample,256,2048,tile8,22,248204
sample,256,2048,tile8,23,236186
sample,256,2048,tile8,24,191564
sample,256,2048,tile8,25,190028
sample,256,2048,tile8,26,186435
sample,256,2048,tile8,27,186443
sample,256,2048,tile8,28,191028
sample,256,2048,tile8,29,229259
measured,1024,128,vec4,16384,65536,5,30,10,282026,389258,26abf5bddd03bbc5,79acd556594188cd,none,none
sample,1024,128,vec4,0,351471
sample,1024,128,vec4,1,277277
sample,1024,128,vec4,2,276453
sample,1024,128,vec4,3,277165
sample,1024,128,vec4,4,279573
sample,1024,128,vec4,5,347898
sample,1024,128,vec4,6,348212
sample,1024,128,vec4,7,329350
sample,1024,128,vec4,8,508833
sample,1024,128,vec4,9,362916
sample,1024,128,vec4,10,370425
sample,1024,128,vec4,11,278971
sample,1024,128,vec4,12,277193
sample,1024,128,vec4,13,279926
sample,1024,128,vec4,14,282026
sample,1024,128,vec4,15,281463
sample,1024,128,vec4,16,290212
sample,1024,128,vec4,17,357730
sample,1024,128,vec4,18,389258
sample,1024,128,vec4,19,284323
sample,1024,128,vec4,20,273982
sample,1024,128,vec4,21,287564
sample,1024,128,vec4,22,355684
sample,1024,128,vec4,23,279971
sample,1024,128,vec4,24,276138
sample,1024,128,vec4,25,276499
sample,1024,128,vec4,26,281461
sample,1024,128,vec4,27,280434
sample,1024,128,vec4,28,307073
sample,1024,128,vec4,29,308120
measured,1024,128,fused2,16384,65536,5,30,9,260934,355648,26abf5bddd03bbc5,79acd556594188cd,none,none
sample,1024,128,fused2,0,258879
sample,1024,128,fused2,1,257528
sample,1024,128,fused2,2,257593
sample,1024,128,fused2,3,256980
sample,1024,128,fused2,4,258508
sample,1024,128,fused2,5,321564
sample,1024,128,fused2,6,370887
sample,1024,128,fused2,7,264591
sample,1024,128,fused2,8,258823
sample,1024,128,fused2,9,355648
sample,1024,128,fused2,10,266537
sample,1024,128,fused2,11,258287
sample,1024,128,fused2,12,260582
sample,1024,128,fused2,13,259249
sample,1024,128,fused2,14,270629
sample,1024,128,fused2,15,258981
sample,1024,128,fused2,16,329999
sample,1024,128,fused2,17,332017
sample,1024,128,fused2,18,262369
sample,1024,128,fused2,19,260934
sample,1024,128,fused2,20,251518
sample,1024,128,fused2,21,257406
sample,1024,128,fused2,22,338083
sample,1024,128,fused2,23,339073
sample,1024,128,fused2,24,256443
sample,1024,128,fused2,25,262545
sample,1024,128,fused2,26,260657
sample,1024,128,fused2,27,263767
sample,1024,128,fused2,28,282556
sample,1024,128,fused2,29,279972
measured,1024,128,tile8,16384,65536,5,30,8,233092,314694,26abf5bddd03bbc5,79acd556594188cd,none,none
sample,1024,128,tile8,0,230194
sample,1024,128,tile8,1,233573
sample,1024,128,tile8,2,229563
sample,1024,128,tile8,3,230629
sample,1024,128,tile8,4,230389
sample,1024,128,tile8,5,292082
sample,1024,128,tile8,6,302342
sample,1024,128,tile8,7,233323
sample,1024,128,tile8,8,352758
sample,1024,128,tile8,9,314694
sample,1024,128,tile8,10,290768
sample,1024,128,tile8,11,233092
sample,1024,128,tile8,12,230815
sample,1024,128,tile8,13,229325
sample,1024,128,tile8,14,233036
sample,1024,128,tile8,15,231120
sample,1024,128,tile8,16,231556
sample,1024,128,tile8,17,293861
sample,1024,128,tile8,18,272212
sample,1024,128,tile8,19,234314
sample,1024,128,tile8,20,226722
sample,1024,128,tile8,21,231074
sample,1024,128,tile8,22,297249
sample,1024,128,tile8,23,299804
sample,1024,128,tile8,24,230962
sample,1024,128,tile8,25,232278
sample,1024,128,tile8,26,233184
sample,1024,128,tile8,27,231870
sample,1024,128,tile8,28,240722
sample,1024,128,tile8,29,257408
measured,1024,512,vec4,65536,262144,5,30,10,390296,428554,0949b62ffc70d026,7663f0c9d3466943,none,none
sample,1024,512,vec4,0,364444
sample,1024,512,vec4,1,366619
sample,1024,512,vec4,2,365656
sample,1024,512,vec4,3,406907
sample,1024,512,vec4,4,409175
sample,1024,512,vec4,5,371036
sample,1024,512,vec4,6,375610
sample,1024,512,vec4,7,371406
sample,1024,512,vec4,8,372804
sample,1024,512,vec4,9,376138
sample,1024,512,vec4,10,421648
sample,1024,512,vec4,11,394573
sample,1024,512,vec4,12,378314
sample,1024,512,vec4,13,387499
sample,1024,512,vec4,14,390296
sample,1024,512,vec4,15,389869
sample,1024,512,vec4,16,385842
sample,1024,512,vec4,17,390832
sample,1024,512,vec4,18,394592
sample,1024,512,vec4,19,397573
sample,1024,512,vec4,20,428554
sample,1024,512,vec4,21,385573
sample,1024,512,vec4,22,384527
sample,1024,512,vec4,23,402638
sample,1024,512,vec4,24,404221
sample,1024,512,vec4,25,403379
sample,1024,512,vec4,26,460805
sample,1024,512,vec4,27,416183
sample,1024,512,vec4,28,408906
sample,1024,512,vec4,29,403212
measured,1024,512,fused2,65536,262144,5,30,9,354739,395712,0949b62ffc70d026,7663f0c9d3466943,none,none
sample,1024,512,fused2,0,342091
sample,1024,512,fused2,1,339851
sample,1024,512,fused2,2,341073
sample,1024,512,fused2,3,337110
sample,1024,512,fused2,4,337138
sample,1024,512,fused2,5,341184
sample,1024,512,fused2,6,341925
sample,1024,512,fused2,7,344832
sample,1024,512,fused2,8,344749
sample,1024,512,fused2,9,344017
sample,1024,512,fused2,10,369517
sample,1024,512,fused2,11,361731
sample,1024,512,fused2,12,346332
sample,1024,512,fused2,13,348231
sample,1024,512,fused2,14,351860
sample,1024,512,fused2,15,352499
sample,1024,512,fused2,16,354739
sample,1024,512,fused2,17,361416
sample,1024,512,fused2,18,400184
sample,1024,512,fused2,19,389017
sample,1024,512,fused2,20,362342
sample,1024,512,fused2,21,369555
sample,1024,512,fused2,22,365258
sample,1024,512,fused2,23,363166
sample,1024,512,fused2,24,371610
sample,1024,512,fused2,25,395712
sample,1024,512,fused2,26,379861
sample,1024,512,fused2,27,380693
sample,1024,512,fused2,28,379952
sample,1024,512,fused2,29,374203
measured,1024,512,tile8,65536,262144,5,30,8,327388,370045,0949b62ffc70d026,7663f0c9d3466943,none,none
sample,1024,512,tile8,0,311212
sample,1024,512,tile8,1,308471
sample,1024,512,tile8,2,312175
sample,1024,512,tile8,3,312481
sample,1024,512,tile8,4,319084
sample,1024,512,tile8,5,322499
sample,1024,512,tile8,6,310647
sample,1024,512,tile8,7,322832
sample,1024,512,tile8,8,314054
sample,1024,512,tile8,9,318934
sample,1024,512,tile8,10,316647
sample,1024,512,tile8,11,333925
sample,1024,512,tile8,12,320851
sample,1024,512,tile8,13,329657
sample,1024,512,tile8,14,327388
sample,1024,512,tile8,15,370045
sample,1024,512,tile8,16,325212
sample,1024,512,tile8,17,333026
sample,1024,512,tile8,18,345397
sample,1024,512,tile8,19,332702
sample,1024,512,tile8,20,348295
sample,1024,512,tile8,21,325277
sample,1024,512,tile8,22,341638
sample,1024,512,tile8,23,332472
sample,1024,512,tile8,24,340249
sample,1024,512,tile8,25,340203
sample,1024,512,tile8,26,343869
sample,1024,512,tile8,27,412517
sample,1024,512,tile8,28,337842
sample,1024,512,tile8,29,336545
measured,1024,2048,vec4,262144,1048576,5,30,10,421444,453184,2d4a1c573b9665e7,d32c613321b43c7f,none,none
sample,1024,2048,vec4,0,420313
sample,1024,2048,vec4,1,453184
sample,1024,2048,vec4,2,421517
sample,1024,2048,vec4,3,417268
sample,1024,2048,vec4,4,416304
sample,1024,2048,vec4,5,430340
sample,1024,2048,vec4,6,422887
sample,1024,2048,vec4,7,419833
sample,1024,2048,vec4,8,419906
sample,1024,2048,vec4,9,467712
sample,1024,2048,vec4,10,435823
sample,1024,2048,vec4,11,422711
sample,1024,2048,vec4,12,420897
sample,1024,2048,vec4,13,423111
sample,1024,2048,vec4,14,428368
sample,1024,2048,vec4,15,435240
sample,1024,2048,vec4,16,426675
sample,1024,2048,vec4,17,425730
sample,1024,2048,vec4,18,425120
sample,1024,2048,vec4,19,419249
sample,1024,2048,vec4,20,420092
sample,1024,2048,vec4,21,418840
sample,1024,2048,vec4,22,421212
sample,1024,2048,vec4,23,419545
sample,1024,2048,vec4,24,424092
sample,1024,2048,vec4,25,416518
sample,1024,2048,vec4,26,419961
sample,1024,2048,vec4,27,421444
sample,1024,2048,vec4,28,410685
sample,1024,2048,vec4,29,432590
measured,1024,2048,fused2,262144,1048576,5,30,9,384620,411692,2d4a1c573b9665e7,d32c613321b43c7f,none,none
sample,1024,2048,fused2,0,388610
sample,1024,2048,fused2,1,452045
sample,1024,2048,fused2,2,378156
sample,1024,2048,fused2,3,388175
sample,1024,2048,fused2,4,380192
sample,1024,2048,fused2,5,380379
sample,1024,2048,fused2,6,389184
sample,1024,2048,fused2,7,382591
sample,1024,2048,fused2,8,382175
sample,1024,2048,fused2,9,385916
sample,1024,2048,fused2,10,393564
sample,1024,2048,fused2,11,385231
sample,1024,2048,fused2,12,379509
sample,1024,2048,fused2,13,384620
sample,1024,2048,fused2,14,380805
sample,1024,2048,fused2,15,387166
sample,1024,2048,fused2,16,390453
sample,1024,2048,fused2,17,383036
sample,1024,2048,fused2,18,380147
sample,1024,2048,fused2,19,391407
sample,1024,2048,fused2,20,384074
sample,1024,2048,fused2,21,387508
sample,1024,2048,fused2,22,388462
sample,1024,2048,fused2,23,386314
sample,1024,2048,fused2,24,384082
sample,1024,2048,fused2,25,383443
sample,1024,2048,fused2,26,382665
sample,1024,2048,fused2,27,411692
sample,1024,2048,fused2,28,387988
sample,1024,2048,fused2,29,382370
measured,1024,2048,tile8,262144,1048576,5,30,8,365896,409684,2d4a1c573b9665e7,d32c613321b43c7f,none,none
sample,1024,2048,tile8,0,365896
sample,1024,2048,tile8,1,414591
sample,1024,2048,tile8,2,359425
sample,1024,2048,tile8,3,366351
sample,1024,2048,tile8,4,385221
sample,1024,2048,tile8,5,362656
sample,1024,2048,tile8,6,368684
sample,1024,2048,tile8,7,369564
sample,1024,2048,tile8,8,364795
sample,1024,2048,tile8,9,369851
sample,1024,2048,tile8,10,373648
sample,1024,2048,tile8,11,363823
sample,1024,2048,tile8,12,363397
sample,1024,2048,tile8,13,367091
sample,1024,2048,tile8,14,370861
sample,1024,2048,tile8,15,409684
sample,1024,2048,tile8,16,375831
sample,1024,2048,tile8,17,361434
sample,1024,2048,tile8,18,369814
sample,1024,2048,tile8,19,362147
sample,1024,2048,tile8,20,366684
sample,1024,2048,tile8,21,362897
sample,1024,2048,tile8,22,364499
sample,1024,2048,tile8,23,364601
sample,1024,2048,tile8,24,361202
sample,1024,2048,tile8,25,363017
sample,1024,2048,tile8,26,405101
sample,1024,2048,tile8,27,377648
sample,1024,2048,tile8,28,364647
sample,1024,2048,tile8,29,361842
measured,4096,128,vec4,65536,262144,5,30,12,489258,514498,d878e557b6daedce,8cc85ceb09c8efed,none,none
sample,4096,128,vec4,0,485507
sample,4096,128,vec4,1,533629
sample,4096,128,vec4,2,481970
sample,4096,128,vec4,3,503656
sample,4096,128,vec4,4,514498
sample,4096,128,vec4,5,480286
sample,4096,128,vec4,6,504627
sample,4096,128,vec4,7,486119
sample,4096,128,vec4,8,492406
sample,4096,128,vec4,9,484091
sample,4096,128,vec4,10,492092
sample,4096,128,vec4,11,490601
sample,4096,128,vec4,12,486387
sample,4096,128,vec4,13,483739
sample,4096,128,vec4,14,490081
sample,4096,128,vec4,15,486657
sample,4096,128,vec4,16,512999
sample,4096,128,vec4,17,496489
sample,4096,128,vec4,18,478757
sample,4096,128,vec4,19,479268
sample,4096,128,vec4,20,488776
sample,4096,128,vec4,21,489258
sample,4096,128,vec4,22,493981
sample,4096,128,vec4,23,485055
sample,4096,128,vec4,24,489833
sample,4096,128,vec4,25,492026
sample,4096,128,vec4,26,493850
sample,4096,128,vec4,27,484665
sample,4096,128,vec4,28,487285
sample,4096,128,vec4,29,498721
measured,4096,128,fused2,65536,262144,5,30,11,455027,506527,d878e557b6daedce,8cc85ceb09c8efed,none,none
sample,4096,128,fused2,0,453656
sample,4096,128,fused2,1,472350
sample,4096,128,fused2,2,458730
sample,4096,128,fused2,3,459517
sample,4096,128,fused2,4,469129
sample,4096,128,fused2,5,444230
sample,4096,128,fused2,6,444786
sample,4096,128,fused2,7,455027
sample,4096,128,fused2,8,450888
sample,4096,128,fused2,9,452064
sample,4096,128,fused2,10,466239
sample,4096,128,fused2,11,455553
sample,4096,128,fused2,12,454036
sample,4096,128,fused2,13,506527
sample,4096,128,fused2,14,505111
sample,4096,128,fused2,15,445851
sample,4096,128,fused2,16,465461
sample,4096,128,fused2,17,464582
sample,4096,128,fused2,18,446555
sample,4096,128,fused2,19,454434
sample,4096,128,fused2,20,453637
sample,4096,128,fused2,21,454453
sample,4096,128,fused2,22,455914
sample,4096,128,fused2,23,454451
sample,4096,128,fused2,24,458905
sample,4096,128,fused2,25,451907
sample,4096,128,fused2,26,455268
sample,4096,128,fused2,27,451572
sample,4096,128,fused2,28,469786
sample,4096,128,fused2,29,517276
measured,4096,128,tile8,65536,262144,5,30,10,424461,459915,d878e557b6daedce,8cc85ceb09c8efed,none,none
sample,4096,128,tile8,0,424461
sample,4096,128,tile8,1,472833
sample,4096,128,tile8,2,421850
sample,4096,128,tile8,3,421657
sample,4096,128,tile8,4,435147
sample,4096,128,tile8,5,435157
sample,4096,128,tile8,6,418888
sample,4096,128,tile8,7,420962
sample,4096,128,tile8,8,423305
sample,4096,128,tile8,9,420564
sample,4096,128,tile8,10,420193
sample,4096,128,tile8,11,426379
sample,4096,128,tile8,12,422193
sample,4096,128,tile8,13,421296
sample,4096,128,tile8,14,431073
sample,4096,128,tile8,15,412638
sample,4096,128,tile8,16,418666
sample,4096,128,tile8,17,459915
sample,4096,128,tile8,18,442350
sample,4096,128,tile8,19,416591
sample,4096,128,tile8,20,424562
sample,4096,128,tile8,21,425424
sample,4096,128,tile8,22,425155
sample,4096,128,tile8,23,422194
sample,4096,128,tile8,24,426360
sample,4096,128,tile8,25,426240
sample,4096,128,tile8,26,426851
sample,4096,128,tile8,27,425017
sample,4096,128,tile8,28,423906
sample,4096,128,tile8,29,431101
measured,4096,512,vec4,262144,1048576,5,30,12,498814,564572,07e875993970433c,207dceeda1be3f5b,none,none
sample,4096,512,vec4,0,497175
sample,4096,512,vec4,1,494610
sample,4096,512,vec4,2,502767
sample,4096,512,vec4,3,500703
sample,4096,512,vec4,4,496277
sample,4096,512,vec4,5,501711
sample,4096,512,vec4,6,516564
sample,4096,512,vec4,7,496749
sample,4096,512,vec4,8,503962
sample,4096,512,vec4,9,494368
sample,4096,512,vec4,10,505998
sample,4096,512,vec4,11,498703
sample,4096,512,vec4,12,500794
sample,4096,512,vec4,13,497721
sample,4096,512,vec4,14,503359
sample,4096,512,vec4,15,504656
sample,4096,512,vec4,16,487961
sample,4096,512,vec4,17,498814
sample,4096,512,vec4,18,564572
sample,4096,512,vec4,19,489702
sample,4096,512,vec4,20,500127
sample,4096,512,vec4,21,498527
sample,4096,512,vec4,22,495100
sample,4096,512,vec4,23,503887
sample,4096,512,vec4,24,494972
sample,4096,512,vec4,25,497444
sample,4096,512,vec4,26,500860
sample,4096,512,vec4,27,512507
sample,4096,512,vec4,28,488657
sample,4096,512,vec4,29,564961
measured,4096,512,fused2,262144,1048576,5,30,11,463943,491036,07e875993970433c,207dceeda1be3f5b,none,none
sample,4096,512,fused2,0,458740
sample,4096,512,fused2,1,464230
sample,4096,512,fused2,2,466574
sample,4096,512,fused2,3,489397
sample,4096,512,fused2,4,463731
sample,4096,512,fused2,5,493286
sample,4096,512,fused2,6,474221
sample,4096,512,fused2,7,457212
sample,4096,512,fused2,8,450794
sample,4096,512,fused2,9,460665
sample,4096,512,fused2,10,467841
sample,4096,512,fused2,11,459397
sample,4096,512,fused2,12,456333
sample,4096,512,fused2,13,464729
sample,4096,512,fused2,14,462128
sample,4096,512,fused2,15,470610
sample,4096,512,fused2,16,463703
sample,4096,512,fused2,17,462202
sample,4096,512,fused2,18,472064
sample,4096,512,fused2,19,483878
sample,4096,512,fused2,20,453740
sample,4096,512,fused2,21,462194
sample,4096,512,fused2,22,456730
sample,4096,512,fused2,23,466046
sample,4096,512,fused2,24,484434
sample,4096,512,fused2,25,463943
sample,4096,512,fused2,26,466332
sample,4096,512,fused2,27,491036
sample,4096,512,fused2,28,464165
sample,4096,512,fused2,29,463331
measured,4096,512,tile8,262144,1048576,5,30,10,443035,502120,07e875993970433c,207dceeda1be3f5b,none,none
sample,4096,512,tile8,0,439378
sample,4096,512,tile8,1,441055
sample,4096,512,tile8,2,502120
sample,4096,512,tile8,3,456739
sample,4096,512,tile8,4,436091
sample,4096,512,tile8,5,438333
sample,4096,512,tile8,6,446777
sample,4096,512,tile8,7,443655
sample,4096,512,tile8,8,443795
sample,4096,512,tile8,9,441360
sample,4096,512,tile8,10,455425
sample,4096,512,tile8,11,445897
sample,4096,512,tile8,12,442665
sample,4096,512,tile8,13,441971
sample,4096,512,tile8,14,455925
sample,4096,512,tile8,15,505442
sample,4096,512,tile8,16,434573
sample,4096,512,tile8,17,436174
sample,4096,512,tile8,18,449091
sample,4096,512,tile8,19,442647
sample,4096,512,tile8,20,442294
sample,4096,512,tile8,21,439008
sample,4096,512,tile8,22,449666
sample,4096,512,tile8,23,443664
sample,4096,512,tile8,24,446295
sample,4096,512,tile8,25,443035
sample,4096,512,tile8,26,442601
sample,4096,512,tile8,27,468638
sample,4096,512,tile8,28,446980
sample,4096,512,tile8,29,437860
measured,4096,2048,vec4,1048576,4194304,5,30,12,553563,567387,4143a88e49ed614b,e0842ad8f72c0c9f,none,none
sample,4096,2048,vec4,0,551054
sample,4096,2048,vec4,1,553655
sample,4096,2048,vec4,2,554452
sample,4096,2048,vec4,3,565629
sample,4096,2048,vec4,4,554008
sample,4096,2048,vec4,5,553332
sample,4096,2048,vec4,6,565184
sample,4096,2048,vec4,7,549369
sample,4096,2048,vec4,8,558156
sample,4096,2048,vec4,9,543952
sample,4096,2048,vec4,10,545350
sample,4096,2048,vec4,11,550053
sample,4096,2048,vec4,12,548850
sample,4096,2048,vec4,13,549322
sample,4096,2048,vec4,14,553563
sample,4096,2048,vec4,15,546109
sample,4096,2048,vec4,16,564471
sample,4096,2048,vec4,17,553230
sample,4096,2048,vec4,18,545804
sample,4096,2048,vec4,19,584803
sample,4096,2048,vec4,20,557120
sample,4096,2048,vec4,21,557174
sample,4096,2048,vec4,22,554878
sample,4096,2048,vec4,23,553248
sample,4096,2048,vec4,24,557628
sample,4096,2048,vec4,25,553916
sample,4096,2048,vec4,26,556813
sample,4096,2048,vec4,27,567387
sample,4096,2048,vec4,28,545953
sample,4096,2048,vec4,29,549766
measured,4096,2048,fused2,1048576,4194304,5,30,11,521508,576406,4143a88e49ed614b,e0842ad8f72c0c9f,none,none
sample,4096,2048,fused2,0,525035
sample,4096,2048,fused2,1,523925
sample,4096,2048,fused2,2,515425
sample,4096,2048,fused2,3,521036
sample,4096,2048,fused2,4,518017
sample,4096,2048,fused2,5,518516
sample,4096,2048,fused2,6,593240
sample,4096,2048,fused2,7,514185
sample,4096,2048,fused2,8,525220
sample,4096,2048,fused2,9,517137
sample,4096,2048,fused2,10,525554
sample,4096,2048,fused2,11,522433
sample,4096,2048,fused2,12,521508
sample,4096,2048,fused2,13,519989
sample,4096,2048,fused2,14,532415
sample,4096,2048,fused2,15,523027
sample,4096,2048,fused2,16,576406
sample,4096,2048,fused2,17,512064
sample,4096,2048,fused2,18,523859
sample,4096,2048,fused2,19,521777
sample,4096,2048,fused2,20,513990
sample,4096,2048,fused2,21,514803
sample,4096,2048,fused2,22,524555
sample,4096,2048,fused2,23,515388
sample,4096,2048,fused2,24,517849
sample,4096,2048,fused2,25,519008
sample,4096,2048,fused2,26,517127
sample,4096,2048,fused2,27,571942
sample,4096,2048,fused2,28,528860
sample,4096,2048,fused2,29,572878
measured,4096,2048,tile8,1048576,4194304,5,30,10,546805,583590,4143a88e49ed614b,e0842ad8f72c0c9f,none,none
sample,4096,2048,tile8,0,548007
sample,4096,2048,tile8,1,545470
sample,4096,2048,tile8,2,545831
sample,4096,2048,tile8,3,544813
sample,4096,2048,tile8,4,548435
sample,4096,2048,tile8,5,550536
sample,4096,2048,tile8,6,544119
sample,4096,2048,tile8,7,544962
sample,4096,2048,tile8,8,588868
sample,4096,2048,tile8,9,555332
sample,4096,2048,tile8,10,558573
sample,4096,2048,tile8,11,545785
sample,4096,2048,tile8,12,546805
sample,4096,2048,tile8,13,546804
sample,4096,2048,tile8,14,544944
sample,4096,2048,tile8,15,548702
sample,4096,2048,tile8,16,543211
sample,4096,2048,tile8,17,550360
sample,4096,2048,tile8,18,555869
sample,4096,2048,tile8,19,547609
sample,4096,2048,tile8,20,536063
sample,4096,2048,tile8,21,546757
sample,4096,2048,tile8,22,544118
sample,4096,2048,tile8,23,550666
sample,4096,2048,tile8,24,542629
sample,4096,2048,tile8,25,547452
sample,4096,2048,tile8,26,583590
sample,4096,2048,tile8,27,563600
sample,4096,2048,tile8,28,545240
sample,4096,2048,tile8,29,553860
measured,16384,128,vec4,262144,1048576,5,30,14,575869,585453,318e48fc80dadb1f,a09bc0e13ecf9bf8,none,none
sample,16384,128,vec4,0,585129
sample,16384,128,vec4,1,582063
sample,16384,128,vec4,2,580314
sample,16384,128,vec4,3,577610
sample,16384,128,vec4,4,568841
sample,16384,128,vec4,5,558211
sample,16384,128,vec4,6,575869
sample,16384,128,vec4,7,573998
sample,16384,128,vec4,8,579045
sample,16384,128,vec4,9,576202
sample,16384,128,vec4,10,569100
sample,16384,128,vec4,11,567655
sample,16384,128,vec4,12,561988
sample,16384,128,vec4,13,574961
sample,16384,128,vec4,14,575832
sample,16384,128,vec4,15,580813
sample,16384,128,vec4,16,563230
sample,16384,128,vec4,17,592118
sample,16384,128,vec4,18,567211
sample,16384,128,vec4,19,575897
sample,16384,128,vec4,20,582054
sample,16384,128,vec4,21,562453
sample,16384,128,vec4,22,573896
sample,16384,128,vec4,23,576100
sample,16384,128,vec4,24,585453
sample,16384,128,vec4,25,557590
sample,16384,128,vec4,26,579017
sample,16384,128,vec4,27,572796
sample,16384,128,vec4,28,578266
sample,16384,128,vec4,29,582758
measured,16384,128,fused2,262144,1048576,5,30,13,540785,564888,318e48fc80dadb1f,a09bc0e13ecf9bf8,none,none
sample,16384,128,fused2,0,548508
sample,16384,128,fused2,1,542647
sample,16384,128,fused2,2,585314
sample,16384,128,fused2,3,538063
sample,16384,128,fused2,4,557673
sample,16384,128,fused2,5,532601
sample,16384,128,fused2,6,531794
sample,16384,128,fused2,7,540368
sample,16384,128,fused2,8,540415
sample,16384,128,fused2,9,564888
sample,16384,128,fused2,10,532675
sample,16384,128,fused2,11,542572
sample,16384,128,fused2,12,542055
sample,16384,128,fused2,13,535768
sample,16384,128,fused2,14,537388
sample,16384,128,fused2,15,537323
sample,16384,128,fused2,16,544127
sample,16384,128,fused2,17,539388
sample,16384,128,fused2,18,537600
sample,16384,128,fused2,19,545795
sample,16384,128,fused2,20,540785
sample,16384,128,fused2,21,542118
sample,16384,128,fused2,22,541026
sample,16384,128,fused2,23,531573
sample,16384,128,fused2,24,539832
sample,16384,128,fused2,25,530999
sample,16384,128,fused2,26,564841
sample,16384,128,fused2,27,541396
sample,16384,128,fused2,28,542637
sample,16384,128,fused2,29,543416
measured,16384,128,tile8,262144,1048576,5,30,12,515785,527063,318e48fc80dadb1f,a09bc0e13ecf9bf8,none,none
sample,16384,128,tile8,0,527063
sample,16384,128,tile8,1,514072
sample,16384,128,tile8,2,516470
sample,16384,128,tile8,3,512332
sample,16384,128,tile8,4,515785
sample,16384,128,tile8,5,518480
sample,16384,128,tile8,6,530711
sample,16384,128,tile8,7,514008
sample,16384,128,tile8,8,515648
sample,16384,128,tile8,9,513785
sample,16384,128,tile8,10,506812
sample,16384,128,tile8,11,518342
sample,16384,128,tile8,12,521046
sample,16384,128,tile8,13,525998
sample,16384,128,tile8,14,513257
sample,16384,128,tile8,15,505185
sample,16384,128,tile8,16,517257
sample,16384,128,tile8,17,511017
sample,16384,128,tile8,18,517499
sample,16384,128,tile8,19,512342
sample,16384,128,tile8,20,508971
sample,16384,128,tile8,21,510822
sample,16384,128,tile8,22,521805
sample,16384,128,tile8,23,516221
sample,16384,128,tile8,24,507405
sample,16384,128,tile8,25,523648
sample,16384,128,tile8,26,521878
sample,16384,128,tile8,27,515314
sample,16384,128,tile8,28,519387
sample,16384,128,tile8,29,517962
measured,16384,512,vec4,1048576,4194304,5,30,14,638146,652925,08b87a1ca99fa7b8,cc66b7b8fae87df4,none,none
sample,16384,512,vec4,0,663424
sample,16384,512,vec4,1,638146
sample,16384,512,vec4,2,635749
sample,16384,512,vec4,3,648600
sample,16384,512,vec4,4,643165
sample,16384,512,vec4,5,634220
sample,16384,512,vec4,6,640943
sample,16384,512,vec4,7,632702
sample,16384,512,vec4,8,652925
sample,16384,512,vec4,9,644405
sample,16384,512,vec4,10,650053
sample,16384,512,vec4,11,637757
sample,16384,512,vec4,12,642748
sample,16384,512,vec4,13,628878
sample,16384,512,vec4,14,639304
sample,16384,512,vec4,15,649768
sample,16384,512,vec4,16,642572
sample,16384,512,vec4,17,634563
sample,16384,512,vec4,18,631479
sample,16384,512,vec4,19,629129
sample,16384,512,vec4,20,636813
sample,16384,512,vec4,21,633443
sample,16384,512,vec4,22,643636
sample,16384,512,vec4,23,641692
sample,16384,512,vec4,24,633646
sample,16384,512,vec4,25,634666
sample,16384,512,vec4,26,632664
sample,16384,512,vec4,27,639758
sample,16384,512,vec4,28,625166
sample,16384,512,vec4,29,638276
measured,16384,512,fused2,1048576,4194304,5,30,13,601545,621951,08b87a1ca99fa7b8,cc66b7b8fae87df4,none,none
sample,16384,512,fused2,0,601545
sample,16384,512,fused2,1,600286
sample,16384,512,fused2,2,605990
sample,16384,512,fused2,3,607109
sample,16384,512,fused2,4,600786
sample,16384,512,fused2,5,599822
sample,16384,512,fused2,6,602915
sample,16384,512,fused2,7,609582
sample,16384,512,fused2,8,595231
sample,16384,512,fused2,9,625183
sample,16384,512,fused2,10,599044
sample,16384,512,fused2,11,601933
sample,16384,512,fused2,12,603406
sample,16384,512,fused2,13,609026
sample,16384,512,fused2,14,601294
sample,16384,512,fused2,15,605035
sample,16384,512,fused2,16,607220
sample,16384,512,fused2,17,600192
sample,16384,512,fused2,18,621951
sample,16384,512,fused2,19,596368
sample,16384,512,fused2,20,595952
sample,16384,512,fused2,21,600230
sample,16384,512,fused2,22,600480
sample,16384,512,fused2,23,593285
sample,16384,512,fused2,24,600489
sample,16384,512,fused2,25,615091
sample,16384,512,fused2,26,598655
sample,16384,512,fused2,27,604553
sample,16384,512,fused2,28,605072
sample,16384,512,fused2,29,617211
measured,16384,512,tile8,1048576,4194304,5,30,12,629461,648711,08b87a1ca99fa7b8,cc66b7b8fae87df4,none,none
sample,16384,512,tile8,0,630591
sample,16384,512,tile8,1,624943
sample,16384,512,tile8,2,633211
sample,16384,512,tile8,3,628285
sample,16384,512,tile8,4,627369
sample,16384,512,tile8,5,632359
sample,16384,512,tile8,6,632720
sample,16384,512,tile8,7,652729
sample,16384,512,tile8,8,621192
sample,16384,512,tile8,9,630887
sample,16384,512,tile8,10,622230
sample,16384,512,tile8,11,626933
sample,16384,512,tile8,12,626276
sample,16384,512,tile8,13,624035
sample,16384,512,tile8,14,640665
sample,16384,512,tile8,15,623572
sample,16384,512,tile8,16,621267
sample,16384,512,tile8,17,625248
sample,16384,512,tile8,18,631692
sample,16384,512,tile8,19,625822
sample,16384,512,tile8,20,631063
sample,16384,512,tile8,21,629461
sample,16384,512,tile8,22,648711
sample,16384,512,tile8,23,631498
sample,16384,512,tile8,24,632007
sample,16384,512,tile8,25,632185
sample,16384,512,tile8,26,634924
sample,16384,512,tile8,27,628396
sample,16384,512,tile8,28,635128
sample,16384,512,tile8,29,617091
measured,16384,2048,vec4,4194304,16777216,5,30,14,843080,870127,6be3b72c15a212b9,3199380bd5011e6c,none,none
sample,16384,2048,vec4,0,829571
sample,16384,2048,vec4,1,836951
sample,16384,2048,vec4,2,843080
sample,16384,2048,vec4,3,847164
sample,16384,2048,vec4,4,847664
sample,16384,2048,vec4,5,855646
sample,16384,2048,vec4,6,843136
sample,16384,2048,vec4,7,844774
sample,16384,2048,vec4,8,768192
sample,16384,2048,vec4,9,865025
sample,16384,2048,vec4,10,848960
sample,16384,2048,vec4,11,841229
sample,16384,2048,vec4,12,893460
sample,16384,2048,vec4,13,830748
sample,16384,2048,vec4,14,840710
sample,16384,2048,vec4,15,839784
sample,16384,2048,vec4,16,869553
sample,16384,2048,vec4,17,834016
sample,16384,2048,vec4,18,830516
sample,16384,2048,vec4,19,855117
sample,16384,2048,vec4,20,842090
sample,16384,2048,vec4,21,841377
sample,16384,2048,vec4,22,841156
sample,16384,2048,vec4,23,838489
sample,16384,2048,vec4,24,843526
sample,16384,2048,vec4,25,849887
sample,16384,2048,vec4,26,870127
sample,16384,2048,vec4,27,861165
sample,16384,2048,vec4,28,836414
sample,16384,2048,vec4,29,849100
measured,16384,2048,fused2,4194304,16777216,5,30,13,797664,834886,6be3b72c15a212b9,3199380bd5011e6c,none,none
sample,16384,2048,fused2,0,796646
sample,16384,2048,fused2,1,808256
sample,16384,2048,fused2,2,803923
sample,16384,2048,fused2,3,809721
sample,16384,2048,fused2,4,796303
sample,16384,2048,fused2,5,804684
sample,16384,2048,fused2,6,794349
sample,16384,2048,fused2,7,791377
sample,16384,2048,fused2,8,793422
sample,16384,2048,fused2,9,837507
sample,16384,2048,fused2,10,794517
sample,16384,2048,fused2,11,794182
sample,16384,2048,fused2,12,797256
sample,16384,2048,fused2,13,797988
sample,16384,2048,fused2,14,800738
sample,16384,2048,fused2,15,827341
sample,16384,2048,fused2,16,812581
sample,16384,2048,fused2,17,796478
sample,16384,2048,fused2,18,791331
sample,16384,2048,fused2,19,803219
sample,16384,2048,fused2,20,802052
sample,16384,2048,fused2,21,794619
sample,16384,2048,fused2,22,796507
sample,16384,2048,fused2,23,793359
sample,16384,2048,fused2,24,805461
sample,16384,2048,fused2,25,797664
sample,16384,2048,fused2,26,794461
sample,16384,2048,fused2,27,815794
sample,16384,2048,fused2,28,834886
sample,16384,2048,fused2,29,806258
measured,16384,2048,tile8,4194304,16777216,5,30,12,1003349,1026784,6be3b72c15a212b9,3199380bd5011e6c,none,none
sample,16384,2048,tile8,0,1002321
sample,16384,2048,tile8,1,1008858
sample,16384,2048,tile8,2,1003108
sample,16384,2048,tile8,3,1005155
sample,16384,2048,tile8,4,1006997
sample,16384,2048,tile8,5,1011025
sample,16384,2048,tile8,6,1012127
sample,16384,2048,tile8,7,1002580
sample,16384,2048,tile8,8,932154
sample,16384,2048,tile8,9,1039562
sample,16384,2048,tile8,10,1005376
sample,16384,2048,tile8,11,998997
sample,16384,2048,tile8,12,997274
sample,16384,2048,tile8,13,992487
sample,16384,2048,tile8,14,1026784
sample,16384,2048,tile8,15,1021404
sample,16384,2048,tile8,16,993590
sample,16384,2048,tile8,17,1005284
sample,16384,2048,tile8,18,1002720
sample,16384,2048,tile8,19,1007663
sample,16384,2048,tile8,20,1001932
sample,16384,2048,tile8,21,1012016
sample,16384,2048,tile8,22,998098
sample,16384,2048,tile8,23,991182
sample,16384,2048,tile8,24,1000720
sample,16384,2048,tile8,25,997395
sample,16384,2048,tile8,26,1004526
sample,16384,2048,tile8,27,1019701
sample,16384,2048,tile8,28,1003349
sample,16384,2048,tile8,29,1026590
measured,65536,128,vec4,1048576,4194304,5,30,16,723045,902608,9ec0db29a14c575b,4098921c6b362ecd,none,none
sample,65536,128,vec4,0,902608
sample,65536,128,vec4,1,895941
sample,65536,128,vec4,2,727971
sample,65536,128,vec4,3,746561
sample,65536,128,vec4,4,715230
sample,65536,128,vec4,5,741507
sample,65536,128,vec4,6,723647
sample,65536,128,vec4,7,719868
sample,65536,128,vec4,8,726969
sample,65536,128,vec4,9,734665
sample,65536,128,vec4,10,715997
sample,65536,128,vec4,11,718405
sample,65536,128,vec4,12,718330
sample,65536,128,vec4,13,728951
sample,65536,128,vec4,14,1084894
sample,65536,128,vec4,15,722618
sample,65536,128,vec4,16,714127
sample,65536,128,vec4,17,727433
sample,65536,128,vec4,18,723045
sample,65536,128,vec4,19,725739
sample,65536,128,vec4,20,716109
sample,65536,128,vec4,21,727489
sample,65536,128,vec4,22,717313
sample,65536,128,vec4,23,717591
sample,65536,128,vec4,24,730128
sample,65536,128,vec4,25,714044
sample,65536,128,vec4,26,717721
sample,65536,128,vec4,27,792572
sample,65536,128,vec4,28,718248
sample,65536,128,vec4,29,714471
measured,65536,128,fused2,1048576,4194304,5,30,15,700684,905470,9ec0db29a14c575b,4098921c6b362ecd,none,none
sample,65536,128,fused2,0,905470
sample,65536,128,fused2,1,877080
sample,65536,128,fused2,2,717619
sample,65536,128,fused2,3,698470
sample,65536,128,fused2,4,691961
sample,65536,128,fused2,5,689415
sample,65536,128,fused2,6,691580
sample,65536,128,fused2,7,688664
sample,65536,128,fused2,8,701414
sample,65536,128,fused2,9,980978
sample,65536,128,fused2,10,706359
sample,65536,128,fused2,11,699563
sample,65536,128,fused2,12,692322
sample,65536,128,fused2,13,715895
sample,65536,128,fused2,14,712646
sample,65536,128,fused2,15,713619
sample,65536,128,fused2,16,697275
sample,65536,128,fused2,17,689693
sample,65536,128,fused2,18,700684
sample,65536,128,fused2,19,691331
sample,65536,128,fused2,20,691294
sample,65536,128,fused2,21,705951
sample,65536,128,fused2,22,754933
sample,65536,128,fused2,23,701683
sample,65536,128,fused2,24,702452
sample,65536,128,fused2,25,701738
sample,65536,128,fused2,26,695618
sample,65536,128,fused2,27,702230
sample,65536,128,fused2,28,696720
sample,65536,128,fused2,29,692656
measured,65536,128,tile8,1048576,4194304,5,30,14,708757,888275,9ec0db29a14c575b,4098921c6b362ecd,none,none
sample,65536,128,tile8,0,888275
sample,65536,128,tile8,1,890868
sample,65536,128,tile8,2,705137
sample,65536,128,tile8,3,708507
sample,65536,128,tile8,4,710461
sample,65536,128,tile8,5,697860
sample,65536,128,tile8,6,704572
sample,65536,128,tile8,7,701711
sample,65536,128,tile8,8,731470
sample,65536,128,tile8,9,743054
sample,65536,128,tile8,10,718007
sample,65536,128,tile8,11,699896
sample,65536,128,tile8,12,718674
sample,65536,128,tile8,13,712628
sample,65536,128,tile8,14,832424
sample,65536,128,tile8,15,705090
sample,65536,128,tile8,16,708757
sample,65536,128,tile8,17,697164
sample,65536,128,tile8,18,709378
sample,65536,128,tile8,19,723914
sample,65536,128,tile8,20,704211
sample,65536,128,tile8,21,702934
sample,65536,128,tile8,22,705665
sample,65536,128,tile8,23,718628
sample,65536,128,tile8,24,707776
sample,65536,128,tile8,25,712387
sample,65536,128,tile8,26,708404
sample,65536,128,tile8,27,748266
sample,65536,128,tile8,28,705220
sample,65536,128,tile8,29,715655
measured,65536,512,vec4,4194304,16777216,5,30,16,959404,996459,84d06402da633040,29115d73667dee45,none,none
sample,65536,512,vec4,0,996459
sample,65536,512,vec4,1,949127
sample,65536,512,vec4,2,964155
sample,65536,512,vec4,3,961906
sample,65536,512,vec4,4,974802
sample,65536,512,vec4,5,976506
sample,65536,512,vec4,6,951247
sample,65536,512,vec4,7,960932
sample,65536,512,vec4,8,960349
sample,65536,512,vec4,9,990303
sample,65536,512,vec4,10,950368
sample,65536,512,vec4,11,947655
sample,65536,512,vec4,12,947923
sample,65536,512,vec4,13,963822
sample,65536,512,vec4,14,963987
sample,65536,512,vec4,15,955969
sample,65536,512,vec4,16,1004247
sample,65536,512,vec4,17,956275
sample,65536,512,vec4,18,959164
sample,65536,512,vec4,19,959404
sample,65536,512,vec4,20,955089
sample,65536,512,vec4,21,956145
sample,65536,512,vec4,22,961683
sample,65536,512,vec4,23,950589
sample,65536,512,vec4,24,954350
sample,65536,512,vec4,25,955192
sample,65536,512,vec4,26,975636
sample,65536,512,vec4,27,987988
sample,65536,512,vec4,28,947404
sample,65536,512,vec4,29,969840
measured,65536,512,fused2,4194304,16777216,5,30,15,919896,947997,84d06402da633040,29115d73667dee45,none,none
sample,65536,512,fused2,0,919859
sample,65536,512,fused2,1,922433
sample,65536,512,fused2,2,936413
sample,65536,512,fused2,3,921572
sample,65536,512,fused2,4,909794
sample,65536,512,fused2,5,930525
sample,65536,512,fused2,6,916812
sample,65536,512,fused2,7,925442
sample,65536,512,fused2,8,915543
sample,65536,512,fused2,9,919896
sample,65536,512,fused2,10,916757
sample,65536,512,fused2,11,913487
sample,65536,512,fused2,12,926052
sample,65536,512,fused2,13,920063
sample,65536,512,fused2,14,924645
sample,65536,512,fused2,15,921062
sample,65536,512,fused2,16,947997
sample,65536,512,fused2,17,911775
sample,65536,512,fused2,18,926469
sample,65536,512,fused2,19,935331
sample,65536,512,fused2,20,922636
sample,65536,512,fused2,21,960682
sample,65536,512,fused2,22,916840
sample,65536,512,fused2,23,924515
sample,65536,512,fused2,24,918275
sample,65536,512,fused2,25,918414
sample,65536,512,fused2,26,917553
sample,65536,512,fused2,27,912738
sample,65536,512,fused2,28,912034
sample,65536,512,fused2,29,917693
measured,65536,512,tile8,4194304,16777216,5,30,14,1107839,1150303,84d06402da633040,29115d73667dee45,none,none
sample,65536,512,tile8,0,1097071
sample,65536,512,tile8,1,1108339
sample,65536,512,tile8,2,1102858
sample,65536,512,tile8,3,1107839
sample,65536,512,tile8,4,1129627
sample,65536,512,tile8,5,1095747
sample,65536,512,tile8,6,1099349
sample,65536,512,tile8,7,1110136
sample,65536,512,tile8,8,1121080
sample,65536,512,tile8,9,1108386
sample,65536,512,tile8,10,1130803
sample,65536,512,tile8,11,1157543
sample,65536,512,tile8,12,1111701
sample,65536,512,tile8,13,1105655
sample,65536,512,tile8,14,1105191
sample,65536,512,tile8,15,1150303
sample,65536,512,tile8,16,1100617
sample,65536,512,tile8,17,1103302
sample,65536,512,tile8,18,1123367
sample,65536,512,tile8,19,1107636
sample,65536,512,tile8,20,1136181
sample,65536,512,tile8,21,1094460
sample,65536,512,tile8,22,1119867
sample,65536,512,tile8,23,1107903
sample,65536,512,tile8,24,1094987
sample,65536,512,tile8,25,1107043
sample,65536,512,tile8,26,1137497
sample,65536,512,tile8,27,1089293
sample,65536,512,tile8,28,1104608
sample,65536,512,tile8,29,1108368
skipped_limit,65536,2048,vec4,16777216,67108864,NA,NA,NA,NA,NA,NA,NA,cohort_dispatch_limit,none
skipped_limit,65536,2048,fused2,16777216,67108864,NA,NA,NA,NA,NA,NA,NA,cohort_dispatch_limit,none
skipped_limit,65536,2048,tile8,16777216,67108864,NA,NA,NA,NA,NA,NA,NA,cohort_dispatch_limit,none
measured,262144,128,vec4,4194304,16777216,5,30,18,1249626,1288848,603e59446e81431f,99960c282a7f4ca5,none,none
sample,262144,128,vec4,0,1273283
sample,262144,128,vec4,1,1282413
sample,262144,128,vec4,2,1263654
sample,262144,128,vec4,3,1259227
sample,262144,128,vec4,4,1288848
sample,262144,128,vec4,5,1254794
sample,262144,128,vec4,6,1305644
sample,262144,128,vec4,7,1275311
sample,262144,128,vec4,8,1273932
sample,262144,128,vec4,9,1252552
sample,262144,128,vec4,10,1249626
sample,262144,128,vec4,11,1261070
sample,262144,128,vec4,12,1274932
sample,262144,128,vec4,13,1284821
sample,262144,128,vec4,14,1252773
sample,262144,128,vec4,15,1274385
sample,262144,128,vec4,16,1093219
sample,262144,128,vec4,17,1086793
sample,262144,128,vec4,18,1092590
sample,262144,128,vec4,19,1114451
sample,262144,128,vec4,20,965952
sample,262144,128,vec4,21,966906
sample,262144,128,vec4,22,1003506
sample,262144,128,vec4,23,965896
sample,262144,128,vec4,24,973387
sample,262144,128,vec4,25,969108
sample,262144,128,vec4,26,936506
sample,262144,128,vec4,27,895590
sample,262144,128,vec4,28,891090
sample,262144,128,vec4,29,940803
measured,262144,128,fused2,4194304,16777216,5,30,17,1244191,1286394,603e59446e81431f,99960c282a7f4ca5,none,none
sample,262144,128,fused2,0,1253968
sample,262144,128,fused2,1,1248996
sample,262144,128,fused2,2,1286394
sample,262144,128,fused2,3,1266081
sample,262144,128,fused2,4,1253144
sample,262144,128,fused2,5,1248302
sample,262144,128,fused2,6,1244191
sample,262144,128,fused2,7,1269607
sample,262144,128,fused2,8,1255265
sample,262144,128,fused2,9,1269562
sample,262144,128,fused2,10,1270218
sample,262144,128,fused2,11,1263440
sample,262144,128,fused2,12,1263153
sample,262144,128,fused2,13,1251756
sample,262144,128,fused2,14,1300635
sample,262144,128,fused2,15,1268857
sample,262144,128,fused2,16,1087164
sample,262144,128,fused2,17,1097673
sample,262144,128,fused2,18,1082043
sample,262144,128,fused2,19,1033673
sample,262144,128,fused2,20,959719
sample,262144,128,fused2,21,970544
sample,262144,128,fused2,22,970071
sample,262144,128,fused2,23,951821
sample,262144,128,fused2,24,964821
sample,262144,128,fused2,25,985348
sample,262144,128,fused2,26,997654
sample,262144,128,fused2,27,883265
sample,262144,128,fused2,28,881369
sample,262144,128,fused2,29,906868
measured,262144,128,tile8,4194304,16777216,5,30,16,1382182,1409783,603e59446e81431f,99960c282a7f4ca5,none,none
sample,262144,128,tile8,0,1383302
sample,262144,128,tile8,1,1397820
sample,262144,128,tile8,2,1388366
sample,262144,128,tile8,3,1397200
sample,262144,128,tile8,4,1396551
sample,262144,128,tile8,5,1399607
sample,262144,128,tile8,6,1389163
sample,262144,128,tile8,7,1402412
sample,262144,128,tile8,8,1402402
sample,262144,128,tile8,9,1382617
sample,262144,128,tile8,10,1415773
sample,262144,128,tile8,11,1397996
sample,262144,128,tile8,12,1392441
sample,262144,128,tile8,13,1378959
sample,262144,128,tile8,14,1382182
sample,262144,128,tile8,15,1396542
sample,262144,128,tile8,16,1409783
sample,262144,128,tile8,17,1244636
sample,262144,128,tile8,18,1228247
sample,262144,128,tile8,19,1233339
sample,262144,128,tile8,20,1070664
sample,262144,128,tile8,21,1084645
sample,262144,128,tile8,22,1066969
sample,262144,128,tile8,23,1058590
sample,262144,128,tile8,24,1064876
sample,262144,128,tile8,25,1066405
sample,262144,128,tile8,26,981684
sample,262144,128,tile8,27,966395
sample,262144,128,tile8,28,1003127
sample,262144,128,tile8,29,991459
skipped_limit,262144,512,vec4,16777216,67108864,NA,NA,NA,NA,NA,NA,NA,cohort_dispatch_limit,none
skipped_limit,262144,512,fused2,16777216,67108864,NA,NA,NA,NA,NA,NA,NA,cohort_dispatch_limit,none
skipped_limit,262144,512,tile8,16777216,67108864,NA,NA,NA,NA,NA,NA,NA,cohort_dispatch_limit,none
skipped_limit,262144,2048,vec4,67108864,268435456,NA,NA,NA,NA,NA,NA,NA,cohort_dispatch_limit,none
skipped_limit,262144,2048,fused2,67108864,268435456,NA,NA,NA,NA,NA,NA,NA,cohort_dispatch_limit,none
skipped_limit,262144,2048,tile8,67108864,268435456,NA,NA,NA,NA,NA,NA,NA,cohort_dispatch_limit,none
skipped_limit,1048576,128,vec4,16777216,67108864,NA,NA,NA,NA,NA,NA,NA,cohort_dispatch_limit,none
skipped_limit,1048576,128,fused2,16777216,67108864,NA,NA,NA,NA,NA,NA,NA,cohort_dispatch_limit,none
skipped_limit,1048576,128,tile8,16777216,67108864,NA,NA,NA,NA,NA,NA,NA,cohort_dispatch_limit,none
skipped_limit,1048576,512,vec4,67108864,268435456,NA,NA,NA,NA,NA,NA,NA,cohort_dispatch_limit,none
skipped_limit,1048576,512,fused2,67108864,268435456,NA,NA,NA,NA,NA,NA,NA,cohort_dispatch_limit,none
skipped_limit,1048576,512,tile8,67108864,268435456,NA,NA,NA,NA,NA,NA,NA,cohort_dispatch_limit,none
skipped_limit,1048576,2048,vec4,268435456,1073741824,NA,NA,NA,NA,NA,NA,NA,cohort_dispatch_limit,none
skipped_limit,1048576,2048,fused2,268435456,1073741824,NA,NA,NA,NA,NA,NA,NA,cohort_dispatch_limit,none
skipped_limit,1048576,2048,tile8,268435456,1073741824,NA,NA,NA,NA,NA,NA,NA,cohort_dispatch_limit,none
qualification_status=complete
