benchmark=pvp3d_three_candidate_same_device
source_revision=2fc5ad2ca4f5c27e2b1fdbb0ed328e6820e273af
explicit_map_transition=true
adapter=NVIDIA Tegra NVIDIA Thor
backend=Vulkan
device_type=IntegratedGpu
vendor_id=4318
device_id=11008
driver=NVIDIA
driver_info=580.00
hardware_measurement_eligible=true
physical_admission=external_remoteops_evidence_required
performance_claim=none
primary_timing_scope=resident_encode_plus_queue_submit_plus_device_wait
state_reset_scope=completed_before_timer
correctness_readback_scope=before_and_after_timing
candidate_order=ABC_ACB_BAC_BCA_CAB_CBA
resident_payload_scope=source_plus_three_states_excludes_driver_uniforms_and_readback
status,k,g,candidate,state_bytes,resident_payload_bytes,warmups,repeats,logical_dispatches,p50_ns,p95_ns,input_checksum,output_checksum,skip_reason,performance_claim
measured,256,128,vec4,4096,16384,5,30,8,233286,257119,4c67926a9205d7b4,956299587c8af4b4,none,none
sample,256,128,vec4,0,230064
sample,256,128,vec4,1,233961
sample,256,128,vec4,2,235222
sample,256,128,vec4,3,232999
sample,256,128,vec4,4,235306
sample,256,128,vec4,5,234666
sample,256,128,vec4,6,233675
sample,256,128,vec4,7,232055
sample,256,128,vec4,8,230842
sample,256,128,vec4,9,229064
sample,256,128,vec4,10,230481
sample,256,128,vec4,11,230342
sample,256,128,vec4,12,232741
sample,256,128,vec4,13,235342
sample,256,128,vec4,14,237212
sample,256,128,vec4,15,250434
sample,256,128,vec4,16,230027
sample,256,128,vec4,17,227407
sample,256,128,vec4,18,231888
sample,256,128,vec4,19,225934
sample,256,128,vec4,20,233286
sample,256,128,vec4,21,257119
sample,256,128,vec4,22,244045
sample,256,128,vec4,23,231406
sample,256,128,vec4,24,232084
sample,256,128,vec4,25,234925
sample,256,128,vec4,26,278517
sample,256,128,vec4,27,238240
sample,256,128,vec4,28,238925
sample,256,128,vec4,29,238731
measured,256,128,fused2,4096,16384,5,30,7,211036,241508,4c67926a9205d7b4,956299587c8af4b4,none,none
sample,256,128,fused2,0,209684
sample,256,128,fused2,1,210582
sample,256,128,fused2,2,214406
sample,256,128,fused2,3,212814
sample,256,128,fused2,4,213629
sample,256,128,fused2,5,208036
sample,256,128,fused2,6,209213
sample,256,128,fused2,7,211036
sample,256,128,fused2,8,207491
sample,256,128,fused2,9,212777
sample,256,128,fused2,10,214508
sample,256,128,fused2,11,210202
sample,256,128,fused2,12,211769
sample,256,128,fused2,13,210989
sample,256,128,fused2,14,209778
sample,256,128,fused2,15,241508
sample,256,128,fused2,16,222814
sample,256,128,fused2,17,204008
sample,256,128,fused2,18,208583
sample,256,128,fused2,19,208527
sample,256,128,fused2,20,206434
sample,256,128,fused2,21,228202
sample,256,128,fused2,22,214721
sample,256,128,fused2,23,204739
sample,256,128,fused2,24,210722
sample,256,128,fused2,25,214194
sample,256,128,fused2,26,380610
sample,256,128,fused2,27,221203
sample,256,128,fused2,28,214351
sample,256,128,fused2,29,216499
measured,256,128,tile8,4096,16384,5,30,6,188573,214017,4c67926a9205d7b4,956299587c8af4b4,none,none
sample,256,128,tile8,0,186519
sample,256,128,tile8,1,186814
sample,256,128,tile8,2,187556
sample,256,128,tile8,3,190777
sample,256,128,tile8,4,188722
sample,256,128,tile8,5,184712
sample,256,128,tile8,6,187389
sample,256,128,tile8,7,188509
sample,256,128,tile8,8,187898
sample,256,128,tile8,9,185888
sample,256,128,tile8,10,186296
sample,256,128,tile8,11,186592
sample,256,128,tile8,12,187212
sample,256,128,tile8,13,188722
sample,256,128,tile8,14,195758
sample,256,128,tile8,15,201323
sample,256,128,tile8,16,214017
sample,256,128,tile8,17,188741
sample,256,128,tile8,18,184546
sample,256,128,tile8,19,185454
sample,256,128,tile8,20,223833
sample,256,128,tile8,21,204434
sample,256,128,tile8,22,189055
sample,256,128,tile8,23,188573
sample,256,128,tile8,24,188203
sample,256,128,tile8,25,190768
sample,256,128,tile8,26,201444
sample,256,128,tile8,27,189934
sample,256,128,tile8,28,195232
sample,256,128,tile8,29,191175
measured,256,512,vec4,16384,65536,5,30,8,252046,293462,38bbe1f688e24d78,1c8bb372f8f1302e,none,none
sample,256,512,vec4,0,241342
sample,256,512,vec4,1,244546
sample,256,512,vec4,2,237685
sample,256,512,vec4,3,293462
sample,256,512,vec4,4,251741
sample,256,512,vec4,5,240611
sample,256,512,vec4,6,237703
sample,256,512,vec4,7,238278
sample,256,512,vec4,8,274045
sample,256,512,vec4,9,249749
sample,256,512,vec4,10,244500
sample,256,512,vec4,11,243148
sample,256,512,vec4,12,243508
sample,256,512,vec4,13,244500
sample,256,512,vec4,14,252046
sample,256,512,vec4,15,252130
sample,256,512,vec4,16,251518
sample,256,512,vec4,17,259675
sample,256,512,vec4,18,254814
sample,256,512,vec4,19,257184
sample,256,512,vec4,20,253397
sample,256,512,vec4,21,258286
sample,256,512,vec4,22,258240
sample,256,512,vec4,23,257731
sample,256,512,vec4,24,260823
sample,256,512,vec4,25,263083
sample,256,512,vec4,26,302712
sample,256,512,vec4,27,259138
sample,256,512,vec4,28,252008
sample,256,512,vec4,29,253907
measured,256,512,fused2,16384,65536,5,30,7,227100,298878,38bbe1f688e24d78,1c8bb372f8f1302e,none,none
sample,256,512,fused2,0,220425
sample,256,512,fused2,1,219444
sample,256,512,fused2,2,217157
sample,256,512,fused2,3,221129
sample,256,512,fused2,4,219028
sample,256,512,fused2,5,215046
sample,256,512,fused2,6,222017
sample,256,512,fused2,7,217351
sample,256,512,fused2,8,217870
sample,256,512,fused2,9,254943
sample,256,512,fused2,10,221092
sample,256,512,fused2,11,220231
sample,256,512,fused2,12,235694
sample,256,512,fused2,13,227100
sample,256,512,fused2,14,220730
sample,256,512,fused2,15,228267
sample,256,512,fused2,16,526859
sample,256,512,fused2,17,235536
sample,256,512,fused2,18,236980
sample,256,512,fused2,19,231110
sample,256,512,fused2,20,226471
sample,256,512,fused2,21,230333
sample,256,512,fused2,22,234768
sample,256,512,fused2,23,232092
sample,256,512,fused2,24,232953
sample,256,512,fused2,25,240083
sample,256,512,fused2,26,241472
sample,256,512,fused2,27,298878
sample,256,512,fused2,28,226971
sample,256,512,fused2,29,229073
measured,256,512,tile8,16384,65536,5,30,6,203749,224630,38bbe1f688e24d78,1c8bb372f8f1302e,none,none
sample,256,512,tile8,0,195787
sample,256,512,tile8,1,192463
sample,256,512,tile8,2,222314
sample,256,512,tile8,3,196749
sample,256,512,tile8,4,194241
sample,256,512,tile8,5,191435
sample,256,512,tile8,6,193324
sample,256,512,tile8,7,196897
sample,256,512,tile8,8,212370
sample,256,512,tile8,9,216221
sample,256,512,tile8,10,196426
sample,256,512,tile8,11,197629
sample,256,512,tile8,12,196898
sample,256,512,tile8,13,196658
sample,256,512,tile8,14,203887
sample,256,512,tile8,15,202944
sample,256,512,tile8,16,201760
sample,256,512,tile8,17,232045
sample,256,512,tile8,18,207814
sample,256,512,tile8,19,203749
sample,256,512,tile8,20,201176
sample,256,512,tile8,21,205815
sample,256,512,tile8,22,207268
sample,256,512,tile8,23,207036
sample,256,512,tile8,24,207351
sample,256,512,tile8,25,210259
sample,256,512,tile8,26,224630
sample,256,512,tile8,27,208824
sample,256,512,tile8,28,204860
sample,256,512,tile8,29,204592
measured,256,2048,vec4,65536,262144,5,30,8,280267,299823,c9e538e9f9dccedd,259153fc2c7bc4e7,none,none
sample,256,2048,vec4,0,263018
sample,256,2048,vec4,1,261897
sample,256,2048,vec4,2,272527
sample,256,2048,vec4,3,271944
sample,256,2048,vec4,4,278406
sample,256,2048,vec4,5,272073
sample,256,2048,vec4,6,272277
sample,256,2048,vec4,7,275879
sample,256,2048,vec4,8,274971
sample,256,2048,vec4,9,279851
sample,256,2048,vec4,10,279934
sample,256,2048,vec4,11,290230
sample,256,2048,vec4,12,309156
sample,256,2048,vec4,13,276981
sample,256,2048,vec4,14,274648
sample,256,2048,vec4,15,282888
sample,256,2048,vec4,16,285916
sample,256,2048,vec4,17,293360
sample,256,2048,vec4,18,280305
sample,256,2048,vec4,19,280203
sample,256,2048,vec4,20,280267
sample,256,2048,vec4,21,287767
sample,256,2048,vec4,22,289638
sample,256,2048,vec4,23,287721
sample,256,2048,vec4,24,292591
sample,256,2048,vec4,25,290990
sample,256,2048,vec4,26,294258
sample,256,2048,vec4,27,295712
sample,256,2048,vec4,28,299823
sample,256,2048,vec4,29,295796
measured,256,2048,fused2,65536,262144,5,30,7,251777,267370,c9e538e9f9dccedd,259153fc2c7bc4e7,none,none
sample,256,2048,fused2,0,237295
sample,256,2048,fused2,1,251777
sample,256,2048,fused2,2,247194
sample,256,2048,fused2,3,245722
sample,256,2048,fused2,4,246341
sample,256,2048,fused2,5,249082
sample,256,2048,fused2,6,242786
sample,256,2048,fused2,7,250647
sample,256,2048,fused2,8,248277
sample,256,2048,fused2,9,249684
sample,256,2048,fused2,10,254175
sample,256,2048,fused2,11,280962
sample,256,2048,fused2,12,250305
sample,256,2048,fused2,13,247379
sample,256,2048,fused2,14,246804
sample,256,2048,fused2,15,245878
sample,256,2048,fused2,16,255759
sample,256,2048,fused2,17,254314
sample,256,2048,fused2,18,252017
sample,256,2048,fused2,19,254027
sample,256,2048,fused2,20,251452
sample,256,2048,fused2,21,254638
sample,256,2048,fused2,22,263204
sample,256,2048,fused2,23,259009
sample,256,2048,fused2,24,260703
sample,256,2048,fused2,25,263406
sample,256,2048,fused2,26,263295
sample,256,2048,fused2,27,263036
sample,256,2048,fused2,28,267370
sample,256,2048,fused2,29,264175
measured,256,2048,tile8,65536,262144,5,30,6,229731,246138,c9e538e9f9dccedd,259153fc2c7bc4e7,none,none
sample,256,2048,tile8,0,218037
sample,256,2048,tile8,1,218731
sample,256,2048,tile8,2,232843
sample,256,2048,tile8,3,223852
sample,256,2048,tile8,4,223954
sample,256,2048,tile8,5,225547
sample,256,2048,tile8,6,224036
sample,256,2048,tile8,7,231471
sample,256,2048,tile8,8,227684
sample,256,2048,tile8,9,228676
sample,256,2048,tile8,10,231167
sample,256,2048,tile8,11,229731
sample,256,2048,tile8,12,231962
sample,256,2048,tile8,13,225999
sample,256,2048,tile8,14,229296
sample,256,2048,tile8,15,228360
sample,256,2048,tile8,16,228203
sample,256,2048,tile8,17,263888
sample,256,2048,tile8,18,226378
sample,256,2048,tile8,19,227555
sample,256,2048,tile8,20,235536
sample,256,2048,tile8,21,237592
sample,256,2048,tile8,22,238341
sample,256,2048,tile8,23,234917
sample,256,2048,tile8,24,238758
sample,256,2048,tile8,25,241647
sample,256,2048,tile8,26,241416
sample,256,2048,tile8,27,246138
sample,256,2048,tile8,28,243193
sample,256,2048,tile8,29,242611
measured,1024,128,vec4,16384,65536,5,30,10,389638,412387,26abf5bddd03bbc5,79acd556594188cd,none,none
sample,1024,128,vec4,0,369907
sample,1024,128,vec4,1,370638
sample,1024,128,vec4,2,377851
sample,1024,128,vec4,3,375035
sample,1024,128,vec4,4,377898
sample,1024,128,vec4,5,381249
sample,1024,128,vec4,6,379833
sample,1024,128,vec4,7,394749
sample,1024,128,vec4,8,380972
sample,1024,128,vec4,9,382777
sample,1024,128,vec4,10,392203
sample,1024,128,vec4,11,384054
sample,1024,128,vec4,12,385303
sample,1024,128,vec4,13,380239
sample,1024,128,vec4,14,389638
sample,1024,128,vec4,15,385832
sample,1024,128,vec4,16,382147
sample,1024,128,vec4,17,397942
sample,1024,128,vec4,18,397175
sample,1024,128,vec4,19,398407
sample,1024,128,vec4,20,397377
sample,1024,128,vec4,21,396036
sample,1024,128,vec4,22,397285
sample,1024,128,vec4,23,414129
sample,1024,128,vec4,24,396091
sample,1024,128,vec4,25,410184
sample,1024,128,vec4,26,401896
sample,1024,128,vec4,27,410555
sample,1024,128,vec4,28,412387
sample,1024,128,vec4,29,410544
measured,1024,128,fused2,16384,65536,5,30,9,358564,378953,26abf5bddd03bbc5,79acd556594188cd,none,none
sample,1024,128,fused2,0,347397
sample,1024,128,fused2,1,336322
sample,1024,128,fused2,2,341879
sample,1024,128,fused2,3,344823
sample,1024,128,fused2,4,351684
sample,1024,128,fused2,5,350582
sample,1024,128,fused2,6,350147
sample,1024,128,fused2,7,350731
sample,1024,128,fused2,8,346730
sample,1024,128,fused2,9,352331
sample,1024,128,fused2,10,358564
sample,1024,128,fused2,11,353897
sample,1024,128,fused2,12,346536
sample,1024,128,fused2,13,362527
sample,1024,128,fused2,14,356507
sample,1024,128,fused2,15,353230
sample,1024,128,fused2,16,359998
sample,1024,128,fused2,17,370360
sample,1024,128,fused2,18,366508
sample,1024,128,fused2,19,372268
sample,1024,128,fused2,20,363739
sample,1024,128,fused2,21,361638
sample,1024,128,fused2,22,375879
sample,1024,128,fused2,23,359814
sample,1024,128,fused2,24,368786
sample,1024,128,fused2,25,371581
sample,1024,128,fused2,26,371009
sample,1024,128,fused2,27,371647
sample,1024,128,fused2,28,378953
sample,1024,128,fused2,29,379416
measured,1024,128,tile8,16384,65536,5,30,8,317489,343277,26abf5bddd03bbc5,79acd556594188cd,none,none
sample,1024,128,tile8,0,305527
sample,1024,128,tile8,1,305027
sample,1024,128,tile8,2,312350
sample,1024,128,tile8,3,310129
sample,1024,128,tile8,4,315675
sample,1024,128,tile8,5,315953
sample,1024,128,tile8,6,316592
sample,1024,128,tile8,7,317527
sample,1024,128,tile8,8,317814
sample,1024,128,tile8,9,314888
sample,1024,128,tile8,10,315879
sample,1024,128,tile8,11,319657
sample,1024,128,tile8,12,315731
sample,1024,128,tile8,13,317489
sample,1024,128,tile8,14,312990
sample,1024,128,tile8,15,313768
sample,1024,128,tile8,16,316879
sample,1024,128,tile8,17,317361
sample,1024,128,tile8,18,328249
sample,1024,128,tile8,19,327712
sample,1024,128,tile8,20,324962
sample,1024,128,tile8,21,326785
sample,1024,128,tile8,22,328693
sample,1024,128,tile8,23,339064
sample,1024,128,tile8,24,332555
sample,1024,128,tile8,25,334990
sample,1024,128,tile8,26,333601
sample,1024,128,tile8,27,336276
sample,1024,128,tile8,28,343277
sample,1024,128,tile8,29,344498
measured,1024,512,vec4,65536,262144,5,30,10,416591,422776,0949b62ffc70d026,7663f0c9d3466943,none,none
sample,1024,512,vec4,0,419462
sample,1024,512,vec4,1,419359
sample,1024,512,vec4,2,409712
sample,1024,512,vec4,3,414379
sample,1024,512,vec4,4,420916
sample,1024,512,vec4,5,416628
sample,1024,512,vec4,6,417156
sample,1024,512,vec4,7,421490
sample,1024,512,vec4,8,407490
sample,1024,512,vec4,9,410553
sample,1024,512,vec4,10,420091
sample,1024,512,vec4,11,414091
sample,1024,512,vec4,12,416424
sample,1024,512,vec4,13,412952
sample,1024,512,vec4,14,411285
sample,1024,512,vec4,15,418924
sample,1024,512,vec4,16,414211
sample,1024,512,vec4,17,421859
sample,1024,512,vec4,18,416591
sample,1024,512,vec4,19,427785
sample,1024,512,vec4,20,420304
sample,1024,512,vec4,21,415665
sample,1024,512,vec4,22,416258
sample,1024,512,vec4,23,409452
sample,1024,512,vec4,24,412767
sample,1024,512,vec4,25,422776
sample,1024,512,vec4,26,417776
sample,1024,512,vec4,27,420832
sample,1024,512,vec4,28,416574
sample,1024,512,vec4,29,422323
measured,1024,512,fused2,65536,262144,5,30,9,381675,386729,0949b62ffc70d026,7663f0c9d3466943,none,none
sample,1024,512,fused2,0,383554
sample,1024,512,fused2,1,384971
sample,1024,512,fused2,2,375508
sample,1024,512,fused2,3,377267
sample,1024,512,fused2,4,386729
sample,1024,512,fused2,5,383249
sample,1024,512,fused2,6,384666
sample,1024,512,fused2,7,380721
sample,1024,512,fused2,8,376944
sample,1024,512,fused2,9,380414
sample,1024,512,fused2,10,383610
sample,1024,512,fused2,11,380369
sample,1024,512,fused2,12,386601
sample,1024,512,fused2,13,379953
sample,1024,512,fused2,14,373296
sample,1024,512,fused2,15,377572
sample,1024,512,fused2,16,376128
sample,1024,512,fused2,17,381063
sample,1024,512,fused2,18,388692
sample,1024,512,fused2,19,382202
sample,1024,512,fused2,20,382221
sample,1024,512,fused2,21,385184
sample,1024,512,fused2,22,377824
sample,1024,512,fused2,23,376518
sample,1024,512,fused2,24,375129
sample,1024,512,fused2,25,383814
sample,1024,512,fused2,26,381675
sample,1024,512,fused2,27,386657
sample,1024,512,fused2,28,383609
sample,1024,512,fused2,29,385110
measured,1024,512,tile8,65536,262144,5,30,8,350822,358479,0949b62ffc70d026,7663f0c9d3466943,none,none
sample,1024,512,tile8,0,350666
sample,1024,512,tile8,1,346536
sample,1024,512,tile8,2,347471
sample,1024,512,tile8,3,346424
sample,1024,512,tile8,4,354212
sample,1024,512,tile8,5,351045
sample,1024,512,tile8,6,350517
sample,1024,512,tile8,7,353647
sample,1024,512,tile8,8,343906
sample,1024,512,tile8,9,347638
sample,1024,512,tile8,10,344990
sample,1024,512,tile8,11,351628
sample,1024,512,tile8,12,355535
sample,1024,512,tile8,13,351230
sample,1024,512,tile8,14,347323
sample,1024,512,tile8,15,401239
sample,1024,512,tile8,16,349008
sample,1024,512,tile8,17,349203
sample,1024,512,tile8,18,352628
sample,1024,512,tile8,19,349240
sample,1024,512,tile8,20,352916
sample,1024,512,tile8,21,350600
sample,1024,512,tile8,22,358479
sample,1024,512,tile8,23,351703
sample,1024,512,tile8,24,347526
sample,1024,512,tile8,25,353953
sample,1024,512,tile8,26,354638
sample,1024,512,tile8,27,351869
sample,1024,512,tile8,28,350822
sample,1024,512,tile8,29,352888
measured,1024,2048,vec4,262144,1048576,5,30,10,421934,429212,2d4a1c573b9665e7,d32c613321b43c7f,none,none
sample,1024,2048,vec4,0,416379
sample,1024,2048,vec4,1,423295
sample,1024,2048,vec4,2,429138
sample,1024,2048,vec4,3,435499
sample,1024,2048,vec4,4,422119
sample,1024,2048,vec4,5,419016
sample,1024,2048,vec4,6,424508
sample,1024,2048,vec4,7,423749
sample,1024,2048,vec4,8,413174
sample,1024,2048,vec4,9,424582
sample,1024,2048,vec4,10,421869
sample,1024,2048,vec4,11,429212
sample,1024,2048,vec4,12,423433
sample,1024,2048,vec4,13,420832
sample,1024,2048,vec4,14,415657
sample,1024,2048,vec4,15,422990
sample,1024,2048,vec4,16,421934
sample,1024,2048,vec4,17,423888
sample,1024,2048,vec4,18,418776
sample,1024,2048,vec4,19,419461
sample,1024,2048,vec4,20,417924
sample,1024,2048,vec4,21,424665
sample,1024,2048,vec4,22,419480
sample,1024,2048,vec4,23,423462
sample,1024,2048,vec4,24,427526
sample,1024,2048,vec4,25,421573
sample,1024,2048,vec4,26,426527
sample,1024,2048,vec4,27,417082
sample,1024,2048,vec4,28,419814
sample,1024,2048,vec4,29,421397
measured,1024,2048,fused2,262144,1048576,5,30,9,386915,392323,2d4a1c573b9665e7,d32c613321b43c7f,none,none
sample,1024,2048,fused2,0,380980
sample,1024,2048,fused2,1,390295
sample,1024,2048,fused2,2,391257
sample,1024,2048,fused2,3,388166
sample,1024,2048,fused2,4,387240
sample,1024,2048,fused2,5,387554
sample,1024,2048,fused2,6,385184
sample,1024,2048,fused2,7,380239
sample,1024,2048,fused2,8,385693
sample,1024,2048,fused2,9,387490
sample,1024,2048,fused2,10,388684
sample,1024,2048,fused2,11,387721
sample,1024,2048,fused2,12,390694
sample,1024,2048,fused2,13,382925
sample,1024,2048,fused2,14,384877
sample,1024,2048,fused2,15,403481
sample,1024,2048,fused2,16,384378
sample,1024,2048,fused2,17,386915
sample,1024,2048,fused2,18,385443
sample,1024,2048,fused2,19,380081
sample,1024,2048,fused2,20,383758
sample,1024,2048,fused2,21,388304
sample,1024,2048,fused2,22,388962
sample,1024,2048,fused2,23,388388
sample,1024,2048,fused2,24,391647
sample,1024,2048,fused2,25,386563
sample,1024,2048,fused2,26,384907
sample,1024,2048,fused2,27,385277
sample,1024,2048,fused2,28,382127
sample,1024,2048,fused2,29,392323
measured,1024,2048,tile8,262144,1048576,5,30,8,366971,375017,2d4a1c573b9665e7,d32c613321b43c7f,none,none
sample,1024,2048,tile8,0,376796
sample,1024,2048,tile8,1,371869
sample,1024,2048,tile8,2,366998
sample,1024,2048,tile8,3,366887
sample,1024,2048,tile8,4,370100
sample,1024,2048,tile8,5,369675
sample,1024,2048,tile8,6,369259
sample,1024,2048,tile8,7,364424
sample,1024,2048,tile8,8,364962
sample,1024,2048,tile8,9,373629
sample,1024,2048,tile8,10,368268
sample,1024,2048,tile8,11,372749
sample,1024,2048,tile8,12,363258
sample,1024,2048,tile8,13,365535
sample,1024,2048,tile8,14,363415
sample,1024,2048,tile8,15,370591
sample,1024,2048,tile8,16,369359
sample,1024,2048,tile8,17,367101
sample,1024,2048,tile8,18,362175
sample,1024,2048,tile8,19,366888
sample,1024,2048,tile8,20,375017
sample,1024,2048,tile8,21,369101
sample,1024,2048,tile8,22,365768
sample,1024,2048,tile8,23,366971
sample,1024,2048,tile8,24,364971
sample,1024,2048,tile8,25,364212
sample,1024,2048,tile8,26,368405
sample,1024,2048,tile8,27,359397
sample,1024,2048,tile8,28,366277
sample,1024,2048,tile8,29,362990
measured,4096,128,vec4,65536,262144,5,30,12,487619,502453,d878e557b6daedce,8cc85ceb09c8efed,none,none
sample,4096,128,vec4,0,489165
sample,4096,128,vec4,1,483905
sample,4096,128,vec4,2,487138
sample,4096,128,vec4,3,502453
sample,4096,128,vec4,4,483081
sample,4096,128,vec4,5,485027
sample,4096,128,vec4,6,491063
sample,4096,128,vec4,7,492304
sample,4096,128,vec4,8,496118
sample,4096,128,vec4,9,491295
sample,4096,128,vec4,10,491183
sample,4096,128,vec4,11,490276
sample,4096,128,vec4,12,488295
sample,4096,128,vec4,13,489296
sample,4096,128,vec4,14,485601
sample,4096,128,vec4,15,483332
sample,4096,128,vec4,16,485016
sample,4096,128,vec4,17,483369
sample,4096,128,vec4,18,482331
sample,4096,128,vec4,19,510591
sample,4096,128,vec4,20,487619
sample,4096,128,vec4,21,500684
sample,4096,128,vec4,22,492526
sample,4096,128,vec4,23,491675
sample,4096,128,vec4,24,485194
sample,4096,128,vec4,25,481147
sample,4096,128,vec4,26,481258
sample,4096,128,vec4,27,479545
sample,4096,128,vec4,28,480287
sample,4096,128,vec4,29,494833
measured,4096,128,fused2,65536,262144,5,30,11,456322,467814,d878e557b6daedce,8cc85ceb09c8efed,none,none
sample,4096,128,fused2,0,457721
sample,4096,128,fused2,1,449340
sample,4096,128,fused2,2,448155
sample,4096,128,fused2,3,453332
sample,4096,128,fused2,4,450767
sample,4096,128,fused2,5,448287
sample,4096,128,fused2,6,472590
sample,4096,128,fused2,7,462628
sample,4096,128,fused2,8,455712
sample,4096,128,fused2,9,464388
sample,4096,128,fused2,10,457378
sample,4096,128,fused2,11,465174
sample,4096,128,fused2,12,459934
sample,4096,128,fused2,13,456322
sample,4096,128,fused2,14,464212
sample,4096,128,fused2,15,450507
sample,4096,128,fused2,16,458907
sample,4096,128,fused2,17,450193
sample,4096,128,fused2,18,444859
sample,4096,128,fused2,19,458971
sample,4096,128,fused2,20,455146
sample,4096,128,fused2,21,456341
sample,4096,128,fused2,22,460564
sample,4096,128,fused2,23,461609
sample,4096,128,fused2,24,456314
sample,4096,128,fused2,25,448795
sample,4096,128,fused2,26,446294
sample,4096,128,fused2,27,457415
sample,4096,128,fused2,28,451934
sample,4096,128,fused2,29,467814
measured,4096,128,tile8,65536,262144,5,30,10,423942,432638,d878e557b6daedce,8cc85ceb09c8efed,none,none
sample,4096,128,tile8,0,423942
sample,4096,128,tile8,1,420193
sample,4096,128,tile8,2,421768
sample,4096,128,tile8,3,421462
sample,4096,128,tile8,4,430738
sample,4096,128,tile8,5,418146
sample,4096,128,tile8,6,425444
sample,4096,128,tile8,7,425942
sample,4096,128,tile8,8,432638
sample,4096,128,tile8,9,431044
sample,4096,128,tile8,10,425536
sample,4096,128,tile8,11,427508
sample,4096,128,tile8,12,424230
sample,4096,128,tile8,13,423916
sample,4096,128,tile8,14,419202
sample,4096,128,tile8,15,421601
sample,4096,128,tile8,16,419258
sample,4096,128,tile8,17,424655
sample,4096,128,tile8,18,421981
sample,4096,128,tile8,19,426508
sample,4096,128,tile8,20,424064
sample,4096,128,tile8,21,425313
sample,4096,128,tile8,22,427147
sample,4096,128,tile8,23,429443
sample,4096,128,tile8,24,420304
sample,4096,128,tile8,25,415425
sample,4096,128,tile8,26,441193
sample,4096,128,tile8,27,421832
sample,4096,128,tile8,28,417257
sample,4096,128,tile8,29,419035
measured,4096,512,vec4,262144,1048576,5,30,12,498387,506702,07e875993970433c,207dceeda1be3f5b,none,none
sample,4096,512,vec4,0,502099
sample,4096,512,vec4,1,502749
sample,4096,512,vec4,2,490286
sample,4096,512,vec4,3,521703
sample,4096,512,vec4,4,498989
sample,4096,512,vec4,5,495100
sample,4096,512,vec4,6,506702
sample,4096,512,vec4,7,496729
sample,4096,512,vec4,8,500794
sample,4096,512,vec4,9,505461
sample,4096,512,vec4,10,497304
sample,4096,512,vec4,11,501508
sample,4096,512,vec4,12,501693
sample,4096,512,vec4,13,500156
sample,4096,512,vec4,14,488378
sample,4096,512,vec4,15,498387
sample,4096,512,vec4,16,493509
sample,4096,512,vec4,17,488777
sample,4096,512,vec4,18,495833
sample,4096,512,vec4,19,503990
sample,4096,512,vec4,20,500324
sample,4096,512,vec4,21,495655
sample,4096,512,vec4,22,495629
sample,4096,512,vec4,23,502907
sample,4096,512,vec4,24,505027
sample,4096,512,vec4,25,498758
sample,4096,512,vec4,26,490286
sample,4096,512,vec4,27,494842
sample,4096,512,vec4,28,494294
sample,4096,512,vec4,29,491868
measured,4096,512,fused2,262144,1048576,5,30,11,461387,473498,07e875993970433c,207dceeda1be3f5b,none,none
sample,4096,512,fused2,0,464970
sample,4096,512,fused2,1,461517
sample,4096,512,fused2,2,451045
sample,4096,512,fused2,3,453007
sample,4096,512,fused2,4,470257
sample,4096,512,fused2,5,463480
sample,4096,512,fused2,6,464527
sample,4096,512,fused2,7,455481
sample,4096,512,fused2,8,450675
sample,4096,512,fused2,9,462221
sample,4096,512,fused2,10,460211
sample,4096,512,fused2,11,463185
sample,4096,512,fused2,12,460943
sample,4096,512,fused2,13,461129
sample,4096,512,fused2,14,464425
sample,4096,512,fused2,15,460907
sample,4096,512,fused2,16,454629
sample,4096,512,fused2,17,458582
sample,4096,512,fused2,18,475146
sample,4096,512,fused2,19,462294
sample,4096,512,fused2,20,465127
sample,4096,512,fused2,21,461803
sample,4096,512,fused2,22,461887
sample,4096,512,fused2,23,460564
sample,4096,512,fused2,24,463878
sample,4096,512,fused2,25,473498
sample,4096,512,fused2,26,456915
sample,4096,512,fused2,27,461387
sample,4096,512,fused2,28,450425
sample,4096,512,fused2,29,452646
measured,4096,512,tile8,262144,1048576,5,30,10,441627,449739,07e875993970433c,207dceeda1be3f5b,none,none
sample,4096,512,tile8,0,449739
sample,4096,512,tile8,1,438721
sample,4096,512,tile8,2,443370
sample,4096,512,tile8,3,437582
sample,4096,512,tile8,4,444629
sample,4096,512,tile8,5,446526
sample,4096,512,tile8,6,436221
sample,4096,512,tile8,7,442998
sample,4096,512,tile8,8,442498
sample,4096,512,tile8,9,447980
sample,4096,512,tile8,10,445655
sample,4096,512,tile8,11,452472
sample,4096,512,tile8,12,444388
sample,4096,512,tile8,13,444803
sample,4096,512,tile8,14,440887
sample,4096,512,tile8,15,438740
sample,4096,512,tile8,16,446396
sample,4096,512,tile8,17,433415
sample,4096,512,tile8,18,449350
sample,4096,512,tile8,19,449351
sample,4096,512,tile8,20,443600
sample,4096,512,tile8,21,441498
sample,4096,512,tile8,22,440517
sample,4096,512,tile8,23,441627
sample,4096,512,tile8,24,440507
sample,4096,512,tile8,25,441092
sample,4096,512,tile8,26,437212
sample,4096,512,tile8,27,436369
sample,4096,512,tile8,28,436527
sample,4096,512,tile8,29,433147
measured,4096,2048,vec4,1048576,4194304,5,30,12,554609,564647,4143a88e49ed614b,e0842ad8f72c0c9f,none,none
sample,4096,2048,vec4,0,561758
sample,4096,2048,vec4,1,564628
sample,4096,2048,vec4,2,568359
sample,4096,2048,vec4,3,561712
sample,4096,2048,vec4,4,559933
sample,4096,2048,vec4,5,556183
sample,4096,2048,vec4,6,549239
sample,4096,2048,vec4,7,557758
sample,4096,2048,vec4,8,554609
sample,4096,2048,vec4,9,557275
sample,4096,2048,vec4,10,553665
sample,4096,2048,vec4,11,564647
sample,4096,2048,vec4,12,558257
sample,4096,2048,vec4,13,555776
sample,4096,2048,vec4,14,563841
sample,4096,2048,vec4,15,559314
sample,4096,2048,vec4,16,547961
sample,4096,2048,vec4,17,550960
sample,4096,2048,vec4,18,553322
sample,4096,2048,vec4,19,551582
sample,4096,2048,vec4,20,553017
sample,4096,2048,vec4,21,549480
sample,4096,2048,vec4,22,552591
sample,4096,2048,vec4,23,550924
sample,4096,2048,vec4,24,551572
sample,4096,2048,vec4,25,557174
sample,4096,2048,vec4,26,550896
sample,4096,2048,vec4,27,555831
sample,4096,2048,vec4,28,545462
sample,4096,2048,vec4,29,550147
measured,4096,2048,fused2,1048576,4194304,5,30,11,515627,533785,4143a88e49ed614b,e0842ad8f72c0c9f,none,none
sample,4096,2048,fused2,0,515627
sample,4096,2048,fused2,1,508405
sample,4096,2048,fused2,2,518054
sample,4096,2048,fused2,3,521007
sample,4096,2048,fused2,4,514961
sample,4096,2048,fused2,5,533785
sample,4096,2048,fused2,6,513378
sample,4096,2048,fused2,7,523507
sample,4096,2048,fused2,8,523601
sample,4096,2048,fused2,9,519480
sample,4096,2048,fused2,10,516231
sample,4096,2048,fused2,11,516054
sample,4096,2048,fused2,12,520201
sample,4096,2048,fused2,13,540146
sample,4096,2048,fused2,14,528332
sample,4096,2048,fused2,15,521424
sample,4096,2048,fused2,16,515099
sample,4096,2048,fused2,17,511202
sample,4096,2048,fused2,18,513971
sample,4096,2048,fused2,19,518314
sample,4096,2048,fused2,20,509017
sample,4096,2048,fused2,21,518471
sample,4096,2048,fused2,22,514878
sample,4096,2048,fused2,23,517341
sample,4096,2048,fused2,24,511313
sample,4096,2048,fused2,25,512120
sample,4096,2048,fused2,26,514925
sample,4096,2048,fused2,27,509535
sample,4096,2048,fused2,28,510786
sample,4096,2048,fused2,29,511036
measured,4096,2048,tile8,1048576,4194304,5,30,10,542165,556405,4143a88e49ed614b,e0842ad8f72c0c9f,none,none
sample,4096,2048,tile8,0,538979
sample,4096,2048,tile8,1,544535
sample,4096,2048,tile8,2,544998
sample,4096,2048,tile8,3,560637
sample,4096,2048,tile8,4,545833
sample,4096,2048,tile8,5,540304
sample,4096,2048,tile8,6,547897
sample,4096,2048,tile8,7,541054
sample,4096,2048,tile8,8,543155
sample,4096,2048,tile8,9,544600
sample,4096,2048,tile8,10,539322
sample,4096,2048,tile8,11,543758
sample,4096,2048,tile8,12,545360
sample,4096,2048,tile8,13,543183
sample,4096,2048,tile8,14,544026
sample,4096,2048,tile8,15,540544
sample,4096,2048,tile8,16,541249
sample,4096,2048,tile8,17,540693
sample,4096,2048,tile8,18,540156
sample,4096,2048,tile8,19,538610
sample,4096,2048,tile8,20,556405
sample,4096,2048,tile8,21,542165
sample,4096,2048,tile8,22,554683
sample,4096,2048,tile8,23,534887
sample,4096,2048,tile8,24,541664
sample,4096,2048,tile8,25,544063
sample,4096,2048,tile8,26,541803
sample,4096,2048,tile8,27,544841
sample,4096,2048,tile8,28,542155
sample,4096,2048,tile8,29,537860
measured,16384,128,vec4,262144,1048576,5,30,14,569896,587109,318e48fc80dadb1f,a09bc0e13ecf9bf8,none,none
sample,16384,128,vec4,0,565970
sample,16384,128,vec4,1,576813
sample,16384,128,vec4,2,567175
sample,16384,128,vec4,3,573099
sample,16384,128,vec4,4,564322
sample,16384,128,vec4,5,566729
sample,16384,128,vec4,6,577442
sample,16384,128,vec4,7,579350
sample,16384,128,vec4,8,568415
sample,16384,128,vec4,9,571165
sample,16384,128,vec4,10,569943
sample,16384,128,vec4,11,573072
sample,16384,128,vec4,12,566794
sample,16384,128,vec4,13,598933
sample,16384,128,vec4,14,583322
sample,16384,128,vec4,15,587109
sample,16384,128,vec4,16,569896
sample,16384,128,vec4,17,568535
sample,16384,128,vec4,18,566656
sample,16384,128,vec4,19,572035
sample,16384,128,vec4,20,572499
sample,16384,128,vec4,21,574850
sample,16384,128,vec4,22,572526
sample,16384,128,vec4,23,558766
sample,16384,128,vec4,24,569517
sample,16384,128,vec4,25,574563
sample,16384,128,vec4,26,564748
sample,16384,128,vec4,27,567758
sample,16384,128,vec4,28,566166
sample,16384,128,vec4,29,569666
measured,16384,128,fused2,262144,1048576,5,30,13,539563,552433,318e48fc80dadb1f,a09bc0e13ecf9bf8,none,none
sample,16384,128,fused2,0,538165
sample,16384,128,fused2,1,540980
sample,16384,128,fused2,2,531785
sample,16384,128,fused2,3,532860
sample,16384,128,fused2,4,535072
sample,16384,128,fused2,5,536146
sample,16384,128,fused2,6,541119
sample,16384,128,fused2,7,537961
sample,16384,128,fused2,8,531100
sample,16384,128,fused2,9,539349
sample,16384,128,fused2,10,534971
sample,16384,128,fused2,11,535007
sample,16384,128,fused2,12,648155
sample,16384,128,fused2,13,547479
sample,16384,128,fused2,14,539563
sample,16384,128,fused2,15,547248
sample,16384,128,fused2,16,545295
sample,16384,128,fused2,17,532850
sample,16384,128,fused2,18,530332
sample,16384,128,fused2,19,546072
sample,16384,128,fused2,20,552433
sample,16384,128,fused2,21,539786
sample,16384,128,fused2,22,550471
sample,16384,128,fused2,23,530294
sample,16384,128,fused2,24,540729
sample,16384,128,fused2,25,547859
sample,16384,128,fused2,26,541526
sample,16384,128,fused2,27,531711
sample,16384,128,fused2,28,550333
sample,16384,128,fused2,29,541129
measured,16384,128,tile8,262144,1048576,5,30,12,515536,530424,318e48fc80dadb1f,a09bc0e13ecf9bf8,none,none
sample,16384,128,tile8,0,519433
sample,16384,128,tile8,1,517998
sample,16384,128,tile8,2,510758
sample,16384,128,tile8,3,508842
sample,16384,128,tile8,4,508916
sample,16384,128,tile8,5,513054
sample,16384,128,tile8,6,522600
sample,16384,128,tile8,7,516953
sample,16384,128,tile8,8,512387
sample,16384,128,tile8,9,527655
sample,16384,128,tile8,10,511517
sample,16384,128,tile8,11,512452
sample,16384,128,tile8,12,545165
sample,16384,128,tile8,13,530424
sample,16384,128,tile8,14,518415
sample,16384,128,tile8,15,518831
sample,16384,128,tile8,16,515536
sample,16384,128,tile8,17,515990
sample,16384,128,tile8,18,510119
sample,16384,128,tile8,19,517666
sample,16384,128,tile8,20,513305
sample,16384,128,tile8,21,525008
sample,16384,128,tile8,22,517146
sample,16384,128,tile8,23,511295
sample,16384,128,tile8,24,508489
sample,16384,128,tile8,25,517266
sample,16384,128,tile8,26,516303
sample,16384,128,tile8,27,505814
sample,16384,128,tile8,28,509749
sample,16384,128,tile8,29,511184
measured,16384,512,vec4,1048576,4194304,5,30,14,639859,659183,08b87a1ca99fa7b8,cc66b7b8fae87df4,none,none
sample,16384,512,vec4,0,646119
sample,16384,512,vec4,1,639859
sample,16384,512,vec4,2,633248
sample,16384,512,vec4,3,637804
sample,16384,512,vec4,4,652498
sample,16384,512,vec4,5,636720
sample,16384,512,vec4,6,634960
sample,16384,512,vec4,7,635063
sample,16384,512,vec4,8,640146
sample,16384,512,vec4,9,638812
sample,16384,512,vec4,10,644128
sample,16384,512,vec4,11,642303
sample,16384,512,vec4,12,636035
sample,16384,512,vec4,13,636063
sample,16384,512,vec4,14,650831
sample,16384,512,vec4,15,637099
sample,16384,512,vec4,16,639174
sample,16384,512,vec4,17,639665
sample,16384,512,vec4,18,641221
sample,16384,512,vec4,19,649720
sample,16384,512,vec4,20,632572
sample,16384,512,vec4,21,644535
sample,16384,512,vec4,22,696989
sample,16384,512,vec4,23,645691
sample,16384,512,vec4,24,640869
sample,16384,512,vec4,25,648683
sample,16384,512,vec4,26,659183
sample,16384,512,vec4,27,638257
sample,16384,512,vec4,28,636276
sample,16384,512,vec4,29,645980
measured,16384,512,fused2,1048576,4194304,5,30,13,606146,622739,08b87a1ca99fa7b8,cc66b7b8fae87df4,none,none
sample,16384,512,fused2,0,606562
sample,16384,512,fused2,1,595674
sample,16384,512,fused2,2,597646
sample,16384,512,fused2,3,608498
sample,16384,512,fused2,4,603470
sample,16384,512,fused2,5,606646
sample,16384,512,fused2,6,606738
sample,16384,512,fused2,7,607461
sample,16384,512,fused2,8,622739
sample,16384,512,fused2,9,610905
sample,16384,512,fused2,10,600600
sample,16384,512,fused2,11,597517
sample,16384,512,fused2,12,606693
sample,16384,512,fused2,13,608508
sample,16384,512,fused2,14,603813
sample,16384,512,fused2,15,608257
sample,16384,512,fused2,16,599998
sample,16384,512,fused2,17,604526
sample,16384,512,fused2,18,601656
sample,16384,512,fused2,19,604377
sample,16384,512,fused2,20,600054
sample,16384,512,fused2,21,615127
sample,16384,512,fused2,22,631748
sample,16384,512,fused2,23,612850
sample,16384,512,fused2,24,605489
sample,16384,512,fused2,25,606526
sample,16384,512,fused2,26,604146
sample,16384,512,fused2,27,605322
sample,16384,512,fused2,28,609137
sample,16384,512,fused2,29,606146
measured,16384,512,tile8,1048576,4194304,5,30,12,625517,646914,08b87a1ca99fa7b8,cc66b7b8fae87df4,none,none
sample,16384,512,tile8,0,640794
sample,16384,512,tile8,1,625517
sample,16384,512,tile8,2,626109
sample,16384,512,tile8,3,625840
sample,16384,512,tile8,4,625183
sample,16384,512,tile8,5,623350
sample,16384,512,tile8,6,615841
sample,16384,512,tile8,7,630174
sample,16384,512,tile8,8,628239
sample,16384,512,tile8,9,623970
sample,16384,512,tile8,10,619442
sample,16384,512,tile8,11,623535
sample,16384,512,tile8,12,625711
sample,16384,512,tile8,13,625535
sample,16384,512,tile8,14,618840
sample,16384,512,tile8,15,628276
sample,16384,512,tile8,16,620609
sample,16384,512,tile8,17,623081
sample,16384,512,tile8,18,632664
sample,16384,512,tile8,19,622822
sample,16384,512,tile8,20,684553
sample,16384,512,tile8,21,621848
sample,16384,512,tile8,22,629433
sample,16384,512,tile8,23,630544
sample,16384,512,tile8,24,627053
sample,16384,512,tile8,25,626443
sample,16384,512,tile8,26,646914
sample,16384,512,tile8,27,616479
sample,16384,512,tile8,28,622628
sample,16384,512,tile8,29,623738
measured,16384,2048,vec4,4194304,16777216,5,30,14,843960,870571,6be3b72c15a212b9,3199380bd5011e6c,none,none
sample,16384,2048,vec4,0,838183
sample,16384,2048,vec4,1,846776
sample,16384,2048,vec4,2,850506
sample,16384,2048,vec4,3,844052
sample,16384,2048,vec4,4,844692
sample,16384,2048,vec4,5,857368
sample,16384,2048,vec4,6,848543
sample,16384,2048,vec4,7,844693
sample,16384,2048,vec4,8,843960
sample,16384,2048,vec4,9,843951
sample,16384,2048,vec4,10,850386
sample,16384,2048,vec4,11,838858
sample,16384,2048,vec4,12,899489
sample,16384,2048,vec4,13,851756
sample,16384,2048,vec4,14,842367
sample,16384,2048,vec4,15,848747
sample,16384,2048,vec4,16,840349
sample,16384,2048,vec4,17,835886
sample,16384,2048,vec4,18,838330
sample,16384,2048,vec4,19,843719
sample,16384,2048,vec4,20,845506
sample,16384,2048,vec4,21,870571
sample,16384,2048,vec4,22,835349
sample,16384,2048,vec4,23,836007
sample,16384,2048,vec4,24,829479
sample,16384,2048,vec4,25,843331
sample,16384,2048,vec4,26,856469
sample,16384,2048,vec4,27,868775
sample,16384,2048,vec4,28,827275
sample,16384,2048,vec4,29,835571
measured,16384,2048,fused2,4194304,16777216,5,30,13,801469,839229,6be3b72c15a212b9,3199380bd5011e6c,none,none
sample,16384,2048,fused2,0,800794
sample,16384,2048,fused2,1,807312
sample,16384,2048,fused2,2,804256
sample,16384,2048,fused2,3,818933
sample,16384,2048,fused2,4,816108
sample,16384,2048,fused2,5,876923
sample,16384,2048,fused2,6,806747
sample,16384,2048,fused2,7,804637
sample,16384,2048,fused2,8,797821
sample,16384,2048,fused2,9,797673
sample,16384,2048,fused2,10,800377
sample,16384,2048,fused2,11,796987
sample,16384,2048,fused2,12,803506
sample,16384,2048,fused2,13,799840
sample,16384,2048,fused2,14,791794
sample,16384,2048,fused2,15,807776
sample,16384,2048,fused2,16,839229
sample,16384,2048,fused2,17,795387
sample,16384,2048,fused2,18,809970
sample,16384,2048,fused2,19,804247
sample,16384,2048,fused2,20,805721
sample,16384,2048,fused2,21,801469
sample,16384,2048,fused2,22,792265
sample,16384,2048,fused2,23,805525
sample,16384,2048,fused2,24,796692
sample,16384,2048,fused2,25,793608
sample,16384,2048,fused2,26,799960
sample,16384,2048,fused2,27,798433
sample,16384,2048,fused2,28,794219
sample,16384,2048,fused2,29,810053
measured,16384,2048,tile8,4194304,16777216,5,30,12,1006192,1040895,6be3b72c15a212b9,3199380bd5011e6c,none,none
sample,16384,2048,tile8,0,1009182
sample,16384,2048,tile8,1,1004340
sample,16384,2048,tile8,2,996840
sample,16384,2048,tile8,3,1040895
sample,16384,2048,tile8,4,1004145
sample,16384,2048,tile8,5,1012033
sample,16384,2048,tile8,6,1006923
sample,16384,2048,tile8,7,1008858
sample,16384,2048,tile8,8,1005747
sample,16384,2048,tile8,9,1039653
sample,16384,2048,tile8,10,1001561
sample,16384,2048,tile8,11,1006192
sample,16384,2048,tile8,12,1012867
sample,16384,2048,tile8,13,1002228
sample,16384,2048,tile8,14,1011904
sample,16384,2048,tile8,15,1074044
sample,16384,2048,tile8,16,996330
sample,16384,2048,tile8,17,1036321
sample,16384,2048,tile8,18,1002608
sample,16384,2048,tile8,19,1004904
sample,16384,2048,tile8,20,1002969
sample,16384,2048,tile8,21,1033488
sample,16384,2048,tile8,22,1013534
sample,16384,2048,tile8,23,1031736
sample,16384,2048,tile8,24,1007590
sample,16384,2048,tile8,25,999238
sample,16384,2048,tile8,26,1002728
sample,16384,2048,tile8,27,999460
sample,16384,2048,tile8,28,996979
sample,16384,2048,tile8,29,1033284
measured,65536,128,vec4,1048576,4194304,5,30,16,723340,757775,9ec0db29a14c575b,4098921c6b362ecd,none,none
sample,65536,128,vec4,0,713971
sample,65536,128,vec4,1,723054
sample,65536,128,vec4,2,721110
sample,65536,128,vec4,3,723951
sample,65536,128,vec4,4,727646
sample,65536,128,vec4,5,720747
sample,65536,128,vec4,6,725072
sample,65536,128,vec4,7,709683
sample,65536,128,vec4,8,727274
sample,65536,128,vec4,9,724720
sample,65536,128,vec4,10,717711
sample,65536,128,vec4,11,724387
sample,65536,128,vec4,12,763997
sample,65536,128,vec4,13,757775
sample,65536,128,vec4,14,732377
sample,65536,128,vec4,15,720044
sample,65536,128,vec4,16,728137
sample,65536,128,vec4,17,725609
sample,65536,128,vec4,18,723580
sample,65536,128,vec4,19,732895
sample,65536,128,vec4,20,723340
sample,65536,128,vec4,21,717080
sample,65536,128,vec4,22,724053
sample,65536,128,vec4,23,717506
sample,65536,128,vec4,24,722257
sample,65536,128,vec4,25,722674
sample,65536,128,vec4,26,720127
sample,65536,128,vec4,27,728489
sample,65536,128,vec4,28,722904
sample,65536,128,vec4,29,721025
measured,65536,128,fused2,1048576,4194304,5,30,15,696026,752369,9ec0db29a14c575b,4098921c6b362ecd,none,none
sample,65536,128,fused2,0,691349
sample,65536,128,fused2,1,693748
sample,65536,128,fused2,2,689590
sample,65536,128,fused2,3,744943
sample,65536,128,fused2,4,734163
sample,65536,128,fused2,5,689813
sample,65536,128,fused2,6,703738
sample,65536,128,fused2,7,691304
sample,65536,128,fused2,8,688646
sample,65536,128,fused2,9,696026
sample,65536,128,fused2,10,697239
sample,65536,128,fused2,11,699961
sample,65536,128,fused2,12,719664
sample,65536,128,fused2,13,689896
sample,65536,128,fused2,14,689415
sample,65536,128,fused2,15,698526
sample,65536,128,fused2,16,701859
sample,65536,128,fused2,17,695424
sample,65536,128,fused2,18,697859
sample,65536,128,fused2,19,693035
sample,65536,128,fused2,20,688526
sample,65536,128,fused2,21,719813
sample,65536,128,fused2,22,699285
sample,65536,128,fused2,23,752369
sample,65536,128,fused2,24,686508
sample,65536,128,fused2,25,697146
sample,65536,128,fused2,26,693748
sample,65536,128,fused2,27,694350
sample,65536,128,fused2,28,697063
sample,65536,128,fused2,29,753885
measured,65536,128,tile8,1048576,4194304,5,30,14,706183,752998,9ec0db29a14c575b,4098921c6b362ecd,none,none
sample,65536,128,tile8,0,701785
sample,65536,128,tile8,1,714812
sample,65536,128,tile8,2,706183
sample,65536,128,tile8,3,718238
sample,65536,128,tile8,4,704323
sample,65536,128,tile8,5,719952
sample,65536,128,tile8,6,733108
sample,65536,128,tile8,7,699516
sample,65536,128,tile8,8,708063
sample,65536,128,tile8,9,703720
sample,65536,128,tile8,10,708960
sample,65536,128,tile8,11,704812
sample,65536,128,tile8,12,755989
sample,65536,128,tile8,13,705701
sample,65536,128,tile8,14,720100
sample,65536,128,tile8,15,695434
sample,65536,128,tile8,16,688572
sample,65536,128,tile8,17,708683
sample,65536,128,tile8,18,706433
sample,65536,128,tile8,19,703461
sample,65536,128,tile8,20,711849
sample,65536,128,tile8,21,701878
sample,65536,128,tile8,22,693406
sample,65536,128,tile8,23,735804
sample,65536,128,tile8,24,707008
sample,65536,128,tile8,25,703136
sample,65536,128,tile8,26,707665
sample,65536,128,tile8,27,705599
sample,65536,128,tile8,28,704396
sample,65536,128,tile8,29,752998
measured,65536,512,vec4,4194304,16777216,5,30,16,942969,990561,84d06402da633040,29115d73667dee45,none,none
sample,65536,512,vec4,0,943154
sample,65536,512,vec4,1,990561
sample,65536,512,vec4,2,958895
sample,65536,512,vec4,3,988451
sample,65536,512,vec4,4,1010135
sample,65536,512,vec4,5,942969
sample,65536,512,vec4,6,948331
sample,65536,512,vec4,7,945664
sample,65536,512,vec4,8,951312
sample,65536,512,vec4,9,975673
sample,65536,512,vec4,10,940803
sample,65536,512,vec4,11,954802
sample,65536,512,vec4,12,957154
sample,65536,512,vec4,13,985838
sample,65536,512,vec4,14,948025
sample,65536,512,vec4,15,950274
sample,65536,512,vec4,16,986479
sample,65536,512,vec4,17,848211
sample,65536,512,vec4,18,842423
sample,65536,512,vec4,19,889182
sample,65536,512,vec4,20,849978
sample,65536,512,vec4,21,851081
sample,65536,512,vec4,22,851229
sample,65536,512,vec4,23,777516
sample,65536,512,vec4,24,781016
sample,65536,512,vec4,25,767738
sample,65536,512,vec4,26,768850
sample,65536,512,vec4,27,770868
sample,65536,512,vec4,28,767756
sample,65536,512,vec4,29,815802
measured,65536,512,fused2,4194304,16777216,5,30,15,908906,933655,84d06402da633040,29115d73667dee45,none,none
sample,65536,512,fused2,0,919358
sample,65536,512,fused2,1,909127
sample,65536,512,fused2,2,909840
sample,65536,512,fused2,3,918321
sample,65536,512,fused2,4,918108
sample,65536,512,fused2,5,922905
sample,65536,512,fused2,6,933655
sample,65536,512,fused2,7,915979
sample,65536,512,fused2,8,908729
sample,65536,512,fused2,9,915831
sample,65536,512,fused2,10,911960
sample,65536,512,fused2,11,922654
sample,65536,512,fused2,12,909988
sample,65536,512,fused2,13,908906
sample,65536,512,fused2,14,910256
sample,65536,512,fused2,15,912516
sample,65536,512,fused2,16,948543
sample,65536,512,fused2,17,824025
sample,65536,512,fused2,18,819515
sample,65536,512,fused2,19,806701
sample,65536,512,fused2,20,803508
sample,65536,512,fused2,21,816581
sample,65536,512,fused2,22,874025
sample,65536,512,fused2,23,789062
sample,65536,512,fused2,24,740711
sample,65536,512,fused2,25,779424
sample,65536,512,fused2,26,739026
sample,65536,512,fused2,27,740016
sample,65536,512,fused2,28,736192
sample,65536,512,fused2,29,739238
measured,65536,512,tile8,4194304,16777216,5,30,14,1093644,1129144,84d06402da633040,29115d73667dee45,none,none
sample,65536,512,tile8,0,1102718
sample,65536,512,tile8,1,1098987
sample,65536,512,tile8,2,1099329
sample,65536,512,tile8,3,1100736
sample,65536,512,tile8,4,1118497
sample,65536,512,tile8,5,1093644
sample,65536,512,tile8,6,1133413
sample,65536,512,tile8,7,1089876
sample,65536,512,tile8,8,1110875
sample,65536,512,tile8,9,1104487
sample,65536,512,tile8,10,1117488
sample,65536,512,tile8,11,1101079
sample,65536,512,tile8,12,1106792
sample,65536,512,tile8,13,1129144
sample,65536,512,tile8,14,1096942
sample,65536,512,tile8,15,1110238
sample,65536,512,tile8,16,1105015
sample,65536,512,tile8,17,1061736
sample,65536,512,tile8,18,954118
sample,65536,512,tile8,19,947423
sample,65536,512,tile8,20,955895
sample,65536,512,tile8,21,954312
sample,65536,512,tile8,22,955645
sample,65536,512,tile8,23,945460
sample,65536,512,tile8,24,852330
sample,65536,512,tile8,25,895608
sample,65536,512,tile8,26,849117
sample,65536,512,tile8,27,849275
sample,65536,512,tile8,28,849071
sample,65536,512,tile8,29,848618
skipped_limit,65536,2048,vec4,16777216,67108864,NA,NA,NA,NA,NA,NA,NA,cohort_dispatch_limit,none
skipped_limit,65536,2048,fused2,16777216,67108864,NA,NA,NA,NA,NA,NA,NA,cohort_dispatch_limit,none
skipped_limit,65536,2048,tile8,16777216,67108864,NA,NA,NA,NA,NA,NA,NA,cohort_dispatch_limit,none
measured,262144,128,vec4,4194304,16777216,5,30,18,846812,864960,603e59446e81431f,99960c282a7f4ca5,none,none
sample,262144,128,vec4,0,827711
sample,262144,128,vec4,1,842163
sample,262144,128,vec4,2,842099
sample,262144,128,vec4,3,838017
sample,262144,128,vec4,4,839747
sample,262144,128,vec4,5,836117
sample,262144,128,vec4,6,839043
sample,262144,128,vec4,7,838988
sample,262144,128,vec4,8,842331
sample,262144,128,vec4,9,855840
sample,262144,128,vec4,10,841923
sample,262144,128,vec4,11,852034
sample,262144,128,vec4,12,857145
sample,262144,128,vec4,13,846812
sample,262144,128,vec4,14,843256
sample,262144,128,vec4,15,842757
sample,262144,128,vec4,16,836395
sample,262144,128,vec4,17,864608
sample,262144,128,vec4,18,858423
sample,262144,128,vec4,19,864960
sample,262144,128,vec4,20,855571
sample,262144,128,vec4,21,842377
sample,262144,128,vec4,22,848322
sample,262144,128,vec4,23,856525
sample,262144,128,vec4,24,870738
sample,262144,128,vec4,25,862515
sample,262144,128,vec4,26,858266
sample,262144,128,vec4,27,857636
sample,262144,128,vec4,28,855127
sample,262144,128,vec4,29,857136
measured,262144,128,fused2,4194304,16777216,5,30,17,840969,859479,603e59446e81431f,99960c282a7f4ca5,none,none
sample,262144,128,fused2,0,833822
sample,262144,128,fused2,1,824155
sample,262144,128,fused2,2,824904
sample,262144,128,fused2,3,843367
sample,262144,128,fused2,4,830359
sample,262144,128,fused2,5,827951
sample,262144,128,fused2,6,827164
sample,262144,128,fused2,7,829886
sample,262144,128,fused2,8,826544
sample,262144,128,fused2,9,836655
sample,262144,128,fused2,10,825876
sample,262144,128,fused2,11,837452
sample,262144,128,fused2,12,843590
sample,262144,128,fused2,13,842460
sample,262144,128,fused2,14,841452
sample,262144,128,fused2,15,833211
sample,262144,128,fused2,16,839081
sample,262144,128,fused2,17,852664
sample,262144,128,fused2,18,845904
sample,262144,128,fused2,19,852099
sample,262144,128,fused2,20,846247
sample,262144,128,fused2,21,845858
sample,262144,128,fused2,22,845228
sample,262144,128,fused2,23,840969
sample,262144,128,fused2,24,854247
sample,262144,128,fused2,25,859479
sample,262144,128,fused2,26,851192
sample,262144,128,fused2,27,864377
sample,262144,128,fused2,28,841441
sample,262144,128,fused2,29,830785
measured,262144,128,tile8,4194304,16777216,5,30,16,918071,950006,603e59446e81431f,99960c282a7f4ca5,none,none
sample,262144,128,tile8,0,913599
sample,262144,128,tile8,1,907117
sample,262144,128,tile8,2,913331
sample,262144,128,tile8,3,906682
sample,262144,128,tile8,4,910089
sample,262144,128,tile8,5,911932
sample,262144,128,tile8,6,916562
sample,262144,128,tile8,7,909737
sample,262144,128,tile8,8,911293
sample,262144,128,tile8,9,931219
sample,262144,128,tile8,10,920496
sample,262144,128,tile8,11,905052
sample,262144,128,tile8,12,918423
sample,262144,128,tile8,13,918071
sample,262144,128,tile8,14,910487
sample,262144,128,tile8,15,911025
sample,262144,128,tile8,16,921359
sample,262144,128,tile8,17,914098
sample,262144,128,tile8,18,929136
sample,262144,128,tile8,19,945164
sample,262144,128,tile8,20,928543
sample,262144,128,tile8,21,922858
sample,262144,128,tile8,22,930302
sample,262144,128,tile8,23,915089
sample,262144,128,tile8,24,945015
sample,262144,128,tile8,25,950006
sample,262144,128,tile8,26,939580
sample,262144,128,tile8,27,930154
sample,262144,128,tile8,28,935072
sample,262144,128,tile8,29,953442
skipped_limit,262144,512,vec4,16777216,67108864,NA,NA,NA,NA,NA,NA,NA,cohort_dispatch_limit,none
skipped_limit,262144,512,fused2,16777216,67108864,NA,NA,NA,NA,NA,NA,NA,cohort_dispatch_limit,none
skipped_limit,262144,512,tile8,16777216,67108864,NA,NA,NA,NA,NA,NA,NA,cohort_dispatch_limit,none
skipped_limit,262144,2048,vec4,67108864,268435456,NA,NA,NA,NA,NA,NA,NA,cohort_dispatch_limit,none
skipped_limit,262144,2048,fused2,67108864,268435456,NA,NA,NA,NA,NA,NA,NA,cohort_dispatch_limit,none
skipped_limit,262144,2048,tile8,67108864,268435456,NA,NA,NA,NA,NA,NA,NA,cohort_dispatch_limit,none
skipped_limit,1048576,128,vec4,16777216,67108864,NA,NA,NA,NA,NA,NA,NA,cohort_dispatch_limit,none
skipped_limit,1048576,128,fused2,16777216,67108864,NA,NA,NA,NA,NA,NA,NA,cohort_dispatch_limit,none
skipped_limit,1048576,128,tile8,16777216,67108864,NA,NA,NA,NA,NA,NA,NA,cohort_dispatch_limit,none
skipped_limit,1048576,512,vec4,67108864,268435456,NA,NA,NA,NA,NA,NA,NA,cohort_dispatch_limit,none
skipped_limit,1048576,512,fused2,67108864,268435456,NA,NA,NA,NA,NA,NA,NA,cohort_dispatch_limit,none
skipped_limit,1048576,512,tile8,67108864,268435456,NA,NA,NA,NA,NA,NA,NA,cohort_dispatch_limit,none
skipped_limit,1048576,2048,vec4,268435456,1073741824,NA,NA,NA,NA,NA,NA,NA,cohort_dispatch_limit,none
skipped_limit,1048576,2048,fused2,268435456,1073741824,NA,NA,NA,NA,NA,NA,NA,cohort_dispatch_limit,none
skipped_limit,1048576,2048,tile8,268435456,1073741824,NA,NA,NA,NA,NA,NA,NA,cohort_dispatch_limit,none
qualification_status=complete
