benchmark=pvp3d_three_candidate_same_device
source_revision=ddb6f0144821dfa29d268601e7087e5001278e52
adapter=NVIDIA Tegra NVIDIA Thor
backend=Vulkan
device_type=IntegratedGpu
vendor_id=4318
device_id=11008
driver=NVIDIA
driver_info=580.00
hardware_measurement_eligible=true
physical_admission=external_remoteops_evidence_required
performance_claim=none
primary_timing_scope=resident_encode_plus_queue_submit_plus_device_wait
state_reset_scope=completed_before_timer
correctness_readback_scope=before_and_after_timing
candidate_order=ABC_ACB_BAC_BCA_CAB_CBA
resident_payload_scope=source_plus_three_states_excludes_driver_uniforms_and_readback
status,k,g,candidate,state_bytes,resident_payload_bytes,warmups,repeats,logical_dispatches,p50_ns,p95_ns,input_checksum,output_checksum,skip_reason,performance_claim
measured,256,128,vec4,4096,16384,5,30,8,255342,293582,4c67926a9205d7b4,956299587c8af4b4,none,none
sample,256,128,vec4,0,261545
sample,256,128,vec4,1,283397
sample,256,128,vec4,2,256852
sample,256,128,vec4,3,251814
sample,256,128,vec4,4,258343
sample,256,128,vec4,5,249267
sample,256,128,vec4,6,256064
sample,256,128,vec4,7,251000
sample,256,128,vec4,8,251934
sample,256,128,vec4,9,253341
sample,256,128,vec4,10,253184
sample,256,128,vec4,11,253250
sample,256,128,vec4,12,250463
sample,256,128,vec4,13,255342
sample,256,128,vec4,14,293582
sample,256,128,vec4,15,257185
sample,256,128,vec4,16,259156
sample,256,128,vec4,17,251250
sample,256,128,vec4,18,254203
sample,256,128,vec4,19,251925
sample,256,128,vec4,20,255046
sample,256,128,vec4,21,257240
sample,256,128,vec4,22,255778
sample,256,128,vec4,23,256694
sample,256,128,vec4,24,324674
sample,256,128,vec4,25,250036
sample,256,128,vec4,26,279665
sample,256,128,vec4,27,270648
sample,256,128,vec4,28,253175
sample,256,128,vec4,29,263324
measured,256,128,fused2,4096,16384,5,30,7,231860,285463,4c67926a9205d7b4,956299587c8af4b4,none,none
sample,256,128,fused2,0,234554
sample,256,128,fused2,1,233695
sample,256,128,fused2,2,263602
sample,256,128,fused2,3,228518
sample,256,128,fused2,4,231453
sample,256,128,fused2,5,227268
sample,256,128,fused2,6,233369
sample,256,128,fused2,7,229582
sample,256,128,fused2,8,229518
sample,256,128,fused2,9,229435
sample,256,128,fused2,10,232166
sample,256,128,fused2,11,233769
sample,256,128,fused2,12,231815
sample,256,128,fused2,13,231490
sample,256,128,fused2,14,231749
sample,256,128,fused2,15,285463
sample,256,128,fused2,16,231119
sample,256,128,fused2,17,227832
sample,256,128,fused2,18,228454
sample,256,128,fused2,19,231860
sample,256,128,fused2,20,230963
sample,256,128,fused2,21,233907
sample,256,128,fused2,22,233130
sample,256,128,fused2,23,238073
sample,256,128,fused2,24,236009
sample,256,128,fused2,25,232647
sample,256,128,fused2,26,416360
sample,256,128,fused2,27,270295
sample,256,128,fused2,28,237332
sample,256,128,fused2,29,231676
measured,256,128,tile8,4096,16384,5,30,6,210472,241064,4c67926a9205d7b4,956299587c8af4b4,none,none
sample,256,128,tile8,0,210768
sample,256,128,tile8,1,219888
sample,256,128,tile8,2,208333
sample,256,128,tile8,3,206286
sample,256,128,tile8,4,208064
sample,256,128,tile8,5,206990
sample,256,128,tile8,6,209176
sample,256,128,tile8,7,207036
sample,256,128,tile8,8,211917
sample,256,128,tile8,9,208241
sample,256,128,tile8,10,210472
sample,256,128,tile8,11,205119
sample,256,128,tile8,12,210499
sample,256,128,tile8,13,208369
sample,256,128,tile8,14,213574
sample,256,128,tile8,15,243759
sample,256,128,tile8,16,211389
sample,256,128,tile8,17,206333
sample,256,128,tile8,18,213027
sample,256,128,tile8,19,209591
sample,256,128,tile8,20,214778
sample,256,128,tile8,21,208360
sample,256,128,tile8,22,210583
sample,256,128,tile8,23,223639
sample,256,128,tile8,24,212341
sample,256,128,tile8,25,205230
sample,256,128,tile8,26,241064
sample,256,128,tile8,27,228860
sample,256,128,tile8,28,215286
sample,256,128,tile8,29,210120
measured,256,512,vec4,16384,65536,5,30,8,265156,295230,38bbe1f688e24d78,1c8bb372f8f1302e,none,none
sample,256,512,vec4,0,270834
sample,256,512,vec4,1,256870
sample,256,512,vec4,2,256768
sample,256,512,vec4,3,256961
sample,256,512,vec4,4,261425
sample,256,512,vec4,5,260583
sample,256,512,vec4,6,262232
sample,256,512,vec4,7,263101
sample,256,512,vec4,8,317990
sample,256,512,vec4,9,262981
sample,256,512,vec4,10,259666
sample,256,512,vec4,11,264869
sample,256,512,vec4,12,265156
sample,256,512,vec4,13,262462
sample,256,512,vec4,14,267546
sample,256,512,vec4,15,264444
sample,256,512,vec4,16,266628
sample,256,512,vec4,17,273962
sample,256,512,vec4,18,268887
sample,256,512,vec4,19,273304
sample,256,512,vec4,20,279804
sample,256,512,vec4,21,272943
sample,256,512,vec4,22,267806
sample,256,512,vec4,23,262499
sample,256,512,vec4,24,264610
sample,256,512,vec4,25,270851
sample,256,512,vec4,26,269648
sample,256,512,vec4,27,292546
sample,256,512,vec4,28,295230
sample,256,512,vec4,29,276675
measured,256,512,fused2,16384,65536,5,30,7,242796,509452,38bbe1f688e24d78,1c8bb372f8f1302e,none,none
sample,256,512,fused2,0,242796
sample,256,512,fused2,1,230776
sample,256,512,fused2,2,230527
sample,256,512,fused2,3,233861
sample,256,512,fused2,4,240620
sample,256,512,fused2,5,237880
sample,256,512,fused2,6,234658
sample,256,512,fused2,7,296981
sample,256,512,fused2,8,253259
sample,256,512,fused2,9,242666
sample,256,512,fused2,10,235010
sample,256,512,fused2,11,235119
sample,256,512,fused2,12,238897
sample,256,512,fused2,13,244944
sample,256,512,fused2,14,243796
sample,256,512,fused2,15,244527
sample,256,512,fused2,16,509452
sample,256,512,fused2,17,247517
sample,256,512,fused2,18,245638
sample,256,512,fused2,19,245944
sample,256,512,fused2,20,299480
sample,256,512,fused2,21,241453
sample,256,512,fused2,22,244185
sample,256,512,fused2,23,241527
sample,256,512,fused2,24,244212
sample,256,512,fused2,25,241749
sample,256,512,fused2,26,239731
sample,256,512,fused2,27,512564
sample,256,512,fused2,28,275379
sample,256,512,fused2,29,252240
measured,256,512,tile8,16384,65536,5,30,6,219341,254805,38bbe1f688e24d78,1c8bb372f8f1302e,none,none
sample,256,512,tile8,0,212676
sample,256,512,tile8,1,210935
sample,256,512,tile8,2,215953
sample,256,512,tile8,3,212129
sample,256,512,tile8,4,210416
sample,256,512,tile8,5,215610
sample,256,512,tile8,6,213314
sample,256,512,tile8,7,217212
sample,256,512,tile8,8,215934
sample,256,512,tile8,9,216693
sample,256,512,tile8,10,218194
sample,256,512,tile8,11,212352
sample,256,512,tile8,12,214804
sample,256,512,tile8,13,219944
sample,256,512,tile8,14,220639
sample,256,512,tile8,15,219879
sample,256,512,tile8,16,218314
sample,256,512,tile8,17,238759
sample,256,512,tile8,18,225527
sample,256,512,tile8,19,223101
sample,256,512,tile8,20,254805
sample,256,512,tile8,21,219387
sample,256,512,tile8,22,222621
sample,256,512,tile8,23,221398
sample,256,512,tile8,24,219388
sample,256,512,tile8,25,219341
sample,256,512,tile8,26,226102
sample,256,512,tile8,27,246934
sample,256,512,tile8,28,278138
sample,256,512,tile8,29,233425
measured,256,2048,vec4,65536,262144,5,30,8,299314,309565,c9e538e9f9dccedd,259153fc2c7bc4e7,none,none
sample,256,2048,vec4,0,276786
sample,256,2048,vec4,1,279981
sample,256,2048,vec4,2,287915
sample,256,2048,vec4,3,309565
sample,256,2048,vec4,4,302268
sample,256,2048,vec4,5,280064
sample,256,2048,vec4,6,285471
sample,256,2048,vec4,7,285064
sample,256,2048,vec4,8,280982
sample,256,2048,vec4,9,285397
sample,256,2048,vec4,10,286009
sample,256,2048,vec4,11,293638
sample,256,2048,vec4,12,309490
sample,256,2048,vec4,13,299452
sample,256,2048,vec4,14,296092
sample,256,2048,vec4,15,296416
sample,256,2048,vec4,16,303758
sample,256,2048,vec4,17,300593
sample,256,2048,vec4,18,300323
sample,256,2048,vec4,19,296156
sample,256,2048,vec4,20,297139
sample,256,2048,vec4,21,302341
sample,256,2048,vec4,22,301101
sample,256,2048,vec4,23,299314
sample,256,2048,vec4,24,363647
sample,256,2048,vec4,25,304110
sample,256,2048,vec4,26,303128
sample,256,2048,vec4,27,307842
sample,256,2048,vec4,28,300508
sample,256,2048,vec4,29,306369
measured,256,2048,fused2,65536,262144,5,30,7,265740,286342,c9e538e9f9dccedd,259153fc2c7bc4e7,none,none
sample,256,2048,fused2,0,251749
sample,256,2048,fused2,1,253916
sample,256,2048,fused2,2,252230
sample,256,2048,fused2,3,255554
sample,256,2048,fused2,4,282926
sample,256,2048,fused2,5,253499
sample,256,2048,fused2,6,259332
sample,256,2048,fused2,7,255082
sample,256,2048,fused2,8,252769
sample,256,2048,fused2,9,253093
sample,256,2048,fused2,10,259064
sample,256,2048,fused2,11,267665
sample,256,2048,fused2,12,266212
sample,256,2048,fused2,13,263925
sample,256,2048,fused2,14,262138
sample,256,2048,fused2,15,265399
sample,256,2048,fused2,16,300120
sample,256,2048,fused2,17,265278
sample,256,2048,fused2,18,270147
sample,256,2048,fused2,19,266898
sample,256,2048,fused2,20,280648
sample,256,2048,fused2,21,265740
sample,256,2048,fused2,22,268832
sample,256,2048,fused2,23,270351
sample,256,2048,fused2,24,286342
sample,256,2048,fused2,25,271869
sample,256,2048,fused2,26,269101
sample,256,2048,fused2,27,270462
sample,256,2048,fused2,28,274814
sample,256,2048,fused2,29,274351
measured,256,2048,tile8,65536,262144,5,30,6,242694,280499,c9e538e9f9dccedd,259153fc2c7bc4e7,none,none
sample,256,2048,tile8,0,231907
sample,256,2048,tile8,1,230239
sample,256,2048,tile8,2,236101
sample,256,2048,tile8,3,233148
sample,256,2048,tile8,4,238861
sample,256,2048,tile8,5,232611
sample,256,2048,tile8,6,241073
sample,256,2048,tile8,7,236221
sample,256,2048,tile8,8,233324
sample,256,2048,tile8,9,239536
sample,256,2048,tile8,10,237063
sample,256,2048,tile8,11,237341
sample,256,2048,tile8,12,251499
sample,256,2048,tile8,13,242665
sample,256,2048,tile8,14,242491
sample,256,2048,tile8,15,243306
sample,256,2048,tile8,16,280499
sample,256,2048,tile8,17,255287
sample,256,2048,tile8,18,244824
sample,256,2048,tile8,19,246648
sample,256,2048,tile8,20,244796
sample,256,2048,tile8,21,242694
sample,256,2048,tile8,22,245342
sample,256,2048,tile8,23,247008
sample,256,2048,tile8,24,298425
sample,256,2048,tile8,25,248453
sample,256,2048,tile8,26,248804
sample,256,2048,tile8,27,247897
sample,256,2048,tile8,28,253203
sample,256,2048,tile8,29,253147
measured,1024,128,vec4,16384,65536,5,30,10,405230,515795,26abf5bddd03bbc5,79acd556594188cd,none,none
sample,1024,128,vec4,0,385925
sample,1024,128,vec4,1,383841
sample,1024,128,vec4,2,382693
sample,1024,128,vec4,3,384157
sample,1024,128,vec4,4,1128006
sample,1024,128,vec4,5,515795
sample,1024,128,vec4,6,465970
sample,1024,128,vec4,7,406545
sample,1024,128,vec4,8,398009
sample,1024,128,vec4,9,394952
sample,1024,128,vec4,10,392684
sample,1024,128,vec4,11,406591
sample,1024,128,vec4,12,415275
sample,1024,128,vec4,13,406424
sample,1024,128,vec4,14,395258
sample,1024,128,vec4,15,391008
sample,1024,128,vec4,16,395591
sample,1024,128,vec4,17,394647
sample,1024,128,vec4,18,410842
sample,1024,128,vec4,19,406165
sample,1024,128,vec4,20,404916
sample,1024,128,vec4,21,399027
sample,1024,128,vec4,22,405230
sample,1024,128,vec4,23,405045
sample,1024,128,vec4,24,407573
sample,1024,128,vec4,25,411194
sample,1024,128,vec4,26,414138
sample,1024,128,vec4,27,417433
sample,1024,128,vec4,28,417166
sample,1024,128,vec4,29,410777
measured,1024,128,fused2,16384,65536,5,30,9,373777,414647,26abf5bddd03bbc5,79acd556594188cd,none,none
sample,1024,128,fused2,0,349480
sample,1024,128,fused2,1,363341
sample,1024,128,fused2,2,356073
sample,1024,128,fused2,3,353499
sample,1024,128,fused2,4,399008
sample,1024,128,fused2,5,811155
sample,1024,128,fused2,6,392017
sample,1024,128,fused2,7,371249
sample,1024,128,fused2,8,371620
sample,1024,128,fused2,9,383499
sample,1024,128,fused2,10,374082
sample,1024,128,fused2,11,373777
sample,1024,128,fused2,12,375129
sample,1024,128,fused2,13,358944
sample,1024,128,fused2,14,354360
sample,1024,128,fused2,15,364675
sample,1024,128,fused2,16,365777
sample,1024,128,fused2,17,363062
sample,1024,128,fused2,18,414647
sample,1024,128,fused2,19,376573
sample,1024,128,fused2,20,370128
sample,1024,128,fused2,21,369583
sample,1024,128,fused2,22,375517
sample,1024,128,fused2,23,373517
sample,1024,128,fused2,24,396573
sample,1024,128,fused2,25,386044
sample,1024,128,fused2,26,385545
sample,1024,128,fused2,27,383100
sample,1024,128,fused2,28,378221
sample,1024,128,fused2,29,377018
measured,1024,128,tile8,16384,65536,5,30,8,336591,376490,26abf5bddd03bbc5,79acd556594188cd,none,none
sample,1024,128,tile8,0,318046
sample,1024,128,tile8,1,329333
sample,1024,128,tile8,2,323036
sample,1024,128,tile8,3,321953
sample,1024,128,tile8,4,336063
sample,1024,128,tile8,5,319397
sample,1024,128,tile8,6,348480
sample,1024,128,tile8,7,342722
sample,1024,128,tile8,8,340443
sample,1024,128,tile8,9,337101
sample,1024,128,tile8,10,328990
sample,1024,128,tile8,11,336517
sample,1024,128,tile8,12,376490
sample,1024,128,tile8,13,335323
sample,1024,128,tile8,14,326027
sample,1024,128,tile8,15,323064
sample,1024,128,tile8,16,331656
sample,1024,128,tile8,17,326786
sample,1024,128,tile8,18,342286
sample,1024,128,tile8,19,346490
sample,1024,128,tile8,20,337305
sample,1024,128,tile8,21,343157
sample,1024,128,tile8,22,339721
sample,1024,128,tile8,23,334823
sample,1024,128,tile8,24,349925
sample,1024,128,tile8,25,347304
sample,1024,128,tile8,26,341388
sample,1024,128,tile8,27,395286
sample,1024,128,tile8,28,352619
sample,1024,128,tile8,29,336591
measured,1024,512,vec4,65536,262144,5,30,10,424045,436425,0949b62ffc70d026,7663f0c9d3466943,none,none
sample,1024,512,vec4,0,424832
sample,1024,512,vec4,1,428859
sample,1024,512,vec4,2,423268
sample,1024,512,vec4,3,424045
sample,1024,512,vec4,4,427370
sample,1024,512,vec4,5,426738
sample,1024,512,vec4,6,415712
sample,1024,512,vec4,7,423943
sample,1024,512,vec4,8,419221
sample,1024,512,vec4,9,426942
sample,1024,512,vec4,10,426850
sample,1024,512,vec4,11,423563
sample,1024,512,vec4,12,426962
sample,1024,512,vec4,13,424370
sample,1024,512,vec4,14,423657
sample,1024,512,vec4,15,424805
sample,1024,512,vec4,16,433184
sample,1024,512,vec4,17,423406
sample,1024,512,vec4,18,426268
sample,1024,512,vec4,19,424879
sample,1024,512,vec4,20,420647
sample,1024,512,vec4,21,422554
sample,1024,512,vec4,22,436425
sample,1024,512,vec4,23,416184
sample,1024,512,vec4,24,416952
sample,1024,512,vec4,25,430322
sample,1024,512,vec4,26,416184
sample,1024,512,vec4,27,438036
sample,1024,512,vec4,28,420120
sample,1024,512,vec4,29,421277
measured,1024,512,fused2,65536,262144,5,30,9,389833,442749,0949b62ffc70d026,7663f0c9d3466943,none,none
sample,1024,512,fused2,0,387008
sample,1024,512,fused2,1,388999
sample,1024,512,fused2,2,400813
sample,1024,512,fused2,3,391942
sample,1024,512,fused2,4,399758
sample,1024,512,fused2,5,442749
sample,1024,512,fused2,6,386221
sample,1024,512,fused2,7,395944
sample,1024,512,fused2,8,390573
sample,1024,512,fused2,9,391870
sample,1024,512,fused2,10,391702
sample,1024,512,fused2,11,389999
sample,1024,512,fused2,12,386924
sample,1024,512,fused2,13,405675
sample,1024,512,fused2,14,424165
sample,1024,512,fused2,15,384128
sample,1024,512,fused2,16,385712
sample,1024,512,fused2,17,388591
sample,1024,512,fused2,18,390296
sample,1024,512,fused2,19,388813
sample,1024,512,fused2,20,389767
sample,1024,512,fused2,21,390379
sample,1024,512,fused2,22,459879
sample,1024,512,fused2,23,383193
sample,1024,512,fused2,24,385786
sample,1024,512,fused2,25,389833
sample,1024,512,fused2,26,386166
sample,1024,512,fused2,27,387619
sample,1024,512,fused2,28,386805
sample,1024,512,fused2,29,390823
measured,1024,512,tile8,65536,262144,5,30,8,357286,369221,0949b62ffc70d026,7663f0c9d3466943,none,none
sample,1024,512,tile8,0,363981
sample,1024,512,tile8,1,354379
sample,1024,512,tile8,2,357489
sample,1024,512,tile8,3,357629
sample,1024,512,tile8,4,356703
sample,1024,512,tile8,5,364397
sample,1024,512,tile8,6,353712
sample,1024,512,tile8,7,355563
sample,1024,512,tile8,8,357758
sample,1024,512,tile8,9,354471
sample,1024,512,tile8,10,354721
sample,1024,512,tile8,11,359490
sample,1024,512,tile8,12,359563
sample,1024,512,tile8,13,369221
sample,1024,512,tile8,14,352526
sample,1024,512,tile8,15,405805
sample,1024,512,tile8,16,355870
sample,1024,512,tile8,17,357286
sample,1024,512,tile8,18,358100
sample,1024,512,tile8,19,354925
sample,1024,512,tile8,20,357082
sample,1024,512,tile8,21,355758
sample,1024,512,tile8,22,365675
sample,1024,512,tile8,23,356795
sample,1024,512,tile8,24,352906
sample,1024,512,tile8,25,361147
sample,1024,512,tile8,26,361527
sample,1024,512,tile8,27,358583
sample,1024,512,tile8,28,357305
sample,1024,512,tile8,29,356193
measured,1024,2048,vec4,262144,1048576,5,30,10,432757,494462,2d4a1c573b9665e7,d32c613321b43c7f,none,none
sample,1024,2048,vec4,0,425388
sample,1024,2048,vec4,1,436869
sample,1024,2048,vec4,2,432285
sample,1024,2048,vec4,3,431730
sample,1024,2048,vec4,4,429527
sample,1024,2048,vec4,5,494462
sample,1024,2048,vec4,6,450406
sample,1024,2048,vec4,7,427647
sample,1024,2048,vec4,8,435906
sample,1024,2048,vec4,9,432757
sample,1024,2048,vec4,10,426740
sample,1024,2048,vec4,11,436943
sample,1024,2048,vec4,12,438507
sample,1024,2048,vec4,13,438935
sample,1024,2048,vec4,14,471887
sample,1024,2048,vec4,15,423657
sample,1024,2048,vec4,16,422610
sample,1024,2048,vec4,17,431517
sample,1024,2048,vec4,18,434157
sample,1024,2048,vec4,19,431277
sample,1024,2048,vec4,20,433823
sample,1024,2048,vec4,21,430434
sample,1024,2048,vec4,22,422527
sample,1024,2048,vec4,23,431860
sample,1024,2048,vec4,24,431638
sample,1024,2048,vec4,25,450517
sample,1024,2048,vec4,26,435601
sample,1024,2048,vec4,27,502072
sample,1024,2048,vec4,28,437072
sample,1024,2048,vec4,29,432915
measured,1024,2048,fused2,262144,1048576,5,30,9,395073,414092,2d4a1c573b9665e7,d32c613321b43c7f,none,none
sample,1024,2048,fused2,0,391962
sample,1024,2048,fused2,1,396805
sample,1024,2048,fused2,2,395073
sample,1024,2048,fused2,3,414092
sample,1024,2048,fused2,4,398165
sample,1024,2048,fused2,5,395323
sample,1024,2048,fused2,6,395462
sample,1024,2048,fused2,7,390193
sample,1024,2048,fused2,8,393573
sample,1024,2048,fused2,9,393268
sample,1024,2048,fused2,10,398851
sample,1024,2048,fused2,11,397405
sample,1024,2048,fused2,12,395916
sample,1024,2048,fused2,13,394101
sample,1024,2048,fused2,14,394851
sample,1024,2048,fused2,15,391341
sample,1024,2048,fused2,16,400564
sample,1024,2048,fused2,17,395564
sample,1024,2048,fused2,18,394592
sample,1024,2048,fused2,19,413258
sample,1024,2048,fused2,20,416286
sample,1024,2048,fused2,21,387461
sample,1024,2048,fused2,22,402490
sample,1024,2048,fused2,23,393527
sample,1024,2048,fused2,24,392832
sample,1024,2048,fused2,25,395129
sample,1024,2048,fused2,26,389340
sample,1024,2048,fused2,27,394350
sample,1024,2048,fused2,28,395693
sample,1024,2048,fused2,29,392092
measured,1024,2048,tile8,262144,1048576,5,30,8,376231,381795,2d4a1c573b9665e7,d32c613321b43c7f,none,none
sample,1024,2048,tile8,0,381795
sample,1024,2048,tile8,1,375916
sample,1024,2048,tile8,2,379082
sample,1024,2048,tile8,3,376842
sample,1024,2048,tile8,4,378018
sample,1024,2048,tile8,5,374907
sample,1024,2048,tile8,6,375824
sample,1024,2048,tile8,7,367592
sample,1024,2048,tile8,8,370601
sample,1024,2048,tile8,9,377388
sample,1024,2048,tile8,10,377879
sample,1024,2048,tile8,11,380128
sample,1024,2048,tile8,12,376231
sample,1024,2048,tile8,13,378906
sample,1024,2048,tile8,14,375731
sample,1024,2048,tile8,15,368841
sample,1024,2048,tile8,16,371388
sample,1024,2048,tile8,17,377127
sample,1024,2048,tile8,18,378452
sample,1024,2048,tile8,19,400240
sample,1024,2048,tile8,20,374018
sample,1024,2048,tile8,21,371582
sample,1024,2048,tile8,22,374332
sample,1024,2048,tile8,23,377536
sample,1024,2048,tile8,24,375796
sample,1024,2048,tile8,25,377731
sample,1024,2048,tile8,26,373045
sample,1024,2048,tile8,27,376693
sample,1024,2048,tile8,28,380443
sample,1024,2048,tile8,29,370758
measured,4096,128,vec4,65536,262144,5,30,12,497268,543092,d878e557b6daedce,8cc85ceb09c8efed,none,none
sample,4096,128,vec4,0,496147
sample,4096,128,vec4,1,501433
sample,4096,128,vec4,2,502980
sample,4096,128,vec4,3,501999
sample,4096,128,vec4,4,509267
sample,4096,128,vec4,5,492285
sample,4096,128,vec4,6,495999
sample,4096,128,vec4,7,496933
sample,4096,128,vec4,8,496962
sample,4096,128,vec4,9,498711
sample,4096,128,vec4,10,500943
sample,4096,128,vec4,11,557804
sample,4096,128,vec4,12,543092
sample,4096,128,vec4,13,491786
sample,4096,128,vec4,14,492657
sample,4096,128,vec4,15,503888
sample,4096,128,vec4,16,498082
sample,4096,128,vec4,17,488498
sample,4096,128,vec4,18,487526
sample,4096,128,vec4,19,499331
sample,4096,128,vec4,20,496092
sample,4096,128,vec4,21,507156
sample,4096,128,vec4,22,499879
sample,4096,128,vec4,23,495703
sample,4096,128,vec4,24,529499
sample,4096,128,vec4,25,497268
sample,4096,128,vec4,26,492814
sample,4096,128,vec4,27,485295
sample,4096,128,vec4,28,509851
sample,4096,128,vec4,29,494155
measured,4096,128,fused2,65536,262144,5,30,11,461499,489628,d878e557b6daedce,8cc85ceb09c8efed,none,none
sample,4096,128,fused2,0,465017
sample,4096,128,fused2,1,472239
sample,4096,128,fused2,2,463314
sample,4096,128,fused2,3,467712
sample,4096,128,fused2,4,489628
sample,4096,128,fused2,5,456305
sample,4096,128,fused2,6,462202
sample,4096,128,fused2,7,461435
sample,4096,128,fused2,8,457795
sample,4096,128,fused2,9,462860
sample,4096,128,fused2,10,465701
sample,4096,128,fused2,11,460822
sample,4096,128,fused2,12,461499
sample,4096,128,fused2,13,459916
sample,4096,128,fused2,14,452777
sample,4096,128,fused2,15,474138
sample,4096,128,fused2,16,505350
sample,4096,128,fused2,17,460860
sample,4096,128,fused2,18,454906
sample,4096,128,fused2,19,463286
sample,4096,128,fused2,20,459119
sample,4096,128,fused2,21,462657
sample,4096,128,fused2,22,464303
sample,4096,128,fused2,23,460211
sample,4096,128,fused2,24,480489
sample,4096,128,fused2,25,457989
sample,4096,128,fused2,26,456101
sample,4096,128,fused2,27,457508
sample,4096,128,fused2,28,475693
sample,4096,128,fused2,29,460545
measured,4096,128,tile8,65536,262144,5,30,10,432684,473712,d878e557b6daedce,8cc85ceb09c8efed,none,none
sample,4096,128,tile8,0,433314
sample,4096,128,tile8,1,434165
sample,4096,128,tile8,2,433072
sample,4096,128,tile8,3,432906
sample,4096,128,tile8,4,435490
sample,4096,128,tile8,5,443396
sample,4096,128,tile8,6,441564
sample,4096,128,tile8,7,431721
sample,4096,128,tile8,8,432684
sample,4096,128,tile8,9,432082
sample,4096,128,tile8,10,429406
sample,4096,128,tile8,11,430490
sample,4096,128,tile8,12,427101
sample,4096,128,tile8,13,423055
sample,4096,128,tile8,14,436064
sample,4096,128,tile8,15,429795
sample,4096,128,tile8,16,428490
sample,4096,128,tile8,17,481407
sample,4096,128,tile8,18,429795
sample,4096,128,tile8,19,425259
sample,4096,128,tile8,20,430851
sample,4096,128,tile8,21,427879
sample,4096,128,tile8,22,433119
sample,4096,128,tile8,23,432731
sample,4096,128,tile8,24,462879
sample,4096,128,tile8,25,431184
sample,4096,128,tile8,26,439748
sample,4096,128,tile8,27,421684
sample,4096,128,tile8,28,437924
sample,4096,128,tile8,29,473712
measured,4096,512,vec4,262144,1048576,5,30,12,498711,510471,07e875993970433c,207dceeda1be3f5b,none,none
sample,4096,512,vec4,0,487535
sample,4096,512,vec4,1,493683
sample,4096,512,vec4,2,497127
sample,4096,512,vec4,3,498786
sample,4096,512,vec4,4,493434
sample,4096,512,vec4,5,501378
sample,4096,512,vec4,6,498443
sample,4096,512,vec4,7,498787
sample,4096,512,vec4,8,498711
sample,4096,512,vec4,9,500285
sample,4096,512,vec4,10,510471
sample,4096,512,vec4,11,490766
sample,4096,512,vec4,12,490527
sample,4096,512,vec4,13,493814
sample,4096,512,vec4,14,497240
sample,4096,512,vec4,15,498600
sample,4096,512,vec4,16,502063
sample,4096,512,vec4,17,504583
sample,4096,512,vec4,18,552877
sample,4096,512,vec4,19,486868
sample,4096,512,vec4,20,503036
sample,4096,512,vec4,21,503452
sample,4096,512,vec4,22,497563
sample,4096,512,vec4,23,505600
sample,4096,512,vec4,24,502388
sample,4096,512,vec4,25,510286
sample,4096,512,vec4,26,490674
sample,4096,512,vec4,27,498166
sample,4096,512,vec4,28,500703
sample,4096,512,vec4,29,508601
measured,4096,512,fused2,262144,1048576,5,30,11,463777,516304,07e875993970433c,207dceeda1be3f5b,none,none
sample,4096,512,fused2,0,456702
sample,4096,512,fused2,1,464072
sample,4096,512,fused2,2,467295
sample,4096,512,fused2,3,516304
sample,4096,512,fused2,4,463777
sample,4096,512,fused2,5,465972
sample,4096,512,fused2,6,462934
sample,4096,512,fused2,7,463507
sample,4096,512,fused2,8,465091
sample,4096,512,fused2,9,463480
sample,4096,512,fused2,10,525804
sample,4096,512,fused2,11,462434
sample,4096,512,fused2,12,453471
sample,4096,512,fused2,13,464267
sample,4096,512,fused2,14,462702
sample,4096,512,fused2,15,465054
sample,4096,512,fused2,16,464342
sample,4096,512,fused2,17,459563
sample,4096,512,fused2,18,469730
sample,4096,512,fused2,19,453416
sample,4096,512,fused2,20,464360
sample,4096,512,fused2,21,463267
sample,4096,512,fused2,22,466416
sample,4096,512,fused2,23,468397
sample,4096,512,fused2,24,461665
sample,4096,512,fused2,25,473406
sample,4096,512,fused2,26,459212
sample,4096,512,fused2,27,450276
sample,4096,512,fused2,28,467609
sample,4096,512,fused2,29,461442
measured,4096,512,tile8,262144,1048576,5,30,10,445147,466887,07e875993970433c,207dceeda1be3f5b,none,none
sample,4096,512,tile8,0,437119
sample,4096,512,tile8,1,442259
sample,4096,512,tile8,2,442517
sample,4096,512,tile8,3,490646
sample,4096,512,tile8,4,436341
sample,4096,512,tile8,5,438360
sample,4096,512,tile8,6,449239
sample,4096,512,tile8,7,449036
sample,4096,512,tile8,8,443842
sample,4096,512,tile8,9,447924
sample,4096,512,tile8,10,442693
sample,4096,512,tile8,11,454240
sample,4096,512,tile8,12,451100
sample,4096,512,tile8,13,444054
sample,4096,512,tile8,14,445147
sample,4096,512,tile8,15,444332
sample,4096,512,tile8,16,444610
sample,4096,512,tile8,17,444740
sample,4096,512,tile8,18,436008
sample,4096,512,tile8,19,445453
sample,4096,512,tile8,20,447498
sample,4096,512,tile8,21,448164
sample,4096,512,tile8,22,448582
sample,4096,512,tile8,23,446231
sample,4096,512,tile8,24,446425
sample,4096,512,tile8,25,466887
sample,4096,512,tile8,26,435916
sample,4096,512,tile8,27,454064
sample,4096,512,tile8,28,445249
sample,4096,512,tile8,29,443185
measured,4096,2048,vec4,1048576,4194304,5,30,12,552387,603627,4143a88e49ed614b,e0842ad8f72c0c9f,none,none
sample,4096,2048,vec4,0,551498
sample,4096,2048,vec4,1,553933
sample,4096,2048,vec4,2,614027
sample,4096,2048,vec4,3,546729
sample,4096,2048,vec4,4,546934
sample,4096,2048,vec4,5,551155
sample,4096,2048,vec4,6,555044
sample,4096,2048,vec4,7,551045
sample,4096,2048,vec4,8,549738
sample,4096,2048,vec4,9,545804
sample,4096,2048,vec4,10,550220
sample,4096,2048,vec4,11,553249
sample,4096,2048,vec4,12,553128
sample,4096,2048,vec4,13,553813
sample,4096,2048,vec4,14,551480
sample,4096,2048,vec4,15,546961
sample,4096,2048,vec4,16,553230
sample,4096,2048,vec4,17,552711
sample,4096,2048,vec4,18,557720
sample,4096,2048,vec4,19,560981
sample,4096,2048,vec4,20,557017
sample,4096,2048,vec4,21,557248
sample,4096,2048,vec4,22,551683
sample,4096,2048,vec4,23,557526
sample,4096,2048,vec4,24,553100
sample,4096,2048,vec4,25,551840
sample,4096,2048,vec4,26,550794
sample,4096,2048,vec4,27,603627
sample,4096,2048,vec4,28,546952
sample,4096,2048,vec4,29,552387
measured,4096,2048,fused2,1048576,4194304,5,30,11,517185,551453,4143a88e49ed614b,e0842ad8f72c0c9f,none,none
sample,4096,2048,fused2,0,529239
sample,4096,2048,fused2,1,517185
sample,4096,2048,fused2,2,517175
sample,4096,2048,fused2,3,521518
sample,4096,2048,fused2,4,518462
sample,4096,2048,fused2,5,515461
sample,4096,2048,fused2,6,515333
sample,4096,2048,fused2,7,519915
sample,4096,2048,fused2,8,516174
sample,4096,2048,fused2,9,552619
sample,4096,2048,fused2,10,525637
sample,4096,2048,fused2,11,518990
sample,4096,2048,fused2,12,516906
sample,4096,2048,fused2,13,517869
sample,4096,2048,fused2,14,516054
sample,4096,2048,fused2,15,519516
sample,4096,2048,fused2,16,511203
sample,4096,2048,fused2,17,519082
sample,4096,2048,fused2,18,517285
sample,4096,2048,fused2,19,518739
sample,4096,2048,fused2,20,517174
sample,4096,2048,fused2,21,551453
sample,4096,2048,fused2,22,513359
sample,4096,2048,fused2,23,512157
sample,4096,2048,fused2,24,517081
sample,4096,2048,fused2,25,517721
sample,4096,2048,fused2,26,515286
sample,4096,2048,fused2,27,516998
sample,4096,2048,fused2,28,513916
sample,4096,2048,fused2,29,522007
measured,4096,2048,tile8,1048576,4194304,5,30,10,540276,583175,4143a88e49ed614b,e0842ad8f72c0c9f,none,none
sample,4096,2048,tile8,0,539063
sample,4096,2048,tile8,1,539007
sample,4096,2048,tile8,2,583175
sample,4096,2048,tile8,3,535572
sample,4096,2048,tile8,4,541840
sample,4096,2048,tile8,5,541035
sample,4096,2048,tile8,6,541111
sample,4096,2048,tile8,7,537859
sample,4096,2048,tile8,8,549201
sample,4096,2048,tile8,9,540795
sample,4096,2048,tile8,10,534812
sample,4096,2048,tile8,11,544416
sample,4096,2048,tile8,12,540276
sample,4096,2048,tile8,13,540592
sample,4096,2048,tile8,14,537535
sample,4096,2048,tile8,15,559026
sample,4096,2048,tile8,16,539064
sample,4096,2048,tile8,17,540757
sample,4096,2048,tile8,18,537350
sample,4096,2048,tile8,19,536628
sample,4096,2048,tile8,20,543045
sample,4096,2048,tile8,21,551092
sample,4096,2048,tile8,22,534258
sample,4096,2048,tile8,23,537434
sample,4096,2048,tile8,24,537332
sample,4096,2048,tile8,25,537795
sample,4096,2048,tile8,26,542238
sample,4096,2048,tile8,27,598063
sample,4096,2048,tile8,28,547174
sample,4096,2048,tile8,29,535266
measured,16384,128,vec4,262144,1048576,5,30,14,569155,578646,318e48fc80dadb1f,a09bc0e13ecf9bf8,none,none
sample,16384,128,vec4,0,573740
sample,16384,128,vec4,1,576433
sample,16384,128,vec4,2,565795
sample,16384,128,vec4,3,567785
sample,16384,128,vec4,4,568961
sample,16384,128,vec4,5,578646
sample,16384,128,vec4,6,576184
sample,16384,128,vec4,7,570036
sample,16384,128,vec4,8,567989
sample,16384,128,vec4,9,563896
sample,16384,128,vec4,10,565906
sample,16384,128,vec4,11,570609
sample,16384,128,vec4,12,580878
sample,16384,128,vec4,13,574109
sample,16384,128,vec4,14,576322
sample,16384,128,vec4,15,565295
sample,16384,128,vec4,16,574572
sample,16384,128,vec4,17,572146
sample,16384,128,vec4,18,569776
sample,16384,128,vec4,19,568388
sample,16384,128,vec4,20,569527
sample,16384,128,vec4,21,558887
sample,16384,128,vec4,22,560489
sample,16384,128,vec4,23,567109
sample,16384,128,vec4,24,569155
sample,16384,128,vec4,25,567119
sample,16384,128,vec4,26,568507
sample,16384,128,vec4,27,575378
sample,16384,128,vec4,28,562342
sample,16384,128,vec4,29,571564
measured,16384,128,fused2,262144,1048576,5,30,13,540425,600388,318e48fc80dadb1f,a09bc0e13ecf9bf8,none,none
sample,16384,128,fused2,0,539453
sample,16384,128,fused2,1,595268
sample,16384,128,fused2,2,542953
sample,16384,128,fused2,3,542230
sample,16384,128,fused2,4,544183
sample,16384,128,fused2,5,542563
sample,16384,128,fused2,6,538211
sample,16384,128,fused2,7,584480
sample,16384,128,fused2,8,559044
sample,16384,128,fused2,9,531230
sample,16384,128,fused2,10,545712
sample,16384,128,fused2,11,541776
sample,16384,128,fused2,12,546703
sample,16384,128,fused2,13,542174
sample,16384,128,fused2,14,541443
sample,16384,128,fused2,15,537275
sample,16384,128,fused2,16,538822
sample,16384,128,fused2,17,538156
sample,16384,128,fused2,18,539285
sample,16384,128,fused2,19,539776
sample,16384,128,fused2,20,539082
sample,16384,128,fused2,21,600388
sample,16384,128,fused2,22,533768
sample,16384,128,fused2,23,535989
sample,16384,128,fused2,24,538388
sample,16384,128,fused2,25,540425
sample,16384,128,fused2,26,538184
sample,16384,128,fused2,27,606757
sample,16384,128,fused2,28,543720
sample,16384,128,fused2,29,527581
measured,16384,128,tile8,262144,1048576,5,30,12,517887,568748,318e48fc80dadb1f,a09bc0e13ecf9bf8,none,none
sample,16384,128,tile8,0,521961
sample,16384,128,tile8,1,570398
sample,16384,128,tile8,2,510627
sample,16384,128,tile8,3,506369
sample,16384,128,tile8,4,524424
sample,16384,128,tile8,5,519305
sample,16384,128,tile8,6,526127
sample,16384,128,tile8,7,520369
sample,16384,128,tile8,8,506925
sample,16384,128,tile8,9,512461
sample,16384,128,tile8,10,514832
sample,16384,128,tile8,11,517887
sample,16384,128,tile8,12,521082
sample,16384,128,tile8,13,517729
sample,16384,128,tile8,14,528442
sample,16384,128,tile8,15,510193
sample,16384,128,tile8,16,507850
sample,16384,128,tile8,17,519989
sample,16384,128,tile8,18,517619
sample,16384,128,tile8,19,520027
sample,16384,128,tile8,20,537398
sample,16384,128,tile8,21,517092
sample,16384,128,tile8,22,510220
sample,16384,128,tile8,23,518694
sample,16384,128,tile8,24,513693
sample,16384,128,tile8,25,518331
sample,16384,128,tile8,26,518609
sample,16384,128,tile8,27,568748
sample,16384,128,tile8,28,514064
sample,16384,128,tile8,29,503128
measured,16384,512,vec4,1048576,4194304,5,30,14,658999,835026,08b87a1ca99fa7b8,cc66b7b8fae87df4,none,none
sample,16384,512,vec4,0,639646
sample,16384,512,vec4,1,630637
sample,16384,512,vec4,2,658999
sample,16384,512,vec4,3,639424
sample,16384,512,vec4,4,642757
sample,16384,512,vec4,5,635915
sample,16384,512,vec4,6,629175
sample,16384,512,vec4,7,634961
sample,16384,512,vec4,8,667840
sample,16384,512,vec4,9,636592
sample,16384,512,vec4,10,636026
sample,16384,512,vec4,11,835026
sample,16384,512,vec4,12,823478
sample,16384,512,vec4,13,814239
sample,16384,512,vec4,14,807831
sample,16384,512,vec4,15,817636
sample,16384,512,vec4,16,808332
sample,16384,512,vec4,17,815025
sample,16384,512,vec4,18,810664
sample,16384,512,vec4,19,840711
sample,16384,512,vec4,20,817339
sample,16384,512,vec4,21,823554
sample,16384,512,vec4,22,803951
sample,16384,512,vec4,23,811007
sample,16384,512,vec4,24,806350
sample,16384,512,vec4,25,636109
sample,16384,512,vec4,26,625535
sample,16384,512,vec4,27,646757
sample,16384,512,vec4,28,631961
sample,16384,512,vec4,29,634943
measured,16384,512,fused2,1048576,4194304,5,30,13,602129,779415,08b87a1ca99fa7b8,cc66b7b8fae87df4,none,none
sample,16384,512,fused2,0,596434
sample,16384,512,fused2,1,600220
sample,16384,512,fused2,2,593442
sample,16384,512,fused2,3,605331
sample,16384,512,fused2,4,597914
sample,16384,512,fused2,5,600109
sample,16384,512,fused2,6,599823
sample,16384,512,fused2,7,601072
sample,16384,512,fused2,8,599230
sample,16384,512,fused2,9,593675
sample,16384,512,fused2,10,599220
sample,16384,512,fused2,11,596230
sample,16384,512,fused2,12,766683
sample,16384,512,fused2,13,779415
sample,16384,512,fused2,14,787869
sample,16384,512,fused2,15,768572
sample,16384,512,fused2,16,769470
sample,16384,512,fused2,17,775516
sample,16384,512,fused2,18,775553
sample,16384,512,fused2,19,764172
sample,16384,512,fused2,20,768674
sample,16384,512,fused2,21,776886
sample,16384,512,fused2,22,772451
sample,16384,512,fused2,23,771719
sample,16384,512,fused2,24,778739
sample,16384,512,fused2,25,606323
sample,16384,512,fused2,26,597712
sample,16384,512,fused2,27,594841
sample,16384,512,fused2,28,602129
sample,16384,512,fused2,29,601462
measured,16384,512,tile8,1048576,4194304,5,30,12,624146,807266,08b87a1ca99fa7b8,cc66b7b8fae87df4,none,none
sample,16384,512,tile8,0,618591
sample,16384,512,tile8,1,618405
sample,16384,512,tile8,2,676387
sample,16384,512,tile8,3,612563
sample,16384,512,tile8,4,619720
sample,16384,512,tile8,5,618544
sample,16384,512,tile8,6,617193
sample,16384,512,tile8,7,616119
sample,16384,512,tile8,8,617638
sample,16384,512,tile8,9,612925
sample,16384,512,tile8,10,619146
sample,16384,512,tile8,11,617183
sample,16384,512,tile8,12,790544
sample,16384,512,tile8,13,797442
sample,16384,512,tile8,14,792721
sample,16384,512,tile8,15,830349
sample,16384,512,tile8,16,783711
sample,16384,512,tile8,17,796498
sample,16384,512,tile8,18,794257
sample,16384,512,tile8,19,807266
sample,16384,512,tile8,20,798339
sample,16384,512,tile8,21,799016
sample,16384,512,tile8,22,803628
sample,16384,512,tile8,23,799543
sample,16384,512,tile8,24,789647
sample,16384,512,tile8,25,624146
sample,16384,512,tile8,26,618230
sample,16384,512,tile8,27,620748
sample,16384,512,tile8,28,624109
sample,16384,512,tile8,29,630777
measured,16384,2048,vec4,4194304,16777216,5,30,14,833627,883738,6be3b72c15a212b9,3199380bd5011e6c,none,none
sample,16384,2048,vec4,0,839821
sample,16384,2048,vec4,1,838276
sample,16384,2048,vec4,2,831998
sample,16384,2048,vec4,3,837915
sample,16384,2048,vec4,4,833627
sample,16384,2048,vec4,5,883738
sample,16384,2048,vec4,6,839450
sample,16384,2048,vec4,7,835145
sample,16384,2048,vec4,8,846387
sample,16384,2048,vec4,9,847405
sample,16384,2048,vec4,10,874682
sample,16384,2048,vec4,11,837128
sample,16384,2048,vec4,12,899887
sample,16384,2048,vec4,13,839988
sample,16384,2048,vec4,14,858183
sample,16384,2048,vec4,15,844572
sample,16384,2048,vec4,16,861979
sample,16384,2048,vec4,17,757146
sample,16384,2048,vec4,18,751118
sample,16384,2048,vec4,19,755127
sample,16384,2048,vec4,20,753729
sample,16384,2048,vec4,21,747850
sample,16384,2048,vec4,22,754359
sample,16384,2048,vec4,23,781535
sample,16384,2048,vec4,24,734349
sample,16384,2048,vec4,25,715572
sample,16384,2048,vec4,26,704516
sample,16384,2048,vec4,27,699813
sample,16384,2048,vec4,28,693054
sample,16384,2048,vec4,29,696201
measured,16384,2048,fused2,4194304,16777216,5,30,13,788822,845488,6be3b72c15a212b9,3199380bd5011e6c,none,none
sample,16384,2048,fused2,0,792016
sample,16384,2048,fused2,1,791803
sample,16384,2048,fused2,2,786534
sample,16384,2048,fused2,3,857728
sample,16384,2048,fused2,4,794256
sample,16384,2048,fused2,5,830711
sample,16384,2048,fused2,6,801063
sample,16384,2048,fused2,7,791332
sample,16384,2048,fused2,8,808118
sample,16384,2048,fused2,9,799442
sample,16384,2048,fused2,10,805432
sample,16384,2048,fused2,11,788822
sample,16384,2048,fused2,12,799155
sample,16384,2048,fused2,13,793507
sample,16384,2048,fused2,14,827295
sample,16384,2048,fused2,15,796376
sample,16384,2048,fused2,16,845488
sample,16384,2048,fused2,17,751554
sample,16384,2048,fused2,18,709285
sample,16384,2048,fused2,19,715655
sample,16384,2048,fused2,20,712387
sample,16384,2048,fused2,21,714239
sample,16384,2048,fused2,22,716036
sample,16384,2048,fused2,23,764072
sample,16384,2048,fused2,24,693942
sample,16384,2048,fused2,25,650729
sample,16384,2048,fused2,26,648424
sample,16384,2048,fused2,27,657970
sample,16384,2048,fused2,28,660322
sample,16384,2048,fused2,29,671998
measured,16384,2048,tile8,4194304,16777216,5,30,12,992636,1014618,6be3b72c15a212b9,3199380bd5011e6c,none,none
sample,16384,2048,tile8,0,998367
sample,16384,2048,tile8,1,996941
sample,16384,2048,tile8,2,991599
sample,16384,2048,tile8,3,1014618
sample,16384,2048,tile8,4,999627
sample,16384,2048,tile8,5,995950
sample,16384,2048,tile8,6,1004479
sample,16384,2048,tile8,7,992636
sample,16384,2048,tile8,8,1009321
sample,16384,2048,tile8,9,1000451
sample,16384,2048,tile8,10,1002238
sample,16384,2048,tile8,11,998460
sample,16384,2048,tile8,12,993710
sample,16384,2048,tile8,13,996987
sample,16384,2048,tile8,14,995571
sample,16384,2048,tile8,15,1026146
sample,16384,2048,tile8,16,1003052
sample,16384,2048,tile8,17,961238
sample,16384,2048,tile8,18,867237
sample,16384,2048,tile8,19,864117
sample,16384,2048,tile8,20,886887
sample,16384,2048,tile8,21,857941
sample,16384,2048,tile8,22,873237
sample,16384,2048,tile8,23,865385
sample,16384,2048,tile8,24,833553
sample,16384,2048,tile8,25,783090
sample,16384,2048,tile8,26,777072
sample,16384,2048,tile8,27,772108
sample,16384,2048,tile8,28,826137
sample,16384,2048,tile8,29,774526
measured,65536,128,vec4,1048576,4194304,5,30,16,610573,632906,9ec0db29a14c575b,4098921c6b362ecd,none,none
sample,65536,128,vec4,0,611803
sample,65536,128,vec4,1,610470
sample,65536,128,vec4,2,608517
sample,65536,128,vec4,3,609323
sample,65536,128,vec4,4,596286
sample,65536,128,vec4,5,621906
sample,65536,128,vec4,6,608730
sample,65536,128,vec4,7,608720
sample,65536,128,vec4,8,612665
sample,65536,128,vec4,9,614323
sample,65536,128,vec4,10,606248
sample,65536,128,vec4,11,615655
sample,65536,128,vec4,12,620822
sample,65536,128,vec4,13,632906
sample,65536,128,vec4,14,659332
sample,65536,128,vec4,15,615962
sample,65536,128,vec4,16,618322
sample,65536,128,vec4,17,619703
sample,65536,128,vec4,18,607212
sample,65536,128,vec4,19,628581
sample,65536,128,vec4,20,616933
sample,65536,128,vec4,21,610573
sample,65536,128,vec4,22,612147
sample,65536,128,vec4,23,604081
sample,65536,128,vec4,24,607711
sample,65536,128,vec4,25,609998
sample,65536,128,vec4,26,607349
sample,65536,128,vec4,27,619878
sample,65536,128,vec4,28,610072
sample,65536,128,vec4,29,607656
measured,65536,128,fused2,1048576,4194304,5,30,15,585314,630452,9ec0db29a14c575b,4098921c6b362ecd,none,none
sample,65536,128,fused2,0,590896
sample,65536,128,fused2,1,583164
sample,65536,128,fused2,2,580527
sample,65536,128,fused2,3,594258
sample,65536,128,fused2,4,580036
sample,65536,128,fused2,5,584499
sample,65536,128,fused2,6,585314
sample,65536,128,fused2,7,587581
sample,65536,128,fused2,8,583035
sample,65536,128,fused2,9,585694
sample,65536,128,fused2,10,585100
sample,65536,128,fused2,11,599146
sample,65536,128,fused2,12,598239
sample,65536,128,fused2,13,585452
sample,65536,128,fused2,14,587230
sample,65536,128,fused2,15,590416
sample,65536,128,fused2,16,588711
sample,65536,128,fused2,17,634027
sample,65536,128,fused2,18,586972
sample,65536,128,fused2,19,590712
sample,65536,128,fused2,20,584629
sample,65536,128,fused2,21,586129
sample,65536,128,fused2,22,583481
sample,65536,128,fused2,23,580841
sample,65536,128,fused2,24,577878
sample,65536,128,fused2,25,581840
sample,65536,128,fused2,26,584970
sample,65536,128,fused2,27,583305
sample,65536,128,fused2,28,630452
sample,65536,128,fused2,29,580777
measured,65536,128,tile8,1048576,4194304,5,30,14,586212,642277,9ec0db29a14c575b,4098921c6b362ecd,none,none
sample,65536,128,tile8,0,588201
sample,65536,128,tile8,1,582943
sample,65536,128,tile8,2,587323
sample,65536,128,tile8,3,575601
sample,65536,128,tile8,4,580073
sample,65536,128,tile8,5,586212
sample,65536,128,tile8,6,587629
sample,65536,128,tile8,7,590229
sample,65536,128,tile8,8,589286
sample,65536,128,tile8,9,596286
sample,65536,128,tile8,10,583138
sample,65536,128,tile8,11,596257
sample,65536,128,tile8,12,591683
sample,65536,128,tile8,13,589526
sample,65536,128,tile8,14,603805
sample,65536,128,tile8,15,586092
sample,65536,128,tile8,16,586758
sample,65536,128,tile8,17,646174
sample,65536,128,tile8,18,587629
sample,65536,128,tile8,19,590369
sample,65536,128,tile8,20,585054
sample,65536,128,tile8,21,582916
sample,65536,128,tile8,22,585694
sample,65536,128,tile8,23,584295
sample,65536,128,tile8,24,581869
sample,65536,128,tile8,25,582508
sample,65536,128,tile8,26,584870
sample,65536,128,tile8,27,585267
sample,65536,128,tile8,28,583396
sample,65536,128,tile8,29,642277
measured,65536,512,vec4,4194304,16777216,5,30,16,772239,804544,84d06402da633040,29115d73667dee45,none,none
sample,65536,512,vec4,0,947895
sample,65536,512,vec4,1,768248
sample,65536,512,vec4,2,763757
sample,65536,512,vec4,3,755776
sample,65536,512,vec4,4,769480
sample,65536,512,vec4,5,770877
sample,65536,512,vec4,6,785109
sample,65536,512,vec4,7,771896
sample,65536,512,vec4,8,775100
sample,65536,512,vec4,9,788035
sample,65536,512,vec4,10,770331
sample,65536,512,vec4,11,787377
sample,65536,512,vec4,12,771443
sample,65536,512,vec4,13,783682
sample,65536,512,vec4,14,804544
sample,65536,512,vec4,15,773582
sample,65536,512,vec4,16,804535
sample,65536,512,vec4,17,775424
sample,65536,512,vec4,18,772747
sample,65536,512,vec4,19,772081
sample,65536,512,vec4,20,768702
sample,65536,512,vec4,21,799109
sample,65536,512,vec4,22,766396
sample,65536,512,vec4,23,776933
sample,65536,512,vec4,24,768295
sample,65536,512,vec4,25,777350
sample,65536,512,vec4,26,768655
sample,65536,512,vec4,27,768193
sample,65536,512,vec4,28,772774
sample,65536,512,vec4,29,772239
measured,65536,512,fused2,4194304,16777216,5,30,15,739739,775479,84d06402da633040,29115d73667dee45,none,none
sample,65536,512,fused2,0,962730
sample,65536,512,fused2,1,741674
sample,65536,512,fused2,2,733350
sample,65536,512,fused2,3,737248
sample,65536,512,fused2,4,738470
sample,65536,512,fused2,5,734961
sample,65536,512,fused2,6,737767
sample,65536,512,fused2,7,775479
sample,65536,512,fused2,8,735100
sample,65536,512,fused2,9,743598
sample,65536,512,fused2,10,740924
sample,65536,512,fused2,11,742867
sample,65536,512,fused2,12,740489
sample,65536,512,fused2,13,742609
sample,65536,512,fused2,14,748544
sample,65536,512,fused2,15,739359
sample,65536,512,fused2,16,739739
sample,65536,512,fused2,17,737591
sample,65536,512,fused2,18,743757
sample,65536,512,fused2,19,742526
sample,65536,512,fused2,20,741599
sample,65536,512,fused2,21,738730
sample,65536,512,fused2,22,737155
sample,65536,512,fused2,23,771108
sample,65536,512,fused2,24,756443
sample,65536,512,fused2,25,738165
sample,65536,512,fused2,26,738905
sample,65536,512,fused2,27,739443
sample,65536,512,fused2,28,750211
sample,65536,512,fused2,29,739461
measured,65536,512,tile8,4194304,16777216,5,30,14,846025,873897,84d06402da633040,29115d73667dee45,none,none
sample,65536,512,tile8,0,837155
sample,65536,512,tile8,1,834359
sample,65536,512,tile8,2,854682
sample,65536,512,tile8,3,825591
sample,65536,512,tile8,4,832610
sample,65536,512,tile8,5,832423
sample,65536,512,tile8,6,835461
sample,65536,512,tile8,7,879599
sample,65536,512,tile8,8,861303
sample,65536,512,tile8,9,837979
sample,65536,512,tile8,10,843721
sample,65536,512,tile8,11,843600
sample,65536,512,tile8,12,846784
sample,65536,512,tile8,13,850545
sample,65536,512,tile8,14,873897
sample,65536,512,tile8,15,856136
sample,65536,512,tile8,16,849313
sample,65536,512,tile8,17,842155
sample,65536,512,tile8,18,846350
sample,65536,512,tile8,19,846635
sample,65536,512,tile8,20,836507
sample,65536,512,tile8,21,849424
sample,65536,512,tile8,22,846025
sample,65536,512,tile8,23,838812
sample,65536,512,tile8,24,846386
sample,65536,512,tile8,25,846433
sample,65536,512,tile8,26,837599
sample,65536,512,tile8,27,852720
sample,65536,512,tile8,28,854108
sample,65536,512,tile8,29,843109
skipped_limit,65536,2048,vec4,16777216,67108864,NA,NA,NA,NA,NA,NA,NA,cohort_dispatch_limit,none
skipped_limit,65536,2048,fused2,16777216,67108864,NA,NA,NA,NA,NA,NA,NA,cohort_dispatch_limit,none
skipped_limit,65536,2048,tile8,16777216,67108864,NA,NA,NA,NA,NA,NA,NA,cohort_dispatch_limit,none
measured,262144,128,vec4,4194304,16777216,5,30,18,895785,929507,603e59446e81431f,99960c282a7f4ca5,none,none
sample,262144,128,vec4,0,896683
sample,262144,128,vec4,1,882415
sample,262144,128,vec4,2,901581
sample,262144,128,vec4,3,886710
sample,262144,128,vec4,4,907090
sample,262144,128,vec4,5,891904
sample,262144,128,vec4,6,894978
sample,262144,128,vec4,7,892775
sample,262144,128,vec4,8,899330
sample,262144,128,vec4,9,895785
sample,262144,128,vec4,10,903488
sample,262144,128,vec4,11,894886
sample,262144,128,vec4,12,897340
sample,262144,128,vec4,13,900923
sample,262144,128,vec4,14,883758
sample,262144,128,vec4,15,901561
sample,262144,128,vec4,16,891776
sample,262144,128,vec4,17,940821
sample,262144,128,vec4,18,890219
sample,262144,128,vec4,19,886886
sample,262144,128,vec4,20,890691
sample,262144,128,vec4,21,900405
sample,262144,128,vec4,22,902414
sample,262144,128,vec4,23,912202
sample,262144,128,vec4,24,914776
sample,262144,128,vec4,25,890525
sample,262144,128,vec4,26,920701
sample,262144,128,vec4,27,929507
sample,262144,128,vec4,28,889480
sample,262144,128,vec4,29,894839
measured,262144,128,fused2,4194304,16777216,5,30,17,889137,921414,603e59446e81431f,99960c282a7f4ca5,none,none
sample,262144,128,fused2,0,921414
sample,262144,128,fused2,1,906062
sample,262144,128,fused2,2,894756
sample,262144,128,fused2,3,924831
sample,262144,128,fused2,4,889951
sample,262144,128,fused2,5,901109
sample,262144,128,fused2,6,888081
sample,262144,128,fused2,7,879267
sample,262144,128,fused2,8,889201
sample,262144,128,fused2,9,884406
sample,262144,128,fused2,10,872534
sample,262144,128,fused2,11,875247
sample,262144,128,fused2,12,882776
sample,262144,128,fused2,13,900145
sample,262144,128,fused2,14,910302
sample,262144,128,fused2,15,886100
sample,262144,128,fused2,16,889137
sample,262144,128,fused2,17,892849
sample,262144,128,fused2,18,870571
sample,262144,128,fused2,19,887960
sample,262144,128,fused2,20,885025
sample,262144,128,fused2,21,892275
sample,262144,128,fused2,22,913469
sample,262144,128,fused2,23,892054
sample,262144,128,fused2,24,881331
sample,262144,128,fused2,25,896081
sample,262144,128,fused2,26,889415
sample,262144,128,fused2,27,880840
sample,262144,128,fused2,28,884665
sample,262144,128,fused2,29,886497
measured,262144,128,tile8,4194304,16777216,5,30,16,989933,1008960,603e59446e81431f,99960c282a7f4ca5,none,none
sample,262144,128,tile8,0,989256
sample,262144,128,tile8,1,985154
sample,262144,128,tile8,2,990673
sample,262144,128,tile8,3,989933
sample,262144,128,tile8,4,970988
sample,262144,128,tile8,5,1000006
sample,262144,128,tile8,6,1019645
sample,262144,128,tile8,7,988554
sample,262144,128,tile8,8,1001441
sample,262144,128,tile8,9,995739
sample,262144,128,tile8,10,996303
sample,262144,128,tile8,11,984303
sample,262144,128,tile8,12,993757
sample,262144,128,tile8,13,979257
sample,262144,128,tile8,14,964100
sample,262144,128,tile8,15,1000691
sample,262144,128,tile8,16,996173
sample,262144,128,tile8,17,983062
sample,262144,128,tile8,18,963821
sample,262144,128,tile8,19,998580
sample,262144,128,tile8,20,996719
sample,262144,128,tile8,21,989775
sample,262144,128,tile8,22,979599
sample,262144,128,tile8,23,1008960
sample,262144,128,tile8,24,982793
sample,262144,128,tile8,25,999377
sample,262144,128,tile8,26,977247
sample,262144,128,tile8,27,1005978
sample,262144,128,tile8,28,969702
sample,262144,128,tile8,29,1002738
skipped_limit,262144,512,vec4,16777216,67108864,NA,NA,NA,NA,NA,NA,NA,cohort_dispatch_limit,none
skipped_limit,262144,512,fused2,16777216,67108864,NA,NA,NA,NA,NA,NA,NA,cohort_dispatch_limit,none
skipped_limit,262144,512,tile8,16777216,67108864,NA,NA,NA,NA,NA,NA,NA,cohort_dispatch_limit,none
skipped_limit,262144,2048,vec4,67108864,268435456,NA,NA,NA,NA,NA,NA,NA,cohort_dispatch_limit,none
skipped_limit,262144,2048,fused2,67108864,268435456,NA,NA,NA,NA,NA,NA,NA,cohort_dispatch_limit,none
skipped_limit,262144,2048,tile8,67108864,268435456,NA,NA,NA,NA,NA,NA,NA,cohort_dispatch_limit,none
skipped_limit,1048576,128,vec4,16777216,67108864,NA,NA,NA,NA,NA,NA,NA,cohort_dispatch_limit,none
skipped_limit,1048576,128,fused2,16777216,67108864,NA,NA,NA,NA,NA,NA,NA,cohort_dispatch_limit,none
skipped_limit,1048576,128,tile8,16777216,67108864,NA,NA,NA,NA,NA,NA,NA,cohort_dispatch_limit,none
skipped_limit,1048576,512,vec4,67108864,268435456,NA,NA,NA,NA,NA,NA,NA,cohort_dispatch_limit,none
skipped_limit,1048576,512,fused2,67108864,268435456,NA,NA,NA,NA,NA,NA,NA,cohort_dispatch_limit,none
skipped_limit,1048576,512,tile8,67108864,268435456,NA,NA,NA,NA,NA,NA,NA,cohort_dispatch_limit,none
skipped_limit,1048576,2048,vec4,268435456,1073741824,NA,NA,NA,NA,NA,NA,NA,cohort_dispatch_limit,none
skipped_limit,1048576,2048,fused2,268435456,1073741824,NA,NA,NA,NA,NA,NA,NA,cohort_dispatch_limit,none
skipped_limit,1048576,2048,tile8,268435456,1073741824,NA,NA,NA,NA,NA,NA,NA,cohort_dispatch_limit,none
qualification_status=complete
