benchmark=pvp3d_three_candidate_same_device
source_revision=50c0230cc645bd44f1520e2c7194878a4b13009c
adapter=NVIDIA Tegra NVIDIA Thor
backend=Vulkan
device_type=IntegratedGpu
vendor_id=4318
device_id=11008
driver=NVIDIA
driver_info=580.00
hardware_measurement_eligible=true
physical_admission=external_remoteops_evidence_required
performance_claim=none
primary_timing_scope=resident_encode_plus_queue_submit_plus_device_wait
state_reset_scope=completed_before_timer
correctness_readback_scope=before_and_after_timing
candidate_order=ABC_ACB_BAC_BCA_CAB_CBA
resident_payload_scope=source_plus_three_states_excludes_driver_uniforms_and_readback
status,k,g,candidate,state_bytes,resident_payload_bytes,warmups,repeats,logical_dispatches,p50_ns,p95_ns,input_checksum,output_checksum,skip_reason,performance_claim
measured,256,128,vec4,4096,16384,5,30,8,385777,412878,4c67926a9205d7b4,956299587c8af4b4,none,none
sample,256,128,vec4,0,373897
sample,256,128,vec4,1,362861
sample,256,128,vec4,2,395138
sample,256,128,vec4,3,368175
sample,256,128,vec4,4,372897
sample,256,128,vec4,5,372887
sample,256,128,vec4,6,375415
sample,256,128,vec4,7,376092
sample,256,128,vec4,8,371368
sample,256,128,vec4,9,378248
sample,256,128,vec4,10,363777
sample,256,128,vec4,11,366777
sample,256,128,vec4,12,367406
sample,256,128,vec4,13,374878
sample,256,128,vec4,14,389924
sample,256,128,vec4,15,388693
sample,256,128,vec4,16,375341
sample,256,128,vec4,17,385777
sample,256,128,vec4,18,393906
sample,256,128,vec4,19,398490
sample,256,128,vec4,20,393620
sample,256,128,vec4,21,398888
sample,256,128,vec4,22,395322
sample,256,128,vec4,23,400342
sample,256,128,vec4,24,411879
sample,256,128,vec4,25,407878
sample,256,128,vec4,26,443832
sample,256,128,vec4,27,406064
sample,256,128,vec4,28,412878
sample,256,128,vec4,29,408258
measured,256,128,fused2,4096,16384,5,30,7,359546,409026,4c67926a9205d7b4,956299587c8af4b4,none,none
sample,256,128,fused2,0,348897
sample,256,128,fused2,1,345813
sample,256,128,fused2,2,343388
sample,256,128,fused2,3,353795
sample,256,128,fused2,4,350610
sample,256,128,fused2,5,356147
sample,256,128,fused2,6,345398
sample,256,128,fused2,7,339916
sample,256,128,fused2,8,355398
sample,256,128,fused2,9,367036
sample,256,128,fused2,10,347647
sample,256,128,fused2,11,355990
sample,256,128,fused2,12,344693
sample,256,128,fused2,13,358851
sample,256,128,fused2,14,359546
sample,256,128,fused2,15,409026
sample,256,128,fused2,16,363758
sample,256,128,fused2,17,355379
sample,256,128,fused2,18,375036
sample,256,128,fused2,19,379369
sample,256,128,fused2,20,376453
sample,256,128,fused2,21,371693
sample,256,128,fused2,22,379944
sample,256,128,fused2,23,375628
sample,256,128,fused2,24,380507
sample,256,128,fused2,25,394175
sample,256,128,fused2,26,458786
sample,256,128,fused2,27,388249
sample,256,128,fused2,28,404369
sample,256,128,fused2,29,391851
measured,256,128,tile8,4096,16384,5,30,6,336861,369870,4c67926a9205d7b4,956299587c8af4b4,none,none
sample,256,128,tile8,0,318897
sample,256,128,tile8,1,321888
sample,256,128,tile8,2,340722
sample,256,128,tile8,3,323980
sample,256,128,tile8,4,326555
sample,256,128,tile8,5,328157
sample,256,128,tile8,6,322592
sample,256,128,tile8,7,315814
sample,256,128,tile8,8,326554
sample,256,128,tile8,9,335128
sample,256,128,tile8,10,318629
sample,256,128,tile8,11,325147
sample,256,128,tile8,12,320953
sample,256,128,tile8,13,340147
sample,256,128,tile8,14,336861
sample,256,128,tile8,15,338129
sample,256,128,tile8,16,329361
sample,256,128,tile8,17,330813
sample,256,128,tile8,18,347573
sample,256,128,tile8,19,352157
sample,256,128,tile8,20,346777
sample,256,128,tile8,21,352397
sample,256,128,tile8,22,347610
sample,256,128,tile8,23,347971
sample,256,128,tile8,24,352962
sample,256,128,tile8,25,369870
sample,256,128,tile8,26,359786
sample,256,128,tile8,27,355314
sample,256,128,tile8,28,355573
sample,256,128,tile8,29,392499
measured,256,512,vec4,16384,65536,5,30,8,311027,442592,38bbe1f688e24d78,1c8bb372f8f1302e,none,none
sample,256,512,vec4,0,479656
sample,256,512,vec4,1,436008
sample,256,512,vec4,2,442592
sample,256,512,vec4,3,376601
sample,256,512,vec4,4,309119
sample,256,512,vec4,5,302656
sample,256,512,vec4,6,288638
sample,256,512,vec4,7,299064
sample,256,512,vec4,8,304138
sample,256,512,vec4,9,306861
sample,256,512,vec4,10,310879
sample,256,512,vec4,11,306611
sample,256,512,vec4,12,315841
sample,256,512,vec4,13,312665
sample,256,512,vec4,14,311027
sample,256,512,vec4,15,305360
sample,256,512,vec4,16,307092
sample,256,512,vec4,17,318277
sample,256,512,vec4,18,314360
sample,256,512,vec4,19,313814
sample,256,512,vec4,20,327777
sample,256,512,vec4,21,310666
sample,256,512,vec4,22,310767
sample,256,512,vec4,23,314128
sample,256,512,vec4,24,308952
sample,256,512,vec4,25,307092
sample,256,512,vec4,26,323925
sample,256,512,vec4,27,339638
sample,256,512,vec4,28,323536
sample,256,512,vec4,29,314453
measured,256,512,fused2,16384,65536,5,30,7,285008,423277,38bbe1f688e24d78,1c8bb372f8f1302e,none,none
sample,256,512,fused2,0,423277
sample,256,512,fused2,1,420906
sample,256,512,fused2,2,416868
sample,256,512,fused2,3,418694
sample,256,512,fused2,4,302258
sample,256,512,fused2,5,268527
sample,256,512,fused2,6,268397
sample,256,512,fused2,7,265795
sample,256,512,fused2,8,275842
sample,256,512,fused2,9,271620
sample,256,512,fused2,10,275380
sample,256,512,fused2,11,275639
sample,256,512,fused2,12,274981
sample,256,512,fused2,13,278388
sample,256,512,fused2,14,277842
sample,256,512,fused2,15,276712
sample,256,512,fused2,16,664452
sample,256,512,fused2,17,287508
sample,256,512,fused2,18,286712
sample,256,512,fused2,19,284583
sample,256,512,fused2,20,299925
sample,256,512,fused2,21,291693
sample,256,512,fused2,22,276259
sample,256,512,fused2,23,311258
sample,256,512,fused2,24,277119
sample,256,512,fused2,25,294406
sample,256,512,fused2,26,289897
sample,256,512,fused2,27,297157
sample,256,512,fused2,28,299314
sample,256,512,fused2,29,285008
measured,256,512,tile8,16384,65536,5,30,6,248871,392202,38bbe1f688e24d78,1c8bb372f8f1302e,none,none
sample,256,512,tile8,0,385110
sample,256,512,tile8,1,392202
sample,256,512,tile8,2,382268
sample,256,512,tile8,3,396036
sample,256,512,tile8,4,290712
sample,256,512,tile8,5,242091
sample,256,512,tile8,6,238471
sample,256,512,tile8,7,240258
sample,256,512,tile8,8,241387
sample,256,512,tile8,9,241500
sample,256,512,tile8,10,250889
sample,256,512,tile8,11,248871
sample,256,512,tile8,12,246528
sample,256,512,tile8,13,245980
sample,256,512,tile8,14,248601
sample,256,512,tile8,15,244926
sample,256,512,tile8,16,245630
sample,256,512,tile8,17,278628
sample,256,512,tile8,18,251518
sample,256,512,tile8,19,281184
sample,256,512,tile8,20,259389
sample,256,512,tile8,21,257176
sample,256,512,tile8,22,248250
sample,256,512,tile8,23,246093
sample,256,512,tile8,24,247008
sample,256,512,tile8,25,247897
sample,256,512,tile8,26,257342
sample,256,512,tile8,27,259471
sample,256,512,tile8,28,285128
sample,256,512,tile8,29,251981
measured,256,2048,vec4,65536,262144,5,30,8,336194,388851,c9e538e9f9dccedd,259153fc2c7bc4e7,none,none
sample,256,2048,vec4,0,330952
sample,256,2048,vec4,1,338221
sample,256,2048,vec4,2,333712
sample,256,2048,vec4,3,337064
sample,256,2048,vec4,4,346804
sample,256,2048,vec4,5,332925
sample,256,2048,vec4,6,332786
sample,256,2048,vec4,7,330851
sample,256,2048,vec4,8,350119
sample,256,2048,vec4,9,340064
sample,256,2048,vec4,10,336194
sample,256,2048,vec4,11,338749
sample,256,2048,vec4,12,388851
sample,256,2048,vec4,13,258008
sample,256,2048,vec4,14,267156
sample,256,2048,vec4,15,354934
sample,256,2048,vec4,16,336110
sample,256,2048,vec4,17,335184
sample,256,2048,vec4,18,340230
sample,256,2048,vec4,19,334888
sample,256,2048,vec4,20,347156
sample,256,2048,vec4,21,336721
sample,256,2048,vec4,22,339268
sample,256,2048,vec4,23,337768
sample,256,2048,vec4,24,333591
sample,256,2048,vec4,25,335313
sample,256,2048,vec4,26,335277
sample,256,2048,vec4,27,335805
sample,256,2048,vec4,28,337527
sample,256,2048,vec4,29,483285
measured,256,2048,fused2,65536,262144,5,30,7,303657,328693,c9e538e9f9dccedd,259153fc2c7bc4e7,none,none
sample,256,2048,fused2,0,296952
sample,256,2048,fused2,1,304148
sample,256,2048,fused2,2,328693
sample,256,2048,fused2,3,304407
sample,256,2048,fused2,4,307981
sample,256,2048,fused2,5,309916
sample,256,2048,fused2,6,304147
sample,256,2048,fused2,7,307471
sample,256,2048,fused2,8,303657
sample,256,2048,fused2,9,306740
sample,256,2048,fused2,10,301379
sample,256,2048,fused2,11,300989
sample,256,2048,fused2,12,281249
sample,256,2048,fused2,13,230036
sample,256,2048,fused2,14,223759
sample,256,2048,fused2,15,300008
sample,256,2048,fused2,16,299860
sample,256,2048,fused2,17,299036
sample,256,2048,fused2,18,304119
sample,256,2048,fused2,19,304064
sample,256,2048,fused2,20,327499
sample,256,2048,fused2,21,310424
sample,256,2048,fused2,22,301045
sample,256,2048,fused2,23,300731
sample,256,2048,fused2,24,301508
sample,256,2048,fused2,25,302083
sample,256,2048,fused2,26,298758
sample,256,2048,fused2,27,304739
sample,256,2048,fused2,28,306379
sample,256,2048,fused2,29,995553
measured,256,2048,tile8,65536,262144,5,30,6,276054,315629,c9e538e9f9dccedd,259153fc2c7bc4e7,none,none
sample,256,2048,tile8,0,268916
sample,256,2048,tile8,1,274388
sample,256,2048,tile8,2,282406
sample,256,2048,tile8,3,266795
sample,256,2048,tile8,4,274175
sample,256,2048,tile8,5,277546
sample,256,2048,tile8,6,270101
sample,256,2048,tile8,7,280573
sample,256,2048,tile8,8,278749
sample,256,2048,tile8,9,281666
sample,256,2048,tile8,10,276054
sample,256,2048,tile8,11,275138
sample,256,2048,tile8,12,261834
sample,256,2048,tile8,13,206851
sample,256,2048,tile8,14,283128
sample,256,2048,tile8,15,280407
sample,256,2048,tile8,16,275490
sample,256,2048,tile8,17,272416
sample,256,2048,tile8,18,271897
sample,256,2048,tile8,19,273518
sample,256,2048,tile8,20,288156
sample,256,2048,tile8,21,279073
sample,256,2048,tile8,22,276332
sample,256,2048,tile8,23,291850
sample,256,2048,tile8,24,274925
sample,256,2048,tile8,25,274971
sample,256,2048,tile8,26,315629
sample,256,2048,tile8,27,316721
sample,256,2048,tile8,28,284249
sample,256,2048,tile8,29,276406
measured,1024,128,vec4,16384,65536,5,30,10,326360,493694,26abf5bddd03bbc5,79acd556594188cd,none,none
sample,1024,128,vec4,0,278684
sample,1024,128,vec4,1,280842
sample,1024,128,vec4,2,279435
sample,1024,128,vec4,3,281249
sample,1024,128,vec4,4,281332
sample,1024,128,vec4,5,284471
sample,1024,128,vec4,6,292203
sample,1024,128,vec4,7,285056
sample,1024,128,vec4,8,286518
sample,1024,128,vec4,9,331249
sample,1024,128,vec4,10,369351
sample,1024,128,vec4,11,303407
sample,1024,128,vec4,12,293286
sample,1024,128,vec4,13,361665
sample,1024,128,vec4,14,296665
sample,1024,128,vec4,15,332407
sample,1024,128,vec4,16,329240
sample,1024,128,vec4,17,326360
sample,1024,128,vec4,18,323277
sample,1024,128,vec4,19,328064
sample,1024,128,vec4,20,332231
sample,1024,128,vec4,21,329693
sample,1024,128,vec4,22,331962
sample,1024,128,vec4,23,389240
sample,1024,128,vec4,24,351425
sample,1024,128,vec4,25,1784300
sample,1024,128,vec4,26,493694
sample,1024,128,vec4,27,413351
sample,1024,128,vec4,28,410045
sample,1024,128,vec4,29,320397
measured,1024,128,fused2,16384,65536,5,30,9,300295,585035,26abf5bddd03bbc5,79acd556594188cd,none,none
sample,1024,128,fused2,0,260990
sample,1024,128,fused2,1,259408
sample,1024,128,fused2,2,257500
sample,1024,128,fused2,3,258166
sample,1024,128,fused2,4,306749
sample,1024,128,fused2,5,315648
sample,1024,128,fused2,6,261156
sample,1024,128,fused2,7,260851
sample,1024,128,fused2,8,260629
sample,1024,128,fused2,9,268249
sample,1024,128,fused2,10,290276
sample,1024,128,fused2,11,270277
sample,1024,128,fused2,12,285907
sample,1024,128,fused2,13,348258
sample,1024,128,fused2,14,281935
sample,1024,128,fused2,15,307518
sample,1024,128,fused2,16,299194
sample,1024,128,fused2,17,299490
sample,1024,128,fused2,18,300295
sample,1024,128,fused2,19,307323
sample,1024,128,fused2,20,307934
sample,1024,128,fused2,21,303629
sample,1024,128,fused2,22,306415
sample,1024,128,fused2,23,1028414
sample,1024,128,fused2,24,305028
sample,1024,128,fused2,25,401461
sample,1024,128,fused2,26,585035
sample,1024,128,fused2,27,326610
sample,1024,128,fused2,28,367046
sample,1024,128,fused2,29,352999
measured,1024,128,tile8,16384,65536,5,30,8,268045,457804,26abf5bddd03bbc5,79acd556594188cd,none,none
sample,1024,128,tile8,0,233693
sample,1024,128,tile8,1,234656
sample,1024,128,tile8,2,234925
sample,1024,128,tile8,3,235147
sample,1024,128,tile8,4,235259
sample,1024,128,tile8,5,250379
sample,1024,128,tile8,6,236630
sample,1024,128,tile8,7,235981
sample,1024,128,tile8,8,240554
sample,1024,128,tile8,9,240425
sample,1024,128,tile8,10,245323
sample,1024,128,tile8,11,248832
sample,1024,128,tile8,12,297370
sample,1024,128,tile8,13,870284
sample,1024,128,tile8,14,243991
sample,1024,128,tile8,15,271990
sample,1024,128,tile8,16,278297
sample,1024,128,tile8,17,270610
sample,1024,128,tile8,18,268045
sample,1024,128,tile8,19,269832
sample,1024,128,tile8,20,274628
sample,1024,128,tile8,21,272787
sample,1024,128,tile8,22,273472
sample,1024,128,tile8,23,273619
sample,1024,128,tile8,24,276130
sample,1024,128,tile8,25,457804
sample,1024,128,tile8,26,385016
sample,1024,128,tile8,27,264314
sample,1024,128,tile8,28,334508
sample,1024,128,tile8,29,326462
measured,1024,512,vec4,65536,262144,5,30,10,383276,429184,0949b62ffc70d026,7663f0c9d3466943,none,none
sample,1024,512,vec4,0,331702
sample,1024,512,vec4,1,329952
sample,1024,512,vec4,2,374211
sample,1024,512,vec4,3,331082
sample,1024,512,vec4,4,331777
sample,1024,512,vec4,5,335156
sample,1024,512,vec4,6,337693
sample,1024,512,vec4,7,332517
sample,1024,512,vec4,8,311212
sample,1024,512,vec4,9,386545
sample,1024,512,vec4,10,383555
sample,1024,512,vec4,11,383276
sample,1024,512,vec4,12,407694
sample,1024,512,vec4,13,393009
sample,1024,512,vec4,14,393082
sample,1024,512,vec4,15,410074
sample,1024,512,vec4,16,406045
sample,1024,512,vec4,17,403424
sample,1024,512,vec4,18,403240
sample,1024,512,vec4,19,402184
sample,1024,512,vec4,20,401138
sample,1024,512,vec4,21,429184
sample,1024,512,vec4,22,400193
sample,1024,512,vec4,23,384305
sample,1024,512,vec4,24,545340
sample,1024,512,vec4,25,353712
sample,1024,512,vec4,26,373341
sample,1024,512,vec4,27,380767
sample,1024,512,vec4,28,364212
sample,1024,512,vec4,29,362027
measured,1024,512,fused2,65536,262144,5,30,9,349480,376119,0949b62ffc70d026,7663f0c9d3466943,none,none
sample,1024,512,fused2,0,306323
sample,1024,512,fused2,1,342296
sample,1024,512,fused2,2,307370
sample,1024,512,fused2,3,303138
sample,1024,512,fused2,4,306536
sample,1024,512,fused2,5,311064
sample,1024,512,fused2,6,333156
sample,1024,512,fused2,7,289388
sample,1024,512,fused2,8,283953
sample,1024,512,fused2,9,408304
sample,1024,512,fused2,10,352444
sample,1024,512,fused2,11,349888
sample,1024,512,fused2,12,361628
sample,1024,512,fused2,13,359221
sample,1024,512,fused2,14,357601
sample,1024,512,fused2,15,376119
sample,1024,512,fused2,16,371221
sample,1024,512,fused2,17,371120
sample,1024,512,fused2,18,371694
sample,1024,512,fused2,19,369499
sample,1024,512,fused2,20,368674
sample,1024,512,fused2,21,368805
sample,1024,512,fused2,22,358295
sample,1024,512,fused2,23,355869
sample,1024,512,fused2,24,341804
sample,1024,512,fused2,25,319916
sample,1024,512,fused2,26,349480
sample,1024,512,fused2,27,324879
sample,1024,512,fused2,28,334481
sample,1024,512,fused2,29,332193
measured,1024,512,tile8,65536,262144,5,30,8,323795,362461,0949b62ffc70d026,7663f0c9d3466943,none,none
sample,1024,512,tile8,0,280722
sample,1024,512,tile8,1,280675
sample,1024,512,tile8,2,282360
sample,1024,512,tile8,3,281647
sample,1024,512,tile8,4,278517
sample,1024,512,tile8,5,337638
sample,1024,512,tile8,6,283397
sample,1024,512,tile8,7,280444
sample,1024,512,tile8,8,266971
sample,1024,512,tile8,9,346971
sample,1024,512,tile8,10,331694
sample,1024,512,tile8,11,323795
sample,1024,512,tile8,12,332387
sample,1024,512,tile8,13,330239
sample,1024,512,tile8,14,331128
sample,1024,512,tile8,15,398749
sample,1024,512,tile8,16,343194
sample,1024,512,tile8,17,339277
sample,1024,512,tile8,18,338776
sample,1024,512,tile8,19,336878
sample,1024,512,tile8,20,341360
sample,1024,512,tile8,21,362461
sample,1024,512,tile8,22,340786
sample,1024,512,tile8,23,328694
sample,1024,512,tile8,24,299480
sample,1024,512,tile8,25,295425
sample,1024,512,tile8,26,307999
sample,1024,512,tile8,27,296490
sample,1024,512,tile8,28,307778
sample,1024,512,tile8,29,305684
measured,1024,2048,vec4,262144,1048576,5,30,10,417646,429767,2d4a1c573b9665e7,d32c613321b43c7f,none,none
sample,1024,2048,vec4,0,367481
sample,1024,2048,vec4,1,365332
sample,1024,2048,vec4,2,409832
sample,1024,2048,vec4,3,420712
sample,1024,2048,vec4,4,409711
sample,1024,2048,vec4,5,409740
sample,1024,2048,vec4,6,413416
sample,1024,2048,vec4,7,417684
sample,1024,2048,vec4,8,417554
sample,1024,2048,vec4,9,423916
sample,1024,2048,vec4,10,414053
sample,1024,2048,vec4,11,421249
sample,1024,2048,vec4,12,417646
sample,1024,2048,vec4,13,421934
sample,1024,2048,vec4,14,420988
sample,1024,2048,vec4,15,417906
sample,1024,2048,vec4,16,412018
sample,1024,2048,vec4,17,418063
sample,1024,2048,vec4,18,418453
sample,1024,2048,vec4,19,429767
sample,1024,2048,vec4,20,417285
sample,1024,2048,vec4,21,419712
sample,1024,2048,vec4,22,417129
sample,1024,2048,vec4,23,416989
sample,1024,2048,vec4,24,417239
sample,1024,2048,vec4,25,429907
sample,1024,2048,vec4,26,419970
sample,1024,2048,vec4,27,419907
sample,1024,2048,vec4,28,423888
sample,1024,2048,vec4,29,407988
measured,1024,2048,fused2,262144,1048576,5,30,9,381934,400629,2d4a1c573b9665e7,d32c613321b43c7f,none,none
sample,1024,2048,fused2,0,337138
sample,1024,2048,fused2,1,397461
sample,1024,2048,fused2,2,375258
sample,1024,2048,fused2,3,400629
sample,1024,2048,fused2,4,391647
sample,1024,2048,fused2,5,381101
sample,1024,2048,fused2,6,377036
sample,1024,2048,fused2,7,381155
sample,1024,2048,fused2,8,378999
sample,1024,2048,fused2,9,383916
sample,1024,2048,fused2,10,382685
sample,1024,2048,fused2,11,383194
sample,1024,2048,fused2,12,382147
sample,1024,2048,fused2,13,392535
sample,1024,2048,fused2,14,380712
sample,1024,2048,fused2,15,375332
sample,1024,2048,fused2,16,379388
sample,1024,2048,fused2,17,441388
sample,1024,2048,fused2,18,377943
sample,1024,2048,fused2,19,378657
sample,1024,2048,fused2,20,382351
sample,1024,2048,fused2,21,382823
sample,1024,2048,fused2,22,382212
sample,1024,2048,fused2,23,382796
sample,1024,2048,fused2,24,381934
sample,1024,2048,fused2,25,387092
sample,1024,2048,fused2,26,381258
sample,1024,2048,fused2,27,380814
sample,1024,2048,fused2,28,382238
sample,1024,2048,fused2,29,375730
measured,1024,2048,tile8,262144,1048576,5,30,8,363388,396414,2d4a1c573b9665e7,d32c613321b43c7f,none,none
sample,1024,2048,tile8,0,323684
sample,1024,2048,tile8,1,332175
sample,1024,2048,tile8,2,393203
sample,1024,2048,tile8,3,396414
sample,1024,2048,tile8,4,357045
sample,1024,2048,tile8,5,362564
sample,1024,2048,tile8,6,359314
sample,1024,2048,tile8,7,363388
sample,1024,2048,tile8,8,361739
sample,1024,2048,tile8,9,362203
sample,1024,2048,tile8,10,364833
sample,1024,2048,tile8,11,360527
sample,1024,2048,tile8,12,365657
sample,1024,2048,tile8,13,393425
sample,1024,2048,tile8,14,361296
sample,1024,2048,tile8,15,358452
sample,1024,2048,tile8,16,360203
sample,1024,2048,tile8,17,372554
sample,1024,2048,tile8,18,359462
sample,1024,2048,tile8,19,361620
sample,1024,2048,tile8,20,365601
sample,1024,2048,tile8,21,365054
sample,1024,2048,tile8,22,363397
sample,1024,2048,tile8,23,363536
sample,1024,2048,tile8,24,376379
sample,1024,2048,tile8,25,368201
sample,1024,2048,tile8,26,365027
sample,1024,2048,tile8,27,363592
sample,1024,2048,tile8,28,400480
sample,1024,2048,tile8,29,360064
measured,4096,128,vec4,65536,262144,5,30,12,352795,490934,d878e557b6daedce,8cc85ceb09c8efed,none,none
sample,4096,128,vec4,0,490934
sample,4096,128,vec4,1,479405
sample,4096,128,vec4,2,533851
sample,4096,128,vec4,3,479758
sample,4096,128,vec4,4,478777
sample,4096,128,vec4,5,384638
sample,4096,128,vec4,6,385656
sample,4096,128,vec4,7,335046
sample,4096,128,vec4,8,397388
sample,4096,128,vec4,9,333712
sample,4096,128,vec4,10,334934
sample,4096,128,vec4,11,331082
sample,4096,128,vec4,12,339240
sample,4096,128,vec4,13,338249
sample,4096,128,vec4,14,336351
sample,4096,128,vec4,15,348796
sample,4096,128,vec4,16,344425
sample,4096,128,vec4,17,344036
sample,4096,128,vec4,18,350175
sample,4096,128,vec4,19,355610
sample,4096,128,vec4,20,357878
sample,4096,128,vec4,21,365025
sample,4096,128,vec4,22,351351
sample,4096,128,vec4,23,345434
sample,4096,128,vec4,24,347175
sample,4096,128,vec4,25,355166
sample,4096,128,vec4,26,367739
sample,4096,128,vec4,27,354156
sample,4096,128,vec4,28,352795
sample,4096,128,vec4,29,359406
measured,4096,128,fused2,65536,262144,5,30,11,328805,452953,d878e557b6daedce,8cc85ceb09c8efed,none,none
sample,4096,128,fused2,0,452350
sample,4096,128,fused2,1,451462
sample,4096,128,fused2,2,449943
sample,4096,128,fused2,3,461083
sample,4096,128,fused2,4,452953
sample,4096,128,fused2,5,347192
sample,4096,128,fused2,6,348730
sample,4096,128,fused2,7,317564
sample,4096,128,fused2,8,309777
sample,4096,128,fused2,9,369971
sample,4096,128,fused2,10,312147
sample,4096,128,fused2,11,313536
sample,4096,128,fused2,12,309546
sample,4096,128,fused2,13,316082
sample,4096,128,fused2,14,317453
sample,4096,128,fused2,15,317833
sample,4096,128,fused2,16,323592
sample,4096,128,fused2,17,323138
sample,4096,128,fused2,18,319471
sample,4096,128,fused2,19,349925
sample,4096,128,fused2,20,324935
sample,4096,128,fused2,21,327369
sample,4096,128,fused2,22,328805
sample,4096,128,fused2,23,321499
sample,4096,128,fused2,24,337147
sample,4096,128,fused2,25,333221
sample,4096,128,fused2,26,365555
sample,4096,128,fused2,27,341100
sample,4096,128,fused2,28,332036
sample,4096,128,fused2,29,333453
measured,4096,128,tile8,65536,262144,5,30,10,307258,422721,d878e557b6daedce,8cc85ceb09c8efed,none,none
sample,4096,128,tile8,0,419259
sample,4096,128,tile8,1,420619
sample,4096,128,tile8,2,422721
sample,4096,128,tile8,3,425294
sample,4096,128,tile8,4,414628
sample,4096,128,tile8,5,417722
sample,4096,128,tile8,6,317157
sample,4096,128,tile8,7,298601
sample,4096,128,tile8,8,307628
sample,4096,128,tile8,9,292574
sample,4096,128,tile8,10,287304
sample,4096,128,tile8,11,289166
sample,4096,128,tile8,12,292129
sample,4096,128,tile8,13,299139
sample,4096,128,tile8,14,299323
sample,4096,128,tile8,15,302333
sample,4096,128,tile8,16,306092
sample,4096,128,tile8,17,302879
sample,4096,128,tile8,18,306082
sample,4096,128,tile8,19,310017
sample,4096,128,tile8,20,313073
sample,4096,128,tile8,21,303832
sample,4096,128,tile8,22,307258
sample,4096,128,tile8,23,305592
sample,4096,128,tile8,24,309897
sample,4096,128,tile8,25,305258
sample,4096,128,tile8,26,371990
sample,4096,128,tile8,27,311453
sample,4096,128,tile8,28,307953
sample,4096,128,tile8,29,308175
measured,4096,512,vec4,262144,1048576,5,30,12,410877,440952,07e875993970433c,207dceeda1be3f5b,none,none
sample,4096,512,vec4,0,386073
sample,4096,512,vec4,1,386008
sample,4096,512,vec4,2,410877
sample,4096,512,vec4,3,382407
sample,4096,512,vec4,4,388120
sample,4096,512,vec4,5,410331
sample,4096,512,vec4,6,411842
sample,4096,512,vec4,7,384406
sample,4096,512,vec4,8,393323
sample,4096,512,vec4,9,404046
sample,4096,512,vec4,10,400341
sample,4096,512,vec4,11,332999
sample,4096,512,vec4,12,329675
sample,4096,512,vec4,13,326574
sample,4096,512,vec4,14,407249
sample,4096,512,vec4,15,416555
sample,4096,512,vec4,16,416036
sample,4096,512,vec4,17,413582
sample,4096,512,vec4,18,415119
sample,4096,512,vec4,19,515888
sample,4096,512,vec4,20,406619
sample,4096,512,vec4,21,424480
sample,4096,512,vec4,22,425063
sample,4096,512,vec4,23,422194
sample,4096,512,vec4,24,425166
sample,4096,512,vec4,25,434368
sample,4096,512,vec4,26,434026
sample,4096,512,vec4,27,428768
sample,4096,512,vec4,28,440952
sample,4096,512,vec4,29,439999
measured,4096,512,fused2,262144,1048576,5,30,11,384721,428924,07e875993970433c,207dceeda1be3f5b,none,none
sample,4096,512,fused2,0,359498
sample,4096,512,fused2,1,429434
sample,4096,512,fused2,2,382573
sample,4096,512,fused2,3,360665
sample,4096,512,fused2,4,355711
sample,4096,512,fused2,5,416370
sample,4096,512,fused2,6,371489
sample,4096,512,fused2,7,365008
sample,4096,512,fused2,8,363351
sample,4096,512,fused2,9,372166
sample,4096,512,fused2,10,372767
sample,4096,512,fused2,11,366777
sample,4096,512,fused2,12,303267
sample,4096,512,fused2,13,377582
sample,4096,512,fused2,14,384869
sample,4096,512,fused2,15,389238
sample,4096,512,fused2,16,384721
sample,4096,512,fused2,17,407471
sample,4096,512,fused2,18,389285
sample,4096,512,fused2,19,383684
sample,4096,512,fused2,20,379851
sample,4096,512,fused2,21,428924
sample,4096,512,fused2,22,385258
sample,4096,512,fused2,23,390527
sample,4096,512,fused2,24,394803
sample,4096,512,fused2,25,401508
sample,4096,512,fused2,26,395295
sample,4096,512,fused2,27,400128
sample,4096,512,fused2,28,410239
sample,4096,512,fused2,29,406897
measured,4096,512,tile8,262144,1048576,5,30,10,368138,413266,07e875993970433c,207dceeda1be3f5b,none,none
sample,4096,512,tile8,0,349981
sample,4096,512,tile8,1,344869
sample,4096,512,tile8,2,356712
sample,4096,512,tile8,3,341962
sample,4096,512,tile8,4,341462
sample,4096,512,tile8,5,353777
sample,4096,512,tile8,6,347083
sample,4096,512,tile8,7,355777
sample,4096,512,tile8,8,359009
sample,4096,512,tile8,9,363499
sample,4096,512,tile8,10,354860
sample,4096,512,tile8,11,360740
sample,4096,512,tile8,12,299824
sample,4096,512,tile8,13,365907
sample,4096,512,tile8,14,374573
sample,4096,512,tile8,15,368138
sample,4096,512,tile8,16,369471
sample,4096,512,tile8,17,420768
sample,4096,512,tile8,18,368786
sample,4096,512,tile8,19,413266
sample,4096,512,tile8,20,376712
sample,4096,512,tile8,21,399564
sample,4096,512,tile8,22,375240
sample,4096,512,tile8,23,373397
sample,4096,512,tile8,24,387249
sample,4096,512,tile8,25,384536
sample,4096,512,tile8,26,386563
sample,4096,512,tile8,27,387675
sample,4096,512,tile8,28,406592
sample,4096,512,tile8,29,391748
measured,4096,2048,vec4,1048576,4194304,5,30,12,402267,512156,4143a88e49ed614b,e0842ad8f72c0c9f,none,none
sample,4096,2048,vec4,0,512156
sample,4096,2048,vec4,1,533359
sample,4096,2048,vec4,2,447434
sample,4096,2048,vec4,3,415499
sample,4096,2048,vec4,4,458305
sample,4096,2048,vec4,5,395397
sample,4096,2048,vec4,6,389444
sample,4096,2048,vec4,7,397712
sample,4096,2048,vec4,8,399879
sample,4096,2048,vec4,9,401203
sample,4096,2048,vec4,10,401221
sample,4096,2048,vec4,11,400757
sample,4096,2048,vec4,12,411341
sample,4096,2048,vec4,13,402518
sample,4096,2048,vec4,14,406517
sample,4096,2048,vec4,15,415360
sample,4096,2048,vec4,16,413712
sample,4096,2048,vec4,17,429674
sample,4096,2048,vec4,18,446415
sample,4096,2048,vec4,19,402267
sample,4096,2048,vec4,20,391823
sample,4096,2048,vec4,21,393323
sample,4096,2048,vec4,22,404332
sample,4096,2048,vec4,23,397537
sample,4096,2048,vec4,24,393666
sample,4096,2048,vec4,25,395258
sample,4096,2048,vec4,26,397694
sample,4096,2048,vec4,27,398999
sample,4096,2048,vec4,28,403980
sample,4096,2048,vec4,29,413943
measured,4096,2048,fused2,1048576,4194304,5,30,11,375703,476452,4143a88e49ed614b,e0842ad8f72c0c9f,none,none
sample,4096,2048,fused2,0,476452
sample,4096,2048,fused2,1,1295274
sample,4096,2048,fused2,2,465100
sample,4096,2048,fused2,3,369406
sample,4096,2048,fused2,4,373554
sample,4096,2048,fused2,5,366546
sample,4096,2048,fused2,6,369138
sample,4096,2048,fused2,7,384462
sample,4096,2048,fused2,8,440896
sample,4096,2048,fused2,9,375703
sample,4096,2048,fused2,10,373999
sample,4096,2048,fused2,11,376443
sample,4096,2048,fused2,12,376712
sample,4096,2048,fused2,13,386804
sample,4096,2048,fused2,14,382712
sample,4096,2048,fused2,15,389480
sample,4096,2048,fused2,16,391396
sample,4096,2048,fused2,17,427193
sample,4096,2048,fused2,18,388499
sample,4096,2048,fused2,19,361693
sample,4096,2048,fused2,20,367138
sample,4096,2048,fused2,21,365925
sample,4096,2048,fused2,22,367572
sample,4096,2048,fused2,23,367833
sample,4096,2048,fused2,24,365583
sample,4096,2048,fused2,25,360768
sample,4096,2048,fused2,26,363888
sample,4096,2048,fused2,27,378896
sample,4096,2048,fused2,28,374601
sample,4096,2048,fused2,29,382175
measured,4096,2048,tile8,1048576,4194304,5,30,10,411313,520119,4143a88e49ed614b,e0842ad8f72c0c9f,none,none
sample,4096,2048,tile8,0,520119
sample,4096,2048,tile8,1,520229
sample,4096,2048,tile8,2,445860
sample,4096,2048,tile8,3,402804
sample,4096,2048,tile8,4,410276
sample,4096,2048,tile8,5,410527
sample,4096,2048,tile8,6,408657
sample,4096,2048,tile8,7,444407
sample,4096,2048,tile8,8,412479
sample,4096,2048,tile8,9,411313
sample,4096,2048,tile8,10,414712
sample,4096,2048,tile8,11,411934
sample,4096,2048,tile8,12,418499
sample,4096,2048,tile8,13,416850
sample,4096,2048,tile8,14,426026
sample,4096,2048,tile8,15,435397
sample,4096,2048,tile8,16,424683
sample,4096,2048,tile8,17,425805
sample,4096,2048,tile8,18,412405
sample,4096,2048,tile8,19,408655
sample,4096,2048,tile8,20,389601
sample,4096,2048,tile8,21,430971
sample,4096,2048,tile8,22,404897
sample,4096,2048,tile8,23,391907
sample,4096,2048,tile8,24,391239
sample,4096,2048,tile8,25,391832
sample,4096,2048,tile8,26,395203
sample,4096,2048,tile8,27,402629
sample,4096,2048,tile8,28,393592
sample,4096,2048,tile8,29,395342
measured,16384,128,vec4,262144,1048576,5,30,14,409907,489517,318e48fc80dadb1f,a09bc0e13ecf9bf8,none,none
sample,16384,128,vec4,0,399425
sample,16384,128,vec4,1,390934
sample,16384,128,vec4,2,386582
sample,16384,128,vec4,3,403063
sample,16384,128,vec4,4,400471
sample,16384,128,vec4,5,403185
sample,16384,128,vec4,6,480415
sample,16384,128,vec4,7,408814
sample,16384,128,vec4,8,407998
sample,16384,128,vec4,9,409907
sample,16384,128,vec4,10,405897
sample,16384,128,vec4,11,421119
sample,16384,128,vec4,12,420350
sample,16384,128,vec4,13,413036
sample,16384,128,vec4,14,413462
sample,16384,128,vec4,15,418091
sample,16384,128,vec4,16,423554
sample,16384,128,vec4,17,418202
sample,16384,128,vec4,18,420266
sample,16384,128,vec4,19,434165
sample,16384,128,vec4,20,343313
sample,16384,128,vec4,21,431305
sample,16384,128,vec4,22,423369
sample,16384,128,vec4,23,489517
sample,16384,128,vec4,24,1043988
sample,16384,128,vec4,25,418564
sample,16384,128,vec4,26,317906
sample,16384,128,vec4,27,317980
sample,16384,128,vec4,28,322092
sample,16384,128,vec4,29,315462
measured,16384,128,fused2,262144,1048576,5,30,13,382508,479536,318e48fc80dadb1f,a09bc0e13ecf9bf8,none,none
sample,16384,128,fused2,0,367396
sample,16384,128,fused2,1,368508
sample,16384,128,fused2,2,367777
sample,16384,128,fused2,3,375906
sample,16384,128,fused2,4,379008
sample,16384,128,fused2,5,376694
sample,16384,128,fused2,6,393509
sample,16384,128,fused2,7,384953
sample,16384,128,fused2,8,382508
sample,16384,128,fused2,9,392869
sample,16384,128,fused2,10,381999
sample,16384,128,fused2,11,398119
sample,16384,128,fused2,12,398369
sample,16384,128,fused2,13,388619
sample,16384,128,fused2,14,389601
sample,16384,128,fused2,15,393601
sample,16384,128,fused2,16,399591
sample,16384,128,fused2,17,398062
sample,16384,128,fused2,18,397406
sample,16384,128,fused2,19,399425
sample,16384,128,fused2,20,345211
sample,16384,128,fused2,21,317166
sample,16384,128,fused2,22,413656
sample,16384,128,fused2,23,479536
sample,16384,128,fused2,24,899554
sample,16384,128,fused2,25,355110
sample,16384,128,fused2,26,301916
sample,16384,128,fused2,27,300138
sample,16384,128,fused2,28,315268
sample,16384,128,fused2,29,299999
measured,16384,128,tile8,262144,1048576,5,30,12,367462,441759,318e48fc80dadb1f,a09bc0e13ecf9bf8,none,none
sample,16384,128,tile8,0,355860
sample,16384,128,tile8,1,358360
sample,16384,128,tile8,2,354805
sample,16384,128,tile8,3,361193
sample,16384,128,tile8,4,361980
sample,16384,128,tile8,5,362638
sample,16384,128,tile8,6,378943
sample,16384,128,tile8,7,362267
sample,16384,128,tile8,8,441759
sample,16384,128,tile8,9,379620
sample,16384,128,tile8,10,367462
sample,16384,128,tile8,11,377407
sample,16384,128,tile8,12,377147
sample,16384,128,tile8,13,372184
sample,16384,128,tile8,14,383406
sample,16384,128,tile8,15,373100
sample,16384,128,tile8,16,379508
sample,16384,128,tile8,17,379721
sample,16384,128,tile8,18,385879
sample,16384,128,tile8,19,388952
sample,16384,128,tile8,20,311249
sample,16384,128,tile8,21,322508
sample,16384,128,tile8,22,387258
sample,16384,128,tile8,23,437711
sample,16384,128,tile8,24,447462
sample,16384,128,tile8,25,356749
sample,16384,128,tile8,26,293990
sample,16384,128,tile8,27,286934
sample,16384,128,tile8,28,291815
sample,16384,128,tile8,29,290582
measured,16384,512,vec4,1048576,4194304,5,30,14,385841,407405,08b87a1ca99fa7b8,cc66b7b8fae87df4,none,none
sample,16384,512,vec4,0,368619
sample,16384,512,vec4,1,372009
sample,16384,512,vec4,2,369860
sample,16384,512,vec4,3,373230
sample,16384,512,vec4,4,370462
sample,16384,512,vec4,5,373620
sample,16384,512,vec4,6,371332
sample,16384,512,vec4,7,369759
sample,16384,512,vec4,8,381240
sample,16384,512,vec4,9,382324
sample,16384,512,vec4,10,381953
sample,16384,512,vec4,11,378573
sample,16384,512,vec4,12,382665
sample,16384,512,vec4,13,385813
sample,16384,512,vec4,14,397221
sample,16384,512,vec4,15,385841
sample,16384,512,vec4,16,392499
sample,16384,512,vec4,17,407405
sample,16384,512,vec4,18,401962
sample,16384,512,vec4,19,389730
sample,16384,512,vec4,20,406545
sample,16384,512,vec4,21,405739
sample,16384,512,vec4,22,428101
sample,16384,512,vec4,23,394072
sample,16384,512,vec4,24,392564
sample,16384,512,vec4,25,388351
sample,16384,512,vec4,26,392192
sample,16384,512,vec4,27,389434
sample,16384,512,vec4,28,392416
sample,16384,512,vec4,29,396712
measured,16384,512,fused2,1048576,4194304,5,30,13,368314,392146,08b87a1ca99fa7b8,cc66b7b8fae87df4,none,none
sample,16384,512,fused2,0,344184
sample,16384,512,fused2,1,348026
sample,16384,512,fused2,2,354618
sample,16384,512,fused2,3,350360
sample,16384,512,fused2,4,350295
sample,16384,512,fused2,5,350814
sample,16384,512,fused2,6,350592
sample,16384,512,fused2,7,356453
sample,16384,512,fused2,8,356175
sample,16384,512,fused2,9,356545
sample,16384,512,fused2,10,366092
sample,16384,512,fused2,11,362434
sample,16384,512,fused2,12,363444
sample,16384,512,fused2,13,373860
sample,16384,512,fused2,14,374007
sample,16384,512,fused2,15,364249
sample,16384,512,fused2,16,375342
sample,16384,512,fused2,17,377749
sample,16384,512,fused2,18,381008
sample,16384,512,fused2,19,384452
sample,16384,512,fused2,20,412008
sample,16384,512,fused2,21,379286
sample,16384,512,fused2,22,392146
sample,16384,512,fused2,23,371980
sample,16384,512,fused2,24,368314
sample,16384,512,fused2,25,389786
sample,16384,512,fused2,26,370490
sample,16384,512,fused2,27,371082
sample,16384,512,fused2,28,381119
sample,16384,512,fused2,29,379212
measured,16384,512,tile8,1048576,4194304,5,30,12,379453,400823,08b87a1ca99fa7b8,cc66b7b8fae87df4,none,none
sample,16384,512,tile8,0,362481
sample,16384,512,tile8,1,351583
sample,16384,512,tile8,2,374425
sample,16384,512,tile8,3,365851
sample,16384,512,tile8,4,370138
sample,16384,512,tile8,5,364758
sample,16384,512,tile8,6,370433
sample,16384,512,tile8,7,371675
sample,16384,512,tile8,8,373082
sample,16384,512,tile8,9,370564
sample,16384,512,tile8,10,376342
sample,16384,512,tile8,11,375925
sample,16384,512,tile8,12,375731
sample,16384,512,tile8,13,379453
sample,16384,512,tile8,14,382481
sample,16384,512,tile8,15,379026
sample,16384,512,tile8,16,391601
sample,16384,512,tile8,17,390740
sample,16384,512,tile8,18,390638
sample,16384,512,tile8,19,382925
sample,16384,512,tile8,20,400823
sample,16384,512,tile8,21,390406
sample,16384,512,tile8,22,399591
sample,16384,512,tile8,23,402693
sample,16384,512,tile8,24,383962
sample,16384,512,tile8,25,384694
sample,16384,512,tile8,26,387267
sample,16384,512,tile8,27,385517
sample,16384,512,tile8,28,388786
sample,16384,512,tile8,29,392166
measured,16384,2048,vec4,4194304,16777216,5,30,14,537748,653767,6be3b72c15a212b9,3199380bd5011e6c,none,none
sample,16384,2048,vec4,0,517814
sample,16384,2048,vec4,1,527795
sample,16384,2048,vec4,2,523749
sample,16384,2048,vec4,3,531841
sample,16384,2048,vec4,4,544340
sample,16384,2048,vec4,5,562045
sample,16384,2048,vec4,6,558157
sample,16384,2048,vec4,7,536525
sample,16384,2048,vec4,8,585804
sample,16384,2048,vec4,9,591914
sample,16384,2048,vec4,10,586359
sample,16384,2048,vec4,11,580730
sample,16384,2048,vec4,12,656100
sample,16384,2048,vec4,13,603295
sample,16384,2048,vec4,14,623341
sample,16384,2048,vec4,15,640553
sample,16384,2048,vec4,16,653767
sample,16384,2048,vec4,17,536692
sample,16384,2048,vec4,18,524350
sample,16384,2048,vec4,19,534453
sample,16384,2048,vec4,20,535128
sample,16384,2048,vec4,21,538192
sample,16384,2048,vec4,22,537748
sample,16384,2048,vec4,23,558776
sample,16384,2048,vec4,24,556405
sample,16384,2048,vec4,25,532212
sample,16384,2048,vec4,26,510462
sample,16384,2048,vec4,27,493453
sample,16384,2048,vec4,28,498870
sample,16384,2048,vec4,29,512776
measured,16384,2048,fused2,4194304,16777216,5,30,13,523277,599489,6be3b72c15a212b9,3199380bd5011e6c,none,none
sample,16384,2048,fused2,0,491036
sample,16384,2048,fused2,1,496499
sample,16384,2048,fused2,2,494406
sample,16384,2048,fused2,3,496796
sample,16384,2048,fused2,4,530240
sample,16384,2048,fused2,5,530490
sample,16384,2048,fused2,6,523277
sample,16384,2048,fused2,7,529563
sample,16384,2048,fused2,8,552378
sample,16384,2048,fused2,9,544674
sample,16384,2048,fused2,10,553804
sample,16384,2048,fused2,11,549425
sample,16384,2048,fused2,12,577239
sample,16384,2048,fused2,13,577137
sample,16384,2048,fused2,14,588202
sample,16384,2048,fused2,15,582220
sample,16384,2048,fused2,16,599489
sample,16384,2048,fused2,17,509258
sample,16384,2048,fused2,18,510683
sample,16384,2048,fused2,19,505583
sample,16384,2048,fused2,20,504804
sample,16384,2048,fused2,21,504471
sample,16384,2048,fused2,22,507581
sample,16384,2048,fused2,23,530878
sample,16384,2048,fused2,24,532166
sample,16384,2048,fused2,25,610675
sample,16384,2048,fused2,26,520499
sample,16384,2048,fused2,27,473638
sample,16384,2048,fused2,28,473230
sample,16384,2048,fused2,29,477564
measured,16384,2048,tile8,4194304,16777216,5,30,12,627914,713128,6be3b72c15a212b9,3199380bd5011e6c,none,none
sample,16384,2048,tile8,0,612471
sample,16384,2048,tile8,1,605906
sample,16384,2048,tile8,2,604999
sample,16384,2048,tile8,3,604711
sample,16384,2048,tile8,4,623701
sample,16384,2048,tile8,5,625665
sample,16384,2048,tile8,6,641221
sample,16384,2048,tile8,7,641572
sample,16384,2048,tile8,8,667674
sample,16384,2048,tile8,9,663201
sample,16384,2048,tile8,10,668609
sample,16384,2048,tile8,11,659118
sample,16384,2048,tile8,12,679433
sample,16384,2048,tile8,13,678980
sample,16384,2048,tile8,14,702424
sample,16384,2048,tile8,15,693654
sample,16384,2048,tile8,16,713128
sample,16384,2048,tile8,17,621128
sample,16384,2048,tile8,18,628349
sample,16384,2048,tile8,19,620731
sample,16384,2048,tile8,20,629425
sample,16384,2048,tile8,21,631396
sample,16384,2048,tile8,22,627914
sample,16384,2048,tile8,23,619322
sample,16384,2048,tile8,24,617897
sample,16384,2048,tile8,25,774507
sample,16384,2048,tile8,26,586851
sample,16384,2048,tile8,27,579119
sample,16384,2048,tile8,28,592333
sample,16384,2048,tile8,29,602471
measured,65536,128,vec4,1048576,4194304,5,30,16,585025,645831,9ec0db29a14c575b,4098921c6b362ecd,none,none
sample,65536,128,vec4,0,533018
sample,65536,128,vec4,1,536017
sample,65536,128,vec4,2,543979
sample,65536,128,vec4,3,546174
sample,65536,128,vec4,4,534703
sample,65536,128,vec4,5,546544
sample,65536,128,vec4,6,543610
sample,65536,128,vec4,7,555100
sample,65536,128,vec4,8,563581
sample,65536,128,vec4,9,554674
sample,65536,128,vec4,10,585025
sample,65536,128,vec4,11,572822
sample,65536,128,vec4,12,567989
sample,65536,128,vec4,13,572425
sample,65536,128,vec4,14,585248
sample,65536,128,vec4,15,585164
sample,65536,128,vec4,16,583766
sample,65536,128,vec4,17,625192
sample,65536,128,vec4,18,622303
sample,65536,128,vec4,19,619267
sample,65536,128,vec4,20,631998
sample,65536,128,vec4,21,617499
sample,65536,128,vec4,22,624637
sample,65536,128,vec4,23,639961
sample,65536,128,vec4,24,629100
sample,65536,128,vec4,25,635277
sample,65536,128,vec4,26,641702
sample,65536,128,vec4,27,642776
sample,65536,128,vec4,28,645831
sample,65536,128,vec4,29,652599
measured,65536,128,fused2,1048576,4194304,5,30,15,556878,618535,9ec0db29a14c575b,4098921c6b362ecd,none,none
sample,65536,128,fused2,0,518007
sample,65536,128,fused2,1,506610
sample,65536,128,fused2,2,524804
sample,65536,128,fused2,3,526804
sample,65536,128,fused2,4,513879
sample,65536,128,fused2,5,522526
sample,65536,128,fused2,6,534147
sample,65536,128,fused2,7,549072
sample,65536,128,fused2,8,540109
sample,65536,128,fused2,9,544415
sample,65536,128,fused2,10,556878
sample,65536,128,fused2,11,554702
sample,65536,128,fused2,12,550574
sample,65536,128,fused2,13,547841
sample,65536,128,fused2,14,551451
sample,65536,128,fused2,15,565942
sample,65536,128,fused2,16,569563
sample,65536,128,fused2,17,560201
sample,65536,128,fused2,18,602285
sample,65536,128,fused2,19,598905
sample,65536,128,fused2,20,595498
sample,65536,128,fused2,21,595888
sample,65536,128,fused2,22,593554
sample,65536,128,fused2,23,602433
sample,65536,128,fused2,24,625369
sample,65536,128,fused2,25,612692
sample,65536,128,fused2,26,606294
sample,65536,128,fused2,27,614368
sample,65536,128,fused2,28,618535
sample,65536,128,fused2,29,608600
measured,65536,128,tile8,1048576,4194304,5,30,14,560072,620304,9ec0db29a14c575b,4098921c6b362ecd,none,none
sample,65536,128,tile8,0,518081
sample,65536,128,tile8,1,520156
sample,65536,128,tile8,2,527045
sample,65536,128,tile8,3,523711
sample,65536,128,tile8,4,552257
sample,65536,128,tile8,5,521544
sample,65536,128,tile8,6,541036
sample,65536,128,tile8,7,541378
sample,65536,128,tile8,8,542916
sample,65536,128,tile8,9,535657
sample,65536,128,tile8,10,540619
sample,65536,128,tile8,11,548988
sample,65536,128,tile8,12,557110
sample,65536,128,tile8,13,551194
sample,65536,128,tile8,14,567961
sample,65536,128,tile8,15,565655
sample,65536,128,tile8,16,560072
sample,65536,128,tile8,17,566405
sample,65536,128,tile8,18,596915
sample,65536,128,tile8,19,600396
sample,65536,128,tile8,20,601619
sample,65536,128,tile8,21,588758
sample,65536,128,tile8,22,592092
sample,65536,128,tile8,23,595433
sample,65536,128,tile8,24,614406
sample,65536,128,tile8,25,614322
sample,65536,128,tile8,26,613803
sample,65536,128,tile8,27,615684
sample,65536,128,tile8,28,626757
sample,65536,128,tile8,29,620304
measured,65536,512,vec4,4194304,16777216,5,30,16,809294,826100,84d06402da633040,29115d73667dee45,none,none
sample,65536,512,vec4,0,814673
sample,65536,512,vec4,1,802997
sample,65536,512,vec4,2,809303
sample,65536,512,vec4,3,800841
sample,65536,512,vec4,4,798294
sample,65536,512,vec4,5,808943
sample,65536,512,vec4,6,807091
sample,65536,512,vec4,7,806664
sample,65536,512,vec4,8,806728
sample,65536,512,vec4,9,805599
sample,65536,512,vec4,10,807378
sample,65536,512,vec4,11,805554
sample,65536,512,vec4,12,809100
sample,65536,512,vec4,13,811460
sample,65536,512,vec4,14,809359
sample,65536,512,vec4,15,805896
sample,65536,512,vec4,16,808230
sample,65536,512,vec4,17,820943
sample,65536,512,vec4,18,817785
sample,65536,512,vec4,19,819756
sample,65536,512,vec4,20,830645
sample,65536,512,vec4,21,821488
sample,65536,512,vec4,22,809294
sample,65536,512,vec4,23,825294
sample,65536,512,vec4,24,809609
sample,65536,512,vec4,25,819831
sample,65536,512,vec4,26,826100
sample,65536,512,vec4,27,814480
sample,65536,512,vec4,28,805682
sample,65536,512,vec4,29,825590
measured,65536,512,fused2,4194304,16777216,5,30,15,775730,807674,84d06402da633040,29115d73667dee45,none,none
sample,65536,512,fused2,0,774118
sample,65536,512,fused2,1,772377
sample,65536,512,fused2,2,768619
sample,65536,512,fused2,3,767766
sample,65536,512,fused2,4,767080
sample,65536,512,fused2,5,771776
sample,65536,512,fused2,6,775730
sample,65536,512,fused2,7,775341
sample,65536,512,fused2,8,765941
sample,65536,512,fused2,9,771599
sample,65536,512,fused2,10,787877
sample,65536,512,fused2,11,774137
sample,65536,512,fused2,12,777034
sample,65536,512,fused2,13,781340
sample,65536,512,fused2,14,775080
sample,65536,512,fused2,15,777878
sample,65536,512,fused2,16,774822
sample,65536,512,fused2,17,770442
sample,65536,512,fused2,18,782626
sample,65536,512,fused2,19,784941
sample,65536,512,fused2,20,776395
sample,65536,512,fused2,21,775229
sample,65536,512,fused2,22,781119
sample,65536,512,fused2,23,791294
sample,65536,512,fused2,24,797859
sample,65536,512,fused2,25,788452
sample,65536,512,fused2,26,785498
sample,65536,512,fused2,27,793489
sample,65536,512,fused2,28,868951
sample,65536,512,fused2,29,807674
measured,65536,512,tile8,4194304,16777216,5,30,14,896663,914202,84d06402da633040,29115d73667dee45,none,none
sample,65536,512,tile8,0,879321
sample,65536,512,tile8,1,900904
sample,65536,512,tile8,2,887350
sample,65536,512,tile8,3,885450
sample,65536,512,tile8,4,887932
sample,65536,512,tile8,5,881118
sample,65536,512,tile8,6,885952
sample,65536,512,tile8,7,892858
sample,65536,512,tile8,8,886108
sample,65536,512,tile8,9,891173
sample,65536,512,tile8,10,887784
sample,65536,512,tile8,11,895572
sample,65536,512,tile8,12,906089
sample,65536,512,tile8,13,904682
sample,65536,512,tile8,14,894256
sample,65536,512,tile8,15,894451
sample,65536,512,tile8,16,896663
sample,65536,512,tile8,17,898600
sample,65536,512,tile8,18,893933
sample,65536,512,tile8,19,899080
sample,65536,512,tile8,20,910358
sample,65536,512,tile8,21,897571
sample,65536,512,tile8,22,898729
sample,65536,512,tile8,23,909988
sample,65536,512,tile8,24,910192
sample,65536,512,tile8,25,901191
sample,65536,512,tile8,26,914128
sample,65536,512,tile8,27,914202
sample,65536,512,tile8,28,910618
sample,65536,512,tile8,29,941108
skipped_limit,65536,2048,vec4,16777216,67108864,NA,NA,NA,NA,NA,NA,NA,cohort_dispatch_limit,none
skipped_limit,65536,2048,fused2,16777216,67108864,NA,NA,NA,NA,NA,NA,NA,cohort_dispatch_limit,none
skipped_limit,65536,2048,tile8,16777216,67108864,NA,NA,NA,NA,NA,NA,NA,cohort_dispatch_limit,none
measured,262144,128,vec4,4194304,16777216,5,30,18,847581,979395,603e59446e81431f,99960c282a7f4ca5,none,none
sample,262144,128,vec4,0,959543
sample,262144,128,vec4,1,976404
sample,262144,128,vec4,2,974154
sample,262144,128,vec4,3,979395
sample,262144,128,vec4,4,847581
sample,262144,128,vec4,5,816498
sample,262144,128,vec4,6,805720
sample,262144,128,vec4,7,816785
sample,262144,128,vec4,8,815970
sample,262144,128,vec4,9,896942
sample,262144,128,vec4,10,896943
sample,262144,128,vec4,11,868479
sample,262144,128,vec4,12,793924
sample,262144,128,vec4,13,786109
sample,262144,128,vec4,14,796156
sample,262144,128,vec4,15,815655
sample,262144,128,vec4,16,821535
sample,262144,128,vec4,17,939497
sample,262144,128,vec4,18,1155227
sample,262144,128,vec4,19,861376
sample,262144,128,vec4,20,832220
sample,262144,128,vec4,21,838997
sample,262144,128,vec4,22,844275
sample,262144,128,vec4,23,907645
sample,262144,128,vec4,24,870775
sample,262144,128,vec4,25,884258
sample,262144,128,vec4,26,858904
sample,262144,128,vec4,27,828025
sample,262144,128,vec4,28,826461
sample,262144,128,vec4,29,964951
measured,262144,128,fused2,4194304,16777216,5,30,17,841396,1007599,603e59446e81431f,99960c282a7f4ca5,none,none
sample,262144,128,fused2,0,982081
sample,262144,128,fused2,1,975497
sample,262144,128,fused2,2,963034
sample,262144,128,fused2,3,1007599
sample,262144,128,fused2,4,896006
sample,262144,128,fused2,5,829165
sample,262144,128,fused2,6,812118
sample,262144,128,fused2,7,873654
sample,262144,128,fused2,8,828164
sample,262144,128,fused2,9,888765
sample,262144,128,fused2,10,857210
sample,262144,128,fused2,11,976182
sample,262144,128,fused2,12,785174
sample,262144,128,fused2,13,789831
sample,262144,128,fused2,14,792980
sample,262144,128,fused2,15,810544
sample,262144,128,fused2,16,855080
sample,262144,128,fused2,17,873517
sample,262144,128,fused2,18,944710
sample,262144,128,fused2,19,841396
sample,262144,128,fused2,20,838471
sample,262144,128,fused2,21,825719
sample,262144,128,fused2,22,884118
sample,262144,128,fused2,23,927535
sample,262144,128,fused2,24,827978
sample,262144,128,fused2,25,823303
sample,262144,128,fused2,26,820618
sample,262144,128,fused2,27,825978
sample,262144,128,fused2,28,831795
sample,262144,128,fused2,29,1027858
measured,262144,128,tile8,4194304,16777216,5,30,16,952293,1131034,603e59446e81431f,99960c282a7f4ca5,none,none
sample,262144,128,tile8,0,1081210
sample,262144,128,tile8,1,1076118
sample,262144,128,tile8,2,1090284
sample,262144,128,tile8,3,1071348
sample,262144,128,tile8,4,1076858
sample,262144,128,tile8,5,952293
sample,262144,128,tile8,6,928924
sample,262144,128,tile8,7,918562
sample,262144,128,tile8,8,931664
sample,262144,128,tile8,9,1010636
sample,262144,128,tile8,10,1002154
sample,262144,128,tile8,11,1238283
sample,262144,128,tile8,12,917915
sample,262144,128,tile8,13,910961
sample,262144,128,tile8,14,922127
sample,262144,128,tile8,15,938267
sample,262144,128,tile8,16,929386
sample,262144,128,tile8,17,987932
sample,262144,128,tile8,18,1003673
sample,262144,128,tile8,19,947978
sample,262144,128,tile8,20,950941
sample,262144,128,tile8,21,973497
sample,262144,128,tile8,22,965404
sample,262144,128,tile8,23,1014626
sample,262144,128,tile8,24,956692
sample,262144,128,tile8,25,949451
sample,262144,128,tile8,26,946061
sample,262144,128,tile8,27,946997
sample,262144,128,tile8,28,948924
sample,262144,128,tile8,29,1131034
skipped_limit,262144,512,vec4,16777216,67108864,NA,NA,NA,NA,NA,NA,NA,cohort_dispatch_limit,none
skipped_limit,262144,512,fused2,16777216,67108864,NA,NA,NA,NA,NA,NA,NA,cohort_dispatch_limit,none
skipped_limit,262144,512,tile8,16777216,67108864,NA,NA,NA,NA,NA,NA,NA,cohort_dispatch_limit,none
skipped_limit,262144,2048,vec4,67108864,268435456,NA,NA,NA,NA,NA,NA,NA,cohort_dispatch_limit,none
skipped_limit,262144,2048,fused2,67108864,268435456,NA,NA,NA,NA,NA,NA,NA,cohort_dispatch_limit,none
skipped_limit,262144,2048,tile8,67108864,268435456,NA,NA,NA,NA,NA,NA,NA,cohort_dispatch_limit,none
skipped_limit,1048576,128,vec4,16777216,67108864,NA,NA,NA,NA,NA,NA,NA,cohort_dispatch_limit,none
skipped_limit,1048576,128,fused2,16777216,67108864,NA,NA,NA,NA,NA,NA,NA,cohort_dispatch_limit,none
skipped_limit,1048576,128,tile8,16777216,67108864,NA,NA,NA,NA,NA,NA,NA,cohort_dispatch_limit,none
skipped_limit,1048576,512,vec4,67108864,268435456,NA,NA,NA,NA,NA,NA,NA,cohort_dispatch_limit,none
skipped_limit,1048576,512,fused2,67108864,268435456,NA,NA,NA,NA,NA,NA,NA,cohort_dispatch_limit,none
skipped_limit,1048576,512,tile8,67108864,268435456,NA,NA,NA,NA,NA,NA,NA,cohort_dispatch_limit,none
skipped_limit,1048576,2048,vec4,268435456,1073741824,NA,NA,NA,NA,NA,NA,NA,cohort_dispatch_limit,none
skipped_limit,1048576,2048,fused2,268435456,1073741824,NA,NA,NA,NA,NA,NA,NA,cohort_dispatch_limit,none
skipped_limit,1048576,2048,tile8,268435456,1073741824,NA,NA,NA,NA,NA,NA,NA,cohort_dispatch_limit,none
qualification_status=complete
