benchmark=pvp3d_three_candidate_same_device
source_revision=ddb6f0144821dfa29d268601e7087e5001278e52
adapter=NVIDIA Tegra NVIDIA Thor
backend=Vulkan
device_type=IntegratedGpu
vendor_id=4318
device_id=11008
driver=NVIDIA
driver_info=580.00
hardware_measurement_eligible=true
physical_admission=external_remoteops_evidence_required
performance_claim=none
primary_timing_scope=resident_encode_plus_queue_submit_plus_device_wait
state_reset_scope=completed_before_timer
correctness_readback_scope=before_and_after_timing
candidate_order=ABC_ACB_BAC_BCA_CAB_CBA
resident_payload_scope=source_plus_three_states_excludes_driver_uniforms_and_readback
status,k,g,candidate,state_bytes,resident_payload_bytes,warmups,repeats,logical_dispatches,p50_ns,p95_ns,input_checksum,output_checksum,skip_reason,performance_claim
measured,256,128,vec4,4096,16384,5,30,8,415646,449063,4c67926a9205d7b4,956299587c8af4b4,none,none
sample,256,128,vec4,0,401934
sample,256,128,vec4,1,395601
sample,256,128,vec4,2,409480
sample,256,128,vec4,3,407536
sample,256,128,vec4,4,412601
sample,256,128,vec4,5,400953
sample,256,128,vec4,6,411758
sample,256,128,vec4,7,449063
sample,256,128,vec4,8,393111
sample,256,128,vec4,9,404202
sample,256,128,vec4,10,410379
sample,256,128,vec4,11,409675
sample,256,128,vec4,12,412369
sample,256,128,vec4,13,412831
sample,256,128,vec4,14,410009
sample,256,128,vec4,15,415646
sample,256,128,vec4,16,418823
sample,256,128,vec4,17,417156
sample,256,128,vec4,18,416064
sample,256,128,vec4,19,427036
sample,256,128,vec4,20,427175
sample,256,128,vec4,21,418055
sample,256,128,vec4,22,418287
sample,256,128,vec4,23,430971
sample,256,128,vec4,24,431164
sample,256,128,vec4,25,437933
sample,256,128,vec4,26,483962
sample,256,128,vec4,27,428073
sample,256,128,vec4,28,429609
sample,256,128,vec4,29,445276
measured,256,128,fused2,4096,16384,5,30,7,392943,431842,4c67926a9205d7b4,956299587c8af4b4,none,none
sample,256,128,fused2,0,373416
sample,256,128,fused2,1,382786
sample,256,128,fused2,2,383129
sample,256,128,fused2,3,386129
sample,256,128,fused2,4,382878
sample,256,128,fused2,5,381166
sample,256,128,fused2,6,388703
sample,256,128,fused2,7,376907
sample,256,128,fused2,8,370240
sample,256,128,fused2,9,378684
sample,256,128,fused2,10,431842
sample,256,128,fused2,11,398935
sample,256,128,fused2,12,382934
sample,256,128,fused2,13,378601
sample,256,128,fused2,14,379731
sample,256,128,fused2,15,380813
sample,256,128,fused2,16,397675
sample,256,128,fused2,17,399841
sample,256,128,fused2,18,393638
sample,256,128,fused2,19,400869
sample,256,128,fused2,20,401499
sample,256,128,fused2,21,393499
sample,256,128,fused2,22,396768
sample,256,128,fused2,23,392943
sample,256,128,fused2,24,408693
sample,256,128,fused2,25,406294
sample,256,128,fused2,26,443490
sample,256,128,fused2,27,409055
sample,256,128,fused2,28,406416
sample,256,128,fused2,29,412313
measured,256,128,tile8,4096,16384,5,30,6,366499,384573,4c67926a9205d7b4,956299587c8af4b4,none,none
sample,256,128,tile8,0,347860
sample,256,128,tile8,1,358333
sample,256,128,tile8,2,366499
sample,256,128,tile8,3,360981
sample,256,128,tile8,4,361193
sample,256,128,tile8,5,359703
sample,256,128,tile8,6,356527
sample,256,128,tile8,7,359286
sample,256,128,tile8,8,364647
sample,256,128,tile8,9,355471
sample,256,128,tile8,10,368194
sample,256,128,tile8,11,365276
sample,256,128,tile8,12,362388
sample,256,128,tile8,13,357249
sample,256,128,tile8,14,356694
sample,256,128,tile8,15,382231
sample,256,128,tile8,16,369731
sample,256,128,tile8,17,366684
sample,256,128,tile8,18,381110
sample,256,128,tile8,19,374490
sample,256,128,tile8,20,376933
sample,256,128,tile8,21,382601
sample,256,128,tile8,22,367267
sample,256,128,tile8,23,365138
sample,256,128,tile8,24,378054
sample,256,128,tile8,25,383157
sample,256,128,tile8,26,384573
sample,256,128,tile8,27,383026
sample,256,128,tile8,28,380388
sample,256,128,tile8,29,384647
measured,256,512,vec4,16384,65536,5,30,8,325065,490675,38bbe1f688e24d78,1c8bb372f8f1302e,none,none
sample,256,512,vec4,0,477609
sample,256,512,vec4,1,473239
sample,256,512,vec4,2,472758
sample,256,512,vec4,3,306980
sample,256,512,vec4,4,311258
sample,256,512,vec4,5,344499
sample,256,512,vec4,6,327194
sample,256,512,vec4,7,319878
sample,256,512,vec4,8,306241
sample,256,512,vec4,9,316934
sample,256,512,vec4,10,312592
sample,256,512,vec4,11,317286
sample,256,512,vec4,12,318600
sample,256,512,vec4,13,318647
sample,256,512,vec4,14,317990
sample,256,512,vec4,15,318758
sample,256,512,vec4,16,319656
sample,256,512,vec4,17,354453
sample,256,512,vec4,18,325564
sample,256,512,vec4,19,311323
sample,256,512,vec4,20,312009
sample,256,512,vec4,21,327564
sample,256,512,vec4,22,325860
sample,256,512,vec4,23,326379
sample,256,512,vec4,24,325065
sample,256,512,vec4,25,354814
sample,256,512,vec4,26,470990
sample,256,512,vec4,27,490675
sample,256,512,vec4,28,490610
sample,256,512,vec4,29,505156
measured,256,512,fused2,16384,65536,5,30,7,289730,464749,38bbe1f688e24d78,1c8bb372f8f1302e,none,none
sample,256,512,fused2,0,453434
sample,256,512,fused2,1,441407
sample,256,512,fused2,2,440527
sample,256,512,fused2,3,273999
sample,256,512,fused2,4,277693
sample,256,512,fused2,5,279129
sample,256,512,fused2,6,329508
sample,256,512,fused2,7,275444
sample,256,512,fused2,8,273899
sample,256,512,fused2,9,275406
sample,256,512,fused2,10,281203
sample,256,512,fused2,11,279573
sample,256,512,fused2,12,290657
sample,256,512,fused2,13,284860
sample,256,512,fused2,14,285796
sample,256,512,fused2,15,285554
sample,256,512,fused2,16,675868
sample,256,512,fused2,17,298628
sample,256,512,fused2,18,292860
sample,256,512,fused2,19,280990
sample,256,512,fused2,20,286110
sample,256,512,fused2,21,280480
sample,256,512,fused2,22,290324
sample,256,512,fused2,23,289730
sample,256,512,fused2,24,324601
sample,256,512,fused2,25,446064
sample,256,512,fused2,26,434656
sample,256,512,fused2,27,454489
sample,256,512,fused2,28,455962
sample,256,512,fused2,29,464749
measured,256,512,tile8,16384,65536,5,30,6,254406,423203,38bbe1f688e24d78,1c8bb372f8f1302e,none,none
sample,256,512,tile8,0,415248
sample,256,512,tile8,1,404610
sample,256,512,tile8,2,245092
sample,256,512,tile8,3,242175
sample,256,512,tile8,4,253324
sample,256,512,tile8,5,248915
sample,256,512,tile8,6,247555
sample,256,512,tile8,7,246713
sample,256,512,tile8,8,245509
sample,256,512,tile8,9,243378
sample,256,512,tile8,10,250721
sample,256,512,tile8,11,247203
sample,256,512,tile8,12,253943
sample,256,512,tile8,13,255444
sample,256,512,tile8,14,253860
sample,256,512,tile8,15,254406
sample,256,512,tile8,16,252027
sample,256,512,tile8,17,313443
sample,256,512,tile8,18,258314
sample,256,512,tile8,19,252842
sample,256,512,tile8,20,260721
sample,256,512,tile8,21,259027
sample,256,512,tile8,22,264045
sample,256,512,tile8,23,260443
sample,256,512,tile8,24,264100
sample,256,512,tile8,25,258684
sample,256,512,tile8,26,404081
sample,256,512,tile8,27,419027
sample,256,512,tile8,28,423203
sample,256,512,tile8,29,444443
measured,256,2048,vec4,65536,262144,5,30,8,518508,529545,c9e538e9f9dccedd,259153fc2c7bc4e7,none,none
sample,256,2048,vec4,0,522092
sample,256,2048,vec4,1,520470
sample,256,2048,vec4,2,524137
sample,256,2048,vec4,3,519507
sample,256,2048,vec4,4,510090
sample,256,2048,vec4,5,523637
sample,256,2048,vec4,6,520471
sample,256,2048,vec4,7,522712
sample,256,2048,vec4,8,509804
sample,256,2048,vec4,9,520684
sample,256,2048,vec4,10,527101
sample,256,2048,vec4,11,521165
sample,256,2048,vec4,12,518508
sample,256,2048,vec4,13,515165
sample,256,2048,vec4,14,509461
sample,256,2048,vec4,15,518629
sample,256,2048,vec4,16,566804
sample,256,2048,vec4,17,508461
sample,256,2048,vec4,18,523711
sample,256,2048,vec4,19,517814
sample,256,2048,vec4,20,524443
sample,256,2048,vec4,21,529545
sample,256,2048,vec4,22,513961
sample,256,2048,vec4,23,344795
sample,256,2048,vec4,24,345110
sample,256,2048,vec4,25,342888
sample,256,2048,vec4,26,344055
sample,256,2048,vec4,27,338379
sample,256,2048,vec4,28,338036
sample,256,2048,vec4,29,339314
measured,256,2048,fused2,65536,262144,5,30,7,480860,497368,c9e538e9f9dccedd,259153fc2c7bc4e7,none,none
sample,256,2048,fused2,0,486758
sample,256,2048,fused2,1,494424
sample,256,2048,fused2,2,483804
sample,256,2048,fused2,3,483777
sample,256,2048,fused2,4,476424
sample,256,2048,fused2,5,484017
sample,256,2048,fused2,6,487295
sample,256,2048,fused2,7,471850
sample,256,2048,fused2,8,475905
sample,256,2048,fused2,9,483240
sample,256,2048,fused2,10,484342
sample,256,2048,fused2,11,481472
sample,256,2048,fused2,12,518009
sample,256,2048,fused2,13,473118
sample,256,2048,fused2,14,470711
sample,256,2048,fused2,15,487981
sample,256,2048,fused2,16,481341
sample,256,2048,fused2,17,480442
sample,256,2048,fused2,18,482906
sample,256,2048,fused2,19,497368
sample,256,2048,fused2,20,482526
sample,256,2048,fused2,21,480860
sample,256,2048,fused2,22,473479
sample,256,2048,fused2,23,476295
sample,256,2048,fused2,24,309017
sample,256,2048,fused2,25,309545
sample,256,2048,fused2,26,306138
sample,256,2048,fused2,27,307101
sample,256,2048,fused2,28,304175
sample,256,2048,fused2,29,304694
measured,256,2048,tile8,65536,262144,5,30,6,453435,503619,c9e538e9f9dccedd,259153fc2c7bc4e7,none,none
sample,256,2048,tile8,0,455916
sample,256,2048,tile8,1,455582
sample,256,2048,tile8,2,455638
sample,256,2048,tile8,3,448628
sample,256,2048,tile8,4,454285
sample,256,2048,tile8,5,470368
sample,256,2048,tile8,6,453600
sample,256,2048,tile8,7,452859
sample,256,2048,tile8,8,455768
sample,256,2048,tile8,9,454277
sample,256,2048,tile8,10,453435
sample,256,2048,tile8,11,453267
sample,256,2048,tile8,12,503619
sample,256,2048,tile8,13,446766
sample,256,2048,tile8,14,455082
sample,256,2048,tile8,15,453202
sample,256,2048,tile8,16,504610
sample,256,2048,tile8,17,443451
sample,256,2048,tile8,18,454138
sample,256,2048,tile8,19,454859
sample,256,2048,tile8,20,457703
sample,256,2048,tile8,21,450314
sample,256,2048,tile8,22,460740
sample,256,2048,tile8,23,449526
sample,256,2048,tile8,24,278740
sample,256,2048,tile8,25,280387
sample,256,2048,tile8,26,310203
sample,256,2048,tile8,27,330962
sample,256,2048,tile8,28,277935
sample,256,2048,tile8,29,275406
measured,1024,128,vec4,16384,65536,5,30,10,417148,422869,26abf5bddd03bbc5,79acd556594188cd,none,none
sample,1024,128,vec4,0,422869
sample,1024,128,vec4,1,410202
sample,1024,128,vec4,2,412110
sample,1024,128,vec4,3,416740
sample,1024,128,vec4,4,416388
sample,1024,128,vec4,5,420332
sample,1024,128,vec4,6,411526
sample,1024,128,vec4,7,411490
sample,1024,128,vec4,8,419184
sample,1024,128,vec4,9,416915
sample,1024,128,vec4,10,417378
sample,1024,128,vec4,11,417351
sample,1024,128,vec4,12,421795
sample,1024,128,vec4,13,416609
sample,1024,128,vec4,14,441222
sample,1024,128,vec4,15,410175
sample,1024,128,vec4,16,412573
sample,1024,128,vec4,17,419137
sample,1024,128,vec4,18,417148
sample,1024,128,vec4,19,419722
sample,1024,128,vec4,20,414647
sample,1024,128,vec4,21,417638
sample,1024,128,vec4,22,419814
sample,1024,128,vec4,23,417767
sample,1024,128,vec4,24,412888
sample,1024,128,vec4,25,415277
sample,1024,128,vec4,26,415397
sample,1024,128,vec4,27,419443
sample,1024,128,vec4,28,417638
sample,1024,128,vec4,29,418157
measured,1024,128,fused2,16384,65536,5,30,9,384221,400221,26abf5bddd03bbc5,79acd556594188cd,none,none
sample,1024,128,fused2,0,384073
sample,1024,128,fused2,1,379592
sample,1024,128,fused2,2,387748
sample,1024,128,fused2,3,384813
sample,1024,128,fused2,4,389342
sample,1024,128,fused2,5,388360
sample,1024,128,fused2,6,376286
sample,1024,128,fused2,7,379184
sample,1024,128,fused2,8,386054
sample,1024,128,fused2,9,385082
sample,1024,128,fused2,10,385137
sample,1024,128,fused2,11,384592
sample,1024,128,fused2,12,380702
sample,1024,128,fused2,13,381388
sample,1024,128,fused2,14,427545
sample,1024,128,fused2,15,381981
sample,1024,128,fused2,16,379193
sample,1024,128,fused2,17,378953
sample,1024,128,fused2,18,385721
sample,1024,128,fused2,19,387027
sample,1024,128,fused2,20,383036
sample,1024,128,fused2,21,384221
sample,1024,128,fused2,22,384526
sample,1024,128,fused2,23,399637
sample,1024,128,fused2,24,378257
sample,1024,128,fused2,25,380110
sample,1024,128,fused2,26,379712
sample,1024,128,fused2,27,384175
sample,1024,128,fused2,28,384268
sample,1024,128,fused2,29,400221
measured,1024,128,tile8,16384,65536,5,30,8,345962,358981,26abf5bddd03bbc5,79acd556594188cd,none,none
sample,1024,128,tile8,0,340286
sample,1024,128,tile8,1,343045
sample,1024,128,tile8,2,350499
sample,1024,128,tile8,3,347157
sample,1024,128,tile8,4,350527
sample,1024,128,tile8,5,382231
sample,1024,128,tile8,6,342758
sample,1024,128,tile8,7,340434
sample,1024,128,tile8,8,348295
sample,1024,128,tile8,9,347490
sample,1024,128,tile8,10,345508
sample,1024,128,tile8,11,354147
sample,1024,128,tile8,12,340601
sample,1024,128,tile8,13,345916
sample,1024,128,tile8,14,346397
sample,1024,128,tile8,15,341888
sample,1024,128,tile8,16,340786
sample,1024,128,tile8,17,339768
sample,1024,128,tile8,18,347980
sample,1024,128,tile8,19,345962
sample,1024,128,tile8,20,351509
sample,1024,128,tile8,21,348842
sample,1024,128,tile8,22,346795
sample,1024,128,tile8,23,358981
sample,1024,128,tile8,24,342462
sample,1024,128,tile8,25,341444
sample,1024,128,tile8,26,343416
sample,1024,128,tile8,27,343111
sample,1024,128,tile8,28,347906
sample,1024,128,tile8,29,349694
measured,1024,512,vec4,65536,262144,5,30,10,413453,463396,0949b62ffc70d026,7663f0c9d3466943,none,none
sample,1024,512,vec4,0,412907
sample,1024,512,vec4,1,416544
sample,1024,512,vec4,2,407351
sample,1024,512,vec4,3,409804
sample,1024,512,vec4,4,414796
sample,1024,512,vec4,5,413248
sample,1024,512,vec4,6,413230
sample,1024,512,vec4,7,419194
sample,1024,512,vec4,8,410138
sample,1024,512,vec4,9,407258
sample,1024,512,vec4,10,409601
sample,1024,512,vec4,11,414647
sample,1024,512,vec4,12,413629
sample,1024,512,vec4,13,413453
sample,1024,512,vec4,14,413905
sample,1024,512,vec4,15,441647
sample,1024,512,vec4,16,463396
sample,1024,512,vec4,17,407666
sample,1024,512,vec4,18,407360
sample,1024,512,vec4,19,416370
sample,1024,512,vec4,20,410619
sample,1024,512,vec4,21,471665
sample,1024,512,vec4,22,438471
sample,1024,512,vec4,23,406545
sample,1024,512,vec4,24,410749
sample,1024,512,vec4,25,415702
sample,1024,512,vec4,26,413101
sample,1024,512,vec4,27,414064
sample,1024,512,vec4,28,414305
sample,1024,512,vec4,29,414258
measured,1024,512,fused2,65536,262144,5,30,9,378888,386231,0949b62ffc70d026,7663f0c9d3466943,none,none
sample,1024,512,fused2,0,378481
sample,1024,512,fused2,1,377739
sample,1024,512,fused2,2,377731
sample,1024,512,fused2,3,375564
sample,1024,512,fused2,4,382425
sample,1024,512,fused2,5,379267
sample,1024,512,fused2,6,379944
sample,1024,512,fused2,7,380759
sample,1024,512,fused2,8,380416
sample,1024,512,fused2,9,375657
sample,1024,512,fused2,10,382036
sample,1024,512,fused2,11,381138
sample,1024,512,fused2,12,378295
sample,1024,512,fused2,13,378888
sample,1024,512,fused2,14,379091
sample,1024,512,fused2,15,379999
sample,1024,512,fused2,16,387286
sample,1024,512,fused2,17,372925
sample,1024,512,fused2,18,372370
sample,1024,512,fused2,19,379119
sample,1024,512,fused2,20,378239
sample,1024,512,fused2,21,378933
sample,1024,512,fused2,22,386231
sample,1024,512,fused2,23,375647
sample,1024,512,fused2,24,374768
sample,1024,512,fused2,25,378638
sample,1024,512,fused2,26,378425
sample,1024,512,fused2,27,377740
sample,1024,512,fused2,28,382185
sample,1024,512,fused2,29,380916
measured,1024,512,tile8,65536,262144,5,30,8,348119,410287,0949b62ffc70d026,7663f0c9d3466943,none,none
sample,1024,512,tile8,0,346462
sample,1024,512,tile8,1,374712
sample,1024,512,tile8,2,342129
sample,1024,512,tile8,3,343721
sample,1024,512,tile8,4,344675
sample,1024,512,tile8,5,347851
sample,1024,512,tile8,6,353712
sample,1024,512,tile8,7,410287
sample,1024,512,tile8,8,343369
sample,1024,512,tile8,9,348119
sample,1024,512,tile8,10,345313
sample,1024,512,tile8,11,347054
sample,1024,512,tile8,12,350545
sample,1024,512,tile8,13,348758
sample,1024,512,tile8,14,350888
sample,1024,512,tile8,15,395193
sample,1024,512,tile8,16,358842
sample,1024,512,tile8,17,340953
sample,1024,512,tile8,18,356129
sample,1024,512,tile8,19,348027
sample,1024,512,tile8,20,348647
sample,1024,512,tile8,21,345888
sample,1024,512,tile8,22,351896
sample,1024,512,tile8,23,347036
sample,1024,512,tile8,24,509239
sample,1024,512,tile8,25,350638
sample,1024,512,tile8,26,350434
sample,1024,512,tile8,27,353665
sample,1024,512,tile8,28,347508
sample,1024,512,tile8,29,346259
measured,1024,2048,vec4,262144,1048576,5,30,10,421933,433879,2d4a1c573b9665e7,d32c613321b43c7f,none,none
sample,1024,2048,vec4,0,415165
sample,1024,2048,vec4,1,419462
sample,1024,2048,vec4,2,420295
sample,1024,2048,vec4,3,421933
sample,1024,2048,vec4,4,421536
sample,1024,2048,vec4,5,440850
sample,1024,2048,vec4,6,433879
sample,1024,2048,vec4,7,414248
sample,1024,2048,vec4,8,418907
sample,1024,2048,vec4,9,420814
sample,1024,2048,vec4,10,425786
sample,1024,2048,vec4,11,424053
sample,1024,2048,vec4,12,423046
sample,1024,2048,vec4,13,424564
sample,1024,2048,vec4,14,426008
sample,1024,2048,vec4,15,422786
sample,1024,2048,vec4,16,414073
sample,1024,2048,vec4,17,422360
sample,1024,2048,vec4,18,420674
sample,1024,2048,vec4,19,423016
sample,1024,2048,vec4,20,424453
sample,1024,2048,vec4,21,421100
sample,1024,2048,vec4,22,417944
sample,1024,2048,vec4,23,423795
sample,1024,2048,vec4,24,414898
sample,1024,2048,vec4,25,416370
sample,1024,2048,vec4,26,424915
sample,1024,2048,vec4,27,427212
sample,1024,2048,vec4,28,422721
sample,1024,2048,vec4,29,419453
measured,1024,2048,fused2,262144,1048576,5,30,9,384351,420147,2d4a1c573b9665e7,d32c613321b43c7f,none,none
sample,1024,2048,fused2,0,379397
sample,1024,2048,fused2,1,384488
sample,1024,2048,fused2,2,382378
sample,1024,2048,fused2,3,393583
sample,1024,2048,fused2,4,387184
sample,1024,2048,fused2,5,383101
sample,1024,2048,fused2,6,420147
sample,1024,2048,fused2,7,379795
sample,1024,2048,fused2,8,377980
sample,1024,2048,fused2,9,384749
sample,1024,2048,fused2,10,387619
sample,1024,2048,fused2,11,383721
sample,1024,2048,fused2,12,385184
sample,1024,2048,fused2,13,385388
sample,1024,2048,fused2,14,380989
sample,1024,2048,fused2,15,383582
sample,1024,2048,fused2,16,381240
sample,1024,2048,fused2,17,381925
sample,1024,2048,fused2,18,383906
sample,1024,2048,fused2,19,384416
sample,1024,2048,fused2,20,390563
sample,1024,2048,fused2,21,385370
sample,1024,2048,fused2,22,415258
sample,1024,2048,fused2,23,430757
sample,1024,2048,fused2,24,378091
sample,1024,2048,fused2,25,380453
sample,1024,2048,fused2,26,386036
sample,1024,2048,fused2,27,386740
sample,1024,2048,fused2,28,382666
sample,1024,2048,fused2,29,384351
measured,1024,2048,tile8,262144,1048576,5,30,8,365184,379415,2d4a1c573b9665e7,d32c613321b43c7f,none,none
sample,1024,2048,tile8,0,364757
sample,1024,2048,tile8,1,366611
sample,1024,2048,tile8,2,366656
sample,1024,2048,tile8,3,365184
sample,1024,2048,tile8,4,369101
sample,1024,2048,tile8,5,365629
sample,1024,2048,tile8,6,370073
sample,1024,2048,tile8,7,359518
sample,1024,2048,tile8,8,361675
sample,1024,2048,tile8,9,364120
sample,1024,2048,tile8,10,365091
sample,1024,2048,tile8,11,366823
sample,1024,2048,tile8,12,366388
sample,1024,2048,tile8,13,367101
sample,1024,2048,tile8,14,388777
sample,1024,2048,tile8,15,366286
sample,1024,2048,tile8,16,363333
sample,1024,2048,tile8,17,365128
sample,1024,2048,tile8,18,366249
sample,1024,2048,tile8,19,365388
sample,1024,2048,tile8,20,365129
sample,1024,2048,tile8,21,368073
sample,1024,2048,tile8,22,364425
sample,1024,2048,tile8,23,379415
sample,1024,2048,tile8,24,359731
sample,1024,2048,tile8,25,359638
sample,1024,2048,tile8,26,363657
sample,1024,2048,tile8,27,365675
sample,1024,2048,tile8,28,364249
sample,1024,2048,tile8,29,363786
measured,4096,128,vec4,65536,262144,5,30,12,485257,560777,d878e557b6daedce,8cc85ceb09c8efed,none,none
sample,4096,128,vec4,0,485758
sample,4096,128,vec4,1,486998
sample,4096,128,vec4,2,477517
sample,4096,128,vec4,3,485998
sample,4096,128,vec4,4,485257
sample,4096,128,vec4,5,517303
sample,4096,128,vec4,6,485896
sample,4096,128,vec4,7,480527
sample,4096,128,vec4,8,485831
sample,4096,128,vec4,9,487192
sample,4096,128,vec4,10,484016
sample,4096,128,vec4,11,485989
sample,4096,128,vec4,12,485842
sample,4096,128,vec4,13,560777
sample,4096,128,vec4,14,478943
sample,4096,128,vec4,15,488127
sample,4096,128,vec4,16,483619
sample,4096,128,vec4,17,481720
sample,4096,128,vec4,18,482258
sample,4096,128,vec4,19,492259
sample,4096,128,vec4,20,480027
sample,4096,128,vec4,21,483157
sample,4096,128,vec4,22,485027
sample,4096,128,vec4,23,483407
sample,4096,128,vec4,24,486646
sample,4096,128,vec4,25,482415
sample,4096,128,vec4,26,585295
sample,4096,128,vec4,27,478914
sample,4096,128,vec4,28,491452
sample,4096,128,vec4,29,484600
measured,4096,128,fused2,65536,262144,5,30,11,451147,473480,d878e557b6daedce,8cc85ceb09c8efed,none,none
sample,4096,128,fused2,0,465720
sample,4096,128,fused2,1,444397
sample,4096,128,fused2,2,446083
sample,4096,128,fused2,3,451888
sample,4096,128,fused2,4,454573
sample,4096,128,fused2,5,521286
sample,4096,128,fused2,6,451850
sample,4096,128,fused2,7,445442
sample,4096,128,fused2,8,447202
sample,4096,128,fused2,9,450970
sample,4096,128,fused2,10,451611
sample,4096,128,fused2,11,451147
sample,4096,128,fused2,12,454601
sample,4096,128,fused2,13,454860
sample,4096,128,fused2,14,447545
sample,4096,128,fused2,15,448351
sample,4096,128,fused2,16,451064
sample,4096,128,fused2,17,449249
sample,4096,128,fused2,18,462748
sample,4096,128,fused2,19,446332
sample,4096,128,fused2,20,443785
sample,4096,128,fused2,21,446416
sample,4096,128,fused2,22,452240
sample,4096,128,fused2,23,461296
sample,4096,128,fused2,24,451591
sample,4096,128,fused2,25,447370
sample,4096,128,fused2,26,473480
sample,4096,128,fused2,27,451387
sample,4096,128,fused2,28,452999
sample,4096,128,fused2,29,450258
measured,4096,128,tile8,65536,262144,5,30,10,418980,476406,d878e557b6daedce,8cc85ceb09c8efed,none,none
sample,4096,128,tile8,0,476406
sample,4096,128,tile8,1,414184
sample,4096,128,tile8,2,415509
sample,4096,128,tile8,3,416397
sample,4096,128,tile8,4,420184
sample,4096,128,tile8,5,422072
sample,4096,128,tile8,6,417897
sample,4096,128,tile8,7,417666
sample,4096,128,tile8,8,420768
sample,4096,128,tile8,9,417378
sample,4096,128,tile8,10,420684
sample,4096,128,tile8,11,420526
sample,4096,128,tile8,12,419869
sample,4096,128,tile8,13,421665
sample,4096,128,tile8,14,417305
sample,4096,128,tile8,15,418221
sample,4096,128,tile8,16,420768
sample,4096,128,tile8,17,418980
sample,4096,128,tile8,18,480527
sample,4096,128,tile8,19,416526
sample,4096,128,tile8,20,416396
sample,4096,128,tile8,21,419045
sample,4096,128,tile8,22,417268
sample,4096,128,tile8,23,420971
sample,4096,128,tile8,24,424082
sample,4096,128,tile8,25,421063
sample,4096,128,tile8,26,434462
sample,4096,128,tile8,27,414129
sample,4096,128,tile8,28,413175
sample,4096,128,tile8,29,415581
measured,4096,512,vec4,262144,1048576,5,30,12,491600,522193,07e875993970433c,207dceeda1be3f5b,none,none
sample,4096,512,vec4,0,522193
sample,4096,512,vec4,1,485138
sample,4096,512,vec4,2,482166
sample,4096,512,vec4,3,490840
sample,4096,512,vec4,4,491896
sample,4096,512,vec4,5,487666
sample,4096,512,vec4,6,488831
sample,4096,512,vec4,7,490924
sample,4096,512,vec4,8,494017
sample,4096,512,vec4,9,488360
sample,4096,512,vec4,10,493314
sample,4096,512,vec4,11,491600
sample,4096,512,vec4,12,496184
sample,4096,512,vec4,13,493120
sample,4096,512,vec4,14,486148
sample,4096,512,vec4,15,494489
sample,4096,512,vec4,16,493508
sample,4096,512,vec4,17,492082
sample,4096,512,vec4,18,490795
sample,4096,512,vec4,19,489805
sample,4096,512,vec4,20,498488
sample,4096,512,vec4,21,485369
sample,4096,512,vec4,22,488221
sample,4096,512,vec4,23,492916
sample,4096,512,vec4,24,493906
sample,4096,512,vec4,25,531378
sample,4096,512,vec4,26,492230
sample,4096,512,vec4,27,490120
sample,4096,512,vec4,28,490749
sample,4096,512,vec4,29,494525
measured,4096,512,fused2,262144,1048576,5,30,11,459646,509008,07e875993970433c,207dceeda1be3f5b,none,none
sample,4096,512,fused2,0,491470
sample,4096,512,fused2,1,452194
sample,4096,512,fused2,2,449933
sample,4096,512,fused2,3,456221
sample,4096,512,fused2,4,461637
sample,4096,512,fused2,5,456147
sample,4096,512,fused2,6,457518
sample,4096,512,fused2,7,473424
sample,4096,512,fused2,8,457110
sample,4096,512,fused2,9,452082
sample,4096,512,fused2,10,461192
sample,4096,512,fused2,11,459646
sample,4096,512,fused2,12,467313
sample,4096,512,fused2,13,455703
sample,4096,512,fused2,14,461794
sample,4096,512,fused2,15,459239
sample,4096,512,fused2,16,460471
sample,4096,512,fused2,17,460897
sample,4096,512,fused2,18,461647
sample,4096,512,fused2,19,509008
sample,4096,512,fused2,20,520518
sample,4096,512,fused2,21,452629
sample,4096,512,fused2,22,463368
sample,4096,512,fused2,23,461323
sample,4096,512,fused2,24,456887
sample,4096,512,fused2,25,454722
sample,4096,512,fused2,26,450860
sample,4096,512,fused2,27,461481
sample,4096,512,fused2,28,455091
sample,4096,512,fused2,29,459888
measured,4096,512,tile8,262144,1048576,5,30,10,439933,500267,07e875993970433c,207dceeda1be3f5b,none,none
sample,4096,512,tile8,0,441861
sample,4096,512,tile8,1,430933
sample,4096,512,tile8,2,439388
sample,4096,512,tile8,3,436545
sample,4096,512,tile8,4,440666
sample,4096,512,tile8,5,438424
sample,4096,512,tile8,6,437416
sample,4096,512,tile8,7,502887
sample,4096,512,tile8,8,436359
sample,4096,512,tile8,9,443526
sample,4096,512,tile8,10,436516
sample,4096,512,tile8,11,441897
sample,4096,512,tile8,12,500267
sample,4096,512,tile8,13,434924
sample,4096,512,tile8,14,447276
sample,4096,512,tile8,15,438026
sample,4096,512,tile8,16,441499
sample,4096,512,tile8,17,440331
sample,4096,512,tile8,18,438044
sample,4096,512,tile8,19,439915
sample,4096,512,tile8,20,444221
sample,4096,512,tile8,21,437814
sample,4096,512,tile8,22,442803
sample,4096,512,tile8,23,443740
sample,4096,512,tile8,24,450443
sample,4096,512,tile8,25,448943
sample,4096,512,tile8,26,434480
sample,4096,512,tile8,27,439933
sample,4096,512,tile8,28,440396
sample,4096,512,tile8,29,435841
measured,4096,2048,vec4,1048576,4194304,5,30,12,549081,594220,4143a88e49ed614b,e0842ad8f72c0c9f,none,none
sample,4096,2048,vec4,0,553942
sample,4096,2048,vec4,1,547619
sample,4096,2048,vec4,2,542304
sample,4096,2048,vec4,3,580351
sample,4096,2048,vec4,4,545332
sample,4096,2048,vec4,5,545721
sample,4096,2048,vec4,6,548684
sample,4096,2048,vec4,7,549739
sample,4096,2048,vec4,8,547481
sample,4096,2048,vec4,9,590896
sample,4096,2048,vec4,10,550748
sample,4096,2048,vec4,11,543924
sample,4096,2048,vec4,12,543692
sample,4096,2048,vec4,13,545897
sample,4096,2048,vec4,14,549442
sample,4096,2048,vec4,15,544675
sample,4096,2048,vec4,16,594220
sample,4096,2048,vec4,17,547545
sample,4096,2048,vec4,18,553915
sample,4096,2048,vec4,19,547600
sample,4096,2048,vec4,20,564758
sample,4096,2048,vec4,21,549081
sample,4096,2048,vec4,22,547388
sample,4096,2048,vec4,23,557712
sample,4096,2048,vec4,24,570470
sample,4096,2048,vec4,25,553239
sample,4096,2048,vec4,26,602665
sample,4096,2048,vec4,27,545481
sample,4096,2048,vec4,28,556444
sample,4096,2048,vec4,29,554433
measured,4096,2048,fused2,1048576,4194304,5,30,11,513981,546758,4143a88e49ed614b,e0842ad8f72c0c9f,none,none
sample,4096,2048,fused2,0,511054
sample,4096,2048,fused2,1,507063
sample,4096,2048,fused2,2,505387
sample,4096,2048,fused2,3,513981
sample,4096,2048,fused2,4,511183
sample,4096,2048,fused2,5,510582
sample,4096,2048,fused2,6,518480
sample,4096,2048,fused2,7,515591
sample,4096,2048,fused2,8,511527
sample,4096,2048,fused2,9,515933
sample,4096,2048,fused2,10,512286
sample,4096,2048,fused2,11,507572
sample,4096,2048,fused2,12,517062
sample,4096,2048,fused2,13,511832
sample,4096,2048,fused2,14,507887
sample,4096,2048,fused2,15,516212
sample,4096,2048,fused2,16,518414
sample,4096,2048,fused2,17,511990
sample,4096,2048,fused2,18,510730
sample,4096,2048,fused2,19,522387
sample,4096,2048,fused2,20,546758
sample,4096,2048,fused2,21,513304
sample,4096,2048,fused2,22,514360
sample,4096,2048,fused2,23,579359
sample,4096,2048,fused2,24,517303
sample,4096,2048,fused2,25,515212
sample,4096,2048,fused2,26,513156
sample,4096,2048,fused2,27,523340
sample,4096,2048,fused2,28,520231
sample,4096,2048,fused2,29,514202
measured,4096,2048,tile8,1048576,4194304,5,30,10,539981,580275,4143a88e49ed614b,e0842ad8f72c0c9f,none,none
sample,4096,2048,tile8,0,534573
sample,4096,2048,tile8,1,549600
sample,4096,2048,tile8,2,538868
sample,4096,2048,tile8,3,565990
sample,4096,2048,tile8,4,547907
sample,4096,2048,tile8,5,539952
sample,4096,2048,tile8,6,537479
sample,4096,2048,tile8,7,539729
sample,4096,2048,tile8,8,543360
sample,4096,2048,tile8,9,545776
sample,4096,2048,tile8,10,580275
sample,4096,2048,tile8,11,536509
sample,4096,2048,tile8,12,538786
sample,4096,2048,tile8,13,537675
sample,4096,2048,tile8,14,542896
sample,4096,2048,tile8,15,539425
sample,4096,2048,tile8,16,547155
sample,4096,2048,tile8,17,553091
sample,4096,2048,tile8,18,538331
sample,4096,2048,tile8,19,542988
sample,4096,2048,tile8,20,538712
sample,4096,2048,tile8,21,534322
sample,4096,2048,tile8,22,539766
sample,4096,2048,tile8,23,539981
sample,4096,2048,tile8,24,540619
sample,4096,2048,tile8,25,543416
sample,4096,2048,tile8,26,588229
sample,4096,2048,tile8,27,539202
sample,4096,2048,tile8,28,542129
sample,4096,2048,tile8,29,540961
measured,16384,128,vec4,262144,1048576,5,30,14,566054,595461,318e48fc80dadb1f,a09bc0e13ecf9bf8,none,none
sample,16384,128,vec4,0,570314
sample,16384,128,vec4,1,566054
sample,16384,128,vec4,2,560748
sample,16384,128,vec4,3,566442
sample,16384,128,vec4,4,622729
sample,16384,128,vec4,5,563257
sample,16384,128,vec4,6,562646
sample,16384,128,vec4,7,562007
sample,16384,128,vec4,8,595294
sample,16384,128,vec4,9,560072
sample,16384,128,vec4,10,560720
sample,16384,128,vec4,11,561647
sample,16384,128,vec4,12,557600
sample,16384,128,vec4,13,563971
sample,16384,128,vec4,14,559305
sample,16384,128,vec4,15,562387
sample,16384,128,vec4,16,568971
sample,16384,128,vec4,17,569906
sample,16384,128,vec4,18,570397
sample,16384,128,vec4,19,595461
sample,16384,128,vec4,20,558979
sample,16384,128,vec4,21,568118
sample,16384,128,vec4,22,569989
sample,16384,128,vec4,23,566183
sample,16384,128,vec4,24,568045
sample,16384,128,vec4,25,568646
sample,16384,128,vec4,26,574461
sample,16384,128,vec4,27,559286
sample,16384,128,vec4,28,567489
sample,16384,128,vec4,29,565554
measured,16384,128,fused2,262144,1048576,5,30,13,533683,550823,318e48fc80dadb1f,a09bc0e13ecf9bf8,none,none
sample,16384,128,fused2,0,534082
sample,16384,128,fused2,1,536451
sample,16384,128,fused2,2,533683
sample,16384,128,fused2,3,531684
sample,16384,128,fused2,4,542711
sample,16384,128,fused2,5,526711
sample,16384,128,fused2,6,534305
sample,16384,128,fused2,7,531989
sample,16384,128,fused2,8,534776
sample,16384,128,fused2,9,539869
sample,16384,128,fused2,10,532239
sample,16384,128,fused2,11,526684
sample,16384,128,fused2,12,533303
sample,16384,128,fused2,13,534035
sample,16384,128,fused2,14,530786
sample,16384,128,fused2,15,542970
sample,16384,128,fused2,16,526387
sample,16384,128,fused2,17,535795
sample,16384,128,fused2,18,536183
sample,16384,128,fused2,19,533684
sample,16384,128,fused2,20,532008
sample,16384,128,fused2,21,528897
sample,16384,128,fused2,22,534073
sample,16384,128,fused2,23,533303
sample,16384,128,fused2,24,537351
sample,16384,128,fused2,25,550823
sample,16384,128,fused2,26,591340
sample,16384,128,fused2,27,524155
sample,16384,128,fused2,28,531720
sample,16384,128,fused2,29,530063
measured,16384,128,tile8,262144,1048576,5,30,12,512184,574526,318e48fc80dadb1f,a09bc0e13ecf9bf8,none,none
sample,16384,128,tile8,0,515368
sample,16384,128,tile8,1,512184
sample,16384,128,tile8,2,513916
sample,16384,128,tile8,3,510943
sample,16384,128,tile8,4,575813
sample,16384,128,tile8,5,506685
sample,16384,128,tile8,6,515980
sample,16384,128,tile8,7,508646
sample,16384,128,tile8,8,574526
sample,16384,128,tile8,9,512970
sample,16384,128,tile8,10,513481
sample,16384,128,tile8,11,505655
sample,16384,128,tile8,12,515128
sample,16384,128,tile8,13,504933
sample,16384,128,tile8,14,536322
sample,16384,128,tile8,15,516239
sample,16384,128,tile8,16,500536
sample,16384,128,tile8,17,513035
sample,16384,128,tile8,18,513174
sample,16384,128,tile8,19,519703
sample,16384,128,tile8,20,504285
sample,16384,128,tile8,21,517823
sample,16384,128,tile8,22,512979
sample,16384,128,tile8,23,511268
sample,16384,128,tile8,24,511591
sample,16384,128,tile8,25,511731
sample,16384,128,tile8,26,506035
sample,16384,128,tile8,27,505434
sample,16384,128,tile8,28,510378
sample,16384,128,tile8,29,510916
measured,16384,512,vec4,1048576,4194304,5,30,14,628081,653646,08b87a1ca99fa7b8,cc66b7b8fae87df4,none,none
sample,16384,512,vec4,0,626720
sample,16384,512,vec4,1,631461
sample,16384,512,vec4,2,635331
sample,16384,512,vec4,3,623544
sample,16384,512,vec4,4,619934
sample,16384,512,vec4,5,626628
sample,16384,512,vec4,6,633683
sample,16384,512,vec4,7,630055
sample,16384,512,vec4,8,653646
sample,16384,512,vec4,9,631266
sample,16384,512,vec4,10,632971
sample,16384,512,vec4,11,649267
sample,16384,512,vec4,12,640637
sample,16384,512,vec4,13,617646
sample,16384,512,vec4,14,628351
sample,16384,512,vec4,15,633433
sample,16384,512,vec4,16,628081
sample,16384,512,vec4,17,677100
sample,16384,512,vec4,18,628239
sample,16384,512,vec4,19,626470
sample,16384,512,vec4,20,622748
sample,16384,512,vec4,21,630174
sample,16384,512,vec4,22,620443
sample,16384,512,vec4,23,628665
sample,16384,512,vec4,24,625072
sample,16384,512,vec4,25,627840
sample,16384,512,vec4,26,626794
sample,16384,512,vec4,27,608933
sample,16384,512,vec4,28,569349
sample,16384,512,vec4,29,575526
measured,16384,512,fused2,1048576,4194304,5,30,13,596850,650887,08b87a1ca99fa7b8,cc66b7b8fae87df4,none,none
sample,16384,512,fused2,0,600322
sample,16384,512,fused2,1,602693
sample,16384,512,fused2,2,599637
sample,16384,512,fused2,3,595637
sample,16384,512,fused2,4,594249
sample,16384,512,fused2,5,598730
sample,16384,512,fused2,6,609989
sample,16384,512,fused2,7,597184
sample,16384,512,fused2,8,614758
sample,16384,512,fused2,9,592035
sample,16384,512,fused2,10,595286
sample,16384,512,fused2,11,594582
sample,16384,512,fused2,12,603581
sample,16384,512,fused2,13,603396
sample,16384,512,fused2,14,597118
sample,16384,512,fused2,15,596850
sample,16384,512,fused2,16,598322
sample,16384,512,fused2,17,650887
sample,16384,512,fused2,18,587183
sample,16384,512,fused2,19,594859
sample,16384,512,fused2,20,594007
sample,16384,512,fused2,21,653044
sample,16384,512,fused2,22,590905
sample,16384,512,fused2,23,592498
sample,16384,512,fused2,24,589074
sample,16384,512,fused2,25,588414
sample,16384,512,fused2,26,598433
sample,16384,512,fused2,27,610637
sample,16384,512,fused2,28,541026
sample,16384,512,fused2,29,539266
measured,16384,512,tile8,1048576,4194304,5,30,12,618600,627350,08b87a1ca99fa7b8,cc66b7b8fae87df4,none,none
sample,16384,512,tile8,0,620433
sample,16384,512,tile8,1,621295
sample,16384,512,tile8,2,627350
sample,16384,512,tile8,3,610146
sample,16384,512,tile8,4,613259
sample,16384,512,tile8,5,619664
sample,16384,512,tile8,6,623285
sample,16384,512,tile8,7,618240
sample,16384,512,tile8,8,622535
sample,16384,512,tile8,9,609470
sample,16384,512,tile8,10,621776
sample,16384,512,tile8,11,623027
sample,16384,512,tile8,12,611378
sample,16384,512,tile8,13,610174
sample,16384,512,tile8,14,624322
sample,16384,512,tile8,15,621322
sample,16384,512,tile8,16,615137
sample,16384,512,tile8,17,620627
sample,16384,512,tile8,18,610072
sample,16384,512,tile8,19,607554
sample,16384,512,tile8,20,622472
sample,16384,512,tile8,21,655331
sample,16384,512,tile8,22,614090
sample,16384,512,tile8,23,618600
sample,16384,512,tile8,24,619378
sample,16384,512,tile8,25,613729
sample,16384,512,tile8,26,626822
sample,16384,512,tile8,27,592655
sample,16384,512,tile8,28,575276
sample,16384,512,tile8,29,559480
measured,16384,2048,vec4,4194304,16777216,5,30,14,744173,795535,6be3b72c15a212b9,3199380bd5011e6c,none,none
sample,16384,2048,vec4,0,764118
sample,16384,2048,vec4,1,745507
sample,16384,2048,vec4,2,756239
sample,16384,2048,vec4,3,761229
sample,16384,2048,vec4,4,747508
sample,16384,2048,vec4,5,744173
sample,16384,2048,vec4,6,743442
sample,16384,2048,vec4,7,745285
sample,16384,2048,vec4,8,795535
sample,16384,2048,vec4,9,759368
sample,16384,2048,vec4,10,754970
sample,16384,2048,vec4,11,741544
sample,16384,2048,vec4,12,800452
sample,16384,2048,vec4,13,751479
sample,16384,2048,vec4,14,753406
sample,16384,2048,vec4,15,742581
sample,16384,2048,vec4,16,741146
sample,16384,2048,vec4,17,755683
sample,16384,2048,vec4,18,753739
sample,16384,2048,vec4,19,750359
sample,16384,2048,vec4,20,723617
sample,16384,2048,vec4,21,698906
sample,16384,2048,vec4,22,700516
sample,16384,2048,vec4,23,681525
sample,16384,2048,vec4,24,692082
sample,16384,2048,vec4,25,694904
sample,16384,2048,vec4,26,696471
sample,16384,2048,vec4,27,685073
sample,16384,2048,vec4,28,653804
sample,16384,2048,vec4,29,659156
measured,16384,2048,fused2,4194304,16777216,5,30,13,706378,741646,6be3b72c15a212b9,3199380bd5011e6c,none,none
sample,16384,2048,fused2,0,707637
sample,16384,2048,fused2,1,714053
sample,16384,2048,fused2,2,710859
sample,16384,2048,fused2,3,713378
sample,16384,2048,fused2,4,706378
sample,16384,2048,fused2,5,703720
sample,16384,2048,fused2,6,705581
sample,16384,2048,fused2,7,704887
sample,16384,2048,fused2,8,743600
sample,16384,2048,fused2,9,702831
sample,16384,2048,fused2,10,716998
sample,16384,2048,fused2,11,716109
sample,16384,2048,fused2,12,720804
sample,16384,2048,fused2,13,721349
sample,16384,2048,fused2,14,717174
sample,16384,2048,fused2,15,741646
sample,16384,2048,fused2,16,715915
sample,16384,2048,fused2,17,713544
sample,16384,2048,fused2,18,712905
sample,16384,2048,fused2,19,711026
sample,16384,2048,fused2,20,695489
sample,16384,2048,fused2,21,646646
sample,16384,2048,fused2,22,652211
sample,16384,2048,fused2,23,645803
sample,16384,2048,fused2,24,658016
sample,16384,2048,fused2,25,660026
sample,16384,2048,fused2,26,663248
sample,16384,2048,fused2,27,679739
sample,16384,2048,fused2,28,613804
sample,16384,2048,fused2,29,618794
measured,16384,2048,tile8,4194304,16777216,5,30,12,860747,903959,6be3b72c15a212b9,3199380bd5011e6c,none,none
sample,16384,2048,tile8,0,860747
sample,16384,2048,tile8,1,864757
sample,16384,2048,tile8,2,860174
sample,16384,2048,tile8,3,864765
sample,16384,2048,tile8,4,902691
sample,16384,2048,tile8,5,864461
sample,16384,2048,tile8,6,862989
sample,16384,2048,tile8,7,859524
sample,16384,2048,tile8,8,856321
sample,16384,2048,tile8,9,855951
sample,16384,2048,tile8,10,867924
sample,16384,2048,tile8,11,886192
sample,16384,2048,tile8,12,867137
sample,16384,2048,tile8,13,863303
sample,16384,2048,tile8,14,862561
sample,16384,2048,tile8,15,903959
sample,16384,2048,tile8,16,862701
sample,16384,2048,tile8,17,864145
sample,16384,2048,tile8,18,864942
sample,16384,2048,tile8,19,918756
sample,16384,2048,tile8,20,766915
sample,16384,2048,tile8,21,759674
sample,16384,2048,tile8,22,780924
sample,16384,2048,tile8,23,757895
sample,16384,2048,tile8,24,783517
sample,16384,2048,tile8,25,779470
sample,16384,2048,tile8,26,776563
sample,16384,2048,tile8,27,790267
sample,16384,2048,tile8,28,740183
sample,16384,2048,tile8,29,714285
measured,65536,128,vec4,1048576,4194304,5,30,16,606008,613989,9ec0db29a14c575b,4098921c6b362ecd,none,none
sample,65536,128,vec4,0,607451
sample,65536,128,vec4,1,610360
sample,65536,128,vec4,2,610685
sample,65536,128,vec4,3,617083
sample,65536,128,vec4,4,606008
sample,65536,128,vec4,5,604359
sample,65536,128,vec4,6,609322
sample,65536,128,vec4,7,612276
sample,65536,128,vec4,8,599841
sample,65536,128,vec4,9,608424
sample,65536,128,vec4,10,602896
sample,65536,128,vec4,11,609758
sample,65536,128,vec4,12,610914
sample,65536,128,vec4,13,602544
sample,65536,128,vec4,14,598674
sample,65536,128,vec4,15,607313
sample,65536,128,vec4,16,603823
sample,65536,128,vec4,17,605294
sample,65536,128,vec4,18,602572
sample,65536,128,vec4,19,600072
sample,65536,128,vec4,20,604813
sample,65536,128,vec4,21,599396
sample,65536,128,vec4,22,603822
sample,65536,128,vec4,23,613544
sample,65536,128,vec4,24,600276
sample,65536,128,vec4,25,609924
sample,65536,128,vec4,26,606952
sample,65536,128,vec4,27,613174
sample,65536,128,vec4,28,613989
sample,65536,128,vec4,29,605063
measured,65536,128,fused2,1048576,4194304,5,30,15,581157,637646,9ec0db29a14c575b,4098921c6b362ecd,none,none
sample,65536,128,fused2,0,581961
sample,65536,128,fused2,1,579304
sample,65536,128,fused2,2,581157
sample,65536,128,fused2,3,584545
sample,65536,128,fused2,4,579082
sample,65536,128,fused2,5,581072
sample,65536,128,fused2,6,581906
sample,65536,128,fused2,7,637646
sample,65536,128,fused2,8,579720
sample,65536,128,fused2,9,575933
sample,65536,128,fused2,10,585498
sample,65536,128,fused2,11,591525
sample,65536,128,fused2,12,575016
sample,65536,128,fused2,13,607924
sample,65536,128,fused2,14,574007
sample,65536,128,fused2,15,572831
sample,65536,128,fused2,16,577879
sample,65536,128,fused2,17,592083
sample,65536,128,fused2,18,571924
sample,65536,128,fused2,19,582165
sample,65536,128,fused2,20,581869
sample,65536,128,fused2,21,578988
sample,65536,128,fused2,22,574766
sample,65536,128,fused2,23,594387
sample,65536,128,fused2,24,573711
sample,65536,128,fused2,25,585710
sample,65536,128,fused2,26,581655
sample,65536,128,fused2,27,640572
sample,65536,128,fused2,28,583564
sample,65536,128,fused2,29,580943
measured,65536,128,tile8,1048576,4194304,5,30,14,578128,641804,9ec0db29a14c575b,4098921c6b362ecd,none,none
sample,65536,128,tile8,0,583240
sample,65536,128,tile8,1,586351
sample,65536,128,tile8,2,576638
sample,65536,128,tile8,3,579860
sample,65536,128,tile8,4,578082
sample,65536,128,tile8,5,582535
sample,65536,128,tile8,6,580378
sample,65536,128,tile8,7,641804
sample,65536,128,tile8,8,573433
sample,65536,128,tile8,9,589933
sample,65536,128,tile8,10,578757
sample,65536,128,tile8,11,580303
sample,65536,128,tile8,12,576859
sample,65536,128,tile8,13,599582
sample,65536,128,tile8,14,575109
sample,65536,128,tile8,15,574258
sample,65536,128,tile8,16,574675
sample,65536,128,tile8,17,588091
sample,65536,128,tile8,18,573711
sample,65536,128,tile8,19,578128
sample,65536,128,tile8,20,575109
sample,65536,128,tile8,21,577822
sample,65536,128,tile8,22,573702
sample,65536,128,tile8,23,618952
sample,65536,128,tile8,24,577387
sample,65536,128,tile8,25,575377
sample,65536,128,tile8,26,581601
sample,65536,128,tile8,27,647008
sample,65536,128,tile8,28,575193
sample,65536,128,tile8,29,586897
measured,65536,512,vec4,4194304,16777216,5,30,16,762230,772729,84d06402da633040,29115d73667dee45,none,none
sample,65536,512,vec4,0,752702
sample,65536,512,vec4,1,759646
sample,65536,512,vec4,2,755063
sample,65536,512,vec4,3,744776
sample,65536,512,vec4,4,747415
sample,65536,512,vec4,5,759691
sample,65536,512,vec4,6,755498
sample,65536,512,vec4,7,767664
sample,65536,512,vec4,8,762230
sample,65536,512,vec4,9,763637
sample,65536,512,vec4,10,756665
sample,65536,512,vec4,11,750034
sample,65536,512,vec4,12,756581
sample,65536,512,vec4,13,755980
sample,65536,512,vec4,14,772729
sample,65536,512,vec4,15,766719
sample,65536,512,vec4,16,763525
sample,65536,512,vec4,17,766330
sample,65536,512,vec4,18,770563
sample,65536,512,vec4,19,739184
sample,65536,512,vec4,20,751812
sample,65536,512,vec4,21,776387
sample,65536,512,vec4,22,768369
sample,65536,512,vec4,23,771572
sample,65536,512,vec4,24,767257
sample,65536,512,vec4,25,763581
sample,65536,512,vec4,26,760313
sample,65536,512,vec4,27,765147
sample,65536,512,vec4,28,769210
sample,65536,512,vec4,29,766230
measured,65536,512,fused2,4194304,16777216,5,30,15,728137,747869,84d06402da633040,29115d73667dee45,none,none
sample,65536,512,fused2,0,722331
sample,65536,512,fused2,1,725035
sample,65536,512,fused2,2,719349
sample,65536,512,fused2,3,721072
sample,65536,512,fused2,4,720655
sample,65536,512,fused2,5,712498
sample,65536,512,fused2,6,724470
sample,65536,512,fused2,7,728303
sample,65536,512,fused2,8,725378
sample,65536,512,fused2,9,728137
sample,65536,512,fused2,10,733266
sample,65536,512,fused2,11,718406
sample,65536,512,fused2,12,716211
sample,65536,512,fused2,13,740063
sample,65536,512,fused2,14,735035
sample,65536,512,fused2,15,734044
sample,65536,512,fused2,16,737461
sample,65536,512,fused2,17,747869
sample,65536,512,fused2,18,721164
sample,65536,512,fused2,19,714089
sample,65536,512,fused2,20,731137
sample,65536,512,fused2,21,734266
sample,65536,512,fused2,22,742331
sample,65536,512,fused2,23,737100
sample,65536,512,fused2,24,737415
sample,65536,512,fused2,25,718507
sample,65536,512,fused2,26,750220
sample,65536,512,fused2,27,727303
sample,65536,512,fused2,28,738331
sample,65536,512,fused2,29,731960
measured,65536,512,tile8,4194304,16777216,5,30,14,830239,846275,84d06402da633040,29115d73667dee45,none,none
sample,65536,512,tile8,0,817951
sample,65536,512,tile8,1,821721
sample,65536,512,tile8,2,818989
sample,65536,512,tile8,3,817738
sample,65536,512,tile8,4,821571
sample,65536,512,tile8,5,836841
sample,65536,512,tile8,6,829349
sample,65536,512,tile8,7,828757
sample,65536,512,tile8,8,814489
sample,65536,512,tile8,9,854905
sample,65536,512,tile8,10,831155
sample,65536,512,tile8,11,815359
sample,65536,512,tile8,12,811137
sample,65536,512,tile8,13,824043
sample,65536,512,tile8,14,832673
sample,65536,512,tile8,15,833082
sample,65536,512,tile8,16,828637
sample,65536,512,tile8,17,833128
sample,65536,512,tile8,18,835062
sample,65536,512,tile8,19,829535
sample,65536,512,tile8,20,835730
sample,65536,512,tile8,21,829738
sample,65536,512,tile8,22,833359
sample,65536,512,tile8,23,846275
sample,65536,512,tile8,24,831367
sample,65536,512,tile8,25,835969
sample,65536,512,tile8,26,839720
sample,65536,512,tile8,27,846108
sample,65536,512,tile8,28,836553
sample,65536,512,tile8,29,830239
skipped_limit,65536,2048,vec4,16777216,67108864,NA,NA,NA,NA,NA,NA,NA,cohort_dispatch_limit,none
skipped_limit,65536,2048,fused2,16777216,67108864,NA,NA,NA,NA,NA,NA,NA,cohort_dispatch_limit,none
skipped_limit,65536,2048,tile8,16777216,67108864,NA,NA,NA,NA,NA,NA,NA,cohort_dispatch_limit,none
measured,262144,128,vec4,4194304,16777216,5,30,18,914915,1095960,603e59446e81431f,99960c282a7f4ca5,none,none
sample,262144,128,vec4,0,1060358
sample,262144,128,vec4,1,1097349
sample,262144,128,vec4,2,1095960
sample,262144,128,vec4,3,906369
sample,262144,128,vec4,4,900154
sample,262144,128,vec4,5,882452
sample,262144,128,vec4,6,903813
sample,262144,128,vec4,7,914525
sample,262144,128,vec4,8,902156
sample,262144,128,vec4,9,908350
sample,262144,128,vec4,10,904589
sample,262144,128,vec4,11,905738
sample,262144,128,vec4,12,901173
sample,262144,128,vec4,13,932229
sample,262144,128,vec4,14,911950
sample,262144,128,vec4,15,918238
sample,262144,128,vec4,16,905896
sample,262144,128,vec4,17,909192
sample,262144,128,vec4,18,903007
sample,262144,128,vec4,19,920728
sample,262144,128,vec4,20,930044
sample,262144,128,vec4,21,919728
sample,262144,128,vec4,22,914915
sample,262144,128,vec4,23,925091
sample,262144,128,vec4,24,917294
sample,262144,128,vec4,25,923905
sample,262144,128,vec4,26,917404
sample,262144,128,vec4,27,922377
sample,262144,128,vec4,28,917867
sample,262144,128,vec4,29,926665
measured,262144,128,fused2,4194304,16777216,5,30,17,908886,1081340,603e59446e81431f,99960c282a7f4ca5,none,none
sample,262144,128,fused2,0,1057978
sample,262144,128,fused2,1,1085645
sample,262144,128,fused2,2,1081340
sample,262144,128,fused2,3,905034
sample,262144,128,fused2,4,876581
sample,262144,128,fused2,5,879128
sample,262144,128,fused2,6,892100
sample,262144,128,fused2,7,897850
sample,262144,128,fused2,8,896443
sample,262144,128,fused2,9,901719
sample,262144,128,fused2,10,894552
sample,262144,128,fused2,11,897396
sample,262144,128,fused2,12,901238
sample,262144,128,fused2,13,902034
sample,262144,128,fused2,14,899423
sample,262144,128,fused2,15,914905
sample,262144,128,fused2,16,913516
sample,262144,128,fused2,17,905960
sample,262144,128,fused2,18,909591
sample,262144,128,fused2,19,913887
sample,262144,128,fused2,20,912989
sample,262144,128,fused2,21,911553
sample,262144,128,fused2,22,913673
sample,262144,128,fused2,23,901442
sample,262144,128,fused2,24,908886
sample,262144,128,fused2,25,911979
sample,262144,128,fused2,26,913978
sample,262144,128,fused2,27,911812
sample,262144,128,fused2,28,915969
sample,262144,128,fused2,29,910480
measured,262144,128,tile8,4194304,16777216,5,30,16,1012469,1192209,603e59446e81431f,99960c282a7f4ca5,none,none
sample,262144,128,tile8,0,1192209
sample,262144,128,tile8,1,1198413
sample,262144,128,tile8,2,1012469
sample,262144,128,tile8,3,1002525
sample,262144,128,tile8,4,991006
sample,262144,128,tile8,5,1000682
sample,262144,128,tile8,6,996044
sample,262144,128,tile8,7,1014219
sample,262144,128,tile8,8,1004812
sample,262144,128,tile8,9,1011312
sample,262144,128,tile8,10,1014988
sample,262144,128,tile8,11,988192
sample,262144,128,tile8,12,1018923
sample,262144,128,tile8,13,1022200
sample,262144,128,tile8,14,1017701
sample,262144,128,tile8,15,997404
sample,262144,128,tile8,16,1009756
sample,262144,128,tile8,17,1009404
sample,262144,128,tile8,18,1013368
sample,262144,128,tile8,19,1012052
sample,262144,128,tile8,20,1025969
sample,262144,128,tile8,21,1024015
sample,262144,128,tile8,22,1021951
sample,262144,128,tile8,23,1008580
sample,262144,128,tile8,24,1039960
sample,262144,128,tile8,25,1010257
sample,262144,128,tile8,26,1035062
sample,262144,128,tile8,27,998747
sample,262144,128,tile8,28,1034182
sample,262144,128,tile8,29,1037154
skipped_limit,262144,512,vec4,16777216,67108864,NA,NA,NA,NA,NA,NA,NA,cohort_dispatch_limit,none
skipped_limit,262144,512,fused2,16777216,67108864,NA,NA,NA,NA,NA,NA,NA,cohort_dispatch_limit,none
skipped_limit,262144,512,tile8,16777216,67108864,NA,NA,NA,NA,NA,NA,NA,cohort_dispatch_limit,none
skipped_limit,262144,2048,vec4,67108864,268435456,NA,NA,NA,NA,NA,NA,NA,cohort_dispatch_limit,none
skipped_limit,262144,2048,fused2,67108864,268435456,NA,NA,NA,NA,NA,NA,NA,cohort_dispatch_limit,none
skipped_limit,262144,2048,tile8,67108864,268435456,NA,NA,NA,NA,NA,NA,NA,cohort_dispatch_limit,none
skipped_limit,1048576,128,vec4,16777216,67108864,NA,NA,NA,NA,NA,NA,NA,cohort_dispatch_limit,none
skipped_limit,1048576,128,fused2,16777216,67108864,NA,NA,NA,NA,NA,NA,NA,cohort_dispatch_limit,none
skipped_limit,1048576,128,tile8,16777216,67108864,NA,NA,NA,NA,NA,NA,NA,cohort_dispatch_limit,none
skipped_limit,1048576,512,vec4,67108864,268435456,NA,NA,NA,NA,NA,NA,NA,cohort_dispatch_limit,none
skipped_limit,1048576,512,fused2,67108864,268435456,NA,NA,NA,NA,NA,NA,NA,cohort_dispatch_limit,none
skipped_limit,1048576,512,tile8,67108864,268435456,NA,NA,NA,NA,NA,NA,NA,cohort_dispatch_limit,none
skipped_limit,1048576,2048,vec4,268435456,1073741824,NA,NA,NA,NA,NA,NA,NA,cohort_dispatch_limit,none
skipped_limit,1048576,2048,fused2,268435456,1073741824,NA,NA,NA,NA,NA,NA,NA,cohort_dispatch_limit,none
skipped_limit,1048576,2048,tile8,268435456,1073741824,NA,NA,NA,NA,NA,NA,NA,cohort_dispatch_limit,none
qualification_status=complete
