benchmark=pvp3d_three_candidate_same_device
source_revision=ddb6f0144821dfa29d268601e7087e5001278e52
adapter=NVIDIA Tegra NVIDIA Thor
backend=Vulkan
device_type=IntegratedGpu
vendor_id=4318
device_id=11008
driver=NVIDIA
driver_info=580.00
hardware_measurement_eligible=true
physical_admission=external_remoteops_evidence_required
performance_claim=none
primary_timing_scope=resident_encode_plus_queue_submit_plus_device_wait
state_reset_scope=completed_before_timer
correctness_readback_scope=before_and_after_timing
candidate_order=ABC_ACB_BAC_BCA_CAB_CBA
resident_payload_scope=source_plus_three_states_excludes_driver_uniforms_and_readback
status,k,g,candidate,state_bytes,resident_payload_bytes,warmups,repeats,logical_dispatches,p50_ns,p95_ns,input_checksum,output_checksum,skip_reason,performance_claim
measured,256,128,vec4,4096,16384,5,30,8,256500,305795,4c67926a9205d7b4,956299587c8af4b4,none,none
sample,256,128,vec4,0,254870
sample,256,128,vec4,1,257952
sample,256,128,vec4,2,259695
sample,256,128,vec4,3,257323
sample,256,128,vec4,4,253295
sample,256,128,vec4,5,250564
sample,256,128,vec4,6,247915
sample,256,128,vec4,7,247463
sample,256,128,vec4,8,253583
sample,256,128,vec4,9,253676
sample,256,128,vec4,10,252917
sample,256,128,vec4,11,253740
sample,256,128,vec4,12,257444
sample,256,128,vec4,13,254666
sample,256,128,vec4,14,260851
sample,256,128,vec4,15,278222
sample,256,128,vec4,16,305795
sample,256,128,vec4,17,254666
sample,256,128,vec4,18,248610
sample,256,128,vec4,19,253324
sample,256,128,vec4,20,257610
sample,256,128,vec4,21,263027
sample,256,128,vec4,22,257230
sample,256,128,vec4,23,254926
sample,256,128,vec4,24,256500
sample,256,128,vec4,25,306953
sample,256,128,vec4,26,290759
sample,256,128,vec4,27,256916
sample,256,128,vec4,28,266259
sample,256,128,vec4,29,257296
measured,256,128,fused2,4096,16384,5,30,7,234574,264962,4c67926a9205d7b4,956299587c8af4b4,none,none
sample,256,128,fused2,0,235815
sample,256,128,fused2,1,234768
sample,256,128,fused2,2,250815
sample,256,128,fused2,3,264915
sample,256,128,fused2,4,232371
sample,256,128,fused2,5,227749
sample,256,128,fused2,6,232777
sample,256,128,fused2,7,235712
sample,256,128,fused2,8,233499
sample,256,128,fused2,9,232527
sample,256,128,fused2,10,238175
sample,256,128,fused2,11,232601
sample,256,128,fused2,12,234563
sample,256,128,fused2,13,232517
sample,256,128,fused2,14,229267
sample,256,128,fused2,15,234574
sample,256,128,fused2,16,237276
sample,256,128,fused2,17,229795
sample,256,128,fused2,18,230212
sample,256,128,fused2,19,229443
sample,256,128,fused2,20,230055
sample,256,128,fused2,21,236278
sample,256,128,fused2,22,235517
sample,256,128,fused2,23,234861
sample,256,128,fused2,24,264962
sample,256,128,fused2,25,239545
sample,256,128,fused2,26,422036
sample,256,128,fused2,27,240351
sample,256,128,fused2,28,234361
sample,256,128,fused2,29,237573
measured,256,128,tile8,4096,16384,5,30,6,209009,219444,4c67926a9205d7b4,956299587c8af4b4,none,none
sample,256,128,tile8,0,214786
sample,256,128,tile8,1,210730
sample,256,128,tile8,2,206944
sample,256,128,tile8,3,208036
sample,256,128,tile8,4,209814
sample,256,128,tile8,5,206121
sample,256,128,tile8,6,207018
sample,256,128,tile8,7,207287
sample,256,128,tile8,8,207721
sample,256,128,tile8,9,210175
sample,256,128,tile8,10,208796
sample,256,128,tile8,11,207360
sample,256,128,tile8,12,207343
sample,256,128,tile8,13,212138
sample,256,128,tile8,14,209009
sample,256,128,tile8,15,218462
sample,256,128,tile8,16,209916
sample,256,128,tile8,17,221314
sample,256,128,tile8,18,207296
sample,256,128,tile8,19,208250
sample,256,128,tile8,20,214406
sample,256,128,tile8,21,211833
sample,256,128,tile8,22,214824
sample,256,128,tile8,23,209091
sample,256,128,tile8,24,219444
sample,256,128,tile8,25,208249
sample,256,128,tile8,26,215221
sample,256,128,tile8,27,208999
sample,256,128,tile8,28,207084
sample,256,128,tile8,29,210638
measured,256,512,vec4,16384,65536,5,30,8,266722,285833,38bbe1f688e24d78,1c8bb372f8f1302e,none,none
sample,256,512,vec4,0,259944
sample,256,512,vec4,1,281684
sample,256,512,vec4,2,255258
sample,256,512,vec4,3,260527
sample,256,512,vec4,4,256230
sample,256,512,vec4,5,265898
sample,256,512,vec4,6,262519
sample,256,512,vec4,7,262980
sample,256,512,vec4,8,266999
sample,256,512,vec4,9,285833
sample,256,512,vec4,10,264629
sample,256,512,vec4,11,259166
sample,256,512,vec4,12,258195
sample,256,512,vec4,13,258666
sample,256,512,vec4,14,266286
sample,256,512,vec4,15,266722
sample,256,512,vec4,16,269184
sample,256,512,vec4,17,271879
sample,256,512,vec4,18,270619
sample,256,512,vec4,19,268546
sample,256,512,vec4,20,272471
sample,256,512,vec4,21,271416
sample,256,512,vec4,22,270545
sample,256,512,vec4,23,269314
sample,256,512,vec4,24,266564
sample,256,512,vec4,25,272490
sample,256,512,vec4,26,265629
sample,256,512,vec4,27,274684
sample,256,512,vec4,28,273296
sample,256,512,vec4,29,989304
measured,256,512,fused2,16384,65536,5,30,7,242286,300499,38bbe1f688e24d78,1c8bb372f8f1302e,none,none
sample,256,512,fused2,0,293703
sample,256,512,fused2,1,237527
sample,256,512,fused2,2,236296
sample,256,512,fused2,3,231815
sample,256,512,fused2,4,239360
sample,256,512,fused2,5,236037
sample,256,512,fused2,6,240582
sample,256,512,fused2,7,240203
sample,256,512,fused2,8,238037
sample,256,512,fused2,9,300499
sample,256,512,fused2,10,236879
sample,256,512,fused2,11,237147
sample,256,512,fused2,12,236435
sample,256,512,fused2,13,237184
sample,256,512,fused2,14,239934
sample,256,512,fused2,15,243491
sample,256,512,fused2,16,822497
sample,256,512,fused2,17,250277
sample,256,512,fused2,18,246999
sample,256,512,fused2,19,246341
sample,256,512,fused2,20,247054
sample,256,512,fused2,21,264073
sample,256,512,fused2,22,246528
sample,256,512,fused2,23,244712
sample,256,512,fused2,24,242286
sample,256,512,fused2,25,243341
sample,256,512,fused2,26,239675
sample,256,512,fused2,27,244232
sample,256,512,fused2,28,246286
sample,256,512,fused2,29,258397
measured,256,512,tile8,16384,65536,5,30,6,218860,248731,38bbe1f688e24d78,1c8bb372f8f1302e,none,none
sample,256,512,tile8,0,217277
sample,256,512,tile8,1,235693
sample,256,512,tile8,2,211139
sample,256,512,tile8,3,208055
sample,256,512,tile8,4,209425
sample,256,512,tile8,5,210805
sample,256,512,tile8,6,217239
sample,256,512,tile8,7,215869
sample,256,512,tile8,8,215083
sample,256,512,tile8,9,230008
sample,256,512,tile8,10,221721
sample,256,512,tile8,11,216453
sample,256,512,tile8,12,211462
sample,256,512,tile8,13,214008
sample,256,512,tile8,14,216758
sample,256,512,tile8,15,217676
sample,256,512,tile8,16,218083
sample,256,512,tile8,17,248731
sample,256,512,tile8,18,220834
sample,256,512,tile8,19,219028
sample,256,512,tile8,20,218860
sample,256,512,tile8,21,222203
sample,256,512,tile8,22,257767
sample,256,512,tile8,23,222223
sample,256,512,tile8,24,219703
sample,256,512,tile8,25,220582
sample,256,512,tile8,26,218954
sample,256,512,tile8,27,219758
sample,256,512,tile8,28,220712
sample,256,512,tile8,29,224453
measured,256,2048,vec4,65536,262144,5,30,8,817813,843979,c9e538e9f9dccedd,259153fc2c7bc4e7,none,none
sample,256,2048,vec4,0,440527
sample,256,2048,vec4,1,451915
sample,256,2048,vec4,2,458461
sample,256,2048,vec4,3,462009
sample,256,2048,vec4,4,790774
sample,256,2048,vec4,5,459944
sample,256,2048,vec4,6,452693
sample,256,2048,vec4,7,446387
sample,256,2048,vec4,8,502249
sample,256,2048,vec4,9,464601
sample,256,2048,vec4,10,471823
sample,256,2048,vec4,11,843979
sample,256,2048,vec4,12,823896
sample,256,2048,vec4,13,821146
sample,256,2048,vec4,14,814201
sample,256,2048,vec4,15,829663
sample,256,2048,vec4,16,868192
sample,256,2048,vec4,17,823313
sample,256,2048,vec4,18,820961
sample,256,2048,vec4,19,835156
sample,256,2048,vec4,20,827127
sample,256,2048,vec4,21,822876
sample,256,2048,vec4,22,825682
sample,256,2048,vec4,23,801182
sample,256,2048,vec4,24,840080
sample,256,2048,vec4,25,832544
sample,256,2048,vec4,26,817813
sample,256,2048,vec4,27,813525
sample,256,2048,vec4,28,819553
sample,256,2048,vec4,29,833395
measured,256,2048,fused2,65536,262144,5,30,7,789479,811248,c9e538e9f9dccedd,259153fc2c7bc4e7,none,none
sample,256,2048,fused2,0,417989
sample,256,2048,fused2,1,428767
sample,256,2048,fused2,2,430563
sample,256,2048,fused2,3,428934
sample,256,2048,fused2,4,421359
sample,256,2048,fused2,5,425397
sample,256,2048,fused2,6,428008
sample,256,2048,fused2,7,436110
sample,256,2048,fused2,8,431777
sample,256,2048,fused2,9,425082
sample,256,2048,fused2,10,431906
sample,256,2048,fused2,11,464156
sample,256,2048,fused2,12,801674
sample,256,2048,fused2,13,803516
sample,256,2048,fused2,14,809997
sample,256,2048,fused2,15,809488
sample,256,2048,fused2,16,795303
sample,256,2048,fused2,17,795700
sample,256,2048,fused2,18,808812
sample,256,2048,fused2,19,807054
sample,256,2048,fused2,20,789479
sample,256,2048,fused2,21,802469
sample,256,2048,fused2,22,781367
sample,256,2048,fused2,23,799294
sample,256,2048,fused2,24,816617
sample,256,2048,fused2,25,803536
sample,256,2048,fused2,26,481925
sample,256,2048,fused2,27,811248
sample,256,2048,fused2,28,793349
sample,256,2048,fused2,29,799248
measured,256,2048,tile8,65536,262144,5,30,6,443026,797804,c9e538e9f9dccedd,259153fc2c7bc4e7,none,none
sample,256,2048,tile8,0,393268
sample,256,2048,tile8,1,402554
sample,256,2048,tile8,2,404943
sample,256,2048,tile8,3,395703
sample,256,2048,tile8,4,402305
sample,256,2048,tile8,5,397166
sample,256,2048,tile8,6,405628
sample,256,2048,tile8,7,389258
sample,256,2048,tile8,8,427175
sample,256,2048,tile8,9,401517
sample,256,2048,tile8,10,405934
sample,256,2048,tile8,11,426231
sample,256,2048,tile8,12,787822
sample,256,2048,tile8,13,772859
sample,256,2048,tile8,14,789221
sample,256,2048,tile8,15,454063
sample,256,2048,tile8,16,761313
sample,256,2048,tile8,17,451971
sample,256,2048,tile8,18,795109
sample,256,2048,tile8,19,793767
sample,256,2048,tile8,20,442868
sample,256,2048,tile8,21,780830
sample,256,2048,tile8,22,791969
sample,256,2048,tile8,23,448173
sample,256,2048,tile8,24,455582
sample,256,2048,tile8,25,797804
sample,256,2048,tile8,26,804192
sample,256,2048,tile8,27,443026
sample,256,2048,tile8,28,439813
sample,256,2048,tile8,29,452294
measured,1024,128,vec4,16384,65536,5,30,10,849804,874155,26abf5bddd03bbc5,79acd556594188cd,none,none
sample,1024,128,vec4,0,859332
sample,1024,128,vec4,1,850895
sample,1024,128,vec4,2,865637
sample,1024,128,vec4,3,849804
sample,1024,128,vec4,4,872997
sample,1024,128,vec4,5,866016
sample,1024,128,vec4,6,859265
sample,1024,128,vec4,7,847554
sample,1024,128,vec4,8,848469
sample,1024,128,vec4,9,846729
sample,1024,128,vec4,10,900784
sample,1024,128,vec4,11,871748
sample,1024,128,vec4,12,857100
sample,1024,128,vec4,13,841515
sample,1024,128,vec4,14,864637
sample,1024,128,vec4,15,843516
sample,1024,128,vec4,16,874155
sample,1024,128,vec4,17,847073
sample,1024,128,vec4,18,852193
sample,1024,128,vec4,19,843479
sample,1024,128,vec4,20,870154
sample,1024,128,vec4,21,843044
sample,1024,128,vec4,22,853978
sample,1024,128,vec4,23,841562
sample,1024,128,vec4,24,863793
sample,1024,128,vec4,25,844747
sample,1024,128,vec4,26,830886
sample,1024,128,vec4,27,428110
sample,1024,128,vec4,28,428795
sample,1024,128,vec4,29,410527
measured,1024,128,fused2,16384,65536,5,30,9,835267,863350,26abf5bddd03bbc5,79acd556594188cd,none,none
sample,1024,128,fused2,0,877682
sample,1024,128,fused2,1,836823
sample,1024,128,fused2,2,838664
sample,1024,128,fused2,3,832433
sample,1024,128,fused2,4,826432
sample,1024,128,fused2,5,840812
sample,1024,128,fused2,6,835267
sample,1024,128,fused2,7,826016
sample,1024,128,fused2,8,858349
sample,1024,128,fused2,9,841267
sample,1024,128,fused2,10,838293
sample,1024,128,fused2,11,824906
sample,1024,128,fused2,12,836590
sample,1024,128,fused2,13,831461
sample,1024,128,fused2,14,829137
sample,1024,128,fused2,15,825748
sample,1024,128,fused2,16,854756
sample,1024,128,fused2,17,822239
sample,1024,128,fused2,18,849998
sample,1024,128,fused2,19,836109
sample,1024,128,fused2,20,863350
sample,1024,128,fused2,21,829405
sample,1024,128,fused2,22,816238
sample,1024,128,fused2,23,817396
sample,1024,128,fused2,24,844072
sample,1024,128,fused2,25,846840
sample,1024,128,fused2,26,851692
sample,1024,128,fused2,27,829099
sample,1024,128,fused2,28,397027
sample,1024,128,fused2,29,374777
measured,1024,128,tile8,16384,65536,5,30,8,818016,831238,26abf5bddd03bbc5,79acd556594188cd,none,none
sample,1024,128,tile8,0,811349
sample,1024,128,tile8,1,817276
sample,1024,128,tile8,2,826737
sample,1024,128,tile8,3,831238
sample,1024,128,tile8,4,530332
sample,1024,128,tile8,5,817136
sample,1024,128,tile8,6,816202
sample,1024,128,tile8,7,824969
sample,1024,128,tile8,8,822572
sample,1024,128,tile8,9,818016
sample,1024,128,tile8,10,811591
sample,1024,128,tile8,11,807747
sample,1024,128,tile8,12,815119
sample,1024,128,tile8,13,818524
sample,1024,128,tile8,14,818563
sample,1024,128,tile8,15,825869
sample,1024,128,tile8,16,818045
sample,1024,128,tile8,17,800396
sample,1024,128,tile8,18,821600
sample,1024,128,tile8,19,820840
sample,1024,128,tile8,20,806053
sample,1024,128,tile8,21,815127
sample,1024,128,tile8,22,830182
sample,1024,128,tile8,23,826202
sample,1024,128,tile8,24,822895
sample,1024,128,tile8,25,819702
sample,1024,128,tile8,26,844664
sample,1024,128,tile8,27,339231
sample,1024,128,tile8,28,358462
sample,1024,128,tile8,29,350916
measured,1024,512,vec4,65536,262144,5,30,10,415175,476758,0949b62ffc70d026,7663f0c9d3466943,none,none
sample,1024,512,vec4,0,419564
sample,1024,512,vec4,1,418073
sample,1024,512,vec4,2,441786
sample,1024,512,vec4,3,407943
sample,1024,512,vec4,4,408304
sample,1024,512,vec4,5,416620
sample,1024,512,vec4,6,415055
sample,1024,512,vec4,7,425509
sample,1024,512,vec4,8,440767
sample,1024,512,vec4,9,417536
sample,1024,512,vec4,10,409035
sample,1024,512,vec4,11,408684
sample,1024,512,vec4,12,416980
sample,1024,512,vec4,13,414415
sample,1024,512,vec4,14,416610
sample,1024,512,vec4,15,419794
sample,1024,512,vec4,16,414684
sample,1024,512,vec4,17,481434
sample,1024,512,vec4,18,415175
sample,1024,512,vec4,19,407897
sample,1024,512,vec4,20,414471
sample,1024,512,vec4,21,413295
sample,1024,512,vec4,22,414304
sample,1024,512,vec4,23,476758
sample,1024,512,vec4,24,420360
sample,1024,512,vec4,25,406378
sample,1024,512,vec4,26,410564
sample,1024,512,vec4,27,414999
sample,1024,512,vec4,28,421842
sample,1024,512,vec4,29,417489
measured,1024,512,fused2,65536,262144,5,30,9,382739,398332,0949b62ffc70d026,7663f0c9d3466943,none,none
sample,1024,512,fused2,0,385916
sample,1024,512,fused2,1,382739
sample,1024,512,fused2,2,380027
sample,1024,512,fused2,3,439101
sample,1024,512,fused2,4,377148
sample,1024,512,fused2,5,390953
sample,1024,512,fused2,6,386064
sample,1024,512,fused2,7,383628
sample,1024,512,fused2,8,379647
sample,1024,512,fused2,9,398332
sample,1024,512,fused2,10,378481
sample,1024,512,fused2,11,382212
sample,1024,512,fused2,12,391694
sample,1024,512,fused2,13,382526
sample,1024,512,fused2,14,381258
sample,1024,512,fused2,15,385027
sample,1024,512,fused2,16,382165
sample,1024,512,fused2,17,384656
sample,1024,512,fused2,18,373999
sample,1024,512,fused2,19,375944
sample,1024,512,fused2,20,373120
sample,1024,512,fused2,21,385434
sample,1024,512,fused2,22,378054
sample,1024,512,fused2,23,388850
sample,1024,512,fused2,24,378425
sample,1024,512,fused2,25,377471
sample,1024,512,fused2,26,385490
sample,1024,512,fused2,27,387212
sample,1024,512,fused2,28,383332
sample,1024,512,fused2,29,385370
measured,1024,512,tile8,65536,262144,5,30,8,350286,389675,0949b62ffc70d026,7663f0c9d3466943,none,none
sample,1024,512,tile8,0,350128
sample,1024,512,tile8,1,347601
sample,1024,512,tile8,2,361684
sample,1024,512,tile8,3,350286
sample,1024,512,tile8,4,343897
sample,1024,512,tile8,5,345499
sample,1024,512,tile8,6,352443
sample,1024,512,tile8,7,350146
sample,1024,512,tile8,8,350527
sample,1024,512,tile8,9,358860
sample,1024,512,tile8,10,343823
sample,1024,512,tile8,11,346101
sample,1024,512,tile8,12,354073
sample,1024,512,tile8,13,351351
sample,1024,512,tile8,14,350999
sample,1024,512,tile8,15,402203
sample,1024,512,tile8,16,351184
sample,1024,512,tile8,17,355221
sample,1024,512,tile8,18,342452
sample,1024,512,tile8,19,349110
sample,1024,512,tile8,20,352656
sample,1024,512,tile8,21,351323
sample,1024,512,tile8,22,348897
sample,1024,512,tile8,23,389675
sample,1024,512,tile8,24,342675
sample,1024,512,tile8,25,342471
sample,1024,512,tile8,26,353841
sample,1024,512,tile8,27,347462
sample,1024,512,tile8,28,348656
sample,1024,512,tile8,29,356666
measured,1024,2048,vec4,262144,1048576,5,30,10,422684,472165,2d4a1c573b9665e7,d32c613321b43c7f,none,none
sample,1024,2048,vec4,0,419683
sample,1024,2048,vec4,1,420962
sample,1024,2048,vec4,2,427813
sample,1024,2048,vec4,3,421518
sample,1024,2048,vec4,4,430554
sample,1024,2048,vec4,5,421164
sample,1024,2048,vec4,6,419416
sample,1024,2048,vec4,7,423944
sample,1024,2048,vec4,8,419953
sample,1024,2048,vec4,9,422878
sample,1024,2048,vec4,10,437620
sample,1024,2048,vec4,11,422897
sample,1024,2048,vec4,12,434795
sample,1024,2048,vec4,13,446684
sample,1024,2048,vec4,14,420758
sample,1024,2048,vec4,15,416239
sample,1024,2048,vec4,16,424758
sample,1024,2048,vec4,17,422286
sample,1024,2048,vec4,18,422684
sample,1024,2048,vec4,19,421953
sample,1024,2048,vec4,20,420212
sample,1024,2048,vec4,21,423972
sample,1024,2048,vec4,22,423841
sample,1024,2048,vec4,23,421934
sample,1024,2048,vec4,24,472646
sample,1024,2048,vec4,25,429184
sample,1024,2048,vec4,26,414619
sample,1024,2048,vec4,27,472165
sample,1024,2048,vec4,28,421166
sample,1024,2048,vec4,29,427425
measured,1024,2048,fused2,262144,1048576,5,30,9,384795,398564,2d4a1c573b9665e7,d32c613321b43c7f,none,none
sample,1024,2048,fused2,0,377138
sample,1024,2048,fused2,1,380295
sample,1024,2048,fused2,2,388351
sample,1024,2048,fused2,3,388091
sample,1024,2048,fused2,4,382637
sample,1024,2048,fused2,5,384055
sample,1024,2048,fused2,6,385693
sample,1024,2048,fused2,7,382944
sample,1024,2048,fused2,8,381888
sample,1024,2048,fused2,9,386240
sample,1024,2048,fused2,10,382249
sample,1024,2048,fused2,11,385684
sample,1024,2048,fused2,12,388546
sample,1024,2048,fused2,13,425666
sample,1024,2048,fused2,14,387722
sample,1024,2048,fused2,15,383055
sample,1024,2048,fused2,16,388897
sample,1024,2048,fused2,17,382610
sample,1024,2048,fused2,18,398564
sample,1024,2048,fused2,19,384795
sample,1024,2048,fused2,20,385583
sample,1024,2048,fused2,21,391110
sample,1024,2048,fused2,22,387194
sample,1024,2048,fused2,23,384257
sample,1024,2048,fused2,24,395870
sample,1024,2048,fused2,25,378897
sample,1024,2048,fused2,26,382388
sample,1024,2048,fused2,27,383758
sample,1024,2048,fused2,28,385814
sample,1024,2048,fused2,29,378090
measured,1024,2048,tile8,262144,1048576,5,30,8,365407,408869,2d4a1c573b9665e7,d32c613321b43c7f,none,none
sample,1024,2048,tile8,0,372767
sample,1024,2048,tile8,1,362851
sample,1024,2048,tile8,2,365407
sample,1024,2048,tile8,3,365314
sample,1024,2048,tile8,4,365452
sample,1024,2048,tile8,5,366443
sample,1024,2048,tile8,6,366018
sample,1024,2048,tile8,7,367749
sample,1024,2048,tile8,8,364897
sample,1024,2048,tile8,9,365952
sample,1024,2048,tile8,10,431971
sample,1024,2048,tile8,11,361129
sample,1024,2048,tile8,12,367166
sample,1024,2048,tile8,13,375953
sample,1024,2048,tile8,14,362249
sample,1024,2048,tile8,15,364759
sample,1024,2048,tile8,16,364656
sample,1024,2048,tile8,17,368498
sample,1024,2048,tile8,18,368286
sample,1024,2048,tile8,19,363887
sample,1024,2048,tile8,20,364508
sample,1024,2048,tile8,21,371619
sample,1024,2048,tile8,22,363712
sample,1024,2048,tile8,23,366388
sample,1024,2048,tile8,24,408869
sample,1024,2048,tile8,25,363860
sample,1024,2048,tile8,26,363601
sample,1024,2048,tile8,27,367657
sample,1024,2048,tile8,28,364583
sample,1024,2048,tile8,29,362582
measured,4096,128,vec4,65536,262144,5,30,12,491840,538879,d878e557b6daedce,8cc85ceb09c8efed,none,none
sample,4096,128,vec4,0,481285
sample,4096,128,vec4,1,490943
sample,4096,128,vec4,2,493544
sample,4096,128,vec4,3,482868
sample,4096,128,vec4,4,491840
sample,4096,128,vec4,5,486971
sample,4096,128,vec4,6,490175
sample,4096,128,vec4,7,488396
sample,4096,128,vec4,8,489794
sample,4096,128,vec4,9,491414
sample,4096,128,vec4,10,533545
sample,4096,128,vec4,11,537063
sample,4096,128,vec4,12,504147
sample,4096,128,vec4,13,497878
sample,4096,128,vec4,14,565472
sample,4096,128,vec4,15,483184
sample,4096,128,vec4,16,493619
sample,4096,128,vec4,17,494453
sample,4096,128,vec4,18,500444
sample,4096,128,vec4,19,495072
sample,4096,128,vec4,20,498628
sample,4096,128,vec4,21,490008
sample,4096,128,vec4,22,486674
sample,4096,128,vec4,23,538879
sample,4096,128,vec4,24,511072
sample,4096,128,vec4,25,483628
sample,4096,128,vec4,26,479379
sample,4096,128,vec4,27,492017
sample,4096,128,vec4,28,491720
sample,4096,128,vec4,29,493063
measured,4096,128,fused2,65536,262144,5,30,11,458563,482017,d878e557b6daedce,8cc85ceb09c8efed,none,none
sample,4096,128,fused2,0,456721
sample,4096,128,fused2,1,477054
sample,4096,128,fused2,2,473758
sample,4096,128,fused2,3,452368
sample,4096,128,fused2,4,462767
sample,4096,128,fused2,5,459759
sample,4096,128,fused2,6,456220
sample,4096,128,fused2,7,460063
sample,4096,128,fused2,8,454481
sample,4096,128,fused2,9,446609
sample,4096,128,fused2,10,472942
sample,4096,128,fused2,11,482740
sample,4096,128,fused2,12,470701
sample,4096,128,fused2,13,469878
sample,4096,128,fused2,14,472989
sample,4096,128,fused2,15,455980
sample,4096,128,fused2,16,456499
sample,4096,128,fused2,17,456601
sample,4096,128,fused2,18,466702
sample,4096,128,fused2,19,462563
sample,4096,128,fused2,20,470462
sample,4096,128,fused2,21,458563
sample,4096,128,fused2,22,456489
sample,4096,128,fused2,23,455517
sample,4096,128,fused2,24,458369
sample,4096,128,fused2,25,451582
sample,4096,128,fused2,26,449266
sample,4096,128,fused2,27,455202
sample,4096,128,fused2,28,482017
sample,4096,128,fused2,29,476934
measured,4096,128,tile8,65536,262144,5,30,10,426805,448212,d878e557b6daedce,8cc85ceb09c8efed,none,none
sample,4096,128,tile8,0,420962
sample,4096,128,tile8,1,448212
sample,4096,128,tile8,2,420304
sample,4096,128,tile8,3,424314
sample,4096,128,tile8,4,418888
sample,4096,128,tile8,5,428193
sample,4096,128,tile8,6,424156
sample,4096,128,tile8,7,424675
sample,4096,128,tile8,8,431360
sample,4096,128,tile8,9,416944
sample,4096,128,tile8,10,477221
sample,4096,128,tile8,11,436740
sample,4096,128,tile8,12,433369
sample,4096,128,tile8,13,429073
sample,4096,128,tile8,14,434842
sample,4096,128,tile8,15,423740
sample,4096,128,tile8,16,420258
sample,4096,128,tile8,17,427055
sample,4096,128,tile8,18,437324
sample,4096,128,tile8,19,429397
sample,4096,128,tile8,20,430332
sample,4096,128,tile8,21,426805
sample,4096,128,tile8,22,427953
sample,4096,128,tile8,23,424796
sample,4096,128,tile8,24,422230
sample,4096,128,tile8,25,417137
sample,4096,128,tile8,26,433092
sample,4096,128,tile8,27,423378
sample,4096,128,tile8,28,424915
sample,4096,128,tile8,29,437766
measured,4096,512,vec4,262144,1048576,5,30,12,497535,529860,07e875993970433c,207dceeda1be3f5b,none,none
sample,4096,512,vec4,0,485599
sample,4096,512,vec4,1,516146
sample,4096,512,vec4,2,499564
sample,4096,512,vec4,3,501183
sample,4096,512,vec4,4,486896
sample,4096,512,vec4,5,505489
sample,4096,512,vec4,6,493573
sample,4096,512,vec4,7,502342
sample,4096,512,vec4,8,497342
sample,4096,512,vec4,9,504971
sample,4096,512,vec4,10,529860
sample,4096,512,vec4,11,487648
sample,4096,512,vec4,12,487148
sample,4096,512,vec4,13,497600
sample,4096,512,vec4,14,501721
sample,4096,512,vec4,15,505276
sample,4096,512,vec4,16,488887
sample,4096,512,vec4,17,492804
sample,4096,512,vec4,18,495017
sample,4096,512,vec4,19,502980
sample,4096,512,vec4,20,495479
sample,4096,512,vec4,21,504248
sample,4096,512,vec4,22,505804
sample,4096,512,vec4,23,485129
sample,4096,512,vec4,24,493851
sample,4096,512,vec4,25,496850
sample,4096,512,vec4,26,498073
sample,4096,512,vec4,27,497535
sample,4096,512,vec4,28,496915
sample,4096,512,vec4,29,531498
measured,4096,512,fused2,262144,1048576,5,30,11,458795,475296,07e875993970433c,207dceeda1be3f5b,none,none
sample,4096,512,fused2,0,464462
sample,4096,512,fused2,1,462239
sample,4096,512,fused2,2,458795
sample,4096,512,fused2,3,475296
sample,4096,512,fused2,4,457703
sample,4096,512,fused2,5,451870
sample,4096,512,fused2,6,461962
sample,4096,512,fused2,7,457925
sample,4096,512,fused2,8,457063
sample,4096,512,fused2,9,458276
sample,4096,512,fused2,10,469238
sample,4096,512,fused2,11,452211
sample,4096,512,fused2,12,453340
sample,4096,512,fused2,13,459471
sample,4096,512,fused2,14,458257
sample,4096,512,fused2,15,466332
sample,4096,512,fused2,16,452693
sample,4096,512,fused2,17,468611
sample,4096,512,fused2,18,459841
sample,4096,512,fused2,19,456425
sample,4096,512,fused2,20,457193
sample,4096,512,fused2,21,457813
sample,4096,512,fused2,22,520794
sample,4096,512,fused2,23,446628
sample,4096,512,fused2,24,450341
sample,4096,512,fused2,25,463907
sample,4096,512,fused2,26,459711
sample,4096,512,fused2,27,458962
sample,4096,512,fused2,28,463564
sample,4096,512,fused2,29,467193
measured,4096,512,tile8,262144,1048576,5,30,10,443036,501378,07e875993970433c,207dceeda1be3f5b,none,none
sample,4096,512,tile8,0,444266
sample,4096,512,tile8,1,452685
sample,4096,512,tile8,2,508739
sample,4096,512,tile8,3,440453
sample,4096,512,tile8,4,434620
sample,4096,512,tile8,5,440368
sample,4096,512,tile8,6,443767
sample,4096,512,tile8,7,441072
sample,4096,512,tile8,8,439536
sample,4096,512,tile8,9,450666
sample,4096,512,tile8,10,501378
sample,4096,512,tile8,11,435647
sample,4096,512,tile8,12,445962
sample,4096,512,tile8,13,437296
sample,4096,512,tile8,14,449535
sample,4096,512,tile8,15,500231
sample,4096,512,tile8,16,445434
sample,4096,512,tile8,17,437368
sample,4096,512,tile8,18,440720
sample,4096,512,tile8,19,447118
sample,4096,512,tile8,20,441064
sample,4096,512,tile8,21,437536
sample,4096,512,tile8,22,443897
sample,4096,512,tile8,23,444462
sample,4096,512,tile8,24,455369
sample,4096,512,tile8,25,443036
sample,4096,512,tile8,26,440998
sample,4096,512,tile8,27,442971
sample,4096,512,tile8,28,439185
sample,4096,512,tile8,29,446535
measured,4096,2048,vec4,1048576,4194304,5,30,12,557470,587415,4143a88e49ed614b,e0842ad8f72c0c9f,none,none
sample,4096,2048,vec4,0,553266
sample,4096,2048,vec4,1,543305
sample,4096,2048,vec4,2,578202
sample,4096,2048,vec4,3,551526
sample,4096,2048,vec4,4,550072
sample,4096,2048,vec4,5,549462
sample,4096,2048,vec4,6,556508
sample,4096,2048,vec4,7,562517
sample,4096,2048,vec4,8,566110
sample,4096,2048,vec4,9,587415
sample,4096,2048,vec4,10,561405
sample,4096,2048,vec4,11,553990
sample,4096,2048,vec4,12,560008
sample,4096,2048,vec4,13,545683
sample,4096,2048,vec4,14,560638
sample,4096,2048,vec4,15,572452
sample,4096,2048,vec4,16,554045
sample,4096,2048,vec4,17,612527
sample,4096,2048,vec4,18,557175
sample,4096,2048,vec4,19,558341
sample,4096,2048,vec4,20,558629
sample,4096,2048,vec4,21,543859
sample,4096,2048,vec4,22,565350
sample,4096,2048,vec4,23,556573
sample,4096,2048,vec4,24,542396
sample,4096,2048,vec4,25,561729
sample,4096,2048,vec4,26,557470
sample,4096,2048,vec4,27,565470
sample,4096,2048,vec4,28,565851
sample,4096,2048,vec4,29,557164
measured,4096,2048,fused2,1048576,4194304,5,30,11,518609,568073,4143a88e49ed614b,e0842ad8f72c0c9f,none,none
sample,4096,2048,fused2,0,509748
sample,4096,2048,fused2,1,514934
sample,4096,2048,fused2,2,512970
sample,4096,2048,fused2,3,531980
sample,4096,2048,fused2,4,518044
sample,4096,2048,fused2,5,529054
sample,4096,2048,fused2,6,523907
sample,4096,2048,fused2,7,515915
sample,4096,2048,fused2,8,523646
sample,4096,2048,fused2,9,521323
sample,4096,2048,fused2,10,515072
sample,4096,2048,fused2,11,520368
sample,4096,2048,fused2,12,554563
sample,4096,2048,fused2,13,518609
sample,4096,2048,fused2,14,516545
sample,4096,2048,fused2,15,514442
sample,4096,2048,fused2,16,524934
sample,4096,2048,fused2,17,525712
sample,4096,2048,fused2,18,514230
sample,4096,2048,fused2,19,568073
sample,4096,2048,fused2,20,573776
sample,4096,2048,fused2,21,517813
sample,4096,2048,fused2,22,536702
sample,4096,2048,fused2,23,512341
sample,4096,2048,fused2,24,509007
sample,4096,2048,fused2,25,514916
sample,4096,2048,fused2,26,516748
sample,4096,2048,fused2,27,527100
sample,4096,2048,fused2,28,522722
sample,4096,2048,fused2,29,519951
measured,4096,2048,tile8,1048576,4194304,5,30,10,546099,564202,4143a88e49ed614b,e0842ad8f72c0c9f,none,none
sample,4096,2048,tile8,0,535442
sample,4096,2048,tile8,1,540231
sample,4096,2048,tile8,2,606470
sample,4096,2048,tile8,3,538916
sample,4096,2048,tile8,4,542777
sample,4096,2048,tile8,5,546165
sample,4096,2048,tile8,6,548619
sample,4096,2048,tile8,7,554970
sample,4096,2048,tile8,8,549203
sample,4096,2048,tile8,9,564202
sample,4096,2048,tile8,10,551748
sample,4096,2048,tile8,11,538572
sample,4096,2048,tile8,12,547480
sample,4096,2048,tile8,13,550470
sample,4096,2048,tile8,14,543944
sample,4096,2048,tile8,15,550775
sample,4096,2048,tile8,16,543554
sample,4096,2048,tile8,17,549490
sample,4096,2048,tile8,18,546099
sample,4096,2048,tile8,19,538887
sample,4096,2048,tile8,20,541027
sample,4096,2048,tile8,21,541999
sample,4096,2048,tile8,22,537248
sample,4096,2048,tile8,23,543656
sample,4096,2048,tile8,24,548822
sample,4096,2048,tile8,25,548350
sample,4096,2048,tile8,26,541072
sample,4096,2048,tile8,27,547303
sample,4096,2048,tile8,28,553831
sample,4096,2048,tile8,29,544129
measured,16384,128,vec4,262144,1048576,5,30,14,544414,560416,318e48fc80dadb1f,a09bc0e13ecf9bf8,none,none
sample,16384,128,vec4,0,530692
sample,16384,128,vec4,1,555794
sample,16384,128,vec4,2,544803
sample,16384,128,vec4,3,534943
sample,16384,128,vec4,4,543044
sample,16384,128,vec4,5,538313
sample,16384,128,vec4,6,562655
sample,16384,128,vec4,7,544414
sample,16384,128,vec4,8,559248
sample,16384,128,vec4,9,536099
sample,16384,128,vec4,10,532823
sample,16384,128,vec4,11,549350
sample,16384,128,vec4,12,543692
sample,16384,128,vec4,13,540701
sample,16384,128,vec4,14,548998
sample,16384,128,vec4,15,555961
sample,16384,128,vec4,16,533193
sample,16384,128,vec4,17,549277
sample,16384,128,vec4,18,547517
sample,16384,128,vec4,19,544156
sample,16384,128,vec4,20,533332
sample,16384,128,vec4,21,560416
sample,16384,128,vec4,22,547933
sample,16384,128,vec4,23,544674
sample,16384,128,vec4,24,547711
sample,16384,128,vec4,25,544156
sample,16384,128,vec4,26,544471
sample,16384,128,vec4,27,535018
sample,16384,128,vec4,28,547415
sample,16384,128,vec4,29,540016
measured,16384,128,fused2,262144,1048576,5,30,13,517683,567295,318e48fc80dadb1f,a09bc0e13ecf9bf8,none,none
sample,16384,128,fused2,0,502600
sample,16384,128,fused2,1,524601
sample,16384,128,fused2,2,540526
sample,16384,128,fused2,3,510294
sample,16384,128,fused2,4,515257
sample,16384,128,fused2,5,516868
sample,16384,128,fused2,6,521536
sample,16384,128,fused2,7,519823
sample,16384,128,fused2,8,517683
sample,16384,128,fused2,9,518582
sample,16384,128,fused2,10,501359
sample,16384,128,fused2,11,514814
sample,16384,128,fused2,12,520285
sample,16384,128,fused2,13,517906
sample,16384,128,fused2,14,519516
sample,16384,128,fused2,15,567295
sample,16384,128,fused2,16,510036
sample,16384,128,fused2,17,536405
sample,16384,128,fused2,18,517498
sample,16384,128,fused2,19,530072
sample,16384,128,fused2,20,519609
sample,16384,128,fused2,21,530952
sample,16384,128,fused2,22,512285
sample,16384,128,fused2,23,512914
sample,16384,128,fused2,24,517694
sample,16384,128,fused2,25,515822
sample,16384,128,fused2,26,513377
sample,16384,128,fused2,27,512488
sample,16384,128,fused2,28,968367
sample,16384,128,fused2,29,515870
measured,16384,128,tile8,262144,1048576,5,30,12,493656,550285,318e48fc80dadb1f,a09bc0e13ecf9bf8,none,none
sample,16384,128,tile8,0,497368
sample,16384,128,tile8,1,504471
sample,16384,128,tile8,2,488739
sample,16384,128,tile8,3,483508
sample,16384,128,tile8,4,489507
sample,16384,128,tile8,5,492147
sample,16384,128,tile8,6,505194
sample,16384,128,tile8,7,495341
sample,16384,128,tile8,8,550285
sample,16384,128,tile8,9,486259
sample,16384,128,tile8,10,491573
sample,16384,128,tile8,11,495516
sample,16384,128,tile8,12,494619
sample,16384,128,tile8,13,492655
sample,16384,128,tile8,14,497869
sample,16384,128,tile8,15,558063
sample,16384,128,tile8,16,481701
sample,16384,128,tile8,17,491220
sample,16384,128,tile8,18,495184
sample,16384,128,tile8,19,490842
sample,16384,128,tile8,20,480619
sample,16384,128,tile8,21,502470
sample,16384,128,tile8,22,499425
sample,16384,128,tile8,23,492499
sample,16384,128,tile8,24,494230
sample,16384,128,tile8,25,493656
sample,16384,128,tile8,26,496323
sample,16384,128,tile8,27,478240
sample,16384,128,tile8,28,486349
sample,16384,128,tile8,29,509934
measured,16384,512,vec4,1048576,4194304,5,30,14,593035,610804,08b87a1ca99fa7b8,cc66b7b8fae87df4,none,none
sample,16384,512,vec4,0,585063
sample,16384,512,vec4,1,601897
sample,16384,512,vec4,2,588610
sample,16384,512,vec4,3,471266
sample,16384,512,vec4,4,464294
sample,16384,512,vec4,5,467212
sample,16384,512,vec4,6,604859
sample,16384,512,vec4,7,593035
sample,16384,512,vec4,8,589915
sample,16384,512,vec4,9,598850
sample,16384,512,vec4,10,593296
sample,16384,512,vec4,11,608063
sample,16384,512,vec4,12,594554
sample,16384,512,vec4,13,599369
sample,16384,512,vec4,14,592239
sample,16384,512,vec4,15,610804
sample,16384,512,vec4,16,600508
sample,16384,512,vec4,17,597573
sample,16384,512,vec4,18,596082
sample,16384,512,vec4,19,607554
sample,16384,512,vec4,20,607396
sample,16384,512,vec4,21,611664
sample,16384,512,vec4,22,608146
sample,16384,512,vec4,23,483425
sample,16384,512,vec4,24,480878
sample,16384,512,vec4,25,483443
sample,16384,512,vec4,26,485239
sample,16384,512,vec4,27,476368
sample,16384,512,vec4,28,472768
sample,16384,512,vec4,29,475490
measured,16384,512,fused2,1048576,4194304,5,30,13,557979,571461,08b87a1ca99fa7b8,cc66b7b8fae87df4,none,none
sample,16384,512,fused2,0,569970
sample,16384,512,fused2,1,555378
sample,16384,512,fused2,2,548610
sample,16384,512,fused2,3,563203
sample,16384,512,fused2,4,439888
sample,16384,512,fused2,5,434415
sample,16384,512,fused2,6,556192
sample,16384,512,fused2,7,557979
sample,16384,512,fused2,8,552924
sample,16384,512,fused2,9,564471
sample,16384,512,fused2,10,564147
sample,16384,512,fused2,11,560638
sample,16384,512,fused2,12,560434
sample,16384,512,fused2,13,564757
sample,16384,512,fused2,14,559331
sample,16384,512,fused2,15,557535
sample,16384,512,fused2,16,564359
sample,16384,512,fused2,17,561573
sample,16384,512,fused2,18,561156
sample,16384,512,fused2,19,571461
sample,16384,512,fused2,20,568072
sample,16384,512,fused2,21,571221
sample,16384,512,fused2,22,572952
sample,16384,512,fused2,23,455554
sample,16384,512,fused2,24,451433
sample,16384,512,fused2,25,455295
sample,16384,512,fused2,26,461451
sample,16384,512,fused2,27,439128
sample,16384,512,fused2,28,439591
sample,16384,512,fused2,29,452183
measured,16384,512,tile8,1048576,4194304,5,30,12,571192,587470,08b87a1ca99fa7b8,cc66b7b8fae87df4,none,none
sample,16384,512,tile8,0,579099
sample,16384,512,tile8,1,571054
sample,16384,512,tile8,2,583129
sample,16384,512,tile8,3,467296
sample,16384,512,tile8,4,462906
sample,16384,512,tile8,5,459138
sample,16384,512,tile8,6,573257
sample,16384,512,tile8,7,571192
sample,16384,512,tile8,8,570499
sample,16384,512,tile8,9,574453
sample,16384,512,tile8,10,578091
sample,16384,512,tile8,11,570277
sample,16384,512,tile8,12,566785
sample,16384,512,tile8,13,572739
sample,16384,512,tile8,14,573221
sample,16384,512,tile8,15,571776
sample,16384,512,tile8,16,576803
sample,16384,512,tile8,17,568674
sample,16384,512,tile8,18,573767
sample,16384,512,tile8,19,584044
sample,16384,512,tile8,20,582591
sample,16384,512,tile8,21,585628
sample,16384,512,tile8,22,588378
sample,16384,512,tile8,23,587470
sample,16384,512,tile8,24,478767
sample,16384,512,tile8,25,479628
sample,16384,512,tile8,26,472869
sample,16384,512,tile8,27,465471
sample,16384,512,tile8,28,463610
sample,16384,512,tile8,29,477407
measured,16384,2048,vec4,4194304,16777216,5,30,14,822404,849544,6be3b72c15a212b9,3199380bd5011e6c,none,none
sample,16384,2048,vec4,0,723063
sample,16384,2048,vec4,1,724423
sample,16384,2048,vec4,2,624564
sample,16384,2048,vec4,3,628535
sample,16384,2048,vec4,4,622128
sample,16384,2048,vec4,5,626915
sample,16384,2048,vec4,6,629415
sample,16384,2048,vec4,7,731693
sample,16384,2048,vec4,8,814062
sample,16384,2048,vec4,9,815285
sample,16384,2048,vec4,10,811156
sample,16384,2048,vec4,11,822404
sample,16384,2048,vec4,12,881025
sample,16384,2048,vec4,13,822395
sample,16384,2048,vec4,14,818969
sample,16384,2048,vec4,15,822813
sample,16384,2048,vec4,16,817534
sample,16384,2048,vec4,17,832905
sample,16384,2048,vec4,18,830321
sample,16384,2048,vec4,19,832295
sample,16384,2048,vec4,20,829998
sample,16384,2048,vec4,21,835165
sample,16384,2048,vec4,22,827914
sample,16384,2048,vec4,23,844608
sample,16384,2048,vec4,24,849544
sample,16384,2048,vec4,25,845841
sample,16384,2048,vec4,26,844868
sample,16384,2048,vec4,27,840386
sample,16384,2048,vec4,28,832850
sample,16384,2048,vec4,29,841988
measured,16384,2048,fused2,4194304,16777216,5,30,13,781656,808673,6be3b72c15a212b9,3199380bd5011e6c,none,none
sample,16384,2048,fused2,0,682220
sample,16384,2048,fused2,1,604165
sample,16384,2048,fused2,2,599147
sample,16384,2048,fused2,3,601527
sample,16384,2048,fused2,4,593398
sample,16384,2048,fused2,5,598083
sample,16384,2048,fused2,6,653637
sample,16384,2048,fused2,7,781656
sample,16384,2048,fused2,8,766571
sample,16384,2048,fused2,9,777813
sample,16384,2048,fused2,10,770146
sample,16384,2048,fused2,11,808673
sample,16384,2048,fused2,12,787654
sample,16384,2048,fused2,13,777405
sample,16384,2048,fused2,14,770312
sample,16384,2048,fused2,15,770831
sample,16384,2048,fused2,16,773507
sample,16384,2048,fused2,17,786192
sample,16384,2048,fused2,18,788766
sample,16384,2048,fused2,19,797312
sample,16384,2048,fused2,20,788767
sample,16384,2048,fused2,21,794478
sample,16384,2048,fused2,22,804211
sample,16384,2048,fused2,23,809312
sample,16384,2048,fused2,24,807237
sample,16384,2048,fused2,25,806293
sample,16384,2048,fused2,26,804775
sample,16384,2048,fused2,27,794340
sample,16384,2048,fused2,28,790007
sample,16384,2048,fused2,29,803572
measured,16384,2048,tile8,4194304,16777216,5,30,12,975877,1015210,6be3b72c15a212b9,3199380bd5011e6c,none,none
sample,16384,2048,tile8,0,870914
sample,16384,2048,tile8,1,870738
sample,16384,2048,tile8,2,795406
sample,16384,2048,tile8,3,790471
sample,16384,2048,tile8,4,803303
sample,16384,2048,tile8,5,792239
sample,16384,2048,tile8,6,851878
sample,16384,2048,tile8,7,953701
sample,16384,2048,tile8,8,961682
sample,16384,2048,tile8,9,959006
sample,16384,2048,tile8,10,957711
sample,16384,2048,tile8,11,975877
sample,16384,2048,tile8,12,972404
sample,16384,2048,tile8,13,960238
sample,16384,2048,tile8,14,981126
sample,16384,2048,tile8,15,985109
sample,16384,2048,tile8,16,971978
sample,16384,2048,tile8,17,984414
sample,16384,2048,tile8,18,982849
sample,16384,2048,tile8,19,993229
sample,16384,2048,tile8,20,989932
sample,16384,2048,tile8,21,988265
sample,16384,2048,tile8,22,999350
sample,16384,2048,tile8,23,995080
sample,16384,2048,tile8,24,1003710
sample,16384,2048,tile8,25,1015210
sample,16384,2048,tile8,26,993312
sample,16384,2048,tile8,27,1001691
sample,16384,2048,tile8,28,1005487
sample,16384,2048,tile8,29,1018562
measured,65536,128,vec4,1048576,4194304,5,30,16,727989,913608,9ec0db29a14c575b,4098921c6b362ecd,none,none
sample,65536,128,vec4,0,910387
sample,65536,128,vec4,1,913238
sample,65536,128,vec4,2,957525
sample,65536,128,vec4,3,912942
sample,65536,128,vec4,4,913608
sample,65536,128,vec4,5,769369
sample,65536,128,vec4,6,751423
sample,65536,128,vec4,7,724618
sample,65536,128,vec4,8,724350
sample,65536,128,vec4,9,732284
sample,65536,128,vec4,10,724692
sample,65536,128,vec4,11,712322
sample,65536,128,vec4,12,730155
sample,65536,128,vec4,13,724905
sample,65536,128,vec4,14,727008
sample,65536,128,vec4,15,726535
sample,65536,128,vec4,16,728387
sample,65536,128,vec4,17,729294
sample,65536,128,vec4,18,727989
sample,65536,128,vec4,19,791536
sample,65536,128,vec4,20,728193
sample,65536,128,vec4,21,721137
sample,65536,128,vec4,22,738202
sample,65536,128,vec4,23,724118
sample,65536,128,vec4,24,723395
sample,65536,128,vec4,25,724748
sample,65536,128,vec4,26,731729
sample,65536,128,vec4,27,724628
sample,65536,128,vec4,28,707830
sample,65536,128,vec4,29,721896
measured,65536,128,fused2,1048576,4194304,5,30,15,699859,882265,9ec0db29a14c575b,4098921c6b362ecd,none,none
sample,65536,128,fused2,0,876849
sample,65536,128,fused2,1,882265
sample,65536,128,fused2,2,885044
sample,65536,128,fused2,3,866517
sample,65536,128,fused2,4,881831
sample,65536,128,fused2,5,701887
sample,65536,128,fused2,6,688451
sample,65536,128,fused2,7,696489
sample,65536,128,fused2,8,699905
sample,65536,128,fused2,9,706192
sample,65536,128,fused2,10,707812
sample,65536,128,fused2,11,692341
sample,65536,128,fused2,12,683535
sample,65536,128,fused2,13,704609
sample,65536,128,fused2,14,719081
sample,65536,128,fused2,15,704748
sample,65536,128,fused2,16,699859
sample,65536,128,fused2,17,700257
sample,65536,128,fused2,18,690054
sample,65536,128,fused2,19,683766
sample,65536,128,fused2,20,685775
sample,65536,128,fused2,21,695433
sample,65536,128,fused2,22,680396
sample,65536,128,fused2,23,685674
sample,65536,128,fused2,24,690739
sample,65536,128,fused2,25,707803
sample,65536,128,fused2,26,700840
sample,65536,128,fused2,27,693312
sample,65536,128,fused2,28,687600
sample,65536,128,fused2,29,690220
measured,65536,128,tile8,1048576,4194304,5,30,14,704794,887979,9ec0db29a14c575b,4098921c6b362ecd,none,none
sample,65536,128,tile8,0,887979
sample,65536,128,tile8,1,880387
sample,65536,128,tile8,2,881099
sample,65536,128,tile8,3,882544
sample,65536,128,tile8,4,880108
sample,65536,128,tile8,5,894256
sample,65536,128,tile8,6,711841
sample,65536,128,tile8,7,714498
sample,65536,128,tile8,8,706061
sample,65536,128,tile8,9,703692
sample,65536,128,tile8,10,700128
sample,65536,128,tile8,11,704739
sample,65536,128,tile8,12,700730
sample,65536,128,tile8,13,703313
sample,65536,128,tile8,14,693146
sample,65536,128,tile8,15,704794
sample,65536,128,tile8,16,701119
sample,65536,128,tile8,17,708896
sample,65536,128,tile8,18,741275
sample,65536,128,tile8,19,692100
sample,65536,128,tile8,20,698359
sample,65536,128,tile8,21,705405
sample,65536,128,tile8,22,716869
sample,65536,128,tile8,23,690711
sample,65536,128,tile8,24,701832
sample,65536,128,tile8,25,719831
sample,65536,128,tile8,26,700072
sample,65536,128,tile8,27,709776
sample,65536,128,tile8,28,688748
sample,65536,128,tile8,29,701285
measured,65536,512,vec4,4194304,16777216,5,30,16,1118524,1134719,84d06402da633040,29115d73667dee45,none,none
sample,65536,512,vec4,0,1118127
sample,65536,512,vec4,1,1104571
sample,65536,512,vec4,2,1120219
sample,65536,512,vec4,3,1132904
sample,65536,512,vec4,4,1125238
sample,65536,512,vec4,5,1128654
sample,65536,512,vec4,6,1120868
sample,65536,512,vec4,7,1120821
sample,65536,512,vec4,8,1119117
sample,65536,512,vec4,9,1106525
sample,65536,512,vec4,10,1116562
sample,65536,512,vec4,11,1106367
sample,65536,512,vec4,12,1102062
sample,65536,512,vec4,13,1124720
sample,65536,512,vec4,14,1107051
sample,65536,512,vec4,15,1098821
sample,65536,512,vec4,16,1117969
sample,65536,512,vec4,17,1121450
sample,65536,512,vec4,18,1099728
sample,65536,512,vec4,19,1123766
sample,65536,512,vec4,20,1126256
sample,65536,512,vec4,21,1118524
sample,65536,512,vec4,22,1107404
sample,65536,512,vec4,23,1116710
sample,65536,512,vec4,24,1104951
sample,65536,512,vec4,25,1138988
sample,65536,512,vec4,26,1126053
sample,65536,512,vec4,27,1105663
sample,65536,512,vec4,28,1122894
sample,65536,512,vec4,29,1134719
measured,65536,512,fused2,4194304,16777216,5,30,15,1080219,1123802,84d06402da633040,29115d73667dee45,none,none
sample,65536,512,fused2,0,1108839
sample,65536,512,fused2,1,1088599
sample,65536,512,fused2,2,1070923
sample,65536,512,fused2,3,1076691
sample,65536,512,fused2,4,1123802
sample,65536,512,fused2,5,1065830
sample,65536,512,fused2,6,1077312
sample,65536,512,fused2,7,1074858
sample,65536,512,fused2,8,1085376
sample,65536,512,fused2,9,1138849
sample,65536,512,fused2,10,1086154
sample,65536,512,fused2,11,1085182
sample,65536,512,fused2,12,1080219
sample,65536,512,fused2,13,1066219
sample,65536,512,fused2,14,1069617
sample,65536,512,fused2,15,1095663
sample,65536,512,fused2,16,1076469
sample,65536,512,fused2,17,1071543
sample,65536,512,fused2,18,1077303
sample,65536,512,fused2,19,1086682
sample,65536,512,fused2,20,1082089
sample,65536,512,fused2,21,1084931
sample,65536,512,fused2,22,1066053
sample,65536,512,fused2,23,1085006
sample,65536,512,fused2,24,1069135
sample,65536,512,fused2,25,1098052
sample,65536,512,fused2,26,1083330
sample,65536,512,fused2,27,1068988
sample,65536,512,fused2,28,1085728
sample,65536,512,fused2,29,1076201
measured,65536,512,tile8,4194304,16777216,5,30,14,1272098,1290451,84d06402da633040,29115d73667dee45,none,none
sample,65536,512,tile8,0,1262857
sample,65536,512,tile8,1,1252738
sample,65536,512,tile8,2,1290451
sample,65536,512,tile8,3,1254885
sample,65536,512,tile8,4,1276737
sample,65536,512,tile8,5,1255942
sample,65536,512,tile8,6,1278894
sample,65536,512,tile8,7,1287070
sample,65536,512,tile8,8,1272672
sample,65536,512,tile8,9,1257190
sample,65536,512,tile8,10,1272237
sample,65536,512,tile8,11,1275470
sample,65536,512,tile8,12,1273644
sample,65536,512,tile8,13,1268329
sample,65536,512,tile8,14,1272098
sample,65536,512,tile8,15,1252247
sample,65536,512,tile8,16,1264820
sample,65536,512,tile8,17,1276005
sample,65536,512,tile8,18,1263951
sample,65536,512,tile8,19,1272301
sample,65536,512,tile8,20,1258608
sample,65536,512,tile8,21,1270191
sample,65536,512,tile8,22,1283599
sample,65536,512,tile8,23,1268238
sample,65536,512,tile8,24,1291146
sample,65536,512,tile8,25,1274635
sample,65536,512,tile8,26,1261256
sample,65536,512,tile8,27,1269857
sample,65536,512,tile8,28,1283219
sample,65536,512,tile8,29,1290088
skipped_limit,65536,2048,vec4,16777216,67108864,NA,NA,NA,NA,NA,NA,NA,cohort_dispatch_limit,none
skipped_limit,65536,2048,fused2,16777216,67108864,NA,NA,NA,NA,NA,NA,NA,cohort_dispatch_limit,none
skipped_limit,65536,2048,tile8,16777216,67108864,NA,NA,NA,NA,NA,NA,NA,cohort_dispatch_limit,none
measured,262144,128,vec4,4194304,16777216,5,30,18,1086727,1097414,603e59446e81431f,99960c282a7f4ca5,none,none
sample,262144,128,vec4,0,1092516
sample,262144,128,vec4,1,1080997
sample,262144,128,vec4,2,1093246
sample,262144,128,vec4,3,1083329
sample,262144,128,vec4,4,1096876
sample,262144,128,vec4,5,1092070
sample,262144,128,vec4,6,1094700
sample,262144,128,vec4,7,1077173
sample,262144,128,vec4,8,1087940
sample,262144,128,vec4,9,1084219
sample,262144,128,vec4,10,1085849
sample,262144,128,vec4,11,1090479
sample,262144,128,vec4,12,1084738
sample,262144,128,vec4,13,1085108
sample,262144,128,vec4,14,1087081
sample,262144,128,vec4,15,1080024
sample,262144,128,vec4,16,1086506
sample,262144,128,vec4,17,1078275
sample,262144,128,vec4,18,1085479
sample,262144,128,vec4,19,1087228
sample,262144,128,vec4,20,1086210
sample,262144,128,vec4,21,1085367
sample,262144,128,vec4,22,1093710
sample,262144,128,vec4,23,1091089
sample,262144,128,vec4,24,1075839
sample,262144,128,vec4,25,1115617
sample,262144,128,vec4,26,1097414
sample,262144,128,vec4,27,1086727
sample,262144,128,vec4,28,1090737
sample,262144,128,vec4,29,1087220
measured,262144,128,fused2,4194304,16777216,5,30,17,1078375,1105766,603e59446e81431f,99960c282a7f4ca5,none,none
sample,262144,128,fused2,0,1085330
sample,262144,128,fused2,1,1084210
sample,262144,128,fused2,2,1122284
sample,262144,128,fused2,3,1070914
sample,262144,128,fused2,4,1077275
sample,262144,128,fused2,5,1077904
sample,262144,128,fused2,6,1076016
sample,262144,128,fused2,7,1073774
sample,262144,128,fused2,8,1071229
sample,262144,128,fused2,9,1086145
sample,262144,128,fused2,10,1072755
sample,262144,128,fused2,11,1078375
sample,262144,128,fused2,12,1074470
sample,262144,128,fused2,13,1080672
sample,262144,128,fused2,14,1083414
sample,262144,128,fused2,15,1088719
sample,262144,128,fused2,16,1083784
sample,262144,128,fused2,17,1077932
sample,262144,128,fused2,18,1066876
sample,262144,128,fused2,19,1083470
sample,262144,128,fused2,20,1077562
sample,262144,128,fused2,21,1077904
sample,262144,128,fused2,22,1078682
sample,262144,128,fused2,23,1066284
sample,262144,128,fused2,24,1079886
sample,262144,128,fused2,25,1105766
sample,262144,128,fused2,26,1101608
sample,262144,128,fused2,27,1091571
sample,262144,128,fused2,28,1077358
sample,262144,128,fused2,29,1082145
measured,262144,128,tile8,4194304,16777216,5,30,16,1213089,1240894,603e59446e81431f,99960c282a7f4ca5,none,none
sample,262144,128,tile8,0,1224321
sample,262144,128,tile8,1,1223636
sample,262144,128,tile8,2,1210682
sample,262144,128,tile8,3,1213931
sample,262144,128,tile8,4,1213089
sample,262144,128,tile8,5,1211515
sample,262144,128,tile8,6,1208154
sample,262144,128,tile8,7,1208312
sample,262144,128,tile8,8,1218339
sample,262144,128,tile8,9,1211951
sample,262144,128,tile8,10,1213830
sample,262144,128,tile8,11,1196338
sample,262144,128,tile8,12,1212283
sample,262144,128,tile8,13,1211125
sample,262144,128,tile8,14,1220598
sample,262144,128,tile8,15,1221830
sample,262144,128,tile8,16,1204663
sample,262144,128,tile8,17,1213951
sample,262144,128,tile8,18,1221413
sample,262144,128,tile8,19,1215969
sample,262144,128,tile8,20,1209737
sample,262144,128,tile8,21,1212617
sample,262144,128,tile8,22,1214766
sample,262144,128,tile8,23,1208571
sample,262144,128,tile8,24,1218145
sample,262144,128,tile8,25,1249016
sample,262144,128,tile8,26,1240894
sample,262144,128,tile8,27,1216783
sample,262144,128,tile8,28,1206654
sample,262144,128,tile8,29,1201172
skipped_limit,262144,512,vec4,16777216,67108864,NA,NA,NA,NA,NA,NA,NA,cohort_dispatch_limit,none
skipped_limit,262144,512,fused2,16777216,67108864,NA,NA,NA,NA,NA,NA,NA,cohort_dispatch_limit,none
skipped_limit,262144,512,tile8,16777216,67108864,NA,NA,NA,NA,NA,NA,NA,cohort_dispatch_limit,none
skipped_limit,262144,2048,vec4,67108864,268435456,NA,NA,NA,NA,NA,NA,NA,cohort_dispatch_limit,none
skipped_limit,262144,2048,fused2,67108864,268435456,NA,NA,NA,NA,NA,NA,NA,cohort_dispatch_limit,none
skipped_limit,262144,2048,tile8,67108864,268435456,NA,NA,NA,NA,NA,NA,NA,cohort_dispatch_limit,none
skipped_limit,1048576,128,vec4,16777216,67108864,NA,NA,NA,NA,NA,NA,NA,cohort_dispatch_limit,none
skipped_limit,1048576,128,fused2,16777216,67108864,NA,NA,NA,NA,NA,NA,NA,cohort_dispatch_limit,none
skipped_limit,1048576,128,tile8,16777216,67108864,NA,NA,NA,NA,NA,NA,NA,cohort_dispatch_limit,none
skipped_limit,1048576,512,vec4,67108864,268435456,NA,NA,NA,NA,NA,NA,NA,cohort_dispatch_limit,none
skipped_limit,1048576,512,fused2,67108864,268435456,NA,NA,NA,NA,NA,NA,NA,cohort_dispatch_limit,none
skipped_limit,1048576,512,tile8,67108864,268435456,NA,NA,NA,NA,NA,NA,NA,cohort_dispatch_limit,none
skipped_limit,1048576,2048,vec4,268435456,1073741824,NA,NA,NA,NA,NA,NA,NA,cohort_dispatch_limit,none
skipped_limit,1048576,2048,fused2,268435456,1073741824,NA,NA,NA,NA,NA,NA,NA,cohort_dispatch_limit,none
skipped_limit,1048576,2048,tile8,268435456,1073741824,NA,NA,NA,NA,NA,NA,NA,cohort_dispatch_limit,none
qualification_status=complete
