benchmark=pvp3d_three_candidate_same_device
source_revision=ddb6f0144821dfa29d268601e7087e5001278e52
adapter=NVIDIA Tegra NVIDIA Thor
backend=Vulkan
device_type=IntegratedGpu
vendor_id=4318
device_id=11008
driver=NVIDIA
driver_info=580.00
hardware_measurement_eligible=true
physical_admission=external_remoteops_evidence_required
performance_claim=none
primary_timing_scope=resident_encode_plus_queue_submit_plus_device_wait
state_reset_scope=completed_before_timer
correctness_readback_scope=before_and_after_timing
candidate_order=ABC_ACB_BAC_BCA_CAB_CBA
resident_payload_scope=source_plus_three_states_excludes_driver_uniforms_and_readback
status,k,g,candidate,state_bytes,resident_payload_bytes,warmups,repeats,logical_dispatches,p50_ns,p95_ns,input_checksum,output_checksum,skip_reason,performance_claim
measured,256,128,vec4,4096,16384,5,30,8,665294,1179135,4c67926a9205d7b4,956299587c8af4b4,none,none
sample,256,128,vec4,0,653415
sample,256,128,vec4,1,638212
sample,256,128,vec4,2,657461
sample,256,128,vec4,3,667628
sample,256,128,vec4,4,647767
sample,256,128,vec4,5,652859
sample,256,128,vec4,6,653470
sample,256,128,vec4,7,655164
sample,256,128,vec4,8,656961
sample,256,128,vec4,9,655794
sample,256,128,vec4,10,662313
sample,256,128,vec4,11,666702
sample,256,128,vec4,12,675294
sample,256,128,vec4,13,681489
sample,256,128,vec4,14,1184107
sample,256,128,vec4,15,1169848
sample,256,128,vec4,16,1179135
sample,256,128,vec4,17,723989
sample,256,128,vec4,18,706767
sample,256,128,vec4,19,660600
sample,256,128,vec4,20,660776
sample,256,128,vec4,21,670230
sample,256,128,vec4,22,668053
sample,256,128,vec4,23,685711
sample,256,128,vec4,24,662146
sample,256,128,vec4,25,359518
sample,256,128,vec4,26,674415
sample,256,128,vec4,27,666637
sample,256,128,vec4,28,672850
sample,256,128,vec4,29,665294
measured,256,128,fused2,4096,16384,5,30,7,640350,1164876,4c67926a9205d7b4,956299587c8af4b4,none,none
sample,256,128,fused2,0,640035
sample,256,128,fused2,1,638683
sample,256,128,fused2,2,629859
sample,256,128,fused2,3,644841
sample,256,128,fused2,4,640350
sample,256,128,fused2,5,645350
sample,256,128,fused2,6,642053
sample,256,128,fused2,7,644924
sample,256,128,fused2,8,639443
sample,256,128,fused2,9,672869
sample,256,128,fused2,10,637240
sample,256,128,fused2,11,640979
sample,256,128,fused2,12,658831
sample,256,128,fused2,13,652129
sample,256,128,fused2,14,646868
sample,256,128,fused2,15,692415
sample,256,128,fused2,16,1164876
sample,256,128,fused2,17,1165858
sample,256,128,fused2,18,991655
sample,256,128,fused2,19,311082
sample,256,128,fused2,20,311073
sample,256,128,fused2,21,315240
sample,256,128,fused2,22,313332
sample,256,128,fused2,23,317017
sample,256,128,fused2,24,329193
sample,256,128,fused2,25,304758
sample,256,128,fused2,26,648341
sample,256,128,fused2,27,311545
sample,256,128,fused2,28,316971
sample,256,128,fused2,29,650970
measured,256,128,tile8,4096,16384,5,30,6,618018,647822,4c67926a9205d7b4,956299587c8af4b4,none,none
sample,256,128,tile8,0,618961
sample,256,128,tile8,1,630813
sample,256,128,tile8,2,617155
sample,256,128,tile8,3,595359
sample,256,128,tile8,4,622842
sample,256,128,tile8,5,625240
sample,256,128,tile8,6,650655
sample,256,128,tile8,7,616878
sample,256,128,tile8,8,619979
sample,256,128,tile8,9,621683
sample,256,128,tile8,10,621378
sample,256,128,tile8,11,626128
sample,256,128,tile8,12,618018
sample,256,128,tile8,13,622998
sample,256,128,tile8,14,647396
sample,256,128,tile8,15,629258
sample,256,128,tile8,16,647822
sample,256,128,tile8,17,644229
sample,256,128,tile8,18,302111
sample,256,128,tile8,19,636831
sample,256,128,tile8,20,276916
sample,256,128,tile8,21,270369
sample,256,128,tile8,22,496768
sample,256,128,tile8,23,274832
sample,256,128,tile8,24,277740
sample,256,128,tile8,25,270369
sample,256,128,tile8,26,279675
sample,256,128,tile8,27,277555
sample,256,128,tile8,28,273787
sample,256,128,tile8,29,277749
measured,256,512,vec4,16384,65536,5,30,8,662266,677517,38bbe1f688e24d78,1c8bb372f8f1302e,none,none
sample,256,512,vec4,0,667026
sample,256,512,vec4,1,663898
sample,256,512,vec4,2,660498
sample,256,512,vec4,3,677517
sample,256,512,vec4,4,657007
sample,256,512,vec4,5,657340
sample,256,512,vec4,6,667341
sample,256,512,vec4,7,664850
sample,256,512,vec4,8,662266
sample,256,512,vec4,9,663350
sample,256,512,vec4,10,670525
sample,256,512,vec4,11,349388
sample,256,512,vec4,12,346073
sample,256,512,vec4,13,663480
sample,256,512,vec4,14,656544
sample,256,512,vec4,15,661720
sample,256,512,vec4,16,667406
sample,256,512,vec4,17,669574
sample,256,512,vec4,18,660739
sample,256,512,vec4,19,650434
sample,256,512,vec4,20,668915
sample,256,512,vec4,21,656091
sample,256,512,vec4,22,669185
sample,256,512,vec4,23,660896
sample,256,512,vec4,24,668387
sample,256,512,vec4,25,664017
sample,256,512,vec4,26,337008
sample,256,512,vec4,27,650960
sample,256,512,vec4,28,685840
sample,256,512,vec4,29,659692
measured,256,512,fused2,16384,65536,5,30,7,307276,316517,38bbe1f688e24d78,1c8bb372f8f1302e,none,none
sample,256,512,fused2,0,312027
sample,256,512,fused2,1,304768
sample,256,512,fused2,2,304888
sample,256,512,fused2,3,310147
sample,256,512,fused2,4,302860
sample,256,512,fused2,5,303943
sample,256,512,fused2,6,304842
sample,256,512,fused2,7,312166
sample,256,512,fused2,8,307276
sample,256,512,fused2,9,313694
sample,256,512,fused2,10,304379
sample,256,512,fused2,11,304027
sample,256,512,fused2,12,312573
sample,256,512,fused2,13,309175
sample,256,512,fused2,14,300861
sample,256,512,fused2,15,316517
sample,256,512,fused2,16,1307866
sample,256,512,fused2,17,312009
sample,256,512,fused2,18,306046
sample,256,512,fused2,19,312424
sample,256,512,fused2,20,302259
sample,256,512,fused2,21,310851
sample,256,512,fused2,22,309842
sample,256,512,fused2,23,302119
sample,256,512,fused2,24,313212
sample,256,512,fused2,25,311637
sample,256,512,fused2,26,307276
sample,256,512,fused2,27,302388
sample,256,512,fused2,28,306046
sample,256,512,fused2,29,302462
measured,256,512,tile8,16384,65536,5,30,6,271517,310601,38bbe1f688e24d78,1c8bb372f8f1302e,none,none
sample,256,512,tile8,0,271602
sample,256,512,tile8,1,272509
sample,256,512,tile8,2,297638
sample,256,512,tile8,3,294287
sample,256,512,tile8,4,270268
sample,256,512,tile8,5,269073
sample,256,512,tile8,6,273093
sample,256,512,tile8,7,272684
sample,256,512,tile8,8,270480
sample,256,512,tile8,9,271517
sample,256,512,tile8,10,272323
sample,256,512,tile8,11,273703
sample,256,512,tile8,12,269490
sample,256,512,tile8,13,268517
sample,256,512,tile8,14,268795
sample,256,512,tile8,15,271055
sample,256,512,tile8,16,272175
sample,256,512,tile8,17,635277
sample,256,512,tile8,18,269795
sample,256,512,tile8,19,310601
sample,256,512,tile8,20,267879
sample,256,512,tile8,21,266017
sample,256,512,tile8,22,271555
sample,256,512,tile8,23,271426
sample,256,512,tile8,24,272166
sample,256,512,tile8,25,272064
sample,256,512,tile8,26,271064
sample,256,512,tile8,27,270296
sample,256,512,tile8,28,295879
sample,256,512,tile8,29,266009
measured,256,2048,vec4,65536,262144,5,30,8,666998,845665,c9e538e9f9dccedd,259153fc2c7bc4e7,none,none
sample,256,2048,vec4,0,658933
sample,256,2048,vec4,1,661462
sample,256,2048,vec4,2,664119
sample,256,2048,vec4,3,675776
sample,256,2048,vec4,4,668609
sample,256,2048,vec4,5,665091
sample,256,2048,vec4,6,674322
sample,256,2048,vec4,7,682655
sample,256,2048,vec4,8,660943
sample,256,2048,vec4,9,658100
sample,256,2048,vec4,10,670211
sample,256,2048,vec4,11,661592
sample,256,2048,vec4,12,673952
sample,256,2048,vec4,13,661609
sample,256,2048,vec4,14,338360
sample,256,2048,vec4,15,845665
sample,256,2048,vec4,16,1177246
sample,256,2048,vec4,17,666998
sample,256,2048,vec4,18,695211
sample,256,2048,vec4,19,663933
sample,256,2048,vec4,20,657868
sample,256,2048,vec4,21,667183
sample,256,2048,vec4,22,666016
sample,256,2048,vec4,23,674044
sample,256,2048,vec4,24,665479
sample,256,2048,vec4,25,722498
sample,256,2048,vec4,26,678720
sample,256,2048,vec4,27,657434
sample,256,2048,vec4,28,672693
sample,256,2048,vec4,29,668267
measured,256,2048,fused2,65536,262144,5,30,7,309388,654433,c9e538e9f9dccedd,259153fc2c7bc4e7,none,none
sample,256,2048,fused2,0,307212
sample,256,2048,fused2,1,309490
sample,256,2048,fused2,2,308128
sample,256,2048,fused2,3,306286
sample,256,2048,fused2,4,309184
sample,256,2048,fused2,5,304767
sample,256,2048,fused2,6,305814
sample,256,2048,fused2,7,308972
sample,256,2048,fused2,8,304092
sample,256,2048,fused2,9,311073
sample,256,2048,fused2,10,308295
sample,256,2048,fused2,11,304074
sample,256,2048,fused2,12,304981
sample,256,2048,fused2,13,307554
sample,256,2048,fused2,14,303008
sample,256,2048,fused2,15,303250
sample,256,2048,fused2,16,652017
sample,256,2048,fused2,17,654433
sample,256,2048,fused2,18,679164
sample,256,2048,fused2,19,648619
sample,256,2048,fused2,20,310249
sample,256,2048,fused2,21,309388
sample,256,2048,fused2,22,648313
sample,256,2048,fused2,23,651231
sample,256,2048,fused2,24,644164
sample,256,2048,fused2,25,353508
sample,256,2048,fused2,26,314823
sample,256,2048,fused2,27,309536
sample,256,2048,fused2,28,318055
sample,256,2048,fused2,29,315536
measured,256,2048,tile8,65536,262144,5,30,6,280323,301685,c9e538e9f9dccedd,259153fc2c7bc4e7,none,none
sample,256,2048,tile8,0,276972
sample,256,2048,tile8,1,278713
sample,256,2048,tile8,2,278184
sample,256,2048,tile8,3,277666
sample,256,2048,tile8,4,278008
sample,256,2048,tile8,5,275916
sample,256,2048,tile8,6,279685
sample,256,2048,tile8,7,280592
sample,256,2048,tile8,8,277202
sample,256,2048,tile8,9,283184
sample,256,2048,tile8,10,276490
sample,256,2048,tile8,11,276694
sample,256,2048,tile8,12,279026
sample,256,2048,tile8,13,277620
sample,256,2048,tile8,14,276519
sample,256,2048,tile8,15,284120
sample,256,2048,tile8,16,1419588
sample,256,2048,tile8,17,301174
sample,256,2048,tile8,18,289666
sample,256,2048,tile8,19,282916
sample,256,2048,tile8,20,283611
sample,256,2048,tile8,21,285861
sample,256,2048,tile8,22,284860
sample,256,2048,tile8,23,301685
sample,256,2048,tile8,24,281638
sample,256,2048,tile8,25,294759
sample,256,2048,tile8,26,280323
sample,256,2048,tile8,27,284490
sample,256,2048,tile8,28,279323
sample,256,2048,tile8,29,285397
measured,1024,128,vec4,16384,65536,5,30,10,578988,640592,26abf5bddd03bbc5,79acd556594188cd,none,none
sample,1024,128,vec4,0,638674
sample,1024,128,vec4,1,603396
sample,1024,128,vec4,2,634906
sample,1024,128,vec4,3,639804
sample,1024,128,vec4,4,640619
sample,1024,128,vec4,5,638831
sample,1024,128,vec4,6,640592
sample,1024,128,vec4,7,608489
sample,1024,128,vec4,8,590536
sample,1024,128,vec4,9,578369
sample,1024,128,vec4,10,585535
sample,1024,128,vec4,11,573527
sample,1024,128,vec4,12,585490
sample,1024,128,vec4,13,585841
sample,1024,128,vec4,14,578988
sample,1024,128,vec4,15,598184
sample,1024,128,vec4,16,582961
sample,1024,128,vec4,17,602527
sample,1024,128,vec4,18,377925
sample,1024,128,vec4,19,569129
sample,1024,128,vec4,20,556462
sample,1024,128,vec4,21,550286
sample,1024,128,vec4,22,542016
sample,1024,128,vec4,23,568738
sample,1024,128,vec4,24,559415
sample,1024,128,vec4,25,559305
sample,1024,128,vec4,26,555943
sample,1024,128,vec4,27,566452
sample,1024,128,vec4,28,525943
sample,1024,128,vec4,29,555823
measured,1024,128,fused2,16384,65536,5,30,9,569980,628934,26abf5bddd03bbc5,79acd556594188cd,none,none
sample,1024,128,fused2,0,625572
sample,1024,128,fused2,1,613647
sample,1024,128,fused2,2,619897
sample,1024,128,fused2,3,624267
sample,1024,128,fused2,4,639313
sample,1024,128,fused2,5,623229
sample,1024,128,fused2,6,628934
sample,1024,128,fused2,7,616611
sample,1024,128,fused2,8,625730
sample,1024,128,fused2,9,573267
sample,1024,128,fused2,10,576979
sample,1024,128,fused2,11,558731
sample,1024,128,fused2,12,569980
sample,1024,128,fused2,13,586110
sample,1024,128,fused2,14,570610
sample,1024,128,fused2,15,579859
sample,1024,128,fused2,16,582128
sample,1024,128,fused2,17,540517
sample,1024,128,fused2,18,559349
sample,1024,128,fused2,19,544183
sample,1024,128,fused2,20,550757
sample,1024,128,fused2,21,542470
sample,1024,128,fused2,22,545878
sample,1024,128,fused2,23,534527
sample,1024,128,fused2,24,552007
sample,1024,128,fused2,25,537451
sample,1024,128,fused2,26,541721
sample,1024,128,fused2,27,545592
sample,1024,128,fused2,28,522591
sample,1024,128,fused2,29,526683
measured,1024,128,tile8,16384,65536,5,30,8,552860,613748,26abf5bddd03bbc5,79acd556594188cd,none,none
sample,1024,128,tile8,0,607924
sample,1024,128,tile8,1,613748
sample,1024,128,tile8,2,603952
sample,1024,128,tile8,3,606490
sample,1024,128,tile8,4,612572
sample,1024,128,tile8,5,605665
sample,1024,128,tile8,6,638341
sample,1024,128,tile8,7,607804
sample,1024,128,tile8,8,552368
sample,1024,128,tile8,9,552544
sample,1024,128,tile8,10,564592
sample,1024,128,tile8,11,523452
sample,1024,128,tile8,12,553720
sample,1024,128,tile8,13,557924
sample,1024,128,tile8,14,563628
sample,1024,128,tile8,15,557572
sample,1024,128,tile8,16,552860
sample,1024,128,tile8,17,557730
sample,1024,128,tile8,18,586324
sample,1024,128,tile8,19,533434
sample,1024,128,tile8,20,533981
sample,1024,128,tile8,21,533517
sample,1024,128,tile8,22,537768
sample,1024,128,tile8,23,528907
sample,1024,128,tile8,24,528776
sample,1024,128,tile8,25,531971
sample,1024,128,tile8,26,533739
sample,1024,128,tile8,27,540203
sample,1024,128,tile8,28,530396
sample,1024,128,tile8,29,311833
measured,1024,512,vec4,65536,262144,5,30,10,495805,532479,0949b62ffc70d026,7663f0c9d3466943,none,none
sample,1024,512,vec4,0,527118
sample,1024,512,vec4,1,532479
sample,1024,512,vec4,2,526276
sample,1024,512,vec4,3,541564
sample,1024,512,vec4,4,528369
sample,1024,512,vec4,5,504990
sample,1024,512,vec4,6,498081
sample,1024,512,vec4,7,503118
sample,1024,512,vec4,8,514684
sample,1024,512,vec4,9,506110
sample,1024,512,vec4,10,507092
sample,1024,512,vec4,11,501026
sample,1024,512,vec4,12,500683
sample,1024,512,vec4,13,505072
sample,1024,512,vec4,14,509768
sample,1024,512,vec4,15,490832
sample,1024,512,vec4,16,479313
sample,1024,512,vec4,17,494156
sample,1024,512,vec4,18,490147
sample,1024,512,vec4,19,490073
sample,1024,512,vec4,20,474489
sample,1024,512,vec4,21,489137
sample,1024,512,vec4,22,482323
sample,1024,512,vec4,23,486888
sample,1024,512,vec4,24,488655
sample,1024,512,vec4,25,478869
sample,1024,512,vec4,26,480147
sample,1024,512,vec4,27,493638
sample,1024,512,vec4,28,495805
sample,1024,512,vec4,29,474156
measured,1024,512,fused2,65536,262144,5,30,9,483553,524239,0949b62ffc70d026,7663f0c9d3466943,none,none
sample,1024,512,fused2,0,515267
sample,1024,512,fused2,1,512971
sample,1024,512,fused2,2,524239
sample,1024,512,fused2,3,522406
sample,1024,512,fused2,4,342703
sample,1024,512,fused2,5,487221
sample,1024,512,fused2,6,497073
sample,1024,512,fused2,7,493684
sample,1024,512,fused2,8,464026
sample,1024,512,fused2,9,462804
sample,1024,512,fused2,10,497387
sample,1024,512,fused2,11,490166
sample,1024,512,fused2,12,493489
sample,1024,512,fused2,13,493915
sample,1024,512,fused2,14,490619
sample,1024,512,fused2,15,483796
sample,1024,512,fused2,16,486823
sample,1024,512,fused2,17,537675
sample,1024,512,fused2,18,481101
sample,1024,512,fused2,19,479072
sample,1024,512,fused2,20,473758
sample,1024,512,fused2,21,474562
sample,1024,512,fused2,22,479174
sample,1024,512,fused2,23,480525
sample,1024,512,fused2,24,473666
sample,1024,512,fused2,25,483553
sample,1024,512,fused2,26,474110
sample,1024,512,fused2,27,471527
sample,1024,512,fused2,28,472322
sample,1024,512,fused2,29,330610
measured,1024,512,tile8,65536,262144,5,30,8,476055,504249,0949b62ffc70d026,7663f0c9d3466943,none,none
sample,1024,512,tile8,0,504249
sample,1024,512,tile8,1,505971
sample,1024,512,tile8,2,501082
sample,1024,512,tile8,3,486155
sample,1024,512,tile8,4,493767
sample,1024,512,tile8,5,306138
sample,1024,512,tile8,6,486239
sample,1024,512,tile8,7,486351
sample,1024,512,tile8,8,300825
sample,1024,512,tile8,9,485730
sample,1024,512,tile8,10,482831
sample,1024,512,tile8,11,481489
sample,1024,512,tile8,12,485684
sample,1024,512,tile8,13,483064
sample,1024,512,tile8,14,481211
sample,1024,512,tile8,15,478655
sample,1024,512,tile8,16,302296
sample,1024,512,tile8,17,302574
sample,1024,512,tile8,18,466359
sample,1024,512,tile8,19,473758
sample,1024,512,tile8,20,451342
sample,1024,512,tile8,21,457878
sample,1024,512,tile8,22,465296
sample,1024,512,tile8,23,457240
sample,1024,512,tile8,24,476415
sample,1024,512,tile8,25,470582
sample,1024,512,tile8,26,476055
sample,1024,512,tile8,27,472748
sample,1024,512,tile8,28,431627
sample,1024,512,tile8,29,468786
measured,1024,2048,vec4,262144,1048576,5,30,10,351777,476424,2d4a1c573b9665e7,d32c613321b43c7f,none,none
sample,1024,2048,vec4,0,475007
sample,1024,2048,vec4,1,466675
sample,1024,2048,vec4,2,476424
sample,1024,2048,vec4,3,494683
sample,1024,2048,vec4,4,463553
sample,1024,2048,vec4,5,469638
sample,1024,2048,vec4,6,464323
sample,1024,2048,vec4,7,471415
sample,1024,2048,vec4,8,463777
sample,1024,2048,vec4,9,355638
sample,1024,2048,vec4,10,342120
sample,1024,2048,vec4,11,342638
sample,1024,2048,vec4,12,353666
sample,1024,2048,vec4,13,355008
sample,1024,2048,vec4,14,351305
sample,1024,2048,vec4,15,354305
sample,1024,2048,vec4,16,351777
sample,1024,2048,vec4,17,355555
sample,1024,2048,vec4,18,351018
sample,1024,2048,vec4,19,362601
sample,1024,2048,vec4,20,346064
sample,1024,2048,vec4,21,343749
sample,1024,2048,vec4,22,342407
sample,1024,2048,vec4,23,341758
sample,1024,2048,vec4,24,349018
sample,1024,2048,vec4,25,349767
sample,1024,2048,vec4,26,349239
sample,1024,2048,vec4,27,341351
sample,1024,2048,vec4,28,343240
sample,1024,2048,vec4,29,347851
measured,1024,2048,fused2,262144,1048576,5,30,9,326999,461684,2d4a1c573b9665e7,d32c613321b43c7f,none,none
sample,1024,2048,fused2,0,457860
sample,1024,2048,fused2,1,459582
sample,1024,2048,fused2,2,454934
sample,1024,2048,fused2,3,461684
sample,1024,2048,fused2,4,468231
sample,1024,2048,fused2,5,325953
sample,1024,2048,fused2,6,447396
sample,1024,2048,fused2,7,455137
sample,1024,2048,fused2,8,451536
sample,1024,2048,fused2,9,454805
sample,1024,2048,fused2,10,318101
sample,1024,2048,fused2,11,318860
sample,1024,2048,fused2,12,327267
sample,1024,2048,fused2,13,326999
sample,1024,2048,fused2,14,326332
sample,1024,2048,fused2,15,324721
sample,1024,2048,fused2,16,325156
sample,1024,2048,fused2,17,329416
sample,1024,2048,fused2,18,325045
sample,1024,2048,fused2,19,327415
sample,1024,2048,fused2,20,315110
sample,1024,2048,fused2,21,320712
sample,1024,2048,fused2,22,327342
sample,1024,2048,fused2,23,315527
sample,1024,2048,fused2,24,326684
sample,1024,2048,fused2,25,334981
sample,1024,2048,fused2,26,368203
sample,1024,2048,fused2,27,315387
sample,1024,2048,fused2,28,317276
sample,1024,2048,fused2,29,323693
measured,1024,2048,tile8,262144,1048576,5,30,8,303971,463981,2d4a1c573b9665e7,d32c613321b43c7f,none,none
sample,1024,2048,tile8,0,463933
sample,1024,2048,tile8,1,463981
sample,1024,2048,tile8,2,464944
sample,1024,2048,tile8,3,463740
sample,1024,2048,tile8,4,454175
sample,1024,2048,tile8,5,453314
sample,1024,2048,tile8,6,445425
sample,1024,2048,tile8,7,441999
sample,1024,2048,tile8,8,455554
sample,1024,2048,tile8,9,427480
sample,1024,2048,tile8,10,303342
sample,1024,2048,tile8,11,294758
sample,1024,2048,tile8,12,298999
sample,1024,2048,tile8,13,304518
sample,1024,2048,tile8,14,303740
sample,1024,2048,tile8,15,311110
sample,1024,2048,tile8,16,301972
sample,1024,2048,tile8,17,303971
sample,1024,2048,tile8,18,342101
sample,1024,2048,tile8,19,342703
sample,1024,2048,tile8,20,300703
sample,1024,2048,tile8,21,303091
sample,1024,2048,tile8,22,301249
sample,1024,2048,tile8,23,295452
sample,1024,2048,tile8,24,303128
sample,1024,2048,tile8,25,337101
sample,1024,2048,tile8,26,296268
sample,1024,2048,tile8,27,291879
sample,1024,2048,tile8,28,293129
sample,1024,2048,tile8,29,292583
measured,4096,128,vec4,65536,262144,5,30,12,399637,427572,d878e557b6daedce,8cc85ceb09c8efed,none,none
sample,4096,128,vec4,0,396100
sample,4096,128,vec4,1,402425
sample,4096,128,vec4,2,406979
sample,4096,128,vec4,3,397342
sample,4096,128,vec4,4,398953
sample,4096,128,vec4,5,402785
sample,4096,128,vec4,6,396814
sample,4096,128,vec4,7,404916
sample,4096,128,vec4,8,401064
sample,4096,128,vec4,9,397657
sample,4096,128,vec4,10,401647
sample,4096,128,vec4,11,427572
sample,4096,128,vec4,12,407017
sample,4096,128,vec4,13,397601
sample,4096,128,vec4,14,395342
sample,4096,128,vec4,15,399637
sample,4096,128,vec4,16,399813
sample,4096,128,vec4,17,427675
sample,4096,128,vec4,18,409415
sample,4096,128,vec4,19,398508
sample,4096,128,vec4,20,400073
sample,4096,128,vec4,21,396740
sample,4096,128,vec4,22,397656
sample,4096,128,vec4,23,400092
sample,4096,128,vec4,24,397666
sample,4096,128,vec4,25,396999
sample,4096,128,vec4,26,401286
sample,4096,128,vec4,27,398388
sample,4096,128,vec4,28,397157
sample,4096,128,vec4,29,404694
measured,4096,128,fused2,65536,262144,5,30,11,373499,414582,d878e557b6daedce,8cc85ceb09c8efed,none,none
sample,4096,128,fused2,0,371721
sample,4096,128,fused2,1,374119
sample,4096,128,fused2,2,432138
sample,4096,128,fused2,3,382703
sample,4096,128,fused2,4,373314
sample,4096,128,fused2,5,378175
sample,4096,128,fused2,6,372416
sample,4096,128,fused2,7,376546
sample,4096,128,fused2,8,385249
sample,4096,128,fused2,9,369861
sample,4096,128,fused2,10,371814
sample,4096,128,fused2,11,375555
sample,4096,128,fused2,12,373499
sample,4096,128,fused2,13,371813
sample,4096,128,fused2,14,378814
sample,4096,128,fused2,15,376230
sample,4096,128,fused2,16,375018
sample,4096,128,fused2,17,375944
sample,4096,128,fused2,18,373583
sample,4096,128,fused2,19,371583
sample,4096,128,fused2,20,381499
sample,4096,128,fused2,21,372416
sample,4096,128,fused2,22,371675
sample,4096,128,fused2,23,372990
sample,4096,128,fused2,24,372535
sample,4096,128,fused2,25,371777
sample,4096,128,fused2,26,414582
sample,4096,128,fused2,27,383480
sample,4096,128,fused2,28,371258
sample,4096,128,fused2,29,372259
measured,4096,128,tile8,65536,262144,5,30,10,345842,416193,d878e557b6daedce,8cc85ceb09c8efed,none,none
sample,4096,128,tile8,0,348249
sample,4096,128,tile8,1,344148
sample,4096,128,tile8,2,361387
sample,4096,128,tile8,3,349518
sample,4096,128,tile8,4,344878
sample,4096,128,tile8,5,355971
sample,4096,128,tile8,6,344369
sample,4096,128,tile8,7,345490
sample,4096,128,tile8,8,349286
sample,4096,128,tile8,9,347230
sample,4096,128,tile8,10,345981
sample,4096,128,tile8,11,422971
sample,4096,128,tile8,12,343138
sample,4096,128,tile8,13,346406
sample,4096,128,tile8,14,343740
sample,4096,128,tile8,15,348259
sample,4096,128,tile8,16,345277
sample,4096,128,tile8,17,416193
sample,4096,128,tile8,18,345638
sample,4096,128,tile8,19,344907
sample,4096,128,tile8,20,342943
sample,4096,128,tile8,21,343425
sample,4096,128,tile8,22,344721
sample,4096,128,tile8,23,353610
sample,4096,128,tile8,24,343110
sample,4096,128,tile8,25,346943
sample,4096,128,tile8,26,384703
sample,4096,128,tile8,27,345842
sample,4096,128,tile8,28,343824
sample,4096,128,tile8,29,354184
measured,4096,512,vec4,262144,1048576,5,30,12,406342,422415,07e875993970433c,207dceeda1be3f5b,none,none
sample,4096,512,vec4,0,405703
sample,4096,512,vec4,1,405064
sample,4096,512,vec4,2,404981
sample,4096,512,vec4,3,405314
sample,4096,512,vec4,4,399785
sample,4096,512,vec4,5,400045
sample,4096,512,vec4,6,403434
sample,4096,512,vec4,7,405795
sample,4096,512,vec4,8,414805
sample,4096,512,vec4,9,406619
sample,4096,512,vec4,10,406342
sample,4096,512,vec4,11,409332
sample,4096,512,vec4,12,407971
sample,4096,512,vec4,13,402138
sample,4096,512,vec4,14,415370
sample,4096,512,vec4,15,407888
sample,4096,512,vec4,16,406721
sample,4096,512,vec4,17,424166
sample,4096,512,vec4,18,406934
sample,4096,512,vec4,19,404573
sample,4096,512,vec4,20,404481
sample,4096,512,vec4,21,406296
sample,4096,512,vec4,22,407647
sample,4096,512,vec4,23,409323
sample,4096,512,vec4,24,408267
sample,4096,512,vec4,25,406397
sample,4096,512,vec4,26,422415
sample,4096,512,vec4,27,402518
sample,4096,512,vec4,28,402898
sample,4096,512,vec4,29,407481
measured,4096,512,fused2,262144,1048576,5,30,11,378796,437342,07e875993970433c,207dceeda1be3f5b,none,none
sample,4096,512,fused2,0,381304
sample,4096,512,fused2,1,378221
sample,4096,512,fused2,2,378796
sample,4096,512,fused2,3,437342
sample,4096,512,fused2,4,380175
sample,4096,512,fused2,5,376620
sample,4096,512,fused2,6,380675
sample,4096,512,fused2,7,377499
sample,4096,512,fused2,8,379388
sample,4096,512,fused2,9,374869
sample,4096,512,fused2,10,381360
sample,4096,512,fused2,11,461184
sample,4096,512,fused2,12,392305
sample,4096,512,fused2,13,375712
sample,4096,512,fused2,14,372972
sample,4096,512,fused2,15,378962
sample,4096,512,fused2,16,381925
sample,4096,512,fused2,17,385573
sample,4096,512,fused2,18,377416
sample,4096,512,fused2,19,374943
sample,4096,512,fused2,20,374351
sample,4096,512,fused2,21,379915
sample,4096,512,fused2,22,378536
sample,4096,512,fused2,23,379249
sample,4096,512,fused2,24,379499
sample,4096,512,fused2,25,377990
sample,4096,512,fused2,26,379740
sample,4096,512,fused2,27,378573
sample,4096,512,fused2,28,374888
sample,4096,512,fused2,29,373999
measured,4096,512,tile8,262144,1048576,5,30,10,357240,363990,07e875993970433c,207dceeda1be3f5b,none,none
sample,4096,512,tile8,0,358999
sample,4096,512,tile8,1,355453
sample,4096,512,tile8,2,361138
sample,4096,512,tile8,3,357240
sample,4096,512,tile8,4,351518
sample,4096,512,tile8,5,349888
sample,4096,512,tile8,6,354471
sample,4096,512,tile8,7,355666
sample,4096,512,tile8,8,357508
sample,4096,512,tile8,9,356527
sample,4096,512,tile8,10,358443
sample,4096,512,tile8,11,357332
sample,4096,512,tile8,12,352073
sample,4096,512,tile8,13,350008
sample,4096,512,tile8,14,363990
sample,4096,512,tile8,15,362878
sample,4096,512,tile8,16,356082
sample,4096,512,tile8,17,357879
sample,4096,512,tile8,18,349009
sample,4096,512,tile8,19,357572
sample,4096,512,tile8,20,353694
sample,4096,512,tile8,21,358100
sample,4096,512,tile8,22,362027
sample,4096,512,tile8,23,358546
sample,4096,512,tile8,24,357573
sample,4096,512,tile8,25,359564
sample,4096,512,tile8,26,409203
sample,4096,512,tile8,27,353777
sample,4096,512,tile8,28,352870
sample,4096,512,tile8,29,350258
measured,4096,2048,vec4,1048576,4194304,5,30,12,427805,474961,4143a88e49ed614b,e0842ad8f72c0c9f,none,none
sample,4096,2048,vec4,0,426018
sample,4096,2048,vec4,1,427110
sample,4096,2048,vec4,2,426101
sample,4096,2048,vec4,3,425249
sample,4096,2048,vec4,4,471220
sample,4096,2048,vec4,5,426666
sample,4096,2048,vec4,6,427461
sample,4096,2048,vec4,7,436832
sample,4096,2048,vec4,8,427201
sample,4096,2048,vec4,9,428610
sample,4096,2048,vec4,10,428175
sample,4096,2048,vec4,11,427044
sample,4096,2048,vec4,12,424370
sample,4096,2048,vec4,13,481981
sample,4096,2048,vec4,14,426841
sample,4096,2048,vec4,15,431073
sample,4096,2048,vec4,16,431823
sample,4096,2048,vec4,17,429999
sample,4096,2048,vec4,18,474961
sample,4096,2048,vec4,19,423888
sample,4096,2048,vec4,20,430943
sample,4096,2048,vec4,21,427805
sample,4096,2048,vec4,22,433470
sample,4096,2048,vec4,23,429230
sample,4096,2048,vec4,24,423258
sample,4096,2048,vec4,25,426360
sample,4096,2048,vec4,26,448627
sample,4096,2048,vec4,27,430444
sample,4096,2048,vec4,28,423823
sample,4096,2048,vec4,29,428629
measured,4096,2048,fused2,1048576,4194304,5,30,11,401619,412499,4143a88e49ed614b,e0842ad8f72c0c9f,none,none
sample,4096,2048,fused2,0,403795
sample,4096,2048,fused2,1,398861
sample,4096,2048,fused2,2,397203
sample,4096,2048,fused2,3,402046
sample,4096,2048,fused2,4,423573
sample,4096,2048,fused2,5,402898
sample,4096,2048,fused2,6,399712
sample,4096,2048,fused2,7,404285
sample,4096,2048,fused2,8,400388
sample,4096,2048,fused2,9,406193
sample,4096,2048,fused2,10,403333
sample,4096,2048,fused2,11,400869
sample,4096,2048,fused2,12,412499
sample,4096,2048,fused2,13,404425
sample,4096,2048,fused2,14,392314
sample,4096,2048,fused2,15,401841
sample,4096,2048,fused2,16,402072
sample,4096,2048,fused2,17,398785
sample,4096,2048,fused2,18,409906
sample,4096,2048,fused2,19,401138
sample,4096,2048,fused2,20,400175
sample,4096,2048,fused2,21,398416
sample,4096,2048,fused2,22,401045
sample,4096,2048,fused2,23,405322
sample,4096,2048,fused2,24,403434
sample,4096,2048,fused2,25,399063
sample,4096,2048,fused2,26,400064
sample,4096,2048,fused2,27,401564
sample,4096,2048,fused2,28,401619
sample,4096,2048,fused2,29,404675
measured,4096,2048,tile8,1048576,4194304,5,30,10,390712,401183,4143a88e49ed614b,e0842ad8f72c0c9f,none,none
sample,4096,2048,tile8,0,392277
sample,4096,2048,tile8,1,401183
sample,4096,2048,tile8,2,389341
sample,4096,2048,tile8,3,393008
sample,4096,2048,tile8,4,391499
sample,4096,2048,tile8,5,391295
sample,4096,2048,tile8,6,386777
sample,4096,2048,tile8,7,386323
sample,4096,2048,tile8,8,391805
sample,4096,2048,tile8,9,387573
sample,4096,2048,tile8,10,389757
sample,4096,2048,tile8,11,389934
sample,4096,2048,tile8,12,393841
sample,4096,2048,tile8,13,390712
sample,4096,2048,tile8,14,388184
sample,4096,2048,tile8,15,396887
sample,4096,2048,tile8,16,391296
sample,4096,2048,tile8,17,391388
sample,4096,2048,tile8,18,389027
sample,4096,2048,tile8,19,390314
sample,4096,2048,tile8,20,389294
sample,4096,2048,tile8,21,392054
sample,4096,2048,tile8,22,391083
sample,4096,2048,tile8,23,389610
sample,4096,2048,tile8,24,388194
sample,4096,2048,tile8,25,389832
sample,4096,2048,tile8,26,406008
sample,4096,2048,tile8,27,390415
sample,4096,2048,tile8,28,391710
sample,4096,2048,tile8,29,396555
measured,16384,128,vec4,262144,1048576,5,30,14,463462,476990,318e48fc80dadb1f,a09bc0e13ecf9bf8,none,none
sample,16384,128,vec4,0,476990
sample,16384,128,vec4,1,468979
sample,16384,128,vec4,2,466757
sample,16384,128,vec4,3,459081
sample,16384,128,vec4,4,463462
sample,16384,128,vec4,5,461749
sample,16384,128,vec4,6,464461
sample,16384,128,vec4,7,453860
sample,16384,128,vec4,8,463907
sample,16384,128,vec4,9,454351
sample,16384,128,vec4,10,465989
sample,16384,128,vec4,11,466008
sample,16384,128,vec4,12,462314
sample,16384,128,vec4,13,464425
sample,16384,128,vec4,14,460998
sample,16384,128,vec4,15,457795
sample,16384,128,vec4,16,458564
sample,16384,128,vec4,17,464073
sample,16384,128,vec4,18,463924
sample,16384,128,vec4,19,461684
sample,16384,128,vec4,20,456601
sample,16384,128,vec4,21,467443
sample,16384,128,vec4,22,460638
sample,16384,128,vec4,23,482435
sample,16384,128,vec4,24,471035
sample,16384,128,vec4,25,460295
sample,16384,128,vec4,26,471591
sample,16384,128,vec4,27,465999
sample,16384,128,vec4,28,457146
sample,16384,128,vec4,29,454285
measured,16384,128,fused2,262144,1048576,5,30,13,440211,451406,318e48fc80dadb1f,a09bc0e13ecf9bf8,none,none
sample,16384,128,fused2,0,455526
sample,16384,128,fused2,1,435609
sample,16384,128,fused2,2,439045
sample,16384,128,fused2,3,435007
sample,16384,128,fused2,4,439971
sample,16384,128,fused2,5,451406
sample,16384,128,fused2,6,444509
sample,16384,128,fused2,7,437063
sample,16384,128,fused2,8,440933
sample,16384,128,fused2,9,433804
sample,16384,128,fused2,10,446276
sample,16384,128,fused2,11,444101
sample,16384,128,fused2,12,443351
sample,16384,128,fused2,13,437988
sample,16384,128,fused2,14,440379
sample,16384,128,fused2,15,434388
sample,16384,128,fused2,16,442749
sample,16384,128,fused2,17,439999
sample,16384,128,fused2,18,430656
sample,16384,128,fused2,19,433638
sample,16384,128,fused2,20,434007
sample,16384,128,fused2,21,442425
sample,16384,128,fused2,22,446091
sample,16384,128,fused2,23,445192
sample,16384,128,fused2,24,443647
sample,16384,128,fused2,25,442249
sample,16384,128,fused2,26,440211
sample,16384,128,fused2,27,440657
sample,16384,128,fused2,28,434398
sample,16384,128,fused2,29,430851
measured,16384,128,tile8,262144,1048576,5,30,12,419073,447203,318e48fc80dadb1f,a09bc0e13ecf9bf8,none,none
sample,16384,128,tile8,0,450861
sample,16384,128,tile8,1,447203
sample,16384,128,tile8,2,421009
sample,16384,128,tile8,3,419731
sample,16384,128,tile8,4,410490
sample,16384,128,tile8,5,422091
sample,16384,128,tile8,6,422564
sample,16384,128,tile8,7,417294
sample,16384,128,tile8,8,412248
sample,16384,128,tile8,9,413657
sample,16384,128,tile8,10,409045
sample,16384,128,tile8,11,419990
sample,16384,128,tile8,12,423230
sample,16384,128,tile8,13,416045
sample,16384,128,tile8,14,425916
sample,16384,128,tile8,15,419073
sample,16384,128,tile8,16,410554
sample,16384,128,tile8,17,420046
sample,16384,128,tile8,18,412740
sample,16384,128,tile8,19,407897
sample,16384,128,tile8,20,413582
sample,16384,128,tile8,21,420017
sample,16384,128,tile8,22,423378
sample,16384,128,tile8,23,417870
sample,16384,128,tile8,24,425155
sample,16384,128,tile8,25,423489
sample,16384,128,tile8,26,414017
sample,16384,128,tile8,27,421082
sample,16384,128,tile8,28,411953
sample,16384,128,tile8,29,413887
measured,16384,512,vec4,1048576,4194304,5,30,14,491267,497526,08b87a1ca99fa7b8,cc66b7b8fae87df4,none,none
sample,16384,512,vec4,0,491887
sample,16384,512,vec4,1,491637
sample,16384,512,vec4,2,505766
sample,16384,512,vec4,3,491462
sample,16384,512,vec4,4,491489
sample,16384,512,vec4,5,491007
sample,16384,512,vec4,6,491675
sample,16384,512,vec4,7,490684
sample,16384,512,vec4,8,493600
sample,16384,512,vec4,9,497221
sample,16384,512,vec4,10,491138
sample,16384,512,vec4,11,497526
sample,16384,512,vec4,12,489053
sample,16384,512,vec4,13,494692
sample,16384,512,vec4,14,493249
sample,16384,512,vec4,15,490915
sample,16384,512,vec4,16,487767
sample,16384,512,vec4,17,488952
sample,16384,512,vec4,18,487490
sample,16384,512,vec4,19,490063
sample,16384,512,vec4,20,495924
sample,16384,512,vec4,21,492323
sample,16384,512,vec4,22,489694
sample,16384,512,vec4,23,490563
sample,16384,512,vec4,24,490435
sample,16384,512,vec4,25,487470
sample,16384,512,vec4,26,490609
sample,16384,512,vec4,27,493999
sample,16384,512,vec4,28,492840
sample,16384,512,vec4,29,491267
measured,16384,512,fused2,1048576,4194304,5,30,13,463841,475415,08b87a1ca99fa7b8,cc66b7b8fae87df4,none,none
sample,16384,512,fused2,0,463157
sample,16384,512,fused2,1,468507
sample,16384,512,fused2,2,462739
sample,16384,512,fused2,3,467675
sample,16384,512,fused2,4,464397
sample,16384,512,fused2,5,467527
sample,16384,512,fused2,6,464638
sample,16384,512,fused2,7,462425
sample,16384,512,fused2,8,463258
sample,16384,512,fused2,9,464276
sample,16384,512,fused2,10,464851
sample,16384,512,fused2,11,466878
sample,16384,512,fused2,12,473036
sample,16384,512,fused2,13,466591
sample,16384,512,fused2,14,464971
sample,16384,512,fused2,15,463841
sample,16384,512,fused2,16,463712
sample,16384,512,fused2,17,462740
sample,16384,512,fused2,18,462619
sample,16384,512,fused2,19,484314
sample,16384,512,fused2,20,463776
sample,16384,512,fused2,21,463572
sample,16384,512,fused2,22,462795
sample,16384,512,fused2,23,460127
sample,16384,512,fused2,24,461674
sample,16384,512,fused2,25,461739
sample,16384,512,fused2,26,456564
sample,16384,512,fused2,27,475415
sample,16384,512,fused2,28,463879
sample,16384,512,fused2,29,474934
measured,16384,512,tile8,1048576,4194304,5,30,12,453860,465174,08b87a1ca99fa7b8,cc66b7b8fae87df4,none,none
sample,16384,512,tile8,0,452331
sample,16384,512,tile8,1,453564
sample,16384,512,tile8,2,461990
sample,16384,512,tile8,3,454933
sample,16384,512,tile8,4,454405
sample,16384,512,tile8,5,465174
sample,16384,512,tile8,6,454488
sample,16384,512,tile8,7,459758
sample,16384,512,tile8,8,452471
sample,16384,512,tile8,9,447342
sample,16384,512,tile8,10,459610
sample,16384,512,tile8,11,453860
sample,16384,512,tile8,12,458703
sample,16384,512,tile8,13,450361
sample,16384,512,tile8,14,467618
sample,16384,512,tile8,15,452222
sample,16384,512,tile8,16,454175
sample,16384,512,tile8,17,451007
sample,16384,512,tile8,18,450194
sample,16384,512,tile8,19,455785
sample,16384,512,tile8,20,454203
sample,16384,512,tile8,21,450943
sample,16384,512,tile8,22,461498
sample,16384,512,tile8,23,451944
sample,16384,512,tile8,24,452286
sample,16384,512,tile8,25,447971
sample,16384,512,tile8,26,450258
sample,16384,512,tile8,27,453905
sample,16384,512,tile8,28,452962
sample,16384,512,tile8,29,454063
measured,16384,2048,vec4,4194304,16777216,5,30,14,561341,629053,6be3b72c15a212b9,3199380bd5011e6c,none,none
sample,16384,2048,vec4,0,542721
sample,16384,2048,vec4,1,539165
sample,16384,2048,vec4,2,565526
sample,16384,2048,vec4,3,560026
sample,16384,2048,vec4,4,569757
sample,16384,2048,vec4,5,557859
sample,16384,2048,vec4,6,562887
sample,16384,2048,vec4,7,561906
sample,16384,2048,vec4,8,557453
sample,16384,2048,vec4,9,561341
sample,16384,2048,vec4,10,558906
sample,16384,2048,vec4,11,562007
sample,16384,2048,vec4,12,629053
sample,16384,2048,vec4,13,554035
sample,16384,2048,vec4,14,568628
sample,16384,2048,vec4,15,557517
sample,16384,2048,vec4,16,1091932
sample,16384,2048,vec4,17,573610
sample,16384,2048,vec4,18,577387
sample,16384,2048,vec4,19,568286
sample,16384,2048,vec4,20,576072
sample,16384,2048,vec4,21,566804
sample,16384,2048,vec4,22,576360
sample,16384,2048,vec4,23,560285
sample,16384,2048,vec4,24,559748
sample,16384,2048,vec4,25,559767
sample,16384,2048,vec4,26,575017
sample,16384,2048,vec4,27,558120
sample,16384,2048,vec4,28,558202
sample,16384,2048,vec4,29,558683
measured,16384,2048,fused2,4194304,16777216,5,30,13,528981,557749,6be3b72c15a212b9,3199380bd5011e6c,none,none
sample,16384,2048,fused2,0,507212
sample,16384,2048,fused2,1,524674
sample,16384,2048,fused2,2,527387
sample,16384,2048,fused2,3,528842
sample,16384,2048,fused2,4,529674
sample,16384,2048,fused2,5,525452
sample,16384,2048,fused2,6,526137
sample,16384,2048,fused2,7,530137
sample,16384,2048,fused2,8,531731
sample,16384,2048,fused2,9,524842
sample,16384,2048,fused2,10,530387
sample,16384,2048,fused2,11,525924
sample,16384,2048,fused2,12,529887
sample,16384,2048,fused2,13,525240
sample,16384,2048,fused2,14,530157
sample,16384,2048,fused2,15,523935
sample,16384,2048,fused2,16,657517
sample,16384,2048,fused2,17,542675
sample,16384,2048,fused2,18,557749
sample,16384,2048,fused2,19,532221
sample,16384,2048,fused2,20,526249
sample,16384,2048,fused2,21,532257
sample,16384,2048,fused2,22,535646
sample,16384,2048,fused2,23,531655
sample,16384,2048,fused2,24,541665
sample,16384,2048,fused2,25,528870
sample,16384,2048,fused2,26,528981
sample,16384,2048,fused2,27,531647
sample,16384,2048,fused2,28,526979
sample,16384,2048,fused2,29,524989
measured,16384,2048,tile8,4194304,16777216,5,30,12,574239,607758,6be3b72c15a212b9,3199380bd5011e6c,none,none
sample,16384,2048,tile8,0,556990
sample,16384,2048,tile8,1,558674
sample,16384,2048,tile8,2,574137
sample,16384,2048,tile8,3,572370
sample,16384,2048,tile8,4,572814
sample,16384,2048,tile8,5,575146
sample,16384,2048,tile8,6,574239
sample,16384,2048,tile8,7,570109
sample,16384,2048,tile8,8,573027
sample,16384,2048,tile8,9,569554
sample,16384,2048,tile8,10,570757
sample,16384,2048,tile8,11,572164
sample,16384,2048,tile8,12,573563
sample,16384,2048,tile8,13,574776
sample,16384,2048,tile8,14,570739
sample,16384,2048,tile8,15,574859
sample,16384,2048,tile8,16,608878
sample,16384,2048,tile8,17,607758
sample,16384,2048,tile8,18,585768
sample,16384,2048,tile8,19,576046
sample,16384,2048,tile8,20,586099
sample,16384,2048,tile8,21,577785
sample,16384,2048,tile8,22,574193
sample,16384,2048,tile8,23,574609
sample,16384,2048,tile8,24,575368
sample,16384,2048,tile8,25,576128
sample,16384,2048,tile8,26,576989
sample,16384,2048,tile8,27,577646
sample,16384,2048,tile8,28,571443
sample,16384,2048,tile8,29,575312
measured,65536,128,vec4,1048576,4194304,5,30,16,554527,616360,9ec0db29a14c575b,4098921c6b362ecd,none,none
sample,65536,128,vec4,0,546194
sample,65536,128,vec4,1,576990
sample,65536,128,vec4,2,554721
sample,65536,128,vec4,3,560146
sample,65536,128,vec4,4,555101
sample,65536,128,vec4,5,560647
sample,65536,128,vec4,6,559962
sample,65536,128,vec4,7,553258
sample,65536,128,vec4,8,558479
sample,65536,128,vec4,9,616360
sample,65536,128,vec4,10,561767
sample,65536,128,vec4,11,552869
sample,65536,128,vec4,12,553702
sample,65536,128,vec4,13,555787
sample,65536,128,vec4,14,622229
sample,65536,128,vec4,15,555980
sample,65536,128,vec4,16,553814
sample,65536,128,vec4,17,550527
sample,65536,128,vec4,18,554527
sample,65536,128,vec4,19,554148
sample,65536,128,vec4,20,607276
sample,65536,128,vec4,21,553368
sample,65536,128,vec4,22,552350
sample,65536,128,vec4,23,553304
sample,65536,128,vec4,24,552286
sample,65536,128,vec4,25,605155
sample,65536,128,vec4,26,553508
sample,65536,128,vec4,27,559535
sample,65536,128,vec4,28,552683
sample,65536,128,vec4,29,549452
measured,65536,128,fused2,1048576,4194304,5,30,15,531100,541285,9ec0db29a14c575b,4098921c6b362ecd,none,none
sample,65536,128,fused2,0,529442
sample,65536,128,fused2,1,528563
sample,65536,128,fused2,2,531850
sample,65536,128,fused2,3,529007
sample,65536,128,fused2,4,531211
sample,65536,128,fused2,5,541285
sample,65536,128,fused2,6,531851
sample,65536,128,fused2,7,535258
sample,65536,128,fused2,8,533296
sample,65536,128,fused2,9,532202
sample,65536,128,fused2,10,530971
sample,65536,128,fused2,11,529619
sample,65536,128,fused2,12,533063
sample,65536,128,fused2,13,534359
sample,65536,128,fused2,14,542833
sample,65536,128,fused2,15,527055
sample,65536,128,fused2,16,537406
sample,65536,128,fused2,17,531313
sample,65536,128,fused2,18,531100
sample,65536,128,fused2,19,531396
sample,65536,128,fused2,20,528295
sample,65536,128,fused2,21,530860
sample,65536,128,fused2,22,530148
sample,65536,128,fused2,23,529776
sample,65536,128,fused2,24,531304
sample,65536,128,fused2,25,531507
sample,65536,128,fused2,26,527285
sample,65536,128,fused2,27,529729
sample,65536,128,fused2,28,527711
sample,65536,128,fused2,29,528804
measured,65536,128,tile8,1048576,4194304,5,30,14,517322,582147,9ec0db29a14c575b,4098921c6b362ecd,none,none
sample,65536,128,tile8,0,513137
sample,65536,128,tile8,1,514499
sample,65536,128,tile8,2,517157
sample,65536,128,tile8,3,518063
sample,65536,128,tile8,4,520054
sample,65536,128,tile8,5,516591
sample,65536,128,tile8,6,519100
sample,65536,128,tile8,7,582147
sample,65536,128,tile8,8,519035
sample,65536,128,tile8,9,516573
sample,65536,128,tile8,10,588416
sample,65536,128,tile8,11,517322
sample,65536,128,tile8,12,513573
sample,65536,128,tile8,13,519822
sample,65536,128,tile8,14,525055
sample,65536,128,tile8,15,516424
sample,65536,128,tile8,16,516776
sample,65536,128,tile8,17,510775
sample,65536,128,tile8,18,515118
sample,65536,128,tile8,19,516157
sample,65536,128,tile8,20,532971
sample,65536,128,tile8,21,514601
sample,65536,128,tile8,22,514813
sample,65536,128,tile8,23,517684
sample,65536,128,tile8,24,580137
sample,65536,128,tile8,25,515396
sample,65536,128,tile8,26,525425
sample,65536,128,tile8,27,518294
sample,65536,128,tile8,28,518036
sample,65536,128,tile8,29,525970
measured,65536,512,vec4,4194304,16777216,5,30,16,639868,656730,84d06402da633040,29115d73667dee45,none,none
sample,65536,512,vec4,0,641137
sample,65536,512,vec4,1,638229
sample,65536,512,vec4,2,640572
sample,65536,512,vec4,3,639868
sample,65536,512,vec4,4,635665
sample,65536,512,vec4,5,637619
sample,65536,512,vec4,6,637619
sample,65536,512,vec4,7,641221
sample,65536,512,vec4,8,643053
sample,65536,512,vec4,9,644127
sample,65536,512,vec4,10,627026
sample,65536,512,vec4,11,646081
sample,65536,512,vec4,12,632498
sample,65536,512,vec4,13,700359
sample,65536,512,vec4,14,630174
sample,65536,512,vec4,15,636702
sample,65536,512,vec4,16,642007
sample,65536,512,vec4,17,643433
sample,65536,512,vec4,18,656730
sample,65536,512,vec4,19,631859
sample,65536,512,vec4,20,643766
sample,65536,512,vec4,21,652961
sample,65536,512,vec4,22,630767
sample,65536,512,vec4,23,637859
sample,65536,512,vec4,24,638646
sample,65536,512,vec4,25,640794
sample,65536,512,vec4,26,650211
sample,65536,512,vec4,27,629915
sample,65536,512,vec4,28,630433
sample,65536,512,vec4,29,647229
measured,65536,512,fused2,4194304,16777216,5,30,15,612600,655943,84d06402da633040,29115d73667dee45,none,none
sample,65536,512,fused2,0,650433
sample,65536,512,fused2,1,606581
sample,65536,512,fused2,2,603998
sample,65536,512,fused2,3,609869
sample,65536,512,fused2,4,613433
sample,65536,512,fused2,5,608090
sample,65536,512,fused2,6,602655
sample,65536,512,fused2,7,607138
sample,65536,512,fused2,8,616748
sample,65536,512,fused2,9,613629
sample,65536,512,fused2,10,605322
sample,65536,512,fused2,11,615415
sample,65536,512,fused2,12,610156
sample,65536,512,fused2,13,606073
sample,65536,512,fused2,14,613257
sample,65536,512,fused2,15,600544
sample,65536,512,fused2,16,618266
sample,65536,512,fused2,17,607016
sample,65536,512,fused2,18,655943
sample,65536,512,fused2,19,616322
sample,65536,512,fused2,20,618831
sample,65536,512,fused2,21,613961
sample,65536,512,fused2,22,615387
sample,65536,512,fused2,23,623601
sample,65536,512,fused2,24,607137
sample,65536,512,fused2,25,611146
sample,65536,512,fused2,26,614544
sample,65536,512,fused2,27,664461
sample,65536,512,fused2,28,612600
sample,65536,512,fused2,29,609053
measured,65536,512,tile8,4194304,16777216,5,30,14,651239,699721,84d06402da633040,29115d73667dee45,none,none
sample,65536,512,tile8,0,702276
sample,65536,512,tile8,1,638748
sample,65536,512,tile8,2,643183
sample,65536,512,tile8,3,652729
sample,65536,512,tile8,4,660090
sample,65536,512,tile8,5,653451
sample,65536,512,tile8,6,653702
sample,65536,512,tile8,7,660424
sample,65536,512,tile8,8,651239
sample,65536,512,tile8,9,647868
sample,65536,512,tile8,10,639368
sample,65536,512,tile8,11,651147
sample,65536,512,tile8,12,699721
sample,65536,512,tile8,13,654341
sample,65536,512,tile8,14,643452
sample,65536,512,tile8,15,648378
sample,65536,512,tile8,16,655369
sample,65536,512,tile8,17,650007
sample,65536,512,tile8,18,646304
sample,65536,512,tile8,19,649619
sample,65536,512,tile8,20,658128
sample,65536,512,tile8,21,678414
sample,65536,512,tile8,22,653480
sample,65536,512,tile8,23,652044
sample,65536,512,tile8,24,649285
sample,65536,512,tile8,25,644981
sample,65536,512,tile8,26,690581
sample,65536,512,tile8,27,649869
sample,65536,512,tile8,28,655646
sample,65536,512,tile8,29,650674
skipped_limit,65536,2048,vec4,16777216,67108864,NA,NA,NA,NA,NA,NA,NA,cohort_dispatch_limit,none
skipped_limit,65536,2048,fused2,16777216,67108864,NA,NA,NA,NA,NA,NA,NA,cohort_dispatch_limit,none
skipped_limit,65536,2048,tile8,16777216,67108864,NA,NA,NA,NA,NA,NA,NA,cohort_dispatch_limit,none
measured,262144,128,vec4,4194304,16777216,5,30,18,734840,747239,603e59446e81431f,99960c282a7f4ca5,none,none
sample,262144,128,vec4,0,713618
sample,262144,128,vec4,1,719914
sample,262144,128,vec4,2,742868
sample,262144,128,vec4,3,726878
sample,262144,128,vec4,4,734840
sample,262144,128,vec4,5,733025
sample,262144,128,vec4,6,731183
sample,262144,128,vec4,7,721220
sample,262144,128,vec4,8,734767
sample,262144,128,vec4,9,735053
sample,262144,128,vec4,10,737961
sample,262144,128,vec4,11,733109
sample,262144,128,vec4,12,735396
sample,262144,128,vec4,13,749654
sample,262144,128,vec4,14,731924
sample,262144,128,vec4,15,727230
sample,262144,128,vec4,16,724480
sample,262144,128,vec4,17,739637
sample,262144,128,vec4,18,737147
sample,262144,128,vec4,19,742924
sample,262144,128,vec4,20,738786
sample,262144,128,vec4,21,737877
sample,262144,128,vec4,22,734915
sample,262144,128,vec4,23,744868
sample,262144,128,vec4,24,731100
sample,262144,128,vec4,25,730627
sample,262144,128,vec4,26,733868
sample,262144,128,vec4,27,741952
sample,262144,128,vec4,28,747239
sample,262144,128,vec4,29,739656
measured,262144,128,fused2,4194304,16777216,5,30,17,730285,740758,603e59446e81431f,99960c282a7f4ca5,none,none
sample,262144,128,fused2,0,709609
sample,262144,128,fused2,1,712896
sample,262144,128,fused2,2,740758
sample,262144,128,fused2,3,732276
sample,262144,128,fused2,4,727720
sample,262144,128,fused2,5,730285
sample,262144,128,fused2,6,710100
sample,262144,128,fused2,7,727100
sample,262144,128,fused2,8,715137
sample,262144,128,fused2,9,728683
sample,262144,128,fused2,10,730535
sample,262144,128,fused2,11,730933
sample,262144,128,fused2,12,731544
sample,262144,128,fused2,13,724906
sample,262144,128,fused2,14,724573
sample,262144,128,fused2,15,734202
sample,262144,128,fused2,16,728378
sample,262144,128,fused2,17,732536
sample,262144,128,fused2,18,727618
sample,262144,128,fused2,19,739720
sample,262144,128,fused2,20,739192
sample,262144,128,fused2,21,733711
sample,262144,128,fused2,22,742202
sample,262144,128,fused2,23,729526
sample,262144,128,fused2,24,727479
sample,262144,128,fused2,25,738683
sample,262144,128,fused2,26,736850
sample,262144,128,fused2,27,734211
sample,262144,128,fused2,28,732794
sample,262144,128,fused2,29,726683
measured,262144,128,tile8,4194304,16777216,5,30,16,774322,787998,603e59446e81431f,99960c282a7f4ca5,none,none
sample,262144,128,tile8,0,763071
sample,262144,128,tile8,1,755747
sample,262144,128,tile8,2,766628
sample,262144,128,tile8,3,777266
sample,262144,128,tile8,4,760664
sample,262144,128,tile8,5,773830
sample,262144,128,tile8,6,764859
sample,262144,128,tile8,7,768508
sample,262144,128,tile8,8,764090
sample,262144,128,tile8,9,768600
sample,262144,128,tile8,10,777368
sample,262144,128,tile8,11,773775
sample,262144,128,tile8,12,774655
sample,262144,128,tile8,13,771406
sample,262144,128,tile8,14,768127
sample,262144,128,tile8,15,773553
sample,262144,128,tile8,16,765322
sample,262144,128,tile8,17,779350
sample,262144,128,tile8,18,782081
sample,262144,128,tile8,19,774322
sample,262144,128,tile8,20,787998
sample,262144,128,tile8,21,781544
sample,262144,128,tile8,22,780461
sample,262144,128,tile8,23,780627
sample,262144,128,tile8,24,777581
sample,262144,128,tile8,25,788655
sample,262144,128,tile8,26,784710
sample,262144,128,tile8,27,784099
sample,262144,128,tile8,28,786775
sample,262144,128,tile8,29,779591
skipped_limit,262144,512,vec4,16777216,67108864,NA,NA,NA,NA,NA,NA,NA,cohort_dispatch_limit,none
skipped_limit,262144,512,fused2,16777216,67108864,NA,NA,NA,NA,NA,NA,NA,cohort_dispatch_limit,none
skipped_limit,262144,512,tile8,16777216,67108864,NA,NA,NA,NA,NA,NA,NA,cohort_dispatch_limit,none
skipped_limit,262144,2048,vec4,67108864,268435456,NA,NA,NA,NA,NA,NA,NA,cohort_dispatch_limit,none
skipped_limit,262144,2048,fused2,67108864,268435456,NA,NA,NA,NA,NA,NA,NA,cohort_dispatch_limit,none
skipped_limit,262144,2048,tile8,67108864,268435456,NA,NA,NA,NA,NA,NA,NA,cohort_dispatch_limit,none
skipped_limit,1048576,128,vec4,16777216,67108864,NA,NA,NA,NA,NA,NA,NA,cohort_dispatch_limit,none
skipped_limit,1048576,128,fused2,16777216,67108864,NA,NA,NA,NA,NA,NA,NA,cohort_dispatch_limit,none
skipped_limit,1048576,128,tile8,16777216,67108864,NA,NA,NA,NA,NA,NA,NA,cohort_dispatch_limit,none
skipped_limit,1048576,512,vec4,67108864,268435456,NA,NA,NA,NA,NA,NA,NA,cohort_dispatch_limit,none
skipped_limit,1048576,512,fused2,67108864,268435456,NA,NA,NA,NA,NA,NA,NA,cohort_dispatch_limit,none
skipped_limit,1048576,512,tile8,67108864,268435456,NA,NA,NA,NA,NA,NA,NA,cohort_dispatch_limit,none
skipped_limit,1048576,2048,vec4,268435456,1073741824,NA,NA,NA,NA,NA,NA,NA,cohort_dispatch_limit,none
skipped_limit,1048576,2048,fused2,268435456,1073741824,NA,NA,NA,NA,NA,NA,NA,cohort_dispatch_limit,none
skipped_limit,1048576,2048,tile8,268435456,1073741824,NA,NA,NA,NA,NA,NA,NA,cohort_dispatch_limit,none
qualification_status=complete
