benchmark=pvp3d_three_candidate_same_device
source_revision=2fc5ad2ca4f5c27e2b1fdbb0ed328e6820e273af
explicit_map_transition=true
adapter=NVIDIA Tegra NVIDIA Thor
backend=Vulkan
device_type=IntegratedGpu
vendor_id=4318
device_id=11008
driver=NVIDIA
driver_info=580.00
hardware_measurement_eligible=true
physical_admission=external_remoteops_evidence_required
performance_claim=none
primary_timing_scope=resident_encode_plus_queue_submit_plus_device_wait
state_reset_scope=completed_before_timer
correctness_readback_scope=before_and_after_timing
candidate_order=ABC_ACB_BAC_BCA_CAB_CBA
resident_payload_scope=source_plus_three_states_excludes_driver_uniforms_and_readback
status,k,g,candidate,state_bytes,resident_payload_bytes,warmups,repeats,logical_dispatches,p50_ns,p95_ns,input_checksum,output_checksum,skip_reason,performance_claim
measured,256,128,vec4,4096,16384,5,30,8,232721,272342,4c67926a9205d7b4,956299587c8af4b4,none,none
sample,256,128,vec4,0,232721
sample,256,128,vec4,1,232471
sample,256,128,vec4,2,227906
sample,256,128,vec4,3,231341
sample,256,128,vec4,4,231786
sample,256,128,vec4,5,240934
sample,256,128,vec4,6,234591
sample,256,128,vec4,7,256222
sample,256,128,vec4,8,226768
sample,256,128,vec4,9,224555
sample,256,128,vec4,10,227704
sample,256,128,vec4,11,223675
sample,256,128,vec4,12,225175
sample,256,128,vec4,13,230712
sample,256,128,vec4,14,233851
sample,256,128,vec4,15,236101
sample,256,128,vec4,16,296323
sample,256,128,vec4,17,229527
sample,256,128,vec4,18,234517
sample,256,128,vec4,19,230898
sample,256,128,vec4,20,230869
sample,256,128,vec4,21,228823
sample,256,128,vec4,22,233120
sample,256,128,vec4,23,234157
sample,256,128,vec4,24,235045
sample,256,128,vec4,25,237804
sample,256,128,vec4,26,272342
sample,256,128,vec4,27,235880
sample,256,128,vec4,28,232739
sample,256,128,vec4,29,237499
measured,256,128,fused2,4096,16384,5,30,7,210878,250304,4c67926a9205d7b4,956299587c8af4b4,none,none
sample,256,128,fused2,0,209907
sample,256,128,fused2,1,212740
sample,256,128,fused2,2,205749
sample,256,128,fused2,3,208750
sample,256,128,fused2,4,209324
sample,256,128,fused2,5,206878
sample,256,128,fused2,6,214804
sample,256,128,fused2,7,210268
sample,256,128,fused2,8,202462
sample,256,128,fused2,9,201528
sample,256,128,fused2,10,204408
sample,256,128,fused2,11,207184
sample,256,128,fused2,12,205657
sample,256,128,fused2,13,207055
sample,256,128,fused2,14,208510
sample,256,128,fused2,15,211592
sample,256,128,fused2,16,214537
sample,256,128,fused2,17,250304
sample,256,128,fused2,18,207721
sample,256,128,fused2,19,211870
sample,256,128,fused2,20,212545
sample,256,128,fused2,21,216129
sample,256,128,fused2,22,215417
sample,256,128,fused2,23,210878
sample,256,128,fused2,24,216222
sample,256,128,fused2,25,211156
sample,256,128,fused2,26,376925
sample,256,128,fused2,27,215425
sample,256,128,fused2,28,216897
sample,256,128,fused2,29,214323
measured,256,128,tile8,4096,16384,5,30,6,184537,196110,4c67926a9205d7b4,956299587c8af4b4,none,none
sample,256,128,tile8,0,188221
sample,256,128,tile8,1,187130
sample,256,128,tile8,2,183453
sample,256,128,tile8,3,183610
sample,256,128,tile8,4,183934
sample,256,128,tile8,5,184037
sample,256,128,tile8,6,200463
sample,256,128,tile8,7,182620
sample,256,128,tile8,8,183574
sample,256,128,tile8,9,180731
sample,256,128,tile8,10,182111
sample,256,128,tile8,11,179314
sample,256,128,tile8,12,183038
sample,256,128,tile8,13,184841
sample,256,128,tile8,14,185435
sample,256,128,tile8,15,182638
sample,256,128,tile8,16,190472
sample,256,128,tile8,17,184537
sample,256,128,tile8,18,188528
sample,256,128,tile8,19,183295
sample,256,128,tile8,20,186009
sample,256,128,tile8,21,186536
sample,256,128,tile8,22,185258
sample,256,128,tile8,23,183073
sample,256,128,tile8,24,183203
sample,256,128,tile8,25,188018
sample,256,128,tile8,26,194814
sample,256,128,tile8,27,190046
sample,256,128,tile8,28,189797
sample,256,128,tile8,29,196110
measured,256,512,vec4,16384,65536,5,30,8,248267,273389,38bbe1f688e24d78,1c8bb372f8f1302e,none,none
sample,256,512,vec4,0,238953
sample,256,512,vec4,1,237582
sample,256,512,vec4,2,239833
sample,256,512,vec4,3,242638
sample,256,512,vec4,4,241230
sample,256,512,vec4,5,269435
sample,256,512,vec4,6,273389
sample,256,512,vec4,7,240767
sample,256,512,vec4,8,240592
sample,256,512,vec4,9,249851
sample,256,512,vec4,10,241370
sample,256,512,vec4,11,248267
sample,256,512,vec4,12,247082
sample,256,512,vec4,13,249555
sample,256,512,vec4,14,247656
sample,256,512,vec4,15,245796
sample,256,512,vec4,16,244416
sample,256,512,vec4,17,253360
sample,256,512,vec4,18,247777
sample,256,512,vec4,19,247249
sample,256,512,vec4,20,253805
sample,256,512,vec4,21,252499
sample,256,512,vec4,22,252453
sample,256,512,vec4,23,248758
sample,256,512,vec4,24,248804
sample,256,512,vec4,25,252481
sample,256,512,vec4,26,251203
sample,256,512,vec4,27,267045
sample,256,512,vec4,28,265638
sample,256,512,vec4,29,329499
measured,256,512,fused2,16384,65536,5,30,7,223897,268915,38bbe1f688e24d78,1c8bb372f8f1302e,none,none
sample,256,512,fused2,0,214148
sample,256,512,fused2,1,216397
sample,256,512,fused2,2,216592
sample,256,512,fused2,3,218741
sample,256,512,fused2,4,214239
sample,256,512,fused2,5,230139
sample,256,512,fused2,6,217518
sample,256,512,fused2,7,215268
sample,256,512,fused2,8,214870
sample,256,512,fused2,9,221277
sample,256,512,fused2,10,220518
sample,256,512,fused2,11,223897
sample,256,512,fused2,12,226148
sample,256,512,fused2,13,222323
sample,256,512,fused2,14,222804
sample,256,512,fused2,15,224425
sample,256,512,fused2,16,497665
sample,256,512,fused2,17,232009
sample,256,512,fused2,18,226369
sample,256,512,fused2,19,230415
sample,256,512,fused2,20,268915
sample,256,512,fused2,21,228434
sample,256,512,fused2,22,228445
sample,256,512,fused2,23,222666
sample,256,512,fused2,24,222555
sample,256,512,fused2,25,225777
sample,256,512,fused2,26,226102
sample,256,512,fused2,27,229323
sample,256,512,fused2,28,257443
sample,256,512,fused2,29,236666
measured,256,512,tile8,16384,65536,5,30,6,199518,229008,38bbe1f688e24d78,1c8bb372f8f1302e,none,none
sample,256,512,tile8,0,191351
sample,256,512,tile8,1,193119
sample,256,512,tile8,2,192741
sample,256,512,tile8,3,191999
sample,256,512,tile8,4,192360
sample,256,512,tile8,5,227084
sample,256,512,tile8,6,195591
sample,256,512,tile8,7,198258
sample,256,512,tile8,8,196870
sample,256,512,tile8,9,199518
sample,256,512,tile8,10,195795
sample,256,512,tile8,11,197027
sample,256,512,tile8,12,198314
sample,256,512,tile8,13,197880
sample,256,512,tile8,14,200758
sample,256,512,tile8,15,199685
sample,256,512,tile8,16,199324
sample,256,512,tile8,17,229008
sample,256,512,tile8,18,202740
sample,256,512,tile8,19,243861
sample,256,512,tile8,20,203776
sample,256,512,tile8,21,205536
sample,256,512,tile8,22,210184
sample,256,512,tile8,23,198926
sample,256,512,tile8,24,209462
sample,256,512,tile8,25,202545
sample,256,512,tile8,26,202667
sample,256,512,tile8,27,204600
sample,256,512,tile8,28,208018
sample,256,512,tile8,29,212157
measured,256,2048,vec4,65536,262144,5,30,8,227259,267981,c9e538e9f9dccedd,259153fc2c7bc4e7,none,none
sample,256,2048,vec4,0,226722
sample,256,2048,vec4,1,228425
sample,256,2048,vec4,2,226990
sample,256,2048,vec4,3,226583
sample,256,2048,vec4,4,228277
sample,256,2048,vec4,5,228185
sample,256,2048,vec4,6,231092
sample,256,2048,vec4,7,267981
sample,256,2048,vec4,8,228925
sample,256,2048,vec4,9,229601
sample,256,2048,vec4,10,227055
sample,256,2048,vec4,11,228786
sample,256,2048,vec4,12,225814
sample,256,2048,vec4,13,227156
sample,256,2048,vec4,14,227444
sample,256,2048,vec4,15,224990
sample,256,2048,vec4,16,224676
sample,256,2048,vec4,17,273045
sample,256,2048,vec4,18,226591
sample,256,2048,vec4,19,226342
sample,256,2048,vec4,20,225454
sample,256,2048,vec4,21,228055
sample,256,2048,vec4,22,227000
sample,256,2048,vec4,23,227259
sample,256,2048,vec4,24,225074
sample,256,2048,vec4,25,224073
sample,256,2048,vec4,26,230536
sample,256,2048,vec4,27,234231
sample,256,2048,vec4,28,229962
sample,256,2048,vec4,29,228518
measured,256,2048,fused2,65536,262144,5,30,7,204657,252305,c9e538e9f9dccedd,259153fc2c7bc4e7,none,none
sample,256,2048,fused2,0,205387
sample,256,2048,fused2,1,209593
sample,256,2048,fused2,2,204824
sample,256,2048,fused2,3,204620
sample,256,2048,fused2,4,204610
sample,256,2048,fused2,5,203898
sample,256,2048,fused2,6,252305
sample,256,2048,fused2,7,208555
sample,256,2048,fused2,8,207712
sample,256,2048,fused2,9,204471
sample,256,2048,fused2,10,204223
sample,256,2048,fused2,11,209693
sample,256,2048,fused2,12,203212
sample,256,2048,fused2,13,203878
sample,256,2048,fused2,14,202814
sample,256,2048,fused2,15,203462
sample,256,2048,fused2,16,256971
sample,256,2048,fused2,17,213619
sample,256,2048,fused2,18,213554
sample,256,2048,fused2,19,203536
sample,256,2048,fused2,20,203101
sample,256,2048,fused2,21,204897
sample,256,2048,fused2,22,204925
sample,256,2048,fused2,23,202286
sample,256,2048,fused2,24,204657
sample,256,2048,fused2,25,204278
sample,256,2048,fused2,26,203658
sample,256,2048,fused2,27,213712
sample,256,2048,fused2,28,207064
sample,256,2048,fused2,29,205741
measured,256,2048,tile8,65536,262144,5,30,6,187989,208526,c9e538e9f9dccedd,259153fc2c7bc4e7,none,none
sample,256,2048,tile8,0,186749
sample,256,2048,tile8,1,189786
sample,256,2048,tile8,2,188147
sample,256,2048,tile8,3,186732
sample,256,2048,tile8,4,188526
sample,256,2048,tile8,5,186222
sample,256,2048,tile8,6,208526
sample,256,2048,tile8,7,229768
sample,256,2048,tile8,8,186602
sample,256,2048,tile8,9,185369
sample,256,2048,tile8,10,189425
sample,256,2048,tile8,11,186787
sample,256,2048,tile8,12,189166
sample,256,2048,tile8,13,187989
sample,256,2048,tile8,14,186602
sample,256,2048,tile8,15,186925
sample,256,2048,tile8,16,186519
sample,256,2048,tile8,17,207739
sample,256,2048,tile8,18,186093
sample,256,2048,tile8,19,186573
sample,256,2048,tile8,20,188870
sample,256,2048,tile8,21,187416
sample,256,2048,tile8,22,197055
sample,256,2048,tile8,23,186657
sample,256,2048,tile8,24,188416
sample,256,2048,tile8,25,189499
sample,256,2048,tile8,26,187120
sample,256,2048,tile8,27,189676
sample,256,2048,tile8,28,193019
sample,256,2048,tile8,29,189878
measured,1024,128,vec4,16384,65536,5,30,10,296656,319934,26abf5bddd03bbc5,79acd556594188cd,none,none
sample,1024,128,vec4,0,307304
sample,1024,128,vec4,1,284379
sample,1024,128,vec4,2,284018
sample,1024,128,vec4,3,286536
sample,1024,128,vec4,4,285962
sample,1024,128,vec4,5,283388
sample,1024,128,vec4,6,287740
sample,1024,128,vec4,7,293147
sample,1024,128,vec4,8,290805
sample,1024,128,vec4,9,291712
sample,1024,128,vec4,10,309795
sample,1024,128,vec4,11,319934
sample,1024,128,vec4,12,300406
sample,1024,128,vec4,13,296499
sample,1024,128,vec4,14,294591
sample,1024,128,vec4,15,300980
sample,1024,128,vec4,16,346731
sample,1024,128,vec4,17,296656
sample,1024,128,vec4,18,292314
sample,1024,128,vec4,19,294333
sample,1024,128,vec4,20,295408
sample,1024,128,vec4,21,301388
sample,1024,128,vec4,22,305952
sample,1024,128,vec4,23,303777
sample,1024,128,vec4,24,301712
sample,1024,128,vec4,25,300277
sample,1024,128,vec4,26,303777
sample,1024,128,vec4,27,308471
sample,1024,128,vec4,28,303489
sample,1024,128,vec4,29,309916
measured,1024,128,fused2,16384,65536,5,30,9,274656,353629,26abf5bddd03bbc5,79acd556594188cd,none,none
sample,1024,128,fused2,0,276462
sample,1024,128,fused2,1,263026
sample,1024,128,fused2,2,263489
sample,1024,128,fused2,3,262443
sample,1024,128,fused2,4,266573
sample,1024,128,fused2,5,261731
sample,1024,128,fused2,6,266758
sample,1024,128,fused2,7,275138
sample,1024,128,fused2,8,268554
sample,1024,128,fused2,9,266943
sample,1024,128,fused2,10,288388
sample,1024,128,fused2,11,357851
sample,1024,128,fused2,12,273869
sample,1024,128,fused2,13,270971
sample,1024,128,fused2,14,267137
sample,1024,128,fused2,15,269212
sample,1024,128,fused2,16,274656
sample,1024,128,fused2,17,270776
sample,1024,128,fused2,18,272628
sample,1024,128,fused2,19,280240
sample,1024,128,fused2,20,274842
sample,1024,128,fused2,21,275537
sample,1024,128,fused2,22,353629
sample,1024,128,fused2,23,284943
sample,1024,128,fused2,24,276509
sample,1024,128,fused2,25,277888
sample,1024,128,fused2,26,283518
sample,1024,128,fused2,27,284526
sample,1024,128,fused2,28,280407
sample,1024,128,fused2,29,284527
measured,1024,128,tile8,16384,65536,5,30,8,245647,280666,26abf5bddd03bbc5,79acd556594188cd,none,none
sample,1024,128,tile8,0,236647
sample,1024,128,tile8,1,237165
sample,1024,128,tile8,2,239370
sample,1024,128,tile8,3,238776
sample,1024,128,tile8,4,240379
sample,1024,128,tile8,5,243721
sample,1024,128,tile8,6,241906
sample,1024,128,tile8,7,240952
sample,1024,128,tile8,8,241620
sample,1024,128,tile8,9,241721
sample,1024,128,tile8,10,240638
sample,1024,128,tile8,11,637359
sample,1024,128,tile8,12,247740
sample,1024,128,tile8,13,243591
sample,1024,128,tile8,14,243277
sample,1024,128,tile8,15,249869
sample,1024,128,tile8,16,250703
sample,1024,128,tile8,17,244749
sample,1024,128,tile8,18,248444
sample,1024,128,tile8,19,245647
sample,1024,128,tile8,20,249037
sample,1024,128,tile8,21,248796
sample,1024,128,tile8,22,280666
sample,1024,128,tile8,23,249008
sample,1024,128,tile8,24,247621
sample,1024,128,tile8,25,247741
sample,1024,128,tile8,26,261888
sample,1024,128,tile8,27,250740
sample,1024,128,tile8,28,253110
sample,1024,128,tile8,29,251610
measured,1024,512,vec4,65536,262144,5,30,10,370749,447221,0949b62ffc70d026,7663f0c9d3466943,none,none
sample,1024,512,vec4,0,313730
sample,1024,512,vec4,1,313184
sample,1024,512,vec4,2,327360
sample,1024,512,vec4,3,321721
sample,1024,512,vec4,4,321416
sample,1024,512,vec4,5,319748
sample,1024,512,vec4,6,318472
sample,1024,512,vec4,7,325203
sample,1024,512,vec4,8,347795
sample,1024,512,vec4,9,362332
sample,1024,512,vec4,10,358101
sample,1024,512,vec4,11,359914
sample,1024,512,vec4,12,374073
sample,1024,512,vec4,13,447221
sample,1024,512,vec4,14,378499
sample,1024,512,vec4,15,378592
sample,1024,512,vec4,16,371305
sample,1024,512,vec4,17,395378
sample,1024,512,vec4,18,377138
sample,1024,512,vec4,19,727517
sample,1024,512,vec4,20,359388
sample,1024,512,vec4,21,389044
sample,1024,512,vec4,22,366119
sample,1024,512,vec4,23,427517
sample,1024,512,vec4,24,371962
sample,1024,512,vec4,25,370749
sample,1024,512,vec4,26,378341
sample,1024,512,vec4,27,386545
sample,1024,512,vec4,28,386508
sample,1024,512,vec4,29,386749
measured,1024,512,fused2,65536,262144,5,30,9,337018,456517,0949b62ffc70d026,7663f0c9d3466943,none,none
sample,1024,512,fused2,0,286545
sample,1024,512,fused2,1,290230
sample,1024,512,fused2,2,287249
sample,1024,512,fused2,3,291897
sample,1024,512,fused2,4,310981
sample,1024,512,fused2,5,332935
sample,1024,512,fused2,6,312258
sample,1024,512,fused2,7,296453
sample,1024,512,fused2,8,336795
sample,1024,512,fused2,9,329444
sample,1024,512,fused2,10,328443
sample,1024,512,fused2,11,332777
sample,1024,512,fused2,12,812478
sample,1024,512,fused2,13,350434
sample,1024,512,fused2,14,339841
sample,1024,512,fused2,15,337018
sample,1024,512,fused2,16,456517
sample,1024,512,fused2,17,341203
sample,1024,512,fused2,18,340332
sample,1024,512,fused2,19,339879
sample,1024,512,fused2,20,330981
sample,1024,512,fused2,21,342416
sample,1024,512,fused2,22,338314
sample,1024,512,fused2,23,338545
sample,1024,512,fused2,24,378462
sample,1024,512,fused2,25,336999
sample,1024,512,fused2,26,346897
sample,1024,512,fused2,27,352814
sample,1024,512,fused2,28,351860
sample,1024,512,fused2,29,353045
measured,1024,512,tile8,65536,262144,5,30,8,310712,392562,0949b62ffc70d026,7663f0c9d3466943,none,none
sample,1024,512,tile8,0,267008
sample,1024,512,tile8,1,267537
sample,1024,512,tile8,2,267952
sample,1024,512,tile8,3,267656
sample,1024,512,tile8,4,269676
sample,1024,512,tile8,5,279156
sample,1024,512,tile8,6,281202
sample,1024,512,tile8,7,276897
sample,1024,512,tile8,8,305518
sample,1024,512,tile8,9,298870
sample,1024,512,tile8,10,308536
sample,1024,512,tile8,11,310027
sample,1024,512,tile8,12,476803
sample,1024,512,tile8,13,370027
sample,1024,512,tile8,14,313591
sample,1024,512,tile8,15,392562
sample,1024,512,tile8,16,313953
sample,1024,512,tile8,17,328490
sample,1024,512,tile8,18,369740
sample,1024,512,tile8,19,314286
sample,1024,512,tile8,20,319398
sample,1024,512,tile8,21,309767
sample,1024,512,tile8,22,310712
sample,1024,512,tile8,23,312175
sample,1024,512,tile8,24,319212
sample,1024,512,tile8,25,309749
sample,1024,512,tile8,26,325008
sample,1024,512,tile8,27,320259
sample,1024,512,tile8,28,331897
sample,1024,512,tile8,29,321980
measured,1024,2048,vec4,262144,1048576,5,30,10,592711,613488,2d4a1c573b9665e7,d32c613321b43c7f,none,none
sample,1024,2048,vec4,0,396527
sample,1024,2048,vec4,1,399813
sample,1024,2048,vec4,2,410295
sample,1024,2048,vec4,3,408674
sample,1024,2048,vec4,4,583998
sample,1024,2048,vec4,5,582046
sample,1024,2048,vec4,6,591590
sample,1024,2048,vec4,7,598887
sample,1024,2048,vec4,8,592711
sample,1024,2048,vec4,9,594620
sample,1024,2048,vec4,10,581721
sample,1024,2048,vec4,11,599859
sample,1024,2048,vec4,12,580915
sample,1024,2048,vec4,13,596230
sample,1024,2048,vec4,14,597239
sample,1024,2048,vec4,15,594637
sample,1024,2048,vec4,16,603664
sample,1024,2048,vec4,17,599869
sample,1024,2048,vec4,18,601248
sample,1024,2048,vec4,19,580387
sample,1024,2048,vec4,20,579266
sample,1024,2048,vec4,21,584813
sample,1024,2048,vec4,22,596831
sample,1024,2048,vec4,23,597849
sample,1024,2048,vec4,24,613488
sample,1024,2048,vec4,25,595257
sample,1024,2048,vec4,26,583146
sample,1024,2048,vec4,27,582767
sample,1024,2048,vec4,28,654906
sample,1024,2048,vec4,29,596851
measured,1024,2048,fused2,262144,1048576,5,30,9,557128,576118,2d4a1c573b9665e7,d32c613321b43c7f,none,none
sample,1024,2048,fused2,0,362129
sample,1024,2048,fused2,1,377794
sample,1024,2048,fused2,2,409314
sample,1024,2048,fused2,3,377701
sample,1024,2048,fused2,4,542406
sample,1024,2048,fused2,5,550479
sample,1024,2048,fused2,6,563424
sample,1024,2048,fused2,7,558091
sample,1024,2048,fused2,8,555360
sample,1024,2048,fused2,9,557961
sample,1024,2048,fused2,10,545897
sample,1024,2048,fused2,11,554915
sample,1024,2048,fused2,12,569081
sample,1024,2048,fused2,13,557128
sample,1024,2048,fused2,14,561238
sample,1024,2048,fused2,15,557943
sample,1024,2048,fused2,16,567100
sample,1024,2048,fused2,17,554786
sample,1024,2048,fused2,18,547221
sample,1024,2048,fused2,19,571016
sample,1024,2048,fused2,20,563054
sample,1024,2048,fused2,21,552183
sample,1024,2048,fused2,22,562933
sample,1024,2048,fused2,23,564350
sample,1024,2048,fused2,24,564877
sample,1024,2048,fused2,25,576118
sample,1024,2048,fused2,26,579738
sample,1024,2048,fused2,27,552582
sample,1024,2048,fused2,28,549007
sample,1024,2048,fused2,29,557924
measured,1024,2048,tile8,262144,1048576,5,30,8,536109,553758,2d4a1c573b9665e7,d32c613321b43c7f,none,none
sample,1024,2048,tile8,0,350971
sample,1024,2048,tile8,1,374230
sample,1024,2048,tile8,2,390045
sample,1024,2048,tile8,3,359786
sample,1024,2048,tile8,4,358397
sample,1024,2048,tile8,5,532703
sample,1024,2048,tile8,6,542377
sample,1024,2048,tile8,7,536109
sample,1024,2048,tile8,8,539877
sample,1024,2048,tile8,9,553758
sample,1024,2048,tile8,10,533174
sample,1024,2048,tile8,11,535026
sample,1024,2048,tile8,12,529850
sample,1024,2048,tile8,13,540054
sample,1024,2048,tile8,14,536405
sample,1024,2048,tile8,15,537507
sample,1024,2048,tile8,16,539277
sample,1024,2048,tile8,17,539564
sample,1024,2048,tile8,18,529415
sample,1024,2048,tile8,19,537516
sample,1024,2048,tile8,20,531442
sample,1024,2048,tile8,21,544479
sample,1024,2048,tile8,22,541416
sample,1024,2048,tile8,23,541212
sample,1024,2048,tile8,24,541118
sample,1024,2048,tile8,25,539804
sample,1024,2048,tile8,26,530905
sample,1024,2048,tile8,27,532304
sample,1024,2048,tile8,28,569221
sample,1024,2048,tile8,29,528665
measured,4096,128,vec4,65536,262144,5,30,12,488814,535072,d878e557b6daedce,8cc85ceb09c8efed,none,none
sample,4096,128,vec4,0,485841
sample,4096,128,vec4,1,491989
sample,4096,128,vec4,2,535072
sample,4096,128,vec4,3,483008
sample,4096,128,vec4,4,482155
sample,4096,128,vec4,5,495980
sample,4096,128,vec4,6,489887
sample,4096,128,vec4,7,490961
sample,4096,128,vec4,8,488989
sample,4096,128,vec4,9,491555
sample,4096,128,vec4,10,488137
sample,4096,128,vec4,11,489472
sample,4096,128,vec4,12,544888
sample,4096,128,vec4,13,485749
sample,4096,128,vec4,14,478405
sample,4096,128,vec4,15,481396
sample,4096,128,vec4,16,520461
sample,4096,128,vec4,17,480851
sample,4096,128,vec4,18,481118
sample,4096,128,vec4,19,484165
sample,4096,128,vec4,20,490776
sample,4096,128,vec4,21,489786
sample,4096,128,vec4,22,488480
sample,4096,128,vec4,23,488814
sample,4096,128,vec4,24,491721
sample,4096,128,vec4,25,494322
sample,4096,128,vec4,26,483971
sample,4096,128,vec4,27,484711
sample,4096,128,vec4,28,481351
sample,4096,128,vec4,29,510157
measured,4096,128,fused2,65536,262144,5,30,11,454203,500073,d878e557b6daedce,8cc85ceb09c8efed,none,none
sample,4096,128,fused2,0,448711
sample,4096,128,fused2,1,451323
sample,4096,128,fused2,2,482340
sample,4096,128,fused2,3,451712
sample,4096,128,fused2,4,458201
sample,4096,128,fused2,5,463971
sample,4096,128,fused2,6,457646
sample,4096,128,fused2,7,454638
sample,4096,128,fused2,8,453581
sample,4096,128,fused2,9,465572
sample,4096,128,fused2,10,455416
sample,4096,128,fused2,11,456961
sample,4096,128,fused2,12,456907
sample,4096,128,fused2,13,451461
sample,4096,128,fused2,14,447536
sample,4096,128,fused2,15,447407
sample,4096,128,fused2,16,474295
sample,4096,128,fused2,17,453175
sample,4096,128,fused2,18,451868
sample,4096,128,fused2,19,450972
sample,4096,128,fused2,20,453091
sample,4096,128,fused2,21,449962
sample,4096,128,fused2,22,455471
sample,4096,128,fused2,23,454313
sample,4096,128,fused2,24,500073
sample,4096,128,fused2,25,452091
sample,4096,128,fused2,26,454203
sample,4096,128,fused2,27,446767
sample,4096,128,fused2,28,456211
sample,4096,128,fused2,29,502416
measured,4096,128,tile8,65536,262144,5,30,10,423879,468146,d878e557b6daedce,8cc85ceb09c8efed,none,none
sample,4096,128,tile8,0,416768
sample,4096,128,tile8,1,428554
sample,4096,128,tile8,2,424193
sample,4096,128,tile8,3,418795
sample,4096,128,tile8,4,428008
sample,4096,128,tile8,5,420341
sample,4096,128,tile8,6,424489
sample,4096,128,tile8,7,430803
sample,4096,128,tile8,8,431712
sample,4096,128,tile8,9,425516
sample,4096,128,tile8,10,425647
sample,4096,128,tile8,11,423508
sample,4096,128,tile8,12,424877
sample,4096,128,tile8,13,421851
sample,4096,128,tile8,14,419053
sample,4096,128,tile8,15,416609
sample,4096,128,tile8,16,482313
sample,4096,128,tile8,17,425072
sample,4096,128,tile8,18,419850
sample,4096,128,tile8,19,419331
sample,4096,128,tile8,20,422489
sample,4096,128,tile8,21,428137
sample,4096,128,tile8,22,423879
sample,4096,128,tile8,23,424749
sample,4096,128,tile8,24,468146
sample,4096,128,tile8,25,427601
sample,4096,128,tile8,26,422776
sample,4096,128,tile8,27,420194
sample,4096,128,tile8,28,414425
sample,4096,128,tile8,29,419990
measured,4096,512,vec4,262144,1048576,5,30,12,385092,494554,07e875993970433c,207dceeda1be3f5b,none,none
sample,4096,512,vec4,0,486794
sample,4096,512,vec4,1,491359
sample,4096,512,vec4,2,490684
sample,4096,512,vec4,3,491962
sample,4096,512,vec4,4,471869
sample,4096,512,vec4,5,376666
sample,4096,512,vec4,6,377342
sample,4096,512,vec4,7,494554
sample,4096,512,vec4,8,378999
sample,4096,512,vec4,9,376878
sample,4096,512,vec4,10,391850
sample,4096,512,vec4,11,380517
sample,4096,512,vec4,12,384100
sample,4096,512,vec4,13,381924
sample,4096,512,vec4,14,385092
sample,4096,512,vec4,15,413258
sample,4096,512,vec4,16,385008
sample,4096,512,vec4,17,383526
sample,4096,512,vec4,18,382675
sample,4096,512,vec4,19,435387
sample,4096,512,vec4,20,407277
sample,4096,512,vec4,21,442711
sample,4096,512,vec4,22,383479
sample,4096,512,vec4,23,381305
sample,4096,512,vec4,24,390646
sample,4096,512,vec4,25,383359
sample,4096,512,vec4,26,385017
sample,4096,512,vec4,27,489897
sample,4096,512,vec4,28,488470
sample,4096,512,vec4,29,534026
measured,4096,512,fused2,262144,1048576,5,30,11,359091,466675,07e875993970433c,207dceeda1be3f5b,none,none
sample,4096,512,fused2,0,451961
sample,4096,512,fused2,1,451979
sample,4096,512,fused2,2,471804
sample,4096,512,fused2,3,453331
sample,4096,512,fused2,4,353434
sample,4096,512,fused2,5,354794
sample,4096,512,fused2,6,466675
sample,4096,512,fused2,7,452110
sample,4096,512,fused2,8,444489
sample,4096,512,fused2,9,366110
sample,4096,512,fused2,10,362434
sample,4096,512,fused2,11,360462
sample,4096,512,fused2,12,355620
sample,4096,512,fused2,13,355740
sample,4096,512,fused2,14,356323
sample,4096,512,fused2,15,416045
sample,4096,512,fused2,16,357406
sample,4096,512,fused2,17,355888
sample,4096,512,fused2,18,356285
sample,4096,512,fused2,19,358731
sample,4096,512,fused2,20,359091
sample,4096,512,fused2,21,366897
sample,4096,512,fused2,22,354990
sample,4096,512,fused2,23,356739
sample,4096,512,fused2,24,359193
sample,4096,512,fused2,25,358758
sample,4096,512,fused2,26,351749
sample,4096,512,fused2,27,358842
sample,4096,512,fused2,28,454868
sample,4096,512,fused2,29,455322
measured,4096,512,tile8,262144,1048576,5,30,10,350758,450887,07e875993970433c,207dceeda1be3f5b,none,none
sample,4096,512,tile8,0,434341
sample,4096,512,tile8,1,435739
sample,4096,512,tile8,2,437739
sample,4096,512,tile8,3,435351
sample,4096,512,tile8,4,434303
sample,4096,512,tile8,5,344554
sample,4096,512,tile8,6,499535
sample,4096,512,tile8,7,436693
sample,4096,512,tile8,8,356702
sample,4096,512,tile8,9,349805
sample,4096,512,tile8,10,343684
sample,4096,512,tile8,11,350758
sample,4096,512,tile8,12,346092
sample,4096,512,tile8,13,344573
sample,4096,512,tile8,14,347666
sample,4096,512,tile8,15,363933
sample,4096,512,tile8,16,356600
sample,4096,512,tile8,17,344026
sample,4096,512,tile8,18,343665
sample,4096,512,tile8,19,345981
sample,4096,512,tile8,20,349332
sample,4096,512,tile8,21,353138
sample,4096,512,tile8,22,349694
sample,4096,512,tile8,23,345462
sample,4096,512,tile8,24,349980
sample,4096,512,tile8,25,346212
sample,4096,512,tile8,26,357627
sample,4096,512,tile8,27,450887
sample,4096,512,tile8,28,435555
sample,4096,512,tile8,29,439638
measured,4096,2048,vec4,1048576,4194304,5,30,12,551277,578350,4143a88e49ed614b,e0842ad8f72c0c9f,none,none
sample,4096,2048,vec4,0,544914
sample,4096,2048,vec4,1,548795
sample,4096,2048,vec4,2,549814
sample,4096,2048,vec4,3,549665
sample,4096,2048,vec4,4,552063
sample,4096,2048,vec4,5,552628
sample,4096,2048,vec4,6,557563
sample,4096,2048,vec4,7,548805
sample,4096,2048,vec4,8,551628
sample,4096,2048,vec4,9,580572
sample,4096,2048,vec4,10,555128
sample,4096,2048,vec4,11,546572
sample,4096,2048,vec4,12,543396
sample,4096,2048,vec4,13,551387
sample,4096,2048,vec4,14,550933
sample,4096,2048,vec4,15,550008
sample,4096,2048,vec4,16,552044
sample,4096,2048,vec4,17,547090
sample,4096,2048,vec4,18,543480
sample,4096,2048,vec4,19,578350
sample,4096,2048,vec4,20,540229
sample,4096,2048,vec4,21,553998
sample,4096,2048,vec4,22,551277
sample,4096,2048,vec4,23,555212
sample,4096,2048,vec4,24,541859
sample,4096,2048,vec4,25,551535
sample,4096,2048,vec4,26,551414
sample,4096,2048,vec4,27,558026
sample,4096,2048,vec4,28,548138
sample,4096,2048,vec4,29,554553
measured,4096,2048,fused2,1048576,4194304,5,30,11,512850,545794,4143a88e49ed614b,e0842ad8f72c0c9f,none,none
sample,4096,2048,fused2,0,514369
sample,4096,2048,fused2,1,513045
sample,4096,2048,fused2,2,522462
sample,4096,2048,fused2,3,515915
sample,4096,2048,fused2,4,514961
sample,4096,2048,fused2,5,510896
sample,4096,2048,fused2,6,545794
sample,4096,2048,fused2,7,504314
sample,4096,2048,fused2,8,508184
sample,4096,2048,fused2,9,506915
sample,4096,2048,fused2,10,507248
sample,4096,2048,fused2,11,509943
sample,4096,2048,fused2,12,514627
sample,4096,2048,fused2,13,511221
sample,4096,2048,fused2,14,512989
sample,4096,2048,fused2,15,512999
sample,4096,2048,fused2,16,549044
sample,4096,2048,fused2,17,512850
sample,4096,2048,fused2,18,508415
sample,4096,2048,fused2,19,518702
sample,4096,2048,fused2,20,509266
sample,4096,2048,fused2,21,509526
sample,4096,2048,fused2,22,511444
sample,4096,2048,fused2,23,517897
sample,4096,2048,fused2,24,514758
sample,4096,2048,fused2,25,512711
sample,4096,2048,fused2,26,512683
sample,4096,2048,fused2,27,519461
sample,4096,2048,fused2,28,515369
sample,4096,2048,fused2,29,510555
measured,4096,2048,tile8,1048576,4194304,5,30,10,540767,585046,4143a88e49ed614b,e0842ad8f72c0c9f,none,none
sample,4096,2048,tile8,0,534118
sample,4096,2048,tile8,1,533295
sample,4096,2048,tile8,2,542119
sample,4096,2048,tile8,3,544063
sample,4096,2048,tile8,4,538369
sample,4096,2048,tile8,5,544377
sample,4096,2048,tile8,6,585110
sample,4096,2048,tile8,7,533980
sample,4096,2048,tile8,8,538137
sample,4096,2048,tile8,9,539164
sample,4096,2048,tile8,10,585046
sample,4096,2048,tile8,11,534628
sample,4096,2048,tile8,12,536591
sample,4096,2048,tile8,13,537119
sample,4096,2048,tile8,14,549479
sample,4096,2048,tile8,15,532138
sample,4096,2048,tile8,16,542027
sample,4096,2048,tile8,17,584220
sample,4096,2048,tile8,18,533924
sample,4096,2048,tile8,19,578378
sample,4096,2048,tile8,20,550627
sample,4096,2048,tile8,21,531377
sample,4096,2048,tile8,22,544757
sample,4096,2048,tile8,23,551453
sample,4096,2048,tile8,24,545951
sample,4096,2048,tile8,25,545127
sample,4096,2048,tile8,26,540767
sample,4096,2048,tile8,27,547905
sample,4096,2048,tile8,28,537554
sample,4096,2048,tile8,29,538184
measured,16384,128,vec4,262144,1048576,5,30,14,569174,591609,318e48fc80dadb1f,a09bc0e13ecf9bf8,none,none
sample,16384,128,vec4,0,570813
sample,16384,128,vec4,1,567851
sample,16384,128,vec4,2,574925
sample,16384,128,vec4,3,569609
sample,16384,128,vec4,4,568507
sample,16384,128,vec4,5,580887
sample,16384,128,vec4,6,591609
sample,16384,128,vec4,7,556748
sample,16384,128,vec4,8,560943
sample,16384,128,vec4,9,563009
sample,16384,128,vec4,10,563628
sample,16384,128,vec4,11,569896
sample,16384,128,vec4,12,576842
sample,16384,128,vec4,13,566591
sample,16384,128,vec4,14,568868
sample,16384,128,vec4,15,566868
sample,16384,128,vec4,16,565026
sample,16384,128,vec4,17,574054
sample,16384,128,vec4,18,569174
sample,16384,128,vec4,19,602701
sample,16384,128,vec4,20,562443
sample,16384,128,vec4,21,579368
sample,16384,128,vec4,22,562526
sample,16384,128,vec4,23,569313
sample,16384,128,vec4,24,566248
sample,16384,128,vec4,25,581341
sample,16384,128,vec4,26,569849
sample,16384,128,vec4,27,570435
sample,16384,128,vec4,28,568527
sample,16384,128,vec4,29,572026
measured,16384,128,fused2,262144,1048576,5,30,13,535341,556942,318e48fc80dadb1f,a09bc0e13ecf9bf8,none,none
sample,16384,128,fused2,0,532990
sample,16384,128,fused2,1,538508
sample,16384,128,fused2,2,539925
sample,16384,128,fused2,3,536980
sample,16384,128,fused2,4,534591
sample,16384,128,fused2,5,535341
sample,16384,128,fused2,6,537796
sample,16384,128,fused2,7,531072
sample,16384,128,fused2,8,523720
sample,16384,128,fused2,9,536546
sample,16384,128,fused2,10,530888
sample,16384,128,fused2,11,531683
sample,16384,128,fused2,12,540073
sample,16384,128,fused2,13,534868
sample,16384,128,fused2,14,535841
sample,16384,128,fused2,15,531377
sample,16384,128,fused2,16,539544
sample,16384,128,fused2,17,533183
sample,16384,128,fused2,18,556942
sample,16384,128,fused2,19,527879
sample,16384,128,fused2,20,531147
sample,16384,128,fused2,21,571711
sample,16384,128,fused2,22,532989
sample,16384,128,fused2,23,525703
sample,16384,128,fused2,24,534322
sample,16384,128,fused2,25,536035
sample,16384,128,fused2,26,538488
sample,16384,128,fused2,27,538406
sample,16384,128,fused2,28,538527
sample,16384,128,fused2,29,543304
measured,16384,128,tile8,262144,1048576,5,30,12,512583,538850,318e48fc80dadb1f,a09bc0e13ecf9bf8,none,none
sample,16384,128,tile8,0,518184
sample,16384,128,tile8,1,518768
sample,16384,128,tile8,2,511703
sample,16384,128,tile8,3,507240
sample,16384,128,tile8,4,505138
sample,16384,128,tile8,5,512813
sample,16384,128,tile8,6,508555
sample,16384,128,tile8,7,504535
sample,16384,128,tile8,8,538850
sample,16384,128,tile8,9,514490
sample,16384,128,tile8,10,510907
sample,16384,128,tile8,11,506841
sample,16384,128,tile8,12,517962
sample,16384,128,tile8,13,510573
sample,16384,128,tile8,14,517286
sample,16384,128,tile8,15,509804
sample,16384,128,tile8,16,512628
sample,16384,128,tile8,17,513396
sample,16384,128,tile8,18,523803
sample,16384,128,tile8,19,506369
sample,16384,128,tile8,20,518294
sample,16384,128,tile8,21,572369
sample,16384,128,tile8,22,506563
sample,16384,128,tile8,23,505915
sample,16384,128,tile8,24,519877
sample,16384,128,tile8,25,517239
sample,16384,128,tile8,26,512592
sample,16384,128,tile8,27,510786
sample,16384,128,tile8,28,512583
sample,16384,128,tile8,29,510999
measured,16384,512,vec4,1048576,4194304,5,30,14,636794,679072,08b87a1ca99fa7b8,cc66b7b8fae87df4,none,none
sample,16384,512,vec4,0,635850
sample,16384,512,vec4,1,649044
sample,16384,512,vec4,2,631647
sample,16384,512,vec4,3,635572
sample,16384,512,vec4,4,633701
sample,16384,512,vec4,5,634803
sample,16384,512,vec4,6,639081
sample,16384,512,vec4,7,635795
sample,16384,512,vec4,8,639832
sample,16384,512,vec4,9,639905
sample,16384,512,vec4,10,679072
sample,16384,512,vec4,11,626387
sample,16384,512,vec4,12,674072
sample,16384,512,vec4,13,625887
sample,16384,512,vec4,14,638054
sample,16384,512,vec4,15,635026
sample,16384,512,vec4,16,636794
sample,16384,512,vec4,17,956978
sample,16384,512,vec4,18,670016
sample,16384,512,vec4,19,658646
sample,16384,512,vec4,20,635165
sample,16384,512,vec4,21,639016
sample,16384,512,vec4,22,628183
sample,16384,512,vec4,23,635627
sample,16384,512,vec4,24,640572
sample,16384,512,vec4,25,637063
sample,16384,512,vec4,26,647359
sample,16384,512,vec4,27,636479
sample,16384,512,vec4,28,647684
sample,16384,512,vec4,29,621146
measured,16384,512,fused2,1048576,4194304,5,30,13,600517,627803,08b87a1ca99fa7b8,cc66b7b8fae87df4,none,none
sample,16384,512,fused2,0,607341
sample,16384,512,fused2,1,596064
sample,16384,512,fused2,2,590377
sample,16384,512,fused2,3,605785
sample,16384,512,fused2,4,597554
sample,16384,512,fused2,5,598887
sample,16384,512,fused2,6,616545
sample,16384,512,fused2,7,600878
sample,16384,512,fused2,8,604331
sample,16384,512,fused2,9,606350
sample,16384,512,fused2,10,597479
sample,16384,512,fused2,11,595887
sample,16384,512,fused2,12,659776
sample,16384,512,fused2,13,603424
sample,16384,512,fused2,14,594944
sample,16384,512,fused2,15,598674
sample,16384,512,fused2,16,600119
sample,16384,512,fused2,17,610091
sample,16384,512,fused2,18,608795
sample,16384,512,fused2,19,595665
sample,16384,512,fused2,20,591322
sample,16384,512,fused2,21,627803
sample,16384,512,fused2,22,606711
sample,16384,512,fused2,23,596896
sample,16384,512,fused2,24,607119
sample,16384,512,fused2,25,604572
sample,16384,512,fused2,26,596322
sample,16384,512,fused2,27,600517
sample,16384,512,fused2,28,602766
sample,16384,512,fused2,29,589721
measured,16384,512,tile8,1048576,4194304,5,30,12,622230,667553,08b87a1ca99fa7b8,cc66b7b8fae87df4,none,none
sample,16384,512,tile8,0,640035
sample,16384,512,tile8,1,633406
sample,16384,512,tile8,2,628415
sample,16384,512,tile8,3,623905
sample,16384,512,tile8,4,614433
sample,16384,512,tile8,5,621211
sample,16384,512,tile8,6,625414
sample,16384,512,tile8,7,621627
sample,16384,512,tile8,8,622230
sample,16384,512,tile8,9,620387
sample,16384,512,tile8,10,672961
sample,16384,512,tile8,11,617600
sample,16384,512,tile8,12,619600
sample,16384,512,tile8,13,621627
sample,16384,512,tile8,14,626452
sample,16384,512,tile8,15,623183
sample,16384,512,tile8,16,621554
sample,16384,512,tile8,17,624525
sample,16384,512,tile8,18,621859
sample,16384,512,tile8,19,647580
sample,16384,512,tile8,20,617405
sample,16384,512,tile8,21,667553
sample,16384,512,tile8,22,613619
sample,16384,512,tile8,23,614313
sample,16384,512,tile8,24,624766
sample,16384,512,tile8,25,623934
sample,16384,512,tile8,26,619303
sample,16384,512,tile8,27,624452
sample,16384,512,tile8,28,630433
sample,16384,512,tile8,29,613943
measured,16384,2048,vec4,4194304,16777216,5,30,14,836054,929775,6be3b72c15a212b9,3199380bd5011e6c,none,none
sample,16384,2048,vec4,0,828839
sample,16384,2048,vec4,1,839747
sample,16384,2048,vec4,2,836054
sample,16384,2048,vec4,3,834201
sample,16384,2048,vec4,4,849460
sample,16384,2048,vec4,5,833488
sample,16384,2048,vec4,6,832618
sample,16384,2048,vec4,7,844599
sample,16384,2048,vec4,8,835200
sample,16384,2048,vec4,9,832682
sample,16384,2048,vec4,10,825591
sample,16384,2048,vec4,11,875701
sample,16384,2048,vec4,12,881117
sample,16384,2048,vec4,13,865183
sample,16384,2048,vec4,14,743933
sample,16384,2048,vec4,15,742562
sample,16384,2048,vec4,16,736821
sample,16384,2048,vec4,17,921618
sample,16384,2048,vec4,18,943979
sample,16384,2048,vec4,19,929775
sample,16384,2048,vec4,20,842395
sample,16384,2048,vec4,21,851442
sample,16384,2048,vec4,22,849821
sample,16384,2048,vec4,23,842924
sample,16384,2048,vec4,24,846525
sample,16384,2048,vec4,25,845423
sample,16384,2048,vec4,26,820191
sample,16384,2048,vec4,27,820441
sample,16384,2048,vec4,28,816052
sample,16384,2048,vec4,29,816849
measured,16384,2048,fused2,4194304,16777216,5,30,13,794247,868387,6be3b72c15a212b9,3199380bd5011e6c,none,none
sample,16384,2048,fused2,0,788516
sample,16384,2048,fused2,1,786728
sample,16384,2048,fused2,2,787702
sample,16384,2048,fused2,3,800154
sample,16384,2048,fused2,4,798211
sample,16384,2048,fused2,5,806656
sample,16384,2048,fused2,6,786553
sample,16384,2048,fused2,7,789970
sample,16384,2048,fused2,8,784127
sample,16384,2048,fused2,9,819645
sample,16384,2048,fused2,10,794247
sample,16384,2048,fused2,11,835090
sample,16384,2048,fused2,12,795089
sample,16384,2048,fused2,13,748933
sample,16384,2048,fused2,14,704748
sample,16384,2048,fused2,15,704970
sample,16384,2048,fused2,16,869247
sample,16384,2048,fused2,17,868387
sample,16384,2048,fused2,18,860155
sample,16384,2048,fused2,19,837656
sample,16384,2048,fused2,20,806072
sample,16384,2048,fused2,21,824571
sample,16384,2048,fused2,22,814451
sample,16384,2048,fused2,23,835404
sample,16384,2048,fused2,24,810544
sample,16384,2048,fused2,25,777451
sample,16384,2048,fused2,26,778498
sample,16384,2048,fused2,27,782452
sample,16384,2048,fused2,28,780693
sample,16384,2048,fused2,29,775396
measured,16384,2048,tile8,4194304,16777216,5,30,12,991543,1031025,6be3b72c15a212b9,3199380bd5011e6c,none,none
sample,16384,2048,tile8,0,1048034
sample,16384,2048,tile8,1,995320
sample,16384,2048,tile8,2,998200
sample,16384,2048,tile8,3,996359
sample,16384,2048,tile8,4,1022552
sample,16384,2048,tile8,5,1004942
sample,16384,2048,tile8,6,1031025
sample,16384,2048,tile8,7,995339
sample,16384,2048,tile8,8,1000496
sample,16384,2048,tile8,9,998470
sample,16384,2048,tile8,10,997293
sample,16384,2048,tile8,11,991543
sample,16384,2048,tile8,12,993395
sample,16384,2048,tile8,13,950034
sample,16384,2048,tile8,14,860470
sample,16384,2048,tile8,15,857432
sample,16384,2048,tile8,16,856015
sample,16384,2048,tile8,17,1021218
sample,16384,2048,tile8,18,1020441
sample,16384,2048,tile8,19,996857
sample,16384,2048,tile8,20,935932
sample,16384,2048,tile8,21,933571
sample,16384,2048,tile8,22,935544
sample,16384,2048,tile8,23,932969
sample,16384,2048,tile8,24,967877
sample,16384,2048,tile8,25,885367
sample,16384,2048,tile8,26,894562
sample,16384,2048,tile8,27,876090
sample,16384,2048,tile8,28,880128
sample,16384,2048,tile8,29,946626
measured,65536,128,vec4,1048576,4194304,5,30,16,596572,612729,9ec0db29a14c575b,4098921c6b362ecd,none,none
sample,65536,128,vec4,0,591599
sample,65536,128,vec4,1,650730
sample,65536,128,vec4,2,591035
sample,65536,128,vec4,3,589674
sample,65536,128,vec4,4,591711
sample,65536,128,vec4,5,612729
sample,65536,128,vec4,6,601637
sample,65536,128,vec4,7,600201
sample,65536,128,vec4,8,596572
sample,65536,128,vec4,9,587230
sample,65536,128,vec4,10,585555
sample,65536,128,vec4,11,603443
sample,65536,128,vec4,12,602804
sample,65536,128,vec4,13,593480
sample,65536,128,vec4,14,582665
sample,65536,128,vec4,15,598952
sample,65536,128,vec4,16,597831
sample,65536,128,vec4,17,587877
sample,65536,128,vec4,18,591202
sample,65536,128,vec4,19,599443
sample,65536,128,vec4,20,601803
sample,65536,128,vec4,21,594591
sample,65536,128,vec4,22,601156
sample,65536,128,vec4,23,601165
sample,65536,128,vec4,24,589831
sample,65536,128,vec4,25,592498
sample,65536,128,vec4,26,588860
sample,65536,128,vec4,27,606748
sample,65536,128,vec4,28,601035
sample,65536,128,vec4,29,600294
measured,65536,128,fused2,1048576,4194304,5,30,15,572564,585795,9ec0db29a14c575b,4098921c6b362ecd,none,none
sample,65536,128,fused2,0,563480
sample,65536,128,fused2,1,572313
sample,65536,128,fused2,2,566090
sample,65536,128,fused2,3,564416
sample,65536,128,fused2,4,570702
sample,65536,128,fused2,5,577480
sample,65536,128,fused2,6,578452
sample,65536,128,fused2,7,574073
sample,65536,128,fused2,8,571035
sample,65536,128,fused2,9,571980
sample,65536,128,fused2,10,580294
sample,65536,128,fused2,11,575470
sample,65536,128,fused2,12,578146
sample,65536,128,fused2,13,572564
sample,65536,128,fused2,14,573295
sample,65536,128,fused2,15,564850
sample,65536,128,fused2,16,587720
sample,65536,128,fused2,17,565563
sample,65536,128,fused2,18,564627
sample,65536,128,fused2,19,577386
sample,65536,128,fused2,20,577082
sample,65536,128,fused2,21,576777
sample,65536,128,fused2,22,585795
sample,65536,128,fused2,23,576369
sample,65536,128,fused2,24,564786
sample,65536,128,fused2,25,567322
sample,65536,128,fused2,26,571664
sample,65536,128,fused2,27,563527
sample,65536,128,fused2,28,582442
sample,65536,128,fused2,29,577359
measured,65536,128,tile8,1048576,4194304,5,30,14,569239,578813,9ec0db29a14c575b,4098921c6b362ecd,none,none
sample,65536,128,tile8,0,565248
sample,65536,128,tile8,1,627053
sample,65536,128,tile8,2,563777
sample,65536,128,tile8,3,555850
sample,65536,128,tile8,4,556535
sample,65536,128,tile8,5,571961
sample,65536,128,tile8,6,564702
sample,65536,128,tile8,7,569239
sample,65536,128,tile8,8,570081
sample,65536,128,tile8,9,560859
sample,65536,128,tile8,10,566424
sample,65536,128,tile8,11,571508
sample,65536,128,tile8,12,573776
sample,65536,128,tile8,13,558850
sample,65536,128,tile8,14,571934
sample,65536,128,tile8,15,561646
sample,65536,128,tile8,16,569378
sample,65536,128,tile8,17,573498
sample,65536,128,tile8,18,570434
sample,65536,128,tile8,19,573488
sample,65536,128,tile8,20,578813
sample,65536,128,tile8,21,571424
sample,65536,128,tile8,22,572174
sample,65536,128,tile8,23,568813
sample,65536,128,tile8,24,561240
sample,65536,128,tile8,25,561822
sample,65536,128,tile8,26,568887
sample,65536,128,tile8,27,560851
sample,65536,128,tile8,28,570748
sample,65536,128,tile8,29,572952
measured,65536,512,vec4,4194304,16777216,5,30,16,741154,819201,84d06402da633040,29115d73667dee45,none,none
sample,65536,512,vec4,0,734480
sample,65536,512,vec4,1,724126
sample,65536,512,vec4,2,775276
sample,65536,512,vec4,3,721886
sample,65536,512,vec4,4,740489
sample,65536,512,vec4,5,739237
sample,65536,512,vec4,6,741526
sample,65536,512,vec4,7,739738
sample,65536,512,vec4,8,744248
sample,65536,512,vec4,9,746349
sample,65536,512,vec4,10,724256
sample,65536,512,vec4,11,720934
sample,65536,512,vec4,12,770645
sample,65536,512,vec4,13,724645
sample,65536,512,vec4,14,738544
sample,65536,512,vec4,15,750442
sample,65536,512,vec4,16,738498
sample,65536,512,vec4,17,724044
sample,65536,512,vec4,18,726099
sample,65536,512,vec4,19,764952
sample,65536,512,vec4,20,750923
sample,65536,512,vec4,21,805136
sample,65536,512,vec4,22,746952
sample,65536,512,vec4,23,750091
sample,65536,512,vec4,24,741154
sample,65536,512,vec4,25,744331
sample,65536,512,vec4,26,750691
sample,65536,512,vec4,27,828941
sample,65536,512,vec4,28,819201
sample,65536,512,vec4,29,734045
measured,65536,512,fused2,4194304,16777216,5,30,15,705960,786701,84d06402da633040,29115d73667dee45,none,none
sample,65536,512,fused2,0,703359
sample,65536,512,fused2,1,696524
sample,65536,512,fused2,2,692257
sample,65536,512,fused2,3,688081
sample,65536,512,fused2,4,710053
sample,65536,512,fused2,5,704747
sample,65536,512,fused2,6,702906
sample,65536,512,fused2,7,705960
sample,65536,512,fused2,8,706137
sample,65536,512,fused2,9,705553
sample,65536,512,fused2,10,706294
sample,65536,512,fused2,11,696776
sample,65536,512,fused2,12,766627
sample,65536,512,fused2,13,697239
sample,65536,512,fused2,14,693674
sample,65536,512,fused2,15,704757
sample,65536,512,fused2,16,700442
sample,65536,512,fused2,17,689155
sample,65536,512,fused2,18,706063
sample,65536,512,fused2,19,820562
sample,65536,512,fused2,20,731266
sample,65536,512,fused2,21,719702
sample,65536,512,fused2,22,713294
sample,65536,512,fused2,23,718859
sample,65536,512,fused2,24,709867
sample,65536,512,fused2,25,786701
sample,65536,512,fused2,26,751858
sample,65536,512,fused2,27,741248
sample,65536,512,fused2,28,686535
sample,65536,512,fused2,29,707285
measured,65536,512,tile8,4194304,16777216,5,30,14,791887,1008219,84d06402da633040,29115d73667dee45,none,none
sample,65536,512,tile8,0,772173
sample,65536,512,tile8,1,780997
sample,65536,512,tile8,2,817896
sample,65536,512,tile8,3,766830
sample,65536,512,tile8,4,778294
sample,65536,512,tile8,5,790006
sample,65536,512,tile8,6,795988
sample,65536,512,tile8,7,788303
sample,65536,512,tile8,8,790739
sample,65536,512,tile8,9,787507
sample,65536,512,tile8,10,812108
sample,65536,512,tile8,11,769322
sample,65536,512,tile8,12,806192
sample,65536,512,tile8,13,780637
sample,65536,512,tile8,14,781459
sample,65536,512,tile8,15,797860
sample,65536,512,tile8,16,791887
sample,65536,512,tile8,17,783200
sample,65536,512,tile8,18,841942
sample,65536,512,tile8,19,2069391
sample,65536,512,tile8,20,818007
sample,65536,512,tile8,21,867015
sample,65536,512,tile8,22,818803
sample,65536,512,tile8,23,785313
sample,65536,512,tile8,24,802451
sample,65536,512,tile8,25,800044
sample,65536,512,tile8,26,819302
sample,65536,512,tile8,27,810469
sample,65536,512,tile8,28,1008219
sample,65536,512,tile8,29,782155
skipped_limit,65536,2048,vec4,16777216,67108864,NA,NA,NA,NA,NA,NA,NA,cohort_dispatch_limit,none
skipped_limit,65536,2048,fused2,16777216,67108864,NA,NA,NA,NA,NA,NA,NA,cohort_dispatch_limit,none
skipped_limit,65536,2048,tile8,16777216,67108864,NA,NA,NA,NA,NA,NA,NA,cohort_dispatch_limit,none
measured,262144,128,vec4,4194304,16777216,5,30,18,871497,1014626,603e59446e81431f,99960c282a7f4ca5,none,none
sample,262144,128,vec4,0,914377
sample,262144,128,vec4,1,857543
sample,262144,128,vec4,2,882117
sample,262144,128,vec4,3,857442
sample,262144,128,vec4,4,851312
sample,262144,128,vec4,5,866007
sample,262144,128,vec4,6,858636
sample,262144,128,vec4,7,882571
sample,262144,128,vec4,8,883905
sample,262144,128,vec4,9,863811
sample,262144,128,vec4,10,871497
sample,262144,128,vec4,11,873960
sample,262144,128,vec4,12,857719
sample,262144,128,vec4,13,986764
sample,262144,128,vec4,14,899321
sample,262144,128,vec4,15,855432
sample,262144,128,vec4,16,855830
sample,262144,128,vec4,17,952525
sample,262144,128,vec4,18,876822
sample,262144,128,vec4,19,914590
sample,262144,128,vec4,20,848266
sample,262144,128,vec4,21,842646
sample,262144,128,vec4,22,842515
sample,262144,128,vec4,23,1014626
sample,262144,128,vec4,24,1012608
sample,262144,128,vec4,25,1020312
sample,262144,128,vec4,26,837395
sample,262144,128,vec4,27,790498
sample,262144,128,vec4,28,891201
sample,262144,128,vec4,29,981764
measured,262144,128,fused2,4194304,16777216,5,30,17,851322,1036914,603e59446e81431f,99960c282a7f4ca5,none,none
sample,262144,128,fused2,0,862395
sample,262144,128,fused2,1,838017
sample,262144,128,fused2,2,833284
sample,262144,128,fused2,3,839350
sample,262144,128,fused2,4,852247
sample,262144,128,fused2,5,845311
sample,262144,128,fused2,6,836683
sample,262144,128,fused2,7,868043
sample,262144,128,fused2,8,860211
sample,262144,128,fused2,9,851322
sample,262144,128,fused2,10,856376
sample,262144,128,fused2,11,918534
sample,262144,128,fused2,12,845404
sample,262144,128,fused2,13,855950
sample,262144,128,fused2,14,849053
sample,262144,128,fused2,15,865043
sample,262144,128,fused2,16,838543
sample,262144,128,fused2,17,907312
sample,262144,128,fused2,18,1047497
sample,262144,128,fused2,19,702443
sample,262144,128,fused2,20,689323
sample,262144,128,fused2,21,844710
sample,262144,128,fused2,22,1001107
sample,262144,128,fused2,23,1002618
sample,262144,128,fused2,24,1003627
sample,262144,128,fused2,25,831340
sample,262144,128,fused2,26,830099
sample,262144,128,fused2,27,1036914
sample,262144,128,fused2,28,855794
sample,262144,128,fused2,29,844728
measured,262144,128,tile8,4194304,16777216,5,30,16,926544,1075617,603e59446e81431f,99960c282a7f4ca5,none,none
sample,262144,128,tile8,0,913432
sample,262144,128,tile8,1,907978
sample,262144,128,tile8,2,902867
sample,262144,128,tile8,3,916284
sample,262144,128,tile8,4,915811
sample,262144,128,tile8,5,925330
sample,262144,128,tile8,6,918210
sample,262144,128,tile8,7,954191
sample,262144,128,tile8,8,931090
sample,262144,128,tile8,9,911821
sample,262144,128,tile8,10,944840
sample,262144,128,tile8,11,1024145
sample,262144,128,tile8,12,985117
sample,262144,128,tile8,13,941118
sample,262144,128,tile8,14,959590
sample,262144,128,tile8,15,926544
sample,262144,128,tile8,16,931312
sample,262144,128,tile8,17,925562
sample,262144,128,tile8,18,1066959
sample,262144,128,tile8,19,803980
sample,262144,128,tile8,20,902395
sample,262144,128,tile8,21,916830
sample,262144,128,tile8,22,912294
sample,262144,128,tile8,23,1075617
sample,262144,128,tile8,24,1101366
sample,262144,128,tile8,25,941449
sample,262144,128,tile8,26,909339
sample,262144,128,tile8,27,1000608
sample,262144,128,tile8,28,947599
sample,262144,128,tile8,29,935997
skipped_limit,262144,512,vec4,16777216,67108864,NA,NA,NA,NA,NA,NA,NA,cohort_dispatch_limit,none
skipped_limit,262144,512,fused2,16777216,67108864,NA,NA,NA,NA,NA,NA,NA,cohort_dispatch_limit,none
skipped_limit,262144,512,tile8,16777216,67108864,NA,NA,NA,NA,NA,NA,NA,cohort_dispatch_limit,none
skipped_limit,262144,2048,vec4,67108864,268435456,NA,NA,NA,NA,NA,NA,NA,cohort_dispatch_limit,none
skipped_limit,262144,2048,fused2,67108864,268435456,NA,NA,NA,NA,NA,NA,NA,cohort_dispatch_limit,none
skipped_limit,262144,2048,tile8,67108864,268435456,NA,NA,NA,NA,NA,NA,NA,cohort_dispatch_limit,none
skipped_limit,1048576,128,vec4,16777216,67108864,NA,NA,NA,NA,NA,NA,NA,cohort_dispatch_limit,none
skipped_limit,1048576,128,fused2,16777216,67108864,NA,NA,NA,NA,NA,NA,NA,cohort_dispatch_limit,none
skipped_limit,1048576,128,tile8,16777216,67108864,NA,NA,NA,NA,NA,NA,NA,cohort_dispatch_limit,none
skipped_limit,1048576,512,vec4,67108864,268435456,NA,NA,NA,NA,NA,NA,NA,cohort_dispatch_limit,none
skipped_limit,1048576,512,fused2,67108864,268435456,NA,NA,NA,NA,NA,NA,NA,cohort_dispatch_limit,none
skipped_limit,1048576,512,tile8,67108864,268435456,NA,NA,NA,NA,NA,NA,NA,cohort_dispatch_limit,none
skipped_limit,1048576,2048,vec4,268435456,1073741824,NA,NA,NA,NA,NA,NA,NA,cohort_dispatch_limit,none
skipped_limit,1048576,2048,fused2,268435456,1073741824,NA,NA,NA,NA,NA,NA,NA,cohort_dispatch_limit,none
skipped_limit,1048576,2048,tile8,268435456,1073741824,NA,NA,NA,NA,NA,NA,NA,cohort_dispatch_limit,none
qualification_status=complete
