benchmark=pvp3d_three_candidate_same_device
source_revision=2fc5ad2ca4f5c27e2b1fdbb0ed328e6820e273af
explicit_map_transition=true
adapter=NVIDIA Tegra NVIDIA Thor
backend=Vulkan
device_type=IntegratedGpu
vendor_id=4318
device_id=11008
driver=NVIDIA
driver_info=580.00
hardware_measurement_eligible=true
physical_admission=external_remoteops_evidence_required
performance_claim=none
primary_timing_scope=resident_encode_plus_queue_submit_plus_device_wait
state_reset_scope=completed_before_timer
correctness_readback_scope=before_and_after_timing
candidate_order=ABC_ACB_BAC_BCA_CAB_CBA
resident_payload_scope=source_plus_three_states_excludes_driver_uniforms_and_readback
status,k,g,candidate,state_bytes,resident_payload_bytes,warmups,repeats,logical_dispatches,p50_ns,p95_ns,input_checksum,output_checksum,skip_reason,performance_claim
measured,256,128,vec4,4096,16384,5,30,8,236342,277277,4c67926a9205d7b4,956299587c8af4b4,none,none
sample,256,128,vec4,0,237917
sample,256,128,vec4,1,237592
sample,256,128,vec4,2,237889
sample,256,128,vec4,3,235647
sample,256,128,vec4,4,238360
sample,256,128,vec4,5,232943
sample,256,128,vec4,6,234249
sample,256,128,vec4,7,264221
sample,256,128,vec4,8,231777
sample,256,128,vec4,9,231999
sample,256,128,vec4,10,230185
sample,256,128,vec4,11,225027
sample,256,128,vec4,12,233815
sample,256,128,vec4,13,229203
sample,256,128,vec4,14,243730
sample,256,128,vec4,15,229185
sample,256,128,vec4,16,293091
sample,256,128,vec4,17,240600
sample,256,128,vec4,18,242795
sample,256,128,vec4,19,234908
sample,256,128,vec4,20,230749
sample,256,128,vec4,21,231397
sample,256,128,vec4,22,232972
sample,256,128,vec4,23,236342
sample,256,128,vec4,24,236443
sample,256,128,vec4,25,243916
sample,256,128,vec4,26,277277
sample,256,128,vec4,27,248286
sample,256,128,vec4,28,244619
sample,256,128,vec4,29,244574
measured,256,128,fused2,4096,16384,5,30,7,214092,277526,4c67926a9205d7b4,956299587c8af4b4,none,none
sample,256,128,fused2,0,211287
sample,256,128,fused2,1,213008
sample,256,128,fused2,2,217269
sample,256,128,fused2,3,214092
sample,256,128,fused2,4,212712
sample,256,128,fused2,5,210814
sample,256,128,fused2,6,209676
sample,256,128,fused2,7,223823
sample,256,128,fused2,8,233323
sample,256,128,fused2,9,208980
sample,256,128,fused2,10,209676
sample,256,128,fused2,11,204851
sample,256,128,fused2,12,209991
sample,256,128,fused2,13,204981
sample,256,128,fused2,14,207389
sample,256,128,fused2,15,216314
sample,256,128,fused2,16,277526
sample,256,128,fused2,17,221212
sample,256,128,fused2,18,223665
sample,256,128,fused2,19,214462
sample,256,128,fused2,20,214203
sample,256,128,fused2,21,214638
sample,256,128,fused2,22,212453
sample,256,128,fused2,23,206370
sample,256,128,fused2,24,212545
sample,256,128,fused2,25,221287
sample,256,128,fused2,26,398776
sample,256,128,fused2,27,222230
sample,256,128,fused2,28,223258
sample,256,128,fused2,29,215037
measured,256,128,tile8,4096,16384,5,30,6,190295,209546,4c67926a9205d7b4,956299587c8af4b4,none,none
sample,256,128,tile8,0,189341
sample,256,128,tile8,1,188443
sample,256,128,tile8,2,186851
sample,256,128,tile8,3,190295
sample,256,128,tile8,4,192000
sample,256,128,tile8,5,188193
sample,256,128,tile8,6,185545
sample,256,128,tile8,7,199008
sample,256,128,tile8,8,188277
sample,256,128,tile8,9,188055
sample,256,128,tile8,10,185167
sample,256,128,tile8,11,184295
sample,256,128,tile8,12,182833
sample,256,128,tile8,13,186323
sample,256,128,tile8,14,188277
sample,256,128,tile8,15,191629
sample,256,128,tile8,16,1250534
sample,256,128,tile8,17,205489
sample,256,128,tile8,18,194565
sample,256,128,tile8,19,187287
sample,256,128,tile8,20,209546
sample,256,128,tile8,21,191852
sample,256,128,tile8,22,191749
sample,256,128,tile8,23,182768
sample,256,128,tile8,24,195119
sample,256,128,tile8,25,200834
sample,256,128,tile8,26,199647
sample,256,128,tile8,27,194639
sample,256,128,tile8,28,195545
sample,256,128,tile8,29,193795
measured,256,512,vec4,16384,65536,5,30,8,257277,286943,38bbe1f688e24d78,1c8bb372f8f1302e,none,none
sample,256,512,vec4,0,245980
sample,256,512,vec4,1,248656
sample,256,512,vec4,2,249693
sample,256,512,vec4,3,260147
sample,256,512,vec4,4,245980
sample,256,512,vec4,5,246091
sample,256,512,vec4,6,242990
sample,256,512,vec4,7,242897
sample,256,512,vec4,8,476878
sample,256,512,vec4,9,253621
sample,256,512,vec4,10,252610
sample,256,512,vec4,11,256314
sample,256,512,vec4,12,253860
sample,256,512,vec4,13,257277
sample,256,512,vec4,14,258148
sample,256,512,vec4,15,258008
sample,256,512,vec4,16,259610
sample,256,512,vec4,17,256407
sample,256,512,vec4,18,254027
sample,256,512,vec4,19,256369
sample,256,512,vec4,20,264388
sample,256,512,vec4,21,260592
sample,256,512,vec4,22,265397
sample,256,512,vec4,23,266981
sample,256,512,vec4,24,266388
sample,256,512,vec4,25,270730
sample,256,512,vec4,26,270906
sample,256,512,vec4,27,272018
sample,256,512,vec4,28,268258
sample,256,512,vec4,29,286943
measured,256,512,fused2,16384,65536,5,30,7,230804,247324,38bbe1f688e24d78,1c8bb372f8f1302e,none,none
sample,256,512,fused2,0,223268
sample,256,512,fused2,1,222221
sample,256,512,fused2,2,224897
sample,256,512,fused2,3,222250
sample,256,512,fused2,4,224277
sample,256,512,fused2,5,223138
sample,256,512,fused2,6,220037
sample,256,512,fused2,7,220017
sample,256,512,fused2,8,227527
sample,256,512,fused2,9,228527
sample,256,512,fused2,10,226277
sample,256,512,fused2,11,232879
sample,256,512,fused2,12,228360
sample,256,512,fused2,13,231777
sample,256,512,fused2,14,230804
sample,256,512,fused2,15,230499
sample,256,512,fused2,16,1746689
sample,256,512,fused2,17,233777
sample,256,512,fused2,18,229730
sample,256,512,fused2,19,231860
sample,256,512,fused2,20,231666
sample,256,512,fused2,21,237444
sample,256,512,fused2,22,239814
sample,256,512,fused2,23,239999
sample,256,512,fused2,24,239564
sample,256,512,fused2,25,242054
sample,256,512,fused2,26,240786
sample,256,512,fused2,27,241564
sample,256,512,fused2,28,244037
sample,256,512,fused2,29,247324
measured,256,512,tile8,16384,65536,5,30,6,207805,243814,38bbe1f688e24d78,1c8bb372f8f1302e,none,none
sample,256,512,tile8,0,201212
sample,256,512,tile8,1,199758
sample,256,512,tile8,2,200704
sample,256,512,tile8,3,235879
sample,256,512,tile8,4,244008
sample,256,512,tile8,5,200888
sample,256,512,tile8,6,198648
sample,256,512,tile8,7,198324
sample,256,512,tile8,8,204045
sample,256,512,tile8,9,200732
sample,256,512,tile8,10,203074
sample,256,512,tile8,11,200814
sample,256,512,tile8,12,206036
sample,256,512,tile8,13,207805
sample,256,512,tile8,14,208749
sample,256,512,tile8,15,205286
sample,256,512,tile8,16,207017
sample,256,512,tile8,17,231750
sample,256,512,tile8,18,207989
sample,256,512,tile8,19,207712
sample,256,512,tile8,20,211611
sample,256,512,tile8,21,208815
sample,256,512,tile8,22,212602
sample,256,512,tile8,23,212129
sample,256,512,tile8,24,219221
sample,256,512,tile8,25,214795
sample,256,512,tile8,26,215601
sample,256,512,tile8,27,213999
sample,256,512,tile8,28,214527
sample,256,512,tile8,29,243814
measured,256,2048,vec4,65536,262144,5,30,8,291129,313656,c9e538e9f9dccedd,259153fc2c7bc4e7,none,none
sample,256,2048,vec4,0,313656
sample,256,2048,vec4,1,275962
sample,256,2048,vec4,2,275184
sample,256,2048,vec4,3,277306
sample,256,2048,vec4,4,280434
sample,256,2048,vec4,5,278601
sample,256,2048,vec4,6,280416
sample,256,2048,vec4,7,283147
sample,256,2048,vec4,8,283861
sample,256,2048,vec4,9,281851
sample,256,2048,vec4,10,284980
sample,256,2048,vec4,11,282156
sample,256,2048,vec4,12,286665
sample,256,2048,vec4,13,297462
sample,256,2048,vec4,14,287258
sample,256,2048,vec4,15,281842
sample,256,2048,vec4,16,292027
sample,256,2048,vec4,17,291129
sample,256,2048,vec4,18,293583
sample,256,2048,vec4,19,297397
sample,256,2048,vec4,20,291925
sample,256,2048,vec4,21,294184
sample,256,2048,vec4,22,293740
sample,256,2048,vec4,23,297527
sample,256,2048,vec4,24,297036
sample,256,2048,vec4,25,322045
sample,256,2048,vec4,26,299111
sample,256,2048,vec4,27,292174
sample,256,2048,vec4,28,310684
sample,256,2048,vec4,29,305287
measured,256,2048,fused2,65536,262144,5,30,7,259749,290092,c9e538e9f9dccedd,259153fc2c7bc4e7,none,none
sample,256,2048,fused2,0,261055
sample,256,2048,fused2,1,252018
sample,256,2048,fused2,2,245999
sample,256,2048,fused2,3,246952
sample,256,2048,fused2,4,250814
sample,256,2048,fused2,5,252916
sample,256,2048,fused2,6,256638
sample,256,2048,fused2,7,255471
sample,256,2048,fused2,8,254073
sample,256,2048,fused2,9,256508
sample,256,2048,fused2,10,256814
sample,256,2048,fused2,11,255471
sample,256,2048,fused2,12,259943
sample,256,2048,fused2,13,295638
sample,256,2048,fused2,14,256499
sample,256,2048,fused2,15,254962
sample,256,2048,fused2,16,259749
sample,256,2048,fused2,17,257740
sample,256,2048,fused2,18,262629
sample,256,2048,fused2,19,263101
sample,256,2048,fused2,20,262684
sample,256,2048,fused2,21,277944
sample,256,2048,fused2,22,266314
sample,256,2048,fused2,23,267999
sample,256,2048,fused2,24,268972
sample,256,2048,fused2,25,290092
sample,256,2048,fused2,26,270194
sample,256,2048,fused2,27,263462
sample,256,2048,fused2,28,278583
sample,256,2048,fused2,29,269916
measured,256,2048,tile8,65536,262144,5,30,6,237333,264730,c9e538e9f9dccedd,259153fc2c7bc4e7,none,none
sample,256,2048,tile8,0,273361
sample,256,2048,tile8,1,231953
sample,256,2048,tile8,2,226110
sample,256,2048,tile8,3,227648
sample,256,2048,tile8,4,228408
sample,256,2048,tile8,5,228880
sample,256,2048,tile8,6,232387
sample,256,2048,tile8,7,231490
sample,256,2048,tile8,8,234091
sample,256,2048,tile8,9,229730
sample,256,2048,tile8,10,232471
sample,256,2048,tile8,11,231601
sample,256,2048,tile8,12,264730
sample,256,2048,tile8,13,249324
sample,256,2048,tile8,14,238628
sample,256,2048,tile8,15,231953
sample,256,2048,tile8,16,231685
sample,256,2048,tile8,17,237333
sample,256,2048,tile8,18,239425
sample,256,2048,tile8,19,236897
sample,256,2048,tile8,20,238018
sample,256,2048,tile8,21,240611
sample,256,2048,tile8,22,240380
sample,256,2048,tile8,23,242489
sample,256,2048,tile8,24,244351
sample,256,2048,tile8,25,249936
sample,256,2048,tile8,26,243721
sample,256,2048,tile8,27,239397
sample,256,2048,tile8,28,243462
sample,256,2048,tile8,29,253314
measured,1024,128,vec4,16384,65536,5,30,10,704228,714508,26abf5bddd03bbc5,79acd556594188cd,none,none
sample,1024,128,vec4,0,704228
sample,1024,128,vec4,1,708396
sample,1024,128,vec4,2,694655
sample,1024,128,vec4,3,710850
sample,1024,128,vec4,4,705099
sample,1024,128,vec4,5,697451
sample,1024,128,vec4,6,699155
sample,1024,128,vec4,7,705832
sample,1024,128,vec4,8,714526
sample,1024,128,vec4,9,703098
sample,1024,128,vec4,10,703554
sample,1024,128,vec4,11,696858
sample,1024,128,vec4,12,699934
sample,1024,128,vec4,13,704980
sample,1024,128,vec4,14,714508
sample,1024,128,vec4,15,697673
sample,1024,128,vec4,16,713423
sample,1024,128,vec4,17,710543
sample,1024,128,vec4,18,690951
sample,1024,128,vec4,19,694229
sample,1024,128,vec4,20,706350
sample,1024,128,vec4,21,704997
sample,1024,128,vec4,22,713553
sample,1024,128,vec4,23,697989
sample,1024,128,vec4,24,698895
sample,1024,128,vec4,25,702989
sample,1024,128,vec4,26,701322
sample,1024,128,vec4,27,710247
sample,1024,128,vec4,28,704859
sample,1024,128,vec4,29,708119
measured,1024,128,fused2,16384,65536,5,30,9,687507,697859,26abf5bddd03bbc5,79acd556594188cd,none,none
sample,1024,128,fused2,0,688869
sample,1024,128,fused2,1,682211
sample,1024,128,fused2,2,682942
sample,1024,128,fused2,3,678230
sample,1024,128,fused2,4,690544
sample,1024,128,fused2,5,689840
sample,1024,128,fused2,6,682739
sample,1024,128,fused2,7,700795
sample,1024,128,fused2,8,687026
sample,1024,128,fused2,9,696674
sample,1024,128,fused2,10,695304
sample,1024,128,fused2,11,678146
sample,1024,128,fused2,12,687507
sample,1024,128,fused2,13,689683
sample,1024,128,fused2,14,682451
sample,1024,128,fused2,15,690545
sample,1024,128,fused2,16,690896
sample,1024,128,fused2,17,686692
sample,1024,128,fused2,18,680988
sample,1024,128,fused2,19,694479
sample,1024,128,fused2,20,684813
sample,1024,128,fused2,21,697859
sample,1024,128,fused2,22,686683
sample,1024,128,fused2,23,684905
sample,1024,128,fused2,24,679711
sample,1024,128,fused2,25,691729
sample,1024,128,fused2,26,678081
sample,1024,128,fused2,27,693239
sample,1024,128,fused2,28,688017
sample,1024,128,fused2,29,691349
measured,1024,128,tile8,16384,65536,5,30,8,668645,679535,26abf5bddd03bbc5,79acd556594188cd,none,none
sample,1024,128,tile8,0,321220
sample,1024,128,tile8,1,668295
sample,1024,128,tile8,2,325073
sample,1024,128,tile8,3,663794
sample,1024,128,tile8,4,335332
sample,1024,128,tile8,5,668645
sample,1024,128,tile8,6,660248
sample,1024,128,tile8,7,671340
sample,1024,128,tile8,8,669341
sample,1024,128,tile8,9,669970
sample,1024,128,tile8,10,679535
sample,1024,128,tile8,11,659720
sample,1024,128,tile8,12,669063
sample,1024,128,tile8,13,680878
sample,1024,128,tile8,14,668841
sample,1024,128,tile8,15,654627
sample,1024,128,tile8,16,671415
sample,1024,128,tile8,17,669118
sample,1024,128,tile8,18,670220
sample,1024,128,tile8,19,670608
sample,1024,128,tile8,20,667332
sample,1024,128,tile8,21,674192
sample,1024,128,tile8,22,673831
sample,1024,128,tile8,23,657868
sample,1024,128,tile8,24,665239
sample,1024,128,tile8,25,672035
sample,1024,128,tile8,26,666257
sample,1024,128,tile8,27,664609
sample,1024,128,tile8,28,667155
sample,1024,128,tile8,29,677248
measured,1024,512,vec4,65536,262144,5,30,10,703655,722461,0949b62ffc70d026,7663f0c9d3466943,none,none
sample,1024,512,vec4,0,691350
sample,1024,512,vec4,1,702822
sample,1024,512,vec4,2,698230
sample,1024,512,vec4,3,697034
sample,1024,512,vec4,4,704256
sample,1024,512,vec4,5,694599
sample,1024,512,vec4,6,697970
sample,1024,512,vec4,7,710970
sample,1024,512,vec4,8,700267
sample,1024,512,vec4,9,722461
sample,1024,512,vec4,10,703655
sample,1024,512,vec4,11,694155
sample,1024,512,vec4,12,695257
sample,1024,512,vec4,13,712646
sample,1024,512,vec4,14,706183
sample,1024,512,vec4,15,720720
sample,1024,512,vec4,16,705313
sample,1024,512,vec4,17,712943
sample,1024,512,vec4,18,700553
sample,1024,512,vec4,19,692266
sample,1024,512,vec4,20,706804
sample,1024,512,vec4,21,712303
sample,1024,512,vec4,22,705803
sample,1024,512,vec4,23,730730
sample,1024,512,vec4,24,703080
sample,1024,512,vec4,25,718303
sample,1024,512,vec4,26,693155
sample,1024,512,vec4,27,709581
sample,1024,512,vec4,28,712822
sample,1024,512,vec4,29,700109
measured,1024,512,fused2,65536,262144,5,30,9,684590,694682,0949b62ffc70d026,7663f0c9d3466943,none,none
sample,1024,512,fused2,0,685646
sample,1024,512,fused2,1,686461
sample,1024,512,fused2,2,691766
sample,1024,512,fused2,3,691859
sample,1024,512,fused2,4,683257
sample,1024,512,fused2,5,675433
sample,1024,512,fused2,6,682720
sample,1024,512,fused2,7,693331
sample,1024,512,fused2,8,694682
sample,1024,512,fused2,9,700729
sample,1024,512,fused2,10,681090
sample,1024,512,fused2,11,679211
sample,1024,512,fused2,12,689294
sample,1024,512,fused2,13,692201
sample,1024,512,fused2,14,679933
sample,1024,512,fused2,15,686656
sample,1024,512,fused2,16,685118
sample,1024,512,fused2,17,683229
sample,1024,512,fused2,18,678942
sample,1024,512,fused2,19,685276
sample,1024,512,fused2,20,680988
sample,1024,512,fused2,21,685591
sample,1024,512,fused2,22,675849
sample,1024,512,fused2,23,684590
sample,1024,512,fused2,24,684322
sample,1024,512,fused2,25,683322
sample,1024,512,fused2,26,678480
sample,1024,512,fused2,27,685636
sample,1024,512,fused2,28,683183
sample,1024,512,fused2,29,689720
measured,1024,512,tile8,65536,262144,5,30,8,672006,682887,0949b62ffc70d026,7663f0c9d3466943,none,none
sample,1024,512,tile8,0,672397
sample,1024,512,tile8,1,672376
sample,1024,512,tile8,2,667405
sample,1024,512,tile8,3,669498
sample,1024,512,tile8,4,667202
sample,1024,512,tile8,5,667173
sample,1024,512,tile8,6,672701
sample,1024,512,tile8,7,671720
sample,1024,512,tile8,8,672006
sample,1024,512,tile8,9,680998
sample,1024,512,tile8,10,672322
sample,1024,512,tile8,11,672469
sample,1024,512,tile8,12,670776
sample,1024,512,tile8,13,666017
sample,1024,512,tile8,14,672813
sample,1024,512,tile8,15,682887
sample,1024,512,tile8,16,670794
sample,1024,512,tile8,17,670285
sample,1024,512,tile8,18,666248
sample,1024,512,tile8,19,668720
sample,1024,512,tile8,20,673636
sample,1024,512,tile8,21,680257
sample,1024,512,tile8,22,666525
sample,1024,512,tile8,23,674415
sample,1024,512,tile8,24,671942
sample,1024,512,tile8,25,664082
sample,1024,512,tile8,26,683702
sample,1024,512,tile8,27,675044
sample,1024,512,tile8,28,673276
sample,1024,512,tile8,29,674008
measured,1024,2048,vec4,262144,1048576,5,30,10,705702,710627,2d4a1c573b9665e7,d32c613321b43c7f,none,none
sample,1024,2048,vec4,0,705702
sample,1024,2048,vec4,1,705479
sample,1024,2048,vec4,2,703674
sample,1024,2048,vec4,3,703007
sample,1024,2048,vec4,4,706443
sample,1024,2048,vec4,5,700776
sample,1024,2048,vec4,6,711238
sample,1024,2048,vec4,7,707924
sample,1024,2048,vec4,8,702848
sample,1024,2048,vec4,9,708349
sample,1024,2048,vec4,10,707932
sample,1024,2048,vec4,11,703719
sample,1024,2048,vec4,12,697804
sample,1024,2048,vec4,13,705506
sample,1024,2048,vec4,14,705858
sample,1024,2048,vec4,15,706823
sample,1024,2048,vec4,16,710610
sample,1024,2048,vec4,17,700924
sample,1024,2048,vec4,18,709998
sample,1024,2048,vec4,19,709803
sample,1024,2048,vec4,20,698313
sample,1024,2048,vec4,21,709201
sample,1024,2048,vec4,22,710627
sample,1024,2048,vec4,23,698099
sample,1024,2048,vec4,24,701969
sample,1024,2048,vec4,25,707822
sample,1024,2048,vec4,26,707729
sample,1024,2048,vec4,27,704174
sample,1024,2048,vec4,28,705850
sample,1024,2048,vec4,29,699730
measured,1024,2048,fused2,262144,1048576,5,30,9,688285,691748,2d4a1c573b9665e7,d32c613321b43c7f,none,none
sample,1024,2048,fused2,0,690257
sample,1024,2048,fused2,1,687302
sample,1024,2048,fused2,2,684581
sample,1024,2048,fused2,3,685767
sample,1024,2048,fused2,4,689628
sample,1024,2048,fused2,5,688693
sample,1024,2048,fused2,6,690748
sample,1024,2048,fused2,7,690137
sample,1024,2048,fused2,8,691748
sample,1024,2048,fused2,9,684349
sample,1024,2048,fused2,10,690933
sample,1024,2048,fused2,11,692738
sample,1024,2048,fused2,12,684469
sample,1024,2048,fused2,13,690747
sample,1024,2048,fused2,14,688757
sample,1024,2048,fused2,15,689932
sample,1024,2048,fused2,16,684062
sample,1024,2048,fused2,17,685480
sample,1024,2048,fused2,18,689841
sample,1024,2048,fused2,19,685989
sample,1024,2048,fused2,20,686099
sample,1024,2048,fused2,21,682702
sample,1024,2048,fused2,22,688591
sample,1024,2048,fused2,23,688229
sample,1024,2048,fused2,24,682545
sample,1024,2048,fused2,25,689646
sample,1024,2048,fused2,26,689858
sample,1024,2048,fused2,27,688285
sample,1024,2048,fused2,28,684136
sample,1024,2048,fused2,29,678340
measured,1024,2048,tile8,262144,1048576,5,30,8,688470,693044,2d4a1c573b9665e7,d32c613321b43c7f,none,none
sample,1024,2048,tile8,0,687507
sample,1024,2048,tile8,1,684776
sample,1024,2048,tile8,2,684461
sample,1024,2048,tile8,3,687331
sample,1024,2048,tile8,4,683471
sample,1024,2048,tile8,5,688961
sample,1024,2048,tile8,6,691276
sample,1024,2048,tile8,7,688794
sample,1024,2048,tile8,8,684674
sample,1024,2048,tile8,9,691406
sample,1024,2048,tile8,10,690091
sample,1024,2048,tile8,11,690580
sample,1024,2048,tile8,12,688072
sample,1024,2048,tile8,13,692572
sample,1024,2048,tile8,14,689970
sample,1024,2048,tile8,15,689146
sample,1024,2048,tile8,16,688470
sample,1024,2048,tile8,17,685174
sample,1024,2048,tile8,18,691434
sample,1024,2048,tile8,19,688683
sample,1024,2048,tile8,20,687655
sample,1024,2048,tile8,21,693044
sample,1024,2048,tile8,22,687230
sample,1024,2048,tile8,23,686813
sample,1024,2048,tile8,24,686284
sample,1024,2048,tile8,25,689747
sample,1024,2048,tile8,26,688811
sample,1024,2048,tile8,27,697849
sample,1024,2048,tile8,28,685377
sample,1024,2048,tile8,29,684729
measured,4096,128,vec4,65536,262144,5,30,12,490146,495128,d878e557b6daedce,8cc85ceb09c8efed,none,none
sample,4096,128,vec4,0,494582
sample,4096,128,vec4,1,493489
sample,4096,128,vec4,2,484277
sample,4096,128,vec4,3,483350
sample,4096,128,vec4,4,488203
sample,4096,128,vec4,5,490516
sample,4096,128,vec4,6,479813
sample,4096,128,vec4,7,494461
sample,4096,128,vec4,8,490396
sample,4096,128,vec4,9,492517
sample,4096,128,vec4,10,492952
sample,4096,128,vec4,11,487675
sample,4096,128,vec4,12,489268
sample,4096,128,vec4,13,481045
sample,4096,128,vec4,14,493072
sample,4096,128,vec4,15,484119
sample,4096,128,vec4,16,483785
sample,4096,128,vec4,17,495369
sample,4096,128,vec4,18,489379
sample,4096,128,vec4,19,490146
sample,4096,128,vec4,20,493184
sample,4096,128,vec4,21,490480
sample,4096,128,vec4,22,492174
sample,4096,128,vec4,23,481562
sample,4096,128,vec4,24,486304
sample,4096,128,vec4,25,492961
sample,4096,128,vec4,26,491849
sample,4096,128,vec4,27,489406
sample,4096,128,vec4,28,482248
sample,4096,128,vec4,29,495128
measured,4096,128,fused2,65536,262144,5,30,11,453869,459046,d878e557b6daedce,8cc85ceb09c8efed,none,none
sample,4096,128,fused2,0,455907
sample,4096,128,fused2,1,454488
sample,4096,128,fused2,2,456536
sample,4096,128,fused2,3,452444
sample,4096,128,fused2,4,456295
sample,4096,128,fused2,5,448768
sample,4096,128,fused2,6,446572
sample,4096,128,fused2,7,459990
sample,4096,128,fused2,8,453869
sample,4096,128,fused2,9,455961
sample,4096,128,fused2,10,455490
sample,4096,128,fused2,11,455258
sample,4096,128,fused2,12,449424
sample,4096,128,fused2,13,449842
sample,4096,128,fused2,14,447129
sample,4096,128,fused2,15,457323
sample,4096,128,fused2,16,451851
sample,4096,128,fused2,17,455424
sample,4096,128,fused2,18,458416
sample,4096,128,fused2,19,459046
sample,4096,128,fused2,20,453499
sample,4096,128,fused2,21,452517
sample,4096,128,fused2,22,446268
sample,4096,128,fused2,23,451222
sample,4096,128,fused2,24,455194
sample,4096,128,fused2,25,455453
sample,4096,128,fused2,26,453054
sample,4096,128,fused2,27,457351
sample,4096,128,fused2,28,449351
sample,4096,128,fused2,29,450961
measured,4096,128,tile8,65536,262144,5,30,10,423675,438250,d878e557b6daedce,8cc85ceb09c8efed,none,none
sample,4096,128,tile8,0,425850
sample,4096,128,tile8,1,424990
sample,4096,128,tile8,2,418192
sample,4096,128,tile8,3,419721
sample,4096,128,tile8,4,429555
sample,4096,128,tile8,5,419655
sample,4096,128,tile8,6,438250
sample,4096,128,tile8,7,425776
sample,4096,128,tile8,8,423675
sample,4096,128,tile8,9,426312
sample,4096,128,tile8,10,425749
sample,4096,128,tile8,11,425555
sample,4096,128,tile8,12,418573
sample,4096,128,tile8,13,419035
sample,4096,128,tile8,14,426869
sample,4096,128,tile8,15,415720
sample,4096,128,tile8,16,422805
sample,4096,128,tile8,17,439296
sample,4096,128,tile8,18,423480
sample,4096,128,tile8,19,428230
sample,4096,128,tile8,20,422323
sample,4096,128,tile8,21,423453
sample,4096,128,tile8,22,426276
sample,4096,128,tile8,23,418693
sample,4096,128,tile8,24,437675
sample,4096,128,tile8,25,423702
sample,4096,128,tile8,26,431703
sample,4096,128,tile8,27,423257
sample,4096,128,tile8,28,417443
sample,4096,128,tile8,29,416582
measured,4096,512,vec4,262144,1048576,5,30,12,495202,511516,07e875993970433c,207dceeda1be3f5b,none,none
sample,4096,512,vec4,0,499322
sample,4096,512,vec4,1,495999
sample,4096,512,vec4,2,490925
sample,4096,512,vec4,3,494980
sample,4096,512,vec4,4,496470
sample,4096,512,vec4,5,541118
sample,4096,512,vec4,6,508665
sample,4096,512,vec4,7,501684
sample,4096,512,vec4,8,497490
sample,4096,512,vec4,9,491443
sample,4096,512,vec4,10,484729
sample,4096,512,vec4,11,497164
sample,4096,512,vec4,12,491388
sample,4096,512,vec4,13,495202
sample,4096,512,vec4,14,487100
sample,4096,512,vec4,15,491183
sample,4096,512,vec4,16,499424
sample,4096,512,vec4,17,493573
sample,4096,512,vec4,18,494944
sample,4096,512,vec4,19,489193
sample,4096,512,vec4,20,490388
sample,4096,512,vec4,21,489953
sample,4096,512,vec4,22,495896
sample,4096,512,vec4,23,496313
sample,4096,512,vec4,24,496831
sample,4096,512,vec4,25,495407
sample,4096,512,vec4,26,498851
sample,4096,512,vec4,27,485629
sample,4096,512,vec4,28,511516
sample,4096,512,vec4,29,491868
measured,4096,512,fused2,262144,1048576,5,30,11,459860,473859,07e875993970433c,207dceeda1be3f5b,none,none
sample,4096,512,fused2,0,462165
sample,4096,512,fused2,1,463405
sample,4096,512,fused2,2,456712
sample,4096,512,fused2,3,458091
sample,4096,512,fused2,4,460322
sample,4096,512,fused2,5,459832
sample,4096,512,fused2,6,473859
sample,4096,512,fused2,7,464387
sample,4096,512,fused2,8,461906
sample,4096,512,fused2,9,459609
sample,4096,512,fused2,10,457509
sample,4096,512,fused2,11,457813
sample,4096,512,fused2,12,458879
sample,4096,512,fused2,13,463999
sample,4096,512,fused2,14,459702
sample,4096,512,fused2,15,460518
sample,4096,512,fused2,16,459860
sample,4096,512,fused2,17,461100
sample,4096,512,fused2,18,464897
sample,4096,512,fused2,19,455220
sample,4096,512,fused2,20,453275
sample,4096,512,fused2,21,474193
sample,4096,512,fused2,22,461804
sample,4096,512,fused2,23,462323
sample,4096,512,fused2,24,459229
sample,4096,512,fused2,25,472572
sample,4096,512,fused2,26,458924
sample,4096,512,fused2,27,456933
sample,4096,512,fused2,28,464147
sample,4096,512,fused2,29,453424
measured,4096,512,tile8,262144,1048576,5,30,10,442276,454461,07e875993970433c,207dceeda1be3f5b,none,none
sample,4096,512,tile8,0,446101
sample,4096,512,tile8,1,449442
sample,4096,512,tile8,2,438916
sample,4096,512,tile8,3,434128
sample,4096,512,tile8,4,440999
sample,4096,512,tile8,5,442305
sample,4096,512,tile8,6,452073
sample,4096,512,tile8,7,442481
sample,4096,512,tile8,8,457442
sample,4096,512,tile8,9,436555
sample,4096,512,tile8,10,442804
sample,4096,512,tile8,11,443517
sample,4096,512,tile8,12,439090
sample,4096,512,tile8,13,442406
sample,4096,512,tile8,14,442276
sample,4096,512,tile8,15,439203
sample,4096,512,tile8,16,454461
sample,4096,512,tile8,17,443257
sample,4096,512,tile8,18,451479
sample,4096,512,tile8,19,435462
sample,4096,512,tile8,20,441981
sample,4096,512,tile8,21,441239
sample,4096,512,tile8,22,443267
sample,4096,512,tile8,23,440712
sample,4096,512,tile8,24,443415
sample,4096,512,tile8,25,444471
sample,4096,512,tile8,26,434415
sample,4096,512,tile8,27,435425
sample,4096,512,tile8,28,436137
sample,4096,512,tile8,29,435101
measured,4096,2048,vec4,1048576,4194304,5,30,12,555897,567516,4143a88e49ed614b,e0842ad8f72c0c9f,none,none
sample,4096,2048,vec4,0,552036
sample,4096,2048,vec4,1,558258
sample,4096,2048,vec4,2,558692
sample,4096,2048,vec4,3,551951
sample,4096,2048,vec4,4,567516
sample,4096,2048,vec4,5,552840
sample,4096,2048,vec4,6,553600
sample,4096,2048,vec4,7,554239
sample,4096,2048,vec4,8,557314
sample,4096,2048,vec4,9,555897
sample,4096,2048,vec4,10,556164
sample,4096,2048,vec4,11,556637
sample,4096,2048,vec4,12,553749
sample,4096,2048,vec4,13,554479
sample,4096,2048,vec4,14,550165
sample,4096,2048,vec4,15,558952
sample,4096,2048,vec4,16,552147
sample,4096,2048,vec4,17,550619
sample,4096,2048,vec4,18,545757
sample,4096,2048,vec4,19,568267
sample,4096,2048,vec4,20,559544
sample,4096,2048,vec4,21,556629
sample,4096,2048,vec4,22,558063
sample,4096,2048,vec4,23,553239
sample,4096,2048,vec4,24,549174
sample,4096,2048,vec4,25,557489
sample,4096,2048,vec4,26,557768
sample,4096,2048,vec4,27,560655
sample,4096,2048,vec4,28,553424
sample,4096,2048,vec4,29,560239
measured,4096,2048,fused2,1048576,4194304,5,30,11,514999,520942,4143a88e49ed614b,e0842ad8f72c0c9f,none,none
sample,4096,2048,fused2,0,516044
sample,4096,2048,fused2,1,516637
sample,4096,2048,fused2,2,513424
sample,4096,2048,fused2,3,508767
sample,4096,2048,fused2,4,520942
sample,4096,2048,fused2,5,509933
sample,4096,2048,fused2,6,509961
sample,4096,2048,fused2,7,514304
sample,4096,2048,fused2,8,514999
sample,4096,2048,fused2,9,513898
sample,4096,2048,fused2,10,519072
sample,4096,2048,fused2,11,516868
sample,4096,2048,fused2,12,512628
sample,4096,2048,fused2,13,510036
sample,4096,2048,fused2,14,510165
sample,4096,2048,fused2,15,515720
sample,4096,2048,fused2,16,515018
sample,4096,2048,fused2,17,520175
sample,4096,2048,fused2,18,514980
sample,4096,2048,fused2,19,519063
sample,4096,2048,fused2,20,518035
sample,4096,2048,fused2,21,533433
sample,4096,2048,fused2,22,514276
sample,4096,2048,fused2,23,518415
sample,4096,2048,fused2,24,514434
sample,4096,2048,fused2,25,517082
sample,4096,2048,fused2,26,513730
sample,4096,2048,fused2,27,519489
sample,4096,2048,fused2,28,511859
sample,4096,2048,fused2,29,518424
measured,4096,2048,tile8,1048576,4194304,5,30,10,542592,550128,4143a88e49ed614b,e0842ad8f72c0c9f,none,none
sample,4096,2048,tile8,0,546174
sample,4096,2048,tile8,1,537378
sample,4096,2048,tile8,2,542609
sample,4096,2048,tile8,3,543527
sample,4096,2048,tile8,4,546813
sample,4096,2048,tile8,5,540313
sample,4096,2048,tile8,6,542007
sample,4096,2048,tile8,7,543184
sample,4096,2048,tile8,8,542592
sample,4096,2048,tile8,9,541174
sample,4096,2048,tile8,10,539238
sample,4096,2048,tile8,11,549785
sample,4096,2048,tile8,12,559322
sample,4096,2048,tile8,13,541424
sample,4096,2048,tile8,14,537424
sample,4096,2048,tile8,15,541110
sample,4096,2048,tile8,16,549951
sample,4096,2048,tile8,17,538999
sample,4096,2048,tile8,18,538091
sample,4096,2048,tile8,19,540711
sample,4096,2048,tile8,20,541952
sample,4096,2048,tile8,21,538136
sample,4096,2048,tile8,22,544025
sample,4096,2048,tile8,23,544637
sample,4096,2048,tile8,24,543553
sample,4096,2048,tile8,25,546814
sample,4096,2048,tile8,26,539572
sample,4096,2048,tile8,27,550128
sample,4096,2048,tile8,28,545017
sample,4096,2048,tile8,29,545748
measured,16384,128,vec4,262144,1048576,5,30,14,570656,586230,318e48fc80dadb1f,a09bc0e13ecf9bf8,none,none
sample,16384,128,vec4,0,569211
sample,16384,128,vec4,1,578674
sample,16384,128,vec4,2,574359
sample,16384,128,vec4,3,572053
sample,16384,128,vec4,4,571100
sample,16384,128,vec4,5,562990
sample,16384,128,vec4,6,560257
sample,16384,128,vec4,7,564434
sample,16384,128,vec4,8,568452
sample,16384,128,vec4,9,585526
sample,16384,128,vec4,10,574776
sample,16384,128,vec4,11,586230
sample,16384,128,vec4,12,567100
sample,16384,128,vec4,13,572100
sample,16384,128,vec4,14,570656
sample,16384,128,vec4,15,570907
sample,16384,128,vec4,16,565546
sample,16384,128,vec4,17,563304
sample,16384,128,vec4,18,574471
sample,16384,128,vec4,19,570378
sample,16384,128,vec4,20,573970
sample,16384,128,vec4,21,569091
sample,16384,128,vec4,22,585461
sample,16384,128,vec4,23,570091
sample,16384,128,vec4,24,568859
sample,16384,128,vec4,25,562405
sample,16384,128,vec4,26,658738
sample,16384,128,vec4,27,571517
sample,16384,128,vec4,28,572869
sample,16384,128,vec4,29,562220
measured,16384,128,fused2,262144,1048576,5,30,13,536684,559044,318e48fc80dadb1f,a09bc0e13ecf9bf8,none,none
sample,16384,128,fused2,0,538230
sample,16384,128,fused2,1,537850
sample,16384,128,fused2,2,540248
sample,16384,128,fused2,3,546258
sample,16384,128,fused2,4,542785
sample,16384,128,fused2,5,537980
sample,16384,128,fused2,6,529527
sample,16384,128,fused2,7,530731
sample,16384,128,fused2,8,540360
sample,16384,128,fused2,9,532220
sample,16384,128,fused2,10,539775
sample,16384,128,fused2,11,534601
sample,16384,128,fused2,12,537832
sample,16384,128,fused2,13,534979
sample,16384,128,fused2,14,534018
sample,16384,128,fused2,15,536870
sample,16384,128,fused2,16,534628
sample,16384,128,fused2,17,529683
sample,16384,128,fused2,18,559044
sample,16384,128,fused2,19,531479
sample,16384,128,fused2,20,529868
sample,16384,128,fused2,21,549026
sample,16384,128,fused2,22,538137
sample,16384,128,fused2,23,536378
sample,16384,128,fused2,24,531053
sample,16384,128,fused2,25,535055
sample,16384,128,fused2,26,1250255
sample,16384,128,fused2,27,541313
sample,16384,128,fused2,28,536684
sample,16384,128,fused2,29,526916
measured,16384,128,tile8,262144,1048576,5,30,12,512962,523887,318e48fc80dadb1f,a09bc0e13ecf9bf8,none,none
sample,16384,128,tile8,0,521711
sample,16384,128,tile8,1,516350
sample,16384,128,tile8,2,514007
sample,16384,128,tile8,3,514277
sample,16384,128,tile8,4,513768
sample,16384,128,tile8,5,513600
sample,16384,128,tile8,6,511157
sample,16384,128,tile8,7,506592
sample,16384,128,tile8,8,508656
sample,16384,128,tile8,9,512481
sample,16384,128,tile8,10,512627
sample,16384,128,tile8,11,516452
sample,16384,128,tile8,12,514202
sample,16384,128,tile8,13,515961
sample,16384,128,tile8,14,513360
sample,16384,128,tile8,15,510592
sample,16384,128,tile8,16,512962
sample,16384,128,tile8,17,505629
sample,16384,128,tile8,18,524748
sample,16384,128,tile8,19,511516
sample,16384,128,tile8,20,518174
sample,16384,128,tile8,21,510887
sample,16384,128,tile8,22,511702
sample,16384,128,tile8,23,515072
sample,16384,128,tile8,24,505933
sample,16384,128,tile8,25,511915
sample,16384,128,tile8,26,523887
sample,16384,128,tile8,27,518174
sample,16384,128,tile8,28,508313
sample,16384,128,tile8,29,499072
measured,16384,512,vec4,1048576,4194304,5,30,14,639265,663424,08b87a1ca99fa7b8,cc66b7b8fae87df4,none,none
sample,16384,512,vec4,0,635276
sample,16384,512,vec4,1,637081
sample,16384,512,vec4,2,642841
sample,16384,512,vec4,3,639878
sample,16384,512,vec4,4,661600
sample,16384,512,vec4,5,641415
sample,16384,512,vec4,6,644498
sample,16384,512,vec4,7,637600
sample,16384,512,vec4,8,645257
sample,16384,512,vec4,9,639590
sample,16384,512,vec4,10,641350
sample,16384,512,vec4,11,632479
sample,16384,512,vec4,12,631563
sample,16384,512,vec4,13,638165
sample,16384,512,vec4,14,688582
sample,16384,512,vec4,15,651248
sample,16384,512,vec4,16,637628
sample,16384,512,vec4,17,647211
sample,16384,512,vec4,18,639628
sample,16384,512,vec4,19,663424
sample,16384,512,vec4,20,639265
sample,16384,512,vec4,21,639100
sample,16384,512,vec4,22,639202
sample,16384,512,vec4,23,639137
sample,16384,512,vec4,24,635312
sample,16384,512,vec4,25,637127
sample,16384,512,vec4,26,658015
sample,16384,512,vec4,27,637451
sample,16384,512,vec4,28,643656
sample,16384,512,vec4,29,633397
measured,16384,512,fused2,1048576,4194304,5,30,13,600303,618702,08b87a1ca99fa7b8,cc66b7b8fae87df4,none,none
sample,16384,512,fused2,0,600303
sample,16384,512,fused2,1,590767
sample,16384,512,fused2,2,594813
sample,16384,512,fused2,3,606257
sample,16384,512,fused2,4,605812
sample,16384,512,fused2,5,597267
sample,16384,512,fused2,6,601368
sample,16384,512,fused2,7,594479
sample,16384,512,fused2,8,595155
sample,16384,512,fused2,9,605627
sample,16384,512,fused2,10,601618
sample,16384,512,fused2,11,594313
sample,16384,512,fused2,12,602479
sample,16384,512,fused2,13,601711
sample,16384,512,fused2,14,596146
sample,16384,512,fused2,15,682600
sample,16384,512,fused2,16,601692
sample,16384,512,fused2,17,609359
sample,16384,512,fused2,18,602600
sample,16384,512,fused2,19,602544
sample,16384,512,fused2,20,602989
sample,16384,512,fused2,21,605923
sample,16384,512,fused2,22,618702
sample,16384,512,fused2,23,597729
sample,16384,512,fused2,24,599581
sample,16384,512,fused2,25,597664
sample,16384,512,fused2,26,598008
sample,16384,512,fused2,27,599776
sample,16384,512,fused2,28,595156
sample,16384,512,fused2,29,596906
measured,16384,512,tile8,1048576,4194304,5,30,12,625868,655563,08b87a1ca99fa7b8,cc66b7b8fae87df4,none,none
sample,16384,512,tile8,0,629970
sample,16384,512,tile8,1,622488
sample,16384,512,tile8,2,625553
sample,16384,512,tile8,3,622470
sample,16384,512,tile8,4,628054
sample,16384,512,tile8,5,626082
sample,16384,512,tile8,6,621980
sample,16384,512,tile8,7,617396
sample,16384,512,tile8,8,626415
sample,16384,512,tile8,9,628572
sample,16384,512,tile8,10,624795
sample,16384,512,tile8,11,622071
sample,16384,512,tile8,12,625868
sample,16384,512,tile8,13,625202
sample,16384,512,tile8,14,670008
sample,16384,512,tile8,15,655563
sample,16384,512,tile8,16,627637
sample,16384,512,tile8,17,622905
sample,16384,512,tile8,18,627775
sample,16384,512,tile8,19,628924
sample,16384,512,tile8,20,635878
sample,16384,512,tile8,21,625804
sample,16384,512,tile8,22,624544
sample,16384,512,tile8,23,624831
sample,16384,512,tile8,24,630053
sample,16384,512,tile8,25,624600
sample,16384,512,tile8,26,627795
sample,16384,512,tile8,27,619961
sample,16384,512,tile8,28,630877
sample,16384,512,tile8,29,625942
measured,16384,2048,vec4,4194304,16777216,5,30,14,843719,883664,6be3b72c15a212b9,3199380bd5011e6c,none,none
sample,16384,2048,vec4,0,843748
sample,16384,2048,vec4,1,829321
sample,16384,2048,vec4,2,854247
sample,16384,2048,vec4,3,845330
sample,16384,2048,vec4,4,837358
sample,16384,2048,vec4,5,840396
sample,16384,2048,vec4,6,849886
sample,16384,2048,vec4,7,839441
sample,16384,2048,vec4,8,861747
sample,16384,2048,vec4,9,843719
sample,16384,2048,vec4,10,842358
sample,16384,2048,vec4,11,835451
sample,16384,2048,vec4,12,904219
sample,16384,2048,vec4,13,838793
sample,16384,2048,vec4,14,844719
sample,16384,2048,vec4,15,842692
sample,16384,2048,vec4,16,842220
sample,16384,2048,vec4,17,848553
sample,16384,2048,vec4,18,840119
sample,16384,2048,vec4,19,844691
sample,16384,2048,vec4,20,834173
sample,16384,2048,vec4,21,837146
sample,16384,2048,vec4,22,845193
sample,16384,2048,vec4,23,883664
sample,16384,2048,vec4,24,857034
sample,16384,2048,vec4,25,846663
sample,16384,2048,vec4,26,840628
sample,16384,2048,vec4,27,843340
sample,16384,2048,vec4,28,846488
sample,16384,2048,vec4,29,865274
measured,16384,2048,fused2,4194304,16777216,5,30,13,799702,824516,6be3b72c15a212b9,3199380bd5011e6c,none,none
sample,16384,2048,fused2,0,804386
sample,16384,2048,fused2,1,788423
sample,16384,2048,fused2,2,786063
sample,16384,2048,fused2,3,801321
sample,16384,2048,fused2,4,801794
sample,16384,2048,fused2,5,803867
sample,16384,2048,fused2,6,799702
sample,16384,2048,fused2,7,793228
sample,16384,2048,fused2,8,797248
sample,16384,2048,fused2,9,792988
sample,16384,2048,fused2,10,797702
sample,16384,2048,fused2,11,791804
sample,16384,2048,fused2,12,801728
sample,16384,2048,fused2,13,803173
sample,16384,2048,fused2,14,802035
sample,16384,2048,fused2,15,799793
sample,16384,2048,fused2,16,803090
sample,16384,2048,fused2,17,800719
sample,16384,2048,fused2,18,798348
sample,16384,2048,fused2,19,796239
sample,16384,2048,fused2,20,793339
sample,16384,2048,fused2,21,807359
sample,16384,2048,fused2,22,794738
sample,16384,2048,fused2,23,824516
sample,16384,2048,fused2,24,825127
sample,16384,2048,fused2,25,800237
sample,16384,2048,fused2,26,798747
sample,16384,2048,fused2,27,823571
sample,16384,2048,fused2,28,792850
sample,16384,2048,fused2,29,794517
measured,16384,2048,tile8,4194304,16777216,5,30,12,1001163,1008913,6be3b72c15a212b9,3199380bd5011e6c,none,none
sample,16384,2048,tile8,0,1000756
sample,16384,2048,tile8,1,991135
sample,16384,2048,tile8,2,1001153
sample,16384,2048,tile8,3,997848
sample,16384,2048,tile8,4,998840
sample,16384,2048,tile8,5,1011840
sample,16384,2048,tile8,6,1008913
sample,16384,2048,tile8,7,998672
sample,16384,2048,tile8,8,1002820
sample,16384,2048,tile8,9,999969
sample,16384,2048,tile8,10,995200
sample,16384,2048,tile8,11,1004349
sample,16384,2048,tile8,12,998969
sample,16384,2048,tile8,13,997394
sample,16384,2048,tile8,14,1008663
sample,16384,2048,tile8,15,1003664
sample,16384,2048,tile8,16,1003497
sample,16384,2048,tile8,17,1001608
sample,16384,2048,tile8,18,1005412
sample,16384,2048,tile8,19,1004534
sample,16384,2048,tile8,20,1007756
sample,16384,2048,tile8,21,995775
sample,16384,2048,tile8,22,1000793
sample,16384,2048,tile8,23,998071
sample,16384,2048,tile8,24,1002886
sample,16384,2048,tile8,25,1001163
sample,16384,2048,tile8,26,1002812
sample,16384,2048,tile8,27,1006127
sample,16384,2048,tile8,28,1004561
sample,16384,2048,tile8,29,993803
measured,65536,128,vec4,1048576,4194304,5,30,16,728136,780840,9ec0db29a14c575b,4098921c6b362ecd,none,none
sample,65536,128,vec4,0,725831
sample,65536,128,vec4,1,734969
sample,65536,128,vec4,2,737609
sample,65536,128,vec4,3,723441
sample,65536,128,vec4,4,729322
sample,65536,128,vec4,5,736507
sample,65536,128,vec4,6,722950
sample,65536,128,vec4,7,730303
sample,65536,128,vec4,8,726229
sample,65536,128,vec4,9,725784
sample,65536,128,vec4,10,724044
sample,65536,128,vec4,11,725433
sample,65536,128,vec4,12,753109
sample,65536,128,vec4,13,720979
sample,65536,128,vec4,14,723322
sample,65536,128,vec4,15,730091
sample,65536,128,vec4,16,719369
sample,65536,128,vec4,17,734332
sample,65536,128,vec4,18,732951
sample,65536,128,vec4,19,726923
sample,65536,128,vec4,20,776691
sample,65536,128,vec4,21,720813
sample,65536,128,vec4,22,728136
sample,65536,128,vec4,23,727998
sample,65536,128,vec4,24,725969
sample,65536,128,vec4,25,780840
sample,65536,128,vec4,26,728387
sample,65536,128,vec4,27,767396
sample,65536,128,vec4,28,808443
sample,65536,128,vec4,29,729913
measured,65536,128,fused2,1048576,4194304,5,30,15,697406,740136,9ec0db29a14c575b,4098921c6b362ecd,none,none
sample,65536,128,fused2,0,694970
sample,65536,128,fused2,1,697239
sample,65536,128,fused2,2,703506
sample,65536,128,fused2,3,699628
sample,65536,128,fused2,4,695433
sample,65536,128,fused2,5,694767
sample,65536,128,fused2,6,697516
sample,65536,128,fused2,7,697406
sample,65536,128,fused2,8,693582
sample,65536,128,fused2,9,716331
sample,65536,128,fused2,10,698294
sample,65536,128,fused2,11,691072
sample,65536,128,fused2,12,747942
sample,65536,128,fused2,13,704257
sample,65536,128,fused2,14,696229
sample,65536,128,fused2,15,695646
sample,65536,128,fused2,16,715729
sample,65536,128,fused2,17,739313
sample,65536,128,fused2,18,699128
sample,65536,128,fused2,19,700600
sample,65536,128,fused2,20,701608
sample,65536,128,fused2,21,686322
sample,65536,128,fused2,22,689951
sample,65536,128,fused2,23,694081
sample,65536,128,fused2,24,705591
sample,65536,128,fused2,25,691600
sample,65536,128,fused2,26,689489
sample,65536,128,fused2,27,740136
sample,65536,128,fused2,28,704849
sample,65536,128,fused2,29,696073
measured,65536,128,tile8,1048576,4194304,5,30,14,710081,793830,9ec0db29a14c575b,4098921c6b362ecd,none,none
sample,65536,128,tile8,0,710081
sample,65536,128,tile8,1,716406
sample,65536,128,tile8,2,715054
sample,65536,128,tile8,3,709053
sample,65536,128,tile8,4,764182
sample,65536,128,tile8,5,705988
sample,65536,128,tile8,6,705110
sample,65536,128,tile8,7,715748
sample,65536,128,tile8,8,707960
sample,65536,128,tile8,9,708174
sample,65536,128,tile8,10,699720
sample,65536,128,tile8,11,711183
sample,65536,128,tile8,12,703544
sample,65536,128,tile8,13,702535
sample,65536,128,tile8,14,712461
sample,65536,128,tile8,15,725137
sample,65536,128,tile8,16,705072
sample,65536,128,tile8,17,793830
sample,65536,128,tile8,18,708998
sample,65536,128,tile8,19,710563
sample,65536,128,tile8,20,706924
sample,65536,128,tile8,21,705414
sample,65536,128,tile8,22,707813
sample,65536,128,tile8,23,705711
sample,65536,128,tile8,24,711433
sample,65536,128,tile8,25,750840
sample,65536,128,tile8,26,718628
sample,65536,128,tile8,27,799813
sample,65536,128,tile8,28,751099
sample,65536,128,tile8,29,712174
measured,65536,512,vec4,4194304,16777216,5,30,16,958209,990988,84d06402da633040,29115d73667dee45,none,none
sample,65536,512,vec4,0,956922
sample,65536,512,vec4,1,958209
sample,65536,512,vec4,2,967136
sample,65536,512,vec4,3,953719
sample,65536,512,vec4,4,969627
sample,65536,512,vec4,5,975210
sample,65536,512,vec4,6,961896
sample,65536,512,vec4,7,949617
sample,65536,512,vec4,8,986099
sample,65536,512,vec4,9,961460
sample,65536,512,vec4,10,962414
sample,65536,512,vec4,11,990988
sample,65536,512,vec4,12,997645
sample,65536,512,vec4,13,961785
sample,65536,512,vec4,14,962654
sample,65536,512,vec4,15,963081
sample,65536,512,vec4,16,960229
sample,65536,512,vec4,17,961923
sample,65536,512,vec4,18,955469
sample,65536,512,vec4,19,967784
sample,65536,512,vec4,20,954793
sample,65536,512,vec4,21,957090
sample,65536,512,vec4,22,951793
sample,65536,512,vec4,23,891423
sample,65536,512,vec4,24,853126
sample,65536,512,vec4,25,859275
sample,65536,512,vec4,26,848886
sample,65536,512,vec4,27,861711
sample,65536,512,vec4,28,860850
sample,65536,512,vec4,29,836275
measured,65536,512,fused2,4194304,16777216,5,30,15,920377,958599,84d06402da633040,29115d73667dee45,none,none
sample,65536,512,fused2,0,927312
sample,65536,512,fused2,1,927987
sample,65536,512,fused2,2,920377
sample,65536,512,fused2,3,958599
sample,65536,512,fused2,4,926886
sample,65536,512,fused2,5,931154
sample,65536,512,fused2,6,941126
sample,65536,512,fused2,7,916562
sample,65536,512,fused2,8,916432
sample,65536,512,fused2,9,912108
sample,65536,512,fused2,10,946728
sample,65536,512,fused2,11,926219
sample,65536,512,fused2,12,914830
sample,65536,512,fused2,13,923182
sample,65536,512,fused2,14,968960
sample,65536,512,fused2,15,918200
sample,65536,512,fused2,16,923765
sample,65536,512,fused2,17,933988
sample,65536,512,fused2,18,913451
sample,65536,512,fused2,19,957728
sample,65536,512,fused2,20,916367
sample,65536,512,fused2,21,926756
sample,65536,512,fused2,22,932709
sample,65536,512,fused2,23,899821
sample,65536,512,fused2,24,814969
sample,65536,512,fused2,25,818163
sample,65536,512,fused2,26,807655
sample,65536,512,fused2,27,818145
sample,65536,512,fused2,28,816387
sample,65536,512,fused2,29,809100
measured,65536,512,tile8,4194304,16777216,5,30,14,1106201,1132228,84d06402da633040,29115d73667dee45,none,none
sample,65536,512,tile8,0,1142061
sample,65536,512,tile8,1,1107931
sample,65536,512,tile8,2,1114497
sample,65536,512,tile8,3,1099478
sample,65536,512,tile8,4,1099090
sample,65536,512,tile8,5,1108459
sample,65536,512,tile8,6,1107099
sample,65536,512,tile8,7,1103145
sample,65536,512,tile8,8,1114469
sample,65536,512,tile8,9,1106201
sample,65536,512,tile8,10,1112664
sample,65536,512,tile8,11,1108368
sample,65536,512,tile8,12,1115042
sample,65536,512,tile8,13,1095552
sample,65536,512,tile8,14,1097497
sample,65536,512,tile8,15,1105682
sample,65536,512,tile8,16,1112440
sample,65536,512,tile8,17,1103052
sample,65536,512,tile8,18,1115986
sample,65536,512,tile8,19,1132228
sample,65536,512,tile8,20,1123895
sample,65536,512,tile8,21,1105256
sample,65536,512,tile8,22,1106673
sample,65536,512,tile8,23,1124006
sample,65536,512,tile8,24,961377
sample,65536,512,tile8,25,983247
sample,65536,512,tile8,26,956562
sample,65536,512,tile8,27,955524
sample,65536,512,tile8,28,958405
sample,65536,512,tile8,29,986858
skipped_limit,65536,2048,vec4,16777216,67108864,NA,NA,NA,NA,NA,NA,NA,cohort_dispatch_limit,none
skipped_limit,65536,2048,fused2,16777216,67108864,NA,NA,NA,NA,NA,NA,NA,cohort_dispatch_limit,none
skipped_limit,65536,2048,tile8,16777216,67108864,NA,NA,NA,NA,NA,NA,NA,cohort_dispatch_limit,none
measured,262144,128,vec4,4194304,16777216,5,30,18,888285,921673,603e59446e81431f,99960c282a7f4ca5,none,none
sample,262144,128,vec4,0,886589
sample,262144,128,vec4,1,892025
sample,262144,128,vec4,2,874137
sample,262144,128,vec4,3,898934
sample,262144,128,vec4,4,894099
sample,262144,128,vec4,5,881682
sample,262144,128,vec4,6,873646
sample,262144,128,vec4,7,891210
sample,262144,128,vec4,8,876072
sample,262144,128,vec4,9,894970
sample,262144,128,vec4,10,896459
sample,262144,128,vec4,11,918812
sample,262144,128,vec4,12,876867
sample,262144,128,vec4,13,888285
sample,262144,128,vec4,14,877091
sample,262144,128,vec4,15,897878
sample,262144,128,vec4,16,907229
sample,262144,128,vec4,17,921673
sample,262144,128,vec4,18,887201
sample,262144,128,vec4,19,890034
sample,262144,128,vec4,20,889654
sample,262144,128,vec4,21,887608
sample,262144,128,vec4,22,891302
sample,262144,128,vec4,23,922154
sample,262144,128,vec4,24,915266
sample,262144,128,vec4,25,852572
sample,262144,128,vec4,26,884367
sample,262144,128,vec4,27,857748
sample,262144,128,vec4,28,840210
sample,262144,128,vec4,29,837795
measured,262144,128,fused2,4194304,16777216,5,30,17,883979,931377,603e59446e81431f,99960c282a7f4ca5,none,none
sample,262144,128,fused2,0,896349
sample,262144,128,fused2,1,909330
sample,262144,128,fused2,2,865571
sample,262144,128,fused2,3,888822
sample,262144,128,fused2,4,883979
sample,262144,128,fused2,5,901747
sample,262144,128,fused2,6,863655
sample,262144,128,fused2,7,931377
sample,262144,128,fused2,8,892145
sample,262144,128,fused2,9,867350
sample,262144,128,fused2,10,881386
sample,262144,128,fused2,11,913330
sample,262144,128,fused2,12,863739
sample,262144,128,fused2,13,899293
sample,262144,128,fused2,14,909840
sample,262144,128,fused2,15,875443
sample,262144,128,fused2,16,889126
sample,262144,128,fused2,17,888034
sample,262144,128,fused2,18,866016
sample,262144,128,fused2,19,887460
sample,262144,128,fused2,20,943645
sample,262144,128,fused2,21,868757
sample,262144,128,fused2,22,888766
sample,262144,128,fused2,23,887164
sample,262144,128,fused2,24,863831
sample,262144,128,fused2,25,831590
sample,262144,128,fused2,26,825756
sample,262144,128,fused2,27,832330
sample,262144,128,fused2,28,828988
sample,262144,128,fused2,29,837895
measured,262144,128,tile8,4194304,16777216,5,30,16,981580,996562,603e59446e81431f,99960c282a7f4ca5,none,none
sample,262144,128,tile8,0,986321
sample,262144,128,tile8,1,998867
sample,262144,128,tile8,2,972951
sample,262144,128,tile8,3,982710
sample,262144,128,tile8,4,991025
sample,262144,128,tile8,5,981580
sample,262144,128,tile8,6,987969
sample,262144,128,tile8,7,992368
sample,262144,128,tile8,8,980571
sample,262144,128,tile8,9,972386
sample,262144,128,tile8,10,993636
sample,262144,128,tile8,11,986025
sample,262144,128,tile8,12,991089
sample,262144,128,tile8,13,974034
sample,262144,128,tile8,14,968386
sample,262144,128,tile8,15,996562
sample,262144,128,tile8,16,995840
sample,262144,128,tile8,17,993358
sample,262144,128,tile8,18,973330
sample,262144,128,tile8,19,993765
sample,262144,128,tile8,20,976951
sample,262144,128,tile8,21,980682
sample,262144,128,tile8,22,988691
sample,262144,128,tile8,23,994090
sample,262144,128,tile8,24,915978
sample,262144,128,tile8,25,892182
sample,262144,128,tile8,26,903867
sample,262144,128,tile8,27,907182
sample,262144,128,tile8,28,920543
sample,262144,128,tile8,29,924794
skipped_limit,262144,512,vec4,16777216,67108864,NA,NA,NA,NA,NA,NA,NA,cohort_dispatch_limit,none
skipped_limit,262144,512,fused2,16777216,67108864,NA,NA,NA,NA,NA,NA,NA,cohort_dispatch_limit,none
skipped_limit,262144,512,tile8,16777216,67108864,NA,NA,NA,NA,NA,NA,NA,cohort_dispatch_limit,none
skipped_limit,262144,2048,vec4,67108864,268435456,NA,NA,NA,NA,NA,NA,NA,cohort_dispatch_limit,none
skipped_limit,262144,2048,fused2,67108864,268435456,NA,NA,NA,NA,NA,NA,NA,cohort_dispatch_limit,none
skipped_limit,262144,2048,tile8,67108864,268435456,NA,NA,NA,NA,NA,NA,NA,cohort_dispatch_limit,none
skipped_limit,1048576,128,vec4,16777216,67108864,NA,NA,NA,NA,NA,NA,NA,cohort_dispatch_limit,none
skipped_limit,1048576,128,fused2,16777216,67108864,NA,NA,NA,NA,NA,NA,NA,cohort_dispatch_limit,none
skipped_limit,1048576,128,tile8,16777216,67108864,NA,NA,NA,NA,NA,NA,NA,cohort_dispatch_limit,none
skipped_limit,1048576,512,vec4,67108864,268435456,NA,NA,NA,NA,NA,NA,NA,cohort_dispatch_limit,none
skipped_limit,1048576,512,fused2,67108864,268435456,NA,NA,NA,NA,NA,NA,NA,cohort_dispatch_limit,none
skipped_limit,1048576,512,tile8,67108864,268435456,NA,NA,NA,NA,NA,NA,NA,cohort_dispatch_limit,none
skipped_limit,1048576,2048,vec4,268435456,1073741824,NA,NA,NA,NA,NA,NA,NA,cohort_dispatch_limit,none
skipped_limit,1048576,2048,fused2,268435456,1073741824,NA,NA,NA,NA,NA,NA,NA,cohort_dispatch_limit,none
skipped_limit,1048576,2048,tile8,268435456,1073741824,NA,NA,NA,NA,NA,NA,NA,cohort_dispatch_limit,none
qualification_status=complete
