benchmark=pvp3d_three_candidate_same_device
source_revision=ddb6f0144821dfa29d268601e7087e5001278e52
adapter=NVIDIA Tegra NVIDIA Thor
backend=Vulkan
device_type=IntegratedGpu
vendor_id=4318
device_id=11008
driver=NVIDIA
driver_info=580.00
hardware_measurement_eligible=true
physical_admission=external_remoteops_evidence_required
performance_claim=none
primary_timing_scope=resident_encode_plus_queue_submit_plus_device_wait
state_reset_scope=completed_before_timer
correctness_readback_scope=before_and_after_timing
candidate_order=ABC_ACB_BAC_BCA_CAB_CBA
resident_payload_scope=source_plus_three_states_excludes_driver_uniforms_and_readback
status,k,g,candidate,state_bytes,resident_payload_bytes,warmups,repeats,logical_dispatches,p50_ns,p95_ns,input_checksum,output_checksum,skip_reason,performance_claim
measured,256,128,vec4,4096,16384,5,30,8,231434,283620,4c67926a9205d7b4,956299587c8af4b4,none,none
sample,256,128,vec4,0,233037
sample,256,128,vec4,1,228037
sample,256,128,vec4,2,232037
sample,256,128,vec4,3,239666
sample,256,128,vec4,4,310027
sample,256,128,vec4,5,233787
sample,256,128,vec4,6,229369
sample,256,128,vec4,7,226426
sample,256,128,vec4,8,233712
sample,256,128,vec4,9,231434
sample,256,128,vec4,10,226592
sample,256,128,vec4,11,227380
sample,256,128,vec4,12,227833
sample,256,128,vec4,13,226426
sample,256,128,vec4,14,262601
sample,256,128,vec4,15,230518
sample,256,128,vec4,16,227768
sample,256,128,vec4,17,234369
sample,256,128,vec4,18,231147
sample,256,128,vec4,19,234869
sample,256,128,vec4,20,229249
sample,256,128,vec4,21,229675
sample,256,128,vec4,22,225463
sample,256,128,vec4,23,229926
sample,256,128,vec4,24,278583
sample,256,128,vec4,25,281508
sample,256,128,vec4,26,283620
sample,256,128,vec4,27,237148
sample,256,128,vec4,28,237851
sample,256,128,vec4,29,242416
measured,256,128,fused2,4096,16384,5,30,7,208102,271240,4c67926a9205d7b4,956299587c8af4b4,none,none
sample,256,128,fused2,0,207776
sample,256,128,fused2,1,206194
sample,256,128,fused2,2,208389
sample,256,128,fused2,3,207277
sample,256,128,fused2,4,233758
sample,256,128,fused2,5,220084
sample,256,128,fused2,6,207509
sample,256,128,fused2,7,205574
sample,256,128,fused2,8,208602
sample,256,128,fused2,9,203519
sample,256,128,fused2,10,208130
sample,256,128,fused2,11,207971
sample,256,128,fused2,12,206045
sample,256,128,fused2,13,271240
sample,256,128,fused2,14,227073
sample,256,128,fused2,15,208102
sample,256,128,fused2,16,211564
sample,256,128,fused2,17,207037
sample,256,128,fused2,18,205407
sample,256,128,fused2,19,210139
sample,256,128,fused2,20,207537
sample,256,128,fused2,21,206093
sample,256,128,fused2,22,207120
sample,256,128,fused2,23,207398
sample,256,128,fused2,24,221267
sample,256,128,fused2,25,215740
sample,256,128,fused2,26,473332
sample,256,128,fused2,27,223323
sample,256,128,fused2,28,223277
sample,256,128,fused2,29,219564
measured,256,128,tile8,4096,16384,5,30,6,186313,217537,4c67926a9205d7b4,956299587c8af4b4,none,none
sample,256,128,tile8,0,183444
sample,256,128,tile8,1,186887
sample,256,128,tile8,2,188499
sample,256,128,tile8,3,217537
sample,256,128,tile8,4,251110
sample,256,128,tile8,5,213823
sample,256,128,tile8,6,184916
sample,256,128,tile8,7,181295
sample,256,128,tile8,8,184231
sample,256,128,tile8,9,181028
sample,256,128,tile8,10,186647
sample,256,128,tile8,11,182666
sample,256,128,tile8,12,184231
sample,256,128,tile8,13,182223
sample,256,128,tile8,14,207371
sample,256,128,tile8,15,195869
sample,256,128,tile8,16,182768
sample,256,128,tile8,17,183722
sample,256,128,tile8,18,183750
sample,256,128,tile8,19,187073
sample,256,128,tile8,20,187721
sample,256,128,tile8,21,182472
sample,256,128,tile8,22,183675
sample,256,128,tile8,23,186313
sample,256,128,tile8,24,191166
sample,256,128,tile8,25,184250
sample,256,128,tile8,26,197231
sample,256,128,tile8,27,187378
sample,256,128,tile8,28,191445
sample,256,128,tile8,29,188611
measured,256,512,vec4,16384,65536,5,30,8,245898,258065,38bbe1f688e24d78,1c8bb372f8f1302e,none,none
sample,256,512,vec4,0,237175
sample,256,512,vec4,1,235666
sample,256,512,vec4,2,236712
sample,256,512,vec4,3,235684
sample,256,512,vec4,4,235852
sample,256,512,vec4,5,238120
sample,256,512,vec4,6,238157
sample,256,512,vec4,7,291750
sample,256,512,vec4,8,242286
sample,256,512,vec4,9,242027
sample,256,512,vec4,10,239648
sample,256,512,vec4,11,241417
sample,256,512,vec4,12,244971
sample,256,512,vec4,13,242943
sample,256,512,vec4,14,245545
sample,256,512,vec4,15,245999
sample,256,512,vec4,16,245898
sample,256,512,vec4,17,257971
sample,256,512,vec4,18,248064
sample,256,512,vec4,19,249083
sample,256,512,vec4,20,258065
sample,256,512,vec4,21,250065
sample,256,512,vec4,22,247814
sample,256,512,vec4,23,247416
sample,256,512,vec4,24,251203
sample,256,512,vec4,25,254573
sample,256,512,vec4,26,253674
sample,256,512,vec4,27,255473
sample,256,512,vec4,28,252165
sample,256,512,vec4,29,254601
measured,256,512,fused2,16384,65536,5,30,7,222758,276184,38bbe1f688e24d78,1c8bb372f8f1302e,none,none
sample,256,512,fused2,0,218232
sample,256,512,fused2,1,215056
sample,256,512,fused2,2,215009
sample,256,512,fused2,3,214797
sample,256,512,fused2,4,213897
sample,256,512,fused2,5,211666
sample,256,512,fused2,6,214341
sample,256,512,fused2,7,224721
sample,256,512,fused2,8,275648
sample,256,512,fused2,9,218824
sample,256,512,fused2,10,216249
sample,256,512,fused2,11,217380
sample,256,512,fused2,12,222758
sample,256,512,fused2,13,220592
sample,256,512,fused2,14,219545
sample,256,512,fused2,15,223472
sample,256,512,fused2,16,1346941
sample,256,512,fused2,17,232009
sample,256,512,fused2,18,227147
sample,256,512,fused2,19,223767
sample,256,512,fused2,20,220204
sample,256,512,fused2,21,226443
sample,256,512,fused2,22,225517
sample,256,512,fused2,23,222148
sample,256,512,fused2,24,226684
sample,256,512,fused2,25,243445
sample,256,512,fused2,26,276184
sample,256,512,fused2,27,233499
sample,256,512,fused2,28,229360
sample,256,512,fused2,29,230952
measured,256,512,tile8,16384,65536,5,30,6,197657,240240,38bbe1f688e24d78,1c8bb372f8f1302e,none,none
sample,256,512,tile8,0,188250
sample,256,512,tile8,1,192305
sample,256,512,tile8,2,191332
sample,256,512,tile8,3,187889
sample,256,512,tile8,4,189258
sample,256,512,tile8,5,187888
sample,256,512,tile8,6,191916
sample,256,512,tile8,7,199240
sample,256,512,tile8,8,200398
sample,256,512,tile8,9,193157
sample,256,512,tile8,10,192917
sample,256,512,tile8,11,194879
sample,256,512,tile8,12,195952
sample,256,512,tile8,13,194074
sample,256,512,tile8,14,196065
sample,256,512,tile8,15,197666
sample,256,512,tile8,16,196434
sample,256,512,tile8,17,250574
sample,256,512,tile8,18,202305
sample,256,512,tile8,19,197657
sample,256,512,tile8,20,198379
sample,256,512,tile8,21,198665
sample,256,512,tile8,22,199454
sample,256,512,tile8,23,199776
sample,256,512,tile8,24,200582
sample,256,512,tile8,25,240240
sample,256,512,tile8,26,203999
sample,256,512,tile8,27,203314
sample,256,512,tile8,28,202861
sample,256,512,tile8,29,205185
measured,256,2048,vec4,65536,262144,5,30,8,275027,300435,c9e538e9f9dccedd,259153fc2c7bc4e7,none,none
sample,256,2048,vec4,0,258120
sample,256,2048,vec4,1,258981
sample,256,2048,vec4,2,266897
sample,256,2048,vec4,3,262481
sample,256,2048,vec4,4,263258
sample,256,2048,vec4,5,262138
sample,256,2048,vec4,6,264583
sample,256,2048,vec4,7,270314
sample,256,2048,vec4,8,269425
sample,256,2048,vec4,9,270332
sample,256,2048,vec4,10,269213
sample,256,2048,vec4,11,272953
sample,256,2048,vec4,12,269360
sample,256,2048,vec4,13,276723
sample,256,2048,vec4,14,275758
sample,256,2048,vec4,15,300435
sample,256,2048,vec4,16,287666
sample,256,2048,vec4,17,279175
sample,256,2048,vec4,18,280379
sample,256,2048,vec4,19,276175
sample,256,2048,vec4,20,273536
sample,256,2048,vec4,21,283740
sample,256,2048,vec4,22,282628
sample,256,2048,vec4,23,279953
sample,256,2048,vec4,24,284767
sample,256,2048,vec4,25,275027
sample,256,2048,vec4,26,284546
sample,256,2048,vec4,27,282749
sample,256,2048,vec4,28,355453
sample,256,2048,vec4,29,294091
measured,256,2048,fused2,65536,262144,5,30,7,246536,255593,c9e538e9f9dccedd,259153fc2c7bc4e7,none,none
sample,256,2048,fused2,0,230554
sample,256,2048,fused2,1,239453
sample,256,2048,fused2,2,247721
sample,256,2048,fused2,3,233166
sample,256,2048,fused2,4,234471
sample,256,2048,fused2,5,237473
sample,256,2048,fused2,6,244555
sample,256,2048,fused2,7,244268
sample,256,2048,fused2,8,242463
sample,256,2048,fused2,9,241989
sample,256,2048,fused2,10,243675
sample,256,2048,fused2,11,246628
sample,256,2048,fused2,12,246536
sample,256,2048,fused2,13,247054
sample,256,2048,fused2,14,245194
sample,256,2048,fused2,15,244138
sample,256,2048,fused2,16,249777
sample,256,2048,fused2,17,249702
sample,256,2048,fused2,18,249240
sample,256,2048,fused2,19,254676
sample,256,2048,fused2,20,245760
sample,256,2048,fused2,21,243573
sample,256,2048,fused2,22,253064
sample,256,2048,fused2,23,255593
sample,256,2048,fused2,24,247518
sample,256,2048,fused2,25,252453
sample,256,2048,fused2,26,250463
sample,256,2048,fused2,27,253999
sample,256,2048,fused2,28,268592
sample,256,2048,fused2,29,254425
measured,256,2048,tile8,65536,262144,5,30,6,227343,256490,c9e538e9f9dccedd,259153fc2c7bc4e7,none,none
sample,256,2048,tile8,0,213555
sample,256,2048,tile8,1,215759
sample,256,2048,tile8,2,213610
sample,256,2048,tile8,3,216509
sample,256,2048,tile8,4,215091
sample,256,2048,tile8,5,217518
sample,256,2048,tile8,6,233906
sample,256,2048,tile8,7,256490
sample,256,2048,tile8,8,223850
sample,256,2048,tile8,9,220425
sample,256,2048,tile8,10,221685
sample,256,2048,tile8,11,237259
sample,256,2048,tile8,12,227453
sample,256,2048,tile8,13,226259
sample,256,2048,tile8,14,225490
sample,256,2048,tile8,15,255944
sample,256,2048,tile8,16,251943
sample,256,2048,tile8,17,227343
sample,256,2048,tile8,18,230944
sample,256,2048,tile8,19,225203
sample,256,2048,tile8,20,224425
sample,256,2048,tile8,21,231425
sample,256,2048,tile8,22,228555
sample,256,2048,tile8,23,231010
sample,256,2048,tile8,24,228953
sample,256,2048,tile8,25,225693
sample,256,2048,tile8,26,233084
sample,256,2048,tile8,27,229212
sample,256,2048,tile8,28,234471
sample,256,2048,tile8,29,292453
measured,1024,128,vec4,16384,65536,5,30,10,374073,402924,26abf5bddd03bbc5,79acd556594188cd,none,none
sample,1024,128,vec4,0,349444
sample,1024,128,vec4,1,350231
sample,1024,128,vec4,2,358379
sample,1024,128,vec4,3,352276
sample,1024,128,vec4,4,366415
sample,1024,128,vec4,5,379147
sample,1024,128,vec4,6,424073
sample,1024,128,vec4,7,365537
sample,1024,128,vec4,8,363148
sample,1024,128,vec4,9,361249
sample,1024,128,vec4,10,370730
sample,1024,128,vec4,11,372981
sample,1024,128,vec4,12,368415
sample,1024,128,vec4,13,373369
sample,1024,128,vec4,14,368647
sample,1024,128,vec4,15,374073
sample,1024,128,vec4,16,372342
sample,1024,128,vec4,17,376018
sample,1024,128,vec4,18,385054
sample,1024,128,vec4,19,402924
sample,1024,128,vec4,20,382684
sample,1024,128,vec4,21,383452
sample,1024,128,vec4,22,383156
sample,1024,128,vec4,23,382156
sample,1024,128,vec4,24,390193
sample,1024,128,vec4,25,391369
sample,1024,128,vec4,26,391017
sample,1024,128,vec4,27,382462
sample,1024,128,vec4,28,386656
sample,1024,128,vec4,29,387184
measured,1024,128,fused2,16384,65536,5,30,9,343017,368916,26abf5bddd03bbc5,79acd556594188cd,none,none
sample,1024,128,fused2,0,322119
sample,1024,128,fused2,1,323850
sample,1024,128,fused2,2,334999
sample,1024,128,fused2,3,326944
sample,1024,128,fused2,4,336962
sample,1024,128,fused2,5,336536
sample,1024,128,fused2,6,336203
sample,1024,128,fused2,7,338166
sample,1024,128,fused2,8,332407
sample,1024,128,fused2,9,335527
sample,1024,128,fused2,10,343017
sample,1024,128,fused2,11,345934
sample,1024,128,fused2,12,350304
sample,1024,128,fused2,13,340509
sample,1024,128,fused2,14,343212
sample,1024,128,fused2,15,341777
sample,1024,128,fused2,16,342693
sample,1024,128,fused2,17,338721
sample,1024,128,fused2,18,351795
sample,1024,128,fused2,19,355434
sample,1024,128,fused2,20,354406
sample,1024,128,fused2,21,351980
sample,1024,128,fused2,22,351749
sample,1024,128,fused2,23,351360
sample,1024,128,fused2,24,359823
sample,1024,128,fused2,25,372138
sample,1024,128,fused2,26,368916
sample,1024,128,fused2,27,348489
sample,1024,128,fused2,28,357471
sample,1024,128,fused2,29,356119
measured,1024,128,tile8,16384,65536,5,30,8,307842,369323,26abf5bddd03bbc5,79acd556594188cd,none,none
sample,1024,128,tile8,0,290545
sample,1024,128,tile8,1,294916
sample,1024,128,tile8,2,295888
sample,1024,128,tile8,3,295888
sample,1024,128,tile8,4,297944
sample,1024,128,tile8,5,301278
sample,1024,128,tile8,6,302268
sample,1024,128,tile8,7,300897
sample,1024,128,tile8,8,306445
sample,1024,128,tile8,9,299906
sample,1024,128,tile8,10,304583
sample,1024,128,tile8,11,307842
sample,1024,128,tile8,12,340304
sample,1024,128,tile8,13,312564
sample,1024,128,tile8,14,304138
sample,1024,128,tile8,15,311592
sample,1024,128,tile8,16,304721
sample,1024,128,tile8,17,305702
sample,1024,128,tile8,18,320212
sample,1024,128,tile8,19,373194
sample,1024,128,tile8,20,313518
sample,1024,128,tile8,21,313666
sample,1024,128,tile8,22,325157
sample,1024,128,tile8,23,310675
sample,1024,128,tile8,24,321166
sample,1024,128,tile8,25,369323
sample,1024,128,tile8,26,313295
sample,1024,128,tile8,27,311370
sample,1024,128,tile8,28,316740
sample,1024,128,tile8,29,319129
measured,1024,512,vec4,65536,262144,5,30,10,410128,430546,0949b62ffc70d026,7663f0c9d3466943,none,none
sample,1024,512,vec4,0,400990
sample,1024,512,vec4,1,421555
sample,1024,512,vec4,2,400526
sample,1024,512,vec4,3,406637
sample,1024,512,vec4,4,409943
sample,1024,512,vec4,5,409286
sample,1024,512,vec4,6,408258
sample,1024,512,vec4,7,410128
sample,1024,512,vec4,8,410786
sample,1024,512,vec4,9,412203
sample,1024,512,vec4,10,414054
sample,1024,512,vec4,11,409342
sample,1024,512,vec4,12,410415
sample,1024,512,vec4,13,433683
sample,1024,512,vec4,14,412156
sample,1024,512,vec4,15,417351
sample,1024,512,vec4,16,408795
sample,1024,512,vec4,17,406823
sample,1024,512,vec4,18,406147
sample,1024,512,vec4,19,427971
sample,1024,512,vec4,20,411684
sample,1024,512,vec4,21,410268
sample,1024,512,vec4,22,409379
sample,1024,512,vec4,23,410342
sample,1024,512,vec4,24,409249
sample,1024,512,vec4,25,430546
sample,1024,512,vec4,26,419629
sample,1024,512,vec4,27,410258
sample,1024,512,vec4,28,406416
sample,1024,512,vec4,29,409962
measured,1024,512,fused2,65536,262144,5,30,9,374934,386759,0949b62ffc70d026,7663f0c9d3466943,none,none
sample,1024,512,fused2,0,363730
sample,1024,512,fused2,1,367610
sample,1024,512,fused2,2,364610
sample,1024,512,fused2,3,366017
sample,1024,512,fused2,4,380453
sample,1024,512,fused2,5,373906
sample,1024,512,fused2,6,379962
sample,1024,512,fused2,7,376397
sample,1024,512,fused2,8,365860
sample,1024,512,fused2,9,374657
sample,1024,512,fused2,10,376600
sample,1024,512,fused2,11,374915
sample,1024,512,fused2,12,374137
sample,1024,512,fused2,13,378833
sample,1024,512,fused2,14,375129
sample,1024,512,fused2,15,380573
sample,1024,512,fused2,16,374990
sample,1024,512,fused2,17,373610
sample,1024,512,fused2,18,386759
sample,1024,512,fused2,19,375526
sample,1024,512,fused2,20,373193
sample,1024,512,fused2,21,374749
sample,1024,512,fused2,22,374934
sample,1024,512,fused2,23,377452
sample,1024,512,fused2,24,375452
sample,1024,512,fused2,25,376675
sample,1024,512,fused2,26,396703
sample,1024,512,fused2,27,379286
sample,1024,512,fused2,28,374564
sample,1024,512,fused2,29,372554
measured,1024,512,tile8,65536,262144,5,30,8,345981,397092,0949b62ffc70d026,7663f0c9d3466943,none,none
sample,1024,512,tile8,0,339360
sample,1024,512,tile8,1,391581
sample,1024,512,tile8,2,337629
sample,1024,512,tile8,3,332211
sample,1024,512,tile8,4,335239
sample,1024,512,tile8,5,342018
sample,1024,512,tile8,6,342563
sample,1024,512,tile8,7,381183
sample,1024,512,tile8,8,348425
sample,1024,512,tile8,9,349777
sample,1024,512,tile8,10,346591
sample,1024,512,tile8,11,347267
sample,1024,512,tile8,12,345981
sample,1024,512,tile8,13,383036
sample,1024,512,tile8,14,352045
sample,1024,512,tile8,15,396285
sample,1024,512,tile8,16,340573
sample,1024,512,tile8,17,341332
sample,1024,512,tile8,18,353129
sample,1024,512,tile8,19,397092
sample,1024,512,tile8,20,344231
sample,1024,512,tile8,21,346953
sample,1024,512,tile8,22,340925
sample,1024,512,tile8,23,345555
sample,1024,512,tile8,24,361435
sample,1024,512,tile8,25,401526
sample,1024,512,tile8,26,347342
sample,1024,512,tile8,27,343638
sample,1024,512,tile8,28,342388
sample,1024,512,tile8,29,342323
measured,1024,2048,vec4,262144,1048576,5,30,10,416842,468397,2d4a1c573b9665e7,d32c613321b43c7f,none,none
sample,1024,2048,vec4,0,416157
sample,1024,2048,vec4,1,413703
sample,1024,2048,vec4,2,413201
sample,1024,2048,vec4,3,468397
sample,1024,2048,vec4,4,421091
sample,1024,2048,vec4,5,415517
sample,1024,2048,vec4,6,427082
sample,1024,2048,vec4,7,419027
sample,1024,2048,vec4,8,416842
sample,1024,2048,vec4,9,416109
sample,1024,2048,vec4,10,417481
sample,1024,2048,vec4,11,420740
sample,1024,2048,vec4,12,411962
sample,1024,2048,vec4,13,414684
sample,1024,2048,vec4,14,414794
sample,1024,2048,vec4,15,427129
sample,1024,2048,vec4,16,418248
sample,1024,2048,vec4,17,416193
sample,1024,2048,vec4,18,411157
sample,1024,2048,vec4,19,417220
sample,1024,2048,vec4,20,492341
sample,1024,2048,vec4,21,415739
sample,1024,2048,vec4,22,411972
sample,1024,2048,vec4,23,417748
sample,1024,2048,vec4,24,415703
sample,1024,2048,vec4,25,419230
sample,1024,2048,vec4,26,424990
sample,1024,2048,vec4,27,421027
sample,1024,2048,vec4,28,428684
sample,1024,2048,vec4,29,416323
measured,1024,2048,fused2,262144,1048576,5,30,9,381749,413629,2d4a1c573b9665e7,d32c613321b43c7f,none,none
sample,1024,2048,fused2,0,393888
sample,1024,2048,fused2,1,381749
sample,1024,2048,fused2,2,377434
sample,1024,2048,fused2,3,380323
sample,1024,2048,fused2,4,383471
sample,1024,2048,fused2,5,381517
sample,1024,2048,fused2,6,383120
sample,1024,2048,fused2,7,385833
sample,1024,2048,fused2,8,380194
sample,1024,2048,fused2,9,417582
sample,1024,2048,fused2,10,380398
sample,1024,2048,fused2,11,382683
sample,1024,2048,fused2,12,379203
sample,1024,2048,fused2,13,380119
sample,1024,2048,fused2,14,374591
sample,1024,2048,fused2,15,401740
sample,1024,2048,fused2,16,382944
sample,1024,2048,fused2,17,385711
sample,1024,2048,fused2,18,381147
sample,1024,2048,fused2,19,381536
sample,1024,2048,fused2,20,381535
sample,1024,2048,fused2,21,391499
sample,1024,2048,fused2,22,383378
sample,1024,2048,fused2,23,382943
sample,1024,2048,fused2,24,378647
sample,1024,2048,fused2,25,380527
sample,1024,2048,fused2,26,413629
sample,1024,2048,fused2,27,382249
sample,1024,2048,fused2,28,390480
sample,1024,2048,fused2,29,380082
measured,1024,2048,tile8,262144,1048576,5,30,8,362638,395332,2d4a1c573b9665e7,d32c613321b43c7f,none,none
sample,1024,2048,tile8,0,362638
sample,1024,2048,tile8,1,359842
sample,1024,2048,tile8,2,359758
sample,1024,2048,tile8,3,371629
sample,1024,2048,tile8,4,363666
sample,1024,2048,tile8,5,363535
sample,1024,2048,tile8,6,363351
sample,1024,2048,tile8,7,359101
sample,1024,2048,tile8,8,359759
sample,1024,2048,tile8,9,395332
sample,1024,2048,tile8,10,366342
sample,1024,2048,tile8,11,361536
sample,1024,2048,tile8,12,358740
sample,1024,2048,tile8,13,360018
sample,1024,2048,tile8,14,397712
sample,1024,2048,tile8,15,360712
sample,1024,2048,tile8,16,362230
sample,1024,2048,tile8,17,363768
sample,1024,2048,tile8,18,362295
sample,1024,2048,tile8,19,361740
sample,1024,2048,tile8,20,370850
sample,1024,2048,tile8,21,370962
sample,1024,2048,tile8,22,359610
sample,1024,2048,tile8,23,362841
sample,1024,2048,tile8,24,359304
sample,1024,2048,tile8,25,363193
sample,1024,2048,tile8,26,394259
sample,1024,2048,tile8,27,358305
sample,1024,2048,tile8,28,379906
sample,1024,2048,tile8,29,365009
measured,4096,128,vec4,65536,262144,5,30,12,485388,536906,d878e557b6daedce,8cc85ceb09c8efed,none,none
sample,4096,128,vec4,0,485916
sample,4096,128,vec4,1,485869
sample,4096,128,vec4,2,487720
sample,4096,128,vec4,3,508694
sample,4096,128,vec4,4,484527
sample,4096,128,vec4,5,495323
sample,4096,128,vec4,6,482027
sample,4096,128,vec4,7,482989
sample,4096,128,vec4,8,517470
sample,4096,128,vec4,9,482211
sample,4096,128,vec4,10,480813
sample,4096,128,vec4,11,480525
sample,4096,128,vec4,12,481897
sample,4096,128,vec4,13,484988
sample,4096,128,vec4,14,536906
sample,4096,128,vec4,15,492433
sample,4096,128,vec4,16,483822
sample,4096,128,vec4,17,482924
sample,4096,128,vec4,18,478823
sample,4096,128,vec4,19,496452
sample,4096,128,vec4,20,479869
sample,4096,128,vec4,21,481638
sample,4096,128,vec4,22,482183
sample,4096,128,vec4,23,491424
sample,4096,128,vec4,24,485388
sample,4096,128,vec4,25,989988
sample,4096,128,vec4,26,523304
sample,4096,128,vec4,27,492378
sample,4096,128,vec4,28,501961
sample,4096,128,vec4,29,491016
measured,4096,128,fused2,65536,262144,5,30,11,450582,497249,d878e557b6daedce,8cc85ceb09c8efed,none,none
sample,4096,128,fused2,0,453285
sample,4096,128,fused2,1,448415
sample,4096,128,fused2,2,448906
sample,4096,128,fused2,3,497249
sample,4096,128,fused2,4,452749
sample,4096,128,fused2,5,449832
sample,4096,128,fused2,6,450277
sample,4096,128,fused2,7,448572
sample,4096,128,fused2,8,444952
sample,4096,128,fused2,9,445294
sample,4096,128,fused2,10,449527
sample,4096,128,fused2,11,450582
sample,4096,128,fused2,12,447720
sample,4096,128,fused2,13,457554
sample,4096,128,fused2,14,502434
sample,4096,128,fused2,15,471730
sample,4096,128,fused2,16,452314
sample,4096,128,fused2,17,450120
sample,4096,128,fused2,18,497045
sample,4096,128,fused2,19,448073
sample,4096,128,fused2,20,448443
sample,4096,128,fused2,21,475462
sample,4096,128,fused2,22,450916
sample,4096,128,fused2,23,448601
sample,4096,128,fused2,24,450072
sample,4096,128,fused2,25,487888
sample,4096,128,fused2,26,472183
sample,4096,128,fused2,27,457989
sample,4096,128,fused2,28,464962
sample,4096,128,fused2,29,450841
measured,4096,128,tile8,65536,262144,5,30,10,419489,460841,d878e557b6daedce,8cc85ceb09c8efed,none,none
sample,4096,128,tile8,0,419489
sample,4096,128,tile8,1,415222
sample,4096,128,tile8,2,417222
sample,4096,128,tile8,3,421425
sample,4096,128,tile8,4,419110
sample,4096,128,tile8,5,418064
sample,4096,128,tile8,6,416536
sample,4096,128,tile8,7,411637
sample,4096,128,tile8,8,460841
sample,4096,128,tile8,9,415332
sample,4096,128,tile8,10,415277
sample,4096,128,tile8,11,416527
sample,4096,128,tile8,12,418184
sample,4096,128,tile8,13,457397
sample,4096,128,tile8,14,458027
sample,4096,128,tile8,15,426045
sample,4096,128,tile8,16,419008
sample,4096,128,tile8,17,419490
sample,4096,128,tile8,18,426425
sample,4096,128,tile8,19,414268
sample,4096,128,tile8,20,420101
sample,4096,128,tile8,21,420721
sample,4096,128,tile8,22,416898
sample,4096,128,tile8,23,421230
sample,4096,128,tile8,24,417740
sample,4096,128,tile8,25,477424
sample,4096,128,tile8,26,432684
sample,4096,128,tile8,27,421415
sample,4096,128,tile8,28,422425
sample,4096,128,tile8,29,425257
measured,4096,512,vec4,262144,1048576,5,30,12,363592,477424,07e875993970433c,207dceeda1be3f5b,none,none
sample,4096,512,vec4,0,554758
sample,4096,512,vec4,1,477424
sample,4096,512,vec4,2,394471
sample,4096,512,vec4,3,342276
sample,4096,512,vec4,4,392146
sample,4096,512,vec4,5,368916
sample,4096,512,vec4,6,347638
sample,4096,512,vec4,7,345462
sample,4096,512,vec4,8,345619
sample,4096,512,vec4,9,346240
sample,4096,512,vec4,10,342583
sample,4096,512,vec4,11,355842
sample,4096,512,vec4,12,368758
sample,4096,512,vec4,13,339925
sample,4096,512,vec4,14,337629
sample,4096,512,vec4,15,344212
sample,4096,512,vec4,16,339434
sample,4096,512,vec4,17,342379
sample,4096,512,vec4,18,350008
sample,4096,512,vec4,19,361795
sample,4096,512,vec4,20,366554
sample,4096,512,vec4,21,370647
sample,4096,512,vec4,22,363592
sample,4096,512,vec4,23,372637
sample,4096,512,vec4,24,367184
sample,4096,512,vec4,25,410638
sample,4096,512,vec4,26,375165
sample,4096,512,vec4,27,381323
sample,4096,512,vec4,28,386368
sample,4096,512,vec4,29,378184
measured,4096,512,fused2,262144,1048576,5,30,11,338276,471461,07e875993970433c,207dceeda1be3f5b,none,none
sample,4096,512,fused2,0,471461
sample,4096,512,fused2,1,487886
sample,4096,512,fused2,2,393518
sample,4096,512,fused2,3,312314
sample,4096,512,fused2,4,371388
sample,4096,512,fused2,5,382444
sample,4096,512,fused2,6,322527
sample,4096,512,fused2,7,324036
sample,4096,512,fused2,8,319870
sample,4096,512,fused2,9,328610
sample,4096,512,fused2,10,319823
sample,4096,512,fused2,11,324138
sample,4096,512,fused2,12,321731
sample,4096,512,fused2,13,322619
sample,4096,512,fused2,14,317703
sample,4096,512,fused2,15,316434
sample,4096,512,fused2,16,319990
sample,4096,512,fused2,17,318416
sample,4096,512,fused2,18,344378
sample,4096,512,fused2,19,342416
sample,4096,512,fused2,20,337129
sample,4096,512,fused2,21,338276
sample,4096,512,fused2,22,343768
sample,4096,512,fused2,23,340434
sample,4096,512,fused2,24,343971
sample,4096,512,fused2,25,360212
sample,4096,512,fused2,26,353832
sample,4096,512,fused2,27,350453
sample,4096,512,fused2,28,387952
sample,4096,512,fused2,29,349166
measured,4096,512,tile8,262144,1048576,5,30,10,316777,396517,07e875993970433c,207dceeda1be3f5b,none,none
sample,4096,512,tile8,0,455620
sample,4096,512,tile8,1,396517
sample,4096,512,tile8,2,309740
sample,4096,512,tile8,3,300981
sample,4096,512,tile8,4,306832
sample,4096,512,tile8,5,332369
sample,4096,512,tile8,6,313231
sample,4096,512,tile8,7,311952
sample,4096,512,tile8,8,316203
sample,4096,512,tile8,9,316777
sample,4096,512,tile8,10,307712
sample,4096,512,tile8,11,315397
sample,4096,512,tile8,12,315980
sample,4096,512,tile8,13,309333
sample,4096,512,tile8,14,313545
sample,4096,512,tile8,15,307499
sample,4096,512,tile8,16,309221
sample,4096,512,tile8,17,308952
sample,4096,512,tile8,18,329711
sample,4096,512,tile8,19,328711
sample,4096,512,tile8,20,333684
sample,4096,512,tile8,21,333971
sample,4096,512,tile8,22,325176
sample,4096,512,tile8,23,331795
sample,4096,512,tile8,24,331953
sample,4096,512,tile8,25,379027
sample,4096,512,tile8,26,340258
sample,4096,512,tile8,27,335805
sample,4096,512,tile8,28,392166
sample,4096,512,tile8,29,346869
measured,4096,2048,vec4,1048576,4194304,5,30,12,417165,516267,4143a88e49ed614b,e0842ad8f72c0c9f,none,none
sample,4096,2048,vec4,0,490442
sample,4096,2048,vec4,1,457748
sample,4096,2048,vec4,2,576379
sample,4096,2048,vec4,3,460859
sample,4096,2048,vec4,4,501666
sample,4096,2048,vec4,5,461989
sample,4096,2048,vec4,6,457175
sample,4096,2048,vec4,7,463164
sample,4096,2048,vec4,8,467119
sample,4096,2048,vec4,9,491739
sample,4096,2048,vec4,10,516267
sample,4096,2048,vec4,11,410341
sample,4096,2048,vec4,12,401129
sample,4096,2048,vec4,13,504879
sample,4096,2048,vec4,14,430027
sample,4096,2048,vec4,15,469480
sample,4096,2048,vec4,16,406666
sample,4096,2048,vec4,17,398619
sample,4096,2048,vec4,18,390878
sample,4096,2048,vec4,19,387980
sample,4096,2048,vec4,20,385406
sample,4096,2048,vec4,21,353803
sample,4096,2048,vec4,22,459091
sample,4096,2048,vec4,23,357971
sample,4096,2048,vec4,24,351480
sample,4096,2048,vec4,25,361313
sample,4096,2048,vec4,26,364592
sample,4096,2048,vec4,27,347971
sample,4096,2048,vec4,28,417165
sample,4096,2048,vec4,29,351748
measured,4096,2048,fused2,1048576,4194304,5,30,11,392119,449591,4143a88e49ed614b,e0842ad8f72c0c9f,none,none
sample,4096,2048,fused2,0,478350
sample,4096,2048,fused2,1,422517
sample,4096,2048,fused2,2,422545
sample,4096,2048,fused2,3,434637
sample,4096,2048,fused2,4,449591
sample,4096,2048,fused2,5,436915
sample,4096,2048,fused2,6,428137
sample,4096,2048,fused2,7,440369
sample,4096,2048,fused2,8,439194
sample,4096,2048,fused2,9,438545
sample,4096,2048,fused2,10,427832
sample,4096,2048,fused2,11,394017
sample,4096,2048,fused2,12,371619
sample,4096,2048,fused2,13,386841
sample,4096,2048,fused2,14,383805
sample,4096,2048,fused2,15,384397
sample,4096,2048,fused2,16,434731
sample,4096,2048,fused2,17,375064
sample,4096,2048,fused2,18,367962
sample,4096,2048,fused2,19,392119
sample,4096,2048,fused2,20,394934
sample,4096,2048,fused2,21,346915
sample,4096,2048,fused2,22,409258
sample,4096,2048,fused2,23,334425
sample,4096,2048,fused2,24,331860
sample,4096,2048,fused2,25,388749
sample,4096,2048,fused2,26,353527
sample,4096,2048,fused2,27,335202
sample,4096,2048,fused2,28,329795
sample,4096,2048,fused2,29,329369
measured,4096,2048,tile8,1048576,4194304,5,30,10,430073,479646,4143a88e49ed614b,e0842ad8f72c0c9f,none,none
sample,4096,2048,tile8,0,450472
sample,4096,2048,tile8,1,455481
sample,4096,2048,tile8,2,478518
sample,4096,2048,tile8,3,468471
sample,4096,2048,tile8,4,465878
sample,4096,2048,tile8,5,460591
sample,4096,2048,tile8,6,471276
sample,4096,2048,tile8,7,466333
sample,4096,2048,tile8,8,470581
sample,4096,2048,tile8,9,479490
sample,4096,2048,tile8,10,453147
sample,4096,2048,tile8,11,423905
sample,4096,2048,tile8,12,1113525
sample,4096,2048,tile8,13,436433
sample,4096,2048,tile8,14,479646
sample,4096,2048,tile8,15,427729
sample,4096,2048,tile8,16,430073
sample,4096,2048,tile8,17,423277
sample,4096,2048,tile8,18,407767
sample,4096,2048,tile8,19,457583
sample,4096,2048,tile8,20,385045
sample,4096,2048,tile8,21,375934
sample,4096,2048,tile8,22,357814
sample,4096,2048,tile8,23,387147
sample,4096,2048,tile8,24,386841
sample,4096,2048,tile8,25,381953
sample,4096,2048,tile8,26,365471
sample,4096,2048,tile8,27,358230
sample,4096,2048,tile8,28,356324
sample,4096,2048,tile8,29,374379
measured,16384,128,vec4,262144,1048576,5,30,14,362554,411583,318e48fc80dadb1f,a09bc0e13ecf9bf8,none,none
sample,16384,128,vec4,0,357814
sample,16384,128,vec4,1,359286
sample,16384,128,vec4,2,360323
sample,16384,128,vec4,3,390730
sample,16384,128,vec4,4,361462
sample,16384,128,vec4,5,362110
sample,16384,128,vec4,6,361545
sample,16384,128,vec4,7,437221
sample,16384,128,vec4,8,366166
sample,16384,128,vec4,9,371370
sample,16384,128,vec4,10,384295
sample,16384,128,vec4,11,364184
sample,16384,128,vec4,12,362554
sample,16384,128,vec4,13,343554
sample,16384,128,vec4,14,336017
sample,16384,128,vec4,15,334999
sample,16384,128,vec4,16,333953
sample,16384,128,vec4,17,411583
sample,16384,128,vec4,18,353611
sample,16384,128,vec4,19,342444
sample,16384,128,vec4,20,407174
sample,16384,128,vec4,21,344702
sample,16384,128,vec4,22,345397
sample,16384,128,vec4,23,372416
sample,16384,128,vec4,24,369138
sample,16384,128,vec4,25,364248
sample,16384,128,vec4,26,368453
sample,16384,128,vec4,27,372610
sample,16384,128,vec4,28,367017
sample,16384,128,vec4,29,370304
measured,16384,128,fused2,262144,1048576,5,30,13,344536,365369,318e48fc80dadb1f,a09bc0e13ecf9bf8,none,none
sample,16384,128,fused2,0,349295
sample,16384,128,fused2,1,343656
sample,16384,128,fused2,2,343110
sample,16384,128,fused2,3,336990
sample,16384,128,fused2,4,350221
sample,16384,128,fused2,5,347231
sample,16384,128,fused2,6,346666
sample,16384,128,fused2,7,354472
sample,16384,128,fused2,8,354129
sample,16384,128,fused2,9,349249
sample,16384,128,fused2,10,396731
sample,16384,128,fused2,11,345286
sample,16384,128,fused2,12,342045
sample,16384,128,fused2,13,319295
sample,16384,128,fused2,14,316721
sample,16384,128,fused2,15,315629
sample,16384,128,fused2,16,316703
sample,16384,128,fused2,17,315415
sample,16384,128,fused2,18,324036
sample,16384,128,fused2,19,329074
sample,16384,128,fused2,20,327148
sample,16384,128,fused2,21,365369
sample,16384,128,fused2,22,327314
sample,16384,128,fused2,23,328888
sample,16384,128,fused2,24,344536
sample,16384,128,fused2,25,348239
sample,16384,128,fused2,26,346415
sample,16384,128,fused2,27,354944
sample,16384,128,fused2,28,353416
sample,16384,128,fused2,29,346841
measured,16384,128,tile8,262144,1048576,5,30,12,332091,369582,318e48fc80dadb1f,a09bc0e13ecf9bf8,none,none
sample,16384,128,tile8,0,332481
sample,16384,128,tile8,1,332212
sample,16384,128,tile8,2,329082
sample,16384,128,tile8,3,329027
sample,16384,128,tile8,4,337230
sample,16384,128,tile8,5,335379
sample,16384,128,tile8,6,335406
sample,16384,128,tile8,7,365768
sample,16384,128,tile8,8,333666
sample,16384,128,tile8,9,332091
sample,16384,128,tile8,10,386907
sample,16384,128,tile8,11,344638
sample,16384,128,tile8,12,314545
sample,16384,128,tile8,13,318573
sample,16384,128,tile8,14,307712
sample,16384,128,tile8,15,307342
sample,16384,128,tile8,16,307258
sample,16384,128,tile8,17,311295
sample,16384,128,tile8,18,319110
sample,16384,128,tile8,19,310888
sample,16384,128,tile8,20,325092
sample,16384,128,tile8,21,317536
sample,16384,128,tile8,22,316823
sample,16384,128,tile8,23,318944
sample,16384,128,tile8,24,339981
sample,16384,128,tile8,25,333453
sample,16384,128,tile8,26,335601
sample,16384,128,tile8,27,369582
sample,16384,128,tile8,28,337536
sample,16384,128,tile8,29,333730
measured,16384,512,vec4,1048576,4194304,5,30,14,392981,425082,08b87a1ca99fa7b8,cc66b7b8fae87df4,none,none
sample,16384,512,vec4,0,350953
sample,16384,512,vec4,1,351555
sample,16384,512,vec4,2,347777
sample,16384,512,vec4,3,394017
sample,16384,512,vec4,4,384368
sample,16384,512,vec4,5,388860
sample,16384,512,vec4,6,371777
sample,16384,512,vec4,7,377731
sample,16384,512,vec4,8,379138
sample,16384,512,vec4,9,392981
sample,16384,512,vec4,10,379045
sample,16384,512,vec4,11,385935
sample,16384,512,vec4,12,383610
sample,16384,512,vec4,13,383082
sample,16384,512,vec4,14,397258
sample,16384,512,vec4,15,390768
sample,16384,512,vec4,16,392638
sample,16384,512,vec4,17,397823
sample,16384,512,vec4,18,488599
sample,16384,512,vec4,19,407685
sample,16384,512,vec4,20,403009
sample,16384,512,vec4,21,406416
sample,16384,512,vec4,22,400537
sample,16384,512,vec4,23,416360
sample,16384,512,vec4,24,402305
sample,16384,512,vec4,25,413675
sample,16384,512,vec4,26,417452
sample,16384,512,vec4,27,420294
sample,16384,512,vec4,28,425082
sample,16384,512,vec4,29,417397
measured,16384,512,fused2,1048576,4194304,5,30,13,370980,410341,08b87a1ca99fa7b8,cc66b7b8fae87df4,none,none
sample,16384,512,fused2,0,333962
sample,16384,512,fused2,1,334730
sample,16384,512,fused2,2,328730
sample,16384,512,fused2,3,332971
sample,16384,512,fused2,4,359656
sample,16384,512,fused2,5,365508
sample,16384,512,fused2,6,362147
sample,16384,512,fused2,7,359720
sample,16384,512,fused2,8,357110
sample,16384,512,fused2,9,383055
sample,16384,512,fused2,10,358646
sample,16384,512,fused2,11,365267
sample,16384,512,fused2,12,363638
sample,16384,512,fused2,13,375425
sample,16384,512,fused2,14,369953
sample,16384,512,fused2,15,370980
sample,16384,512,fused2,16,370240
sample,16384,512,fused2,17,376962
sample,16384,512,fused2,18,410341
sample,16384,512,fused2,19,380397
sample,16384,512,fused2,20,376601
sample,16384,512,fused2,21,389962
sample,16384,512,fused2,22,415953
sample,16384,512,fused2,23,381962
sample,16384,512,fused2,24,384137
sample,16384,512,fused2,25,394794
sample,16384,512,fused2,26,392194
sample,16384,512,fused2,27,385600
sample,16384,512,fused2,28,393711
sample,16384,512,fused2,29,398127
measured,16384,512,tile8,1048576,4194304,5,30,12,385342,426295,08b87a1ca99fa7b8,cc66b7b8fae87df4,none,none
sample,16384,512,tile8,0,355286
sample,16384,512,tile8,1,350610
sample,16384,512,tile8,2,352721
sample,16384,512,tile8,3,401257
sample,16384,512,tile8,4,397185
sample,16384,512,tile8,5,376379
sample,16384,512,tile8,6,371952
sample,16384,512,tile8,7,373878
sample,16384,512,tile8,8,397386
sample,16384,512,tile8,9,426295
sample,16384,512,tile8,10,368740
sample,16384,512,tile8,11,369212
sample,16384,512,tile8,12,377823
sample,16384,512,tile8,13,372249
sample,16384,512,tile8,14,382739
sample,16384,512,tile8,15,382897
sample,16384,512,tile8,16,378666
sample,16384,512,tile8,17,392184
sample,16384,512,tile8,18,397082
sample,16384,512,tile8,19,385342
sample,16384,512,tile8,20,384101
sample,16384,512,tile8,21,388332
sample,16384,512,tile8,22,439212
sample,16384,512,tile8,23,392878
sample,16384,512,tile8,24,400313
sample,16384,512,tile8,25,397202
sample,16384,512,tile8,26,396489
sample,16384,512,tile8,27,390305
sample,16384,512,tile8,28,399230
sample,16384,512,tile8,29,406166
measured,16384,2048,vec4,4194304,16777216,5,30,14,583897,652988,6be3b72c15a212b9,3199380bd5011e6c,none,none
sample,16384,2048,vec4,0,512127
sample,16384,2048,vec4,1,513341
sample,16384,2048,vec4,2,521230
sample,16384,2048,vec4,3,523304
sample,16384,2048,vec4,4,528849
sample,16384,2048,vec4,5,585508
sample,16384,2048,vec4,6,578545
sample,16384,2048,vec4,7,538416
sample,16384,2048,vec4,8,542998
sample,16384,2048,vec4,9,563239
sample,16384,2048,vec4,10,551127
sample,16384,2048,vec4,11,594433
sample,16384,2048,vec4,12,672406
sample,16384,2048,vec4,13,578119
sample,16384,2048,vec4,14,566972
sample,16384,2048,vec4,15,578925
sample,16384,2048,vec4,16,572397
sample,16384,2048,vec4,17,652988
sample,16384,2048,vec4,18,596442
sample,16384,2048,vec4,19,583897
sample,16384,2048,vec4,20,584480
sample,16384,2048,vec4,21,606962
sample,16384,2048,vec4,22,602896
sample,16384,2048,vec4,23,603674
sample,16384,2048,vec4,24,599138
sample,16384,2048,vec4,25,607415
sample,16384,2048,vec4,26,640655
sample,16384,2048,vec4,27,599730
sample,16384,2048,vec4,28,599027
sample,16384,2048,vec4,29,604368
measured,16384,2048,fused2,4194304,16777216,5,30,13,547590,575405,6be3b72c15a212b9,3199380bd5011e6c,none,none
sample,16384,2048,fused2,0,479470
sample,16384,2048,fused2,1,547590
sample,16384,2048,fused2,2,533564
sample,16384,2048,fused2,3,502878
sample,16384,2048,fused2,4,503277
sample,16384,2048,fused2,5,499657
sample,16384,2048,fused2,6,501861
sample,16384,2048,fused2,7,528490
sample,16384,2048,fused2,8,514239
sample,16384,2048,fused2,9,517063
sample,16384,2048,fused2,10,527257
sample,16384,2048,fused2,11,533026
sample,16384,2048,fused2,12,537118
sample,16384,2048,fused2,13,541665
sample,16384,2048,fused2,14,533971
sample,16384,2048,fused2,15,547685
sample,16384,2048,fused2,16,549471
sample,16384,2048,fused2,17,569544
sample,16384,2048,fused2,18,563083
sample,16384,2048,fused2,19,556730
sample,16384,2048,fused2,20,555898
sample,16384,2048,fused2,21,618637
sample,16384,2048,fused2,22,572785
sample,16384,2048,fused2,23,565850
sample,16384,2048,fused2,24,571462
sample,16384,2048,fused2,25,575405
sample,16384,2048,fused2,26,567442
sample,16384,2048,fused2,27,574118
sample,16384,2048,fused2,28,567212
sample,16384,2048,fused2,29,567600
measured,16384,2048,tile8,4194304,16777216,5,30,12,616869,693942,6be3b72c15a212b9,3199380bd5011e6c,none,none
sample,16384,2048,tile8,0,568869
sample,16384,2048,tile8,1,558739
sample,16384,2048,tile8,2,573777
sample,16384,2048,tile8,3,571230
sample,16384,2048,tile8,4,568211
sample,16384,2048,tile8,5,571990
sample,16384,2048,tile8,6,586239
sample,16384,2048,tile8,7,584694
sample,16384,2048,tile8,8,591924
sample,16384,2048,tile8,9,593229
sample,16384,2048,tile8,10,598748
sample,16384,2048,tile8,11,598359
sample,16384,2048,tile8,12,648156
sample,16384,2048,tile8,13,610591
sample,16384,2048,tile8,14,618712
sample,16384,2048,tile8,15,624378
sample,16384,2048,tile8,16,615433
sample,16384,2048,tile8,17,616869
sample,16384,2048,tile8,18,627379
sample,16384,2048,tile8,19,627008
sample,16384,2048,tile8,20,637238
sample,16384,2048,tile8,21,693942
sample,16384,2048,tile8,22,642776
sample,16384,2048,tile8,23,637618
sample,16384,2048,tile8,24,648128
sample,16384,2048,tile8,25,640656
sample,16384,2048,tile8,26,707525
sample,16384,2048,tile8,27,640702
sample,16384,2048,tile8,28,644924
sample,16384,2048,tile8,29,643563
measured,65536,128,vec4,1048576,4194304,5,30,16,585424,646285,9ec0db29a14c575b,4098921c6b362ecd,none,none
sample,65536,128,vec4,0,570942
sample,65536,128,vec4,1,576813
sample,65536,128,vec4,2,585424
sample,65536,128,vec4,3,596785
sample,65536,128,vec4,4,597462
sample,65536,128,vec4,5,597201
sample,65536,128,vec4,6,589711
sample,65536,128,vec4,7,646285
sample,65536,128,vec4,8,585202
sample,65536,128,vec4,9,586795
sample,65536,128,vec4,10,580017
sample,65536,128,vec4,11,583786
sample,65536,128,vec4,12,584249
sample,65536,128,vec4,13,594720
sample,65536,128,vec4,14,583535
sample,65536,128,vec4,15,586702
sample,65536,128,vec4,16,586091
sample,65536,128,vec4,17,650674
sample,65536,128,vec4,18,582841
sample,65536,128,vec4,19,584480
sample,65536,128,vec4,20,583655
sample,65536,128,vec4,21,583999
sample,65536,128,vec4,22,584970
sample,65536,128,vec4,23,620767
sample,65536,128,vec4,24,601249
sample,65536,128,vec4,25,587026
sample,65536,128,vec4,26,585822
sample,65536,128,vec4,27,585887
sample,65536,128,vec4,28,585331
sample,65536,128,vec4,29,584905
measured,65536,128,fused2,1048576,4194304,5,30,15,561155,617775,9ec0db29a14c575b,4098921c6b362ecd,none,none
sample,65536,128,fused2,0,546147
sample,65536,128,fused2,1,561424
sample,65536,128,fused2,2,563637
sample,65536,128,fused2,3,617775
sample,65536,128,fused2,4,574249
sample,65536,128,fused2,5,567026
sample,65536,128,fused2,6,570952
sample,65536,128,fused2,7,566230
sample,65536,128,fused2,8,560451
sample,65536,128,fused2,9,566527
sample,65536,128,fused2,10,558619
sample,65536,128,fused2,11,559767
sample,65536,128,fused2,12,557749
sample,65536,128,fused2,13,560637
sample,65536,128,fused2,14,559887
sample,65536,128,fused2,15,559721
sample,65536,128,fused2,16,566396
sample,65536,128,fused2,17,575046
sample,65536,128,fused2,18,560887
sample,65536,128,fused2,19,556905
sample,65536,128,fused2,20,559156
sample,65536,128,fused2,21,559212
sample,65536,128,fused2,22,561155
sample,65536,128,fused2,23,625572
sample,65536,128,fused2,24,562295
sample,65536,128,fused2,25,560471
sample,65536,128,fused2,26,560009
sample,65536,128,fused2,27,561591
sample,65536,128,fused2,28,566138
sample,65536,128,fused2,29,566240
measured,65536,128,tile8,1048576,4194304,5,30,14,554914,603627,9ec0db29a14c575b,4098921c6b362ecd,none,none
sample,65536,128,tile8,0,541351
sample,65536,128,tile8,1,557036
sample,65536,128,tile8,2,554267
sample,65536,128,tile8,3,605507
sample,65536,128,tile8,4,556230
sample,65536,128,tile8,5,560230
sample,65536,128,tile8,6,560201
sample,65536,128,tile8,7,603627
sample,65536,128,tile8,8,555109
sample,65536,128,tile8,9,556712
sample,65536,128,tile8,10,555174
sample,65536,128,tile8,11,549415
sample,65536,128,tile8,12,552657
sample,65536,128,tile8,13,557786
sample,65536,128,tile8,14,556498
sample,65536,128,tile8,15,551805
sample,65536,128,tile8,16,549766
sample,65536,128,tile8,17,551591
sample,65536,128,tile8,18,553915
sample,65536,128,tile8,19,562721
sample,65536,128,tile8,20,549971
sample,65536,128,tile8,21,559870
sample,65536,128,tile8,22,550026
sample,65536,128,tile8,23,551711
sample,65536,128,tile8,24,554914
sample,65536,128,tile8,25,551729
sample,65536,128,tile8,26,553183
sample,65536,128,tile8,27,563637
sample,65536,128,tile8,28,555924
sample,65536,128,tile8,29,552388
measured,65536,512,vec4,4194304,16777216,5,30,16,704230,728831,84d06402da633040,29115d73667dee45,none,none
sample,65536,512,vec4,0,693340
sample,65536,512,vec4,1,690702
sample,65536,512,vec4,2,561072
sample,65536,512,vec4,3,727924
sample,65536,512,vec4,4,715627
sample,65536,512,vec4,5,711415
sample,65536,512,vec4,6,729312
sample,65536,512,vec4,7,709479
sample,65536,512,vec4,8,701442
sample,65536,512,vec4,9,709156
sample,65536,512,vec4,10,702285
sample,65536,512,vec4,11,704229
sample,65536,512,vec4,12,707322
sample,65536,512,vec4,13,701896
sample,65536,512,vec4,14,701840
sample,65536,512,vec4,15,717507
sample,65536,512,vec4,16,703090
sample,65536,512,vec4,17,706415
sample,65536,512,vec4,18,706942
sample,65536,512,vec4,19,704118
sample,65536,512,vec4,20,702211
sample,65536,512,vec4,21,701442
sample,65536,512,vec4,22,706377
sample,65536,512,vec4,23,728831
sample,65536,512,vec4,24,704230
sample,65536,512,vec4,25,715980
sample,65536,512,vec4,26,710498
sample,65536,512,vec4,27,700378
sample,65536,512,vec4,28,715961
sample,65536,512,vec4,29,698525
measured,65536,512,fused2,4194304,16777216,5,30,15,672498,898126,84d06402da633040,29115d73667dee45,none,none
sample,65536,512,fused2,0,659859
sample,65536,512,fused2,1,664257
sample,65536,512,fused2,2,898126
sample,65536,512,fused2,3,922525
sample,65536,512,fused2,4,686868
sample,65536,512,fused2,5,674452
sample,65536,512,fused2,6,680896
sample,65536,512,fused2,7,678434
sample,65536,512,fused2,8,671378
sample,65536,512,fused2,9,676553
sample,65536,512,fused2,10,679229
sample,65536,512,fused2,11,671702
sample,65536,512,fused2,12,668535
sample,65536,512,fused2,13,676943
sample,65536,512,fused2,14,681896
sample,65536,512,fused2,15,672350
sample,65536,512,fused2,16,672498
sample,65536,512,fused2,17,667415
sample,65536,512,fused2,18,675349
sample,65536,512,fused2,19,668508
sample,65536,512,fused2,20,667035
sample,65536,512,fused2,21,668981
sample,65536,512,fused2,22,675822
sample,65536,512,fused2,23,684063
sample,65536,512,fused2,24,678970
sample,65536,512,fused2,25,669868
sample,65536,512,fused2,26,668702
sample,65536,512,fused2,27,680822
sample,65536,512,fused2,28,670128
sample,65536,512,fused2,29,671100
measured,65536,512,tile8,4194304,16777216,5,30,14,740526,751313,84d06402da633040,29115d73667dee45,none,none
sample,65536,512,tile8,0,720535
sample,65536,512,tile8,1,723239
sample,65536,512,tile8,2,605979
sample,65536,512,tile8,3,849054
sample,65536,512,tile8,4,742137
sample,65536,512,tile8,5,740767
sample,65536,512,tile8,6,740877
sample,65536,512,tile8,7,736599
sample,65536,512,tile8,8,738572
sample,65536,512,tile8,9,739572
sample,65536,512,tile8,10,738045
sample,65536,512,tile8,11,738730
sample,65536,512,tile8,12,741775
sample,65536,512,tile8,13,738988
sample,65536,512,tile8,14,747905
sample,65536,512,tile8,15,741691
sample,65536,512,tile8,16,743683
sample,65536,512,tile8,17,737831
sample,65536,512,tile8,18,744710
sample,65536,512,tile8,19,737183
sample,65536,512,tile8,20,751313
sample,65536,512,tile8,21,744655
sample,65536,512,tile8,22,742702
sample,65536,512,tile8,23,746572
sample,65536,512,tile8,24,740526
sample,65536,512,tile8,25,747545
sample,65536,512,tile8,26,736887
sample,65536,512,tile8,27,738572
sample,65536,512,tile8,28,737396
sample,65536,512,tile8,29,740656
skipped_limit,65536,2048,vec4,16777216,67108864,NA,NA,NA,NA,NA,NA,NA,cohort_dispatch_limit,none
skipped_limit,65536,2048,fused2,16777216,67108864,NA,NA,NA,NA,NA,NA,NA,cohort_dispatch_limit,none
skipped_limit,65536,2048,tile8,16777216,67108864,NA,NA,NA,NA,NA,NA,NA,cohort_dispatch_limit,none
measured,262144,128,vec4,4194304,16777216,5,30,18,803294,847830,603e59446e81431f,99960c282a7f4ca5,none,none
sample,262144,128,vec4,0,803294
sample,262144,128,vec4,1,845404
sample,262144,128,vec4,2,802080
sample,262144,128,vec4,3,834063
sample,262144,128,vec4,4,814387
sample,262144,128,vec4,5,803997
sample,262144,128,vec4,6,803452
sample,262144,128,vec4,7,828211
sample,262144,128,vec4,8,806868
sample,262144,128,vec4,9,795794
sample,262144,128,vec4,10,792803
sample,262144,128,vec4,11,794007
sample,262144,128,vec4,12,792905
sample,262144,128,vec4,13,802489
sample,262144,128,vec4,14,789693
sample,262144,128,vec4,15,792274
sample,262144,128,vec4,16,803915
sample,262144,128,vec4,17,845924
sample,262144,128,vec4,18,847830
sample,262144,128,vec4,19,792053
sample,262144,128,vec4,20,831785
sample,262144,128,vec4,21,801276
sample,262144,128,vec4,22,803303
sample,262144,128,vec4,23,796719
sample,262144,128,vec4,24,805831
sample,262144,128,vec4,25,804802
sample,262144,128,vec4,26,795617
sample,262144,128,vec4,27,857404
sample,262144,128,vec4,28,792988
sample,262144,128,vec4,29,790812
measured,262144,128,fused2,4194304,16777216,5,30,17,788517,829637,603e59446e81431f,99960c282a7f4ca5,none,none
sample,262144,128,fused2,0,796767
sample,262144,128,fused2,1,789100
sample,262144,128,fused2,2,786674
sample,262144,128,fused2,3,792017
sample,262144,128,fused2,4,794663
sample,262144,128,fused2,5,792443
sample,262144,128,fused2,6,786970
sample,262144,128,fused2,7,788432
sample,262144,128,fused2,8,892441
sample,262144,128,fused2,9,799980
sample,262144,128,fused2,10,829637
sample,262144,128,fused2,11,788516
sample,262144,128,fused2,12,782673
sample,262144,128,fused2,13,793109
sample,262144,128,fused2,14,779858
sample,262144,128,fused2,15,799961
sample,262144,128,fused2,16,786405
sample,262144,128,fused2,17,783896
sample,262144,128,fused2,18,777867
sample,262144,128,fused2,19,806646
sample,262144,128,fused2,20,800868
sample,262144,128,fused2,21,795322
sample,262144,128,fused2,22,782165
sample,262144,128,fused2,23,800961
sample,262144,128,fused2,24,781998
sample,262144,128,fused2,25,788517
sample,262144,128,fused2,26,779322
sample,262144,128,fused2,27,786414
sample,262144,128,fused2,28,782165
sample,262144,128,fused2,29,789099
measured,262144,128,tile8,4194304,16777216,5,30,16,866210,912202,603e59446e81431f,99960c282a7f4ca5,none,none
sample,262144,128,tile8,0,871747
sample,262144,128,tile8,1,866488
sample,262144,128,tile8,2,870368
sample,262144,128,tile8,3,860479
sample,262144,128,tile8,4,912202
sample,262144,128,tile8,5,873721
sample,262144,128,tile8,6,900812
sample,262144,128,tile8,7,866210
sample,262144,128,tile8,8,868081
sample,262144,128,tile8,9,864701
sample,262144,128,tile8,10,860691
sample,262144,128,tile8,11,861489
sample,262144,128,tile8,12,859156
sample,262144,128,tile8,13,916572
sample,262144,128,tile8,14,844850
sample,262144,128,tile8,15,859219
sample,262144,128,tile8,16,857332
sample,262144,128,tile8,17,864812
sample,262144,128,tile8,18,867672
sample,262144,128,tile8,19,866961
sample,262144,128,tile8,20,893164
sample,262144,128,tile8,21,871193
sample,262144,128,tile8,22,856507
sample,262144,128,tile8,23,868008
sample,262144,128,tile8,24,875173
sample,262144,128,tile8,25,856469
sample,262144,128,tile8,26,859858
sample,262144,128,tile8,27,895414
sample,262144,128,tile8,28,860978
sample,262144,128,tile8,29,858719
skipped_limit,262144,512,vec4,16777216,67108864,NA,NA,NA,NA,NA,NA,NA,cohort_dispatch_limit,none
skipped_limit,262144,512,fused2,16777216,67108864,NA,NA,NA,NA,NA,NA,NA,cohort_dispatch_limit,none
skipped_limit,262144,512,tile8,16777216,67108864,NA,NA,NA,NA,NA,NA,NA,cohort_dispatch_limit,none
skipped_limit,262144,2048,vec4,67108864,268435456,NA,NA,NA,NA,NA,NA,NA,cohort_dispatch_limit,none
skipped_limit,262144,2048,fused2,67108864,268435456,NA,NA,NA,NA,NA,NA,NA,cohort_dispatch_limit,none
skipped_limit,262144,2048,tile8,67108864,268435456,NA,NA,NA,NA,NA,NA,NA,cohort_dispatch_limit,none
skipped_limit,1048576,128,vec4,16777216,67108864,NA,NA,NA,NA,NA,NA,NA,cohort_dispatch_limit,none
skipped_limit,1048576,128,fused2,16777216,67108864,NA,NA,NA,NA,NA,NA,NA,cohort_dispatch_limit,none
skipped_limit,1048576,128,tile8,16777216,67108864,NA,NA,NA,NA,NA,NA,NA,cohort_dispatch_limit,none
skipped_limit,1048576,512,vec4,67108864,268435456,NA,NA,NA,NA,NA,NA,NA,cohort_dispatch_limit,none
skipped_limit,1048576,512,fused2,67108864,268435456,NA,NA,NA,NA,NA,NA,NA,cohort_dispatch_limit,none
skipped_limit,1048576,512,tile8,67108864,268435456,NA,NA,NA,NA,NA,NA,NA,cohort_dispatch_limit,none
skipped_limit,1048576,2048,vec4,268435456,1073741824,NA,NA,NA,NA,NA,NA,NA,cohort_dispatch_limit,none
skipped_limit,1048576,2048,fused2,268435456,1073741824,NA,NA,NA,NA,NA,NA,NA,cohort_dispatch_limit,none
skipped_limit,1048576,2048,tile8,268435456,1073741824,NA,NA,NA,NA,NA,NA,NA,cohort_dispatch_limit,none
qualification_status=complete
