benchmark=pvp3d_three_candidate_same_device
source_revision=50c0230cc645bd44f1520e2c7194878a4b13009c
adapter=NVIDIA Tegra NVIDIA Thor
backend=Vulkan
device_type=IntegratedGpu
vendor_id=4318
device_id=11008
driver=NVIDIA
driver_info=580.00
hardware_measurement_eligible=true
physical_admission=external_remoteops_evidence_required
performance_claim=none
primary_timing_scope=resident_encode_plus_queue_submit_plus_device_wait
state_reset_scope=completed_before_timer
correctness_readback_scope=before_and_after_timing
candidate_order=ABC_ACB_BAC_BCA_CAB_CBA
resident_payload_scope=source_plus_three_states_excludes_driver_uniforms_and_readback
status,k,g,candidate,state_bytes,resident_payload_bytes,warmups,repeats,logical_dispatches,p50_ns,p95_ns,input_checksum,output_checksum,skip_reason,performance_claim
measured,256,128,vec4,4096,16384,5,30,8,233416,270722,4c67926a9205d7b4,956299587c8af4b4,none,none
sample,256,128,vec4,0,237823
sample,256,128,vec4,1,233415
sample,256,128,vec4,2,233306
sample,256,128,vec4,3,233416
sample,256,128,vec4,4,234851
sample,256,128,vec4,5,233064
sample,256,128,vec4,6,232925
sample,256,128,vec4,7,231656
sample,256,128,vec4,8,230379
sample,256,128,vec4,9,227704
sample,256,128,vec4,10,225712
sample,256,128,vec4,11,225342
sample,256,128,vec4,12,225759
sample,256,128,vec4,13,235712
sample,256,128,vec4,14,238416
sample,256,128,vec4,15,238073
sample,256,128,vec4,16,232610
sample,256,128,vec4,17,274036
sample,256,128,vec4,18,238064
sample,256,128,vec4,19,226268
sample,256,128,vec4,20,227888
sample,256,128,vec4,21,231313
sample,256,128,vec4,22,237092
sample,256,128,vec4,23,234277
sample,256,128,vec4,24,237444
sample,256,128,vec4,25,244499
sample,256,128,vec4,26,270722
sample,256,128,vec4,27,241360
sample,256,128,vec4,28,243537
sample,256,128,vec4,29,246573
measured,256,128,fused2,4096,16384,5,30,7,214156,257500,4c67926a9205d7b4,956299587c8af4b4,none,none
sample,256,128,fused2,0,217573
sample,256,128,fused2,1,215434
sample,256,128,fused2,2,212704
sample,256,128,fused2,3,214156
sample,256,128,fused2,4,216147
sample,256,128,fused2,5,212425
sample,256,128,fused2,6,239767
sample,256,128,fused2,7,208342
sample,256,128,fused2,8,211675
sample,256,128,fused2,9,210444
sample,256,128,fused2,10,206870
sample,256,128,fused2,11,208832
sample,256,128,fused2,12,205139
sample,256,128,fused2,13,208695
sample,256,128,fused2,14,221313
sample,256,128,fused2,15,212510
sample,256,128,fused2,16,257500
sample,256,128,fused2,17,210508
sample,256,128,fused2,18,226147
sample,256,128,fused2,19,207064
sample,256,128,fused2,20,205361
sample,256,128,fused2,21,213989
sample,256,128,fused2,22,218833
sample,256,128,fused2,23,223980
sample,256,128,fused2,24,217240
sample,256,128,fused2,25,214416
sample,256,128,fused2,26,375239
sample,256,128,fused2,27,223852
sample,256,128,fused2,28,220009
sample,256,128,fused2,29,222174
measured,256,128,tile8,4096,16384,5,30,6,188545,202638,4c67926a9205d7b4,956299587c8af4b4,none,none
sample,256,128,tile8,0,188898
sample,256,128,tile8,1,194860
sample,256,128,tile8,2,189545
sample,256,128,tile8,3,184787
sample,256,128,tile8,4,189221
sample,256,128,tile8,5,186658
sample,256,128,tile8,6,194092
sample,256,128,tile8,7,240583
sample,256,128,tile8,8,185111
sample,256,128,tile8,9,181491
sample,256,128,tile8,10,182628
sample,256,128,tile8,11,185898
sample,256,128,tile8,12,185351
sample,256,128,tile8,13,187092
sample,256,128,tile8,14,188046
sample,256,128,tile8,15,190898
sample,256,128,tile8,16,188545
sample,256,128,tile8,17,194537
sample,256,128,tile8,18,186907
sample,256,128,tile8,19,182240
sample,256,128,tile8,20,185471
sample,256,128,tile8,21,188806
sample,256,128,tile8,22,187203
sample,256,128,tile8,23,189713
sample,256,128,tile8,24,186176
sample,256,128,tile8,25,191175
sample,256,128,tile8,26,202638
sample,256,128,tile8,27,194693
sample,256,128,tile8,28,197046
sample,256,128,tile8,29,192212
measured,256,512,vec4,16384,65536,5,30,8,253815,276138,38bbe1f688e24d78,1c8bb372f8f1302e,none,none
sample,256,512,vec4,0,244221
sample,256,512,vec4,1,241351
sample,256,512,vec4,2,238398
sample,256,512,vec4,3,239675
sample,256,512,vec4,4,237935
sample,256,512,vec4,5,276138
sample,256,512,vec4,6,253897
sample,256,512,vec4,7,245286
sample,256,512,vec4,8,241203
sample,256,512,vec4,9,242804
sample,256,512,vec4,10,242887
sample,256,512,vec4,11,248278
sample,256,512,vec4,12,251981
sample,256,512,vec4,13,252397
sample,256,512,vec4,14,256166
sample,256,512,vec4,15,253815
sample,256,512,vec4,16,253378
sample,256,512,vec4,17,256954
sample,256,512,vec4,18,252138
sample,256,512,vec4,19,257888
sample,256,512,vec4,20,256601
sample,256,512,vec4,21,266398
sample,256,512,vec4,22,259582
sample,256,512,vec4,23,264119
sample,256,512,vec4,24,262444
sample,256,512,vec4,25,269000
sample,256,512,vec4,26,255120
sample,256,512,vec4,27,255916
sample,256,512,vec4,28,256324
sample,256,512,vec4,29,291851
measured,256,512,fused2,16384,65536,5,30,7,228518,292091,38bbe1f688e24d78,1c8bb372f8f1302e,none,none
sample,256,512,fused2,0,220934
sample,256,512,fused2,1,215842
sample,256,512,fused2,2,221824
sample,256,512,fused2,3,214278
sample,256,512,fused2,4,222861
sample,256,512,fused2,5,214296
sample,256,512,fused2,6,225379
sample,256,512,fused2,7,222064
sample,256,512,fused2,8,216082
sample,256,512,fused2,9,216249
sample,256,512,fused2,10,220184
sample,256,512,fused2,11,224620
sample,256,512,fused2,12,231416
sample,256,512,fused2,13,226611
sample,256,512,fused2,14,225482
sample,256,512,fused2,15,232628
sample,256,512,fused2,16,499248
sample,256,512,fused2,17,232685
sample,256,512,fused2,18,243397
sample,256,512,fused2,19,233676
sample,256,512,fused2,20,229167
sample,256,512,fused2,21,230796
sample,256,512,fused2,22,232916
sample,256,512,fused2,23,245138
sample,256,512,fused2,24,292091
sample,256,512,fused2,25,235407
sample,256,512,fused2,26,228518
sample,256,512,fused2,27,230305
sample,256,512,fused2,28,234953
sample,256,512,fused2,29,245416
measured,256,512,tile8,16384,65536,5,30,6,205055,235435,38bbe1f688e24d78,1c8bb372f8f1302e,none,none
sample,256,512,tile8,0,232573
sample,256,512,tile8,1,193602
sample,256,512,tile8,2,192528
sample,256,512,tile8,3,192906
sample,256,512,tile8,4,194711
sample,256,512,tile8,5,192555
sample,256,512,tile8,6,251722
sample,256,512,tile8,7,200157
sample,256,512,tile8,8,193973
sample,256,512,tile8,9,200879
sample,256,512,tile8,10,198815
sample,256,512,tile8,11,201526
sample,256,512,tile8,12,204341
sample,256,512,tile8,13,200434
sample,256,512,tile8,14,202147
sample,256,512,tile8,15,203657
sample,256,512,tile8,16,206620
sample,256,512,tile8,17,223185
sample,256,512,tile8,18,215509
sample,256,512,tile8,19,205055
sample,256,512,tile8,20,205731
sample,256,512,tile8,21,210073
sample,256,512,tile8,22,208166
sample,256,512,tile8,23,207434
sample,256,512,tile8,24,208222
sample,256,512,tile8,25,207814
sample,256,512,tile8,26,205750
sample,256,512,tile8,27,205767
sample,256,512,tile8,28,213351
sample,256,512,tile8,29,235435
measured,256,2048,vec4,65536,262144,5,30,8,282324,298971,c9e538e9f9dccedd,259153fc2c7bc4e7,none,none
sample,256,2048,vec4,0,270795
sample,256,2048,vec4,1,269277
sample,256,2048,vec4,2,269546
sample,256,2048,vec4,3,275943
sample,256,2048,vec4,4,286758
sample,256,2048,vec4,5,273101
sample,256,2048,vec4,6,275175
sample,256,2048,vec4,7,272926
sample,256,2048,vec4,8,277027
sample,256,2048,vec4,9,327879
sample,256,2048,vec4,10,283249
sample,256,2048,vec4,11,280017
sample,256,2048,vec4,12,277508
sample,256,2048,vec4,13,278268
sample,256,2048,vec4,14,278564
sample,256,2048,vec4,15,276101
sample,256,2048,vec4,16,276333
sample,256,2048,vec4,17,298971
sample,256,2048,vec4,18,282324
sample,256,2048,vec4,19,282776
sample,256,2048,vec4,20,284879
sample,256,2048,vec4,21,290110
sample,256,2048,vec4,22,286388
sample,256,2048,vec4,23,296250
sample,256,2048,vec4,24,293508
sample,256,2048,vec4,25,287972
sample,256,2048,vec4,26,287832
sample,256,2048,vec4,27,292647
sample,256,2048,vec4,28,291721
sample,256,2048,vec4,29,292101
measured,256,2048,fused2,65536,262144,5,30,7,250620,268313,c9e538e9f9dccedd,259153fc2c7bc4e7,none,none
sample,256,2048,fused2,0,247111
sample,256,2048,fused2,1,244518
sample,256,2048,fused2,2,243286
sample,256,2048,fused2,3,241324
sample,256,2048,fused2,4,248860
sample,256,2048,fused2,5,246999
sample,256,2048,fused2,6,247666
sample,256,2048,fused2,7,247258
sample,256,2048,fused2,8,244591
sample,256,2048,fused2,9,268313
sample,256,2048,fused2,10,250666
sample,256,2048,fused2,11,245639
sample,256,2048,fused2,12,250258
sample,256,2048,fused2,13,250221
sample,256,2048,fused2,14,247832
sample,256,2048,fused2,15,250620
sample,256,2048,fused2,16,247731
sample,256,2048,fused2,17,267138
sample,256,2048,fused2,18,308907
sample,256,2048,fused2,19,255517
sample,256,2048,fused2,20,252600
sample,256,2048,fused2,21,253915
sample,256,2048,fused2,22,261203
sample,256,2048,fused2,23,264166
sample,256,2048,fused2,24,261435
sample,256,2048,fused2,25,254323
sample,256,2048,fused2,26,260406
sample,256,2048,fused2,27,266796
sample,256,2048,fused2,28,263443
sample,256,2048,fused2,29,263017
measured,256,2048,tile8,65536,262144,5,30,6,229943,241165,c9e538e9f9dccedd,259153fc2c7bc4e7,none,none
sample,256,2048,tile8,0,222565
sample,256,2048,tile8,1,220712
sample,256,2048,tile8,2,220637
sample,256,2048,tile8,3,229575
sample,256,2048,tile8,4,229943
sample,256,2048,tile8,5,225703
sample,256,2048,tile8,6,227962
sample,256,2048,tile8,7,223195
sample,256,2048,tile8,8,229110
sample,256,2048,tile8,9,235129
sample,256,2048,tile8,10,228666
sample,256,2048,tile8,11,221408
sample,256,2048,tile8,12,231814
sample,256,2048,tile8,13,229184
sample,256,2048,tile8,14,227804
sample,256,2048,tile8,15,228916
sample,256,2048,tile8,16,227426
sample,256,2048,tile8,17,232473
sample,256,2048,tile8,18,233556
sample,256,2048,tile8,19,233185
sample,256,2048,tile8,20,236592
sample,256,2048,tile8,21,230175
sample,256,2048,tile8,22,232212
sample,256,2048,tile8,23,239916
sample,256,2048,tile8,24,245750
sample,256,2048,tile8,25,237361
sample,256,2048,tile8,26,235212
sample,256,2048,tile8,27,241165
sample,256,2048,tile8,28,240064
sample,256,2048,tile8,29,238462
measured,1024,128,vec4,16384,65536,5,30,10,362740,394212,26abf5bddd03bbc5,79acd556594188cd,none,none
sample,1024,128,vec4,0,408795
sample,1024,128,vec4,1,369609
sample,1024,128,vec4,2,363221
sample,1024,128,vec4,3,366064
sample,1024,128,vec4,4,378332
sample,1024,128,vec4,5,376397
sample,1024,128,vec4,6,375758
sample,1024,128,vec4,7,378063
sample,1024,128,vec4,8,375323
sample,1024,128,vec4,9,375805
sample,1024,128,vec4,10,373971
sample,1024,128,vec4,11,390239
sample,1024,128,vec4,12,370008
sample,1024,128,vec4,13,325823
sample,1024,128,vec4,14,320362
sample,1024,128,vec4,15,315435
sample,1024,128,vec4,16,314481
sample,1024,128,vec4,17,345323
sample,1024,128,vec4,18,362740
sample,1024,128,vec4,19,321823
sample,1024,128,vec4,20,323249
sample,1024,128,vec4,21,339563
sample,1024,128,vec4,22,347981
sample,1024,128,vec4,23,343092
sample,1024,128,vec4,24,344397
sample,1024,128,vec4,25,344777
sample,1024,128,vec4,26,342841
sample,1024,128,vec4,27,348546
sample,1024,128,vec4,28,394212
sample,1024,128,vec4,29,369248
measured,1024,128,fused2,16384,65536,5,30,9,318231,349804,26abf5bddd03bbc5,79acd556594188cd,none,none
sample,1024,128,fused2,0,339657
sample,1024,128,fused2,1,334147
sample,1024,128,fused2,2,331462
sample,1024,128,fused2,3,334221
sample,1024,128,fused2,4,343776
sample,1024,128,fused2,5,346952
sample,1024,128,fused2,6,345925
sample,1024,128,fused2,7,347555
sample,1024,128,fused2,8,345545
sample,1024,128,fused2,9,347138
sample,1024,128,fused2,10,381073
sample,1024,128,fused2,11,349804
sample,1024,128,fused2,12,303536
sample,1024,128,fused2,13,289258
sample,1024,128,fused2,14,290952
sample,1024,128,fused2,15,290667
sample,1024,128,fused2,16,292657
sample,1024,128,fused2,17,312740
sample,1024,128,fused2,18,296814
sample,1024,128,fused2,19,296712
sample,1024,128,fused2,20,295379
sample,1024,128,fused2,21,313999
sample,1024,128,fused2,22,317841
sample,1024,128,fused2,23,325730
sample,1024,128,fused2,24,318231
sample,1024,128,fused2,25,317137
sample,1024,128,fused2,26,315601
sample,1024,128,fused2,27,316518
sample,1024,128,fused2,28,346082
sample,1024,128,fused2,29,339953
measured,1024,128,tile8,16384,65536,5,30,8,286898,354434,26abf5bddd03bbc5,79acd556594188cd,none,none
sample,1024,128,tile8,0,333378
sample,1024,128,tile8,1,298490
sample,1024,128,tile8,2,301591
sample,1024,128,tile8,3,312371
sample,1024,128,tile8,4,306295
sample,1024,128,tile8,5,318823
sample,1024,128,tile8,6,324323
sample,1024,128,tile8,7,313434
sample,1024,128,tile8,8,313083
sample,1024,128,tile8,9,314749
sample,1024,128,tile8,10,354434
sample,1024,128,tile8,11,322073
sample,1024,128,tile8,12,265490
sample,1024,128,tile8,13,265222
sample,1024,128,tile8,14,262666
sample,1024,128,tile8,15,260908
sample,1024,128,tile8,16,262657
sample,1024,128,tile8,17,270398
sample,1024,128,tile8,18,267036
sample,1024,128,tile8,19,267406
sample,1024,128,tile8,20,268796
sample,1024,128,tile8,21,281407
sample,1024,128,tile8,22,281027
sample,1024,128,tile8,23,282332
sample,1024,128,tile8,24,286898
sample,1024,128,tile8,25,287694
sample,1024,128,tile8,26,286138
sample,1024,128,tile8,27,282712
sample,1024,128,tile8,28,481906
sample,1024,128,tile8,29,315860
measured,1024,512,vec4,65536,262144,5,30,10,303148,405888,0949b62ffc70d026,7663f0c9d3466943,none,none
sample,1024,512,vec4,0,314471
sample,1024,512,vec4,1,313194
sample,1024,512,vec4,2,302027
sample,1024,512,vec4,3,301851
sample,1024,512,vec4,4,302324
sample,1024,512,vec4,5,302759
sample,1024,512,vec4,6,299082
sample,1024,512,vec4,7,298675
sample,1024,512,vec4,8,299462
sample,1024,512,vec4,9,314851
sample,1024,512,vec4,10,296416
sample,1024,512,vec4,11,311712
sample,1024,512,vec4,12,405888
sample,1024,512,vec4,13,497480
sample,1024,512,vec4,14,317129
sample,1024,512,vec4,15,324193
sample,1024,512,vec4,16,311814
sample,1024,512,vec4,17,303721
sample,1024,512,vec4,18,303878
sample,1024,512,vec4,19,372101
sample,1024,512,vec4,20,312564
sample,1024,512,vec4,21,303148
sample,1024,512,vec4,22,300869
sample,1024,512,vec4,23,304768
sample,1024,512,vec4,24,303545
sample,1024,512,vec4,25,295008
sample,1024,512,vec4,26,296194
sample,1024,512,vec4,27,297064
sample,1024,512,vec4,28,298962
sample,1024,512,vec4,29,293917
measured,1024,512,fused2,65536,262144,5,30,9,278221,379332,0949b62ffc70d026,7663f0c9d3466943,none,none
sample,1024,512,fused2,0,284971
sample,1024,512,fused2,1,280240
sample,1024,512,fused2,2,277749
sample,1024,512,fused2,3,277777
sample,1024,512,fused2,4,280888
sample,1024,512,fused2,5,278657
sample,1024,512,fused2,6,275925
sample,1024,512,fused2,7,274351
sample,1024,512,fused2,8,274397
sample,1024,512,fused2,9,277453
sample,1024,512,fused2,10,278221
sample,1024,512,fused2,11,274721
sample,1024,512,fused2,12,379332
sample,1024,512,fused2,13,422406
sample,1024,512,fused2,14,292295
sample,1024,512,fused2,15,287778
sample,1024,512,fused2,16,290582
sample,1024,512,fused2,17,281813
sample,1024,512,fused2,18,317517
sample,1024,512,fused2,19,285712
sample,1024,512,fused2,20,281351
sample,1024,512,fused2,21,278314
sample,1024,512,fused2,22,277490
sample,1024,512,fused2,23,277721
sample,1024,512,fused2,24,277434
sample,1024,512,fused2,25,276972
sample,1024,512,fused2,26,276740
sample,1024,512,fused2,27,273980
sample,1024,512,fused2,28,285221
sample,1024,512,fused2,29,271231
measured,1024,512,tile8,65536,262144,5,30,8,257517,345045,0949b62ffc70d026,7663f0c9d3466943,none,none
sample,1024,512,tile8,0,264915
sample,1024,512,tile8,1,270981
sample,1024,512,tile8,2,258369
sample,1024,512,tile8,3,255842
sample,1024,512,tile8,4,257647
sample,1024,512,tile8,5,255378
sample,1024,512,tile8,6,256415
sample,1024,512,tile8,7,255823
sample,1024,512,tile8,8,254879
sample,1024,512,tile8,9,255944
sample,1024,512,tile8,10,252471
sample,1024,512,tile8,11,253249
sample,1024,512,tile8,12,345045
sample,1024,512,tile8,13,378416
sample,1024,512,tile8,14,268139
sample,1024,512,tile8,15,299667
sample,1024,512,tile8,16,267138
sample,1024,512,tile8,17,260564
sample,1024,512,tile8,18,281574
sample,1024,512,tile8,19,259999
sample,1024,512,tile8,20,261026
sample,1024,512,tile8,21,257684
sample,1024,512,tile8,22,257212
sample,1024,512,tile8,23,258175
sample,1024,512,tile8,24,257517
sample,1024,512,tile8,25,251212
sample,1024,512,tile8,26,257351
sample,1024,512,tile8,27,255536
sample,1024,512,tile8,28,253972
sample,1024,512,tile8,29,251546
measured,1024,2048,vec4,262144,1048576,5,30,10,318323,487044,2d4a1c573b9665e7,d32c613321b43c7f,none,none
sample,1024,2048,vec4,0,289741
sample,1024,2048,vec4,1,285295
sample,1024,2048,vec4,2,282545
sample,1024,2048,vec4,3,289092
sample,1024,2048,vec4,4,289888
sample,1024,2048,vec4,5,283619
sample,1024,2048,vec4,6,290138
sample,1024,2048,vec4,7,294360
sample,1024,2048,vec4,8,581517
sample,1024,2048,vec4,9,324064
sample,1024,2048,vec4,10,322351
sample,1024,2048,vec4,11,324008
sample,1024,2048,vec4,12,318203
sample,1024,2048,vec4,13,316666
sample,1024,2048,vec4,14,318221
sample,1024,2048,vec4,15,321064
sample,1024,2048,vec4,16,322138
sample,1024,2048,vec4,17,319897
sample,1024,2048,vec4,18,325666
sample,1024,2048,vec4,19,318026
sample,1024,2048,vec4,20,340637
sample,1024,2048,vec4,21,322166
sample,1024,2048,vec4,22,313472
sample,1024,2048,vec4,23,339767
sample,1024,2048,vec4,24,412722
sample,1024,2048,vec4,25,487044
sample,1024,2048,vec4,26,322452
sample,1024,2048,vec4,27,318323
sample,1024,2048,vec4,28,321943
sample,1024,2048,vec4,29,314138
measured,1024,2048,fused2,262144,1048576,5,30,9,293166,379869,2d4a1c573b9665e7,d32c613321b43c7f,none,none
sample,1024,2048,fused2,0,263815
sample,1024,2048,fused2,1,257018
sample,1024,2048,fused2,2,260591
sample,1024,2048,fused2,3,261730
sample,1024,2048,fused2,4,267221
sample,1024,2048,fused2,5,263471
sample,1024,2048,fused2,6,377397
sample,1024,2048,fused2,7,271148
sample,1024,2048,fused2,8,384462
sample,1024,2048,fused2,9,379073
sample,1024,2048,fused2,10,293286
sample,1024,2048,fused2,11,293166
sample,1024,2048,fused2,12,294064
sample,1024,2048,fused2,13,292981
sample,1024,2048,fused2,14,289823
sample,1024,2048,fused2,15,313767
sample,1024,2048,fused2,16,291758
sample,1024,2048,fused2,17,289647
sample,1024,2048,fused2,18,293730
sample,1024,2048,fused2,19,296434
sample,1024,2048,fused2,20,299157
sample,1024,2048,fused2,21,302027
sample,1024,2048,fused2,22,291600
sample,1024,2048,fused2,23,290786
sample,1024,2048,fused2,24,379869
sample,1024,2048,fused2,25,297111
sample,1024,2048,fused2,26,293499
sample,1024,2048,fused2,27,295333
sample,1024,2048,fused2,28,306851
sample,1024,2048,fused2,29,288462
measured,1024,2048,tile8,262144,1048576,5,30,8,281981,376545,2d4a1c573b9665e7,d32c613321b43c7f,none,none
sample,1024,2048,tile8,0,257195
sample,1024,2048,tile8,1,252990
sample,1024,2048,tile8,2,254110
sample,1024,2048,tile8,3,253888
sample,1024,2048,tile8,4,261758
sample,1024,2048,tile8,5,260759
sample,1024,2048,tile8,6,275990
sample,1024,2048,tile8,7,260824
sample,1024,2048,tile8,8,376545
sample,1024,2048,tile8,9,345962
sample,1024,2048,tile8,10,281981
sample,1024,2048,tile8,11,291452
sample,1024,2048,tile8,12,282138
sample,1024,2048,tile8,13,282258
sample,1024,2048,tile8,14,349805
sample,1024,2048,tile8,15,328962
sample,1024,2048,tile8,16,290999
sample,1024,2048,tile8,17,281443
sample,1024,2048,tile8,18,280824
sample,1024,2048,tile8,19,279730
sample,1024,2048,tile8,20,287008
sample,1024,2048,tile8,21,284573
sample,1024,2048,tile8,22,279852
sample,1024,2048,tile8,23,277110
sample,1024,2048,tile8,24,465203
sample,1024,2048,tile8,25,291989
sample,1024,2048,tile8,26,282823
sample,1024,2048,tile8,27,281463
sample,1024,2048,tile8,28,284481
sample,1024,2048,tile8,29,282481
measured,4096,128,vec4,65536,262144,5,30,12,359841,495767,d878e557b6daedce,8cc85ceb09c8efed,none,none
sample,4096,128,vec4,0,350202
sample,4096,128,vec4,1,348351
sample,4096,128,vec4,2,358906
sample,4096,128,vec4,3,483268
sample,4096,128,vec4,4,495767
sample,4096,128,vec4,5,362693
sample,4096,128,vec4,6,359841
sample,4096,128,vec4,7,355425
sample,4096,128,vec4,8,353536
sample,4096,128,vec4,9,352656
sample,4096,128,vec4,10,353452
sample,4096,128,vec4,11,350462
sample,4096,128,vec4,12,348166
sample,4096,128,vec4,13,744266
sample,4096,128,vec4,14,416147
sample,4096,128,vec4,15,348462
sample,4096,128,vec4,16,347879
sample,4096,128,vec4,17,359323
sample,4096,128,vec4,18,401249
sample,4096,128,vec4,19,354860
sample,4096,128,vec4,20,367518
sample,4096,128,vec4,21,357694
sample,4096,128,vec4,22,431240
sample,4096,128,vec4,23,436128
sample,4096,128,vec4,24,443239
sample,4096,128,vec4,25,485720
sample,4096,128,vec4,26,479062
sample,4096,128,vec4,27,484416
sample,4096,128,vec4,28,485786
sample,4096,128,vec4,29,489092
measured,4096,128,fused2,65536,262144,5,30,11,347592,455508,d878e557b6daedce,8cc85ceb09c8efed,none,none
sample,4096,128,fused2,0,327647
sample,4096,128,fused2,1,321786
sample,4096,128,fused2,2,377369
sample,4096,128,fused2,3,323444
sample,4096,128,fused2,4,449360
sample,4096,128,fused2,5,337360
sample,4096,128,fused2,6,336184
sample,4096,128,fused2,7,335925
sample,4096,128,fused2,8,333777
sample,4096,128,fused2,9,331036
sample,4096,128,fused2,10,332074
sample,4096,128,fused2,11,353841
sample,4096,128,fused2,12,327203
sample,4096,128,fused2,13,389555
sample,4096,128,fused2,14,378129
sample,4096,128,fused2,15,331684
sample,4096,128,fused2,16,326434
sample,4096,128,fused2,17,341045
sample,4096,128,fused2,18,354499
sample,4096,128,fused2,19,343499
sample,4096,128,fused2,20,398110
sample,4096,128,fused2,21,347592
sample,4096,128,fused2,22,404620
sample,4096,128,fused2,23,408870
sample,4096,128,fused2,24,410008
sample,4096,128,fused2,25,447878
sample,4096,128,fused2,26,453814
sample,4096,128,fused2,27,450517
sample,4096,128,fused2,28,455508
sample,4096,128,fused2,29,458007
measured,4096,128,tile8,65536,262144,5,30,10,319193,433490,d878e557b6daedce,8cc85ceb09c8efed,none,none
sample,4096,128,tile8,0,304054
sample,4096,128,tile8,1,306564
sample,4096,128,tile8,2,362434
sample,4096,128,tile8,3,356721
sample,4096,128,tile8,4,425341
sample,4096,128,tile8,5,316360
sample,4096,128,tile8,6,314592
sample,4096,128,tile8,7,314434
sample,4096,128,tile8,8,312795
sample,4096,128,tile8,9,309026
sample,4096,128,tile8,10,309647
sample,4096,128,tile8,11,327101
sample,4096,128,tile8,12,310009
sample,4096,128,tile8,13,433490
sample,4096,128,tile8,14,426944
sample,4096,128,tile8,15,305582
sample,4096,128,tile8,16,304602
sample,4096,128,tile8,17,302452
sample,4096,128,tile8,18,317341
sample,4096,128,tile8,19,345258
sample,4096,128,tile8,20,319193
sample,4096,128,tile8,21,315092
sample,4096,128,tile8,22,378814
sample,4096,128,tile8,23,377017
sample,4096,128,tile8,24,380990
sample,4096,128,tile8,25,422517
sample,4096,128,tile8,26,426758
sample,4096,128,tile8,27,420037
sample,4096,128,tile8,28,418073
sample,4096,128,tile8,29,464971
measured,4096,512,vec4,262144,1048576,5,30,12,491148,545406,07e875993970433c,207dceeda1be3f5b,none,none
sample,4096,512,vec4,0,493211
sample,4096,512,vec4,1,497655
sample,4096,512,vec4,2,495490
sample,4096,512,vec4,3,503961
sample,4096,512,vec4,4,515295
sample,4096,512,vec4,5,484776
sample,4096,512,vec4,6,486749
sample,4096,512,vec4,7,553600
sample,4096,512,vec4,8,483535
sample,4096,512,vec4,9,497840
sample,4096,512,vec4,10,494583
sample,4096,512,vec4,11,492377
sample,4096,512,vec4,12,489221
sample,4096,512,vec4,13,494629
sample,4096,512,vec4,14,493961
sample,4096,512,vec4,15,497685
sample,4096,512,vec4,16,525359
sample,4096,512,vec4,17,483916
sample,4096,512,vec4,18,485850
sample,4096,512,vec4,19,521387
sample,4096,512,vec4,20,482636
sample,4096,512,vec4,21,490294
sample,4096,512,vec4,22,491148
sample,4096,512,vec4,23,487201
sample,4096,512,vec4,24,483341
sample,4096,512,vec4,25,487342
sample,4096,512,vec4,26,487230
sample,4096,512,vec4,27,490109
sample,4096,512,vec4,28,545406
sample,4096,512,vec4,29,482202
measured,4096,512,fused2,262144,1048576,5,30,11,456064,468869,07e875993970433c,207dceeda1be3f5b,none,none
sample,4096,512,fused2,0,457924
sample,4096,512,fused2,1,459720
sample,4096,512,fused2,2,456064
sample,4096,512,fused2,3,463314
sample,4096,512,fused2,4,464943
sample,4096,512,fused2,5,449664
sample,4096,512,fused2,6,449897
sample,4096,512,fused2,7,453962
sample,4096,512,fused2,8,446064
sample,4096,512,fused2,9,468869
sample,4096,512,fused2,10,459091
sample,4096,512,fused2,11,457776
sample,4096,512,fused2,12,458129
sample,4096,512,fused2,13,462240
sample,4096,512,fused2,14,457091
sample,4096,512,fused2,15,457794
sample,4096,512,fused2,16,455722
sample,4096,512,fused2,17,447665
sample,4096,512,fused2,18,449480
sample,4096,512,fused2,19,454434
sample,4096,512,fused2,20,443906
sample,4096,512,fused2,21,446322
sample,4096,512,fused2,22,455109
sample,4096,512,fused2,23,462795
sample,4096,512,fused2,24,459239
sample,4096,512,fused2,25,456425
sample,4096,512,fused2,26,452072
sample,4096,512,fused2,27,453544
sample,4096,512,fused2,28,508359
sample,4096,512,fused2,29,454147
measured,4096,512,tile8,262144,1048576,5,30,10,440611,489156,07e875993970433c,207dceeda1be3f5b,none,none
sample,4096,512,tile8,0,439805
sample,4096,512,tile8,1,448286
sample,4096,512,tile8,2,445461
sample,4096,512,tile8,3,436397
sample,4096,512,tile8,4,452184
sample,4096,512,tile8,5,441471
sample,4096,512,tile8,6,428314
sample,4096,512,tile8,7,466933
sample,4096,512,tile8,8,446490
sample,4096,512,tile8,9,439203
sample,4096,512,tile8,10,442785
sample,4096,512,tile8,11,440323
sample,4096,512,tile8,12,443618
sample,4096,512,tile8,13,443776
sample,4096,512,tile8,14,443610
sample,4096,512,tile8,15,446555
sample,4096,512,tile8,16,512387
sample,4096,512,tile8,17,435979
sample,4096,512,tile8,18,431258
sample,4096,512,tile8,19,489156
sample,4096,512,tile8,20,442842
sample,4096,512,tile8,21,428453
sample,4096,512,tile8,22,435212
sample,4096,512,tile8,23,434962
sample,4096,512,tile8,24,446074
sample,4096,512,tile8,25,437340
sample,4096,512,tile8,26,433962
sample,4096,512,tile8,27,435916
sample,4096,512,tile8,28,440611
sample,4096,512,tile8,29,440276
measured,4096,2048,vec4,1048576,4194304,5,30,12,550637,570471,4143a88e49ed614b,e0842ad8f72c0c9f,none,none
sample,4096,2048,vec4,0,540239
sample,4096,2048,vec4,1,544851
sample,4096,2048,vec4,2,550637
sample,4096,2048,vec4,3,548980
sample,4096,2048,vec4,4,554268
sample,4096,2048,vec4,5,549600
sample,4096,2048,vec4,6,550211
sample,4096,2048,vec4,7,566572
sample,4096,2048,vec4,8,548868
sample,4096,2048,vec4,9,547109
sample,4096,2048,vec4,10,544387
sample,4096,2048,vec4,11,561120
sample,4096,2048,vec4,12,570471
sample,4096,2048,vec4,13,559536
sample,4096,2048,vec4,14,553147
sample,4096,2048,vec4,15,552405
sample,4096,2048,vec4,16,549313
sample,4096,2048,vec4,17,566331
sample,4096,2048,vec4,18,555656
sample,4096,2048,vec4,19,544229
sample,4096,2048,vec4,20,551999
sample,4096,2048,vec4,21,546572
sample,4096,2048,vec4,22,542322
sample,4096,2048,vec4,23,544998
sample,4096,2048,vec4,24,571609
sample,4096,2048,vec4,25,555609
sample,4096,2048,vec4,26,552350
sample,4096,2048,vec4,27,552415
sample,4096,2048,vec4,28,554239
sample,4096,2048,vec4,29,549739
measured,4096,2048,fused2,1048576,4194304,5,30,11,515517,577286,4143a88e49ed614b,e0842ad8f72c0c9f,none,none
sample,4096,2048,fused2,0,503675
sample,4096,2048,fused2,1,520665
sample,4096,2048,fused2,2,577286
sample,4096,2048,fused2,3,504498
sample,4096,2048,fused2,4,507582
sample,4096,2048,fused2,5,525415
sample,4096,2048,fused2,6,517590
sample,4096,2048,fused2,7,513554
sample,4096,2048,fused2,8,513157
sample,4096,2048,fused2,9,562359
sample,4096,2048,fused2,10,514156
sample,4096,2048,fused2,11,513036
sample,4096,2048,fused2,12,511953
sample,4096,2048,fused2,13,508136
sample,4096,2048,fused2,14,514387
sample,4096,2048,fused2,15,515971
sample,4096,2048,fused2,16,515517
sample,4096,2048,fused2,17,579905
sample,4096,2048,fused2,18,510202
sample,4096,2048,fused2,19,541388
sample,4096,2048,fused2,20,517814
sample,4096,2048,fused2,21,504174
sample,4096,2048,fused2,22,549831
sample,4096,2048,fused2,23,522998
sample,4096,2048,fused2,24,513868
sample,4096,2048,fused2,25,523055
sample,4096,2048,fused2,26,515536
sample,4096,2048,fused2,27,516850
sample,4096,2048,fused2,28,515851
sample,4096,2048,fused2,29,514953
measured,4096,2048,tile8,1048576,4194304,5,30,10,537916,583794,4143a88e49ed614b,e0842ad8f72c0c9f,none,none
sample,4096,2048,tile8,0,537925
sample,4096,2048,tile8,1,537286
sample,4096,2048,tile8,2,535008
sample,4096,2048,tile8,3,537388
sample,4096,2048,tile8,4,542647
sample,4096,2048,tile8,5,543118
sample,4096,2048,tile8,6,534701
sample,4096,2048,tile8,7,537916
sample,4096,2048,tile8,8,542526
sample,4096,2048,tile8,9,583794
sample,4096,2048,tile8,10,536748
sample,4096,2048,tile8,11,537749
sample,4096,2048,tile8,12,537813
sample,4096,2048,tile8,13,536229
sample,4096,2048,tile8,14,535851
sample,4096,2048,tile8,15,544045
sample,4096,2048,tile8,16,541313
sample,4096,2048,tile8,17,589275
sample,4096,2048,tile8,18,540202
sample,4096,2048,tile8,19,574229
sample,4096,2048,tile8,20,535193
sample,4096,2048,tile8,21,538831
sample,4096,2048,tile8,22,531896
sample,4096,2048,tile8,23,582961
sample,4096,2048,tile8,24,532174
sample,4096,2048,tile8,25,542953
sample,4096,2048,tile8,26,536979
sample,4096,2048,tile8,27,542164
sample,4096,2048,tile8,28,536526
sample,4096,2048,tile8,29,541221
measured,16384,128,vec4,262144,1048576,5,30,14,566868,605387,318e48fc80dadb1f,a09bc0e13ecf9bf8,none,none
sample,16384,128,vec4,0,574712
sample,16384,128,vec4,1,566665
sample,16384,128,vec4,2,619655
sample,16384,128,vec4,3,567906
sample,16384,128,vec4,4,568804
sample,16384,128,vec4,5,566980
sample,16384,128,vec4,6,560832
sample,16384,128,vec4,7,570526
sample,16384,128,vec4,8,572026
sample,16384,128,vec4,9,582119
sample,16384,128,vec4,10,577340
sample,16384,128,vec4,11,558961
sample,16384,128,vec4,12,556185
sample,16384,128,vec4,13,556230
sample,16384,128,vec4,14,565490
sample,16384,128,vec4,15,558722
sample,16384,128,vec4,16,566868
sample,16384,128,vec4,17,562453
sample,16384,128,vec4,18,565471
sample,16384,128,vec4,19,568850
sample,16384,128,vec4,20,564915
sample,16384,128,vec4,21,571174
sample,16384,128,vec4,22,559156
sample,16384,128,vec4,23,586461
sample,16384,128,vec4,24,594618
sample,16384,128,vec4,25,561489
sample,16384,128,vec4,26,605387
sample,16384,128,vec4,27,562823
sample,16384,128,vec4,28,561952
sample,16384,128,vec4,29,574415
measured,16384,128,fused2,262144,1048576,5,30,13,536165,553775,318e48fc80dadb1f,a09bc0e13ecf9bf8,none,none
sample,16384,128,fused2,0,538221
sample,16384,128,fused2,1,531573
sample,16384,128,fused2,2,535925
sample,16384,128,fused2,3,524952
sample,16384,128,fused2,4,537591
sample,16384,128,fused2,5,536980
sample,16384,128,fused2,6,533452
sample,16384,128,fused2,7,542221
sample,16384,128,fused2,8,547869
sample,16384,128,fused2,9,535812
sample,16384,128,fused2,10,537767
sample,16384,128,fused2,11,522118
sample,16384,128,fused2,12,537563
sample,16384,128,fused2,13,543842
sample,16384,128,fused2,14,549268
sample,16384,128,fused2,15,528702
sample,16384,128,fused2,16,553775
sample,16384,128,fused2,17,532480
sample,16384,128,fused2,18,534647
sample,16384,128,fused2,19,536165
sample,16384,128,fused2,20,530656
sample,16384,128,fused2,21,590137
sample,16384,128,fused2,22,533202
sample,16384,128,fused2,23,542601
sample,16384,128,fused2,24,538813
sample,16384,128,fused2,25,527989
sample,16384,128,fused2,26,533368
sample,16384,128,fused2,27,551572
sample,16384,128,fused2,28,542118
sample,16384,128,fused2,29,530305
measured,16384,128,tile8,262144,1048576,5,30,12,507869,523572,318e48fc80dadb1f,a09bc0e13ecf9bf8,none,none
sample,16384,128,tile8,0,504517
sample,16384,128,tile8,1,502489
sample,16384,128,tile8,2,521674
sample,16384,128,tile8,3,499414
sample,16384,128,tile8,4,499703
sample,16384,128,tile8,5,511720
sample,16384,128,tile8,6,513933
sample,16384,128,tile8,7,513044
sample,16384,128,tile8,8,509294
sample,16384,128,tile8,9,507869
sample,16384,128,tile8,10,513064
sample,16384,128,tile8,11,516599
sample,16384,128,tile8,12,499082
sample,16384,128,tile8,13,501202
sample,16384,128,tile8,14,500887
sample,16384,128,tile8,15,500796
sample,16384,128,tile8,16,507795
sample,16384,128,tile8,17,514943
sample,16384,128,tile8,18,511748
sample,16384,128,tile8,19,514944
sample,16384,128,tile8,20,507517
sample,16384,128,tile8,21,560294
sample,16384,128,tile8,22,508349
sample,16384,128,tile8,23,503925
sample,16384,128,tile8,24,504711
sample,16384,128,tile8,25,502397
sample,16384,128,tile8,26,523572
sample,16384,128,tile8,27,504796
sample,16384,128,tile8,28,510508
sample,16384,128,tile8,29,510683
measured,16384,512,vec4,1048576,4194304,5,30,14,632702,687090,08b87a1ca99fa7b8,cc66b7b8fae87df4,none,none
sample,16384,512,vec4,0,633137
sample,16384,512,vec4,1,687090
sample,16384,512,vec4,2,636748
sample,16384,512,vec4,3,703128
sample,16384,512,vec4,4,642451
sample,16384,512,vec4,5,635989
sample,16384,512,vec4,6,650396
sample,16384,512,vec4,7,633257
sample,16384,512,vec4,8,637730
sample,16384,512,vec4,9,634804
sample,16384,512,vec4,10,653591
sample,16384,512,vec4,11,629471
sample,16384,512,vec4,12,626275
sample,16384,512,vec4,13,652331
sample,16384,512,vec4,14,631415
sample,16384,512,vec4,15,631554
sample,16384,512,vec4,16,633776
sample,16384,512,vec4,17,632702
sample,16384,512,vec4,18,631174
sample,16384,512,vec4,19,647924
sample,16384,512,vec4,20,622563
sample,16384,512,vec4,21,624638
sample,16384,512,vec4,22,680054
sample,16384,512,vec4,23,500036
sample,16384,512,vec4,24,500396
sample,16384,512,vec4,25,503470
sample,16384,512,vec4,26,519990
sample,16384,512,vec4,27,525758
sample,16384,512,vec4,28,526368
sample,16384,512,vec4,29,548777
measured,16384,512,fused2,1048576,4194304,5,30,13,594592,603332,08b87a1ca99fa7b8,cc66b7b8fae87df4,none,none
sample,16384,512,fused2,0,598304
sample,16384,512,fused2,1,590517
sample,16384,512,fused2,2,591507
sample,16384,512,fused2,3,594592
sample,16384,512,fused2,4,596036
sample,16384,512,fused2,5,591989
sample,16384,512,fused2,6,600341
sample,16384,512,fused2,7,600303
sample,16384,512,fused2,8,597146
sample,16384,512,fused2,9,599202
sample,16384,512,fused2,10,602007
sample,16384,512,fused2,11,591360
sample,16384,512,fused2,12,588924
sample,16384,512,fused2,13,599526
sample,16384,512,fused2,14,588729
sample,16384,512,fused2,15,598859
sample,16384,512,fused2,16,598100
sample,16384,512,fused2,17,610016
sample,16384,512,fused2,18,597989
sample,16384,512,fused2,19,597286
sample,16384,512,fused2,20,594952
sample,16384,512,fused2,21,603332
sample,16384,512,fused2,22,512072
sample,16384,512,fused2,23,471656
sample,16384,512,fused2,24,467175
sample,16384,512,fused2,25,486063
sample,16384,512,fused2,26,489860
sample,16384,512,fused2,27,497016
sample,16384,512,fused2,28,495554
sample,16384,512,fused2,29,495203
measured,16384,512,tile8,1048576,4194304,5,30,12,619155,646581,08b87a1ca99fa7b8,cc66b7b8fae87df4,none,none
sample,16384,512,tile8,0,646581
sample,16384,512,tile8,1,626757
sample,16384,512,tile8,2,619211
sample,16384,512,tile8,3,641720
sample,16384,512,tile8,4,614072
sample,16384,512,tile8,5,611702
sample,16384,512,tile8,6,620007
sample,16384,512,tile8,7,621063
sample,16384,512,tile8,8,627766
sample,16384,512,tile8,9,619406
sample,16384,512,tile8,10,626729
sample,16384,512,tile8,11,610350
sample,16384,512,tile8,12,642258
sample,16384,512,tile8,13,623295
sample,16384,512,tile8,14,618757
sample,16384,512,tile8,15,619350
sample,16384,512,tile8,16,622693
sample,16384,512,tile8,17,613359
sample,16384,512,tile8,18,619155
sample,16384,512,tile8,19,637655
sample,16384,512,tile8,20,615906
sample,16384,512,tile8,21,609229
sample,16384,512,tile8,22,652896
sample,16384,512,tile8,23,512906
sample,16384,512,tile8,24,503628
sample,16384,512,tile8,25,517424
sample,16384,512,tile8,26,524878
sample,16384,512,tile8,27,526434
sample,16384,512,tile8,28,524759
sample,16384,512,tile8,29,525979
measured,16384,2048,vec4,4194304,16777216,5,30,14,583285,683544,6be3b72c15a212b9,3199380bd5011e6c,none,none
sample,16384,2048,vec4,0,574240
sample,16384,2048,vec4,1,594916
sample,16384,2048,vec4,2,585471
sample,16384,2048,vec4,3,571220
sample,16384,2048,vec4,4,578758
sample,16384,2048,vec4,5,548442
sample,16384,2048,vec4,6,555460
sample,16384,2048,vec4,7,581498
sample,16384,2048,vec4,8,578896
sample,16384,2048,vec4,9,583285
sample,16384,2048,vec4,10,619850
sample,16384,2048,vec4,11,621119
sample,16384,2048,vec4,12,678230
sample,16384,2048,vec4,13,625119
sample,16384,2048,vec4,14,658183
sample,16384,2048,vec4,15,645388
sample,16384,2048,vec4,16,621146
sample,16384,2048,vec4,17,640193
sample,16384,2048,vec4,18,683544
sample,16384,2048,vec4,19,660720
sample,16384,2048,vec4,20,659572
sample,16384,2048,vec4,21,642156
sample,16384,2048,vec4,22,938312
sample,16384,2048,vec4,23,499350
sample,16384,2048,vec4,24,490508
sample,16384,2048,vec4,25,501046
sample,16384,2048,vec4,26,493637
sample,16384,2048,vec4,27,496322
sample,16384,2048,vec4,28,480703
sample,16384,2048,vec4,29,481646
measured,16384,2048,fused2,4194304,16777216,5,30,13,550795,664109,6be3b72c15a212b9,3199380bd5011e6c,none,none
sample,16384,2048,fused2,0,545989
sample,16384,2048,fused2,1,551637
sample,16384,2048,fused2,2,550795
sample,16384,2048,fused2,3,599406
sample,16384,2048,fused2,4,547590
sample,16384,2048,fused2,5,531406
sample,16384,2048,fused2,6,595554
sample,16384,2048,fused2,7,549961
sample,16384,2048,fused2,8,545091
sample,16384,2048,fused2,9,541674
sample,16384,2048,fused2,10,578518
sample,16384,2048,fused2,11,573666
sample,16384,2048,fused2,12,590294
sample,16384,2048,fused2,13,534480
sample,16384,2048,fused2,14,592507
sample,16384,2048,fused2,15,652748
sample,16384,2048,fused2,16,613933
sample,16384,2048,fused2,17,604396
sample,16384,2048,fused2,18,691618
sample,16384,2048,fused2,19,664109
sample,16384,2048,fused2,20,622387
sample,16384,2048,fused2,21,626017
sample,16384,2048,fused2,22,620592
sample,16384,2048,fused2,23,520257
sample,16384,2048,fused2,24,466824
sample,16384,2048,fused2,25,469897
sample,16384,2048,fused2,26,464063
sample,16384,2048,fused2,27,506990
sample,16384,2048,fused2,28,440574
sample,16384,2048,fused2,29,469647
measured,16384,2048,tile8,4194304,16777216,5,30,12,701313,759201,6be3b72c15a212b9,3199380bd5011e6c,none,none
sample,16384,2048,tile8,0,710045
sample,16384,2048,tile8,1,709229
sample,16384,2048,tile8,2,759201
sample,16384,2048,tile8,3,687174
sample,16384,2048,tile8,4,686813
sample,16384,2048,tile8,5,712432
sample,16384,2048,tile8,6,725415
sample,16384,2048,tile8,7,670349
sample,16384,2048,tile8,8,669127
sample,16384,2048,tile8,9,671729
sample,16384,2048,tile8,10,711054
sample,16384,2048,tile8,11,701313
sample,16384,2048,tile8,12,712201
sample,16384,2048,tile8,13,713525
sample,16384,2048,tile8,14,760360
sample,16384,2048,tile8,15,726238
sample,16384,2048,tile8,16,690859
sample,16384,2048,tile8,17,704127
sample,16384,2048,tile8,18,712035
sample,16384,2048,tile8,19,712831
sample,16384,2048,tile8,20,722813
sample,16384,2048,tile8,21,721878
sample,16384,2048,tile8,22,689267
sample,16384,2048,tile8,23,637609
sample,16384,2048,tile8,24,585757
sample,16384,2048,tile8,25,573359
sample,16384,2048,tile8,26,578581
sample,16384,2048,tile8,27,638915
sample,16384,2048,tile8,28,563156
sample,16384,2048,tile8,29,571017
measured,65536,128,vec4,1048576,4194304,5,30,16,579137,600776,9ec0db29a14c575b,4098921c6b362ecd,none,none
sample,65536,128,vec4,0,545961
sample,65536,128,vec4,1,542267
sample,65536,128,vec4,2,537692
sample,65536,128,vec4,3,572377
sample,65536,128,vec4,4,555961
sample,65536,128,vec4,5,555962
sample,65536,128,vec4,6,563527
sample,65536,128,vec4,7,553433
sample,65536,128,vec4,8,555248
sample,65536,128,vec4,9,562804
sample,65536,128,vec4,10,591730
sample,65536,128,vec4,11,579137
sample,65536,128,vec4,12,568488
sample,65536,128,vec4,13,572535
sample,65536,128,vec4,14,577303
sample,65536,128,vec4,15,571164
sample,65536,128,vec4,16,580388
sample,65536,128,vec4,17,589499
sample,65536,128,vec4,18,587990
sample,65536,128,vec4,19,593203
sample,65536,128,vec4,20,609304
sample,65536,128,vec4,21,590008
sample,65536,128,vec4,22,600776
sample,65536,128,vec4,23,584562
sample,65536,128,vec4,24,586868
sample,65536,128,vec4,25,585805
sample,65536,128,vec4,26,589516
sample,65536,128,vec4,27,596803
sample,65536,128,vec4,28,592100
sample,65536,128,vec4,29,587785
measured,65536,128,fused2,1048576,4194304,5,30,15,556322,589405,9ec0db29a14c575b,4098921c6b362ecd,none,none
sample,65536,128,fused2,0,522434
sample,65536,128,fused2,1,516508
sample,65536,128,fused2,2,515461
sample,65536,128,fused2,3,516415
sample,65536,128,fused2,4,542036
sample,65536,128,fused2,5,532980
sample,65536,128,fused2,6,530378
sample,65536,128,fused2,7,528240
sample,65536,128,fused2,8,529981
sample,65536,128,fused2,9,529183
sample,65536,128,fused2,10,589405
sample,65536,128,fused2,11,556322
sample,65536,128,fused2,12,560591
sample,65536,128,fused2,13,543554
sample,65536,128,fused2,14,545165
sample,65536,128,fused2,15,543276
sample,65536,128,fused2,16,578073
sample,65536,128,fused2,17,573027
sample,65536,128,fused2,18,572767
sample,65536,128,fused2,19,559609
sample,65536,128,fused2,20,565313
sample,65536,128,fused2,21,581915
sample,65536,128,fused2,22,567081
sample,65536,128,fused2,23,555081
sample,65536,128,fused2,24,564230
sample,65536,128,fused2,25,562304
sample,65536,128,fused2,26,560090
sample,65536,128,fused2,27,642007
sample,65536,128,fused2,28,586822
sample,65536,128,fused2,29,561933
measured,65536,128,tile8,1048576,4194304,5,30,14,542757,567924,9ec0db29a14c575b,4098921c6b362ecd,none,none
sample,65536,128,tile8,0,515202
sample,65536,128,tile8,1,511285
sample,65536,128,tile8,2,511581
sample,65536,128,tile8,3,508925
sample,65536,128,tile8,4,522961
sample,65536,128,tile8,5,520655
sample,65536,128,tile8,6,525609
sample,65536,128,tile8,7,524591
sample,65536,128,tile8,8,527804
sample,65536,128,tile8,9,521897
sample,65536,128,tile8,10,540101
sample,65536,128,tile8,11,557507
sample,65536,128,tile8,12,542757
sample,65536,128,tile8,13,543157
sample,65536,128,tile8,14,541424
sample,65536,128,tile8,15,539748
sample,65536,128,tile8,16,537359
sample,65536,128,tile8,17,563462
sample,65536,128,tile8,18,567924
sample,65536,128,tile8,19,557934
sample,65536,128,tile8,20,564488
sample,65536,128,tile8,21,563396
sample,65536,128,tile8,22,557803
sample,65536,128,tile8,23,556137
sample,65536,128,tile8,24,558397
sample,65536,128,tile8,25,556351
sample,65536,128,tile8,26,589239
sample,65536,128,tile8,27,555286
sample,65536,128,tile8,28,554035
sample,65536,128,tile8,29,558461
measured,65536,512,vec4,4194304,16777216,5,30,16,691637,720627,84d06402da633040,29115d73667dee45,none,none
sample,65536,512,vec4,0,689045
sample,65536,512,vec4,1,699081
sample,65536,512,vec4,2,686266
sample,65536,512,vec4,3,694285
sample,65536,512,vec4,4,698164
sample,65536,512,vec4,5,720627
sample,65536,512,vec4,6,742100
sample,65536,512,vec4,7,684617
sample,65536,512,vec4,8,715701
sample,65536,512,vec4,9,691341
sample,65536,512,vec4,10,683535
sample,65536,512,vec4,11,691221
sample,65536,512,vec4,12,687757
sample,65536,512,vec4,13,691238
sample,65536,512,vec4,14,685332
sample,65536,512,vec4,15,695174
sample,65536,512,vec4,16,695748
sample,65536,512,vec4,17,696424
sample,65536,512,vec4,18,690350
sample,65536,512,vec4,19,691637
sample,65536,512,vec4,20,675109
sample,65536,512,vec4,21,704470
sample,65536,512,vec4,22,694655
sample,65536,512,vec4,23,701859
sample,65536,512,vec4,24,704387
sample,65536,512,vec4,25,676775
sample,65536,512,vec4,26,697545
sample,65536,512,vec4,27,676859
sample,65536,512,vec4,28,691795
sample,65536,512,vec4,29,690405
measured,65536,512,fused2,4194304,16777216,5,30,15,661693,716397,84d06402da633040,29115d73667dee45,none,none
sample,65536,512,fused2,0,658415
sample,65536,512,fused2,1,652896
sample,65536,512,fused2,2,641498
sample,65536,512,fused2,3,661693
sample,65536,512,fused2,4,645118
sample,65536,512,fused2,5,657128
sample,65536,512,fused2,6,659757
sample,65536,512,fused2,7,664776
sample,65536,512,fused2,8,700035
sample,65536,512,fused2,9,669869
sample,65536,512,fused2,10,666359
sample,65536,512,fused2,11,662211
sample,65536,512,fused2,12,663276
sample,65536,512,fused2,13,695146
sample,65536,512,fused2,14,716397
sample,65536,512,fused2,15,650896
sample,65536,512,fused2,16,657897
sample,65536,512,fused2,17,652285
sample,65536,512,fused2,18,663535
sample,65536,512,fused2,19,648637
sample,65536,512,fused2,20,646980
sample,65536,512,fused2,21,659924
sample,65536,512,fused2,22,664415
sample,65536,512,fused2,23,675378
sample,65536,512,fused2,24,656461
sample,65536,512,fused2,25,665600
sample,65536,512,fused2,26,660110
sample,65536,512,fused2,27,718026
sample,65536,512,fused2,28,664887
sample,65536,512,fused2,29,665721
measured,65536,512,tile8,4194304,16777216,5,30,14,726239,746508,84d06402da633040,29115d73667dee45,none,none
sample,65536,512,tile8,0,726442
sample,65536,512,tile8,1,726905
sample,65536,512,tile8,2,713913
sample,65536,512,tile8,3,726026
sample,65536,512,tile8,4,715600
sample,65536,512,tile8,5,726239
sample,65536,512,tile8,6,729618
sample,65536,512,tile8,7,709423
sample,65536,512,tile8,8,733174
sample,65536,512,tile8,9,730117
sample,65536,512,tile8,10,714887
sample,65536,512,tile8,11,730313
sample,65536,512,tile8,12,731156
sample,65536,512,tile8,13,727424
sample,65536,512,tile8,14,707905
sample,65536,512,tile8,15,711100
sample,65536,512,tile8,16,722738
sample,65536,512,tile8,17,745590
sample,65536,512,tile8,18,746508
sample,65536,512,tile8,19,719795
sample,65536,512,tile8,20,720766
sample,65536,512,tile8,21,731951
sample,65536,512,tile8,22,733618
sample,65536,512,tile8,23,725701
sample,65536,512,tile8,24,715627
sample,65536,512,tile8,25,743368
sample,65536,512,tile8,26,752895
sample,65536,512,tile8,27,720729
sample,65536,512,tile8,28,723127
sample,65536,512,tile8,29,735025
skipped_limit,65536,2048,vec4,16777216,67108864,NA,NA,NA,NA,NA,NA,NA,cohort_dispatch_limit,none
skipped_limit,65536,2048,fused2,16777216,67108864,NA,NA,NA,NA,NA,NA,NA,cohort_dispatch_limit,none
skipped_limit,65536,2048,tile8,16777216,67108864,NA,NA,NA,NA,NA,NA,NA,cohort_dispatch_limit,none
measured,262144,128,vec4,4194304,16777216,5,30,18,783044,835571,603e59446e81431f,99960c282a7f4ca5,none,none
sample,262144,128,vec4,0,784784
sample,262144,128,vec4,1,792183
sample,262144,128,vec4,2,795933
sample,262144,128,vec4,3,782563
sample,262144,128,vec4,4,787850
sample,262144,128,vec4,5,789581
sample,262144,128,vec4,6,822535
sample,262144,128,vec4,7,784386
sample,262144,128,vec4,8,789109
sample,262144,128,vec4,9,890591
sample,262144,128,vec4,10,788785
sample,262144,128,vec4,11,804266
sample,262144,128,vec4,12,791202
sample,262144,128,vec4,13,835571
sample,262144,128,vec4,14,789756
sample,262144,128,vec4,15,783044
sample,262144,128,vec4,16,800071
sample,262144,128,vec4,17,703609
sample,262144,128,vec4,18,648091
sample,262144,128,vec4,19,633794
sample,262144,128,vec4,20,622359
sample,262144,128,vec4,21,613489
sample,262144,128,vec4,22,630063
sample,262144,128,vec4,23,599970
sample,262144,128,vec4,24,603896
sample,262144,128,vec4,25,602915
sample,262144,128,vec4,26,665369
sample,262144,128,vec4,27,703285
sample,262144,128,vec4,28,626841
sample,262144,128,vec4,29,619489
measured,262144,128,fused2,4194304,16777216,5,30,17,773988,835830,603e59446e81431f,99960c282a7f4ca5,none,none
sample,262144,128,fused2,0,766896
sample,262144,128,fused2,1,791506
sample,262144,128,fused2,2,809619
sample,262144,128,fused2,3,773988
sample,262144,128,fused2,4,800886
sample,262144,128,fused2,5,794034
sample,262144,128,fused2,6,835830
sample,262144,128,fused2,7,788156
sample,262144,128,fused2,8,781841
sample,262144,128,fused2,9,805785
sample,262144,128,fused2,10,782258
sample,262144,128,fused2,11,786229
sample,262144,128,fused2,12,773136
sample,262144,128,fused2,13,776397
sample,262144,128,fused2,14,771202
sample,262144,128,fused2,15,787618
sample,262144,128,fused2,16,781970
sample,262144,128,fused2,17,693146
sample,262144,128,fused2,18,637665
sample,262144,128,fused2,19,624007
sample,262144,128,fused2,20,620192
sample,262144,128,fused2,21,643184
sample,262144,128,fused2,22,615823
sample,262144,128,fused2,23,601600
sample,262144,128,fused2,24,628601
sample,262144,128,fused2,25,898674
sample,262144,128,fused2,26,806007
sample,262144,128,fused2,27,648646
sample,262144,128,fused2,28,624276
sample,262144,128,fused2,29,626507
measured,262144,128,tile8,4194304,16777216,5,30,16,838822,858460,603e59446e81431f,99960c282a7f4ca5,none,none
sample,262144,128,tile8,0,849859
sample,262144,128,tile8,1,849460
sample,262144,128,tile8,2,838822
sample,262144,128,tile8,3,857182
sample,262144,128,tile8,4,849887
sample,262144,128,tile8,5,850849
sample,262144,128,tile8,6,835849
sample,262144,128,tile8,7,841563
sample,262144,128,tile8,8,856923
sample,262144,128,tile8,9,853952
sample,262144,128,tile8,10,849100
sample,262144,128,tile8,11,843405
sample,262144,128,tile8,12,852534
sample,262144,128,tile8,13,876469
sample,262144,128,tile8,14,854756
sample,262144,128,tile8,15,847544
sample,262144,128,tile8,16,858460
sample,262144,128,tile8,17,729295
sample,262144,128,tile8,18,720045
sample,262144,128,tile8,19,702960
sample,262144,128,tile8,20,730322
sample,262144,128,tile8,21,699349
sample,262144,128,tile8,22,688906
sample,262144,128,tile8,23,684535
sample,262144,128,tile8,24,677378
sample,262144,128,tile8,25,816617
sample,262144,128,tile8,26,726276
sample,262144,128,tile8,27,749887
sample,262144,128,tile8,28,705072
sample,262144,128,tile8,29,704424
skipped_limit,262144,512,vec4,16777216,67108864,NA,NA,NA,NA,NA,NA,NA,cohort_dispatch_limit,none
skipped_limit,262144,512,fused2,16777216,67108864,NA,NA,NA,NA,NA,NA,NA,cohort_dispatch_limit,none
skipped_limit,262144,512,tile8,16777216,67108864,NA,NA,NA,NA,NA,NA,NA,cohort_dispatch_limit,none
skipped_limit,262144,2048,vec4,67108864,268435456,NA,NA,NA,NA,NA,NA,NA,cohort_dispatch_limit,none
skipped_limit,262144,2048,fused2,67108864,268435456,NA,NA,NA,NA,NA,NA,NA,cohort_dispatch_limit,none
skipped_limit,262144,2048,tile8,67108864,268435456,NA,NA,NA,NA,NA,NA,NA,cohort_dispatch_limit,none
skipped_limit,1048576,128,vec4,16777216,67108864,NA,NA,NA,NA,NA,NA,NA,cohort_dispatch_limit,none
skipped_limit,1048576,128,fused2,16777216,67108864,NA,NA,NA,NA,NA,NA,NA,cohort_dispatch_limit,none
skipped_limit,1048576,128,tile8,16777216,67108864,NA,NA,NA,NA,NA,NA,NA,cohort_dispatch_limit,none
skipped_limit,1048576,512,vec4,67108864,268435456,NA,NA,NA,NA,NA,NA,NA,cohort_dispatch_limit,none
skipped_limit,1048576,512,fused2,67108864,268435456,NA,NA,NA,NA,NA,NA,NA,cohort_dispatch_limit,none
skipped_limit,1048576,512,tile8,67108864,268435456,NA,NA,NA,NA,NA,NA,NA,cohort_dispatch_limit,none
skipped_limit,1048576,2048,vec4,268435456,1073741824,NA,NA,NA,NA,NA,NA,NA,cohort_dispatch_limit,none
skipped_limit,1048576,2048,fused2,268435456,1073741824,NA,NA,NA,NA,NA,NA,NA,cohort_dispatch_limit,none
skipped_limit,1048576,2048,tile8,268435456,1073741824,NA,NA,NA,NA,NA,NA,NA,cohort_dispatch_limit,none
qualification_status=complete
