benchmark=pvp3d_three_candidate_same_device
source_revision=7adae9ae79f7c96e606a05abec95b7b9aee1c196
adapter=NVIDIA Tegra NVIDIA Thor
backend=Vulkan
device_type=IntegratedGpu
vendor_id=4318
device_id=11008
driver=NVIDIA
driver_info=580.00
hardware_measurement_eligible=true
physical_admission=external_remoteops_evidence_required
performance_claim=none
primary_timing_scope=resident_encode_plus_queue_submit_plus_device_wait
state_reset_scope=completed_before_timer
correctness_readback_scope=before_and_after_timing
candidate_order=ABC_ACB_BAC_BCA_CAB_CBA
resident_payload_scope=source_plus_three_states_excludes_driver_uniforms_and_readback
status,k,g,candidate,state_bytes,resident_payload_bytes,warmups,repeats,logical_dispatches,p50_ns,p95_ns,input_checksum,output_checksum,skip_reason,performance_claim
measured,256,128,vec4,4096,16384,5,30,8,233352,665488,4c67926a9205d7b4,956299587c8af4b4,none,none
sample,256,128,vec4,0,229676
sample,256,128,vec4,1,233777
sample,256,128,vec4,2,304082
sample,256,128,vec4,3,231759
sample,256,128,vec4,4,233352
sample,256,128,vec4,5,227259
sample,256,128,vec4,6,224092
sample,256,128,vec4,7,232963
sample,256,128,vec4,8,229334
sample,256,128,vec4,9,229758
sample,256,128,vec4,10,224054
sample,256,128,vec4,11,229647
sample,256,128,vec4,12,230999
sample,256,128,vec4,13,227870
sample,256,128,vec4,14,228091
sample,256,128,vec4,15,230832
sample,256,128,vec4,16,235175
sample,256,128,vec4,17,259684
sample,256,128,vec4,18,665488
sample,256,128,vec4,19,248212
sample,256,128,vec4,20,236017
sample,256,128,vec4,21,266222
sample,256,128,vec4,22,1390311
sample,256,128,vec4,23,277842
sample,256,128,vec4,24,244111
sample,256,128,vec4,25,243026
sample,256,128,vec4,26,314082
sample,256,128,vec4,27,235861
sample,256,128,vec4,28,228832
sample,256,128,vec4,29,236351
measured,256,128,fused2,4096,16384,5,30,7,213305,988664,4c67926a9205d7b4,956299587c8af4b4,none,none
sample,256,128,fused2,0,207628
sample,256,128,fused2,1,207193
sample,256,128,fused2,2,212471
sample,256,128,fused2,3,217500
sample,256,128,fused2,4,209508
sample,256,128,fused2,5,207167
sample,256,128,fused2,6,204878
sample,256,128,fused2,7,213731
sample,256,128,fused2,8,209259
sample,256,128,fused2,9,205610
sample,256,128,fused2,10,209982
sample,256,128,fused2,11,211675
sample,256,128,fused2,12,213305
sample,256,128,fused2,13,212592
sample,256,128,fused2,14,209721
sample,256,128,fused2,15,222203
sample,256,128,fused2,16,504637
sample,256,128,fused2,17,296286
sample,256,128,fused2,18,299083
sample,256,128,fused2,19,215554
sample,256,128,fused2,20,216249
sample,256,128,fused2,21,212056
sample,256,128,fused2,22,240249
sample,256,128,fused2,23,988664
sample,256,128,fused2,24,224944
sample,256,128,fused2,25,217639
sample,256,128,fused2,26,1028497
sample,256,128,fused2,27,216258
sample,256,128,fused2,28,213082
sample,256,128,fused2,29,214018
measured,256,128,tile8,4096,16384,5,30,6,188527,230203,4c67926a9205d7b4,956299587c8af4b4,none,none
sample,256,128,tile8,0,187906
sample,256,128,tile8,1,187473
sample,256,128,tile8,2,199712
sample,256,128,tile8,3,230203
sample,256,128,tile8,4,190804
sample,256,128,tile8,5,186814
sample,256,128,tile8,6,182259
sample,256,128,tile8,7,185166
sample,256,128,tile8,8,180833
sample,256,128,tile8,9,181047
sample,256,128,tile8,10,183619
sample,256,128,tile8,11,188527
sample,256,128,tile8,12,186175
sample,256,128,tile8,13,183574
sample,256,128,tile8,14,185991
sample,256,128,tile8,15,192693
sample,256,128,tile8,16,186380
sample,256,128,tile8,17,227628
sample,256,128,tile8,18,222499
sample,256,128,tile8,19,194574
sample,256,128,tile8,20,189788
sample,256,128,tile8,21,1393089
sample,256,128,tile8,22,197018
sample,256,128,tile8,23,204259
sample,256,128,tile8,24,196934
sample,256,128,tile8,25,193166
sample,256,128,tile8,26,202046
sample,256,128,tile8,27,190221
sample,256,128,tile8,28,186064
sample,256,128,tile8,29,185102
measured,256,512,vec4,16384,65536,5,30,8,231194,259137,38bbe1f688e24d78,1c8bb372f8f1302e,none,none
sample,256,512,vec4,0,231619
sample,256,512,vec4,1,230415
sample,256,512,vec4,2,229545
sample,256,512,vec4,3,226138
sample,256,512,vec4,4,227573
sample,256,512,vec4,5,231194
sample,256,512,vec4,6,225426
sample,256,512,vec4,7,227555
sample,256,512,vec4,8,229305
sample,256,512,vec4,9,248361
sample,256,512,vec4,10,246249
sample,256,512,vec4,11,247176
sample,256,512,vec4,12,246092
sample,256,512,vec4,13,247629
sample,256,512,vec4,14,251934
sample,256,512,vec4,15,249295
sample,256,512,vec4,16,557517
sample,256,512,vec4,17,233823
sample,256,512,vec4,18,231074
sample,256,512,vec4,19,231046
sample,256,512,vec4,20,227786
sample,256,512,vec4,21,230091
sample,256,512,vec4,22,228629
sample,256,512,vec4,23,255888
sample,256,512,vec4,24,242222
sample,256,512,vec4,25,259137
sample,256,512,vec4,26,256712
sample,256,512,vec4,27,255351
sample,256,512,vec4,28,225600
sample,256,512,vec4,29,229129
measured,256,512,fused2,16384,65536,5,30,7,207795,236313,38bbe1f688e24d78,1c8bb372f8f1302e,none,none
sample,256,512,fused2,0,207795
sample,256,512,fused2,1,206175
sample,256,512,fused2,2,206065
sample,256,512,fused2,3,207110
sample,256,512,fused2,4,201417
sample,256,512,fused2,5,206731
sample,256,512,fused2,6,202795
sample,256,512,fused2,7,206045
sample,256,512,fused2,8,209824
sample,256,512,fused2,9,212888
sample,256,512,fused2,10,221295
sample,256,512,fused2,11,224676
sample,256,512,fused2,12,229814
sample,256,512,fused2,13,222656
sample,256,512,fused2,14,236313
sample,256,512,fused2,15,222759
sample,256,512,fused2,16,254815
sample,256,512,fused2,17,228758
sample,256,512,fused2,18,205713
sample,256,512,fused2,19,207685
sample,256,512,fused2,20,206860
sample,256,512,fused2,21,208250
sample,256,512,fused2,22,207055
sample,256,512,fused2,23,205510
sample,256,512,fused2,24,233267
sample,256,512,fused2,25,235306
sample,256,512,fused2,26,232045
sample,256,512,fused2,27,233675
sample,256,512,fused2,28,203463
sample,256,512,fused2,29,201952
measured,256,512,tile8,16384,65536,5,30,6,187193,241804,38bbe1f688e24d78,1c8bb372f8f1302e,none,none
sample,256,512,tile8,0,184667
sample,256,512,tile8,1,187193
sample,256,512,tile8,2,187425
sample,256,512,tile8,3,184287
sample,256,512,tile8,4,183083
sample,256,512,tile8,5,184166
sample,256,512,tile8,6,181286
sample,256,512,tile8,7,182574
sample,256,512,tile8,8,186221
sample,256,512,tile8,9,205657
sample,256,512,tile8,10,241804
sample,256,512,tile8,11,194869
sample,256,512,tile8,12,201064
sample,256,512,tile8,13,199241
sample,256,512,tile8,14,199981
sample,256,512,tile8,15,202258
sample,256,512,tile8,16,201675
sample,256,512,tile8,17,212508
sample,256,512,tile8,18,188332
sample,256,512,tile8,19,186639
sample,256,512,tile8,20,185417
sample,256,512,tile8,21,184119
sample,256,512,tile8,22,185944
sample,256,512,tile8,23,182768
sample,256,512,tile8,24,256638
sample,256,512,tile8,25,219186
sample,256,512,tile8,26,207749
sample,256,512,tile8,27,207482
sample,256,512,tile8,28,181147
sample,256,512,tile8,29,181036
measured,256,2048,vec4,65536,262144,5,30,8,232250,283230,c9e538e9f9dccedd,259153fc2c7bc4e7,none,none
sample,256,2048,vec4,0,236944
sample,256,2048,vec4,1,268628
sample,256,2048,vec4,2,266138
sample,256,2048,vec4,3,268100
sample,256,2048,vec4,4,232592
sample,256,2048,vec4,5,232250
sample,256,2048,vec4,6,232073
sample,256,2048,vec4,7,231398
sample,256,2048,vec4,8,229213
sample,256,2048,vec4,9,229565
sample,256,2048,vec4,10,233017
sample,256,2048,vec4,11,229333
sample,256,2048,vec4,12,269786
sample,256,2048,vec4,13,279943
sample,256,2048,vec4,14,274962
sample,256,2048,vec4,15,268092
sample,256,2048,vec4,16,227536
sample,256,2048,vec4,17,228018
sample,256,2048,vec4,18,224795
sample,256,2048,vec4,19,239879
sample,256,2048,vec4,20,308518
sample,256,2048,vec4,21,230472
sample,256,2048,vec4,22,230619
sample,256,2048,vec4,23,229990
sample,256,2048,vec4,24,227128
sample,256,2048,vec4,25,226666
sample,256,2048,vec4,26,283230
sample,256,2048,vec4,27,277768
sample,256,2048,vec4,28,233814
sample,256,2048,vec4,29,231092
measured,256,2048,fused2,65536,262144,5,30,7,211648,257443,c9e538e9f9dccedd,259153fc2c7bc4e7,none,none
sample,256,2048,fused2,0,240536
sample,256,2048,fused2,1,241565
sample,256,2048,fused2,2,238926
sample,256,2048,fused2,3,239555
sample,256,2048,fused2,4,207387
sample,256,2048,fused2,5,206565
sample,256,2048,fused2,6,208268
sample,256,2048,fused2,7,209351
sample,256,2048,fused2,8,207962
sample,256,2048,fused2,9,209304
sample,256,2048,fused2,10,208750
sample,256,2048,fused2,11,213925
sample,256,2048,fused2,12,213194
sample,256,2048,fused2,13,249324
sample,256,2048,fused2,14,250119
sample,256,2048,fused2,15,247017
sample,256,2048,fused2,16,208786
sample,256,2048,fused2,17,206510
sample,256,2048,fused2,18,203379
sample,256,2048,fused2,19,253591
sample,256,2048,fused2,20,253823
sample,256,2048,fused2,21,261434
sample,256,2048,fused2,22,208527
sample,256,2048,fused2,23,208314
sample,256,2048,fused2,24,204610
sample,256,2048,fused2,25,257443
sample,256,2048,fused2,26,254925
sample,256,2048,fused2,27,252111
sample,256,2048,fused2,28,211648
sample,256,2048,fused2,29,208897
measured,256,2048,tile8,65536,262144,5,30,6,195472,240046,c9e538e9f9dccedd,259153fc2c7bc4e7,none,none
sample,256,2048,tile8,0,217453
sample,256,2048,tile8,1,223138
sample,256,2048,tile8,2,220898
sample,256,2048,tile8,3,224360
sample,256,2048,tile8,4,193352
sample,256,2048,tile8,5,189526
sample,256,2048,tile8,6,195472
sample,256,2048,tile8,7,193482
sample,256,2048,tile8,8,194934
sample,256,2048,tile8,9,192259
sample,256,2048,tile8,10,192378
sample,256,2048,tile8,11,221389
sample,256,2048,tile8,12,229739
sample,256,2048,tile8,13,229389
sample,256,2048,tile8,14,227730
sample,256,2048,tile8,15,223637
sample,256,2048,tile8,16,190676
sample,256,2048,tile8,17,191491
sample,256,2048,tile8,18,188926
sample,256,2048,tile8,19,231814
sample,256,2048,tile8,20,240046
sample,256,2048,tile8,21,246120
sample,256,2048,tile8,22,199193
sample,256,2048,tile8,23,191815
sample,256,2048,tile8,24,190194
sample,256,2048,tile8,25,195314
sample,256,2048,tile8,26,235037
sample,256,2048,tile8,27,234063
sample,256,2048,tile8,28,192231
sample,256,2048,tile8,29,192156
measured,1024,128,vec4,16384,65536,5,30,10,279796,369370,26abf5bddd03bbc5,79acd556594188cd,none,none
sample,1024,128,vec4,0,274175
sample,1024,128,vec4,1,280703
sample,1024,128,vec4,2,276436
sample,1024,128,vec4,3,275462
sample,1024,128,vec4,4,281490
sample,1024,128,vec4,5,364777
sample,1024,128,vec4,6,409508
sample,1024,128,vec4,7,352397
sample,1024,128,vec4,8,368518
sample,1024,128,vec4,9,363240
sample,1024,128,vec4,10,275860
sample,1024,128,vec4,11,278342
sample,1024,128,vec4,12,279796
sample,1024,128,vec4,13,278184
sample,1024,128,vec4,14,280193
sample,1024,128,vec4,15,279666
sample,1024,128,vec4,16,279397
sample,1024,128,vec4,17,369370
sample,1024,128,vec4,18,354008
sample,1024,128,vec4,19,320897
sample,1024,128,vec4,20,277009
sample,1024,128,vec4,21,273805
sample,1024,128,vec4,22,279194
sample,1024,128,vec4,23,277823
sample,1024,128,vec4,24,277832
sample,1024,128,vec4,25,278232
sample,1024,128,vec4,26,283490
sample,1024,128,vec4,27,290268
sample,1024,128,vec4,28,291925
sample,1024,128,vec4,29,352860
measured,1024,128,fused2,16384,65536,5,30,9,257907,333425,26abf5bddd03bbc5,79acd556594188cd,none,none
sample,1024,128,fused2,0,256943
sample,1024,128,fused2,1,254713
sample,1024,128,fused2,2,257907
sample,1024,128,fused2,3,253582
sample,1024,128,fused2,4,259490
sample,1024,128,fused2,5,297121
sample,1024,128,fused2,6,325018
sample,1024,128,fused2,7,322573
sample,1024,128,fused2,8,327721
sample,1024,128,fused2,9,332814
sample,1024,128,fused2,10,259203
sample,1024,128,fused2,11,251286
sample,1024,128,fused2,12,256500
sample,1024,128,fused2,13,259147
sample,1024,128,fused2,14,256138
sample,1024,128,fused2,15,257760
sample,1024,128,fused2,16,271341
sample,1024,128,fused2,17,333425
sample,1024,128,fused2,18,344082
sample,1024,128,fused2,19,251184
sample,1024,128,fused2,20,250259
sample,1024,128,fused2,21,251138
sample,1024,128,fused2,22,258111
sample,1024,128,fused2,23,256638
sample,1024,128,fused2,24,256971
sample,1024,128,fused2,25,253990
sample,1024,128,fused2,26,254435
sample,1024,128,fused2,27,269471
sample,1024,128,fused2,28,272323
sample,1024,128,fused2,29,285158
measured,1024,128,tile8,16384,65536,5,30,8,232194,293258,26abf5bddd03bbc5,79acd556594188cd,none,none
sample,1024,128,tile8,0,229296
sample,1024,128,tile8,1,232351
sample,1024,128,tile8,2,230462
sample,1024,128,tile8,3,230304
sample,1024,128,tile8,4,233554
sample,1024,128,tile8,5,233565
sample,1024,128,tile8,6,289721
sample,1024,128,tile8,7,290249
sample,1024,128,tile8,8,299434
sample,1024,128,tile8,9,293258
sample,1024,128,tile8,10,273813
sample,1024,128,tile8,11,231925
sample,1024,128,tile8,12,232593
sample,1024,128,tile8,13,231842
sample,1024,128,tile8,14,232712
sample,1024,128,tile8,15,232194
sample,1024,128,tile8,16,231962
sample,1024,128,tile8,17,292962
sample,1024,128,tile8,18,281221
sample,1024,128,tile8,19,226388
sample,1024,128,tile8,20,228982
sample,1024,128,tile8,21,226527
sample,1024,128,tile8,22,230703
sample,1024,128,tile8,23,230258
sample,1024,128,tile8,24,231472
sample,1024,128,tile8,25,231287
sample,1024,128,tile8,26,231564
sample,1024,128,tile8,27,241758
sample,1024,128,tile8,28,243462
sample,1024,128,tile8,29,244130
measured,1024,512,vec4,65536,262144,5,30,10,387739,434979,0949b62ffc70d026,7663f0c9d3466943,none,none
sample,1024,512,vec4,0,376657
sample,1024,512,vec4,1,372110
sample,1024,512,vec4,2,360526
sample,1024,512,vec4,3,370221
sample,1024,512,vec4,4,367592
sample,1024,512,vec4,5,367221
sample,1024,512,vec4,6,373582
sample,1024,512,vec4,7,374396
sample,1024,512,vec4,8,378222
sample,1024,512,vec4,9,441573
sample,1024,512,vec4,10,434979
sample,1024,512,vec4,11,379202
sample,1024,512,vec4,12,377045
sample,1024,512,vec4,13,378480
sample,1024,512,vec4,14,380536
sample,1024,512,vec4,15,385509
sample,1024,512,vec4,16,388221
sample,1024,512,vec4,17,398211
sample,1024,512,vec4,18,387739
sample,1024,512,vec4,19,389703
sample,1024,512,vec4,20,394822
sample,1024,512,vec4,21,390185
sample,1024,512,vec4,22,403675
sample,1024,512,vec4,23,393897
sample,1024,512,vec4,24,391305
sample,1024,512,vec4,25,391870
sample,1024,512,vec4,26,405796
sample,1024,512,vec4,27,401971
sample,1024,512,vec4,28,397573
sample,1024,512,vec4,29,400794
measured,1024,512,fused2,65536,262144,5,30,9,351823,413721,0949b62ffc70d026,7663f0c9d3466943,none,none
sample,1024,512,fused2,0,369999
sample,1024,512,fused2,1,329156
sample,1024,512,fused2,2,328527
sample,1024,512,fused2,3,332249
sample,1024,512,fused2,4,336222
sample,1024,512,fused2,5,335804
sample,1024,512,fused2,6,344166
sample,1024,512,fused2,7,340453
sample,1024,512,fused2,8,342092
sample,1024,512,fused2,9,345304
sample,1024,512,fused2,10,346564
sample,1024,512,fused2,11,346860
sample,1024,512,fused2,12,349073
sample,1024,512,fused2,13,349934
sample,1024,512,fused2,14,348582
sample,1024,512,fused2,15,351823
sample,1024,512,fused2,16,413721
sample,1024,512,fused2,17,362841
sample,1024,512,fused2,18,353434
sample,1024,512,fused2,19,357629
sample,1024,512,fused2,20,359323
sample,1024,512,fused2,21,359860
sample,1024,512,fused2,22,360314
sample,1024,512,fused2,23,359360
sample,1024,512,fused2,24,353370
sample,1024,512,fused2,25,369583
sample,1024,512,fused2,26,417211
sample,1024,512,fused2,27,368555
sample,1024,512,fused2,28,361657
sample,1024,512,fused2,29,367342
measured,1024,512,tile8,65536,262144,5,30,8,323212,349610,0949b62ffc70d026,7663f0c9d3466943,none,none
sample,1024,512,tile8,0,308482
sample,1024,512,tile8,1,308499
sample,1024,512,tile8,2,304212
sample,1024,512,tile8,3,311879
sample,1024,512,tile8,4,311786
sample,1024,512,tile8,5,308008
sample,1024,512,tile8,6,317267
sample,1024,512,tile8,7,316685
sample,1024,512,tile8,8,315777
sample,1024,512,tile8,9,320369
sample,1024,512,tile8,10,323212
sample,1024,512,tile8,11,317508
sample,1024,512,tile8,12,320841
sample,1024,512,tile8,13,323860
sample,1024,512,tile8,14,326490
sample,1024,512,tile8,15,321805
sample,1024,512,tile8,16,349610
sample,1024,512,tile8,17,319045
sample,1024,512,tile8,18,333018
sample,1024,512,tile8,19,326443
sample,1024,512,tile8,20,327564
sample,1024,512,tile8,21,325702
sample,1024,512,tile8,22,328435
sample,1024,512,tile8,23,335592
sample,1024,512,tile8,24,329796
sample,1024,512,tile8,25,352286
sample,1024,512,tile8,26,337536
sample,1024,512,tile8,27,336434
sample,1024,512,tile8,28,332249
sample,1024,512,tile8,29,340999
measured,1024,2048,vec4,262144,1048576,5,30,10,422415,454619,2d4a1c573b9665e7,d32c613321b43c7f,none,none
sample,1024,2048,vec4,0,423721
sample,1024,2048,vec4,1,422999
sample,1024,2048,vec4,2,444934
sample,1024,2048,vec4,3,420377
sample,1024,2048,vec4,4,418008
sample,1024,2048,vec4,5,428165
sample,1024,2048,vec4,6,426629
sample,1024,2048,vec4,7,420073
sample,1024,2048,vec4,8,454619
sample,1024,2048,vec4,9,420119
sample,1024,2048,vec4,10,417425
sample,1024,2048,vec4,11,423175
sample,1024,2048,vec4,12,422406
sample,1024,2048,vec4,13,424508
sample,1024,2048,vec4,14,422415
sample,1024,2048,vec4,15,423712
sample,1024,2048,vec4,16,447369
sample,1024,2048,vec4,17,418396
sample,1024,2048,vec4,18,418277
sample,1024,2048,vec4,19,427870
sample,1024,2048,vec4,20,424989
sample,1024,2048,vec4,21,432147
sample,1024,2048,vec4,22,468990
sample,1024,2048,vec4,23,416406
sample,1024,2048,vec4,24,417814
sample,1024,2048,vec4,25,418008
sample,1024,2048,vec4,26,419637
sample,1024,2048,vec4,27,424657
sample,1024,2048,vec4,28,421685
sample,1024,2048,vec4,29,421073
measured,1024,2048,fused2,262144,1048576,5,30,9,389267,430073,2d4a1c573b9665e7,d32c613321b43c7f,none,none
sample,1024,2048,fused2,0,386823
sample,1024,2048,fused2,1,393407
sample,1024,2048,fused2,2,421498
sample,1024,2048,fused2,3,399341
sample,1024,2048,fused2,4,381685
sample,1024,2048,fused2,5,390314
sample,1024,2048,fused2,6,390185
sample,1024,2048,fused2,7,430073
sample,1024,2048,fused2,8,388666
sample,1024,2048,fused2,9,388656
sample,1024,2048,fused2,10,389694
sample,1024,2048,fused2,11,390120
sample,1024,2048,fused2,12,385684
sample,1024,2048,fused2,13,389267
sample,1024,2048,fused2,14,390017
sample,1024,2048,fused2,15,390036
sample,1024,2048,fused2,16,443091
sample,1024,2048,fused2,17,383731
sample,1024,2048,fused2,18,384249
sample,1024,2048,fused2,19,386906
sample,1024,2048,fused2,20,386324
sample,1024,2048,fused2,21,393860
sample,1024,2048,fused2,22,388452
sample,1024,2048,fused2,23,381082
sample,1024,2048,fused2,24,381314
sample,1024,2048,fused2,25,393508
sample,1024,2048,fused2,26,390046
sample,1024,2048,fused2,27,390648
sample,1024,2048,fused2,28,387443
sample,1024,2048,fused2,29,388452
measured,1024,2048,tile8,262144,1048576,5,30,8,369286,378693,2d4a1c573b9665e7,d32c613321b43c7f,none,none
sample,1024,2048,tile8,0,367851
sample,1024,2048,tile8,1,367110
sample,1024,2048,tile8,2,378693
sample,1024,2048,tile8,3,363981
sample,1024,2048,tile8,4,365610
sample,1024,2048,tile8,5,362925
sample,1024,2048,tile8,6,370258
sample,1024,2048,tile8,7,365351
sample,1024,2048,tile8,8,374971
sample,1024,2048,tile8,9,371443
sample,1024,2048,tile8,10,365230
sample,1024,2048,tile8,11,369064
sample,1024,2048,tile8,12,367832
sample,1024,2048,tile8,13,374109
sample,1024,2048,tile8,14,370369
sample,1024,2048,tile8,15,367768
sample,1024,2048,tile8,16,370814
sample,1024,2048,tile8,17,368915
sample,1024,2048,tile8,18,367981
sample,1024,2048,tile8,19,371351
sample,1024,2048,tile8,20,373342
sample,1024,2048,tile8,21,369286
sample,1024,2048,tile8,22,379462
sample,1024,2048,tile8,23,365628
sample,1024,2048,tile8,24,374600
sample,1024,2048,tile8,25,372342
sample,1024,2048,tile8,26,365295
sample,1024,2048,tile8,27,369406
sample,1024,2048,tile8,28,371869
sample,1024,2048,tile8,29,370629
measured,4096,128,vec4,65536,262144,5,30,12,484555,523148,d878e557b6daedce,8cc85ceb09c8efed,none,none
sample,4096,128,vec4,0,554915
sample,4096,128,vec4,1,487490
sample,4096,128,vec4,2,485563
sample,4096,128,vec4,3,486601
sample,4096,128,vec4,4,485795
sample,4096,128,vec4,5,487600
sample,4096,128,vec4,6,480666
sample,4096,128,vec4,7,483405
sample,4096,128,vec4,8,486148
sample,4096,128,vec4,9,478322
sample,4096,128,vec4,10,480683
sample,4096,128,vec4,11,491795
sample,4096,128,vec4,12,489405
sample,4096,128,vec4,13,485842
sample,4096,128,vec4,14,484555
sample,4096,128,vec4,15,523148
sample,4096,128,vec4,16,483433
sample,4096,128,vec4,17,489933
sample,4096,128,vec4,18,479675
sample,4096,128,vec4,19,477285
sample,4096,128,vec4,20,481173
sample,4096,128,vec4,21,483127
sample,4096,128,vec4,22,482174
sample,4096,128,vec4,23,484629
sample,4096,128,vec4,24,479248
sample,4096,128,vec4,25,482314
sample,4096,128,vec4,26,478990
sample,4096,128,vec4,27,497388
sample,4096,128,vec4,28,485989
sample,4096,128,vec4,29,479869
measured,4096,128,fused2,65536,262144,5,30,11,449516,476870,d878e557b6daedce,8cc85ceb09c8efed,none,none
sample,4096,128,fused2,0,472240
sample,4096,128,fused2,1,447953
sample,4096,128,fused2,2,453758
sample,4096,128,fused2,3,450814
sample,4096,128,fused2,4,453453
sample,4096,128,fused2,5,451990
sample,4096,128,fused2,6,445693
sample,4096,128,fused2,7,528053
sample,4096,128,fused2,8,476870
sample,4096,128,fused2,9,445962
sample,4096,128,fused2,10,445665
sample,4096,128,fused2,11,446860
sample,4096,128,fused2,12,453101
sample,4096,128,fused2,13,452657
sample,4096,128,fused2,14,446646
sample,4096,128,fused2,15,451147
sample,4096,128,fused2,16,447638
sample,4096,128,fused2,17,447517
sample,4096,128,fused2,18,451776
sample,4096,128,fused2,19,449516
sample,4096,128,fused2,20,448101
sample,4096,128,fused2,21,448887
sample,4096,128,fused2,22,446897
sample,4096,128,fused2,23,459406
sample,4096,128,fused2,24,445767
sample,4096,128,fused2,25,457999
sample,4096,128,fused2,26,448331
sample,4096,128,fused2,27,451462
sample,4096,128,fused2,28,453749
sample,4096,128,fused2,29,448444
measured,4096,128,tile8,65536,262144,5,30,10,419795,487138,d878e557b6daedce,8cc85ceb09c8efed,none,none
sample,4096,128,tile8,0,420860
sample,4096,128,tile8,1,419305
sample,4096,128,tile8,2,419795
sample,4096,128,tile8,3,423148
sample,4096,128,tile8,4,420193
sample,4096,128,tile8,5,422453
sample,4096,128,tile8,6,415370
sample,4096,128,tile8,7,416907
sample,4096,128,tile8,8,417638
sample,4096,128,tile8,9,414370
sample,4096,128,tile8,10,414675
sample,4096,128,tile8,11,426573
sample,4096,128,tile8,12,418257
sample,4096,128,tile8,13,419377
sample,4096,128,tile8,14,417285
sample,4096,128,tile8,15,496804
sample,4096,128,tile8,16,421323
sample,4096,128,tile8,17,413813
sample,4096,128,tile8,18,420536
sample,4096,128,tile8,19,423101
sample,4096,128,tile8,20,420980
sample,4096,128,tile8,21,418341
sample,4096,128,tile8,22,420369
sample,4096,128,tile8,23,487138
sample,4096,128,tile8,24,421906
sample,4096,128,tile8,25,416342
sample,4096,128,tile8,26,419285
sample,4096,128,tile8,27,419137
sample,4096,128,tile8,28,458119
sample,4096,128,tile8,29,420119
measured,4096,512,vec4,262144,1048576,5,30,12,495842,526221,07e875993970433c,207dceeda1be3f5b,none,none
sample,4096,512,vec4,0,490294
sample,4096,512,vec4,1,498369
sample,4096,512,vec4,2,548359
sample,4096,512,vec4,3,488526
sample,4096,512,vec4,4,491128
sample,4096,512,vec4,5,494674
sample,4096,512,vec4,6,501091
sample,4096,512,vec4,7,497184
sample,4096,512,vec4,8,498193
sample,4096,512,vec4,9,526221
sample,4096,512,vec4,10,507628
sample,4096,512,vec4,11,486387
sample,4096,512,vec4,12,495842
sample,4096,512,vec4,13,497647
sample,4096,512,vec4,14,497091
sample,4096,512,vec4,15,496396
sample,4096,512,vec4,16,495370
sample,4096,512,vec4,17,495675
sample,4096,512,vec4,18,491906
sample,4096,512,vec4,19,490795
sample,4096,512,vec4,20,498073
sample,4096,512,vec4,21,492648
sample,4096,512,vec4,22,486840
sample,4096,512,vec4,23,497379
sample,4096,512,vec4,24,497248
sample,4096,512,vec4,25,504840
sample,4096,512,vec4,26,490166
sample,4096,512,vec4,27,498036
sample,4096,512,vec4,28,490054
sample,4096,512,vec4,29,494147
measured,4096,512,fused2,262144,1048576,5,30,11,460018,475137,07e875993970433c,207dceeda1be3f5b,none,none
sample,4096,512,fused2,0,450406
sample,4096,512,fused2,1,459027
sample,4096,512,fused2,2,461314
sample,4096,512,fused2,3,459674
sample,4096,512,fused2,4,459601
sample,4096,512,fused2,5,463443
sample,4096,512,fused2,6,459231
sample,4096,512,fused2,7,461980
sample,4096,512,fused2,8,465962
sample,4096,512,fused2,9,460822
sample,4096,512,fused2,10,454222
sample,4096,512,fused2,11,456370
sample,4096,512,fused2,12,461824
sample,4096,512,fused2,13,460018
sample,4096,512,fused2,14,462388
sample,4096,512,fused2,15,457628
sample,4096,512,fused2,16,457110
sample,4096,512,fused2,17,514377
sample,4096,512,fused2,18,457831
sample,4096,512,fused2,19,460953
sample,4096,512,fused2,20,458600
sample,4096,512,fused2,21,463147
sample,4096,512,fused2,22,451906
sample,4096,512,fused2,23,461916
sample,4096,512,fused2,24,475137
sample,4096,512,fused2,25,454637
sample,4096,512,fused2,26,458694
sample,4096,512,fused2,27,464268
sample,4096,512,fused2,28,464370
sample,4096,512,fused2,29,462425
measured,4096,512,tile8,262144,1048576,5,30,10,441444,491424,07e875993970433c,207dceeda1be3f5b,none,none
sample,4096,512,tile8,0,442720
sample,4096,512,tile8,1,447184
sample,4096,512,tile8,2,491424
sample,4096,512,tile8,3,437452
sample,4096,512,tile8,4,432277
sample,4096,512,tile8,5,435461
sample,4096,512,tile8,6,438979
sample,4096,512,tile8,7,442488
sample,4096,512,tile8,8,443415
sample,4096,512,tile8,9,439767
sample,4096,512,tile8,10,495211
sample,4096,512,tile8,11,438101
sample,4096,512,tile8,12,443573
sample,4096,512,tile8,13,448137
sample,4096,512,tile8,14,441444
sample,4096,512,tile8,15,442287
sample,4096,512,tile8,16,440063
sample,4096,512,tile8,17,441054
sample,4096,512,tile8,18,439073
sample,4096,512,tile8,19,452386
sample,4096,512,tile8,20,441203
sample,4096,512,tile8,21,441657
sample,4096,512,tile8,22,443777
sample,4096,512,tile8,23,442036
sample,4096,512,tile8,24,486156
sample,4096,512,tile8,25,435897
sample,4096,512,tile8,26,449127
sample,4096,512,tile8,27,440516
sample,4096,512,tile8,28,434518
sample,4096,512,tile8,29,441165
measured,4096,2048,vec4,1048576,4194304,5,30,12,554925,592906,4143a88e49ed614b,e0842ad8f72c0c9f,none,none
sample,4096,2048,vec4,0,552388
sample,4096,2048,vec4,1,560924
sample,4096,2048,vec4,2,550257
sample,4096,2048,vec4,3,557665
sample,4096,2048,vec4,4,553257
sample,4096,2048,vec4,5,573054
sample,4096,2048,vec4,6,554925
sample,4096,2048,vec4,7,549128
sample,4096,2048,vec4,8,556054
sample,4096,2048,vec4,9,552683
sample,4096,2048,vec4,10,556313
sample,4096,2048,vec4,11,580193
sample,4096,2048,vec4,12,592906
sample,4096,2048,vec4,13,550664
sample,4096,2048,vec4,14,557759
sample,4096,2048,vec4,15,581396
sample,4096,2048,vec4,16,548785
sample,4096,2048,vec4,17,552165
sample,4096,2048,vec4,18,553664
sample,4096,2048,vec4,19,554998
sample,4096,2048,vec4,20,555583
sample,4096,2048,vec4,21,554155
sample,4096,2048,vec4,22,617498
sample,4096,2048,vec4,23,559129
sample,4096,2048,vec4,24,569007
sample,4096,2048,vec4,25,552359
sample,4096,2048,vec4,26,580962
sample,4096,2048,vec4,27,551183
sample,4096,2048,vec4,28,550924
sample,4096,2048,vec4,29,551841
measured,4096,2048,fused2,1048576,4194304,5,30,11,514444,549795,4143a88e49ed614b,e0842ad8f72c0c9f,none,none
sample,4096,2048,fused2,0,518054
sample,4096,2048,fused2,1,571934
sample,4096,2048,fused2,2,513665
sample,4096,2048,fused2,3,507731
sample,4096,2048,fused2,4,517340
sample,4096,2048,fused2,5,547812
sample,4096,2048,fused2,6,510036
sample,4096,2048,fused2,7,514387
sample,4096,2048,fused2,8,520805
sample,4096,2048,fused2,9,512740
sample,4096,2048,fused2,10,514444
sample,4096,2048,fused2,11,514286
sample,4096,2048,fused2,12,514869
sample,4096,2048,fused2,13,518674
sample,4096,2048,fused2,14,511628
sample,4096,2048,fused2,15,511924
sample,4096,2048,fused2,16,510045
sample,4096,2048,fused2,17,509952
sample,4096,2048,fused2,18,516498
sample,4096,2048,fused2,19,522916
sample,4096,2048,fused2,20,516768
sample,4096,2048,fused2,21,509804
sample,4096,2048,fused2,22,529258
sample,4096,2048,fused2,23,514685
sample,4096,2048,fused2,24,510489
sample,4096,2048,fused2,25,516174
sample,4096,2048,fused2,26,549795
sample,4096,2048,fused2,27,509850
sample,4096,2048,fused2,28,516351
sample,4096,2048,fused2,29,509360
measured,4096,2048,tile8,1048576,4194304,5,30,10,540803,586359,4143a88e49ed614b,e0842ad8f72c0c9f,none,none
sample,4096,2048,tile8,0,547776
sample,4096,2048,tile8,1,562599
sample,4096,2048,tile8,2,538823
sample,4096,2048,tile8,3,551544
sample,4096,2048,tile8,4,541137
sample,4096,2048,tile8,5,538646
sample,4096,2048,tile8,6,536082
sample,4096,2048,tile8,7,536665
sample,4096,2048,tile8,8,543823
sample,4096,2048,tile8,9,550776
sample,4096,2048,tile8,10,544498
sample,4096,2048,tile8,11,544230
sample,4096,2048,tile8,12,531470
sample,4096,2048,tile8,13,546599
sample,4096,2048,tile8,14,543731
sample,4096,2048,tile8,15,540100
sample,4096,2048,tile8,16,564424
sample,4096,2048,tile8,17,542675
sample,4096,2048,tile8,18,618155
sample,4096,2048,tile8,19,540554
sample,4096,2048,tile8,20,540535
sample,4096,2048,tile8,21,532804
sample,4096,2048,tile8,22,586359
sample,4096,2048,tile8,23,545387
sample,4096,2048,tile8,24,537016
sample,4096,2048,tile8,25,535155
sample,4096,2048,tile8,26,537073
sample,4096,2048,tile8,27,540803
sample,4096,2048,tile8,28,535988
sample,4096,2048,tile8,29,538268
measured,16384,128,vec4,262144,1048576,5,30,14,571129,588970,318e48fc80dadb1f,a09bc0e13ecf9bf8,none,none
sample,16384,128,vec4,0,579443
sample,16384,128,vec4,1,569675
sample,16384,128,vec4,2,566546
sample,16384,128,vec4,3,569942
sample,16384,128,vec4,4,570786
sample,16384,128,vec4,5,573990
sample,16384,128,vec4,6,577378
sample,16384,128,vec4,7,569331
sample,16384,128,vec4,8,570035
sample,16384,128,vec4,9,574572
sample,16384,128,vec4,10,587822
sample,16384,128,vec4,11,571581
sample,16384,128,vec4,12,572127
sample,16384,128,vec4,13,568805
sample,16384,128,vec4,14,563897
sample,16384,128,vec4,15,573470
sample,16384,128,vec4,16,561064
sample,16384,128,vec4,17,578851
sample,16384,128,vec4,18,570137
sample,16384,128,vec4,19,589868
sample,16384,128,vec4,20,581952
sample,16384,128,vec4,21,570527
sample,16384,128,vec4,22,573489
sample,16384,128,vec4,23,573924
sample,16384,128,vec4,24,564655
sample,16384,128,vec4,25,563064
sample,16384,128,vec4,26,559731
sample,16384,128,vec4,27,573711
sample,16384,128,vec4,28,571129
sample,16384,128,vec4,29,588970
measured,16384,128,fused2,262144,1048576,5,30,13,537878,546238,318e48fc80dadb1f,a09bc0e13ecf9bf8,none,none
sample,16384,128,fused2,0,539090
sample,16384,128,fused2,1,554349
sample,16384,128,fused2,2,541053
sample,16384,128,fused2,3,532165
sample,16384,128,fused2,4,543970
sample,16384,128,fused2,5,536230
sample,16384,128,fused2,6,537878
sample,16384,128,fused2,7,530508
sample,16384,128,fused2,8,540294
sample,16384,128,fused2,9,540370
sample,16384,128,fused2,10,545711
sample,16384,128,fused2,11,541231
sample,16384,128,fused2,12,536757
sample,16384,128,fused2,13,536359
sample,16384,128,fused2,14,527851
sample,16384,128,fused2,15,535480
sample,16384,128,fused2,16,536692
sample,16384,128,fused2,17,534009
sample,16384,128,fused2,18,541257
sample,16384,128,fused2,19,529509
sample,16384,128,fused2,20,541368
sample,16384,128,fused2,21,540507
sample,16384,128,fused2,22,544211
sample,16384,128,fused2,23,539850
sample,16384,128,fused2,24,534988
sample,16384,128,fused2,25,546238
sample,16384,128,fused2,26,532081
sample,16384,128,fused2,27,537127
sample,16384,128,fused2,28,543026
sample,16384,128,fused2,29,537655
measured,16384,128,tile8,262144,1048576,5,30,12,516100,524674,318e48fc80dadb1f,a09bc0e13ecf9bf8,none,none
sample,16384,128,tile8,0,519388
sample,16384,128,tile8,1,519674
sample,16384,128,tile8,2,508416
sample,16384,128,tile8,3,505239
sample,16384,128,tile8,4,520193
sample,16384,128,tile8,5,516730
sample,16384,128,tile8,6,508294
sample,16384,128,tile8,7,506258
sample,16384,128,tile8,8,524674
sample,16384,128,tile8,9,523925
sample,16384,128,tile8,10,518303
sample,16384,128,tile8,11,515934
sample,16384,128,tile8,12,513666
sample,16384,128,tile8,13,508480
sample,16384,128,tile8,14,519211
sample,16384,128,tile8,15,512109
sample,16384,128,tile8,16,509517
sample,16384,128,tile8,17,506220
sample,16384,128,tile8,18,523711
sample,16384,128,tile8,19,516795
sample,16384,128,tile8,20,518988
sample,16384,128,tile8,21,517767
sample,16384,128,tile8,22,520618
sample,16384,128,tile8,23,514833
sample,16384,128,tile8,24,509082
sample,16384,128,tile8,25,525832
sample,16384,128,tile8,26,508027
sample,16384,128,tile8,27,516109
sample,16384,128,tile8,28,515527
sample,16384,128,tile8,29,516100
measured,16384,512,vec4,1048576,4194304,5,30,14,839701,848795,08b87a1ca99fa7b8,cc66b7b8fae87df4,none,none
sample,16384,512,vec4,0,823016
sample,16384,512,vec4,1,832045
sample,16384,512,vec4,2,992441
sample,16384,512,vec4,3,831200
sample,16384,512,vec4,4,839701
sample,16384,512,vec4,5,837071
sample,16384,512,vec4,6,844609
sample,16384,512,vec4,7,834784
sample,16384,512,vec4,8,848795
sample,16384,512,vec4,9,841211
sample,16384,512,vec4,10,841858
sample,16384,512,vec4,11,838877
sample,16384,512,vec4,12,833136
sample,16384,512,vec4,13,841961
sample,16384,512,vec4,14,837368
sample,16384,512,vec4,15,842267
sample,16384,512,vec4,16,848608
sample,16384,512,vec4,17,842803
sample,16384,512,vec4,18,846479
sample,16384,512,vec4,19,833544
sample,16384,512,vec4,20,839618
sample,16384,512,vec4,21,844257
sample,16384,512,vec4,22,838673
sample,16384,512,vec4,23,845267
sample,16384,512,vec4,24,838192
sample,16384,512,vec4,25,841146
sample,16384,512,vec4,26,841544
sample,16384,512,vec4,27,835756
sample,16384,512,vec4,28,836221
sample,16384,512,vec4,29,845869
measured,16384,512,fused2,1048576,4194304,5,30,13,791136,804359,08b87a1ca99fa7b8,cc66b7b8fae87df4,none,none
sample,16384,512,fused2,0,777378
sample,16384,512,fused2,1,775229
sample,16384,512,fused2,2,774183
sample,16384,512,fused2,3,784525
sample,16384,512,fused2,4,786359
sample,16384,512,fused2,5,797062
sample,16384,512,fused2,6,794507
sample,16384,512,fused2,7,795674
sample,16384,512,fused2,8,790785
sample,16384,512,fused2,9,794961
sample,16384,512,fused2,10,791136
sample,16384,512,fused2,11,789229
sample,16384,512,fused2,12,789785
sample,16384,512,fused2,13,784617
sample,16384,512,fused2,14,782868
sample,16384,512,fused2,15,793553
sample,16384,512,fused2,16,793701
sample,16384,512,fused2,17,801980
sample,16384,512,fused2,18,794701
sample,16384,512,fused2,19,783228
sample,16384,512,fused2,20,792100
sample,16384,512,fused2,21,788877
sample,16384,512,fused2,22,795951
sample,16384,512,fused2,23,806934
sample,16384,512,fused2,24,796145
sample,16384,512,fused2,25,789507
sample,16384,512,fused2,26,778017
sample,16384,512,fused2,27,804359
sample,16384,512,fused2,28,796571
sample,16384,512,fused2,29,794563
measured,16384,512,tile8,1048576,4194304,5,30,12,812053,818026,08b87a1ca99fa7b8,cc66b7b8fae87df4,none,none
sample,16384,512,tile8,0,802043
sample,16384,512,tile8,1,800359
sample,16384,512,tile8,2,811358
sample,16384,512,tile8,3,812341
sample,16384,512,tile8,4,807210
sample,16384,512,tile8,5,807276
sample,16384,512,tile8,6,814414
sample,16384,512,tile8,7,813979
sample,16384,512,tile8,8,816182
sample,16384,512,tile8,9,827831
sample,16384,512,tile8,10,812045
sample,16384,512,tile8,11,813739
sample,16384,512,tile8,12,813248
sample,16384,512,tile8,13,815192
sample,16384,512,tile8,14,809960
sample,16384,512,tile8,15,816285
sample,16384,512,tile8,16,816248
sample,16384,512,tile8,17,814683
sample,16384,512,tile8,18,810748
sample,16384,512,tile8,19,812053
sample,16384,512,tile8,20,809080
sample,16384,512,tile8,21,802877
sample,16384,512,tile8,22,809738
sample,16384,512,tile8,23,817618
sample,16384,512,tile8,24,817997
sample,16384,512,tile8,25,818026
sample,16384,512,tile8,26,807211
sample,16384,512,tile8,27,814756
sample,16384,512,tile8,28,808165
sample,16384,512,tile8,29,809192

thread 'main' panicked at examples/pvp3d_three_candidate_bench.rs:163:13:
assertion `left == right` failed: PVP3d pre-timing oracle mismatch K=16384 G=2048 candidate=Tile8
  left: [full vector retained losslessly as deterministic oracle plus mismatch-delta.csv; see mismatch-manifest.json]
 right: [full vector retained losslessly as deterministic oracle plus mismatch-delta.csv; see mismatch-manifest.json]
note: run with `RUST_BACKTRACE=1` environment variable to display a backtrace
