benchmark=pvp3d_three_candidate_same_device
source_revision=ddb6f0144821dfa29d268601e7087e5001278e52
adapter=NVIDIA Tegra NVIDIA Thor
backend=Vulkan
device_type=IntegratedGpu
vendor_id=4318
device_id=11008
driver=NVIDIA
driver_info=580.00
hardware_measurement_eligible=true
physical_admission=external_remoteops_evidence_required
performance_claim=none
primary_timing_scope=resident_encode_plus_queue_submit_plus_device_wait
state_reset_scope=completed_before_timer
correctness_readback_scope=before_and_after_timing
candidate_order=ABC_ACB_BAC_BCA_CAB_CBA
resident_payload_scope=source_plus_three_states_excludes_driver_uniforms_and_readback
status,k,g,candidate,state_bytes,resident_payload_bytes,warmups,repeats,logical_dispatches,p50_ns,p95_ns,input_checksum,output_checksum,skip_reason,performance_claim
measured,256,128,vec4,4096,16384,5,30,8,234591,282231,4c67926a9205d7b4,956299587c8af4b4,none,none
sample,256,128,vec4,0,233240
sample,256,128,vec4,1,232999
sample,256,128,vec4,2,233434
sample,256,128,vec4,3,235120
sample,256,128,vec4,4,231666
sample,256,128,vec4,5,231704
sample,256,128,vec4,6,233593
sample,256,128,vec4,7,233407
sample,256,128,vec4,8,231417
sample,256,128,vec4,9,231185
sample,256,128,vec4,10,229305
sample,256,128,vec4,11,243388
sample,256,128,vec4,12,287276
sample,256,128,vec4,13,229971
sample,256,128,vec4,14,233268
sample,256,128,vec4,15,234731
sample,256,128,vec4,16,241610
sample,256,128,vec4,17,234591
sample,256,128,vec4,18,231926
sample,256,128,vec4,19,243620
sample,256,128,vec4,20,240582
sample,256,128,vec4,21,238425
sample,256,128,vec4,22,235935
sample,256,128,vec4,23,237832
sample,256,128,vec4,24,233445
sample,256,128,vec4,25,240767
sample,256,128,vec4,26,282231
sample,256,128,vec4,27,245619
sample,256,128,vec4,28,242416
sample,256,128,vec4,29,240054
measured,256,128,fused2,4096,16384,5,30,7,212148,274528,4c67926a9205d7b4,956299587c8af4b4,none,none
sample,256,128,fused2,0,212740
sample,256,128,fused2,1,212462
sample,256,128,fused2,2,214954
sample,256,128,fused2,3,212119
sample,256,128,fused2,4,210768
sample,256,128,fused2,5,211722
sample,256,128,fused2,6,209842
sample,256,128,fused2,7,210416
sample,256,128,fused2,8,210703
sample,256,128,fused2,9,208564
sample,256,128,fused2,10,215120
sample,256,128,fused2,11,219971
sample,256,128,fused2,12,208111
sample,256,128,fused2,13,205610
sample,256,128,fused2,14,206018
sample,256,128,fused2,15,207221
sample,256,128,fused2,16,211611
sample,256,128,fused2,17,211462
sample,256,128,fused2,18,213879
sample,256,128,fused2,19,274528
sample,256,128,fused2,20,212565
sample,256,128,fused2,21,212148
sample,256,128,fused2,22,211796
sample,256,128,fused2,23,214276
sample,256,128,fused2,24,213167
sample,256,128,fused2,25,215630
sample,256,128,fused2,26,386259
sample,256,128,fused2,27,224416
sample,256,128,fused2,28,228693
sample,256,128,fused2,29,218815
measured,256,128,tile8,4096,16384,5,30,6,189500,200036,4c67926a9205d7b4,956299587c8af4b4,none,none
sample,256,128,tile8,0,190361
sample,256,128,tile8,1,187832
sample,256,128,tile8,2,188730
sample,256,128,tile8,3,189232
sample,256,128,tile8,4,191897
sample,256,128,tile8,5,186842
sample,256,128,tile8,6,190351
sample,256,128,tile8,7,186213
sample,256,128,tile8,8,188176
sample,256,128,tile8,9,189500
sample,256,128,tile8,10,186027
sample,256,128,tile8,11,193370
sample,256,128,tile8,12,184379
sample,256,128,tile8,13,185712
sample,256,128,tile8,14,184351
sample,256,128,tile8,15,186620
sample,256,128,tile8,16,195295
sample,256,128,tile8,17,188620
sample,256,128,tile8,18,234953
sample,256,128,tile8,19,192806
sample,256,128,tile8,20,191508
sample,256,128,tile8,21,188556
sample,256,128,tile8,22,190990
sample,256,128,tile8,23,193333
sample,256,128,tile8,24,190555
sample,256,128,tile8,25,188491
sample,256,128,tile8,26,198398
sample,256,128,tile8,27,200036
sample,256,128,tile8,28,193935
sample,256,128,tile8,29,196546
measured,256,512,vec4,16384,65536,5,30,8,255193,286925,38bbe1f688e24d78,1c8bb372f8f1302e,none,none
sample,256,512,vec4,0,286925
sample,256,512,vec4,1,242573
sample,256,512,vec4,2,242527
sample,256,512,vec4,3,240026
sample,256,512,vec4,4,252454
sample,256,512,vec4,5,249360
sample,256,512,vec4,6,254870
sample,256,512,vec4,7,245397
sample,256,512,vec4,8,244943
sample,256,512,vec4,9,244786
sample,256,512,vec4,10,253148
sample,256,512,vec4,11,253147
sample,256,512,vec4,12,251527
sample,256,512,vec4,13,251212
sample,256,512,vec4,14,252778
sample,256,512,vec4,15,255193
sample,256,512,vec4,16,459859
sample,256,512,vec4,17,260638
sample,256,512,vec4,18,257601
sample,256,512,vec4,19,262491
sample,256,512,vec4,20,260999
sample,256,512,vec4,21,259101
sample,256,512,vec4,22,264786
sample,256,512,vec4,23,272221
sample,256,512,vec4,24,259305
sample,256,512,vec4,25,259120
sample,256,512,vec4,26,258416
sample,256,512,vec4,27,265797
sample,256,512,vec4,28,263935
sample,256,512,vec4,29,260703
measured,256,512,fused2,16384,65536,5,30,7,230851,271202,38bbe1f688e24d78,1c8bb372f8f1302e,none,none
sample,256,512,fused2,0,222258
sample,256,512,fused2,1,219121
sample,256,512,fused2,2,217703
sample,256,512,fused2,3,215843
sample,256,512,fused2,4,224648
sample,256,512,fused2,5,271202
sample,256,512,fused2,6,224879
sample,256,512,fused2,7,222712
sample,256,512,fused2,8,221916
sample,256,512,fused2,9,220971
sample,256,512,fused2,10,227980
sample,256,512,fused2,11,230480
sample,256,512,fused2,12,229962
sample,256,512,fused2,13,230851
sample,256,512,fused2,14,230731
sample,256,512,fused2,15,229240
sample,256,512,fused2,16,544082
sample,256,512,fused2,17,236805
sample,256,512,fused2,18,232583
sample,256,512,fused2,19,235425
sample,256,512,fused2,20,234045
sample,256,512,fused2,21,233324
sample,256,512,fused2,22,238962
sample,256,512,fused2,23,236259
sample,256,512,fused2,24,232878
sample,256,512,fused2,25,232352
sample,256,512,fused2,26,230925
sample,256,512,fused2,27,242406
sample,256,512,fused2,28,246749
sample,256,512,fused2,29,235842
measured,256,512,tile8,16384,65536,5,30,6,205379,256056,38bbe1f688e24d78,1c8bb372f8f1302e,none,none
sample,256,512,tile8,0,201860
sample,256,512,tile8,1,196602
sample,256,512,tile8,2,196564
sample,256,512,tile8,3,194250
sample,256,512,tile8,4,195749
sample,256,512,tile8,5,205379
sample,256,512,tile8,6,200907
sample,256,512,tile8,7,201712
sample,256,512,tile8,8,203990
sample,256,512,tile8,9,196093
sample,256,512,tile8,10,195925
sample,256,512,tile8,11,201584
sample,256,512,tile8,12,204305
sample,256,512,tile8,13,207610
sample,256,512,tile8,14,203723
sample,256,512,tile8,15,201916
sample,256,512,tile8,16,415499
sample,256,512,tile8,17,234361
sample,256,512,tile8,18,207203
sample,256,512,tile8,19,207565
sample,256,512,tile8,20,208472
sample,256,512,tile8,21,207981
sample,256,512,tile8,22,231758
sample,256,512,tile8,23,234861
sample,256,512,tile8,24,207092
sample,256,512,tile8,25,209723
sample,256,512,tile8,26,219064
sample,256,512,tile8,27,228267
sample,256,512,tile8,28,256056
sample,256,512,tile8,29,211971
measured,256,2048,vec4,65536,262144,5,30,8,286434,298702,c9e538e9f9dccedd,259153fc2c7bc4e7,none,none
sample,256,2048,vec4,0,266434
sample,256,2048,vec4,1,269185
sample,256,2048,vec4,2,272980
sample,256,2048,vec4,3,275046
sample,256,2048,vec4,4,279953
sample,256,2048,vec4,5,276073
sample,256,2048,vec4,6,271749
sample,256,2048,vec4,7,297583
sample,256,2048,vec4,8,285620
sample,256,2048,vec4,9,277026
sample,256,2048,vec4,10,276583
sample,256,2048,vec4,11,308665
sample,256,2048,vec4,12,292194
sample,256,2048,vec4,13,287980
sample,256,2048,vec4,14,280101
sample,256,2048,vec4,15,281934
sample,256,2048,vec4,16,284128
sample,256,2048,vec4,17,286434
sample,256,2048,vec4,18,289249
sample,256,2048,vec4,19,286138
sample,256,2048,vec4,20,287610
sample,256,2048,vec4,21,290944
sample,256,2048,vec4,22,290333
sample,256,2048,vec4,23,294323
sample,256,2048,vec4,24,293462
sample,256,2048,vec4,25,290889
sample,256,2048,vec4,26,295805
sample,256,2048,vec4,27,294805
sample,256,2048,vec4,28,298702
sample,256,2048,vec4,29,298462
measured,256,2048,fused2,65536,262144,5,30,7,256943,307342,c9e538e9f9dccedd,259153fc2c7bc4e7,none,none
sample,256,2048,fused2,0,241425
sample,256,2048,fused2,1,255119
sample,256,2048,fused2,2,245295
sample,256,2048,fused2,3,244193
sample,256,2048,fused2,4,250990
sample,256,2048,fused2,5,246869
sample,256,2048,fused2,6,247555
sample,256,2048,fused2,7,307342
sample,256,2048,fused2,8,249814
sample,256,2048,fused2,9,249962
sample,256,2048,fused2,10,246323
sample,256,2048,fused2,11,249971
sample,256,2048,fused2,12,271545
sample,256,2048,fused2,13,252361
sample,256,2048,fused2,14,247472
sample,256,2048,fused2,15,249889
sample,256,2048,fused2,16,260657
sample,256,2048,fused2,17,256943
sample,256,2048,fused2,18,261731
sample,256,2048,fused2,19,258434
sample,256,2048,fused2,20,259796
sample,256,2048,fused2,21,260092
sample,256,2048,fused2,22,258582
sample,256,2048,fused2,23,262406
sample,256,2048,fused2,24,262481
sample,256,2048,fused2,25,265879
sample,256,2048,fused2,26,261018
sample,256,2048,fused2,27,267480
sample,256,2048,fused2,28,327971
sample,256,2048,fused2,29,269268
measured,256,2048,tile8,65536,262144,5,30,6,234156,248916,c9e538e9f9dccedd,259153fc2c7bc4e7,none,none
sample,256,2048,tile8,0,220990
sample,256,2048,tile8,1,222009
sample,256,2048,tile8,2,227231
sample,256,2048,tile8,3,221471
sample,256,2048,tile8,4,226537
sample,256,2048,tile8,5,227453
sample,256,2048,tile8,6,225945
sample,256,2048,tile8,7,237935
sample,256,2048,tile8,8,228092
sample,256,2048,tile8,9,228120
sample,256,2048,tile8,10,229444
sample,256,2048,tile8,11,238333
sample,256,2048,tile8,12,252851
sample,256,2048,tile8,13,231851
sample,256,2048,tile8,14,230360
sample,256,2048,tile8,15,245074
sample,256,2048,tile8,16,229175
sample,256,2048,tile8,17,231453
sample,256,2048,tile8,18,234435
sample,256,2048,tile8,19,241593
sample,256,2048,tile8,20,236527
sample,256,2048,tile8,21,236202
sample,256,2048,tile8,22,234156
sample,256,2048,tile8,23,238980
sample,256,2048,tile8,24,243564
sample,256,2048,tile8,25,239667
sample,256,2048,tile8,26,248916
sample,256,2048,tile8,27,237860
sample,256,2048,tile8,28,248110
sample,256,2048,tile8,29,245462
measured,1024,128,vec4,16384,65536,5,30,10,391905,403129,26abf5bddd03bbc5,79acd556594188cd,none,none
sample,1024,128,vec4,0,370435
sample,1024,128,vec4,1,370091
sample,1024,128,vec4,2,373017
sample,1024,128,vec4,3,375545
sample,1024,128,vec4,4,370360
sample,1024,128,vec4,5,377443
sample,1024,128,vec4,6,374407
sample,1024,128,vec4,7,384814
sample,1024,128,vec4,8,392026
sample,1024,128,vec4,9,373379
sample,1024,128,vec4,10,376305
sample,1024,128,vec4,11,380546
sample,1024,128,vec4,12,402490
sample,1024,128,vec4,13,384036
sample,1024,128,vec4,14,394851
sample,1024,128,vec4,15,398962
sample,1024,128,vec4,16,385943
sample,1024,128,vec4,17,398099
sample,1024,128,vec4,18,393202
sample,1024,128,vec4,19,391905
sample,1024,128,vec4,20,392499
sample,1024,128,vec4,21,392879
sample,1024,128,vec4,22,392804
sample,1024,128,vec4,23,395832
sample,1024,128,vec4,24,397629
sample,1024,128,vec4,25,389944
sample,1024,128,vec4,26,397888
sample,1024,128,vec4,27,403129
sample,1024,128,vec4,28,409499
sample,1024,128,vec4,29,398545
measured,1024,128,fused2,16384,65536,5,30,9,354230,378201,26abf5bddd03bbc5,79acd556594188cd,none,none
sample,1024,128,fused2,0,338212
sample,1024,128,fused2,1,341795
sample,1024,128,fused2,2,334703
sample,1024,128,fused2,3,345740
sample,1024,128,fused2,4,360379
sample,1024,128,fused2,5,347452
sample,1024,128,fused2,6,347758
sample,1024,128,fused2,7,348536
sample,1024,128,fused2,8,348027
sample,1024,128,fused2,9,357147
sample,1024,128,fused2,10,341499
sample,1024,128,fused2,11,343979
sample,1024,128,fused2,12,349239
sample,1024,128,fused2,13,351832
sample,1024,128,fused2,14,349906
sample,1024,128,fused2,15,353073
sample,1024,128,fused2,16,354230
sample,1024,128,fused2,17,360721
sample,1024,128,fused2,18,364749
sample,1024,128,fused2,19,362194
sample,1024,128,fused2,20,361869
sample,1024,128,fused2,21,364471
sample,1024,128,fused2,22,362471
sample,1024,128,fused2,23,378201
sample,1024,128,fused2,24,389952
sample,1024,128,fused2,25,369795
sample,1024,128,fused2,26,365035
sample,1024,128,fused2,27,375619
sample,1024,128,fused2,28,371999
sample,1024,128,fused2,29,367471
measured,1024,128,tile8,16384,65536,5,30,8,319268,361425,26abf5bddd03bbc5,79acd556594188cd,none,none
sample,1024,128,tile8,0,307638
sample,1024,128,tile8,1,307212
sample,1024,128,tile8,2,305758
sample,1024,128,tile8,3,312323
sample,1024,128,tile8,4,306740
sample,1024,128,tile8,5,318804
sample,1024,128,tile8,6,314203
sample,1024,128,tile8,7,313434
sample,1024,128,tile8,8,314953
sample,1024,128,tile8,9,306999
sample,1024,128,tile8,10,309212
sample,1024,128,tile8,11,307203
sample,1024,128,tile8,12,324407
sample,1024,128,tile8,13,316452
sample,1024,128,tile8,14,319268
sample,1024,128,tile8,15,320045
sample,1024,128,tile8,16,322018
sample,1024,128,tile8,17,316665
sample,1024,128,tile8,18,326758
sample,1024,128,tile8,19,323730
sample,1024,128,tile8,20,331536
sample,1024,128,tile8,21,326666
sample,1024,128,tile8,22,324009
sample,1024,128,tile8,23,326184
sample,1024,128,tile8,24,326230
sample,1024,128,tile8,25,331814
sample,1024,128,tile8,26,331184
sample,1024,128,tile8,27,384146
sample,1024,128,tile8,28,361425
sample,1024,128,tile8,29,332842
measured,1024,512,vec4,65536,262144,5,30,10,415953,441229,0949b62ffc70d026,7663f0c9d3466943,none,none
sample,1024,512,vec4,0,421518
sample,1024,512,vec4,1,415666
sample,1024,512,vec4,2,414342
sample,1024,512,vec4,3,411221
sample,1024,512,vec4,4,410740
sample,1024,512,vec4,5,426434
sample,1024,512,vec4,6,415166
sample,1024,512,vec4,7,411896
sample,1024,512,vec4,8,409110
sample,1024,512,vec4,9,413841
sample,1024,512,vec4,10,414878
sample,1024,512,vec4,11,433878
sample,1024,512,vec4,12,435786
sample,1024,512,vec4,13,415462
sample,1024,512,vec4,14,419656
sample,1024,512,vec4,15,418378
sample,1024,512,vec4,16,416722
sample,1024,512,vec4,17,422934
sample,1024,512,vec4,18,416879
sample,1024,512,vec4,19,410591
sample,1024,512,vec4,20,412221
sample,1024,512,vec4,21,447027
sample,1024,512,vec4,22,420545
sample,1024,512,vec4,23,441229
sample,1024,512,vec4,24,410591
sample,1024,512,vec4,25,413184
sample,1024,512,vec4,26,421415
sample,1024,512,vec4,27,421110
sample,1024,512,vec4,28,416629
sample,1024,512,vec4,29,415953
measured,1024,512,fused2,65536,262144,5,30,9,381665,442870,0949b62ffc70d026,7663f0c9d3466943,none,none
sample,1024,512,fused2,0,381665
sample,1024,512,fused2,1,381239
sample,1024,512,fused2,2,430202
sample,1024,512,fused2,3,391369
sample,1024,512,fused2,4,383526
sample,1024,512,fused2,5,413333
sample,1024,512,fused2,6,382833
sample,1024,512,fused2,7,388823
sample,1024,512,fused2,8,375749
sample,1024,512,fused2,9,380267
sample,1024,512,fused2,10,385388
sample,1024,512,fused2,11,380165
sample,1024,512,fused2,12,382758
sample,1024,512,fused2,13,384526
sample,1024,512,fused2,14,382406
sample,1024,512,fused2,15,386277
sample,1024,512,fused2,16,463396
sample,1024,512,fused2,17,411759
sample,1024,512,fused2,18,379434
sample,1024,512,fused2,19,381592
sample,1024,512,fused2,20,377999
sample,1024,512,fused2,21,442870
sample,1024,512,fused2,22,381027
sample,1024,512,fused2,23,377166
sample,1024,512,fused2,24,378026
sample,1024,512,fused2,25,376536
sample,1024,512,fused2,26,379425
sample,1024,512,fused2,27,384767
sample,1024,512,fused2,28,380101
sample,1024,512,fused2,29,379657
measured,1024,512,tile8,65536,262144,5,30,8,350406,372786,0949b62ffc70d026,7663f0c9d3466943,none,none
sample,1024,512,tile8,0,351990
sample,1024,512,tile8,1,353508
sample,1024,512,tile8,2,372786
sample,1024,512,tile8,3,344508
sample,1024,512,tile8,4,345619
sample,1024,512,tile8,5,357795
sample,1024,512,tile8,6,348082
sample,1024,512,tile8,7,345675
sample,1024,512,tile8,8,346286
sample,1024,512,tile8,9,350499
sample,1024,512,tile8,10,352832
sample,1024,512,tile8,11,350471
sample,1024,512,tile8,12,349239
sample,1024,512,tile8,13,348759
sample,1024,512,tile8,14,352952
sample,1024,512,tile8,15,401490
sample,1024,512,tile8,16,350406
sample,1024,512,tile8,17,356361
sample,1024,512,tile8,18,347740
sample,1024,512,tile8,19,347092
sample,1024,512,tile8,20,347305
sample,1024,512,tile8,21,347971
sample,1024,512,tile8,22,354091
sample,1024,512,tile8,23,347267
sample,1024,512,tile8,24,352981
sample,1024,512,tile8,25,346472
sample,1024,512,tile8,26,353878
sample,1024,512,tile8,27,350471
sample,1024,512,tile8,28,349221
sample,1024,512,tile8,29,351009
measured,1024,2048,vec4,262144,1048576,5,30,10,424694,454962,2d4a1c573b9665e7,d32c613321b43c7f,none,none
sample,1024,2048,vec4,0,424443
sample,1024,2048,vec4,1,424694
sample,1024,2048,vec4,2,419601
sample,1024,2048,vec4,3,428823
sample,1024,2048,vec4,4,428739
sample,1024,2048,vec4,5,424322
sample,1024,2048,vec4,6,429647
sample,1024,2048,vec4,7,460443
sample,1024,2048,vec4,8,422462
sample,1024,2048,vec4,9,428388
sample,1024,2048,vec4,10,416786
sample,1024,2048,vec4,11,427026
sample,1024,2048,vec4,12,427536
sample,1024,2048,vec4,13,449878
sample,1024,2048,vec4,14,426211
sample,1024,2048,vec4,15,415693
sample,1024,2048,vec4,16,423368
sample,1024,2048,vec4,17,423777
sample,1024,2048,vec4,18,425897
sample,1024,2048,vec4,19,421915
sample,1024,2048,vec4,20,427610
sample,1024,2048,vec4,21,454962
sample,1024,2048,vec4,22,426062
sample,1024,2048,vec4,23,417258
sample,1024,2048,vec4,24,418758
sample,1024,2048,vec4,25,417137
sample,1024,2048,vec4,26,424481
sample,1024,2048,vec4,27,425888
sample,1024,2048,vec4,28,424777
sample,1024,2048,vec4,29,414128
measured,1024,2048,fused2,262144,1048576,5,30,9,388379,393870,2d4a1c573b9665e7,d32c613321b43c7f,none,none
sample,1024,2048,fused2,0,385415
sample,1024,2048,fused2,1,382693
sample,1024,2048,fused2,2,380008
sample,1024,2048,fused2,3,391711
sample,1024,2048,fused2,4,386053
sample,1024,2048,fused2,5,390850
sample,1024,2048,fused2,6,388379
sample,1024,2048,fused2,7,383055
sample,1024,2048,fused2,8,389628
sample,1024,2048,fused2,9,381231
sample,1024,2048,fused2,10,381851
sample,1024,2048,fused2,11,391267
sample,1024,2048,fused2,12,389777
sample,1024,2048,fused2,13,385286
sample,1024,2048,fused2,14,386138
sample,1024,2048,fused2,15,388776
sample,1024,2048,fused2,16,382101
sample,1024,2048,fused2,17,393563
sample,1024,2048,fused2,18,391055
sample,1024,2048,fused2,19,391202
sample,1024,2048,fused2,20,391490
sample,1024,2048,fused2,21,430147
sample,1024,2048,fused2,22,388073
sample,1024,2048,fused2,23,380740
sample,1024,2048,fused2,24,381453
sample,1024,2048,fused2,25,393870
sample,1024,2048,fused2,26,391453
sample,1024,2048,fused2,27,390712
sample,1024,2048,fused2,28,389869
sample,1024,2048,fused2,29,387453
measured,1024,2048,tile8,262144,1048576,5,30,8,369990,404397,2d4a1c573b9665e7,d32c613321b43c7f,none,none
sample,1024,2048,tile8,0,371786
sample,1024,2048,tile8,1,372685
sample,1024,2048,tile8,2,363110
sample,1024,2048,tile8,3,367370
sample,1024,2048,tile8,4,380481
sample,1024,2048,tile8,5,371332
sample,1024,2048,tile8,6,372749
sample,1024,2048,tile8,7,379684
sample,1024,2048,tile8,8,366962
sample,1024,2048,tile8,9,363509
sample,1024,2048,tile8,10,367156
sample,1024,2048,tile8,11,371055
sample,1024,2048,tile8,12,404397
sample,1024,2048,tile8,13,366323
sample,1024,2048,tile8,14,366370
sample,1024,2048,tile8,15,366665
sample,1024,2048,tile8,16,366073
sample,1024,2048,tile8,17,365017
sample,1024,2048,tile8,18,370138
sample,1024,2048,tile8,19,367962
sample,1024,2048,tile8,20,371442
sample,1024,2048,tile8,21,388509
sample,1024,2048,tile8,22,371674
sample,1024,2048,tile8,23,365073
sample,1024,2048,tile8,24,362870
sample,1024,2048,tile8,25,369166
sample,1024,2048,tile8,26,427563
sample,1024,2048,tile8,27,370536
sample,1024,2048,tile8,28,369990
sample,1024,2048,tile8,29,371638
measured,4096,128,vec4,65536,262144,5,30,12,485915,506972,d878e557b6daedce,8cc85ceb09c8efed,none,none
sample,4096,128,vec4,0,488851
sample,4096,128,vec4,1,485749
sample,4096,128,vec4,2,491638
sample,4096,128,vec4,3,480758
sample,4096,128,vec4,4,478110
sample,4096,128,vec4,5,486785
sample,4096,128,vec4,6,486444
sample,4096,128,vec4,7,487915
sample,4096,128,vec4,8,489193
sample,4096,128,vec4,9,506972
sample,4096,128,vec4,10,481888
sample,4096,128,vec4,11,497398
sample,4096,128,vec4,12,481175
sample,4096,128,vec4,13,484164
sample,4096,128,vec4,14,494285
sample,4096,128,vec4,15,486156
sample,4096,128,vec4,16,488156
sample,4096,128,vec4,17,482378
sample,4096,128,vec4,18,477212
sample,4096,128,vec4,19,487221
sample,4096,128,vec4,20,483083
sample,4096,128,vec4,21,508073
sample,4096,128,vec4,22,505397
sample,4096,128,vec4,23,476934
sample,4096,128,vec4,24,478981
sample,4096,128,vec4,25,478647
sample,4096,128,vec4,26,485915
sample,4096,128,vec4,27,487897
sample,4096,128,vec4,28,479813
sample,4096,128,vec4,29,479962
measured,4096,128,fused2,65536,262144,5,30,11,451675,468434,d878e557b6daedce,8cc85ceb09c8efed,none,none
sample,4096,128,fused2,0,456740
sample,4096,128,fused2,1,452231
sample,4096,128,fused2,2,449230
sample,4096,128,fused2,3,459388
sample,4096,128,fused2,4,453999
sample,4096,128,fused2,5,446619
sample,4096,128,fused2,6,450989
sample,4096,128,fused2,7,453906
sample,4096,128,fused2,8,449452
sample,4096,128,fused2,9,481925
sample,4096,128,fused2,10,448953
sample,4096,128,fused2,11,444970
sample,4096,128,fused2,12,448351
sample,4096,128,fused2,13,449312
sample,4096,128,fused2,14,459101
sample,4096,128,fused2,15,468434
sample,4096,128,fused2,16,459509
sample,4096,128,fused2,17,451546
sample,4096,128,fused2,18,451675
sample,4096,128,fused2,19,455647
sample,4096,128,fused2,20,452388
sample,4096,128,fused2,21,458795
sample,4096,128,fused2,22,457036
sample,4096,128,fused2,23,446202
sample,4096,128,fused2,24,466508
sample,4096,128,fused2,25,450990
sample,4096,128,fused2,26,449683
sample,4096,128,fused2,27,463619
sample,4096,128,fused2,28,449017
sample,4096,128,fused2,29,445027
measured,4096,128,tile8,65536,262144,5,30,10,421868,470249,d878e557b6daedce,8cc85ceb09c8efed,none,none
sample,4096,128,tile8,0,420934
sample,4096,128,tile8,1,468313
sample,4096,128,tile8,2,424877
sample,4096,128,tile8,3,421499
sample,4096,128,tile8,4,428879
sample,4096,128,tile8,5,417147
sample,4096,128,tile8,6,420443
sample,4096,128,tile8,7,420868
sample,4096,128,tile8,8,421868
sample,4096,128,tile8,9,423416
sample,4096,128,tile8,10,420073
sample,4096,128,tile8,11,416980
sample,4096,128,tile8,12,420850
sample,4096,128,tile8,13,418823
sample,4096,128,tile8,14,484008
sample,4096,128,tile8,15,436332
sample,4096,128,tile8,16,430341
sample,4096,128,tile8,17,418582
sample,4096,128,tile8,18,422332
sample,4096,128,tile8,19,425564
sample,4096,128,tile8,20,427331
sample,4096,128,tile8,21,425618
sample,4096,128,tile8,22,429666
sample,4096,128,tile8,23,423314
sample,4096,128,tile8,24,416573
sample,4096,128,tile8,25,419870
sample,4096,128,tile8,26,433416
sample,4096,128,tile8,27,470249
sample,4096,128,tile8,28,421341
sample,4096,128,tile8,29,419193
measured,4096,512,vec4,262144,1048576,5,30,12,499599,550044,07e875993970433c,207dceeda1be3f5b,none,none
sample,4096,512,vec4,0,507082
sample,4096,512,vec4,1,526813
sample,4096,512,vec4,2,495314
sample,4096,512,vec4,3,491064
sample,4096,512,vec4,4,502924
sample,4096,512,vec4,5,491202
sample,4096,512,vec4,6,515054
sample,4096,512,vec4,7,504564
sample,4096,512,vec4,8,549683
sample,4096,512,vec4,9,489508
sample,4096,512,vec4,10,488157
sample,4096,512,vec4,11,500008
sample,4096,512,vec4,12,500193
sample,4096,512,vec4,13,494999
sample,4096,512,vec4,14,499323
sample,4096,512,vec4,15,579748
sample,4096,512,vec4,16,524295
sample,4096,512,vec4,17,498656
sample,4096,512,vec4,18,515702
sample,4096,512,vec4,19,490980
sample,4096,512,vec4,20,533554
sample,4096,512,vec4,21,489240
sample,4096,512,vec4,22,496962
sample,4096,512,vec4,23,501776
sample,4096,512,vec4,24,500240
sample,4096,512,vec4,25,499599
sample,4096,512,vec4,26,495832
sample,4096,512,vec4,27,550044
sample,4096,512,vec4,28,497591
sample,4096,512,vec4,29,496814
measured,4096,512,fused2,262144,1048576,5,30,11,464832,484470,07e875993970433c,207dceeda1be3f5b,none,none
sample,4096,512,fused2,0,463018
sample,4096,512,fused2,1,484470
sample,4096,512,fused2,2,460767
sample,4096,512,fused2,3,452527
sample,4096,512,fused2,4,466406
sample,4096,512,fused2,5,463499
sample,4096,512,fused2,6,467647
sample,4096,512,fused2,7,468989
sample,4096,512,fused2,8,464868
sample,4096,512,fused2,9,464832
sample,4096,512,fused2,10,456212
sample,4096,512,fused2,11,470045
sample,4096,512,fused2,12,462304
sample,4096,512,fused2,13,462907
sample,4096,512,fused2,14,468961
sample,4096,512,fused2,15,463350
sample,4096,512,fused2,16,463480
sample,4096,512,fused2,17,459601
sample,4096,512,fused2,18,454036
sample,4096,512,fused2,19,469472
sample,4096,512,fused2,20,466035
sample,4096,512,fused2,21,495961
sample,4096,512,fused2,22,460786
sample,4096,512,fused2,23,472286
sample,4096,512,fused2,24,467220
sample,4096,512,fused2,25,473184
sample,4096,512,fused2,26,462387
sample,4096,512,fused2,27,471324
sample,4096,512,fused2,28,465970
sample,4096,512,fused2,29,455359
measured,4096,512,tile8,262144,1048576,5,30,10,446359,465415,07e875993970433c,207dceeda1be3f5b,none,none
sample,4096,512,tile8,0,450785
sample,4096,512,tile8,1,451166
sample,4096,512,tile8,2,439470
sample,4096,512,tile8,3,433396
sample,4096,512,tile8,4,446435
sample,4096,512,tile8,5,449933
sample,4096,512,tile8,6,445850
sample,4096,512,tile8,7,451248
sample,4096,512,tile8,8,458952
sample,4096,512,tile8,9,443675
sample,4096,512,tile8,10,437211
sample,4096,512,tile8,11,449157
sample,4096,512,tile8,12,444554
sample,4096,512,tile8,13,447248
sample,4096,512,tile8,14,452943
sample,4096,512,tile8,15,437175
sample,4096,512,tile8,16,505785
sample,4096,512,tile8,17,444424
sample,4096,512,tile8,18,437980
sample,4096,512,tile8,19,446359
sample,4096,512,tile8,20,465415
sample,4096,512,tile8,21,440962
sample,4096,512,tile8,22,436470
sample,4096,512,tile8,23,439415
sample,4096,512,tile8,24,445480
sample,4096,512,tile8,25,457407
sample,4096,512,tile8,26,447109
sample,4096,512,tile8,27,448720
sample,4096,512,tile8,28,459222
sample,4096,512,tile8,29,435185
measured,4096,2048,vec4,1048576,4194304,5,30,12,556748,616666,4143a88e49ed614b,e0842ad8f72c0c9f,none,none
sample,4096,2048,vec4,0,589211
sample,4096,2048,vec4,1,558035
sample,4096,2048,vec4,2,555351
sample,4096,2048,vec4,3,564711
sample,4096,2048,vec4,4,551915
sample,4096,2048,vec4,5,555527
sample,4096,2048,vec4,6,558249
sample,4096,2048,vec4,7,598794
sample,4096,2048,vec4,8,544054
sample,4096,2048,vec4,9,558294
sample,4096,2048,vec4,10,560387
sample,4096,2048,vec4,11,558831
sample,4096,2048,vec4,12,555609
sample,4096,2048,vec4,13,552480
sample,4096,2048,vec4,14,548406
sample,4096,2048,vec4,15,560831
sample,4096,2048,vec4,16,551156
sample,4096,2048,vec4,17,556600
sample,4096,2048,vec4,18,556748
sample,4096,2048,vec4,19,549212
sample,4096,2048,vec4,20,546822
sample,4096,2048,vec4,21,562823
sample,4096,2048,vec4,22,549452
sample,4096,2048,vec4,23,616666
sample,4096,2048,vec4,24,618508
sample,4096,2048,vec4,25,548175
sample,4096,2048,vec4,26,563535
sample,4096,2048,vec4,27,581322
sample,4096,2048,vec4,28,556859
sample,4096,2048,vec4,29,551322
measured,4096,2048,fused2,1048576,4194304,5,30,11,515961,544896,4143a88e49ed614b,e0842ad8f72c0c9f,none,none
sample,4096,2048,fused2,0,518472
sample,4096,2048,fused2,1,515581
sample,4096,2048,fused2,2,513369
sample,4096,2048,fused2,3,535507
sample,4096,2048,fused2,4,514452
sample,4096,2048,fused2,5,516212
sample,4096,2048,fused2,6,519860
sample,4096,2048,fused2,7,515933
sample,4096,2048,fused2,8,513266
sample,4096,2048,fused2,9,509981
sample,4096,2048,fused2,10,519369
sample,4096,2048,fused2,11,520592
sample,4096,2048,fused2,12,515479
sample,4096,2048,fused2,13,568128
sample,4096,2048,fused2,14,517712
sample,4096,2048,fused2,15,506609
sample,4096,2048,fused2,16,517823
sample,4096,2048,fused2,17,544896
sample,4096,2048,fused2,18,512527
sample,4096,2048,fused2,19,511878
sample,4096,2048,fused2,20,521007
sample,4096,2048,fused2,21,511796
sample,4096,2048,fused2,22,524424
sample,4096,2048,fused2,23,509350
sample,4096,2048,fused2,24,516823
sample,4096,2048,fused2,25,518294
sample,4096,2048,fused2,26,513627
sample,4096,2048,fused2,27,522212
sample,4096,2048,fused2,28,515961
sample,4096,2048,fused2,29,510091
measured,4096,2048,tile8,1048576,4194304,5,30,10,541776,593286,4143a88e49ed614b,e0842ad8f72c0c9f,none,none
sample,4096,2048,tile8,0,543008
sample,4096,2048,tile8,1,540526
sample,4096,2048,tile8,2,542990
sample,4096,2048,tile8,3,609007
sample,4096,2048,tile8,4,541776
sample,4096,2048,tile8,5,546155
sample,4096,2048,tile8,6,541183
sample,4096,2048,tile8,7,583869
sample,4096,2048,tile8,8,541221
sample,4096,2048,tile8,9,545934
sample,4096,2048,tile8,10,549730
sample,4096,2048,tile8,11,546675
sample,4096,2048,tile8,12,544017
sample,4096,2048,tile8,13,593286
sample,4096,2048,tile8,14,537461
sample,4096,2048,tile8,15,537637
sample,4096,2048,tile8,16,541610
sample,4096,2048,tile8,17,543257
sample,4096,2048,tile8,18,539554
sample,4096,2048,tile8,19,536461
sample,4096,2048,tile8,20,539526
sample,4096,2048,tile8,21,548212
sample,4096,2048,tile8,22,545017
sample,4096,2048,tile8,23,545406
sample,4096,2048,tile8,24,540675
sample,4096,2048,tile8,25,541341
sample,4096,2048,tile8,26,535110
sample,4096,2048,tile8,27,541081
sample,4096,2048,tile8,28,557554
sample,4096,2048,tile8,29,541388
measured,16384,128,vec4,262144,1048576,5,30,14,573544,620081,318e48fc80dadb1f,a09bc0e13ecf9bf8,none,none
sample,16384,128,vec4,0,578860
sample,16384,128,vec4,1,573229
sample,16384,128,vec4,2,572100
sample,16384,128,vec4,3,573544
sample,16384,128,vec4,4,572166
sample,16384,128,vec4,5,571423
sample,16384,128,vec4,6,571868
sample,16384,128,vec4,7,574776
sample,16384,128,vec4,8,581406
sample,16384,128,vec4,9,562611
sample,16384,128,vec4,10,564461
sample,16384,128,vec4,11,574452
sample,16384,128,vec4,12,572758
sample,16384,128,vec4,13,586378
sample,16384,128,vec4,14,566850
sample,16384,128,vec4,15,571600
sample,16384,128,vec4,16,574072
sample,16384,128,vec4,17,581313
sample,16384,128,vec4,18,579683
sample,16384,128,vec4,19,573508
sample,16384,128,vec4,20,566600
sample,16384,128,vec4,21,570859
sample,16384,128,vec4,22,567064
sample,16384,128,vec4,23,872452
sample,16384,128,vec4,24,620081
sample,16384,128,vec4,25,575155
sample,16384,128,vec4,26,578804
sample,16384,128,vec4,27,579424
sample,16384,128,vec4,28,580545
sample,16384,128,vec4,29,573925
measured,16384,128,fused2,262144,1048576,5,30,13,543684,573488,318e48fc80dadb1f,a09bc0e13ecf9bf8,none,none
sample,16384,128,fused2,0,544480
sample,16384,128,fused2,1,540675
sample,16384,128,fused2,2,566878
sample,16384,128,fused2,3,531490
sample,16384,128,fused2,4,546924
sample,16384,128,fused2,5,541794
sample,16384,128,fused2,6,548795
sample,16384,128,fused2,7,543498
sample,16384,128,fused2,8,545194
sample,16384,128,fused2,9,573488
sample,16384,128,fused2,10,542535
sample,16384,128,fused2,11,541536
sample,16384,128,fused2,12,548220
sample,16384,128,fused2,13,540175
sample,16384,128,fused2,14,530544
sample,16384,128,fused2,15,546184
sample,16384,128,fused2,16,547082
sample,16384,128,fused2,17,543684
sample,16384,128,fused2,18,545581
sample,16384,128,fused2,19,574915
sample,16384,128,fused2,20,541507
sample,16384,128,fused2,21,534396
sample,16384,128,fused2,22,537342
sample,16384,128,fused2,23,548859
sample,16384,128,fused2,24,559961
sample,16384,128,fused2,25,537425
sample,16384,128,fused2,26,537961
sample,16384,128,fused2,27,542675
sample,16384,128,fused2,28,558340
sample,16384,128,fused2,29,547518
measured,16384,128,tile8,262144,1048576,5,30,12,523109,535675,318e48fc80dadb1f,a09bc0e13ecf9bf8,none,none
sample,16384,128,tile8,0,524230
sample,16384,128,tile8,1,514796
sample,16384,128,tile8,2,518489
sample,16384,128,tile8,3,501553
sample,16384,128,tile8,4,509684
sample,16384,128,tile8,5,525109
sample,16384,128,tile8,6,528277
sample,16384,128,tile8,7,523618
sample,16384,128,tile8,8,535451
sample,16384,128,tile8,9,523711
sample,16384,128,tile8,10,507823
sample,16384,128,tile8,11,521016
sample,16384,128,tile8,12,531498
sample,16384,128,tile8,13,520173
sample,16384,128,tile8,14,509572
sample,16384,128,tile8,15,527462
sample,16384,128,tile8,16,522674
sample,16384,128,tile8,17,528971
sample,16384,128,tile8,18,520415
sample,16384,128,tile8,19,535675
sample,16384,128,tile8,20,506971
sample,16384,128,tile8,21,523109
sample,16384,128,tile8,22,522694
sample,16384,128,tile8,23,516285
sample,16384,128,tile8,24,533044
sample,16384,128,tile8,25,523230
sample,16384,128,tile8,26,524064
sample,16384,128,tile8,27,547118
sample,16384,128,tile8,28,524674
sample,16384,128,tile8,29,522258
measured,16384,512,vec4,1048576,4194304,5,30,14,639092,683044,08b87a1ca99fa7b8,cc66b7b8fae87df4,none,none
sample,16384,512,vec4,0,635674
sample,16384,512,vec4,1,635785
sample,16384,512,vec4,2,632026
sample,16384,512,vec4,3,649026
sample,16384,512,vec4,4,638702
sample,16384,512,vec4,5,642943
sample,16384,512,vec4,6,638396
sample,16384,512,vec4,7,648517
sample,16384,512,vec4,8,646229
sample,16384,512,vec4,9,636989
sample,16384,512,vec4,10,683044
sample,16384,512,vec4,11,630553
sample,16384,512,vec4,12,635841
sample,16384,512,vec4,13,650081
sample,16384,512,vec4,14,634498
sample,16384,512,vec4,15,640582
sample,16384,512,vec4,16,641220
sample,16384,512,vec4,17,684016
sample,16384,512,vec4,18,639092
sample,16384,512,vec4,19,637285
sample,16384,512,vec4,20,630600
sample,16384,512,vec4,21,642368
sample,16384,512,vec4,22,644683
sample,16384,512,vec4,23,642942
sample,16384,512,vec4,24,639378
sample,16384,512,vec4,25,636951
sample,16384,512,vec4,26,670831
sample,16384,512,vec4,27,633285
sample,16384,512,vec4,28,645091
sample,16384,512,vec4,29,638322
measured,16384,512,fused2,1048576,4194304,5,30,13,604414,668803,08b87a1ca99fa7b8,cc66b7b8fae87df4,none,none
sample,16384,512,fused2,0,597479
sample,16384,512,fused2,1,631729
sample,16384,512,fused2,2,594953
sample,16384,512,fused2,3,601341
sample,16384,512,fused2,4,613868
sample,16384,512,fused2,5,602017
sample,16384,512,fused2,6,617433
sample,16384,512,fused2,7,607647
sample,16384,512,fused2,8,609360
sample,16384,512,fused2,9,604414
sample,16384,512,fused2,10,682498
sample,16384,512,fused2,11,594183
sample,16384,512,fused2,12,606481
sample,16384,512,fused2,13,612674
sample,16384,512,fused2,14,604109
sample,16384,512,fused2,15,604090
sample,16384,512,fused2,16,606276
sample,16384,512,fused2,17,648507
sample,16384,512,fused2,18,597277
sample,16384,512,fused2,19,609961
sample,16384,512,fused2,20,607081
sample,16384,512,fused2,21,617229
sample,16384,512,fused2,22,608683
sample,16384,512,fused2,23,599619
sample,16384,512,fused2,24,601657
sample,16384,512,fused2,25,602507
sample,16384,512,fused2,26,602609
sample,16384,512,fused2,27,603026
sample,16384,512,fused2,28,668803
sample,16384,512,fused2,29,602138
measured,16384,512,tile8,1048576,4194304,5,30,12,626720,659841,08b87a1ca99fa7b8,cc66b7b8fae87df4,none,none
sample,16384,512,tile8,0,636887
sample,16384,512,tile8,1,630294
sample,16384,512,tile8,2,639877
sample,16384,512,tile8,3,626720
sample,16384,512,tile8,4,625266
sample,16384,512,tile8,5,626249
sample,16384,512,tile8,6,626341
sample,16384,512,tile8,7,626786
sample,16384,512,tile8,8,627943
sample,16384,512,tile8,9,622332
sample,16384,512,tile8,10,631674
sample,16384,512,tile8,11,621618
sample,16384,512,tile8,12,623378
sample,16384,512,tile8,13,626563
sample,16384,512,tile8,14,631794
sample,16384,512,tile8,15,626470
sample,16384,512,tile8,16,625212
sample,16384,512,tile8,17,632434
sample,16384,512,tile8,18,623573
sample,16384,512,tile8,19,628156
sample,16384,512,tile8,20,624841
sample,16384,512,tile8,21,624331
sample,16384,512,tile8,22,621350
sample,16384,512,tile8,23,628785
sample,16384,512,tile8,24,639166
sample,16384,512,tile8,25,632248
sample,16384,512,tile8,26,659841
sample,16384,512,tile8,27,621368
sample,16384,512,tile8,28,628582
sample,16384,512,tile8,29,674692
measured,16384,2048,vec4,4194304,16777216,5,30,14,749267,868081,6be3b72c15a212b9,3199380bd5011e6c,none,none
sample,16384,2048,vec4,0,836367
sample,16384,2048,vec4,1,887757
sample,16384,2048,vec4,2,834497
sample,16384,2048,vec4,3,842932
sample,16384,2048,vec4,4,851006
sample,16384,2048,vec4,5,843488
sample,16384,2048,vec4,6,841552
sample,16384,2048,vec4,7,868081
sample,16384,2048,vec4,8,825006
sample,16384,2048,vec4,9,848238
sample,16384,2048,vec4,10,819682
sample,16384,2048,vec4,11,749396
sample,16384,2048,vec4,12,804295
sample,16384,2048,vec4,13,764350
sample,16384,2048,vec4,14,745313
sample,16384,2048,vec4,15,747747
sample,16384,2048,vec4,16,749267
sample,16384,2048,vec4,17,785859
sample,16384,2048,vec4,18,736025
sample,16384,2048,vec4,19,699812
sample,16384,2048,vec4,20,685952
sample,16384,2048,vec4,21,682563
sample,16384,2048,vec4,22,683665
sample,16384,2048,vec4,23,693202
sample,16384,2048,vec4,24,687053
sample,16384,2048,vec4,25,688702
sample,16384,2048,vec4,26,660961
sample,16384,2048,vec4,27,656859
sample,16384,2048,vec4,28,689656
sample,16384,2048,vec4,29,653813
measured,16384,2048,fused2,4194304,16777216,5,30,13,711850,803776,6be3b72c15a212b9,3199380bd5011e6c,none,none
sample,16384,2048,fused2,0,803758
sample,16384,2048,fused2,1,795359
sample,16384,2048,fused2,2,794619
sample,16384,2048,fused2,3,803776
sample,16384,2048,fused2,4,805091
sample,16384,2048,fused2,5,802766
sample,16384,2048,fused2,6,801349
sample,16384,2048,fused2,7,786766
sample,16384,2048,fused2,8,792460
sample,16384,2048,fused2,9,801887
sample,16384,2048,fused2,10,754228
sample,16384,2048,fused2,11,710656
sample,16384,2048,fused2,12,713785
sample,16384,2048,fused2,13,719192
sample,16384,2048,fused2,14,714072
sample,16384,2048,fused2,15,711850
sample,16384,2048,fused2,16,704248
sample,16384,2048,fused2,17,714035
sample,16384,2048,fused2,18,688387
sample,16384,2048,fused2,19,655221
sample,16384,2048,fused2,20,648359
sample,16384,2048,fused2,21,655600
sample,16384,2048,fused2,22,648989
sample,16384,2048,fused2,23,648202
sample,16384,2048,fused2,24,649914
sample,16384,2048,fused2,25,655887
sample,16384,2048,fused2,26,643795
sample,16384,2048,fused2,27,614739
sample,16384,2048,fused2,28,685480
sample,16384,2048,fused2,29,611573
measured,16384,2048,tile8,4194304,16777216,5,30,12,858080,1071062,6be3b72c15a212b9,3199380bd5011e6c,none,none
sample,16384,2048,tile8,0,1078886
sample,16384,2048,tile8,1,1005339
sample,16384,2048,tile8,2,1002358
sample,16384,2048,tile8,3,1014044
sample,16384,2048,tile8,4,1003266
sample,16384,2048,tile8,5,999988
sample,16384,2048,tile8,6,1011580
sample,16384,2048,tile8,7,992099
sample,16384,2048,tile8,8,995386
sample,16384,2048,tile8,9,1071062
sample,16384,2048,tile8,10,963710
sample,16384,2048,tile8,11,876608
sample,16384,2048,tile8,12,864619
sample,16384,2048,tile8,13,915164
sample,16384,2048,tile8,14,864332
sample,16384,2048,tile8,15,856404
sample,16384,2048,tile8,16,854636
sample,16384,2048,tile8,17,858080
sample,16384,2048,tile8,18,771934
sample,16384,2048,tile8,19,766785
sample,16384,2048,tile8,20,805821
sample,16384,2048,tile8,21,764572
sample,16384,2048,tile8,22,763424
sample,16384,2048,tile8,23,762887
sample,16384,2048,tile8,24,768840
sample,16384,2048,tile8,25,812349
sample,16384,2048,tile8,26,709748
sample,16384,2048,tile8,27,711618
sample,16384,2048,tile8,28,709035
sample,16384,2048,tile8,29,711516
measured,65536,128,vec4,1048576,4194304,5,30,16,595767,641831,9ec0db29a14c575b,4098921c6b362ecd,none,none
sample,65536,128,vec4,0,656424
sample,65536,128,vec4,1,591572
sample,65536,128,vec4,2,598388
sample,65536,128,vec4,3,615341
sample,65536,128,vec4,4,598840
sample,65536,128,vec4,5,620628
sample,65536,128,vec4,6,634238
sample,65536,128,vec4,7,588684
sample,65536,128,vec4,8,590398
sample,65536,128,vec4,9,638896
sample,65536,128,vec4,10,585609
sample,65536,128,vec4,11,595683
sample,65536,128,vec4,12,590664
sample,65536,128,vec4,13,595156
sample,65536,128,vec4,14,591748
sample,65536,128,vec4,15,641831
sample,65536,128,vec4,16,593803
sample,65536,128,vec4,17,605822
sample,65536,128,vec4,18,587267
sample,65536,128,vec4,19,592924
sample,65536,128,vec4,20,594146
sample,65536,128,vec4,21,590590
sample,65536,128,vec4,22,590591
sample,65536,128,vec4,23,612795
sample,65536,128,vec4,24,600906
sample,65536,128,vec4,25,598424
sample,65536,128,vec4,26,595767
sample,65536,128,vec4,27,602026
sample,65536,128,vec4,28,604841
sample,65536,128,vec4,29,613184
measured,65536,128,fused2,1048576,4194304,5,30,15,573544,627443,9ec0db29a14c575b,4098921c6b362ecd,none,none
sample,65536,128,fused2,0,578221
sample,65536,128,fused2,1,580127
sample,65536,128,fused2,2,574646
sample,65536,128,fused2,3,575351
sample,65536,128,fused2,4,582915
sample,65536,128,fused2,5,573544
sample,65536,128,fused2,6,572767
sample,65536,128,fused2,7,586442
sample,65536,128,fused2,8,562684
sample,65536,128,fused2,9,564294
sample,65536,128,fused2,10,560119
sample,65536,128,fused2,11,562766
sample,65536,128,fused2,12,564860
sample,65536,128,fused2,13,584044
sample,65536,128,fused2,14,570359
sample,65536,128,fused2,15,573035
sample,65536,128,fused2,16,564331
sample,65536,128,fused2,17,557665
sample,65536,128,fused2,18,559397
sample,65536,128,fused2,19,610971
sample,65536,128,fused2,20,627443
sample,65536,128,fused2,21,563479
sample,65536,128,fused2,22,578498
sample,65536,128,fused2,23,570277
sample,65536,128,fused2,24,574110
sample,65536,128,fused2,25,588490
sample,65536,128,fused2,26,638583
sample,65536,128,fused2,27,563720
sample,65536,128,fused2,28,575489
sample,65536,128,fused2,29,575314
measured,65536,128,tile8,1048576,4194304,5,30,14,565831,613507,9ec0db29a14c575b,4098921c6b362ecd,none,none
sample,65536,128,tile8,0,558313
sample,65536,128,tile8,1,558396
sample,65536,128,tile8,2,570749
sample,65536,128,tile8,3,565831
sample,65536,128,tile8,4,568146
sample,65536,128,tile8,5,569406
sample,65536,128,tile8,6,560312
sample,65536,128,tile8,7,562840
sample,65536,128,tile8,8,568435
sample,65536,128,tile8,9,554026
sample,65536,128,tile8,10,613507
sample,65536,128,tile8,11,558479
sample,65536,128,tile8,12,559304
sample,65536,128,tile8,13,571944
sample,65536,128,tile8,14,570933
sample,65536,128,tile8,15,573146
sample,65536,128,tile8,16,631998
sample,65536,128,tile8,17,561812
sample,65536,128,tile8,18,561471
sample,65536,128,tile8,19,565554
sample,65536,128,tile8,20,561379
sample,65536,128,tile8,21,556341
sample,65536,128,tile8,22,573359
sample,65536,128,tile8,23,569813
sample,65536,128,tile8,24,569740
sample,65536,128,tile8,25,568175
sample,65536,128,tile8,26,563694
sample,65536,128,tile8,27,556924
sample,65536,128,tile8,28,569137
sample,65536,128,tile8,29,572879
measured,65536,512,vec4,4194304,16777216,5,30,16,807545,829313,84d06402da633040,29115d73667dee45,none,none
sample,65536,512,vec4,0,727887
sample,65536,512,vec4,1,722979
sample,65536,512,vec4,2,747618
sample,65536,512,vec4,3,728636
sample,65536,512,vec4,4,729359
sample,65536,512,vec4,5,725174
sample,65536,512,vec4,6,719026
sample,65536,512,vec4,7,724924
sample,65536,512,vec4,8,720007
sample,65536,512,vec4,9,720007
sample,65536,512,vec4,10,750239
sample,65536,512,vec4,11,716332
sample,65536,512,vec4,12,712563
sample,65536,512,vec4,13,829313
sample,65536,512,vec4,14,826358
sample,65536,512,vec4,15,827646
sample,65536,512,vec4,16,813045
sample,65536,512,vec4,17,807545
sample,65536,512,vec4,18,811285
sample,65536,512,vec4,19,807552
sample,65536,512,vec4,20,823313
sample,65536,512,vec4,21,821035
sample,65536,512,vec4,22,809774
sample,65536,512,vec4,23,813015
sample,65536,512,vec4,24,805053
sample,65536,512,vec4,25,835980
sample,65536,512,vec4,26,820747
sample,65536,512,vec4,27,826951
sample,65536,512,vec4,28,810803
sample,65536,512,vec4,29,816163
measured,65536,512,fused2,4194304,16777216,5,30,15,772729,798461,84d06402da633040,29115d73667dee45,none,none
sample,65536,512,fused2,0,678414
sample,65536,512,fused2,1,695804
sample,65536,512,fused2,2,714368
sample,65536,512,fused2,3,680766
sample,65536,512,fused2,4,694081
sample,65536,512,fused2,5,688322
sample,65536,512,fused2,6,687582
sample,65536,512,fused2,7,692359
sample,65536,512,fused2,8,681183
sample,65536,512,fused2,9,686451
sample,65536,512,fused2,10,690387
sample,65536,512,fused2,11,680767
sample,65536,512,fused2,12,773331
sample,65536,512,fused2,13,794535
sample,65536,512,fused2,14,786738
sample,65536,512,fused2,15,782452
sample,65536,512,fused2,16,770313
sample,65536,512,fused2,17,771126
sample,65536,512,fused2,18,779766
sample,65536,512,fused2,19,774961
sample,65536,512,fused2,20,772729
sample,65536,512,fused2,21,775044
sample,65536,512,fused2,22,823896
sample,65536,512,fused2,23,787359
sample,65536,512,fused2,24,798341
sample,65536,512,fused2,25,798461
sample,65536,512,fused2,26,793719
sample,65536,512,fused2,27,785451
sample,65536,512,fused2,28,774211
sample,65536,512,fused2,29,774776
measured,65536,512,tile8,4194304,16777216,5,30,14,853896,899701,84d06402da633040,29115d73667dee45,none,none
sample,65536,512,tile8,0,772498
sample,65536,512,tile8,1,778229
sample,65536,512,tile8,2,763572
sample,65536,512,tile8,3,760341
sample,65536,512,tile8,4,764683
sample,65536,512,tile8,5,778026
sample,65536,512,tile8,6,792683
sample,65536,512,tile8,7,765664
sample,65536,512,tile8,8,776461
sample,65536,512,tile8,9,761090
sample,65536,512,tile8,10,810201
sample,65536,512,tile8,11,760378
sample,65536,512,tile8,12,853896
sample,65536,512,tile8,13,872387
sample,65536,512,tile8,14,867599
sample,65536,512,tile8,15,884350
sample,65536,512,tile8,16,869211
sample,65536,512,tile8,17,849785
sample,65536,512,tile8,18,856219
sample,65536,512,tile8,19,845386
sample,65536,512,tile8,20,872397
sample,65536,512,tile8,21,858248
sample,65536,512,tile8,22,858997
sample,65536,512,tile8,23,899701
sample,65536,512,tile8,24,871878
sample,65536,512,tile8,25,880479
sample,65536,512,tile8,26,877247
sample,65536,512,tile8,27,872784
sample,65536,512,tile8,28,912747
sample,65536,512,tile8,29,861397
skipped_limit,65536,2048,vec4,16777216,67108864,NA,NA,NA,NA,NA,NA,NA,cohort_dispatch_limit,none
skipped_limit,65536,2048,fused2,16777216,67108864,NA,NA,NA,NA,NA,NA,NA,cohort_dispatch_limit,none
skipped_limit,65536,2048,tile8,16777216,67108864,NA,NA,NA,NA,NA,NA,NA,cohort_dispatch_limit,none
measured,262144,128,vec4,4194304,16777216,5,30,18,948617,1006599,603e59446e81431f,99960c282a7f4ca5,none,none
sample,262144,128,vec4,0,939156
sample,262144,128,vec4,1,937988
sample,262144,128,vec4,2,934182
sample,262144,128,vec4,3,931765
sample,262144,128,vec4,4,933359
sample,262144,128,vec4,5,960099
sample,262144,128,vec4,6,933784
sample,262144,128,vec4,7,950156
sample,262144,128,vec4,8,953506
sample,262144,128,vec4,9,953433
sample,262144,128,vec4,10,952784
sample,262144,128,vec4,11,942970
sample,262144,128,vec4,12,935969
sample,262144,128,vec4,13,945941
sample,262144,128,vec4,14,964997
sample,262144,128,vec4,15,951571
sample,262144,128,vec4,16,1297348
sample,262144,128,vec4,17,970108
sample,262144,128,vec4,18,1006599
sample,262144,128,vec4,19,945868
sample,262144,128,vec4,20,950887
sample,262144,128,vec4,21,966552
sample,262144,128,vec4,22,951793
sample,262144,128,vec4,23,942434
sample,262144,128,vec4,24,951220
sample,262144,128,vec4,25,937793
sample,262144,128,vec4,26,947043
sample,262144,128,vec4,27,948617
sample,262144,128,vec4,28,932730
sample,262144,128,vec4,29,953498
measured,262144,128,fused2,4194304,16777216,5,30,17,956914,986015,603e59446e81431f,99960c282a7f4ca5,none,none
sample,262144,128,fused2,0,956988
sample,262144,128,fused2,1,969877
sample,262144,128,fused2,2,973785
sample,262144,128,fused2,3,946145
sample,262144,128,fused2,4,936886
sample,262144,128,fused2,5,986015
sample,262144,128,fused2,6,952553
sample,262144,128,fused2,7,958978
sample,262144,128,fused2,8,946831
sample,262144,128,fused2,9,956914
sample,262144,128,fused2,10,937081
sample,262144,128,fused2,11,977636
sample,262144,128,fused2,12,938478
sample,262144,128,fused2,13,976386
sample,262144,128,fused2,14,958321
sample,262144,128,fused2,15,952469
sample,262144,128,fused2,16,984312
sample,262144,128,fused2,17,945461
sample,262144,128,fused2,18,938978
sample,262144,128,fused2,19,958960
sample,262144,128,fused2,20,966748
sample,262144,128,fused2,21,970200
sample,262144,128,fused2,22,963229
sample,262144,128,fused2,23,988321
sample,262144,128,fused2,24,949544
sample,262144,128,fused2,25,953480
sample,262144,128,fused2,26,950145
sample,262144,128,fused2,27,948858
sample,262144,128,fused2,28,943590
sample,262144,128,fused2,29,959015
measured,262144,128,tile8,4194304,16777216,5,30,16,1028858,1067321,603e59446e81431f,99960c282a7f4ca5,none,none
sample,262144,128,tile8,0,1032757
sample,262144,128,tile8,1,1029006
sample,262144,128,tile8,2,1019117
sample,262144,128,tile8,3,1018858
sample,262144,128,tile8,4,1037534
sample,262144,128,tile8,5,1014905
sample,262144,128,tile8,6,1015293
sample,262144,128,tile8,7,1032663
sample,262144,128,tile8,8,1044173
sample,262144,128,tile8,9,1037386
sample,262144,128,tile8,10,1026710
sample,262144,128,tile8,11,1025645
sample,262144,128,tile8,12,1013237
sample,262144,128,tile8,13,1058701
sample,262144,128,tile8,14,1037580
sample,262144,128,tile8,15,1027478
sample,262144,128,tile8,16,1263820
sample,262144,128,tile8,17,1032265
sample,262144,128,tile8,18,1022126
sample,262144,128,tile8,19,1028858
sample,262144,128,tile8,20,1031590
sample,262144,128,tile8,21,1026274
sample,262144,128,tile8,22,1017497
sample,262144,128,tile8,23,1030794
sample,262144,128,tile8,24,1030062
sample,262144,128,tile8,25,1022034
sample,262144,128,tile8,26,1033182
sample,262144,128,tile8,27,1067321
sample,262144,128,tile8,28,1025229
sample,262144,128,tile8,29,1024219
skipped_limit,262144,512,vec4,16777216,67108864,NA,NA,NA,NA,NA,NA,NA,cohort_dispatch_limit,none
skipped_limit,262144,512,fused2,16777216,67108864,NA,NA,NA,NA,NA,NA,NA,cohort_dispatch_limit,none
skipped_limit,262144,512,tile8,16777216,67108864,NA,NA,NA,NA,NA,NA,NA,cohort_dispatch_limit,none
skipped_limit,262144,2048,vec4,67108864,268435456,NA,NA,NA,NA,NA,NA,NA,cohort_dispatch_limit,none
skipped_limit,262144,2048,fused2,67108864,268435456,NA,NA,NA,NA,NA,NA,NA,cohort_dispatch_limit,none
skipped_limit,262144,2048,tile8,67108864,268435456,NA,NA,NA,NA,NA,NA,NA,cohort_dispatch_limit,none
skipped_limit,1048576,128,vec4,16777216,67108864,NA,NA,NA,NA,NA,NA,NA,cohort_dispatch_limit,none
skipped_limit,1048576,128,fused2,16777216,67108864,NA,NA,NA,NA,NA,NA,NA,cohort_dispatch_limit,none
skipped_limit,1048576,128,tile8,16777216,67108864,NA,NA,NA,NA,NA,NA,NA,cohort_dispatch_limit,none
skipped_limit,1048576,512,vec4,67108864,268435456,NA,NA,NA,NA,NA,NA,NA,cohort_dispatch_limit,none
skipped_limit,1048576,512,fused2,67108864,268435456,NA,NA,NA,NA,NA,NA,NA,cohort_dispatch_limit,none
skipped_limit,1048576,512,tile8,67108864,268435456,NA,NA,NA,NA,NA,NA,NA,cohort_dispatch_limit,none
skipped_limit,1048576,2048,vec4,268435456,1073741824,NA,NA,NA,NA,NA,NA,NA,cohort_dispatch_limit,none
skipped_limit,1048576,2048,fused2,268435456,1073741824,NA,NA,NA,NA,NA,NA,NA,cohort_dispatch_limit,none
skipped_limit,1048576,2048,tile8,268435456,1073741824,NA,NA,NA,NA,NA,NA,NA,cohort_dispatch_limit,none
qualification_status=complete
