benchmark=pvp3d_three_candidate_same_device
source_revision=50c0230cc645bd44f1520e2c7194878a4b13009c
adapter=NVIDIA Tegra NVIDIA Thor
backend=Vulkan
device_type=IntegratedGpu
vendor_id=4318
device_id=11008
driver=NVIDIA
driver_info=580.00
hardware_measurement_eligible=true
physical_admission=external_remoteops_evidence_required
performance_claim=none
primary_timing_scope=resident_encode_plus_queue_submit_plus_device_wait
state_reset_scope=completed_before_timer
correctness_readback_scope=before_and_after_timing
candidate_order=ABC_ACB_BAC_BCA_CAB_CBA
resident_payload_scope=source_plus_three_states_excludes_driver_uniforms_and_readback
status,k,g,candidate,state_bytes,resident_payload_bytes,warmups,repeats,logical_dispatches,p50_ns,p95_ns,input_checksum,output_checksum,skip_reason,performance_claim
measured,256,128,vec4,4096,16384,5,30,8,401184,460656,4c67926a9205d7b4,956299587c8af4b4,none,none
sample,256,128,vec4,0,232888
sample,256,128,vec4,1,228767
sample,256,128,vec4,2,229897
sample,256,128,vec4,3,242471
sample,256,128,vec4,4,293175
sample,256,128,vec4,5,304471
sample,256,128,vec4,6,390601
sample,256,128,vec4,7,388601
sample,256,128,vec4,8,394008
sample,256,128,vec4,9,396768
sample,256,128,vec4,10,405461
sample,256,128,vec4,11,399323
sample,256,128,vec4,12,408304
sample,256,128,vec4,13,391628
sample,256,128,vec4,14,411452
sample,256,128,vec4,15,426749
sample,256,128,vec4,16,395083
sample,256,128,vec4,17,399183
sample,256,128,vec4,18,401397
sample,256,128,vec4,19,432175
sample,256,128,vec4,20,401184
sample,256,128,vec4,21,410202
sample,256,128,vec4,22,415823
sample,256,128,vec4,23,421619
sample,256,128,vec4,24,422295
sample,256,128,vec4,25,428814
sample,256,128,vec4,26,460656
sample,256,128,vec4,27,426952
sample,256,128,vec4,28,504425
sample,256,128,vec4,29,428860
measured,256,128,fused2,4096,16384,5,30,7,380656,446962,4c67926a9205d7b4,956299587c8af4b4,none,none
sample,256,128,fused2,0,209879
sample,256,128,fused2,1,207667
sample,256,128,fused2,2,207287
sample,256,128,fused2,3,204814
sample,256,128,fused2,4,210360
sample,256,128,fused2,5,217184
sample,256,128,fused2,6,369259
sample,256,128,fused2,7,368684
sample,256,128,fused2,8,370230
sample,256,128,fused2,9,380656
sample,256,128,fused2,10,382999
sample,256,128,fused2,11,378203
sample,256,128,fused2,12,378814
sample,256,128,fused2,13,376295
sample,256,128,fused2,14,384851
sample,256,128,fused2,15,523684
sample,256,128,fused2,16,384406
sample,256,128,fused2,17,380638
sample,256,128,fused2,18,379231
sample,256,128,fused2,19,427590
sample,256,128,fused2,20,383962
sample,256,128,fused2,21,383397
sample,256,128,fused2,22,393812
sample,256,128,fused2,23,401758
sample,256,128,fused2,24,400888
sample,256,128,fused2,25,403166
sample,256,128,fused2,26,436202
sample,256,128,fused2,27,406870
sample,256,128,fused2,28,446962
sample,256,128,fused2,29,413008
measured,256,128,tile8,4096,16384,5,30,6,355619,404192,4c67926a9205d7b4,956299587c8af4b4,none,none
sample,256,128,tile8,0,189648
sample,256,128,tile8,1,184657
sample,256,128,tile8,2,185027
sample,256,128,tile8,3,187898
sample,256,128,tile8,4,206240
sample,256,128,tile8,5,185213
sample,256,128,tile8,6,351231
sample,256,128,tile8,7,345055
sample,256,128,tile8,8,354222
sample,256,128,tile8,9,355619
sample,256,128,tile8,10,349064
sample,256,128,tile8,11,353694
sample,256,128,tile8,12,354240
sample,256,128,tile8,13,355249
sample,256,128,tile8,14,766849
sample,256,128,tile8,15,404192
sample,256,128,tile8,16,353175
sample,256,128,tile8,17,356879
sample,256,128,tile8,18,359489
sample,256,128,tile8,19,376814
sample,256,128,tile8,20,358915
sample,256,128,tile8,21,360221
sample,256,128,tile8,22,368545
sample,256,128,tile8,23,372758
sample,256,128,tile8,24,378148
sample,256,128,tile8,25,381638
sample,256,128,tile8,26,381231
sample,256,128,tile8,27,376666
sample,256,128,tile8,28,387378
sample,256,128,tile8,29,377138
measured,256,512,vec4,16384,65536,5,30,8,501850,518729,38bbe1f688e24d78,1c8bb372f8f1302e,none,none
sample,256,512,vec4,0,456342
sample,256,512,vec4,1,457638
sample,256,512,vec4,2,462721
sample,256,512,vec4,3,456259
sample,256,512,vec4,4,459083
sample,256,512,vec4,5,477952
sample,256,512,vec4,6,461110
sample,256,512,vec4,7,470804
sample,256,512,vec4,8,498897
sample,256,512,vec4,9,488915
sample,256,512,vec4,10,501017
sample,256,512,vec4,11,494924
sample,256,512,vec4,12,495350
sample,256,512,vec4,13,504999
sample,256,512,vec4,14,501443
sample,256,512,vec4,15,501850
sample,256,512,vec4,16,502609
sample,256,512,vec4,17,515943
sample,256,512,vec4,18,518729
sample,256,512,vec4,19,517730
sample,256,512,vec4,20,512184
sample,256,512,vec4,21,521341
sample,256,512,vec4,22,504229
sample,256,512,vec4,23,504647
sample,256,512,vec4,24,511434
sample,256,512,vec4,25,502156
sample,256,512,vec4,26,515229
sample,256,512,vec4,27,515712
sample,256,512,vec4,28,513758
sample,256,512,vec4,29,513322
measured,256,512,fused2,16384,65536,5,30,7,468036,543897,38bbe1f688e24d78,1c8bb372f8f1302e,none,none
sample,256,512,fused2,0,428305
sample,256,512,fused2,1,428017
sample,256,512,fused2,2,429462
sample,256,512,fused2,3,489601
sample,256,512,fused2,4,429416
sample,256,512,fused2,5,460259
sample,256,512,fused2,6,437110
sample,256,512,fused2,7,449471
sample,256,512,fused2,8,446129
sample,256,512,fused2,9,462082
sample,256,512,fused2,10,462981
sample,256,512,fused2,11,465739
sample,256,512,fused2,12,534646
sample,256,512,fused2,13,462055
sample,256,512,fused2,14,458564
sample,256,512,fused2,15,543897
sample,256,512,fused2,16,924294
sample,256,512,fused2,17,482814
sample,256,512,fused2,18,478238
sample,256,512,fused2,19,489044
sample,256,512,fused2,20,475591
sample,256,512,fused2,21,476055
sample,256,512,fused2,22,465860
sample,256,512,fused2,23,468036
sample,256,512,fused2,24,480666
sample,256,512,fused2,25,468341
sample,256,512,fused2,26,474888
sample,256,512,fused2,27,485387
sample,256,512,fused2,28,477573
sample,256,512,fused2,29,478776
measured,256,512,tile8,16384,65536,5,30,6,433934,463647,38bbe1f688e24d78,1c8bb372f8f1302e,none,none
sample,256,512,tile8,0,402074
sample,256,512,tile8,1,399470
sample,256,512,tile8,2,400193
sample,256,512,tile8,3,399842
sample,256,512,tile8,4,399722
sample,256,512,tile8,5,436221
sample,256,512,tile8,6,406055
sample,256,512,tile8,7,416712
sample,256,512,tile8,8,423333
sample,256,512,tile8,9,425934
sample,256,512,tile8,10,422046
sample,256,512,tile8,11,430064
sample,256,512,tile8,12,463647
sample,256,512,tile8,13,424258
sample,256,512,tile8,14,454360
sample,256,512,tile8,15,433536
sample,256,512,tile8,16,439174
sample,256,512,tile8,17,470268
sample,256,512,tile8,18,442323
sample,256,512,tile8,19,443471
sample,256,512,tile8,20,440536
sample,256,512,tile8,21,445583
sample,256,512,tile8,22,442933
sample,256,512,tile8,23,438935
sample,256,512,tile8,24,431610
sample,256,512,tile8,25,433934
sample,256,512,tile8,26,448980
sample,256,512,tile8,27,449675
sample,256,512,tile8,28,446304
sample,256,512,tile8,29,446405
measured,256,2048,vec4,65536,262144,5,30,8,503499,535508,c9e538e9f9dccedd,259153fc2c7bc4e7,none,none
sample,256,2048,vec4,0,509322
sample,256,2048,vec4,1,527638
sample,256,2048,vec4,2,515156
sample,256,2048,vec4,3,535508
sample,256,2048,vec4,4,503499
sample,256,2048,vec4,5,516294
sample,256,2048,vec4,6,515628
sample,256,2048,vec4,7,526277
sample,256,2048,vec4,8,512156
sample,256,2048,vec4,9,512693
sample,256,2048,vec4,10,513915
sample,256,2048,vec4,11,508074
sample,256,2048,vec4,12,513896
sample,256,2048,vec4,13,543729
sample,256,2048,vec4,14,506703
sample,256,2048,vec4,15,502229
sample,256,2048,vec4,16,513729
sample,256,2048,vec4,17,268508
sample,256,2048,vec4,18,263721
sample,256,2048,vec4,19,261101
sample,256,2048,vec4,20,264406
sample,256,2048,vec4,21,259184
sample,256,2048,vec4,22,259129
sample,256,2048,vec4,23,261527
sample,256,2048,vec4,24,259749
sample,256,2048,vec4,25,275685
sample,256,2048,vec4,26,275591
sample,256,2048,vec4,27,275897
sample,256,2048,vec4,28,273601
sample,256,2048,vec4,29,279156
measured,256,2048,fused2,65536,262144,5,30,7,463379,481518,c9e538e9f9dccedd,259153fc2c7bc4e7,none,none
sample,256,2048,fused2,0,482045
sample,256,2048,fused2,1,481518
sample,256,2048,fused2,2,476470
sample,256,2048,fused2,3,477897
sample,256,2048,fused2,4,474573
sample,256,2048,fused2,5,471462
sample,256,2048,fused2,6,463379
sample,256,2048,fused2,7,476082
sample,256,2048,fused2,8,480194
sample,256,2048,fused2,9,477202
sample,256,2048,fused2,10,474804
sample,256,2048,fused2,11,476647
sample,256,2048,fused2,12,478137
sample,256,2048,fused2,13,474129
sample,256,2048,fused2,14,475508
sample,256,2048,fused2,15,480842
sample,256,2048,fused2,16,316739
sample,256,2048,fused2,17,269602
sample,256,2048,fused2,18,239814
sample,256,2048,fused2,19,236102
sample,256,2048,fused2,20,241195
sample,256,2048,fused2,21,234360
sample,256,2048,fused2,22,235555
sample,256,2048,fused2,23,234508
sample,256,2048,fused2,24,232805
sample,256,2048,fused2,25,248314
sample,256,2048,fused2,26,246869
sample,256,2048,fused2,27,249537
sample,256,2048,fused2,28,248258
sample,256,2048,fused2,29,274805
measured,256,2048,tile8,65536,262144,5,30,6,441175,461934,c9e538e9f9dccedd,259153fc2c7bc4e7,none,none
sample,256,2048,tile8,0,447944
sample,256,2048,tile8,1,461934
sample,256,2048,tile8,2,464888
sample,256,2048,tile8,3,445610
sample,256,2048,tile8,4,444045
sample,256,2048,tile8,5,441730
sample,256,2048,tile8,6,436554
sample,256,2048,tile8,7,441860
sample,256,2048,tile8,8,452794
sample,256,2048,tile8,9,444118
sample,256,2048,tile8,10,448591
sample,256,2048,tile8,11,447212
sample,256,2048,tile8,12,446443
sample,256,2048,tile8,13,445259
sample,256,2048,tile8,14,445480
sample,256,2048,tile8,15,450471
sample,256,2048,tile8,16,441175
sample,256,2048,tile8,17,282971
sample,256,2048,tile8,18,213730
sample,256,2048,tile8,19,215036
sample,256,2048,tile8,20,216120
sample,256,2048,tile8,21,213629
sample,256,2048,tile8,22,215269
sample,256,2048,tile8,23,212907
sample,256,2048,tile8,24,214777
sample,256,2048,tile8,25,228036
sample,256,2048,tile8,26,225184
sample,256,2048,tile8,27,224574
sample,256,2048,tile8,28,227841
sample,256,2048,tile8,29,226045
measured,1024,128,vec4,16384,65536,5,30,10,338897,459360,26abf5bddd03bbc5,79acd556594188cd,none,none
sample,1024,128,vec4,0,319879
sample,1024,128,vec4,1,459360
sample,1024,128,vec4,2,324101
sample,1024,128,vec4,3,320351
sample,1024,128,vec4,4,318036
sample,1024,128,vec4,5,317731
sample,1024,128,vec4,6,320110
sample,1024,128,vec4,7,342276
sample,1024,128,vec4,8,330638
sample,1024,128,vec4,9,333083
sample,1024,128,vec4,10,329897
sample,1024,128,vec4,11,326082
sample,1024,128,vec4,12,329369
sample,1024,128,vec4,13,332860
sample,1024,128,vec4,14,331203
sample,1024,128,vec4,15,338897
sample,1024,128,vec4,16,352536
sample,1024,128,vec4,17,346527
sample,1024,128,vec4,18,525916
sample,1024,128,vec4,19,321314
sample,1024,128,vec4,20,441657
sample,1024,128,vec4,21,365620
sample,1024,128,vec4,22,352286
sample,1024,128,vec4,23,353990
sample,1024,128,vec4,24,352027
sample,1024,128,vec4,25,352499
sample,1024,128,vec4,26,348369
sample,1024,128,vec4,27,348795
sample,1024,128,vec4,28,375628
sample,1024,128,vec4,29,383888
measured,1024,128,fused2,16384,65536,5,30,9,305471,381517,26abf5bddd03bbc5,79acd556594188cd,none,none
sample,1024,128,fused2,0,295341
sample,1024,128,fused2,1,330786
sample,1024,128,fused2,2,299693
sample,1024,128,fused2,3,295101
sample,1024,128,fused2,4,292601
sample,1024,128,fused2,5,290073
sample,1024,128,fused2,6,305471
sample,1024,128,fused2,7,304120
sample,1024,128,fused2,8,305332
sample,1024,128,fused2,9,305073
sample,1024,128,fused2,10,303656
sample,1024,128,fused2,11,301323
sample,1024,128,fused2,12,303110
sample,1024,128,fused2,13,302278
sample,1024,128,fused2,14,302842
sample,1024,128,fused2,15,314064
sample,1024,128,fused2,16,317313
sample,1024,128,fused2,17,310583
sample,1024,128,fused2,18,322860
sample,1024,128,fused2,19,304388
sample,1024,128,fused2,20,382665
sample,1024,128,fused2,21,381517
sample,1024,128,fused2,22,323388
sample,1024,128,fused2,23,327425
sample,1024,128,fused2,24,322656
sample,1024,128,fused2,25,323222
sample,1024,128,fused2,26,320666
sample,1024,128,fused2,27,320499
sample,1024,128,fused2,28,352694
sample,1024,128,fused2,29,354267
measured,1024,128,tile8,16384,65536,5,30,8,277369,392101,26abf5bddd03bbc5,79acd556594188cd,none,none
sample,1024,128,tile8,0,263952
sample,1024,128,tile8,1,392101
sample,1024,128,tile8,2,270286
sample,1024,128,tile8,3,266249
sample,1024,128,tile8,4,266305
sample,1024,128,tile8,5,262897
sample,1024,128,tile8,6,277267
sample,1024,128,tile8,7,276204
sample,1024,128,tile8,8,277369
sample,1024,128,tile8,9,274527
sample,1024,128,tile8,10,273860
sample,1024,128,tile8,11,275082
sample,1024,128,tile8,12,274009
sample,1024,128,tile8,13,274620
sample,1024,128,tile8,14,325628
sample,1024,128,tile8,15,332878
sample,1024,128,tile8,16,279369
sample,1024,128,tile8,17,278360
sample,1024,128,tile8,18,275378
sample,1024,128,tile8,19,255860
sample,1024,128,tile8,20,455905
sample,1024,128,tile8,21,302582
sample,1024,128,tile8,22,304194
sample,1024,128,tile8,23,291887
sample,1024,128,tile8,24,302666
sample,1024,128,tile8,25,290277
sample,1024,128,tile8,26,290814
sample,1024,128,tile8,27,288832
sample,1024,128,tile8,28,290444
sample,1024,128,tile8,29,316471
measured,1024,512,vec4,65536,262144,5,30,10,294573,420796,0949b62ffc70d026,7663f0c9d3466943,none,none
sample,1024,512,vec4,0,293971
sample,1024,512,vec4,1,288611
sample,1024,512,vec4,2,279573
sample,1024,512,vec4,3,288092
sample,1024,512,vec4,4,294573
sample,1024,512,vec4,5,292935
sample,1024,512,vec4,6,286305
sample,1024,512,vec4,7,291167
sample,1024,512,vec4,8,284101
sample,1024,512,vec4,9,289323
sample,1024,512,vec4,10,288694
sample,1024,512,vec4,11,289583
sample,1024,512,vec4,12,290204
sample,1024,512,vec4,13,287360
sample,1024,512,vec4,14,297962
sample,1024,512,vec4,15,297249
sample,1024,512,vec4,16,420796
sample,1024,512,vec4,17,333082
sample,1024,512,vec4,18,730128
sample,1024,512,vec4,19,369082
sample,1024,512,vec4,20,296184
sample,1024,512,vec4,21,308564
sample,1024,512,vec4,22,298573
sample,1024,512,vec4,23,297759
sample,1024,512,vec4,24,293295
sample,1024,512,vec4,25,313592
sample,1024,512,vec4,26,298656
sample,1024,512,vec4,27,299166
sample,1024,512,vec4,28,305239
sample,1024,512,vec4,29,302017
measured,1024,512,fused2,65536,262144,5,30,9,269009,327083,0949b62ffc70d026,7663f0c9d3466943,none,none
sample,1024,512,fused2,0,258490
sample,1024,512,fused2,1,256481
sample,1024,512,fused2,2,253554
sample,1024,512,fused2,3,268545
sample,1024,512,fused2,4,271518
sample,1024,512,fused2,5,268305
sample,1024,512,fused2,6,262370
sample,1024,512,fused2,7,267556
sample,1024,512,fused2,8,260110
sample,1024,512,fused2,9,268906
sample,1024,512,fused2,10,264369
sample,1024,512,fused2,11,269009
sample,1024,512,fused2,12,264972
sample,1024,512,fused2,13,266999
sample,1024,512,fused2,14,269286
sample,1024,512,fused2,15,268600
sample,1024,512,fused2,16,283129
sample,1024,512,fused2,17,255471
sample,1024,512,fused2,18,435258
sample,1024,512,fused2,19,327083
sample,1024,512,fused2,20,269342
sample,1024,512,fused2,21,271194
sample,1024,512,fused2,22,269351
sample,1024,512,fused2,23,269916
sample,1024,512,fused2,24,270656
sample,1024,512,fused2,25,284147
sample,1024,512,fused2,26,273592
sample,1024,512,fused2,27,275842
sample,1024,512,fused2,28,277249
sample,1024,512,fused2,29,278046
measured,1024,512,tile8,65536,262144,5,30,8,251832,308351,0949b62ffc70d026,7663f0c9d3466943,none,none
sample,1024,512,tile8,0,239805
sample,1024,512,tile8,1,239703
sample,1024,512,tile8,2,236637
sample,1024,512,tile8,3,247063
sample,1024,512,tile8,4,308351
sample,1024,512,tile8,5,247119
sample,1024,512,tile8,6,244899
sample,1024,512,tile8,7,253075
sample,1024,512,tile8,8,245592
sample,1024,512,tile8,9,254323
sample,1024,512,tile8,10,246934
sample,1024,512,tile8,11,251731
sample,1024,512,tile8,12,246582
sample,1024,512,tile8,13,251832
sample,1024,512,tile8,14,251231
sample,1024,512,tile8,15,278240
sample,1024,512,tile8,16,247416
sample,1024,512,tile8,17,241841
sample,1024,512,tile8,18,316120
sample,1024,512,tile8,19,304639
sample,1024,512,tile8,20,283232
sample,1024,512,tile8,21,257546
sample,1024,512,tile8,22,250999
sample,1024,512,tile8,23,253258
sample,1024,512,tile8,24,279406
sample,1024,512,tile8,25,277962
sample,1024,512,tile8,26,258490
sample,1024,512,tile8,27,253508
sample,1024,512,tile8,28,263629
sample,1024,512,tile8,29,256869
measured,1024,2048,vec4,262144,1048576,5,30,10,416082,426749,2d4a1c573b9665e7,d32c613321b43c7f,none,none
sample,1024,2048,vec4,0,367777
sample,1024,2048,vec4,1,370480
sample,1024,2048,vec4,2,381397
sample,1024,2048,vec4,3,382804
sample,1024,2048,vec4,4,366110
sample,1024,2048,vec4,5,400388
sample,1024,2048,vec4,6,397129
sample,1024,2048,vec4,7,396749
sample,1024,2048,vec4,8,415656
sample,1024,2048,vec4,9,421230
sample,1024,2048,vec4,10,415970
sample,1024,2048,vec4,11,420027
sample,1024,2048,vec4,12,417249
sample,1024,2048,vec4,13,415869
sample,1024,2048,vec4,14,425323
sample,1024,2048,vec4,15,416656
sample,1024,2048,vec4,16,421425
sample,1024,2048,vec4,17,415073
sample,1024,2048,vec4,18,421574
sample,1024,2048,vec4,19,420537
sample,1024,2048,vec4,20,416082
sample,1024,2048,vec4,21,437962
sample,1024,2048,vec4,22,423897
sample,1024,2048,vec4,23,412951
sample,1024,2048,vec4,24,414981
sample,1024,2048,vec4,25,421138
sample,1024,2048,vec4,26,419980
sample,1024,2048,vec4,27,421563
sample,1024,2048,vec4,28,426749
sample,1024,2048,vec4,29,422564
measured,1024,2048,fused2,262144,1048576,5,30,9,383027,393277,2d4a1c573b9665e7,d32c613321b43c7f,none,none
sample,1024,2048,fused2,0,341546
sample,1024,2048,fused2,1,338619
sample,1024,2048,fused2,2,338999
sample,1024,2048,fused2,3,341240
sample,1024,2048,fused2,4,345934
sample,1024,2048,fused2,5,366119
sample,1024,2048,fused2,6,366499
sample,1024,2048,fused2,7,362499
sample,1024,2048,fused2,8,365777
sample,1024,2048,fused2,9,385731
sample,1024,2048,fused2,10,384073
sample,1024,2048,fused2,11,387480
sample,1024,2048,fused2,12,385323
sample,1024,2048,fused2,13,383304
sample,1024,2048,fused2,14,405295
sample,1024,2048,fused2,15,383767
sample,1024,2048,fused2,16,383341
sample,1024,2048,fused2,17,386934
sample,1024,2048,fused2,18,382378
sample,1024,2048,fused2,19,392860
sample,1024,2048,fused2,20,380638
sample,1024,2048,fused2,21,384268
sample,1024,2048,fused2,22,393277
sample,1024,2048,fused2,23,382943
sample,1024,2048,fused2,24,379684
sample,1024,2048,fused2,25,385749
sample,1024,2048,fused2,26,379907
sample,1024,2048,fused2,27,387629
sample,1024,2048,fused2,28,388629
sample,1024,2048,fused2,29,383027
measured,1024,2048,tile8,262144,1048576,5,30,8,363184,392545,2d4a1c573b9665e7,d32c613321b43c7f,none,none
sample,1024,2048,tile8,0,330434
sample,1024,2048,tile8,1,325129
sample,1024,2048,tile8,2,326981
sample,1024,2048,tile8,3,359989
sample,1024,2048,tile8,4,377249
sample,1024,2048,tile8,5,337573
sample,1024,2048,tile8,6,351481
sample,1024,2048,tile8,7,346860
sample,1024,2048,tile8,8,361545
sample,1024,2048,tile8,9,365064
sample,1024,2048,tile8,10,363120
sample,1024,2048,tile8,11,363184
sample,1024,2048,tile8,12,366009
sample,1024,2048,tile8,13,361990
sample,1024,2048,tile8,14,362962
sample,1024,2048,tile8,15,363110
sample,1024,2048,tile8,16,363777
sample,1024,2048,tile8,17,412156
sample,1024,2048,tile8,18,358795
sample,1024,2048,tile8,19,366221
sample,1024,2048,tile8,20,366138
sample,1024,2048,tile8,21,392545
sample,1024,2048,tile8,22,362193
sample,1024,2048,tile8,23,365443
sample,1024,2048,tile8,24,368953
sample,1024,2048,tile8,25,363286
sample,1024,2048,tile8,26,366462
sample,1024,2048,tile8,27,365647
sample,1024,2048,tile8,28,364138
sample,1024,2048,tile8,29,364619
measured,4096,128,vec4,65536,262144,5,30,12,487221,514721,d878e557b6daedce,8cc85ceb09c8efed,none,none
sample,4096,128,vec4,0,485878
sample,4096,128,vec4,1,490998
sample,4096,128,vec4,2,494359
sample,4096,128,vec4,3,492063
sample,4096,128,vec4,4,486981
sample,4096,128,vec4,5,489490
sample,4096,128,vec4,6,537619
sample,4096,128,vec4,7,487221
sample,4096,128,vec4,8,481072
sample,4096,128,vec4,9,486211
sample,4096,128,vec4,10,479017
sample,4096,128,vec4,11,481721
sample,4096,128,vec4,12,487498
sample,4096,128,vec4,13,486267
sample,4096,128,vec4,14,488147
sample,4096,128,vec4,15,492388
sample,4096,128,vec4,16,491351
sample,4096,128,vec4,17,486832
sample,4096,128,vec4,18,486212
sample,4096,128,vec4,19,500952
sample,4096,128,vec4,20,479249
sample,4096,128,vec4,21,514721
sample,4096,128,vec4,22,505388
sample,4096,128,vec4,23,486638
sample,4096,128,vec4,24,477165
sample,4096,128,vec4,25,487508
sample,4096,128,vec4,26,495396
sample,4096,128,vec4,27,487368
sample,4096,128,vec4,28,486942
sample,4096,128,vec4,29,486795
measured,4096,128,fused2,65536,262144,5,30,11,453044,504285,d878e557b6daedce,8cc85ceb09c8efed,none,none
sample,4096,128,fused2,0,457961
sample,4096,128,fused2,1,454692
sample,4096,128,fused2,2,456415
sample,4096,128,fused2,3,458277
sample,4096,128,fused2,4,454952
sample,4096,128,fused2,5,451767
sample,4096,128,fused2,6,509581
sample,4096,128,fused2,7,454229
sample,4096,128,fused2,8,449499
sample,4096,128,fused2,9,504285
sample,4096,128,fused2,10,448305
sample,4096,128,fused2,11,449721
sample,4096,128,fused2,12,454915
sample,4096,128,fused2,13,464906
sample,4096,128,fused2,14,452433
sample,4096,128,fused2,15,465120
sample,4096,128,fused2,16,452434
sample,4096,128,fused2,17,454248
sample,4096,128,fused2,18,453044
sample,4096,128,fused2,19,451684
sample,4096,128,fused2,20,446017
sample,4096,128,fused2,21,449767
sample,4096,128,fused2,22,459387
sample,4096,128,fused2,23,445591
sample,4096,128,fused2,24,449489
sample,4096,128,fused2,25,448574
sample,4096,128,fused2,26,449731
sample,4096,128,fused2,27,453710
sample,4096,128,fused2,28,455592
sample,4096,128,fused2,29,452981
measured,4096,128,tile8,65536,262144,5,30,10,422544,433989,d878e557b6daedce,8cc85ceb09c8efed,none,none
sample,4096,128,tile8,0,430360
sample,4096,128,tile8,1,419749
sample,4096,128,tile8,2,421406
sample,4096,128,tile8,3,419869
sample,4096,128,tile8,4,422416
sample,4096,128,tile8,5,423629
sample,4096,128,tile8,6,423017
sample,4096,128,tile8,7,419703
sample,4096,128,tile8,8,420120
sample,4096,128,tile8,9,424693
sample,4096,128,tile8,10,419870
sample,4096,128,tile8,11,433989
sample,4096,128,tile8,12,422544
sample,4096,128,tile8,13,423082
sample,4096,128,tile8,14,420813
sample,4096,128,tile8,15,423775
sample,4096,128,tile8,16,422952
sample,4096,128,tile8,17,425323
sample,4096,128,tile8,18,490610
sample,4096,128,tile8,19,420657
sample,4096,128,tile8,20,416637
sample,4096,128,tile8,21,428342
sample,4096,128,tile8,22,429748
sample,4096,128,tile8,23,418129
sample,4096,128,tile8,24,422257
sample,4096,128,tile8,25,423379
sample,4096,128,tile8,26,429425
sample,4096,128,tile8,27,418814
sample,4096,128,tile8,28,426611
sample,4096,128,tile8,29,421592
measured,4096,512,vec4,262144,1048576,5,30,12,494351,513156,07e875993970433c,207dceeda1be3f5b,none,none
sample,4096,512,vec4,0,495192
sample,4096,512,vec4,1,495980
sample,4096,512,vec4,2,493989
sample,4096,512,vec4,3,513156
sample,4096,512,vec4,4,495591
sample,4096,512,vec4,5,490479
sample,4096,512,vec4,6,522443
sample,4096,512,vec4,7,489925
sample,4096,512,vec4,8,490100
sample,4096,512,vec4,9,491712
sample,4096,512,vec4,10,485768
sample,4096,512,vec4,11,488192
sample,4096,512,vec4,12,496870
sample,4096,512,vec4,13,511313
sample,4096,512,vec4,14,491100
sample,4096,512,vec4,15,497433
sample,4096,512,vec4,16,494574
sample,4096,512,vec4,17,494073
sample,4096,512,vec4,18,494351
sample,4096,512,vec4,19,492870
sample,4096,512,vec4,20,486518
sample,4096,512,vec4,21,484721
sample,4096,512,vec4,22,487100
sample,4096,512,vec4,23,494952
sample,4096,512,vec4,24,496127
sample,4096,512,vec4,25,496712
sample,4096,512,vec4,26,494525
sample,4096,512,vec4,27,497628
sample,4096,512,vec4,28,499859
sample,4096,512,vec4,29,492988
measured,4096,512,fused2,262144,1048576,5,30,11,461860,471221,07e875993970433c,207dceeda1be3f5b,none,none
sample,4096,512,fused2,0,463194
sample,4096,512,fused2,1,465027
sample,4096,512,fused2,2,462730
sample,4096,512,fused2,3,466693
sample,4096,512,fused2,4,463499
sample,4096,512,fused2,5,460147
sample,4096,512,fused2,6,470647
sample,4096,512,fused2,7,452370
sample,4096,512,fused2,8,451360
sample,4096,512,fused2,9,485507
sample,4096,512,fused2,10,450045
sample,4096,512,fused2,11,453777
sample,4096,512,fused2,12,465536
sample,4096,512,fused2,13,463999
sample,4096,512,fused2,14,464786
sample,4096,512,fused2,15,461017
sample,4096,512,fused2,16,459165
sample,4096,512,fused2,17,459868
sample,4096,512,fused2,18,470748
sample,4096,512,fused2,19,454675
sample,4096,512,fused2,20,453313
sample,4096,512,fused2,21,459916
sample,4096,512,fused2,22,457786
sample,4096,512,fused2,23,471221
sample,4096,512,fused2,24,462110
sample,4096,512,fused2,25,468155
sample,4096,512,fused2,26,461350
sample,4096,512,fused2,27,459369
sample,4096,512,fused2,28,462906
sample,4096,512,fused2,29,461860
measured,4096,512,tile8,262144,1048576,5,30,10,442332,459656,07e875993970433c,207dceeda1be3f5b,none,none
sample,4096,512,tile8,0,442332
sample,4096,512,tile8,1,444276
sample,4096,512,tile8,2,442147
sample,4096,512,tile8,3,445128
sample,4096,512,tile8,4,444247
sample,4096,512,tile8,5,442406
sample,4096,512,tile8,6,472684
sample,4096,512,tile8,7,434795
sample,4096,512,tile8,8,438934
sample,4096,512,tile8,9,439693
sample,4096,512,tile8,10,439461
sample,4096,512,tile8,11,448370
sample,4096,512,tile8,12,443711
sample,4096,512,tile8,13,459656
sample,4096,512,tile8,14,444008
sample,4096,512,tile8,15,444573
sample,4096,512,tile8,16,443610
sample,4096,512,tile8,17,440434
sample,4096,512,tile8,18,442332
sample,4096,512,tile8,19,437507
sample,4096,512,tile8,20,437999
sample,4096,512,tile8,21,440629
sample,4096,512,tile8,22,438944
sample,4096,512,tile8,23,438525
sample,4096,512,tile8,24,444822
sample,4096,512,tile8,25,443471
sample,4096,512,tile8,26,441221
sample,4096,512,tile8,27,440109
sample,4096,512,tile8,28,443489
sample,4096,512,tile8,29,441137
measured,4096,2048,vec4,1048576,4194304,5,30,12,551627,569970,4143a88e49ed614b,e0842ad8f72c0c9f,none,none
sample,4096,2048,vec4,0,548785
sample,4096,2048,vec4,1,553989
sample,4096,2048,vec4,2,553091
sample,4096,2048,vec4,3,552776
sample,4096,2048,vec4,4,549581
sample,4096,2048,vec4,5,556934
sample,4096,2048,vec4,6,555721
sample,4096,2048,vec4,7,562794
sample,4096,2048,vec4,8,547118
sample,4096,2048,vec4,9,553998
sample,4096,2048,vec4,10,552248
sample,4096,2048,vec4,11,550767
sample,4096,2048,vec4,12,538202
sample,4096,2048,vec4,13,550795
sample,4096,2048,vec4,14,643443
sample,4096,2048,vec4,15,549822
sample,4096,2048,vec4,16,551489
sample,4096,2048,vec4,17,560229
sample,4096,2048,vec4,18,551545
sample,4096,2048,vec4,19,551627
sample,4096,2048,vec4,20,553833
sample,4096,2048,vec4,21,569970
sample,4096,2048,vec4,22,548082
sample,4096,2048,vec4,23,551146
sample,4096,2048,vec4,24,550609
sample,4096,2048,vec4,25,547601
sample,4096,2048,vec4,26,551443
sample,4096,2048,vec4,27,554184
sample,4096,2048,vec4,28,559573
sample,4096,2048,vec4,29,554471
measured,4096,2048,fused2,1048576,4194304,5,30,11,512970,536434,4143a88e49ed614b,e0842ad8f72c0c9f,none,none
sample,4096,2048,fused2,0,510961
sample,4096,2048,fused2,1,511018
sample,4096,2048,fused2,2,510749
sample,4096,2048,fused2,3,515665
sample,4096,2048,fused2,4,512961
sample,4096,2048,fused2,5,512970
sample,4096,2048,fused2,6,516379
sample,4096,2048,fused2,7,510350
sample,4096,2048,fused2,8,508989
sample,4096,2048,fused2,9,519897
sample,4096,2048,fused2,10,515452
sample,4096,2048,fused2,11,509361
sample,4096,2048,fused2,12,510081
sample,4096,2048,fused2,13,506638
sample,4096,2048,fused2,14,513777
sample,4096,2048,fused2,15,525766
sample,4096,2048,fused2,16,541814
sample,4096,2048,fused2,17,536434
sample,4096,2048,fused2,18,511359
sample,4096,2048,fused2,19,520989
sample,4096,2048,fused2,20,509129
sample,4096,2048,fused2,21,511063
sample,4096,2048,fused2,22,515202
sample,4096,2048,fused2,23,505035
sample,4096,2048,fused2,24,513378
sample,4096,2048,fused2,25,524314
sample,4096,2048,fused2,26,512971
sample,4096,2048,fused2,27,510776
sample,4096,2048,fused2,28,515053
sample,4096,2048,fused2,29,517489
measured,4096,2048,tile8,1048576,4194304,5,30,10,539498,554970,4143a88e49ed614b,e0842ad8f72c0c9f,none,none
sample,4096,2048,tile8,0,539498
sample,4096,2048,tile8,1,541313
sample,4096,2048,tile8,2,537164
sample,4096,2048,tile8,3,534925
sample,4096,2048,tile8,4,540731
sample,4096,2048,tile8,5,542600
sample,4096,2048,tile8,6,538860
sample,4096,2048,tile8,7,552906
sample,4096,2048,tile8,8,537489
sample,4096,2048,tile8,9,538259
sample,4096,2048,tile8,10,535258
sample,4096,2048,tile8,11,546981
sample,4096,2048,tile8,12,536748
sample,4096,2048,tile8,13,551183
sample,4096,2048,tile8,14,556841
sample,4096,2048,tile8,15,543933
sample,4096,2048,tile8,16,538535
sample,4096,2048,tile8,17,549360
sample,4096,2048,tile8,18,533017
sample,4096,2048,tile8,19,554970
sample,4096,2048,tile8,20,537693
sample,4096,2048,tile8,21,544961
sample,4096,2048,tile8,22,541692
sample,4096,2048,tile8,23,534369
sample,4096,2048,tile8,24,542026
sample,4096,2048,tile8,25,545907
sample,4096,2048,tile8,26,536137
sample,4096,2048,tile8,27,542285
sample,4096,2048,tile8,28,538823
sample,4096,2048,tile8,29,537655
measured,16384,128,vec4,262144,1048576,5,30,14,569026,580731,318e48fc80dadb1f,a09bc0e13ecf9bf8,none,none
sample,16384,128,vec4,0,572499
sample,16384,128,vec4,1,565610
sample,16384,128,vec4,2,560164
sample,16384,128,vec4,3,579655
sample,16384,128,vec4,4,569619
sample,16384,128,vec4,5,571220
sample,16384,128,vec4,6,572007
sample,16384,128,vec4,7,571192
sample,16384,128,vec4,8,577203
sample,16384,128,vec4,9,564562
sample,16384,128,vec4,10,573434
sample,16384,128,vec4,11,565581
sample,16384,128,vec4,12,570609
sample,16384,128,vec4,13,575684
sample,16384,128,vec4,14,570831
sample,16384,128,vec4,15,605045
sample,16384,128,vec4,16,573822
sample,16384,128,vec4,17,558693
sample,16384,128,vec4,18,562082
sample,16384,128,vec4,19,563943
sample,16384,128,vec4,20,559100
sample,16384,128,vec4,21,573896
sample,16384,128,vec4,22,569026
sample,16384,128,vec4,23,561498
sample,16384,128,vec4,24,564730
sample,16384,128,vec4,25,580731
sample,16384,128,vec4,26,562536
sample,16384,128,vec4,27,567016
sample,16384,128,vec4,28,559082
sample,16384,128,vec4,29,454740
measured,16384,128,fused2,262144,1048576,5,30,13,536804,554832,318e48fc80dadb1f,a09bc0e13ecf9bf8,none,none
sample,16384,128,fused2,0,536804
sample,16384,128,fused2,1,532387
sample,16384,128,fused2,2,529720
sample,16384,128,fused2,3,530453
sample,16384,128,fused2,4,537462
sample,16384,128,fused2,5,539109
sample,16384,128,fused2,6,537785
sample,16384,128,fused2,7,538221
sample,16384,128,fused2,8,554832
sample,16384,128,fused2,9,534312
sample,16384,128,fused2,10,538370
sample,16384,128,fused2,11,532211
sample,16384,128,fused2,12,560832
sample,16384,128,fused2,13,537999
sample,16384,128,fused2,14,540425
sample,16384,128,fused2,15,539581
sample,16384,128,fused2,16,537729
sample,16384,128,fused2,17,526073
sample,16384,128,fused2,18,528989
sample,16384,128,fused2,19,530193
sample,16384,128,fused2,20,530943
sample,16384,128,fused2,21,548407
sample,16384,128,fused2,22,530360
sample,16384,128,fused2,23,535785
sample,16384,128,fused2,24,538155
sample,16384,128,fused2,25,539156
sample,16384,128,fused2,26,526924
sample,16384,128,fused2,27,533276
sample,16384,128,fused2,28,541081
sample,16384,128,fused2,29,427768
measured,16384,128,tile8,262144,1048576,5,30,12,511785,521044,318e48fc80dadb1f,a09bc0e13ecf9bf8,none,none
sample,16384,128,tile8,0,513128
sample,16384,128,tile8,1,516416
sample,16384,128,tile8,2,513452
sample,16384,128,tile8,3,501294
sample,16384,128,tile8,4,512359
sample,16384,128,tile8,5,513101
sample,16384,128,tile8,6,509184
sample,16384,128,tile8,7,514405
sample,16384,128,tile8,8,514990
sample,16384,128,tile8,9,510628
sample,16384,128,tile8,10,513166
sample,16384,128,tile8,11,509711
sample,16384,128,tile8,12,514730
sample,16384,128,tile8,13,514600
sample,16384,128,tile8,14,517581
sample,16384,128,tile8,15,509119
sample,16384,128,tile8,16,513832
sample,16384,128,tile8,17,508526
sample,16384,128,tile8,18,511368
sample,16384,128,tile8,19,510980
sample,16384,128,tile8,20,527369
sample,16384,128,tile8,21,517757
sample,16384,128,tile8,22,510980
sample,16384,128,tile8,23,510175
sample,16384,128,tile8,24,508888
sample,16384,128,tile8,25,508851
sample,16384,128,tile8,26,511388
sample,16384,128,tile8,27,511785
sample,16384,128,tile8,28,508221
sample,16384,128,tile8,29,521044
measured,16384,512,vec4,1048576,4194304,5,30,14,572785,637988,08b87a1ca99fa7b8,cc66b7b8fae87df4,none,none
sample,16384,512,vec4,0,581833
sample,16384,512,vec4,1,678137
sample,16384,512,vec4,2,572785
sample,16384,512,vec4,3,570953
sample,16384,512,vec4,4,565990
sample,16384,512,vec4,5,558989
sample,16384,512,vec4,6,572859
sample,16384,512,vec4,7,578073
sample,16384,512,vec4,8,575749
sample,16384,512,vec4,9,600054
sample,16384,512,vec4,10,532637
sample,16384,512,vec4,11,586785
sample,16384,512,vec4,12,579998
sample,16384,512,vec4,13,598526
sample,16384,512,vec4,14,633924
sample,16384,512,vec4,15,637988
sample,16384,512,vec4,16,637776
sample,16384,512,vec4,17,631729
sample,16384,512,vec4,18,633887
sample,16384,512,vec4,19,634609
sample,16384,512,vec4,20,522239
sample,16384,512,vec4,21,468443
sample,16384,512,vec4,22,460618
sample,16384,512,vec4,23,463739
sample,16384,512,vec4,24,462110
sample,16384,512,vec4,25,482286
sample,16384,512,vec4,26,468285
sample,16384,512,vec4,27,471518
sample,16384,512,vec4,28,481840
sample,16384,512,vec4,29,482231
measured,16384,512,fused2,1048576,4194304,5,30,13,545721,609174,08b87a1ca99fa7b8,cc66b7b8fae87df4,none,none
sample,16384,512,fused2,0,542490
sample,16384,512,fused2,1,552396
sample,16384,512,fused2,2,539165
sample,16384,512,fused2,3,533257
sample,16384,512,fused2,4,545721
sample,16384,512,fused2,5,532313
sample,16384,512,fused2,6,547063
sample,16384,512,fused2,7,537444
sample,16384,512,fused2,8,541600
sample,16384,512,fused2,9,611407
sample,16384,512,fused2,10,570470
sample,16384,512,fused2,11,548341
sample,16384,512,fused2,12,545943
sample,16384,512,fused2,13,557609
sample,16384,512,fused2,14,604322
sample,16384,512,fused2,15,596127
sample,16384,512,fused2,16,606989
sample,16384,512,fused2,17,594998
sample,16384,512,fused2,18,601461
sample,16384,512,fused2,19,609174
sample,16384,512,fused2,20,602016
sample,16384,512,fused2,21,601572
sample,16384,512,fused2,22,427601
sample,16384,512,fused2,23,439462
sample,16384,512,fused2,24,432314
sample,16384,512,fused2,25,441341
sample,16384,512,fused2,26,435712
sample,16384,512,fused2,27,440609
sample,16384,512,fused2,28,451916
sample,16384,512,fused2,29,455777
measured,16384,512,tile8,1048576,4194304,5,30,12,568583,839090,08b87a1ca99fa7b8,cc66b7b8fae87df4,none,none
sample,16384,512,tile8,0,946470
sample,16384,512,tile8,1,589878
sample,16384,512,tile8,2,571396
sample,16384,512,tile8,3,561536
sample,16384,512,tile8,4,557379
sample,16384,512,tile8,5,562758
sample,16384,512,tile8,6,568583
sample,16384,512,tile8,7,573268
sample,16384,512,tile8,8,576369
sample,16384,512,tile8,9,839090
sample,16384,512,tile8,10,541758
sample,16384,512,tile8,11,584729
sample,16384,512,tile8,12,583016
sample,16384,512,tile8,13,579063
sample,16384,512,tile8,14,622516
sample,16384,512,tile8,15,628081
sample,16384,512,tile8,16,621443
sample,16384,512,tile8,17,623498
sample,16384,512,tile8,18,619730
sample,16384,512,tile8,19,618915
sample,16384,512,tile8,20,557831
sample,16384,512,tile8,21,493989
sample,16384,512,tile8,22,467869
sample,16384,512,tile8,23,462878
sample,16384,512,tile8,24,487341
sample,16384,512,tile8,25,474424
sample,16384,512,tile8,26,477296
sample,16384,512,tile8,27,478212
sample,16384,512,tile8,28,489035
sample,16384,512,tile8,29,477914
measured,16384,2048,vec4,4194304,16777216,5,30,14,839868,885414,6be3b72c15a212b9,3199380bd5011e6c,none,none
sample,16384,2048,vec4,0,835443
sample,16384,2048,vec4,1,833128
sample,16384,2048,vec4,2,838775
sample,16384,2048,vec4,3,842980
sample,16384,2048,vec4,4,841267
sample,16384,2048,vec4,5,841960
sample,16384,2048,vec4,6,841756
sample,16384,2048,vec4,7,846128
sample,16384,2048,vec4,8,838729
sample,16384,2048,vec4,9,868479
sample,16384,2048,vec4,10,845581
sample,16384,2048,vec4,11,843202
sample,16384,2048,vec4,12,897025
sample,16384,2048,vec4,13,836007
sample,16384,2048,vec4,14,841210
sample,16384,2048,vec4,15,836479
sample,16384,2048,vec4,16,841701
sample,16384,2048,vec4,17,841257
sample,16384,2048,vec4,18,836979
sample,16384,2048,vec4,19,835220
sample,16384,2048,vec4,20,838275
sample,16384,2048,vec4,21,838998
sample,16384,2048,vec4,22,885414
sample,16384,2048,vec4,23,839868
sample,16384,2048,vec4,24,832433
sample,16384,2048,vec4,25,835332
sample,16384,2048,vec4,26,841053
sample,16384,2048,vec4,27,848886
sample,16384,2048,vec4,28,836951
sample,16384,2048,vec4,29,839479
measured,16384,2048,fused2,4194304,16777216,5,30,13,797655,838229,6be3b72c15a212b9,3199380bd5011e6c,none,none
sample,16384,2048,fused2,0,798091
sample,16384,2048,fused2,1,794719
sample,16384,2048,fused2,2,797154
sample,16384,2048,fused2,3,794887
sample,16384,2048,fused2,4,840294
sample,16384,2048,fused2,5,800923
sample,16384,2048,fused2,6,800035
sample,16384,2048,fused2,7,799256
sample,16384,2048,fused2,8,795896
sample,16384,2048,fused2,9,838229
sample,16384,2048,fused2,10,803794
sample,16384,2048,fused2,11,800082
sample,16384,2048,fused2,12,805071
sample,16384,2048,fused2,13,807719
sample,16384,2048,fused2,14,796710
sample,16384,2048,fused2,15,822757
sample,16384,2048,fused2,16,794433
sample,16384,2048,fused2,17,790414
sample,16384,2048,fused2,18,797571
sample,16384,2048,fused2,19,790266
sample,16384,2048,fused2,20,787849
sample,16384,2048,fused2,21,800627
sample,16384,2048,fused2,22,800091
sample,16384,2048,fused2,23,800987
sample,16384,2048,fused2,24,794072
sample,16384,2048,fused2,25,790803
sample,16384,2048,fused2,26,802488
sample,16384,2048,fused2,27,797248
sample,16384,2048,fused2,28,797655
sample,16384,2048,fused2,29,786626
measured,16384,2048,tile8,4194304,16777216,5,30,12,999071,1010265,6be3b72c15a212b9,3199380bd5011e6c,none,none
sample,16384,2048,tile8,0,997293
sample,16384,2048,tile8,1,1000377
sample,16384,2048,tile8,2,999284
sample,16384,2048,tile8,3,1000424
sample,16384,2048,tile8,4,994025
sample,16384,2048,tile8,5,1004062
sample,16384,2048,tile8,6,997395
sample,16384,2048,tile8,7,995210
sample,16384,2048,tile8,8,1010265
sample,16384,2048,tile8,9,1015210
sample,16384,2048,tile8,10,1008839
sample,16384,2048,tile8,11,1002663
sample,16384,2048,tile8,12,999090
sample,16384,2048,tile8,13,995497
sample,16384,2048,tile8,14,1006266
sample,16384,2048,tile8,15,999071
sample,16384,2048,tile8,16,1006516
sample,16384,2048,tile8,17,998729
sample,16384,2048,tile8,18,998960
sample,16384,2048,tile8,19,992275
sample,16384,2048,tile8,20,996386
sample,16384,2048,tile8,21,991895
sample,16384,2048,tile8,22,989182
sample,16384,2048,tile8,23,1001543
sample,16384,2048,tile8,24,997452
sample,16384,2048,tile8,25,992191
sample,16384,2048,tile8,26,1000257
sample,16384,2048,tile8,27,1003839
sample,16384,2048,tile8,28,1002923
sample,16384,2048,tile8,29,997626
measured,65536,128,vec4,1048576,4194304,5,30,16,723841,746119,9ec0db29a14c575b,4098921c6b362ecd,none,none
sample,65536,128,vec4,0,723637
sample,65536,128,vec4,1,721997
sample,65536,128,vec4,2,726693
sample,65536,128,vec4,3,746119
sample,65536,128,vec4,4,725581
sample,65536,128,vec4,5,732452
sample,65536,128,vec4,6,717998
sample,65536,128,vec4,7,719017
sample,65536,128,vec4,8,723128
sample,65536,128,vec4,9,724413
sample,65536,128,vec4,10,719007
sample,65536,128,vec4,11,723257
sample,65536,128,vec4,12,722322
sample,65536,128,vec4,13,726146
sample,65536,128,vec4,14,724887
sample,65536,128,vec4,15,723275
sample,65536,128,vec4,16,716507
sample,65536,128,vec4,17,721517
sample,65536,128,vec4,18,724498
sample,65536,128,vec4,19,721730
sample,65536,128,vec4,20,782627
sample,65536,128,vec4,21,721933
sample,65536,128,vec4,22,732878
sample,65536,128,vec4,23,725776
sample,65536,128,vec4,24,719183
sample,65536,128,vec4,25,730822
sample,65536,128,vec4,26,725998
sample,65536,128,vec4,27,724646
sample,65536,128,vec4,28,723841
sample,65536,128,vec4,29,729211
measured,65536,128,fused2,1048576,4194304,5,30,15,695877,715905,9ec0db29a14c575b,4098921c6b362ecd,none,none
sample,65536,128,fused2,0,706600
sample,65536,128,fused2,1,696193
sample,65536,128,fused2,2,715905
sample,65536,128,fused2,3,699452
sample,65536,128,fused2,4,689350
sample,65536,128,fused2,5,700571
sample,65536,128,fused2,6,695498
sample,65536,128,fused2,7,695701
sample,65536,128,fused2,8,695877
sample,65536,128,fused2,9,691118
sample,65536,128,fused2,10,689581
sample,65536,128,fused2,11,696793
sample,65536,128,fused2,12,706628
sample,65536,128,fused2,13,697192
sample,65536,128,fused2,14,688627
sample,65536,128,fused2,15,697295
sample,65536,128,fused2,16,705119
sample,65536,128,fused2,17,694562
sample,65536,128,fused2,18,754497
sample,65536,128,fused2,19,704656
sample,65536,128,fused2,20,706229
sample,65536,128,fused2,21,690627
sample,65536,128,fused2,22,696229
sample,65536,128,fused2,23,693470
sample,65536,128,fused2,24,694331
sample,65536,128,fused2,25,700211
sample,65536,128,fused2,26,692924
sample,65536,128,fused2,27,685442
sample,65536,128,fused2,28,693665
sample,65536,128,fused2,29,689970
measured,65536,128,tile8,1048576,4194304,5,30,14,707239,744406,9ec0db29a14c575b,4098921c6b362ecd,none,none
sample,65536,128,tile8,0,708804
sample,65536,128,tile8,1,707415
sample,65536,128,tile8,2,704721
sample,65536,128,tile8,3,707239
sample,65536,128,tile8,4,709294
sample,65536,128,tile8,5,703368
sample,65536,128,tile8,6,701387
sample,65536,128,tile8,7,710508
sample,65536,128,tile8,8,709054
sample,65536,128,tile8,9,698295
sample,65536,128,tile8,10,707664
sample,65536,128,tile8,11,701507
sample,65536,128,tile8,12,714813
sample,65536,128,tile8,13,705313
sample,65536,128,tile8,14,704813
sample,65536,128,tile8,15,697053
sample,65536,128,tile8,16,720646
sample,65536,128,tile8,17,709026
sample,65536,128,tile8,18,744406
sample,65536,128,tile8,19,705396
sample,65536,128,tile8,20,772238
sample,65536,128,tile8,21,715295
sample,65536,128,tile8,22,707451
sample,65536,128,tile8,23,700822
sample,65536,128,tile8,24,706062
sample,65536,128,tile8,25,704905
sample,65536,128,tile8,26,707535
sample,65536,128,tile8,27,700730
sample,65536,128,tile8,28,709665
sample,65536,128,tile8,29,704839
measured,65536,512,vec4,4194304,16777216,5,30,16,1098487,1272116,84d06402da633040,29115d73667dee45,none,none
sample,65536,512,vec4,0,945071
sample,65536,512,vec4,1,998303
sample,65536,512,vec4,2,1233635
sample,65536,512,vec4,3,1219950
sample,65536,512,vec4,4,1226692
sample,65536,512,vec4,5,1103006
sample,65536,512,vec4,6,1103136
sample,65536,512,vec4,7,1089728
sample,65536,512,vec4,8,1077274
sample,65536,512,vec4,9,1066682
sample,65536,512,vec4,10,1057229
sample,65536,512,vec4,11,1076987
sample,65536,512,vec4,12,1080673
sample,65536,512,vec4,13,1103432
sample,65536,512,vec4,14,1089792
sample,65536,512,vec4,15,1299127
sample,65536,512,vec4,16,1115312
sample,65536,512,vec4,17,1094090
sample,65536,512,vec4,18,1092553
sample,65536,512,vec4,19,1098487
sample,65536,512,vec4,20,1272116
sample,65536,512,vec4,21,1141775
sample,65536,512,vec4,22,1118653
sample,65536,512,vec4,23,1146201
sample,65536,512,vec4,24,1150905
sample,65536,512,vec4,25,1204672
sample,65536,512,vec4,26,1077200
sample,65536,512,vec4,27,1088552
sample,65536,512,vec4,28,1088376
sample,65536,512,vec4,29,1140590
measured,65536,512,fused2,4194304,16777216,5,30,15,1074173,1261144,84d06402da633040,29115d73667dee45,none,none
sample,65536,512,fused2,0,903164
sample,65536,512,fused2,1,1185450
sample,65536,512,fused2,2,1187746
sample,65536,512,fused2,3,1187904
sample,65536,512,fused2,4,1179755
sample,65536,512,fused2,5,1179321
sample,65536,512,fused2,6,1074173
sample,65536,512,fused2,7,1042303
sample,65536,512,fused2,8,1055470
sample,65536,512,fused2,9,1027886
sample,65536,512,fused2,10,1367736
sample,65536,512,fused2,11,1091580
sample,65536,512,fused2,12,1084006
sample,65536,512,fused2,13,1052775
sample,65536,512,fused2,14,1054182
sample,65536,512,fused2,15,1066173
sample,65536,512,fused2,16,1079609
sample,65536,512,fused2,17,1054534
sample,65536,512,fused2,18,1058080
sample,65536,512,fused2,19,1055979
sample,65536,512,fused2,20,1064200
sample,65536,512,fused2,21,1261144
sample,65536,512,fused2,22,1089914
sample,65536,512,fused2,23,1106581
sample,65536,512,fused2,24,1110431
sample,65536,512,fused2,25,1183969
sample,65536,512,fused2,26,1043006
sample,65536,512,fused2,27,1041691
sample,65536,512,fused2,28,1056432
sample,65536,512,fused2,29,1079043
measured,65536,512,tile8,4194304,16777216,5,30,14,1290783,1481764,84d06402da633040,29115d73667dee45,none,none
sample,65536,512,tile8,0,1096719
sample,65536,512,tile8,1,1403903
sample,65536,512,tile8,2,1364200
sample,65536,512,tile8,3,1379366
sample,65536,512,tile8,4,1384265
sample,65536,512,tile8,5,1481764
sample,65536,512,tile8,6,1277357
sample,65536,512,tile8,7,1263283
sample,65536,512,tile8,8,1256505
sample,65536,512,tile8,9,1217210
sample,65536,512,tile8,10,1243664
sample,65536,512,tile8,11,1370635
sample,65536,512,tile8,12,1296488
sample,65536,512,tile8,13,1274579
sample,65536,512,tile8,14,1274395
sample,65536,512,tile8,15,1416663
sample,65536,512,tile8,16,1349579
sample,65536,512,tile8,17,1277164
sample,65536,512,tile8,18,1275329
sample,65536,512,tile8,19,1287431
sample,65536,512,tile8,20,1613912
sample,65536,512,tile8,21,1335848
sample,65536,512,tile8,22,1304459
sample,65536,512,tile8,23,1325238
sample,65536,512,tile8,24,1337061
sample,65536,512,tile8,25,1385681
sample,65536,512,tile8,26,1278264
sample,65536,512,tile8,27,1252729
sample,65536,512,tile8,28,1264404
sample,65536,512,tile8,29,1290783
skipped_limit,65536,2048,vec4,16777216,67108864,NA,NA,NA,NA,NA,NA,NA,cohort_dispatch_limit,none
skipped_limit,65536,2048,fused2,16777216,67108864,NA,NA,NA,NA,NA,NA,NA,cohort_dispatch_limit,none
skipped_limit,65536,2048,tile8,16777216,67108864,NA,NA,NA,NA,NA,NA,NA,cohort_dispatch_limit,none

thread 'main' panicked at examples/pvp3d_three_candidate_bench.rs:155:13:
assertion `left == right` failed: PVP3d pre-timing oracle mismatch K=262144 G=128 candidate=Vec4
  left: [full vector retained losslessly as deterministic oracle plus mismatch-delta.csv; see mismatch-manifest.json]
 right: [full vector retained losslessly as deterministic oracle plus mismatch-delta.csv; see mismatch-manifest.json]
note: run with `RUST_BACKTRACE=1` environment variable to display a backtrace
