benchmark=pvp3d_three_candidate_same_device
source_revision=2fc5ad2ca4f5c27e2b1fdbb0ed328e6820e273af
explicit_map_transition=true
adapter=NVIDIA Tegra NVIDIA Thor
backend=Vulkan
device_type=IntegratedGpu
vendor_id=4318
device_id=11008
driver=NVIDIA
driver_info=580.00
hardware_measurement_eligible=true
physical_admission=external_remoteops_evidence_required
performance_claim=none
primary_timing_scope=resident_encode_plus_queue_submit_plus_device_wait
state_reset_scope=completed_before_timer
correctness_readback_scope=before_and_after_timing
candidate_order=ABC_ACB_BAC_BCA_CAB_CBA
resident_payload_scope=source_plus_three_states_excludes_driver_uniforms_and_readback
status,k,g,candidate,state_bytes,resident_payload_bytes,warmups,repeats,logical_dispatches,p50_ns,p95_ns,input_checksum,output_checksum,skip_reason,performance_claim
measured,256,128,vec4,4096,16384,5,30,8,264916,289111,4c67926a9205d7b4,956299587c8af4b4,none,none
sample,256,128,vec4,0,229064
sample,256,128,vec4,1,284990
sample,256,128,vec4,2,268943
sample,256,128,vec4,3,264805
sample,256,128,vec4,4,264916
sample,256,128,vec4,5,259175
sample,256,128,vec4,6,258036
sample,256,128,vec4,7,257999
sample,256,128,vec4,8,262499
sample,256,128,vec4,9,289111
sample,256,128,vec4,10,266073
sample,256,128,vec4,11,261102
sample,256,128,vec4,12,279269
sample,256,128,vec4,13,263953
sample,256,128,vec4,14,268962
sample,256,128,vec4,15,264888
sample,256,128,vec4,16,259943
sample,256,128,vec4,17,278685
sample,256,128,vec4,18,280184
sample,256,128,vec4,19,264703
sample,256,128,vec4,20,267981
sample,256,128,vec4,21,287027
sample,256,128,vec4,22,279647
sample,256,128,vec4,23,279036
sample,256,128,vec4,24,274304
sample,256,128,vec4,25,278925
sample,256,128,vec4,26,293258
sample,256,128,vec4,27,260981
sample,256,128,vec4,28,255934
sample,256,128,vec4,29,261556
measured,256,128,fused2,4096,16384,5,30,7,243102,503757,4c67926a9205d7b4,956299587c8af4b4,none,none
sample,256,128,fused2,0,4454726
sample,256,128,fused2,1,258462
sample,256,128,fused2,2,240721
sample,256,128,fused2,3,241490
sample,256,128,fused2,4,257036
sample,256,128,fused2,5,237092
sample,256,128,fused2,6,230971
sample,256,128,fused2,7,238471
sample,256,128,fused2,8,245869
sample,256,128,fused2,9,239509
sample,256,128,fused2,10,258962
sample,256,128,fused2,11,239787
sample,256,128,fused2,12,234750
sample,256,128,fused2,13,236712
sample,256,128,fused2,14,223684
sample,256,128,fused2,15,240101
sample,256,128,fused2,16,251934
sample,256,128,fused2,17,246667
sample,256,128,fused2,18,258193
sample,256,128,fused2,19,247888
sample,256,128,fused2,20,242175
sample,256,128,fused2,21,252295
sample,256,128,fused2,22,299712
sample,256,128,fused2,23,251583
sample,256,128,fused2,24,261860
sample,256,128,fused2,25,269878
sample,256,128,fused2,26,503757
sample,256,128,fused2,27,238564
sample,256,128,fused2,28,232045
sample,256,128,fused2,29,243102
measured,256,128,tile8,4096,16384,5,30,6,217666,253648,4c67926a9205d7b4,956299587c8af4b4,none,none
sample,256,128,tile8,0,324981
sample,256,128,tile8,1,218064
sample,256,128,tile8,2,212027
sample,256,128,tile8,3,211462
sample,256,128,tile8,4,219952
sample,256,128,tile8,5,214425
sample,256,128,tile8,6,215111
sample,256,128,tile8,7,208388
sample,256,128,tile8,8,211750
sample,256,128,tile8,9,253648
sample,256,128,tile8,10,253398
sample,256,128,tile8,11,216111
sample,256,128,tile8,12,209685
sample,256,128,tile8,13,217666
sample,256,128,tile8,14,212119
sample,256,128,tile8,15,215490
sample,256,128,tile8,16,214620
sample,256,128,tile8,17,222435
sample,256,128,tile8,18,225101
sample,256,128,tile8,19,221860
sample,256,128,tile8,20,240758
sample,256,128,tile8,21,221027
sample,256,128,tile8,22,232064
sample,256,128,tile8,23,217546
sample,256,128,tile8,24,247138
sample,256,128,tile8,25,225286
sample,256,128,tile8,26,228259
sample,256,128,tile8,27,207064
sample,256,128,tile8,28,218249
sample,256,128,tile8,29,208527
measured,256,512,vec4,16384,65536,5,30,8,309592,357851,38bbe1f688e24d78,1c8bb372f8f1302e,none,none
sample,256,512,vec4,0,289518
sample,256,512,vec4,1,305305
sample,256,512,vec4,2,289666
sample,256,512,vec4,3,349878
sample,256,512,vec4,4,297777
sample,256,512,vec4,5,331481
sample,256,512,vec4,6,320295
sample,256,512,vec4,7,325342
sample,256,512,vec4,8,309592
sample,256,512,vec4,9,294750
sample,256,512,vec4,10,314276
sample,256,512,vec4,11,311277
sample,256,512,vec4,12,315657
sample,256,512,vec4,13,308897
sample,256,512,vec4,14,312897
sample,256,512,vec4,15,301527
sample,256,512,vec4,16,309481
sample,256,512,vec4,17,317082
sample,256,512,vec4,18,309823
sample,256,512,vec4,19,357851
sample,256,512,vec4,20,408953
sample,256,512,vec4,21,315555
sample,256,512,vec4,22,318193
sample,256,512,vec4,23,295999
sample,256,512,vec4,24,305120
sample,256,512,vec4,25,301499
sample,256,512,vec4,26,317453
sample,256,512,vec4,27,303174
sample,256,512,vec4,28,295230
sample,256,512,vec4,29,295101
measured,256,512,fused2,16384,65536,5,30,7,283481,352656,38bbe1f688e24d78,1c8bb372f8f1302e,none,none
sample,256,512,fused2,0,265323
sample,256,512,fused2,1,255185
sample,256,512,fused2,2,259267
sample,256,512,fused2,3,267175
sample,256,512,fused2,4,273092
sample,256,512,fused2,5,286981
sample,256,512,fused2,6,287657
sample,256,512,fused2,7,304610
sample,256,512,fused2,8,287083
sample,256,512,fused2,9,261342
sample,256,512,fused2,10,281499
sample,256,512,fused2,11,264555
sample,256,512,fused2,12,292611
sample,256,512,fused2,13,304119
sample,256,512,fused2,14,298027
sample,256,512,fused2,15,279239
sample,256,512,fused2,16,673859
sample,256,512,fused2,17,284629
sample,256,512,fused2,18,293314
sample,256,512,fused2,19,333637
sample,256,512,fused2,20,352656
sample,256,512,fused2,21,290027
sample,256,512,fused2,22,284768
sample,256,512,fused2,23,269129
sample,256,512,fused2,24,278119
sample,256,512,fused2,25,283008
sample,256,512,fused2,26,295925
sample,256,512,fused2,27,283481
sample,256,512,fused2,28,270379
sample,256,512,fused2,29,279268
measured,256,512,tile8,16384,65536,5,30,6,252379,281546,38bbe1f688e24d78,1c8bb372f8f1302e,none,none
sample,256,512,tile8,0,234656
sample,256,512,tile8,1,227027
sample,256,512,tile8,2,275175
sample,256,512,tile8,3,226989
sample,256,512,tile8,4,253592
sample,256,512,tile8,5,243332
sample,256,512,tile8,6,274101
sample,256,512,tile8,7,267547
sample,256,512,tile8,8,245777
sample,256,512,tile8,9,235564
sample,256,512,tile8,10,240239
sample,256,512,tile8,11,244009
sample,256,512,tile8,12,256444
sample,256,512,tile8,13,260814
sample,256,512,tile8,14,265304
sample,256,512,tile8,15,241323
sample,256,512,tile8,16,252379
sample,256,512,tile8,17,275462
sample,256,512,tile8,18,281546
sample,256,512,tile8,19,269212
sample,256,512,tile8,20,264009
sample,256,512,tile8,21,261870
sample,256,512,tile8,22,243267
sample,256,512,tile8,23,246833
sample,256,512,tile8,24,249369
sample,256,512,tile8,25,334628
sample,256,512,tile8,26,264638
sample,256,512,tile8,27,248897
sample,256,512,tile8,28,243499
sample,256,512,tile8,29,259767
measured,256,2048,vec4,65536,262144,5,30,8,282832,324518,c9e538e9f9dccedd,259153fc2c7bc4e7,none,none
sample,256,2048,vec4,0,285100
sample,256,2048,vec4,1,281009
sample,256,2048,vec4,2,304453
sample,256,2048,vec4,3,317166
sample,256,2048,vec4,4,297175
sample,256,2048,vec4,5,254184
sample,256,2048,vec4,6,246416
sample,256,2048,vec4,7,295629
sample,256,2048,vec4,8,275425
sample,256,2048,vec4,9,281045
sample,256,2048,vec4,10,278481
sample,256,2048,vec4,11,296120
sample,256,2048,vec4,12,278925
sample,256,2048,vec4,13,298981
sample,256,2048,vec4,14,291592
sample,256,2048,vec4,15,256536
sample,256,2048,vec4,16,256046
sample,256,2048,vec4,17,252675
sample,256,2048,vec4,18,971090
sample,256,2048,vec4,19,256416
sample,256,2048,vec4,20,285036
sample,256,2048,vec4,21,297110
sample,256,2048,vec4,22,287990
sample,256,2048,vec4,23,291554
sample,256,2048,vec4,24,277212
sample,256,2048,vec4,25,283267
sample,256,2048,vec4,26,265323
sample,256,2048,vec4,27,282832
sample,256,2048,vec4,28,274138
sample,256,2048,vec4,29,324518
measured,256,2048,fused2,65536,262144,5,30,7,257351,289351,c9e538e9f9dccedd,259153fc2c7bc4e7,none,none
sample,256,2048,fused2,0,259887
sample,256,2048,fused2,1,269332
sample,256,2048,fused2,2,256722
sample,256,2048,fused2,3,260536
sample,256,2048,fused2,4,259064
sample,256,2048,fused2,5,228851
sample,256,2048,fused2,6,232184
sample,256,2048,fused2,7,254036
sample,256,2048,fused2,8,247240
sample,256,2048,fused2,9,279360
sample,256,2048,fused2,10,255527
sample,256,2048,fused2,11,262138
sample,256,2048,fused2,12,261055
sample,256,2048,fused2,13,264925
sample,256,2048,fused2,14,307360
sample,256,2048,fused2,15,232518
sample,256,2048,fused2,16,227314
sample,256,2048,fused2,17,228397
sample,256,2048,fused2,18,271435
sample,256,2048,fused2,19,254758
sample,256,2048,fused2,20,266832
sample,256,2048,fused2,21,289351
sample,256,2048,fused2,22,257351
sample,256,2048,fused2,23,259953
sample,256,2048,fused2,24,255240
sample,256,2048,fused2,25,256333
sample,256,2048,fused2,26,241147
sample,256,2048,fused2,27,277591
sample,256,2048,fused2,28,250202
sample,256,2048,fused2,29,265221
measured,256,2048,tile8,65536,262144,5,30,6,236120,256277,c9e538e9f9dccedd,259153fc2c7bc4e7,none,none
sample,256,2048,tile8,0,225851
sample,256,2048,tile8,1,238758
sample,256,2048,tile8,2,256277
sample,256,2048,tile8,3,242101
sample,256,2048,tile8,4,252953
sample,256,2048,tile8,5,215415
sample,256,2048,tile8,6,237823
sample,256,2048,tile8,7,235370
sample,256,2048,tile8,8,229731
sample,256,2048,tile8,9,236120
sample,256,2048,tile8,10,227527
sample,256,2048,tile8,11,243925
sample,256,2048,tile8,12,237443
sample,256,2048,tile8,13,251435
sample,256,2048,tile8,14,235694
sample,256,2048,tile8,15,217999
sample,256,2048,tile8,16,239398
sample,256,2048,tile8,17,211897
sample,256,2048,tile8,18,220656
sample,256,2048,tile8,19,216971
sample,256,2048,tile8,20,240416
sample,256,2048,tile8,21,245091
sample,256,2048,tile8,22,239296
sample,256,2048,tile8,23,236119
sample,256,2048,tile8,24,239721
sample,256,2048,tile8,25,234306
sample,256,2048,tile8,26,452545
sample,256,2048,tile8,27,233536
sample,256,2048,tile8,28,231341
sample,256,2048,tile8,29,244342
measured,1024,128,vec4,16384,65536,5,30,10,308546,360175,26abf5bddd03bbc5,79acd556594188cd,none,none
sample,1024,128,vec4,0,360175
sample,1024,128,vec4,1,355129
sample,1024,128,vec4,2,363479
sample,1024,128,vec4,3,333620
sample,1024,128,vec4,4,353916
sample,1024,128,vec4,5,345952
sample,1024,128,vec4,6,334768
sample,1024,128,vec4,7,325869
sample,1024,128,vec4,8,344471
sample,1024,128,vec4,9,313054
sample,1024,128,vec4,10,356629
sample,1024,128,vec4,11,326332
sample,1024,128,vec4,12,317647
sample,1024,128,vec4,13,300296
sample,1024,128,vec4,14,308360
sample,1024,128,vec4,15,306304
sample,1024,128,vec4,16,306731
sample,1024,128,vec4,17,306129
sample,1024,128,vec4,18,309119
sample,1024,128,vec4,19,300666
sample,1024,128,vec4,20,306971
sample,1024,128,vec4,21,304749
sample,1024,128,vec4,22,319536
sample,1024,128,vec4,23,308546
sample,1024,128,vec4,24,306786
sample,1024,128,vec4,25,303573
sample,1024,128,vec4,26,298165
sample,1024,128,vec4,27,305749
sample,1024,128,vec4,28,305527
sample,1024,128,vec4,29,302777
measured,1024,128,fused2,16384,65536,5,30,9,284749,335777,26abf5bddd03bbc5,79acd556594188cd,none,none
sample,1024,128,fused2,0,329981
sample,1024,128,fused2,1,325481
sample,1024,128,fused2,2,312648
sample,1024,128,fused2,3,335777
sample,1024,128,fused2,4,326425
sample,1024,128,fused2,5,326619
sample,1024,128,fused2,6,320999
sample,1024,128,fused2,7,316536
sample,1024,128,fused2,8,318378
sample,1024,128,fused2,9,297989
sample,1024,128,fused2,10,296221
sample,1024,128,fused2,11,287555
sample,1024,128,fused2,12,283675
sample,1024,128,fused2,13,278147
sample,1024,128,fused2,14,286517
sample,1024,128,fused2,15,278388
sample,1024,128,fused2,16,282221
sample,1024,128,fused2,17,284647
sample,1024,128,fused2,18,279026
sample,1024,128,fused2,19,284526
sample,1024,128,fused2,20,284092
sample,1024,128,fused2,21,284749
sample,1024,128,fused2,22,357499
sample,1024,128,fused2,23,292129
sample,1024,128,fused2,24,282082
sample,1024,128,fused2,25,279934
sample,1024,128,fused2,26,281472
sample,1024,128,fused2,27,281313
sample,1024,128,fused2,28,282416
sample,1024,128,fused2,29,280129
measured,1024,128,tile8,16384,65536,5,30,8,260684,307638,26abf5bddd03bbc5,79acd556594188cd,none,none
sample,1024,128,tile8,0,307638
sample,1024,128,tile8,1,297953
sample,1024,128,tile8,2,287564
sample,1024,128,tile8,3,280730
sample,1024,128,tile8,4,289055
sample,1024,128,tile8,5,281888
sample,1024,128,tile8,6,283897
sample,1024,128,tile8,7,282518
sample,1024,128,tile8,8,294953
sample,1024,128,tile8,9,260684
sample,1024,128,tile8,10,266990
sample,1024,128,tile8,11,319018
sample,1024,128,tile8,12,258962
sample,1024,128,tile8,13,250565
sample,1024,128,tile8,14,262156
sample,1024,128,tile8,15,252480
sample,1024,128,tile8,16,260156
sample,1024,128,tile8,17,253555
sample,1024,128,tile8,18,254582
sample,1024,128,tile8,19,255472
sample,1024,128,tile8,20,262304
sample,1024,128,tile8,21,251953
sample,1024,128,tile8,22,295888
sample,1024,128,tile8,23,265777
sample,1024,128,tile8,24,254175
sample,1024,128,tile8,25,252018
sample,1024,128,tile8,26,253786
sample,1024,128,tile8,27,255267
sample,1024,128,tile8,28,255073
sample,1024,128,tile8,29,252193
measured,1024,512,vec4,65536,262144,5,30,10,319435,478813,0949b62ffc70d026,7663f0c9d3466943,none,none
sample,1024,512,vec4,0,344814
sample,1024,512,vec4,1,337564
sample,1024,512,vec4,2,329192
sample,1024,512,vec4,3,338489
sample,1024,512,vec4,4,328675
sample,1024,512,vec4,5,327203
sample,1024,512,vec4,6,325388
sample,1024,512,vec4,7,300314
sample,1024,512,vec4,8,298462
sample,1024,512,vec4,9,288527
sample,1024,512,vec4,10,296147
sample,1024,512,vec4,11,377906
sample,1024,512,vec4,12,335925
sample,1024,512,vec4,13,338462
sample,1024,512,vec4,14,351415
sample,1024,512,vec4,15,319064
sample,1024,512,vec4,16,318805
sample,1024,512,vec4,17,311379
sample,1024,512,vec4,18,306638
sample,1024,512,vec4,19,299276
sample,1024,512,vec4,20,296675
sample,1024,512,vec4,21,319435
sample,1024,512,vec4,22,291629
sample,1024,512,vec4,23,9388312
sample,1024,512,vec4,24,478813
sample,1024,512,vec4,25,342138
sample,1024,512,vec4,26,327064
sample,1024,512,vec4,27,317370
sample,1024,512,vec4,28,280472
sample,1024,512,vec4,29,285786
measured,1024,512,fused2,65536,262144,5,30,9,295166,1622799,0949b62ffc70d026,7663f0c9d3466943,none,none
sample,1024,512,fused2,0,365027
sample,1024,512,fused2,1,300944
sample,1024,512,fused2,2,295166
sample,1024,512,fused2,3,302814
sample,1024,512,fused2,4,311952
sample,1024,512,fused2,5,315351
sample,1024,512,fused2,6,299554
sample,1024,512,fused2,7,287740
sample,1024,512,fused2,8,272481
sample,1024,512,fused2,9,273147
sample,1024,512,fused2,10,292731
sample,1024,512,fused2,11,297045
sample,1024,512,fused2,12,315657
sample,1024,512,fused2,13,299944
sample,1024,512,fused2,14,1495633
sample,1024,512,fused2,15,280723
sample,1024,512,fused2,16,288073
sample,1024,512,fused2,17,278962
sample,1024,512,fused2,18,280610
sample,1024,512,fused2,19,281204
sample,1024,512,fused2,20,272249
sample,1024,512,fused2,21,276740
sample,1024,512,fused2,22,264268
sample,1024,512,fused2,23,760266
sample,1024,512,fused2,24,3433109
sample,1024,512,fused2,25,671211
sample,1024,512,fused2,26,350277
sample,1024,512,fused2,27,1622799
sample,1024,512,fused2,28,264009
sample,1024,512,fused2,29,270601
measured,1024,512,tile8,65536,262144,5,30,8,272713,369036,0949b62ffc70d026,7663f0c9d3466943,none,none
sample,1024,512,tile8,0,295953
sample,1024,512,tile8,1,280481
sample,1024,512,tile8,2,276360
sample,1024,512,tile8,3,277962
sample,1024,512,tile8,4,311971
sample,1024,512,tile8,5,280925
sample,1024,512,tile8,6,265601
sample,1024,512,tile8,7,259537
sample,1024,512,tile8,8,254833
sample,1024,512,tile8,9,254341
sample,1024,512,tile8,10,256906
sample,1024,512,tile8,11,275851
sample,1024,512,tile8,12,275638
sample,1024,512,tile8,13,286638
sample,1024,512,tile8,14,272713
sample,1024,512,tile8,15,304175
sample,1024,512,tile8,16,292157
sample,1024,512,tile8,17,267722
sample,1024,512,tile8,18,257425
sample,1024,512,tile8,19,265184
sample,1024,512,tile8,20,255499
sample,1024,512,tile8,21,255165
sample,1024,512,tile8,22,261249
sample,1024,512,tile8,23,242860
sample,1024,512,tile8,24,357851
sample,1024,512,tile8,25,9994143
sample,1024,512,tile8,26,297342
sample,1024,512,tile8,27,369036
sample,1024,512,tile8,28,248008
sample,1024,512,tile8,29,247897
measured,1024,2048,vec4,262144,1048576,5,30,10,344795,671164,2d4a1c573b9665e7,d32c613321b43c7f,none,none
sample,1024,2048,vec4,0,671164
sample,1024,2048,vec4,1,428072
sample,1024,2048,vec4,2,427453
sample,1024,2048,vec4,3,394656
sample,1024,2048,vec4,4,351194
sample,1024,2048,vec4,5,313342
sample,1024,2048,vec4,6,465601
sample,1024,2048,vec4,7,436027
sample,1024,2048,vec4,8,581581
sample,1024,2048,vec4,9,3707950
sample,1024,2048,vec4,10,395563
sample,1024,2048,vec4,11,352823
sample,1024,2048,vec4,12,382822
sample,1024,2048,vec4,13,348120
sample,1024,2048,vec4,14,340397
sample,1024,2048,vec4,15,344499
sample,1024,2048,vec4,16,340073
sample,1024,2048,vec4,17,344795
sample,1024,2048,vec4,18,337999
sample,1024,2048,vec4,19,340583
sample,1024,2048,vec4,20,337184
sample,1024,2048,vec4,21,340083
sample,1024,2048,vec4,22,350083
sample,1024,2048,vec4,23,362703
sample,1024,2048,vec4,24,332915
sample,1024,2048,vec4,25,337035
sample,1024,2048,vec4,26,341620
sample,1024,2048,vec4,27,341230
sample,1024,2048,vec4,28,340175
sample,1024,2048,vec4,29,340740
measured,1024,2048,fused2,262144,1048576,5,30,9,325619,756293,2d4a1c573b9665e7,d32c613321b43c7f,none,none
sample,1024,2048,fused2,0,373934
sample,1024,2048,fused2,1,661619
sample,1024,2048,fused2,2,356915
sample,1024,2048,fused2,3,338786
sample,1024,2048,fused2,4,468257
sample,1024,2048,fused2,5,377212
sample,1024,2048,fused2,6,305138
sample,1024,2048,fused2,7,5028095
sample,1024,2048,fused2,8,537776
sample,1024,2048,fused2,9,756293
sample,1024,2048,fused2,10,336628
sample,1024,2048,fused2,11,344971
sample,1024,2048,fused2,12,330721
sample,1024,2048,fused2,13,330073
sample,1024,2048,fused2,14,314879
sample,1024,2048,fused2,15,310870
sample,1024,2048,fused2,16,316851
sample,1024,2048,fused2,17,330962
sample,1024,2048,fused2,18,313314
sample,1024,2048,fused2,19,318935
sample,1024,2048,fused2,20,325619
sample,1024,2048,fused2,21,312545
sample,1024,2048,fused2,22,368406
sample,1024,2048,fused2,23,322610
sample,1024,2048,fused2,24,316194
sample,1024,2048,fused2,25,320165
sample,1024,2048,fused2,26,314444
sample,1024,2048,fused2,27,316231
sample,1024,2048,fused2,28,316703
sample,1024,2048,fused2,29,313814
measured,1024,2048,tile8,262144,1048576,5,30,8,311369,4226088,2d4a1c573b9665e7,d32c613321b43c7f,none,none
sample,1024,2048,tile8,0,9945134
sample,1024,2048,tile8,1,331637
sample,1024,2048,tile8,2,329054
sample,1024,2048,tile8,3,4226088
sample,1024,2048,tile8,4,316037
sample,1024,2048,tile8,5,3599182
sample,1024,2048,tile8,6,2274761
sample,1024,2048,tile8,7,337831
sample,1024,2048,tile8,8,344879
sample,1024,2048,tile8,9,440611
sample,1024,2048,tile8,10,738266
sample,1024,2048,tile8,11,310101
sample,1024,2048,tile8,12,321267
sample,1024,2048,tile8,13,309647
sample,1024,2048,tile8,14,299157
sample,1024,2048,tile8,15,312063
sample,1024,2048,tile8,16,303647
sample,1024,2048,tile8,17,312851
sample,1024,2048,tile8,18,309962
sample,1024,2048,tile8,19,311369
sample,1024,2048,tile8,20,306286
sample,1024,2048,tile8,21,304518
sample,1024,2048,tile8,22,300073
sample,1024,2048,tile8,23,332480
sample,1024,2048,tile8,24,309416
sample,1024,2048,tile8,25,302462
sample,1024,2048,tile8,26,309369
sample,1024,2048,tile8,27,309870
sample,1024,2048,tile8,28,307861
sample,1024,2048,tile8,29,306212
measured,4096,128,vec4,65536,262144,5,30,12,410711,486174,d878e557b6daedce,8cc85ceb09c8efed,none,none
sample,4096,128,vec4,0,323212
sample,4096,128,vec4,1,1049524
sample,4096,128,vec4,2,325240
sample,4096,128,vec4,3,356758
sample,4096,128,vec4,4,338897
sample,4096,128,vec4,5,340711
sample,4096,128,vec4,6,336795
sample,4096,128,vec4,7,486174
sample,4096,128,vec4,8,418360
sample,4096,128,vec4,9,422442
sample,4096,128,vec4,10,469914
sample,4096,128,vec4,11,390517
sample,4096,128,vec4,12,393277
sample,4096,128,vec4,13,412046
sample,4096,128,vec4,14,414712
sample,4096,128,vec4,15,400934
sample,4096,128,vec4,16,415202
sample,4096,128,vec4,17,424101
sample,4096,128,vec4,18,453202
sample,4096,128,vec4,19,402481
sample,4096,128,vec4,20,393518
sample,4096,128,vec4,21,449397
sample,4096,128,vec4,22,434194
sample,4096,128,vec4,23,439081
sample,4096,128,vec4,24,444749
sample,4096,128,vec4,25,413266
sample,4096,128,vec4,26,410711
sample,4096,128,vec4,27,401480
sample,4096,128,vec4,28,399406
sample,4096,128,vec4,29,394239
measured,4096,128,fused2,65536,262144,5,30,11,380303,471285,d878e557b6daedce,8cc85ceb09c8efed,none,none
sample,4096,128,fused2,0,298286
sample,4096,128,fused2,1,310712
sample,4096,128,fused2,2,301101
sample,4096,128,fused2,3,395757
sample,4096,128,fused2,4,319092
sample,4096,128,fused2,5,311295
sample,4096,128,fused2,6,346675
sample,4096,128,fused2,7,471285
sample,4096,128,fused2,8,428757
sample,4096,128,fused2,9,372157
sample,4096,128,fused2,10,393972
sample,4096,128,fused2,11,377054
sample,4096,128,fused2,12,389314
sample,4096,128,fused2,13,406110
sample,4096,128,fused2,14,368665
sample,4096,128,fused2,15,380536
sample,4096,128,fused2,16,406600
sample,4096,128,fused2,17,373962
sample,4096,128,fused2,18,403333
sample,4096,128,fused2,19,361407
sample,4096,128,fused2,20,363416
sample,4096,128,fused2,21,520323
sample,4096,128,fused2,22,402351
sample,4096,128,fused2,23,422629
sample,4096,128,fused2,24,407971
sample,4096,128,fused2,25,380303
sample,4096,128,fused2,26,371453
sample,4096,128,fused2,27,369027
sample,4096,128,fused2,28,386823
sample,4096,128,fused2,29,381749
measured,4096,128,tile8,65536,262144,5,30,10,357462,553636,d878e557b6daedce,8cc85ceb09c8efed,none,none
sample,4096,128,tile8,0,284888
sample,4096,128,tile8,1,334092
sample,4096,128,tile8,2,514738
sample,4096,128,tile8,3,321554
sample,4096,128,tile8,4,301610
sample,4096,128,tile8,5,294498
sample,4096,128,tile8,6,553636
sample,4096,128,tile8,7,431841
sample,4096,128,tile8,8,349629
sample,4096,128,tile8,9,348147
sample,4096,128,tile8,10,351110
sample,4096,128,tile8,11,371905
sample,4096,128,tile8,12,378147
sample,4096,128,tile8,13,357462
sample,4096,128,tile8,14,403981
sample,4096,128,tile8,15,328527
sample,4096,128,tile8,16,370924
sample,4096,128,tile8,17,365990
sample,4096,128,tile8,18,380277
sample,4096,128,tile8,19,352666
sample,4096,128,tile8,20,5404344
sample,4096,128,tile8,21,420148
sample,4096,128,tile8,22,398396
sample,4096,128,tile8,23,369231
sample,4096,128,tile8,24,372258
sample,4096,128,tile8,25,370944
sample,4096,128,tile8,26,353620
sample,4096,128,tile8,27,353481
sample,4096,128,tile8,28,346768
sample,4096,128,tile8,29,342601
measured,4096,512,vec4,262144,1048576,5,30,12,344980,442304,07e875993970433c,207dceeda1be3f5b,none,none
sample,4096,512,vec4,0,415027
sample,4096,512,vec4,1,392405
sample,4096,512,vec4,2,417592
sample,4096,512,vec4,3,442304
sample,4096,512,vec4,4,419082
sample,4096,512,vec4,5,423369
sample,4096,512,vec4,6,384101
sample,4096,512,vec4,7,411118
sample,4096,512,vec4,8,339601
sample,4096,512,vec4,9,344962
sample,4096,512,vec4,10,368025
sample,4096,512,vec4,11,341916
sample,4096,512,vec4,12,436257
sample,4096,512,vec4,13,385194
sample,4096,512,vec4,14,342249
sample,4096,512,vec4,15,355647
sample,4096,512,vec4,16,344980
sample,4096,512,vec4,17,339592
sample,4096,512,vec4,18,332592
sample,4096,512,vec4,19,335203
sample,4096,512,vec4,20,334536
sample,4096,512,vec4,21,337499
sample,4096,512,vec4,22,460443
sample,4096,512,vec4,23,342591
sample,4096,512,vec4,24,333980
sample,4096,512,vec4,25,355017
sample,4096,512,vec4,26,336638
sample,4096,512,vec4,27,347768
sample,4096,512,vec4,28,342035
sample,4096,512,vec4,29,336212
measured,4096,512,fused2,262144,1048576,5,30,11,322342,411999,07e875993970433c,207dceeda1be3f5b,none,none
sample,4096,512,fused2,0,393155
sample,4096,512,fused2,1,378999
sample,4096,512,fused2,2,390472
sample,4096,512,fused2,3,391897
sample,4096,512,fused2,4,398684
sample,4096,512,fused2,5,410369
sample,4096,512,fused2,6,413443
sample,4096,512,fused2,7,321332
sample,4096,512,fused2,8,315925
sample,4096,512,fused2,9,317379
sample,4096,512,fused2,10,411999
sample,4096,512,fused2,11,321388
sample,4096,512,fused2,12,387480
sample,4096,512,fused2,13,336777
sample,4096,512,fused2,14,315870
sample,4096,512,fused2,15,322342
sample,4096,512,fused2,16,317675
sample,4096,512,fused2,17,315110
sample,4096,512,fused2,18,309156
sample,4096,512,fused2,19,325332
sample,4096,512,fused2,20,311971
sample,4096,512,fused2,21,317323
sample,4096,512,fused2,22,342295
sample,4096,512,fused2,23,327546
sample,4096,512,fused2,24,311073
sample,4096,512,fused2,25,329962
sample,4096,512,fused2,26,311721
sample,4096,512,fused2,27,345906
sample,4096,512,fused2,28,320536
sample,4096,512,fused2,29,314425
measured,4096,512,tile8,262144,1048576,5,30,10,317212,405749,07e875993970433c,207dceeda1be3f5b,none,none
sample,4096,512,tile8,0,389462
sample,4096,512,tile8,1,358184
sample,4096,512,tile8,2,372304
sample,4096,512,tile8,3,378740
sample,4096,512,tile8,4,397971
sample,4096,512,tile8,5,393193
sample,4096,512,tile8,6,342221
sample,4096,512,tile8,7,307851
sample,4096,512,tile8,8,309527
sample,4096,512,tile8,9,313990
sample,4096,512,tile8,10,311527
sample,4096,512,tile8,11,330674
sample,4096,512,tile8,12,340425
sample,4096,512,tile8,13,341870
sample,4096,512,tile8,14,323629
sample,4096,512,tile8,15,317212
sample,4096,512,tile8,16,309638
sample,4096,512,tile8,17,312073
sample,4096,512,tile8,18,323758
sample,4096,512,tile8,19,308712
sample,4096,512,tile8,20,303305
sample,4096,512,tile8,21,313888
sample,4096,512,tile8,22,520803
sample,4096,512,tile8,23,327638
sample,4096,512,tile8,24,304036
sample,4096,512,tile8,25,308508
sample,4096,512,tile8,26,405749
sample,4096,512,tile8,27,314907
sample,4096,512,tile8,28,311675
sample,4096,512,tile8,29,304962
measured,4096,2048,vec4,1048576,4194304,5,30,12,402286,488748,4143a88e49ed614b,e0842ad8f72c0c9f,none,none
sample,4096,2048,vec4,0,598887
sample,4096,2048,vec4,1,419377
sample,4096,2048,vec4,2,401860
sample,4096,2048,vec4,3,417730
sample,4096,2048,vec4,4,488748
sample,4096,2048,vec4,5,468016
sample,4096,2048,vec4,6,418730
sample,4096,2048,vec4,7,402202
sample,4096,2048,vec4,8,402286
sample,4096,2048,vec4,9,436804
sample,4096,2048,vec4,10,409499
sample,4096,2048,vec4,11,400489
sample,4096,2048,vec4,12,394897
sample,4096,2048,vec4,13,404953
sample,4096,2048,vec4,14,401730
sample,4096,2048,vec4,15,414407
sample,4096,2048,vec4,16,410823
sample,4096,2048,vec4,17,427128
sample,4096,2048,vec4,18,404731
sample,4096,2048,vec4,19,394073
sample,4096,2048,vec4,20,382619
sample,4096,2048,vec4,21,384666
sample,4096,2048,vec4,22,386295
sample,4096,2048,vec4,23,388786
sample,4096,2048,vec4,24,377952
sample,4096,2048,vec4,25,389166
sample,4096,2048,vec4,26,457175
sample,4096,2048,vec4,27,400164
sample,4096,2048,vec4,28,405794
sample,4096,2048,vec4,29,386508
measured,4096,2048,fused2,1048576,4194304,5,30,11,377045,498914,4143a88e49ed614b,e0842ad8f72c0c9f,none,none
sample,4096,2048,fused2,0,418767
sample,4096,2048,fused2,1,377073
sample,4096,2048,fused2,2,372888
sample,4096,2048,fused2,3,371573
sample,4096,2048,fused2,4,427368
sample,4096,2048,fused2,5,384666
sample,4096,2048,fused2,6,384026
sample,4096,2048,fused2,7,377045
sample,4096,2048,fused2,8,373211
sample,4096,2048,fused2,9,2118863
sample,4096,2048,fused2,10,389665
sample,4096,2048,fused2,11,375230
sample,4096,2048,fused2,12,380332
sample,4096,2048,fused2,13,378360
sample,4096,2048,fused2,14,379388
sample,4096,2048,fused2,15,433647
sample,4096,2048,fused2,16,367869
sample,4096,2048,fused2,17,399887
sample,4096,2048,fused2,18,372230
sample,4096,2048,fused2,19,363055
sample,4096,2048,fused2,20,359591
sample,4096,2048,fused2,21,356490
sample,4096,2048,fused2,22,358860
sample,4096,2048,fused2,23,358137
sample,4096,2048,fused2,24,358462
sample,4096,2048,fused2,25,498914
sample,4096,2048,fused2,26,427175
sample,4096,2048,fused2,27,388508
sample,4096,2048,fused2,28,364111
sample,4096,2048,fused2,29,358240
measured,4096,2048,tile8,1048576,4194304,5,30,10,416869,551220,4143a88e49ed614b,e0842ad8f72c0c9f,none,none
sample,4096,2048,tile8,0,429184
sample,4096,2048,tile8,1,418212
sample,4096,2048,tile8,2,609442
sample,4096,2048,tile8,3,438127
sample,4096,2048,tile8,4,462554
sample,4096,2048,tile8,5,439203
sample,4096,2048,tile8,6,415684
sample,4096,2048,tile8,7,416822
sample,4096,2048,tile8,8,421238
sample,4096,2048,tile8,9,551220
sample,4096,2048,tile8,10,425544
sample,4096,2048,tile8,11,418906
sample,4096,2048,tile8,12,433452
sample,4096,2048,tile8,13,419192
sample,4096,2048,tile8,14,416157
sample,4096,2048,tile8,15,493673
sample,4096,2048,tile8,16,426627
sample,4096,2048,tile8,17,406860
sample,4096,2048,tile8,18,409406
sample,4096,2048,tile8,19,405128
sample,4096,2048,tile8,20,398110
sample,4096,2048,tile8,21,394592
sample,4096,2048,tile8,22,395916
sample,4096,2048,tile8,23,396888
sample,4096,2048,tile8,24,404646
sample,4096,2048,tile8,25,416701
sample,4096,2048,tile8,26,459664
sample,4096,2048,tile8,27,416869
sample,4096,2048,tile8,28,405369
sample,4096,2048,tile8,29,396092
measured,16384,128,vec4,262144,1048576,5,30,14,374073,462387,318e48fc80dadb1f,a09bc0e13ecf9bf8,none,none
sample,16384,128,vec4,0,371286
sample,16384,128,vec4,1,373193
sample,16384,128,vec4,2,374739
sample,16384,128,vec4,3,377851
sample,16384,128,vec4,4,371351
sample,16384,128,vec4,5,370267
sample,16384,128,vec4,6,379805
sample,16384,128,vec4,7,372833
sample,16384,128,vec4,8,371766
sample,16384,128,vec4,9,370351
sample,16384,128,vec4,10,371721
sample,16384,128,vec4,11,369361
sample,16384,128,vec4,12,367721
sample,16384,128,vec4,13,372989
sample,16384,128,vec4,14,370323
sample,16384,128,vec4,15,369814
sample,16384,128,vec4,16,378933
sample,16384,128,vec4,17,374073
sample,16384,128,vec4,18,374610
sample,16384,128,vec4,19,369166
sample,16384,128,vec4,20,378804
sample,16384,128,vec4,21,379423
sample,16384,128,vec4,22,380203
sample,16384,128,vec4,23,379573
sample,16384,128,vec4,24,375981
sample,16384,128,vec4,25,381869
sample,16384,128,vec4,26,384619
sample,16384,128,vec4,27,690275
sample,16384,128,vec4,28,454591
sample,16384,128,vec4,29,462387
measured,16384,128,fused2,262144,1048576,5,30,13,355628,442832,318e48fc80dadb1f,a09bc0e13ecf9bf8,none,none
sample,16384,128,fused2,0,356018
sample,16384,128,fused2,1,356657
sample,16384,128,fused2,2,356230
sample,16384,128,fused2,3,365490
sample,16384,128,fused2,4,361277
sample,16384,128,fused2,5,354425
sample,16384,128,fused2,6,368610
sample,16384,128,fused2,7,354231
sample,16384,128,fused2,8,353739
sample,16384,128,fused2,9,351212
sample,16384,128,fused2,10,353259
sample,16384,128,fused2,11,350564
sample,16384,128,fused2,12,352564
sample,16384,128,fused2,13,349823
sample,16384,128,fused2,14,351212
sample,16384,128,fused2,15,351471
sample,16384,128,fused2,16,354527
sample,16384,128,fused2,17,352629
sample,16384,128,fused2,18,350795
sample,16384,128,fused2,19,355008
sample,16384,128,fused2,20,355628
sample,16384,128,fused2,21,360203
sample,16384,128,fused2,22,375823
sample,16384,128,fused2,23,365953
sample,16384,128,fused2,24,360664
sample,16384,128,fused2,25,395082
sample,16384,128,fused2,26,371064
sample,16384,128,fused2,27,365424
sample,16384,128,fused2,28,463156
sample,16384,128,fused2,29,442832
measured,16384,128,tile8,262144,1048576,5,30,12,345953,428120,318e48fc80dadb1f,a09bc0e13ecf9bf8,none,none
sample,16384,128,tile8,0,342870
sample,16384,128,tile8,1,346360
sample,16384,128,tile8,2,386638
sample,16384,128,tile8,3,347165
sample,16384,128,tile8,4,341656
sample,16384,128,tile8,5,345295
sample,16384,128,tile8,6,352055
sample,16384,128,tile8,7,345017
sample,16384,128,tile8,8,342823
sample,16384,128,tile8,9,343073
sample,16384,128,tile8,10,347296
sample,16384,128,tile8,11,341823
sample,16384,128,tile8,12,338878
sample,16384,128,tile8,13,341953
sample,16384,128,tile8,14,343897
sample,16384,128,tile8,15,338657
sample,16384,128,tile8,16,340120
sample,16384,128,tile8,17,349156
sample,16384,128,tile8,18,342379
sample,16384,128,tile8,19,343833
sample,16384,128,tile8,20,346471
sample,16384,128,tile8,21,351267
sample,16384,128,tile8,22,345953
sample,16384,128,tile8,23,351398
sample,16384,128,tile8,24,348721
sample,16384,128,tile8,25,351694
sample,16384,128,tile8,26,356860
sample,16384,128,tile8,27,353832
sample,16384,128,tile8,28,429046
sample,16384,128,tile8,29,428120
measured,16384,512,vec4,1048576,4194304,5,30,14,486730,623183,08b87a1ca99fa7b8,cc66b7b8fae87df4,none,none
sample,16384,512,vec4,0,483655
sample,16384,512,vec4,1,479823
sample,16384,512,vec4,2,561701
sample,16384,512,vec4,3,488555
sample,16384,512,vec4,4,486693
sample,16384,512,vec4,5,580053
sample,16384,512,vec4,6,578443
sample,16384,512,vec4,7,484953
sample,16384,512,vec4,8,589822
sample,16384,512,vec4,9,486730
sample,16384,512,vec4,10,485943
sample,16384,512,vec4,11,489296
sample,16384,512,vec4,12,487739
sample,16384,512,vec4,13,495692
sample,16384,512,vec4,14,483517
sample,16384,512,vec4,15,485147
sample,16384,512,vec4,16,482998
sample,16384,512,vec4,17,499944
sample,16384,512,vec4,18,597036
sample,16384,512,vec4,19,444831
sample,16384,512,vec4,20,482553
sample,16384,512,vec4,21,623183
sample,16384,512,vec4,22,621350
sample,16384,512,vec4,23,488573
sample,16384,512,vec4,24,480896
sample,16384,512,vec4,25,486044
sample,16384,512,vec4,26,627637
sample,16384,512,vec4,27,482980
sample,16384,512,vec4,28,487590
sample,16384,512,vec4,29,483360
measured,16384,512,fused2,1048576,4194304,5,30,13,457175,592776,08b87a1ca99fa7b8,cc66b7b8fae87df4,none,none
sample,16384,512,fused2,0,456231
sample,16384,512,fused2,1,455989
sample,16384,512,fused2,2,532701
sample,16384,512,fused2,3,531092
sample,16384,512,fused2,4,459202
sample,16384,512,fused2,5,539693
sample,16384,512,fused2,6,537693
sample,16384,512,fused2,7,455285
sample,16384,512,fused2,8,471414
sample,16384,512,fused2,9,551896
sample,16384,512,fused2,10,456758
sample,16384,512,fused2,11,457175
sample,16384,512,fused2,12,456424
sample,16384,512,fused2,13,566812
sample,16384,512,fused2,14,554414
sample,16384,512,fused2,15,456767
sample,16384,512,fused2,16,457572
sample,16384,512,fused2,17,454220
sample,16384,512,fused2,18,563248
sample,16384,512,fused2,19,419509
sample,16384,512,fused2,20,425814
sample,16384,512,fused2,21,452026
sample,16384,512,fused2,22,576989
sample,16384,512,fused2,23,454026
sample,16384,512,fused2,24,452387
sample,16384,512,fused2,25,616711
sample,16384,512,fused2,26,592776
sample,16384,512,fused2,27,455471
sample,16384,512,fused2,28,459276
sample,16384,512,fused2,29,456360
measured,16384,512,tile8,1048576,4194304,5,30,12,492674,621878,08b87a1ca99fa7b8,cc66b7b8fae87df4,none,none
sample,16384,512,tile8,0,488990
sample,16384,512,tile8,1,490878
sample,16384,512,tile8,2,565924
sample,16384,512,tile8,3,555803
sample,16384,512,tile8,4,496342
sample,16384,512,tile8,5,577655
sample,16384,512,tile8,6,494129
sample,16384,512,tile8,7,486166
sample,16384,512,tile8,8,578257
sample,16384,512,tile8,9,492674
sample,16384,512,tile8,10,488350
sample,16384,512,tile8,11,492787
sample,16384,512,tile8,12,487119
sample,16384,512,tile8,13,593952
sample,16384,512,tile8,14,497665
sample,16384,512,tile8,15,490044
sample,16384,512,tile8,16,491527
sample,16384,512,tile8,17,497757
sample,16384,512,tile8,18,579220
sample,16384,512,tile8,19,456294
sample,16384,512,tile8,20,489998
sample,16384,512,tile8,21,490961
sample,16384,512,tile8,22,621878
sample,16384,512,tile8,23,486146
sample,16384,512,tile8,24,495007
sample,16384,512,tile8,25,682665
sample,16384,512,tile8,26,613757
sample,16384,512,tile8,27,490859
sample,16384,512,tile8,28,487896
sample,16384,512,tile8,29,487184
measured,16384,2048,vec4,4194304,16777216,5,30,14,819340,880321,6be3b72c15a212b9,3199380bd5011e6c,none,none
sample,16384,2048,vec4,0,797415
sample,16384,2048,vec4,1,815841
sample,16384,2048,vec4,2,831256
sample,16384,2048,vec4,3,826442
sample,16384,2048,vec4,4,847552
sample,16384,2048,vec4,5,842303
sample,16384,2048,vec4,6,822627
sample,16384,2048,vec4,7,819340
sample,16384,2048,vec4,8,835997
sample,16384,2048,vec4,9,831877
sample,16384,2048,vec4,10,827442
sample,16384,2048,vec4,11,831451
sample,16384,2048,vec4,12,880321
sample,16384,2048,vec4,13,823434
sample,16384,2048,vec4,14,830747
sample,16384,2048,vec4,15,895794
sample,16384,2048,vec4,16,851155
sample,16384,2048,vec4,17,711460
sample,16384,2048,vec4,18,852885
sample,16384,2048,vec4,19,707572
sample,16384,2048,vec4,20,676442
sample,16384,2048,vec4,21,669581
sample,16384,2048,vec4,22,657128
sample,16384,2048,vec4,23,650544
sample,16384,2048,vec4,24,664646
sample,16384,2048,vec4,25,658350
sample,16384,2048,vec4,26,664091
sample,16384,2048,vec4,27,663377
sample,16384,2048,vec4,28,648730
sample,16384,2048,vec4,29,670396
measured,16384,2048,fused2,4194304,16777216,5,30,13,781062,801887,6be3b72c15a212b9,3199380bd5011e6c,none,none
sample,16384,2048,fused2,0,762664
sample,16384,2048,fused2,1,770052
sample,16384,2048,fused2,2,782756
sample,16384,2048,fused2,3,805710
sample,16384,2048,fused2,4,790747
sample,16384,2048,fused2,5,787497
sample,16384,2048,fused2,6,791080
sample,16384,2048,fused2,7,788109
sample,16384,2048,fused2,8,781062
sample,16384,2048,fused2,9,787229
sample,16384,2048,fused2,10,794969
sample,16384,2048,fused2,11,788737
sample,16384,2048,fused2,12,793460
sample,16384,2048,fused2,13,790692
sample,16384,2048,fused2,14,781405
sample,16384,2048,fused2,15,785849
sample,16384,2048,fused2,16,788942
sample,16384,2048,fused2,17,637941
sample,16384,2048,fused2,18,801887
sample,16384,2048,fused2,19,657535
sample,16384,2048,fused2,20,646785
sample,16384,2048,fused2,21,655971
sample,16384,2048,fused2,22,625544
sample,16384,2048,fused2,23,615813
sample,16384,2048,fused2,24,636081
sample,16384,2048,fused2,25,665952
sample,16384,2048,fused2,26,643609
sample,16384,2048,fused2,27,632192
sample,16384,2048,fused2,28,630395
sample,16384,2048,fused2,29,654627
measured,16384,2048,tile8,4194304,16777216,5,30,12,971089,1031783,6be3b72c15a212b9,3199380bd5011e6c,none,none
sample,16384,2048,tile8,0,971089
sample,16384,2048,tile8,1,969923
sample,16384,2048,tile8,2,989562
sample,16384,2048,tile8,3,1002618
sample,16384,2048,tile8,4,991478
sample,16384,2048,tile8,5,991367
sample,16384,2048,tile8,6,993923
sample,16384,2048,tile8,7,988126
sample,16384,2048,tile8,8,989229
sample,16384,2048,tile8,9,983201
sample,16384,2048,tile8,10,987552
sample,16384,2048,tile8,11,996423
sample,16384,2048,tile8,12,985034
sample,16384,2048,tile8,13,986497
sample,16384,2048,tile8,14,989172
sample,16384,2048,tile8,15,1031783
sample,16384,2048,tile8,16,1067385
sample,16384,2048,tile8,17,872599
sample,16384,2048,tile8,18,872377
sample,16384,2048,tile8,19,877201
sample,16384,2048,tile8,20,865785
sample,16384,2048,tile8,21,854784
sample,16384,2048,tile8,22,850756
sample,16384,2048,tile8,23,838034
sample,16384,2048,tile8,24,846774
sample,16384,2048,tile8,25,845849
sample,16384,2048,tile8,26,848970
sample,16384,2048,tile8,27,841571
sample,16384,2048,tile8,28,854321
sample,16384,2048,tile8,29,849126
measured,65536,128,vec4,1048576,4194304,5,30,16,649480,723858,9ec0db29a14c575b,4098921c6b362ecd,none,none
sample,65536,128,vec4,0,627146
sample,65536,128,vec4,1,620137
sample,65536,128,vec4,2,701489
sample,65536,128,vec4,3,615479
sample,65536,128,vec4,4,629545
sample,65536,128,vec4,5,611525
sample,65536,128,vec4,6,620488
sample,65536,128,vec4,7,649480
sample,65536,128,vec4,8,660304
sample,65536,128,vec4,9,625702
sample,65536,128,vec4,10,615081
sample,65536,128,vec4,11,702572
sample,65536,128,vec4,12,678089
sample,65536,128,vec4,13,647961
sample,65536,128,vec4,14,691200
sample,65536,128,vec4,15,618091
sample,65536,128,vec4,16,617562
sample,65536,128,vec4,17,624906
sample,65536,128,vec4,18,628924
sample,65536,128,vec4,19,719285
sample,65536,128,vec4,20,660582
sample,65536,128,vec4,21,709071
sample,65536,128,vec4,22,646535
sample,65536,128,vec4,23,663202
sample,65536,128,vec4,24,697655
sample,65536,128,vec4,25,721600
sample,65536,128,vec4,26,720905
sample,65536,128,vec4,27,728507
sample,65536,128,vec4,28,723858
sample,65536,128,vec4,29,720923
measured,65536,128,fused2,1048576,4194304,5,30,15,638498,701895,9ec0db29a14c575b,4098921c6b362ecd,none,none
sample,65536,128,fused2,0,609526
sample,65536,128,fused2,1,644100
sample,65536,128,fused2,2,665665
sample,65536,128,fused2,3,581479
sample,65536,128,fused2,4,642563
sample,65536,128,fused2,5,597564
sample,65536,128,fused2,6,613053
sample,65536,128,fused2,7,595063
sample,65536,128,fused2,8,596192
sample,65536,128,fused2,9,639674
sample,65536,128,fused2,10,599600
sample,65536,128,fused2,11,669406
sample,65536,128,fused2,12,646850
sample,65536,128,fused2,13,625155
sample,65536,128,fused2,14,650785
sample,65536,128,fused2,15,653414
sample,65536,128,fused2,16,611701
sample,65536,128,fused2,17,602674
sample,65536,128,fused2,18,700165
sample,65536,128,fused2,19,600128
sample,65536,128,fused2,20,590998
sample,65536,128,fused2,21,603415
sample,65536,128,fused2,22,617813
sample,65536,128,fused2,23,638498
sample,65536,128,fused2,24,682813
sample,65536,128,fused2,25,696423
sample,65536,128,fused2,26,697767
sample,65536,128,fused2,27,693470
sample,65536,128,fused2,28,721720
sample,65536,128,fused2,29,701895
measured,65536,128,tile8,1048576,4194304,5,30,14,639424,713192,9ec0db29a14c575b,4098921c6b362ecd,none,none
sample,65536,128,tile8,0,626082
sample,65536,128,tile8,1,613628
sample,65536,128,tile8,2,630720
sample,65536,128,tile8,3,598396
sample,65536,128,tile8,4,614804
sample,65536,128,tile8,5,663201
sample,65536,128,tile8,6,639424
sample,65536,128,tile8,7,610164
sample,65536,128,tile8,8,649498
sample,65536,128,tile8,9,611822
sample,65536,128,tile8,10,608683
sample,65536,128,tile8,11,612693
sample,65536,128,tile8,12,666599
sample,65536,128,tile8,13,604053
sample,65536,128,tile8,14,667498
sample,65536,128,tile8,15,603072
sample,65536,128,tile8,16,612988
sample,65536,128,tile8,17,609017
sample,65536,128,tile8,18,712191
sample,65536,128,tile8,19,609100
sample,65536,128,tile8,20,655942
sample,65536,128,tile8,21,694016
sample,65536,128,tile8,22,684840
sample,65536,128,tile8,23,656303
sample,65536,128,tile8,24,700007
sample,65536,128,tile8,25,713192
sample,65536,128,tile8,26,701952
sample,65536,128,tile8,27,703395
sample,65536,128,tile8,28,702590
sample,65536,128,tile8,29,759267
measured,65536,512,vec4,4194304,16777216,5,30,16,851136,957875,84d06402da633040,29115d73667dee45,none,none
sample,65536,512,vec4,0,755692
sample,65536,512,vec4,1,757988
sample,65536,512,vec4,2,843248
sample,65536,512,vec4,3,812867
sample,65536,512,vec4,4,856321
sample,65536,512,vec4,5,780248
sample,65536,512,vec4,6,780600
sample,65536,512,vec4,7,862812
sample,65536,512,vec4,8,791813
sample,65536,512,vec4,9,820988
sample,65536,512,vec4,10,794506
sample,65536,512,vec4,11,881460
sample,65536,512,vec4,12,807321
sample,65536,512,vec4,13,809100
sample,65536,512,vec4,14,819683
sample,65536,512,vec4,15,887599
sample,65536,512,vec4,16,827664
sample,65536,512,vec4,17,852246
sample,65536,512,vec4,18,873886
sample,65536,512,vec4,19,851136
sample,65536,512,vec4,20,876211
sample,65536,512,vec4,21,957875
sample,65536,512,vec4,22,897571
sample,65536,512,vec4,23,843303
sample,65536,512,vec4,24,935812
sample,65536,512,vec4,25,954942
sample,65536,512,vec4,26,913377
sample,65536,512,vec4,27,956182
sample,65536,512,vec4,28,940627
sample,65536,512,vec4,29,1011757
measured,65536,512,fused2,4194304,16777216,5,30,15,813693,891044,84d06402da633040,29115d73667dee45,none,none
sample,65536,512,fused2,0,725424
sample,65536,512,fused2,1,737322
sample,65536,512,fused2,2,736220
sample,65536,512,fused2,3,838108
sample,65536,512,fused2,4,795434
sample,65536,512,fused2,5,763045
sample,65536,512,fused2,6,763479
sample,65536,512,fused2,7,770840
sample,65536,512,fused2,8,765748
sample,65536,512,fused2,9,772516
sample,65536,512,fused2,10,784183
sample,65536,512,fused2,11,833664
sample,65536,512,fused2,12,771258
sample,65536,512,fused2,13,790331
sample,65536,512,fused2,14,788081
sample,65536,512,fused2,15,800784
sample,65536,512,fused2,16,813693
sample,65536,512,fused2,17,817664
sample,65536,512,fused2,18,888636
sample,65536,512,fused2,19,834034
sample,65536,512,fused2,20,834089
sample,65536,512,fused2,21,847793
sample,65536,512,fused2,22,872784
sample,65536,512,fused2,23,815387
sample,65536,512,fused2,24,891044
sample,65536,512,fused2,25,874210
sample,65536,512,fused2,26,860618
sample,65536,512,fused2,27,880645
sample,65536,512,fused2,28,888367
sample,65536,512,fused2,29,907016
measured,65536,512,tile8,4194304,16777216,5,30,14,1001987,1092237,84d06402da633040,29115d73667dee45,none,none
sample,65536,512,tile8,0,928794
sample,65536,512,tile8,1,938422
sample,65536,512,tile8,2,1458653
sample,65536,512,tile8,3,957301
sample,65536,512,tile8,4,1067885
sample,65536,512,tile8,5,963386
sample,65536,512,tile8,6,978404
sample,65536,512,tile8,7,981626
sample,65536,512,tile8,8,965691
sample,65536,512,tile8,9,984914
sample,65536,512,tile8,10,970580
sample,65536,512,tile8,11,980044
sample,65536,512,tile8,12,973108
sample,65536,512,tile8,13,969969
sample,65536,512,tile8,14,986960
sample,65536,512,tile8,15,996840
sample,65536,512,tile8,16,1001987
sample,65536,512,tile8,17,1006229
sample,65536,512,tile8,18,1027571
sample,65536,512,tile8,19,1026627
sample,65536,512,tile8,20,1044562
sample,65536,512,tile8,21,1048450
sample,65536,512,tile8,22,1055922
sample,65536,512,tile8,23,1060524
sample,65536,512,tile8,24,1080848
sample,65536,512,tile8,25,1086701
sample,65536,512,tile8,26,1066015
sample,65536,512,tile8,27,1092237
sample,65536,512,tile8,28,1076959
sample,65536,512,tile8,29,1088885
skipped_limit,65536,2048,vec4,16777216,67108864,NA,NA,NA,NA,NA,NA,NA,cohort_dispatch_limit,none
skipped_limit,65536,2048,fused2,16777216,67108864,NA,NA,NA,NA,NA,NA,NA,cohort_dispatch_limit,none
skipped_limit,65536,2048,tile8,16777216,67108864,NA,NA,NA,NA,NA,NA,NA,cohort_dispatch_limit,none
measured,262144,128,vec4,4194304,16777216,5,30,18,970497,1021932,603e59446e81431f,99960c282a7f4ca5,none,none
sample,262144,128,vec4,0,932257
sample,262144,128,vec4,1,996942
sample,262144,128,vec4,2,979016
sample,262144,128,vec4,3,970497
sample,262144,128,vec4,4,1007090
sample,262144,128,vec4,5,974441
sample,262144,128,vec4,6,973016
sample,262144,128,vec4,7,972720
sample,262144,128,vec4,8,971145
sample,262144,128,vec4,9,995442
sample,262144,128,vec4,10,956062
sample,262144,128,vec4,11,978923
sample,262144,128,vec4,12,1021932
sample,262144,128,vec4,13,976201
sample,262144,128,vec4,14,977098
sample,262144,128,vec4,15,999515
sample,262144,128,vec4,16,963265
sample,262144,128,vec4,17,987775
sample,262144,128,vec4,18,946080
sample,262144,128,vec4,19,876506
sample,262144,128,vec4,20,894840
sample,262144,128,vec4,21,886951
sample,262144,128,vec4,22,891636
sample,262144,128,vec4,23,947247
sample,262144,128,vec4,24,1226672
sample,262144,128,vec4,25,848230
sample,262144,128,vec4,26,843617
sample,262144,128,vec4,27,892369
sample,262144,128,vec4,28,841969
sample,262144,128,vec4,29,840515
measured,262144,128,fused2,4194304,16777216,5,30,17,955681,979441,603e59446e81431f,99960c282a7f4ca5,none,none
sample,262144,128,fused2,0,921108
sample,262144,128,fused2,1,944367
sample,262144,128,fused2,2,958302
sample,262144,128,fused2,3,975220
sample,262144,128,fused2,4,955681
sample,262144,128,fused2,5,973413
sample,262144,128,fused2,6,981191
sample,262144,128,fused2,7,962784
sample,262144,128,fused2,8,960349
sample,262144,128,fused2,9,959321
sample,262144,128,fused2,10,974349
sample,262144,128,fused2,11,961183
sample,262144,128,fused2,12,979441
sample,262144,128,fused2,13,963220
sample,262144,128,fused2,14,961951
sample,262144,128,fused2,15,958968
sample,262144,128,fused2,16,967108
sample,262144,128,fused2,17,967710
sample,262144,128,fused2,18,942794
sample,262144,128,fused2,19,867904
sample,262144,128,fused2,20,879692
sample,262144,128,fused2,21,880673
sample,262144,128,fused2,22,880951
sample,262144,128,fused2,23,878062
sample,262144,128,fused2,24,917191
sample,262144,128,fused2,25,834673
sample,262144,128,fused2,26,830831
sample,262144,128,fused2,27,825803
sample,262144,128,fused2,28,827349
sample,262144,128,fused2,29,834441
measured,262144,128,tile8,4194304,16777216,5,30,16,1060321,1089792,603e59446e81431f,99960c282a7f4ca5,none,none
sample,262144,128,tile8,0,1065357
sample,262144,128,tile8,1,1059201
sample,262144,128,tile8,2,1074719
sample,262144,128,tile8,3,1076210
sample,262144,128,tile8,4,1087172
sample,262144,128,tile8,5,1072663
sample,262144,128,tile8,6,1089792
sample,262144,128,tile8,7,1046534
sample,262144,128,tile8,8,1084988
sample,262144,128,tile8,9,1078701
sample,262144,128,tile8,10,1083673
sample,262144,128,tile8,11,1064506
sample,262144,128,tile8,12,1060496
sample,262144,128,tile8,13,1076868
sample,262144,128,tile8,14,1065515
sample,262144,128,tile8,15,1102061
sample,262144,128,tile8,16,1060321
sample,262144,128,tile8,17,1068043
sample,262144,128,tile8,18,981275
sample,262144,128,tile8,19,980682
sample,262144,128,tile8,20,993099
sample,262144,128,tile8,21,1048460
sample,262144,128,tile8,22,958478
sample,262144,128,tile8,23,987571
sample,262144,128,tile8,24,931793
sample,262144,128,tile8,25,902414
sample,262144,128,tile8,26,908589
sample,262144,128,tile8,27,924321
sample,262144,128,tile8,28,903997
sample,262144,128,tile8,29,912711
skipped_limit,262144,512,vec4,16777216,67108864,NA,NA,NA,NA,NA,NA,NA,cohort_dispatch_limit,none
skipped_limit,262144,512,fused2,16777216,67108864,NA,NA,NA,NA,NA,NA,NA,cohort_dispatch_limit,none
skipped_limit,262144,512,tile8,16777216,67108864,NA,NA,NA,NA,NA,NA,NA,cohort_dispatch_limit,none
skipped_limit,262144,2048,vec4,67108864,268435456,NA,NA,NA,NA,NA,NA,NA,cohort_dispatch_limit,none
skipped_limit,262144,2048,fused2,67108864,268435456,NA,NA,NA,NA,NA,NA,NA,cohort_dispatch_limit,none
skipped_limit,262144,2048,tile8,67108864,268435456,NA,NA,NA,NA,NA,NA,NA,cohort_dispatch_limit,none
skipped_limit,1048576,128,vec4,16777216,67108864,NA,NA,NA,NA,NA,NA,NA,cohort_dispatch_limit,none
skipped_limit,1048576,128,fused2,16777216,67108864,NA,NA,NA,NA,NA,NA,NA,cohort_dispatch_limit,none
skipped_limit,1048576,128,tile8,16777216,67108864,NA,NA,NA,NA,NA,NA,NA,cohort_dispatch_limit,none
skipped_limit,1048576,512,vec4,67108864,268435456,NA,NA,NA,NA,NA,NA,NA,cohort_dispatch_limit,none
skipped_limit,1048576,512,fused2,67108864,268435456,NA,NA,NA,NA,NA,NA,NA,cohort_dispatch_limit,none
skipped_limit,1048576,512,tile8,67108864,268435456,NA,NA,NA,NA,NA,NA,NA,cohort_dispatch_limit,none
skipped_limit,1048576,2048,vec4,268435456,1073741824,NA,NA,NA,NA,NA,NA,NA,cohort_dispatch_limit,none
skipped_limit,1048576,2048,fused2,268435456,1073741824,NA,NA,NA,NA,NA,NA,NA,cohort_dispatch_limit,none
skipped_limit,1048576,2048,tile8,268435456,1073741824,NA,NA,NA,NA,NA,NA,NA,cohort_dispatch_limit,none
qualification_status=complete
