benchmark=pvp3d_three_candidate_same_device
source_revision=d7eef77562dc952176bc67c9e5c440ac92459a10
adapter=NVIDIA Tegra NVIDIA Thor
backend=Vulkan
device_type=IntegratedGpu
vendor_id=4318
device_id=11008
driver=NVIDIA
driver_info=580.00
hardware_measurement_eligible=true
physical_admission=external_remoteops_evidence_required
performance_claim=none
primary_timing_scope=resident_encode_plus_queue_submit_plus_device_wait
state_reset_scope=completed_before_timer
correctness_readback_scope=before_and_after_timing
candidate_order=ABC_ACB_BAC_BCA_CAB_CBA
resident_payload_scope=source_plus_three_states_excludes_driver_uniforms_and_readback
status,k,g,candidate,state_bytes,resident_payload_bytes,warmups,repeats,logical_dispatches,p50_ns,p95_ns,input_checksum,output_checksum,skip_reason,performance_claim
measured,256,128,vec4,4096,16384,5,30,8,251925,292832,4c67926a9205d7b4,956299587c8af4b4,none,none
sample,256,128,vec4,0,277221
sample,256,128,vec4,1,250675
sample,256,128,vec4,2,245852
sample,256,128,vec4,3,250018
sample,256,128,vec4,4,257416
sample,256,128,vec4,5,256008
sample,256,128,vec4,6,257851
sample,256,128,vec4,7,252611
sample,256,128,vec4,8,253980
sample,256,128,vec4,9,292832
sample,256,128,vec4,10,256916
sample,256,128,vec4,11,245806
sample,256,128,vec4,12,249574
sample,256,128,vec4,13,248665
sample,256,128,vec4,14,249119
sample,256,128,vec4,15,251925
sample,256,128,vec4,16,249342
sample,256,128,vec4,17,248888
sample,256,128,vec4,18,255832
sample,256,128,vec4,19,248231
sample,256,128,vec4,20,249620
sample,256,128,vec4,21,250814
sample,256,128,vec4,22,313925
sample,256,128,vec4,23,252258
sample,256,128,vec4,24,246379
sample,256,128,vec4,25,248342
sample,256,128,vec4,26,256212
sample,256,128,vec4,27,252536
sample,256,128,vec4,28,254481
sample,256,128,vec4,29,254546
measured,256,128,fused2,4096,16384,5,30,7,232389,239665,4c67926a9205d7b4,956299587c8af4b4,none,none
sample,256,128,fused2,0,236536
sample,256,128,fused2,1,233249
sample,256,128,fused2,2,232639
sample,256,128,fused2,3,230137
sample,256,128,fused2,4,230009
sample,256,128,fused2,5,231370
sample,256,128,fused2,6,231638
sample,256,128,fused2,7,232286
sample,256,128,fused2,8,226212
sample,256,128,fused2,9,235658
sample,256,128,fused2,10,226221
sample,256,128,fused2,11,227241
sample,256,128,fused2,12,226249
sample,256,128,fused2,13,229510
sample,256,128,fused2,14,230361
sample,256,128,fused2,15,239665
sample,256,128,fused2,16,234297
sample,256,128,fused2,17,230378
sample,256,128,fused2,18,232610
sample,256,128,fused2,19,232712
sample,256,128,fused2,20,230258
sample,256,128,fused2,21,235472
sample,256,128,fused2,22,239563
sample,256,128,fused2,23,235360
sample,256,128,fused2,24,235981
sample,256,128,fused2,25,232990
sample,256,128,fused2,26,275897
sample,256,128,fused2,27,232389
sample,256,128,fused2,28,231591
sample,256,128,fused2,29,232778
measured,256,128,tile8,4096,16384,5,30,6,205991,242481,4c67926a9205d7b4,956299587c8af4b4,none,none
sample,256,128,tile8,0,242481
sample,256,128,tile8,1,205805
sample,256,128,tile8,2,204436
sample,256,128,tile8,3,200879
sample,256,128,tile8,4,203564
sample,256,128,tile8,5,203083
sample,256,128,tile8,6,207417
sample,256,128,tile8,7,205991
sample,256,128,tile8,8,208277
sample,256,128,tile8,9,204824
sample,256,128,tile8,10,205481
sample,256,128,tile8,11,203083
sample,256,128,tile8,12,202165
sample,256,128,tile8,13,205046
sample,256,128,tile8,14,205657
sample,256,128,tile8,15,208212
sample,256,128,tile8,16,205231
sample,256,128,tile8,17,207370
sample,256,128,tile8,18,205286
sample,256,128,tile8,19,206676
sample,256,128,tile8,20,212193
sample,256,128,tile8,21,206731
sample,256,128,tile8,22,209082
sample,256,128,tile8,23,245601
sample,256,128,tile8,24,207935
sample,256,128,tile8,25,204231
sample,256,128,tile8,26,206424
sample,256,128,tile8,27,206565
sample,256,128,tile8,28,211212
sample,256,128,tile8,29,206545
measured,256,512,vec4,16384,65536,5,30,8,261091,337017,38bbe1f688e24d78,1c8bb372f8f1302e,none,none
sample,256,512,vec4,0,253712
sample,256,512,vec4,1,252101
sample,256,512,vec4,2,262054
sample,256,512,vec4,3,258787
sample,256,512,vec4,4,259897
sample,256,512,vec4,5,258786
sample,256,512,vec4,6,265573
sample,256,512,vec4,7,307120
sample,256,512,vec4,8,261786
sample,256,512,vec4,9,255554
sample,256,512,vec4,10,254055
sample,256,512,vec4,11,259230
sample,256,512,vec4,12,260323
sample,256,512,vec4,13,256008
sample,256,512,vec4,14,261091
sample,256,512,vec4,15,263777
sample,256,512,vec4,16,519008
sample,256,512,vec4,17,269962
sample,256,512,vec4,18,270166
sample,256,512,vec4,19,266860
sample,256,512,vec4,20,337017
sample,256,512,vec4,21,260852
sample,256,512,vec4,22,258943
sample,256,512,vec4,23,258758
sample,256,512,vec4,24,260582
sample,256,512,vec4,25,265352
sample,256,512,vec4,26,265342
sample,256,512,vec4,27,267147
sample,256,512,vec4,28,277583
sample,256,512,vec4,29,266119
measured,256,512,fused2,16384,65536,5,30,7,237981,273444,38bbe1f688e24d78,1c8bb372f8f1302e,none,none
sample,256,512,fused2,0,229786
sample,256,512,fused2,1,232954
sample,256,512,fused2,2,228980
sample,256,512,fused2,3,235601
sample,256,512,fused2,4,233870
sample,256,512,fused2,5,238573
sample,256,512,fused2,6,240249
sample,256,512,fused2,7,273444
sample,256,512,fused2,8,234092
sample,256,512,fused2,9,235796
sample,256,512,fused2,10,235463
sample,256,512,fused2,11,232934
sample,256,512,fused2,12,234629
sample,256,512,fused2,13,237194
sample,256,512,fused2,14,237343
sample,256,512,fused2,15,237916
sample,256,512,fused2,16,262295
sample,256,512,fused2,17,243110
sample,256,512,fused2,18,243443
sample,256,512,fused2,19,248860
sample,256,512,fused2,20,243758
sample,256,512,fused2,21,242230
sample,256,512,fused2,22,237981
sample,256,512,fused2,23,237610
sample,256,512,fused2,24,239075
sample,256,512,fused2,25,241434
sample,256,512,fused2,26,240600
sample,256,512,fused2,27,243925
sample,256,512,fused2,28,301425
sample,256,512,fused2,29,251804
measured,256,512,tile8,16384,65536,5,30,6,215231,233128,38bbe1f688e24d78,1c8bb372f8f1302e,none,none
sample,256,512,tile8,0,209036
sample,256,512,tile8,1,210917
sample,256,512,tile8,2,210045
sample,256,512,tile8,3,214536
sample,256,512,tile8,4,213435
sample,256,512,tile8,5,211971
sample,256,512,tile8,6,220481
sample,256,512,tile8,7,219518
sample,256,512,tile8,8,210804
sample,256,512,tile8,9,211962
sample,256,512,tile8,10,213351
sample,256,512,tile8,11,212574
sample,256,512,tile8,12,213202
sample,256,512,tile8,13,212954
sample,256,512,tile8,14,216638
sample,256,512,tile8,15,217767
sample,256,512,tile8,16,216722
sample,256,512,tile8,17,219943
sample,256,512,tile8,18,220036
sample,256,512,tile8,19,233128
sample,256,512,tile8,20,220045
sample,256,512,tile8,21,214046
sample,256,512,tile8,22,213806
sample,256,512,tile8,23,215231
sample,256,512,tile8,24,215852
sample,256,512,tile8,25,219120
sample,256,512,tile8,26,215601
sample,256,512,tile8,27,220879
sample,256,512,tile8,28,287665
sample,256,512,tile8,29,219722
measured,256,2048,vec4,65536,262144,5,30,8,285306,302138,c9e538e9f9dccedd,259153fc2c7bc4e7,none,none
sample,256,2048,vec4,0,275008
sample,256,2048,vec4,1,271462
sample,256,2048,vec4,2,275444
sample,256,2048,vec4,3,280619
sample,256,2048,vec4,4,277583
sample,256,2048,vec4,5,275296
sample,256,2048,vec4,6,269934
sample,256,2048,vec4,7,278480
sample,256,2048,vec4,8,275778
sample,256,2048,vec4,9,278962
sample,256,2048,vec4,10,279777
sample,256,2048,vec4,11,302138
sample,256,2048,vec4,12,288092
sample,256,2048,vec4,13,285306
sample,256,2048,vec4,14,284489
sample,256,2048,vec4,15,280009
sample,256,2048,vec4,16,282870
sample,256,2048,vec4,17,287240
sample,256,2048,vec4,18,285851
sample,256,2048,vec4,19,286971
sample,256,2048,vec4,20,289008
sample,256,2048,vec4,21,288425
sample,256,2048,vec4,22,289110
sample,256,2048,vec4,23,300137
sample,256,2048,vec4,24,297897
sample,256,2048,vec4,25,325443
sample,256,2048,vec4,26,294370
sample,256,2048,vec4,27,297444
sample,256,2048,vec4,28,299360
sample,256,2048,vec4,29,301212
measured,256,2048,fused2,65536,262144,5,30,7,256610,277657,c9e538e9f9dccedd,259153fc2c7bc4e7,none,none
sample,256,2048,fused2,0,244370
sample,256,2048,fused2,1,246555
sample,256,2048,fused2,2,248443
sample,256,2048,fused2,3,248045
sample,256,2048,fused2,4,257907
sample,256,2048,fused2,5,251315
sample,256,2048,fused2,6,245129
sample,256,2048,fused2,7,251889
sample,256,2048,fused2,8,247787
sample,256,2048,fused2,9,251924
sample,256,2048,fused2,10,253527
sample,256,2048,fused2,11,251777
sample,256,2048,fused2,12,275564
sample,256,2048,fused2,13,256610
sample,256,2048,fused2,14,254906
sample,256,2048,fused2,15,254073
sample,256,2048,fused2,16,257989
sample,256,2048,fused2,17,255684
sample,256,2048,fused2,18,259740
sample,256,2048,fused2,19,259657
sample,256,2048,fused2,20,261204
sample,256,2048,fused2,21,270499
sample,256,2048,fused2,22,261110
sample,256,2048,fused2,23,261175
sample,256,2048,fused2,24,299156
sample,256,2048,fused2,25,277657
sample,256,2048,fused2,26,266406
sample,256,2048,fused2,27,262490
sample,256,2048,fused2,28,267027
sample,256,2048,fused2,29,273055
measured,256,2048,tile8,65536,262144,5,30,6,236351,250555,c9e538e9f9dccedd,259153fc2c7bc4e7,none,none
sample,256,2048,tile8,0,224156
sample,256,2048,tile8,1,232777
sample,256,2048,tile8,2,227443
sample,256,2048,tile8,3,227452
sample,256,2048,tile8,4,269722
sample,256,2048,tile8,5,230676
sample,256,2048,tile8,6,228462
sample,256,2048,tile8,7,228379
sample,256,2048,tile8,8,233202
sample,256,2048,tile8,9,230600
sample,256,2048,tile8,10,230480
sample,256,2048,tile8,11,231360
sample,256,2048,tile8,12,247861
sample,256,2048,tile8,13,236120
sample,256,2048,tile8,14,236351
sample,256,2048,tile8,15,232731
sample,256,2048,tile8,16,238796
sample,256,2048,tile8,17,239240
sample,256,2048,tile8,18,238703
sample,256,2048,tile8,19,238630
sample,256,2048,tile8,20,250555
sample,256,2048,tile8,21,241971
sample,256,2048,tile8,22,237638
sample,256,2048,tile8,23,235351
sample,256,2048,tile8,24,248878
sample,256,2048,tile8,25,244693
sample,256,2048,tile8,26,244240
sample,256,2048,tile8,27,243055
sample,256,2048,tile8,28,245333
sample,256,2048,tile8,29,244694
measured,1024,128,vec4,16384,65536,5,30,10,389629,409703,26abf5bddd03bbc5,79acd556594188cd,none,none
sample,1024,128,vec4,0,369490
sample,1024,128,vec4,1,370129
sample,1024,128,vec4,2,371591
sample,1024,128,vec4,3,373647
sample,1024,128,vec4,4,383702
sample,1024,128,vec4,5,379749
sample,1024,128,vec4,6,392193
sample,1024,128,vec4,7,375249
sample,1024,128,vec4,8,380073
sample,1024,128,vec4,9,382007
sample,1024,128,vec4,10,380295
sample,1024,128,vec4,11,409703
sample,1024,128,vec4,12,393416
sample,1024,128,vec4,13,380055
sample,1024,128,vec4,14,397314
sample,1024,128,vec4,15,388295
sample,1024,128,vec4,16,389629
sample,1024,128,vec4,17,387823
sample,1024,128,vec4,18,387573
sample,1024,128,vec4,19,405962
sample,1024,128,vec4,20,398129
sample,1024,128,vec4,21,402222
sample,1024,128,vec4,22,393804
sample,1024,128,vec4,23,416870
sample,1024,128,vec4,24,408416
sample,1024,128,vec4,25,397962
sample,1024,128,vec4,26,399777
sample,1024,128,vec4,27,409647
sample,1024,128,vec4,28,400221
sample,1024,128,vec4,29,407425
measured,1024,128,fused2,16384,65536,5,30,9,360462,384583,26abf5bddd03bbc5,79acd556594188cd,none,none
sample,1024,128,fused2,0,342249
sample,1024,128,fused2,1,342851
sample,1024,128,fused2,2,343897
sample,1024,128,fused2,3,345305
sample,1024,128,fused2,4,373240
sample,1024,128,fused2,5,406657
sample,1024,128,fused2,6,353379
sample,1024,128,fused2,7,345814
sample,1024,128,fused2,8,356518
sample,1024,128,fused2,9,350305
sample,1024,128,fused2,10,352749
sample,1024,128,fused2,11,370221
sample,1024,128,fused2,12,360462
sample,1024,128,fused2,13,356870
sample,1024,128,fused2,14,353017
sample,1024,128,fused2,15,358582
sample,1024,128,fused2,16,359592
sample,1024,128,fused2,17,367888
sample,1024,128,fused2,18,357675
sample,1024,128,fused2,19,372609
sample,1024,128,fused2,20,366934
sample,1024,128,fused2,21,370740
sample,1024,128,fused2,22,364915
sample,1024,128,fused2,23,370619
sample,1024,128,fused2,24,384583
sample,1024,128,fused2,25,371841
sample,1024,128,fused2,26,371879
sample,1024,128,fused2,27,380981
sample,1024,128,fused2,28,371684
sample,1024,128,fused2,29,371666
measured,1024,128,tile8,16384,65536,5,30,8,324083,378722,26abf5bddd03bbc5,79acd556594188cd,none,none
sample,1024,128,tile8,0,312555
sample,1024,128,tile8,1,315555
sample,1024,128,tile8,2,313981
sample,1024,128,tile8,3,308648
sample,1024,128,tile8,4,317703
sample,1024,128,tile8,5,320804
sample,1024,128,tile8,6,313082
sample,1024,128,tile8,7,313156
sample,1024,128,tile8,8,318036
sample,1024,128,tile8,9,317407
sample,1024,128,tile8,10,316703
sample,1024,128,tile8,11,314721
sample,1024,128,tile8,12,324083
sample,1024,128,tile8,13,319944
sample,1024,128,tile8,14,325388
sample,1024,128,tile8,15,322582
sample,1024,128,tile8,16,324304
sample,1024,128,tile8,17,324620
sample,1024,128,tile8,18,334647
sample,1024,128,tile8,19,329972
sample,1024,128,tile8,20,378722
sample,1024,128,tile8,21,353184
sample,1024,128,tile8,22,327018
sample,1024,128,tile8,23,338545
sample,1024,128,tile8,24,334656
sample,1024,128,tile8,25,333045
sample,1024,128,tile8,26,404527
sample,1024,128,tile8,27,359758
sample,1024,128,tile8,28,336519
sample,1024,128,tile8,29,336906
measured,1024,512,vec4,65536,262144,5,30,10,419129,426592,0949b62ffc70d026,7663f0c9d3466943,none,none
sample,1024,512,vec4,0,420545
sample,1024,512,vec4,1,417776
sample,1024,512,vec4,2,423638
sample,1024,512,vec4,3,420046
sample,1024,512,vec4,4,419870
sample,1024,512,vec4,5,413305
sample,1024,512,vec4,6,416156
sample,1024,512,vec4,7,417998
sample,1024,512,vec4,8,420157
sample,1024,512,vec4,9,418962
sample,1024,512,vec4,10,421286
sample,1024,512,vec4,11,418914
sample,1024,512,vec4,12,417258
sample,1024,512,vec4,13,419129
sample,1024,512,vec4,14,425600
sample,1024,512,vec4,15,415833
sample,1024,512,vec4,16,426592
sample,1024,512,vec4,17,415730
sample,1024,512,vec4,18,417527
sample,1024,512,vec4,19,418749
sample,1024,512,vec4,20,419795
sample,1024,512,vec4,21,411387
sample,1024,512,vec4,22,410796
sample,1024,512,vec4,23,419647
sample,1024,512,vec4,24,419377
sample,1024,512,vec4,25,420590
sample,1024,512,vec4,26,419416
sample,1024,512,vec4,27,420360
sample,1024,512,vec4,28,427619
sample,1024,512,vec4,29,414341
measured,1024,512,fused2,65536,262144,5,30,9,386304,430351,0949b62ffc70d026,7663f0c9d3466943,none,none
sample,1024,512,fused2,0,383286
sample,1024,512,fused2,1,400018
sample,1024,512,fused2,2,386536
sample,1024,512,fused2,3,388961
sample,1024,512,fused2,4,394665
sample,1024,512,fused2,5,380082
sample,1024,512,fused2,6,383388
sample,1024,512,fused2,7,384925
sample,1024,512,fused2,8,384240
sample,1024,512,fused2,9,385869
sample,1024,512,fused2,10,385666
sample,1024,512,fused2,11,387027
sample,1024,512,fused2,12,386610
sample,1024,512,fused2,13,397804
sample,1024,512,fused2,14,440749
sample,1024,512,fused2,15,386110
sample,1024,512,fused2,16,390323
sample,1024,512,fused2,17,386694
sample,1024,512,fused2,18,386304
sample,1024,512,fused2,19,395785
sample,1024,512,fused2,20,384527
sample,1024,512,fused2,21,380462
sample,1024,512,fused2,22,383370
sample,1024,512,fused2,23,387193
sample,1024,512,fused2,24,386286
sample,1024,512,fused2,25,388277
sample,1024,512,fused2,26,392378
sample,1024,512,fused2,27,384683
sample,1024,512,fused2,28,430351
sample,1024,512,fused2,29,384693
measured,1024,512,tile8,65536,262144,5,30,8,353508,375786,0949b62ffc70d026,7663f0c9d3466943,none,none
sample,1024,512,tile8,0,353508
sample,1024,512,tile8,1,351157
sample,1024,512,tile8,2,358212
sample,1024,512,tile8,3,357490
sample,1024,512,tile8,4,356119
sample,1024,512,tile8,5,374008
sample,1024,512,tile8,6,349804
sample,1024,512,tile8,7,363128
sample,1024,512,tile8,8,354147
sample,1024,512,tile8,9,351554
sample,1024,512,tile8,10,350953
sample,1024,512,tile8,11,354786
sample,1024,512,tile8,12,355480
sample,1024,512,tile8,13,387869
sample,1024,512,tile8,14,358953
sample,1024,512,tile8,15,349230
sample,1024,512,tile8,16,349091
sample,1024,512,tile8,17,352222
sample,1024,512,tile8,18,356240
sample,1024,512,tile8,19,375786
sample,1024,512,tile8,20,352360
sample,1024,512,tile8,21,352054
sample,1024,512,tile8,22,350722
sample,1024,512,tile8,23,350120
sample,1024,512,tile8,24,353666
sample,1024,512,tile8,25,357184
sample,1024,512,tile8,26,356341
sample,1024,512,tile8,27,352240
sample,1024,512,tile8,28,349092
sample,1024,512,tile8,29,349231
measured,1024,2048,vec4,262144,1048576,5,30,10,428369,457220,2d4a1c573b9665e7,d32c613321b43c7f,none,none
sample,1024,2048,vec4,0,430379
sample,1024,2048,vec4,1,426999
sample,1024,2048,vec4,2,428823
sample,1024,2048,vec4,3,427860
sample,1024,2048,vec4,4,432527
sample,1024,2048,vec4,5,433897
sample,1024,2048,vec4,6,428888
sample,1024,2048,vec4,7,432795
sample,1024,2048,vec4,8,427323
sample,1024,2048,vec4,9,443628
sample,1024,2048,vec4,10,478016
sample,1024,2048,vec4,11,419016
sample,1024,2048,vec4,12,426378
sample,1024,2048,vec4,13,425841
sample,1024,2048,vec4,14,425813
sample,1024,2048,vec4,15,427083
sample,1024,2048,vec4,16,430907
sample,1024,2048,vec4,17,428369
sample,1024,2048,vec4,18,430129
sample,1024,2048,vec4,19,429916
sample,1024,2048,vec4,20,419980
sample,1024,2048,vec4,21,427304
sample,1024,2048,vec4,22,433378
sample,1024,2048,vec4,23,457220
sample,1024,2048,vec4,24,440823
sample,1024,2048,vec4,25,428962
sample,1024,2048,vec4,26,421322
sample,1024,2048,vec4,27,426398
sample,1024,2048,vec4,28,426859
sample,1024,2048,vec4,29,427212
measured,1024,2048,fused2,262144,1048576,5,30,9,392388,415100,2d4a1c573b9665e7,d32c613321b43c7f,none,none
sample,1024,2048,fused2,0,392981
sample,1024,2048,fused2,1,394007
sample,1024,2048,fused2,2,391351
sample,1024,2048,fused2,3,390749
sample,1024,2048,fused2,4,455379
sample,1024,2048,fused2,5,392601
sample,1024,2048,fused2,6,391749
sample,1024,2048,fused2,7,390507
sample,1024,2048,fused2,8,389360
sample,1024,2048,fused2,9,390731
sample,1024,2048,fused2,10,405546
sample,1024,2048,fused2,11,388240
sample,1024,2048,fused2,12,396054
sample,1024,2048,fused2,13,390462
sample,1024,2048,fused2,14,392249
sample,1024,2048,fused2,15,392471
sample,1024,2048,fused2,16,394712
sample,1024,2048,fused2,17,394147
sample,1024,2048,fused2,18,406425
sample,1024,2048,fused2,19,386008
sample,1024,2048,fused2,20,384768
sample,1024,2048,fused2,21,392388
sample,1024,2048,fused2,22,392684
sample,1024,2048,fused2,23,406851
sample,1024,2048,fused2,24,415100
sample,1024,2048,fused2,25,388546
sample,1024,2048,fused2,26,390138
sample,1024,2048,fused2,27,391740
sample,1024,2048,fused2,28,393619
sample,1024,2048,fused2,29,404665
measured,1024,2048,tile8,262144,1048576,5,30,8,372842,388258,2d4a1c573b9665e7,d32c613321b43c7f,none,none
sample,1024,2048,tile8,0,375990
sample,1024,2048,tile8,1,375712
sample,1024,2048,tile8,2,372842
sample,1024,2048,tile8,3,374035
sample,1024,2048,tile8,4,376027
sample,1024,2048,tile8,5,369480
sample,1024,2048,tile8,6,374202
sample,1024,2048,tile8,7,368324
sample,1024,2048,tile8,8,372925
sample,1024,2048,tile8,9,375416
sample,1024,2048,tile8,10,388258
sample,1024,2048,tile8,11,374249
sample,1024,2048,tile8,12,368666
sample,1024,2048,tile8,13,373406
sample,1024,2048,tile8,14,371814
sample,1024,2048,tile8,15,384972
sample,1024,2048,tile8,16,372092
sample,1024,2048,tile8,17,372044
sample,1024,2048,tile8,18,413814
sample,1024,2048,tile8,19,373295
sample,1024,2048,tile8,20,369240
sample,1024,2048,tile8,21,369951
sample,1024,2048,tile8,22,373490
sample,1024,2048,tile8,23,369091
sample,1024,2048,tile8,24,382610
sample,1024,2048,tile8,25,368507
sample,1024,2048,tile8,26,367684
sample,1024,2048,tile8,27,372322
sample,1024,2048,tile8,28,370601
sample,1024,2048,tile8,29,367999
measured,4096,128,vec4,65536,262144,5,30,12,489731,520406,d878e557b6daedce,8cc85ceb09c8efed,none,none
sample,4096,128,vec4,0,489731
sample,4096,128,vec4,1,491312
sample,4096,128,vec4,2,496980
sample,4096,128,vec4,3,491471
sample,4096,128,vec4,4,493647
sample,4096,128,vec4,5,488527
sample,4096,128,vec4,6,491766
sample,4096,128,vec4,7,518636
sample,4096,128,vec4,8,481507
sample,4096,128,vec4,9,496572
sample,4096,128,vec4,10,487998
sample,4096,128,vec4,11,488544
sample,4096,128,vec4,12,491387
sample,4096,128,vec4,13,496360
sample,4096,128,vec4,14,520406
sample,4096,128,vec4,15,482423
sample,4096,128,vec4,16,487988
sample,4096,128,vec4,17,497183
sample,4096,128,vec4,18,491638
sample,4096,128,vec4,19,489072
sample,4096,128,vec4,20,488379
sample,4096,128,vec4,21,492684
sample,4096,128,vec4,22,549128
sample,4096,128,vec4,23,486675
sample,4096,128,vec4,24,483563
sample,4096,128,vec4,25,493128
sample,4096,128,vec4,26,488082
sample,4096,128,vec4,27,488054
sample,4096,128,vec4,28,482600
sample,4096,128,vec4,29,486331
measured,4096,128,fused2,65536,262144,5,30,11,456657,463620,d878e557b6daedce,8cc85ceb09c8efed,none,none
sample,4096,128,fused2,0,458972
sample,4096,128,fused2,1,463368
sample,4096,128,fused2,2,469119
sample,4096,128,fused2,3,456657
sample,4096,128,fused2,4,460303
sample,4096,128,fused2,5,458202
sample,4096,128,fused2,6,456073
sample,4096,128,fused2,7,455646
sample,4096,128,fused2,8,451989
sample,4096,128,fused2,9,449619
sample,4096,128,fused2,10,461462
sample,4096,128,fused2,11,458591
sample,4096,128,fused2,12,463314
sample,4096,128,fused2,13,452407
sample,4096,128,fused2,14,451906
sample,4096,128,fused2,15,456990
sample,4096,128,fused2,16,448295
sample,4096,128,fused2,17,458157
sample,4096,128,fused2,18,456507
sample,4096,128,fused2,19,451711
sample,4096,128,fused2,20,455526
sample,4096,128,fused2,21,456064
sample,4096,128,fused2,22,461184
sample,4096,128,fused2,23,447174
sample,4096,128,fused2,24,462619
sample,4096,128,fused2,25,459758
sample,4096,128,fused2,26,457212
sample,4096,128,fused2,27,463620
sample,4096,128,fused2,28,452989
sample,4096,128,fused2,29,451888
measured,4096,128,tile8,65536,262144,5,30,10,425397,486081,d878e557b6daedce,8cc85ceb09c8efed,none,none
sample,4096,128,tile8,0,422703
sample,4096,128,tile8,1,423341
sample,4096,128,tile8,2,428314
sample,4096,128,tile8,3,431100
sample,4096,128,tile8,4,426896
sample,4096,128,tile8,5,430518
sample,4096,128,tile8,6,490443
sample,4096,128,tile8,7,424536
sample,4096,128,tile8,8,419452
sample,4096,128,tile8,9,424962
sample,4096,128,tile8,10,427628
sample,4096,128,tile8,11,426794
sample,4096,128,tile8,12,428638
sample,4096,128,tile8,13,425397
sample,4096,128,tile8,14,486081
sample,4096,128,tile8,15,420656
sample,4096,128,tile8,16,420388
sample,4096,128,tile8,17,419267
sample,4096,128,tile8,18,426082
sample,4096,128,tile8,19,437842
sample,4096,128,tile8,20,427545
sample,4096,128,tile8,21,423138
sample,4096,128,tile8,22,435933
sample,4096,128,tile8,23,423203
sample,4096,128,tile8,24,423823
sample,4096,128,tile8,25,422684
sample,4096,128,tile8,26,428304
sample,4096,128,tile8,27,481851
sample,4096,128,tile8,28,424805
sample,4096,128,tile8,29,423702
measured,4096,512,vec4,262144,1048576,5,30,12,502099,554304,07e875993970433c,207dceeda1be3f5b,none,none
sample,4096,512,vec4,0,499609
sample,4096,512,vec4,1,500025
sample,4096,512,vec4,2,502832
sample,4096,512,vec4,3,502099
sample,4096,512,vec4,4,554304
sample,4096,512,vec4,5,491027
sample,4096,512,vec4,6,496211
sample,4096,512,vec4,7,501924
sample,4096,512,vec4,8,505378
sample,4096,512,vec4,9,503452
sample,4096,512,vec4,10,502045
sample,4096,512,vec4,11,562147
sample,4096,512,vec4,12,507444
sample,4096,512,vec4,13,492860
sample,4096,512,vec4,14,501823
sample,4096,512,vec4,15,501072
sample,4096,512,vec4,16,498664
sample,4096,512,vec4,17,503647
sample,4096,512,vec4,18,503045
sample,4096,512,vec4,19,505027
sample,4096,512,vec4,20,504035
sample,4096,512,vec4,21,498035
sample,4096,512,vec4,22,498092
sample,4096,512,vec4,23,504296
sample,4096,512,vec4,24,505851
sample,4096,512,vec4,25,496564
sample,4096,512,vec4,26,512331
sample,4096,512,vec4,27,496674
sample,4096,512,vec4,28,502684
sample,4096,512,vec4,29,503859
measured,4096,512,fused2,262144,1048576,5,30,11,465378,520999,07e875993970433c,207dceeda1be3f5b,none,none
sample,4096,512,fused2,0,467693
sample,4096,512,fused2,1,472443
sample,4096,512,fused2,2,463905
sample,4096,512,fused2,3,467295
sample,4096,512,fused2,4,468183
sample,4096,512,fused2,5,454156
sample,4096,512,fused2,6,464786
sample,4096,512,fused2,7,465378
sample,4096,512,fused2,8,466998
sample,4096,512,fused2,9,463305
sample,4096,512,fused2,10,465202
sample,4096,512,fused2,11,476257
sample,4096,512,fused2,12,457128
sample,4096,512,fused2,13,459990
sample,4096,512,fused2,14,466480
sample,4096,512,fused2,15,465962
sample,4096,512,fused2,16,469999
sample,4096,512,fused2,17,465591
sample,4096,512,fused2,18,527173
sample,4096,512,fused2,19,459684
sample,4096,512,fused2,20,462136
sample,4096,512,fused2,21,455794
sample,4096,512,fused2,22,465081
sample,4096,512,fused2,23,466822
sample,4096,512,fused2,24,469776
sample,4096,512,fused2,25,475240
sample,4096,512,fused2,26,520999
sample,4096,512,fused2,27,456554
sample,4096,512,fused2,28,464618
sample,4096,512,fused2,29,463230
measured,4096,512,tile8,262144,1048576,5,30,10,447897,467212,07e875993970433c,207dceeda1be3f5b,none,none
sample,4096,512,tile8,0,448397
sample,4096,512,tile8,1,447323
sample,4096,512,tile8,2,452823
sample,4096,512,tile8,3,451583
sample,4096,512,tile8,4,477082
sample,4096,512,tile8,5,447462
sample,4096,512,tile8,6,445508
sample,4096,512,tile8,7,448397
sample,4096,512,tile8,8,444221
sample,4096,512,tile8,9,450064
sample,4096,512,tile8,10,445971
sample,4096,512,tile8,11,447897
sample,4096,512,tile8,12,441749
sample,4096,512,tile8,13,455461
sample,4096,512,tile8,14,448601
sample,4096,512,tile8,15,448971
sample,4096,512,tile8,16,457722
sample,4096,512,tile8,17,449063
sample,4096,512,tile8,18,467212
sample,4096,512,tile8,19,444442
sample,4096,512,tile8,20,440573
sample,4096,512,tile8,21,447897
sample,4096,512,tile8,22,446878
sample,4096,512,tile8,23,448804
sample,4096,512,tile8,24,448138
sample,4096,512,tile8,25,445868
sample,4096,512,tile8,26,442545
sample,4096,512,tile8,27,447721
sample,4096,512,tile8,28,452638
sample,4096,512,tile8,29,446415
measured,4096,2048,vec4,1048576,4194304,5,30,12,555952,567711,4143a88e49ed614b,e0842ad8f72c0c9f,none,none
sample,4096,2048,vec4,0,558072
sample,4096,2048,vec4,1,565563
sample,4096,2048,vec4,2,567711
sample,4096,2048,vec4,3,553748
sample,4096,2048,vec4,4,557516
sample,4096,2048,vec4,5,557970
sample,4096,2048,vec4,6,559341
sample,4096,2048,vec4,7,553017
sample,4096,2048,vec4,8,544868
sample,4096,2048,vec4,9,564332
sample,4096,2048,vec4,10,555952
sample,4096,2048,vec4,11,551998
sample,4096,2048,vec4,12,554924
sample,4096,2048,vec4,13,618201
sample,4096,2048,vec4,14,553008
sample,4096,2048,vec4,15,559110
sample,4096,2048,vec4,16,555933
sample,4096,2048,vec4,17,547879
sample,4096,2048,vec4,18,547138
sample,4096,2048,vec4,19,556878
sample,4096,2048,vec4,20,563184
sample,4096,2048,vec4,21,552600
sample,4096,2048,vec4,22,558814
sample,4096,2048,vec4,23,557868
sample,4096,2048,vec4,24,553378
sample,4096,2048,vec4,25,561915
sample,4096,2048,vec4,26,555767
sample,4096,2048,vec4,27,563406
sample,4096,2048,vec4,28,546563
sample,4096,2048,vec4,29,555740
measured,4096,2048,fused2,1048576,4194304,5,30,11,519795,548535,4143a88e49ed614b,e0842ad8f72c0c9f,none,none
sample,4096,2048,fused2,0,548535
sample,4096,2048,fused2,1,518962
sample,4096,2048,fused2,2,515156
sample,4096,2048,fused2,3,520165
sample,4096,2048,fused2,4,522666
sample,4096,2048,fused2,5,519981
sample,4096,2048,fused2,6,531590
sample,4096,2048,fused2,7,517350
sample,4096,2048,fused2,8,518434
sample,4096,2048,fused2,9,518740
sample,4096,2048,fused2,10,534147
sample,4096,2048,fused2,11,517340
sample,4096,2048,fused2,12,524156
sample,4096,2048,fused2,13,519795
sample,4096,2048,fused2,14,514434
sample,4096,2048,fused2,15,518860
sample,4096,2048,fused2,16,545749
sample,4096,2048,fused2,17,521332
sample,4096,2048,fused2,18,510249
sample,4096,2048,fused2,19,521276
sample,4096,2048,fused2,20,518027
sample,4096,2048,fused2,21,519600
sample,4096,2048,fused2,22,523452
sample,4096,2048,fused2,23,544629
sample,4096,2048,fused2,24,516044
sample,4096,2048,fused2,25,523138
sample,4096,2048,fused2,26,517666
sample,4096,2048,fused2,27,536155
sample,4096,2048,fused2,28,559674
sample,4096,2048,fused2,29,518406
measured,4096,2048,tile8,1048576,4194304,5,30,10,546664,593877,4143a88e49ed614b,e0842ad8f72c0c9f,none,none
sample,4096,2048,tile8,0,593877
sample,4096,2048,tile8,1,541934
sample,4096,2048,tile8,2,550127
sample,4096,2048,tile8,3,545692
sample,4096,2048,tile8,4,545952
sample,4096,2048,tile8,5,548536
sample,4096,2048,tile8,6,549341
sample,4096,2048,tile8,7,540258
sample,4096,2048,tile8,8,546840
sample,4096,2048,tile8,9,557832
sample,4096,2048,tile8,10,544036
sample,4096,2048,tile8,11,549157
sample,4096,2048,tile8,12,587775
sample,4096,2048,tile8,13,547258
sample,4096,2048,tile8,14,552805
sample,4096,2048,tile8,15,545331
sample,4096,2048,tile8,16,543201
sample,4096,2048,tile8,17,592203
sample,4096,2048,tile8,18,538526
sample,4096,2048,tile8,19,552451
sample,4096,2048,tile8,20,550267
sample,4096,2048,tile8,21,539248
sample,4096,2048,tile8,22,545175
sample,4096,2048,tile8,23,560333
sample,4096,2048,tile8,24,544230
sample,4096,2048,tile8,25,546664
sample,4096,2048,tile8,26,544304
sample,4096,2048,tile8,27,603378
sample,4096,2048,tile8,28,539674
sample,4096,2048,tile8,29,541054
measured,16384,128,vec4,262144,1048576,5,30,14,574646,596896,318e48fc80dadb1f,a09bc0e13ecf9bf8,none,none
sample,16384,128,vec4,0,574277
sample,16384,128,vec4,1,575008
sample,16384,128,vec4,2,589165
sample,16384,128,vec4,3,584333
sample,16384,128,vec4,4,575007
sample,16384,128,vec4,5,568646
sample,16384,128,vec4,6,573749
sample,16384,128,vec4,7,570471
sample,16384,128,vec4,8,579128
sample,16384,128,vec4,9,570766
sample,16384,128,vec4,10,580591
sample,16384,128,vec4,11,574646
sample,16384,128,vec4,12,573952
sample,16384,128,vec4,13,576609
sample,16384,128,vec4,14,573888
sample,16384,128,vec4,15,596896
sample,16384,128,vec4,16,570063
sample,16384,128,vec4,17,574201
sample,16384,128,vec4,18,573350
sample,16384,128,vec4,19,574507
sample,16384,128,vec4,20,578916
sample,16384,128,vec4,21,586823
sample,16384,128,vec4,22,569304
sample,16384,128,vec4,23,586202
sample,16384,128,vec4,24,579267
sample,16384,128,vec4,25,577054
sample,16384,128,vec4,26,578351
sample,16384,128,vec4,27,571164
sample,16384,128,vec4,28,563712
sample,16384,128,vec4,29,757859
measured,16384,128,fused2,262144,1048576,5,30,13,546295,588933,318e48fc80dadb1f,a09bc0e13ecf9bf8,none,none
sample,16384,128,fused2,0,545407
sample,16384,128,fused2,1,545110
sample,16384,128,fused2,2,548915
sample,16384,128,fused2,3,547813
sample,16384,128,fused2,4,588933
sample,16384,128,fused2,5,554045
sample,16384,128,fused2,6,549518
sample,16384,128,fused2,7,551591
sample,16384,128,fused2,8,548620
sample,16384,128,fused2,9,553516
sample,16384,128,fused2,10,541220
sample,16384,128,fused2,11,543924
sample,16384,128,fused2,12,538341
sample,16384,128,fused2,13,548572
sample,16384,128,fused2,14,546295
sample,16384,128,fused2,15,554618
sample,16384,128,fused2,16,536295
sample,16384,128,fused2,17,541924
sample,16384,128,fused2,18,541165
sample,16384,128,fused2,19,544702
sample,16384,128,fused2,20,547073
sample,16384,128,fused2,21,544591
sample,16384,128,fused2,22,536101
sample,16384,128,fused2,23,546248
sample,16384,128,fused2,24,547193
sample,16384,128,fused2,25,569424
sample,16384,128,fused2,26,550953
sample,16384,128,fused2,27,541415
sample,16384,128,fused2,28,546119
sample,16384,128,fused2,29,721739
measured,16384,128,tile8,262144,1048576,5,30,12,522701,581665,318e48fc80dadb1f,a09bc0e13ecf9bf8,none,none
sample,16384,128,tile8,0,524979
sample,16384,128,tile8,1,529795
sample,16384,128,tile8,2,530369
sample,16384,128,tile8,3,523035
sample,16384,128,tile8,4,525943
sample,16384,128,tile8,5,581665
sample,16384,128,tile8,6,525294
sample,16384,128,tile8,7,526341
sample,16384,128,tile8,8,521471
sample,16384,128,tile8,9,547488
sample,16384,128,tile8,10,508684
sample,16384,128,tile8,11,522701
sample,16384,128,tile8,12,527036
sample,16384,128,tile8,13,519480
sample,16384,128,tile8,14,519323
sample,16384,128,tile8,15,525378
sample,16384,128,tile8,16,521424
sample,16384,128,tile8,17,516906
sample,16384,128,tile8,18,520101
sample,16384,128,tile8,19,520053
sample,16384,128,tile8,20,526091
sample,16384,128,tile8,21,520712
sample,16384,128,tile8,22,550323
sample,16384,128,tile8,23,517359
sample,16384,128,tile8,24,520379
sample,16384,128,tile8,25,519405
sample,16384,128,tile8,26,525619
sample,16384,128,tile8,27,515054
sample,16384,128,tile8,28,516377
sample,16384,128,tile8,29,687535
measured,16384,512,vec4,1048576,4194304,5,30,14,847367,1034323,08b87a1ca99fa7b8,cc66b7b8fae87df4,none,none
sample,16384,512,vec4,0,1027849
sample,16384,512,vec4,1,1033682
sample,16384,512,vec4,2,1030479
sample,16384,512,vec4,3,1041673
sample,16384,512,vec4,4,1005247
sample,16384,512,vec4,5,1029821
sample,16384,512,vec4,6,1022942
sample,16384,512,vec4,7,1034323
sample,16384,512,vec4,8,1025840
sample,16384,512,vec4,9,1027098
sample,16384,512,vec4,10,892192
sample,16384,512,vec4,11,856220
sample,16384,512,vec4,12,833229
sample,16384,512,vec4,13,850553
sample,16384,512,vec4,14,865386
sample,16384,512,vec4,15,840118
sample,16384,512,vec4,16,833507
sample,16384,512,vec4,17,847367
sample,16384,512,vec4,18,862219
sample,16384,512,vec4,19,798109
sample,16384,512,vec4,20,762711
sample,16384,512,vec4,21,743211
sample,16384,512,vec4,22,751026
sample,16384,512,vec4,23,760646
sample,16384,512,vec4,24,763535
sample,16384,512,vec4,25,734081
sample,16384,512,vec4,26,747905
sample,16384,512,vec4,27,757719
sample,16384,512,vec4,28,753859
sample,16384,512,vec4,29,708211
measured,16384,512,fused2,1048576,4194304,5,30,13,793442,985682,08b87a1ca99fa7b8,cc66b7b8fae87df4,none,none
sample,16384,512,fused2,0,970016
sample,16384,512,fused2,1,986627
sample,16384,512,fused2,2,980507
sample,16384,512,fused2,3,985682
sample,16384,512,fused2,4,976858
sample,16384,512,fused2,5,972173
sample,16384,512,fused2,6,964895
sample,16384,512,fused2,7,980747
sample,16384,512,fused2,8,982377
sample,16384,512,fused2,9,961589
sample,16384,512,fused2,10,800682
sample,16384,512,fused2,11,782016
sample,16384,512,fused2,12,789072
sample,16384,512,fused2,13,793442
sample,16384,512,fused2,14,791275
sample,16384,512,fused2,15,797545
sample,16384,512,fused2,16,796257
sample,16384,512,fused2,17,809654
sample,16384,512,fused2,18,797664
sample,16384,512,fused2,19,753674
sample,16384,512,fused2,20,766525
sample,16384,512,fused2,21,693164
sample,16384,512,fused2,22,704441
sample,16384,512,fused2,23,710608
sample,16384,512,fused2,24,687461
sample,16384,512,fused2,25,709230
sample,16384,512,fused2,26,701748
sample,16384,512,fused2,27,709276
sample,16384,512,fused2,28,709767
sample,16384,512,fused2,29,700618
measured,16384,512,tile8,1048576,4194304,5,30,12,820516,1017136,08b87a1ca99fa7b8,cc66b7b8fae87df4,none,none
sample,16384,512,tile8,0,1006636
sample,16384,512,tile8,1,1017136
sample,16384,512,tile8,2,1018331
sample,16384,512,tile8,3,1006303
sample,16384,512,tile8,4,977044
sample,16384,512,tile8,5,999580
sample,16384,512,tile8,6,984052
sample,16384,512,tile8,7,1007506
sample,16384,512,tile8,8,1007904
sample,16384,512,tile8,9,992128
sample,16384,512,tile8,10,905562
sample,16384,512,tile8,11,859034
sample,16384,512,tile8,12,820516
sample,16384,512,tile8,13,818257
sample,16384,512,tile8,14,832877
sample,16384,512,tile8,15,849368
sample,16384,512,tile8,16,809080
sample,16384,512,tile8,17,837442
sample,16384,512,tile8,18,796767
sample,16384,512,tile8,19,769081
sample,16384,512,tile8,20,705628
sample,16384,512,tile8,21,711952
sample,16384,512,tile8,22,715220
sample,16384,512,tile8,23,741572
sample,16384,512,tile8,24,725433
sample,16384,512,tile8,25,715415
sample,16384,512,tile8,26,732461
sample,16384,512,tile8,27,718406
sample,16384,512,tile8,28,717257
sample,16384,512,tile8,29,706924

thread 'main' panicked at examples/pvp3d_three_candidate_bench.rs:164:13:
assertion `left == right` failed: PVP3d pre-timing oracle mismatch K=16384 G=2048 candidate=Fused2
  left: [full vector retained losslessly as deterministic oracle plus mismatch-delta.csv; see mismatch-manifest.json]
 right: [full vector retained losslessly as deterministic oracle plus mismatch-delta.csv; see mismatch-manifest.json]
note: run with `RUST_BACKTRACE=1` environment variable to display a backtrace
