benchmark=pvp3d_three_candidate_same_device
source_revision=ddb6f0144821dfa29d268601e7087e5001278e52
adapter=NVIDIA Tegra NVIDIA Thor
backend=Vulkan
device_type=IntegratedGpu
vendor_id=4318
device_id=11008
driver=NVIDIA
driver_info=580.00
hardware_measurement_eligible=true
physical_admission=external_remoteops_evidence_required
performance_claim=none
primary_timing_scope=resident_encode_plus_queue_submit_plus_device_wait
state_reset_scope=completed_before_timer
correctness_readback_scope=before_and_after_timing
candidate_order=ABC_ACB_BAC_BCA_CAB_CBA
resident_payload_scope=source_plus_three_states_excludes_driver_uniforms_and_readback
status,k,g,candidate,state_bytes,resident_payload_bytes,warmups,repeats,logical_dispatches,p50_ns,p95_ns,input_checksum,output_checksum,skip_reason,performance_claim
measured,256,128,vec4,4096,16384,5,30,8,233463,248046,4c67926a9205d7b4,956299587c8af4b4,none,none
sample,256,128,vec4,0,236037
sample,256,128,vec4,1,230879
sample,256,128,vec4,2,235638
sample,256,128,vec4,3,236315
sample,256,128,vec4,4,234527
sample,256,128,vec4,5,231434
sample,256,128,vec4,6,233397
sample,256,128,vec4,7,228814
sample,256,128,vec4,8,226712
sample,256,128,vec4,9,232888
sample,256,128,vec4,10,232221
sample,256,128,vec4,11,232693
sample,256,128,vec4,12,229917
sample,256,128,vec4,13,233314
sample,256,128,vec4,14,239685
sample,256,128,vec4,15,233463
sample,256,128,vec4,16,248046
sample,256,128,vec4,17,236518
sample,256,128,vec4,18,230268
sample,256,128,vec4,19,231573
sample,256,128,vec4,20,229907
sample,256,128,vec4,21,234249
sample,256,128,vec4,22,237980
sample,256,128,vec4,23,241508
sample,256,128,vec4,24,237360
sample,256,128,vec4,25,232592
sample,256,128,vec4,26,268759
sample,256,128,vec4,27,241027
sample,256,128,vec4,28,242732
sample,256,128,vec4,29,242639
measured,256,128,fused2,4096,16384,5,30,7,211862,224878,4c67926a9205d7b4,956299587c8af4b4,none,none
sample,256,128,fused2,0,215055
sample,256,128,fused2,1,208100
sample,256,128,fused2,2,212342
sample,256,128,fused2,3,213721
sample,256,128,fused2,4,216869
sample,256,128,fused2,5,209444
sample,256,128,fused2,6,209222
sample,256,128,fused2,7,210258
sample,256,128,fused2,8,207556
sample,256,128,fused2,9,209786
sample,256,128,fused2,10,207852
sample,256,128,fused2,11,212915
sample,256,128,fused2,12,208758
sample,256,128,fused2,13,207731
sample,256,128,fused2,14,208666
sample,256,128,fused2,15,209777
sample,256,128,fused2,16,224878
sample,256,128,fused2,17,209232
sample,256,128,fused2,18,210295
sample,256,128,fused2,19,211862
sample,256,128,fused2,20,210268
sample,256,128,fused2,21,220444
sample,256,128,fused2,22,216287
sample,256,128,fused2,23,213813
sample,256,128,fused2,24,213787
sample,256,128,fused2,25,217758
sample,256,128,fused2,26,383258
sample,256,128,fused2,27,220333
sample,256,128,fused2,28,220073
sample,256,128,fused2,29,223795
measured,256,128,tile8,4096,16384,5,30,6,188166,226360,4c67926a9205d7b4,956299587c8af4b4,none,none
sample,256,128,tile8,0,188166
sample,256,128,tile8,1,189574
sample,256,128,tile8,2,192203
sample,256,128,tile8,3,186657
sample,256,128,tile8,4,187648
sample,256,128,tile8,5,185583
sample,256,128,tile8,6,185880
sample,256,128,tile8,7,188406
sample,256,128,tile8,8,188693
sample,256,128,tile8,9,185473
sample,256,128,tile8,10,188165
sample,256,128,tile8,11,186888
sample,256,128,tile8,12,188759
sample,256,128,tile8,13,185324
sample,256,128,tile8,14,186148
sample,256,128,tile8,15,189017
sample,256,128,tile8,16,211352
sample,256,128,tile8,17,219684
sample,256,128,tile8,18,184463
sample,256,128,tile8,19,187323
sample,256,128,tile8,20,188138
sample,256,128,tile8,21,185861
sample,256,128,tile8,22,226360
sample,256,128,tile8,23,238592
sample,256,128,tile8,24,189843
sample,256,128,tile8,25,187962
sample,256,128,tile8,26,201832
sample,256,128,tile8,27,194823
sample,256,128,tile8,28,197843
sample,256,128,tile8,29,190425
measured,256,512,vec4,16384,65536,5,30,8,254815,269610,38bbe1f688e24d78,1c8bb372f8f1302e,none,none
sample,256,512,vec4,0,243554
sample,256,512,vec4,1,242315
sample,256,512,vec4,2,242944
sample,256,512,vec4,3,243241
sample,256,512,vec4,4,255017
sample,256,512,vec4,5,254111
sample,256,512,vec4,6,245759
sample,256,512,vec4,7,241008
sample,256,512,vec4,8,246952
sample,256,512,vec4,9,269610
sample,256,512,vec4,10,251814
sample,256,512,vec4,11,250619
sample,256,512,vec4,12,245481
sample,256,512,vec4,13,246436
sample,256,512,vec4,14,248389
sample,256,512,vec4,15,253878
sample,256,512,vec4,16,256666
sample,256,512,vec4,17,268889
sample,256,512,vec4,18,254815
sample,256,512,vec4,19,255897
sample,256,512,vec4,20,258147
sample,256,512,vec4,21,259508
sample,256,512,vec4,22,258601
sample,256,512,vec4,23,257842
sample,256,512,vec4,24,257341
sample,256,512,vec4,25,259703
sample,256,512,vec4,26,261074
sample,256,512,vec4,27,273815
sample,256,512,vec4,28,268518
sample,256,512,vec4,29,257704
measured,256,512,fused2,16384,65536,5,30,7,231184,271732,38bbe1f688e24d78,1c8bb372f8f1302e,none,none
sample,256,512,fused2,0,222777
sample,256,512,fused2,1,219239
sample,256,512,fused2,2,220915
sample,256,512,fused2,3,220740
sample,256,512,fused2,4,238628
sample,256,512,fused2,5,222722
sample,256,512,fused2,6,221203
sample,256,512,fused2,7,216462
sample,256,512,fused2,8,219277
sample,256,512,fused2,9,222897
sample,256,512,fused2,10,271732
sample,256,512,fused2,11,225620
sample,256,512,fused2,12,220508
sample,256,512,fused2,13,226777
sample,256,512,fused2,14,224249
sample,256,512,fused2,15,230036
sample,256,512,fused2,16,509655
sample,256,512,fused2,17,239862
sample,256,512,fused2,18,231823
sample,256,512,fused2,19,233639
sample,256,512,fused2,20,232249
sample,256,512,fused2,21,234945
sample,256,512,fused2,22,235740
sample,256,512,fused2,23,231314
sample,256,512,fused2,24,231184
sample,256,512,fused2,25,236472
sample,256,512,fused2,26,235860
sample,256,512,fused2,27,237388
sample,256,512,fused2,28,237962
sample,256,512,fused2,29,237091
measured,256,512,tile8,16384,65536,5,30,6,205880,243111,38bbe1f688e24d78,1c8bb372f8f1302e,none,none
sample,256,512,tile8,0,194305
sample,256,512,tile8,1,199675
sample,256,512,tile8,2,197796
sample,256,512,tile8,3,195916
sample,256,512,tile8,4,243111
sample,256,512,tile8,5,221768
sample,256,512,tile8,6,194295
sample,256,512,tile8,7,195750
sample,256,512,tile8,8,197703
sample,256,512,tile8,9,197397
sample,256,512,tile8,10,204546
sample,256,512,tile8,11,200981
sample,256,512,tile8,12,197685
sample,256,512,tile8,13,205203
sample,256,512,tile8,14,201797
sample,256,512,tile8,15,203721
sample,256,512,tile8,16,205880
sample,256,512,tile8,17,233795
sample,256,512,tile8,18,206545
sample,256,512,tile8,19,207870
sample,256,512,tile8,20,206990
sample,256,512,tile8,21,207676
sample,256,512,tile8,22,206999
sample,256,512,tile8,23,208102
sample,256,512,tile8,24,207212
sample,256,512,tile8,25,206852
sample,256,512,tile8,26,211786
sample,256,512,tile8,27,245806
sample,256,512,tile8,28,240186
sample,256,512,tile8,29,208943
measured,256,2048,vec4,65536,262144,5,30,8,282842,319407,c9e538e9f9dccedd,259153fc2c7bc4e7,none,none
sample,256,2048,vec4,0,267175
sample,256,2048,vec4,1,271621
sample,256,2048,vec4,2,273258
sample,256,2048,vec4,3,274361
sample,256,2048,vec4,4,273592
sample,256,2048,vec4,5,274629
sample,256,2048,vec4,6,274037
sample,256,2048,vec4,7,276647
sample,256,2048,vec4,8,276054
sample,256,2048,vec4,9,280110
sample,256,2048,vec4,10,281203
sample,256,2048,vec4,11,279841
sample,256,2048,vec4,12,283962
sample,256,2048,vec4,13,333981
sample,256,2048,vec4,14,281426
sample,256,2048,vec4,15,282842
sample,256,2048,vec4,16,278906
sample,256,2048,vec4,17,294564
sample,256,2048,vec4,18,319407
sample,256,2048,vec4,19,289814
sample,256,2048,vec4,20,288110
sample,256,2048,vec4,21,284138
sample,256,2048,vec4,22,287934
sample,256,2048,vec4,23,289499
sample,256,2048,vec4,24,287712
sample,256,2048,vec4,25,289841
sample,256,2048,vec4,26,297147
sample,256,2048,vec4,27,292796
sample,256,2048,vec4,28,293962
sample,256,2048,vec4,29,299897
measured,256,2048,fused2,65536,262144,5,30,7,255036,283157,c9e538e9f9dccedd,259153fc2c7bc4e7,none,none
sample,256,2048,fused2,0,244397
sample,256,2048,fused2,1,246379
sample,256,2048,fused2,2,244499
sample,256,2048,fused2,3,244989
sample,256,2048,fused2,4,249832
sample,256,2048,fused2,5,248435
sample,256,2048,fused2,6,247741
sample,256,2048,fused2,7,246749
sample,256,2048,fused2,8,256277
sample,256,2048,fused2,9,250065
sample,256,2048,fused2,10,250620
sample,256,2048,fused2,11,252518
sample,256,2048,fused2,12,283157
sample,256,2048,fused2,13,264241
sample,256,2048,fused2,14,253056
sample,256,2048,fused2,15,249777
sample,256,2048,fused2,16,250250
sample,256,2048,fused2,17,292823
sample,256,2048,fused2,18,255305
sample,256,2048,fused2,19,255036
sample,256,2048,fused2,20,257091
sample,256,2048,fused2,21,256667
sample,256,2048,fused2,22,261443
sample,256,2048,fused2,23,260046
sample,256,2048,fused2,24,257443
sample,256,2048,fused2,25,265203
sample,256,2048,fused2,26,264878
sample,256,2048,fused2,27,266315
sample,256,2048,fused2,28,265333
sample,256,2048,fused2,29,263407
measured,256,2048,tile8,65536,262144,5,30,6,230721,245554,c9e538e9f9dccedd,259153fc2c7bc4e7,none,none
sample,256,2048,tile8,0,221453
sample,256,2048,tile8,1,222473
sample,256,2048,tile8,2,224203
sample,256,2048,tile8,3,221639
sample,256,2048,tile8,4,226036
sample,256,2048,tile8,5,224305
sample,256,2048,tile8,6,222870
sample,256,2048,tile8,7,225712
sample,256,2048,tile8,8,229944
sample,256,2048,tile8,9,228306
sample,256,2048,tile8,10,228462
sample,256,2048,tile8,11,227851
sample,256,2048,tile8,12,245554
sample,256,2048,tile8,13,231962
sample,256,2048,tile8,14,229593
sample,256,2048,tile8,15,230721
sample,256,2048,tile8,16,230768
sample,256,2048,tile8,17,229648
sample,256,2048,tile8,18,231767
sample,256,2048,tile8,19,233786
sample,256,2048,tile8,20,234332
sample,256,2048,tile8,21,232556
sample,256,2048,tile8,22,236156
sample,256,2048,tile8,23,234527
sample,256,2048,tile8,24,235934
sample,256,2048,tile8,25,238952
sample,256,2048,tile8,26,240352
sample,256,2048,tile8,27,238221
sample,256,2048,tile8,28,238712
sample,256,2048,tile8,29,252249
measured,1024,128,vec4,16384,65536,5,30,10,377888,404897,26abf5bddd03bbc5,79acd556594188cd,none,none
sample,1024,128,vec4,0,372934
sample,1024,128,vec4,1,366860
sample,1024,128,vec4,2,368397
sample,1024,128,vec4,3,370369
sample,1024,128,vec4,4,363832
sample,1024,128,vec4,5,376045
sample,1024,128,vec4,6,366009
sample,1024,128,vec4,7,372221
sample,1024,128,vec4,8,373406
sample,1024,128,vec4,9,372869
sample,1024,128,vec4,10,372231
sample,1024,128,vec4,11,371360
sample,1024,128,vec4,12,368554
sample,1024,128,vec4,13,398767
sample,1024,128,vec4,14,372490
sample,1024,128,vec4,15,386675
sample,1024,128,vec4,16,390425
sample,1024,128,vec4,17,379239
sample,1024,128,vec4,18,377888
sample,1024,128,vec4,19,381388
sample,1024,128,vec4,20,378406
sample,1024,128,vec4,21,386906
sample,1024,128,vec4,22,389870
sample,1024,128,vec4,23,389259
sample,1024,128,vec4,24,387601
sample,1024,128,vec4,25,391027
sample,1024,128,vec4,26,388970
sample,1024,128,vec4,27,396702
sample,1024,128,vec4,28,473249
sample,1024,128,vec4,29,404897
measured,1024,128,fused2,16384,65536,5,30,9,348573,381527,26abf5bddd03bbc5,79acd556594188cd,none,none
sample,1024,128,fused2,0,362471
sample,1024,128,fused2,1,339296
sample,1024,128,fused2,2,338240
sample,1024,128,fused2,3,337611
sample,1024,128,fused2,4,338740
sample,1024,128,fused2,5,339879
sample,1024,128,fused2,6,338008
sample,1024,128,fused2,7,336482
sample,1024,128,fused2,8,342906
sample,1024,128,fused2,9,350981
sample,1024,128,fused2,10,341453
sample,1024,128,fused2,11,339091
sample,1024,128,fused2,12,375777
sample,1024,128,fused2,13,341415
sample,1024,128,fused2,14,338851
sample,1024,128,fused2,15,360036
sample,1024,128,fused2,16,407220
sample,1024,128,fused2,17,347323
sample,1024,128,fused2,18,348573
sample,1024,128,fused2,19,353036
sample,1024,128,fused2,20,347481
sample,1024,128,fused2,21,362323
sample,1024,128,fused2,22,357638
sample,1024,128,fused2,23,364452
sample,1024,128,fused2,24,357629
sample,1024,128,fused2,25,360527
sample,1024,128,fused2,26,355527
sample,1024,128,fused2,27,358758
sample,1024,128,fused2,28,369721
sample,1024,128,fused2,29,381527
measured,1024,128,tile8,16384,65536,5,30,8,314722,333610,26abf5bddd03bbc5,79acd556594188cd,none,none
sample,1024,128,tile8,0,306193
sample,1024,128,tile8,1,302333
sample,1024,128,tile8,2,304953
sample,1024,128,tile8,3,309787
sample,1024,128,tile8,4,304499
sample,1024,128,tile8,5,303545
sample,1024,128,tile8,6,304906
sample,1024,128,tile8,7,303989
sample,1024,128,tile8,8,310212
sample,1024,128,tile8,9,307601
sample,1024,128,tile8,10,307695
sample,1024,128,tile8,11,306898
sample,1024,128,tile8,12,312305
sample,1024,128,tile8,13,307795
sample,1024,128,tile8,14,318768
sample,1024,128,tile8,15,324082
sample,1024,128,tile8,16,315916
sample,1024,128,tile8,17,317314
sample,1024,128,tile8,18,317925
sample,1024,128,tile8,19,314722
sample,1024,128,tile8,20,318027
sample,1024,128,tile8,21,321452
sample,1024,128,tile8,22,333610
sample,1024,128,tile8,23,322712
sample,1024,128,tile8,24,322148
sample,1024,128,tile8,25,322286
sample,1024,128,tile8,26,322656
sample,1024,128,tile8,27,327814
sample,1024,128,tile8,28,327953
sample,1024,128,tile8,29,360342
measured,1024,512,vec4,65536,262144,5,30,10,415054,445286,0949b62ffc70d026,7663f0c9d3466943,none,none
sample,1024,512,vec4,0,407648
sample,1024,512,vec4,1,416054
sample,1024,512,vec4,2,412304
sample,1024,512,vec4,3,419405
sample,1024,512,vec4,4,417628
sample,1024,512,vec4,5,420415
sample,1024,512,vec4,6,414609
sample,1024,512,vec4,7,444185
sample,1024,512,vec4,8,409406
sample,1024,512,vec4,9,408221
sample,1024,512,vec4,10,445286
sample,1024,512,vec4,11,408212
sample,1024,512,vec4,12,415054
sample,1024,512,vec4,13,413648
sample,1024,512,vec4,14,419731
sample,1024,512,vec4,15,423332
sample,1024,512,vec4,16,423831
sample,1024,512,vec4,17,422221
sample,1024,512,vec4,18,414545
sample,1024,512,vec4,19,419462
sample,1024,512,vec4,20,414795
sample,1024,512,vec4,21,473832
sample,1024,512,vec4,22,413592
sample,1024,512,vec4,23,407851
sample,1024,512,vec4,24,420396
sample,1024,512,vec4,25,427674
sample,1024,512,vec4,26,409554
sample,1024,512,vec4,27,412277
sample,1024,512,vec4,28,414341
sample,1024,512,vec4,29,415638
measured,1024,512,fused2,65536,262144,5,30,9,382425,404055,0949b62ffc70d026,7663f0c9d3466943,none,none
sample,1024,512,fused2,0,387073
sample,1024,512,fused2,1,384813
sample,1024,512,fused2,2,376545
sample,1024,512,fused2,3,381111
sample,1024,512,fused2,4,383833
sample,1024,512,fused2,5,390063
sample,1024,512,fused2,6,418268
sample,1024,512,fused2,7,380805
sample,1024,512,fused2,8,375119
sample,1024,512,fused2,9,373786
sample,1024,512,fused2,10,382425
sample,1024,512,fused2,11,376851
sample,1024,512,fused2,12,377323
sample,1024,512,fused2,13,385925
sample,1024,512,fused2,14,382443
sample,1024,512,fused2,15,385972
sample,1024,512,fused2,16,384591
sample,1024,512,fused2,17,382804
sample,1024,512,fused2,18,385897
sample,1024,512,fused2,19,381647
sample,1024,512,fused2,20,380231
sample,1024,512,fused2,21,404055
sample,1024,512,fused2,22,376166
sample,1024,512,fused2,23,376730
sample,1024,512,fused2,24,376471
sample,1024,512,fused2,25,378453
sample,1024,512,fused2,26,373610
sample,1024,512,fused2,27,386507
sample,1024,512,fused2,28,384730
sample,1024,512,fused2,29,384370
measured,1024,512,tile8,65536,262144,5,30,8,350138,378064,0949b62ffc70d026,7663f0c9d3466943,none,none
sample,1024,512,tile8,0,347148
sample,1024,512,tile8,1,342601
sample,1024,512,tile8,2,349091
sample,1024,512,tile8,3,351008
sample,1024,512,tile8,4,346203
sample,1024,512,tile8,5,349147
sample,1024,512,tile8,6,352406
sample,1024,512,tile8,7,360563
sample,1024,512,tile8,8,352768
sample,1024,512,tile8,9,359240
sample,1024,512,tile8,10,352776
sample,1024,512,tile8,11,349304
sample,1024,512,tile8,12,347074
sample,1024,512,tile8,13,349379
sample,1024,512,tile8,14,350138
sample,1024,512,tile8,15,402064
sample,1024,512,tile8,16,368175
sample,1024,512,tile8,17,349444
sample,1024,512,tile8,18,352953
sample,1024,512,tile8,19,348582
sample,1024,512,tile8,20,352388
sample,1024,512,tile8,21,362073
sample,1024,512,tile8,22,350777
sample,1024,512,tile8,23,344731
sample,1024,512,tile8,24,378064
sample,1024,512,tile8,25,348795
sample,1024,512,tile8,26,347249
sample,1024,512,tile8,27,347193
sample,1024,512,tile8,28,352036
sample,1024,512,tile8,29,351369
measured,1024,2048,vec4,262144,1048576,5,30,10,423647,435183,2d4a1c573b9665e7,d32c613321b43c7f,none,none
sample,1024,2048,vec4,0,416655
sample,1024,2048,vec4,1,424156
sample,1024,2048,vec4,2,435183
sample,1024,2048,vec4,3,421425
sample,1024,2048,vec4,4,421526
sample,1024,2048,vec4,5,423268
sample,1024,2048,vec4,6,422796
sample,1024,2048,vec4,7,432240
sample,1024,2048,vec4,8,424304
sample,1024,2048,vec4,9,423647
sample,1024,2048,vec4,10,421481
sample,1024,2048,vec4,11,428481
sample,1024,2048,vec4,12,418341
sample,1024,2048,vec4,13,428018
sample,1024,2048,vec4,14,424935
sample,1024,2048,vec4,15,415035
sample,1024,2048,vec4,16,423194
sample,1024,2048,vec4,17,422101
sample,1024,2048,vec4,18,432861
sample,1024,2048,vec4,19,434536
sample,1024,2048,vec4,20,424637
sample,1024,2048,vec4,21,423332
sample,1024,2048,vec4,22,423740
sample,1024,2048,vec4,23,425768
sample,1024,2048,vec4,24,425138
sample,1024,2048,vec4,25,430462
sample,1024,2048,vec4,26,413767
sample,1024,2048,vec4,27,415915
sample,1024,2048,vec4,28,453804
sample,1024,2048,vec4,29,412971
measured,1024,2048,fused2,262144,1048576,5,30,9,386620,402888,2d4a1c573b9665e7,d32c613321b43c7f,none,none
sample,1024,2048,fused2,0,402888
sample,1024,2048,fused2,1,384378
sample,1024,2048,fused2,2,381600
sample,1024,2048,fused2,3,381777
sample,1024,2048,fused2,4,384194
sample,1024,2048,fused2,5,390702
sample,1024,2048,fused2,6,385962
sample,1024,2048,fused2,7,385508
sample,1024,2048,fused2,8,392148
sample,1024,2048,fused2,9,386637
sample,1024,2048,fused2,10,399369
sample,1024,2048,fused2,11,436972
sample,1024,2048,fused2,12,381203
sample,1024,2048,fused2,13,399054
sample,1024,2048,fused2,14,381842
sample,1024,2048,fused2,15,387629
sample,1024,2048,fused2,16,378693
sample,1024,2048,fused2,17,386620
sample,1024,2048,fused2,18,392017
sample,1024,2048,fused2,19,387397
sample,1024,2048,fused2,20,385295
sample,1024,2048,fused2,21,390295
sample,1024,2048,fused2,22,385851
sample,1024,2048,fused2,23,386888
sample,1024,2048,fused2,24,386341
sample,1024,2048,fused2,25,388971
sample,1024,2048,fused2,26,383703
sample,1024,2048,fused2,27,382175
sample,1024,2048,fused2,28,389897
sample,1024,2048,fused2,29,391184
measured,1024,2048,tile8,262144,1048576,5,30,8,366878,402601,2d4a1c573b9665e7,d32c613321b43c7f,none,none
sample,1024,2048,tile8,0,403785
sample,1024,2048,tile8,1,364980
sample,1024,2048,tile8,2,367249
sample,1024,2048,tile8,3,366518
sample,1024,2048,tile8,4,366407
sample,1024,2048,tile8,5,371573
sample,1024,2048,tile8,6,368536
sample,1024,2048,tile8,7,364045
sample,1024,2048,tile8,8,368230
sample,1024,2048,tile8,9,365313
sample,1024,2048,tile8,10,370841
sample,1024,2048,tile8,11,374508
sample,1024,2048,tile8,12,363925
sample,1024,2048,tile8,13,367138
sample,1024,2048,tile8,14,402601
sample,1024,2048,tile8,15,364944
sample,1024,2048,tile8,16,362203
sample,1024,2048,tile8,17,363573
sample,1024,2048,tile8,18,371638
sample,1024,2048,tile8,19,367693
sample,1024,2048,tile8,20,371721
sample,1024,2048,tile8,21,371618
sample,1024,2048,tile8,22,366878
sample,1024,2048,tile8,23,369582
sample,1024,2048,tile8,24,365582
sample,1024,2048,tile8,25,392981
sample,1024,2048,tile8,26,361934
sample,1024,2048,tile8,27,364156
sample,1024,2048,tile8,28,361944
sample,1024,2048,tile8,29,364767
measured,4096,128,vec4,65536,262144,5,30,12,485758,528924,d878e557b6daedce,8cc85ceb09c8efed,none,none
sample,4096,128,vec4,0,537796
sample,4096,128,vec4,1,481999
sample,4096,128,vec4,2,484081
sample,4096,128,vec4,3,502535
sample,4096,128,vec4,4,493564
sample,4096,128,vec4,5,477481
sample,4096,128,vec4,6,475618
sample,4096,128,vec4,7,485453
sample,4096,128,vec4,8,487536
sample,4096,128,vec4,9,496092
sample,4096,128,vec4,10,486610
sample,4096,128,vec4,11,484878
sample,4096,128,vec4,12,501026
sample,4096,128,vec4,13,489618
sample,4096,128,vec4,14,476572
sample,4096,128,vec4,15,528924
sample,4096,128,vec4,16,475766
sample,4096,128,vec4,17,478683
sample,4096,128,vec4,18,485758
sample,4096,128,vec4,19,482703
sample,4096,128,vec4,20,489259
sample,4096,128,vec4,21,484230
sample,4096,128,vec4,22,486193
sample,4096,128,vec4,23,483842
sample,4096,128,vec4,24,484897
sample,4096,128,vec4,25,499675
sample,4096,128,vec4,26,488813
sample,4096,128,vec4,27,501924
sample,4096,128,vec4,28,492054
sample,4096,128,vec4,29,482128
measured,4096,128,fused2,65536,262144,5,30,11,451943,461546,d878e557b6daedce,8cc85ceb09c8efed,none,none
sample,4096,128,fused2,0,458277
sample,4096,128,fused2,1,445980
sample,4096,128,fused2,2,461546
sample,4096,128,fused2,3,449137
sample,4096,128,fused2,4,447998
sample,4096,128,fused2,5,449443
sample,4096,128,fused2,6,451138
sample,4096,128,fused2,7,460295
sample,4096,128,fused2,8,451943
sample,4096,128,fused2,9,457166
sample,4096,128,fused2,10,451627
sample,4096,128,fused2,11,455211
sample,4096,128,fused2,12,464517
sample,4096,128,fused2,13,445516
sample,4096,128,fused2,14,444564
sample,4096,128,fused2,15,444804
sample,4096,128,fused2,16,445333
sample,4096,128,fused2,17,454490
sample,4096,128,fused2,18,451656
sample,4096,128,fused2,19,459249
sample,4096,128,fused2,20,448304
sample,4096,128,fused2,21,451203
sample,4096,128,fused2,22,452073
sample,4096,128,fused2,23,452628
sample,4096,128,fused2,24,454138
sample,4096,128,fused2,25,457129
sample,4096,128,fused2,26,458610
sample,4096,128,fused2,27,452231
sample,4096,128,fused2,28,452730
sample,4096,128,fused2,29,446296
measured,4096,128,tile8,65536,262144,5,30,10,421443,466119,d878e557b6daedce,8cc85ceb09c8efed,none,none
sample,4096,128,tile8,0,418009
sample,4096,128,tile8,1,414184
sample,4096,128,tile8,2,420277
sample,4096,128,tile8,3,451564
sample,4096,128,tile8,4,445990
sample,4096,128,tile8,5,415925
sample,4096,128,tile8,6,424489
sample,4096,128,tile8,7,424749
sample,4096,128,tile8,8,425851
sample,4096,128,tile8,9,420183
sample,4096,128,tile8,10,420184
sample,4096,128,tile8,11,421527
sample,4096,128,tile8,12,474545
sample,4096,128,tile8,13,421082
sample,4096,128,tile8,14,414804
sample,4096,128,tile8,15,424036
sample,4096,128,tile8,16,425452
sample,4096,128,tile8,17,416942
sample,4096,128,tile8,18,425823
sample,4096,128,tile8,19,414203
sample,4096,128,tile8,20,419452
sample,4096,128,tile8,21,420916
sample,4096,128,tile8,22,423184
sample,4096,128,tile8,23,420906
sample,4096,128,tile8,24,421443
sample,4096,128,tile8,25,426591
sample,4096,128,tile8,26,429657
sample,4096,128,tile8,27,425823
sample,4096,128,tile8,28,466119
sample,4096,128,tile8,29,414489
measured,4096,512,vec4,262144,1048576,5,30,12,494296,511397,07e875993970433c,207dceeda1be3f5b,none,none
sample,4096,512,vec4,0,494572
sample,4096,512,vec4,1,493934
sample,4096,512,vec4,2,498425
sample,4096,512,vec4,3,489981
sample,4096,512,vec4,4,511397
sample,4096,512,vec4,5,481276
sample,4096,512,vec4,6,484305
sample,4096,512,vec4,7,494296
sample,4096,512,vec4,8,500406
sample,4096,512,vec4,9,498239
sample,4096,512,vec4,10,496442
sample,4096,512,vec4,11,498128
sample,4096,512,vec4,12,493748
sample,4096,512,vec4,13,498055
sample,4096,512,vec4,14,492387
sample,4096,512,vec4,15,490666
sample,4096,512,vec4,16,487822
sample,4096,512,vec4,17,490777
sample,4096,512,vec4,18,491989
sample,4096,512,vec4,19,488796
sample,4096,512,vec4,20,496461
sample,4096,512,vec4,21,499415
sample,4096,512,vec4,22,498202
sample,4096,512,vec4,23,493055
sample,4096,512,vec4,24,491897
sample,4096,512,vec4,25,496303
sample,4096,512,vec4,26,554842
sample,4096,512,vec4,27,485665
sample,4096,512,vec4,28,494869
sample,4096,512,vec4,29,500342
measured,4096,512,fused2,262144,1048576,5,30,11,463286,518249,07e875993970433c,207dceeda1be3f5b,none,none
sample,4096,512,fused2,0,456415
sample,4096,512,fused2,1,476711
sample,4096,512,fused2,2,518249
sample,4096,512,fused2,3,452425
sample,4096,512,fused2,4,471314
sample,4096,512,fused2,5,458166
sample,4096,512,fused2,6,459322
sample,4096,512,fused2,7,457481
sample,4096,512,fused2,8,463332
sample,4096,512,fused2,9,462480
sample,4096,512,fused2,10,456583
sample,4096,512,fused2,11,467444
sample,4096,512,fused2,12,463758
sample,4096,512,fused2,13,527554
sample,4096,512,fused2,14,470249
sample,4096,512,fused2,15,448202
sample,4096,512,fused2,16,458731
sample,4096,512,fused2,17,463286
sample,4096,512,fused2,18,470443
sample,4096,512,fused2,19,464341
sample,4096,512,fused2,20,457295
sample,4096,512,fused2,21,471916
sample,4096,512,fused2,22,458017
sample,4096,512,fused2,23,457239
sample,4096,512,fused2,24,459498
sample,4096,512,fused2,25,467294
sample,4096,512,fused2,26,468812
sample,4096,512,fused2,27,454831
sample,4096,512,fused2,28,470888
sample,4096,512,fused2,29,478572
measured,4096,512,tile8,262144,1048576,5,30,10,437786,462489,07e875993970433c,207dceeda1be3f5b,none,none
sample,4096,512,tile8,0,437979
sample,4096,512,tile8,1,447036
sample,4096,512,tile8,2,436796
sample,4096,512,tile8,3,436629
sample,4096,512,tile8,4,448766
sample,4096,512,tile8,5,462489
sample,4096,512,tile8,6,436314
sample,4096,512,tile8,7,435980
sample,4096,512,tile8,8,440712
sample,4096,512,tile8,9,437508
sample,4096,512,tile8,10,437305
sample,4096,512,tile8,11,442989
sample,4096,512,tile8,12,441572
sample,4096,512,tile8,13,435120
sample,4096,512,tile8,14,443433
sample,4096,512,tile8,15,436035
sample,4096,512,tile8,16,431138
sample,4096,512,tile8,17,495693
sample,4096,512,tile8,18,435961
sample,4096,512,tile8,19,443239
sample,4096,512,tile8,20,442370
sample,4096,512,tile8,21,440008
sample,4096,512,tile8,22,436211
sample,4096,512,tile8,23,437786
sample,4096,512,tile8,24,437582
sample,4096,512,tile8,25,441397
sample,4096,512,tile8,26,450935
sample,4096,512,tile8,27,431629
sample,4096,512,tile8,28,431860
sample,4096,512,tile8,29,450823
measured,4096,2048,vec4,1048576,4194304,5,30,12,553266,567583,4143a88e49ed614b,e0842ad8f72c0c9f,none,none
sample,4096,2048,vec4,0,546748
sample,4096,2048,vec4,1,564794
sample,4096,2048,vec4,2,553266
sample,4096,2048,vec4,3,559536
sample,4096,2048,vec4,4,555359
sample,4096,2048,vec4,5,556193
sample,4096,2048,vec4,6,554157
sample,4096,2048,vec4,7,545202
sample,4096,2048,vec4,8,556544
sample,4096,2048,vec4,9,547600
sample,4096,2048,vec4,10,557692
sample,4096,2048,vec4,11,558759
sample,4096,2048,vec4,12,556388
sample,4096,2048,vec4,13,553471
sample,4096,2048,vec4,14,549305
sample,4096,2048,vec4,15,552285
sample,4096,2048,vec4,16,553082
sample,4096,2048,vec4,17,550174
sample,4096,2048,vec4,18,546767
sample,4096,2048,vec4,19,583360
sample,4096,2048,vec4,20,549137
sample,4096,2048,vec4,21,567583
sample,4096,2048,vec4,22,550036
sample,4096,2048,vec4,23,550370
sample,4096,2048,vec4,24,556054
sample,4096,2048,vec4,25,553248
sample,4096,2048,vec4,26,556276
sample,4096,2048,vec4,27,544155
sample,4096,2048,vec4,28,562952
sample,4096,2048,vec4,29,550138
measured,4096,2048,fused2,1048576,4194304,5,30,11,516072,567804,4143a88e49ed614b,e0842ad8f72c0c9f,none,none
sample,4096,2048,fused2,0,515749
sample,4096,2048,fused2,1,519739
sample,4096,2048,fused2,2,515554
sample,4096,2048,fused2,3,534498
sample,4096,2048,fused2,4,518877
sample,4096,2048,fused2,5,523091
sample,4096,2048,fused2,6,508526
sample,4096,2048,fused2,7,525656
sample,4096,2048,fused2,8,568229
sample,4096,2048,fused2,9,510378
sample,4096,2048,fused2,10,516276
sample,4096,2048,fused2,11,533527
sample,4096,2048,fused2,12,515342
sample,4096,2048,fused2,13,516072
sample,4096,2048,fused2,14,520156
sample,4096,2048,fused2,15,518544
sample,4096,2048,fused2,16,504203
sample,4096,2048,fused2,17,517341
sample,4096,2048,fused2,18,505693
sample,4096,2048,fused2,19,515314
sample,4096,2048,fused2,20,509694
sample,4096,2048,fused2,21,513739
sample,4096,2048,fused2,22,517498
sample,4096,2048,fused2,23,513138
sample,4096,2048,fused2,24,515083
sample,4096,2048,fused2,25,523461
sample,4096,2048,fused2,26,527396
sample,4096,2048,fused2,27,507888
sample,4096,2048,fused2,28,567804
sample,4096,2048,fused2,29,511860
measured,4096,2048,tile8,1048576,4194304,5,30,10,542712,566785,4143a88e49ed614b,e0842ad8f72c0c9f,none,none
sample,4096,2048,tile8,0,541175
sample,4096,2048,tile8,1,545443
sample,4096,2048,tile8,2,550229
sample,4096,2048,tile8,3,549231
sample,4096,2048,tile8,4,546203
sample,4096,2048,tile8,5,563989
sample,4096,2048,tile8,6,538387
sample,4096,2048,tile8,7,543165
sample,4096,2048,tile8,8,535702
sample,4096,2048,tile8,9,536804
sample,4096,2048,tile8,10,540081
sample,4096,2048,tile8,11,540184
sample,4096,2048,tile8,12,544970
sample,4096,2048,tile8,13,541554
sample,4096,2048,tile8,14,542712
sample,4096,2048,tile8,15,566785
sample,4096,2048,tile8,16,549313
sample,4096,2048,tile8,17,552721
sample,4096,2048,tile8,18,577933
sample,4096,2048,tile8,19,548896
sample,4096,2048,tile8,20,535137
sample,4096,2048,tile8,21,542703
sample,4096,2048,tile8,22,536583
sample,4096,2048,tile8,23,534942
sample,4096,2048,tile8,24,543276
sample,4096,2048,tile8,25,546794
sample,4096,2048,tile8,26,533832
sample,4096,2048,tile8,27,533998
sample,4096,2048,tile8,28,538915
sample,4096,2048,tile8,29,555266
measured,16384,128,vec4,262144,1048576,5,30,14,571749,620127,318e48fc80dadb1f,a09bc0e13ecf9bf8,none,none
sample,16384,128,vec4,0,571749
sample,16384,128,vec4,1,573461
sample,16384,128,vec4,2,570387
sample,16384,128,vec4,3,561601
sample,16384,128,vec4,4,627266
sample,16384,128,vec4,5,616536
sample,16384,128,vec4,6,566174
sample,16384,128,vec4,7,574157
sample,16384,128,vec4,8,574757
sample,16384,128,vec4,9,571563
sample,16384,128,vec4,10,620127
sample,16384,128,vec4,11,560423
sample,16384,128,vec4,12,558915
sample,16384,128,vec4,13,573379
sample,16384,128,vec4,14,567703
sample,16384,128,vec4,15,557831
sample,16384,128,vec4,16,566138
sample,16384,128,vec4,17,580396
sample,16384,128,vec4,18,567564
sample,16384,128,vec4,19,582943
sample,16384,128,vec4,20,572481
sample,16384,128,vec4,21,572674
sample,16384,128,vec4,22,558471
sample,16384,128,vec4,23,572629
sample,16384,128,vec4,24,565360
sample,16384,128,vec4,25,576100
sample,16384,128,vec4,26,552850
sample,16384,128,vec4,27,564675
sample,16384,128,vec4,28,572822
sample,16384,128,vec4,29,573406
measured,16384,128,fused2,262144,1048576,5,30,13,539701,597979,318e48fc80dadb1f,a09bc0e13ecf9bf8,none,none
sample,16384,128,fused2,0,546599
sample,16384,128,fused2,1,541851
sample,16384,128,fused2,2,543378
sample,16384,128,fused2,3,542118
sample,16384,128,fused2,4,547164
sample,16384,128,fused2,5,523434
sample,16384,128,fused2,6,535655
sample,16384,128,fused2,7,538081
sample,16384,128,fused2,8,544008
sample,16384,128,fused2,9,542332
sample,16384,128,fused2,10,608267
sample,16384,128,fused2,11,525351
sample,16384,128,fused2,12,527905
sample,16384,128,fused2,13,538590
sample,16384,128,fused2,14,535878
sample,16384,128,fused2,15,597979
sample,16384,128,fused2,16,538054
sample,16384,128,fused2,17,534878
sample,16384,128,fused2,18,541953
sample,16384,128,fused2,19,539701
sample,16384,128,fused2,20,535554
sample,16384,128,fused2,21,578405
sample,16384,128,fused2,22,526795
sample,16384,128,fused2,23,540009
sample,16384,128,fused2,24,544461
sample,16384,128,fused2,25,595610
sample,16384,128,fused2,26,536008
sample,16384,128,fused2,27,531757
sample,16384,128,fused2,28,542943
sample,16384,128,fused2,29,536331
measured,16384,128,tile8,262144,1048576,5,30,12,516739,565109,318e48fc80dadb1f,a09bc0e13ecf9bf8,none,none
sample,16384,128,tile8,0,516970
sample,16384,128,tile8,1,517351
sample,16384,128,tile8,2,516489
sample,16384,128,tile8,3,518648
sample,16384,128,tile8,4,565359
sample,16384,128,tile8,5,509090
sample,16384,128,tile8,6,516739
sample,16384,128,tile8,7,523370
sample,16384,128,tile8,8,516759
sample,16384,128,tile8,9,514092
sample,16384,128,tile8,10,508184
sample,16384,128,tile8,11,517294
sample,16384,128,tile8,12,517249
sample,16384,128,tile8,13,516221
sample,16384,128,tile8,14,520277
sample,16384,128,tile8,15,520952
sample,16384,128,tile8,16,503776
sample,16384,128,tile8,17,512212
sample,16384,128,tile8,18,520785
sample,16384,128,tile8,19,512017
sample,16384,128,tile8,20,512684
sample,16384,128,tile8,21,565109
sample,16384,128,tile8,22,504128
sample,16384,128,tile8,23,503980
sample,16384,128,tile8,24,517405
sample,16384,128,tile8,25,521166
sample,16384,128,tile8,26,504776
sample,16384,128,tile8,27,505629
sample,16384,128,tile8,28,518035
sample,16384,128,tile8,29,515583
measured,16384,512,vec4,1048576,4194304,5,30,14,637868,672193,08b87a1ca99fa7b8,cc66b7b8fae87df4,none,none
sample,16384,512,vec4,0,633674
sample,16384,512,vec4,1,635368
sample,16384,512,vec4,2,637896
sample,16384,512,vec4,3,634082
sample,16384,512,vec4,4,634285
sample,16384,512,vec4,5,635914
sample,16384,512,vec4,6,641739
sample,16384,512,vec4,7,640231
sample,16384,512,vec4,8,672193
sample,16384,512,vec4,9,634702
sample,16384,512,vec4,10,642230
sample,16384,512,vec4,11,644877
sample,16384,512,vec4,12,674063
sample,16384,512,vec4,13,631831
sample,16384,512,vec4,14,632850
sample,16384,512,vec4,15,645952
sample,16384,512,vec4,16,637868
sample,16384,512,vec4,17,646684
sample,16384,512,vec4,18,639091
sample,16384,512,vec4,19,632637
sample,16384,512,vec4,20,634822
sample,16384,512,vec4,21,640563
sample,16384,512,vec4,22,641470
sample,16384,512,vec4,23,633720
sample,16384,512,vec4,24,628933
sample,16384,512,vec4,25,631610
sample,16384,512,vec4,26,638629
sample,16384,512,vec4,27,644498
sample,16384,512,vec4,28,667730
sample,16384,512,vec4,29,631554
measured,16384,512,fused2,1048576,4194304,5,30,13,602684,637314,08b87a1ca99fa7b8,cc66b7b8fae87df4,none,none
sample,16384,512,fused2,0,593128
sample,16384,512,fused2,1,598664
sample,16384,512,fused2,2,596258
sample,16384,512,fused2,3,608544
sample,16384,512,fused2,4,591702
sample,16384,512,fused2,5,604461
sample,16384,512,fused2,6,599359
sample,16384,512,fused2,7,602684
sample,16384,512,fused2,8,597925
sample,16384,512,fused2,9,603739
sample,16384,512,fused2,10,611831
sample,16384,512,fused2,11,601118
sample,16384,512,fused2,12,660767
sample,16384,512,fused2,13,612303
sample,16384,512,fused2,14,603294
sample,16384,512,fused2,15,598619
sample,16384,512,fused2,16,605470
sample,16384,512,fused2,17,608841
sample,16384,512,fused2,18,590166
sample,16384,512,fused2,19,603711
sample,16384,512,fused2,20,604813
sample,16384,512,fused2,21,606073
sample,16384,512,fused2,22,598581
sample,16384,512,fused2,23,637314
sample,16384,512,fused2,24,596340
sample,16384,512,fused2,25,598119
sample,16384,512,fused2,26,602138
sample,16384,512,fused2,27,604091
sample,16384,512,fused2,28,605294
sample,16384,512,fused2,29,592813
measured,16384,512,tile8,1048576,4194304,5,30,12,622794,667507,08b87a1ca99fa7b8,cc66b7b8fae87df4,none,none
sample,16384,512,tile8,0,615508
sample,16384,512,tile8,1,623785
sample,16384,512,tile8,2,628211
sample,16384,512,tile8,3,638406
sample,16384,512,tile8,4,617035
sample,16384,512,tile8,5,621813
sample,16384,512,tile8,6,622794
sample,16384,512,tile8,7,619832
sample,16384,512,tile8,8,667507
sample,16384,512,tile8,9,614516
sample,16384,512,tile8,10,618193
sample,16384,512,tile8,11,624581
sample,16384,512,tile8,12,617229
sample,16384,512,tile8,13,614841
sample,16384,512,tile8,14,618535
sample,16384,512,tile8,15,624785
sample,16384,512,tile8,16,626192
sample,16384,512,tile8,17,624183
sample,16384,512,tile8,18,615257
sample,16384,512,tile8,19,620868
sample,16384,512,tile8,20,626804
sample,16384,512,tile8,21,629443
sample,16384,512,tile8,22,620035
sample,16384,512,tile8,23,672730
sample,16384,512,tile8,24,620711
sample,16384,512,tile8,25,617803
sample,16384,512,tile8,26,637766
sample,16384,512,tile8,27,636544
sample,16384,512,tile8,28,623285
sample,16384,512,tile8,29,632322
measured,16384,2048,vec4,4194304,16777216,5,30,14,817377,851886,6be3b72c15a212b9,3199380bd5011e6c,none,none
sample,16384,2048,vec4,0,836840
sample,16384,2048,vec4,1,839387
sample,16384,2048,vec4,2,824312
sample,16384,2048,vec4,3,851886
sample,16384,2048,vec4,4,837340
sample,16384,2048,vec4,5,834923
sample,16384,2048,vec4,6,835822
sample,16384,2048,vec4,7,839036
sample,16384,2048,vec4,8,838489
sample,16384,2048,vec4,9,835349
sample,16384,2048,vec4,10,842165
sample,16384,2048,vec4,11,850063
sample,16384,2048,vec4,12,889600
sample,16384,2048,vec4,13,834090
sample,16384,2048,vec4,14,844970
sample,16384,2048,vec4,15,817377
sample,16384,2048,vec4,16,767127
sample,16384,2048,vec4,17,774971
sample,16384,2048,vec4,18,787924
sample,16384,2048,vec4,19,746461
sample,16384,2048,vec4,20,750044
sample,16384,2048,vec4,21,789378
sample,16384,2048,vec4,22,761017
sample,16384,2048,vec4,23,695969
sample,16384,2048,vec4,24,689989
sample,16384,2048,vec4,25,731553
sample,16384,2048,vec4,26,683544
sample,16384,2048,vec4,27,731276
sample,16384,2048,vec4,28,696609
sample,16384,2048,vec4,29,705572
measured,16384,2048,fused2,4194304,16777216,5,30,13,791183,825859,6be3b72c15a212b9,3199380bd5011e6c,none,none
sample,16384,2048,fused2,0,793517
sample,16384,2048,fused2,1,813367
sample,16384,2048,fused2,2,797377
sample,16384,2048,fused2,3,796554
sample,16384,2048,fused2,4,797590
sample,16384,2048,fused2,5,819237
sample,16384,2048,fused2,6,805876
sample,16384,2048,fused2,7,825859
sample,16384,2048,fused2,8,812692
sample,16384,2048,fused2,9,814100
sample,16384,2048,fused2,10,796498
sample,16384,2048,fused2,11,820766
sample,16384,2048,fused2,12,791183
sample,16384,2048,fused2,13,791479
sample,16384,2048,fused2,14,792025
sample,16384,2048,fused2,15,830979
sample,16384,2048,fused2,16,710739
sample,16384,2048,fused2,17,705748
sample,16384,2048,fused2,18,709776
sample,16384,2048,fused2,19,711350
sample,16384,2048,fused2,20,702081
sample,16384,2048,fused2,21,704897
sample,16384,2048,fused2,22,716414
sample,16384,2048,fused2,23,673350
sample,16384,2048,fused2,24,649684
sample,16384,2048,fused2,25,651090
sample,16384,2048,fused2,26,646859
sample,16384,2048,fused2,27,653303
sample,16384,2048,fused2,28,659053
sample,16384,2048,fused2,29,680720
measured,16384,2048,tile8,4194304,16777216,5,30,12,991136,1005821,6be3b72c15a212b9,3199380bd5011e6c,none,none
sample,16384,2048,tile8,0,1002443
sample,16384,2048,tile8,1,1000738
sample,16384,2048,tile8,2,999784
sample,16384,2048,tile8,3,993423
sample,16384,2048,tile8,4,1002654
sample,16384,2048,tile8,5,1000979
sample,16384,2048,tile8,6,999988
sample,16384,2048,tile8,7,991164
sample,16384,2048,tile8,8,998275
sample,16384,2048,tile8,9,993498
sample,16384,2048,tile8,10,998358
sample,16384,2048,tile8,11,993887
sample,16384,2048,tile8,12,1005821
sample,16384,2048,tile8,13,991136
sample,16384,2048,tile8,14,998524
sample,16384,2048,tile8,15,1040080
sample,16384,2048,tile8,16,894646
sample,16384,2048,tile8,17,859932
sample,16384,2048,tile8,18,862127
sample,16384,2048,tile8,19,861221
sample,16384,2048,tile8,20,861970
sample,16384,2048,tile8,21,866062
sample,16384,2048,tile8,22,942793
sample,16384,2048,tile8,23,792460
sample,16384,2048,tile8,24,777943
sample,16384,2048,tile8,25,817441
sample,16384,2048,tile8,26,771942
sample,16384,2048,tile8,27,798099
sample,16384,2048,tile8,28,777313
sample,16384,2048,tile8,29,771795
measured,65536,128,vec4,1048576,4194304,5,30,16,611100,659295,9ec0db29a14c575b,4098921c6b362ecd,none,none
sample,65536,128,vec4,0,607740
sample,65536,128,vec4,1,608664
sample,65536,128,vec4,2,629776
sample,65536,128,vec4,3,614138
sample,65536,128,vec4,4,610731
sample,65536,128,vec4,5,621692
sample,65536,128,vec4,6,615016
sample,65536,128,vec4,7,611137
sample,65536,128,vec4,8,611100
sample,65536,128,vec4,9,633535
sample,65536,128,vec4,10,607841
sample,65536,128,vec4,11,615035
sample,65536,128,vec4,12,611563
sample,65536,128,vec4,13,692702
sample,65536,128,vec4,14,612664
sample,65536,128,vec4,15,612165
sample,65536,128,vec4,16,605813
sample,65536,128,vec4,17,614239
sample,65536,128,vec4,18,610905
sample,65536,128,vec4,19,659295
sample,65536,128,vec4,20,610480
sample,65536,128,vec4,21,610971
sample,65536,128,vec4,22,609489
sample,65536,128,vec4,23,607462
sample,65536,128,vec4,24,606294
sample,65536,128,vec4,25,615544
sample,65536,128,vec4,26,609129
sample,65536,128,vec4,27,620961
sample,65536,128,vec4,28,607239
sample,65536,128,vec4,29,601813
measured,65536,128,fused2,1048576,4194304,5,30,15,586192,608842,9ec0db29a14c575b,4098921c6b362ecd,none,none
sample,65536,128,fused2,0,581869
sample,65536,128,fused2,1,585210
sample,65536,128,fused2,2,601924
sample,65536,128,fused2,3,594675
sample,65536,128,fused2,4,587165
sample,65536,128,fused2,5,599489
sample,65536,128,fused2,6,587628
sample,65536,128,fused2,7,587701
sample,65536,128,fused2,8,585868
sample,65536,128,fused2,9,577822
sample,65536,128,fused2,10,578924
sample,65536,128,fused2,11,582915
sample,65536,128,fused2,12,583619
sample,65536,128,fused2,13,586266
sample,65536,128,fused2,14,582359
sample,65536,128,fused2,15,583434
sample,65536,128,fused2,16,582619
sample,65536,128,fused2,17,594600
sample,65536,128,fused2,18,585109
sample,65536,128,fused2,19,590804
sample,65536,128,fused2,20,579803
sample,65536,128,fused2,21,588683
sample,65536,128,fused2,22,596943
sample,65536,128,fused2,23,608842
sample,65536,128,fused2,24,584748
sample,65536,128,fused2,25,584601
sample,65536,128,fused2,26,592628
sample,65536,128,fused2,27,586192
sample,65536,128,fused2,28,621341
sample,65536,128,fused2,29,588211
measured,65536,128,tile8,1048576,4194304,5,30,14,583785,625989,9ec0db29a14c575b,4098921c6b362ecd,none,none
sample,65536,128,tile8,0,580147
sample,65536,128,tile8,1,585313
sample,65536,128,tile8,2,589499
sample,65536,128,tile8,3,583332
sample,65536,128,tile8,4,581990
sample,65536,128,tile8,5,583535
sample,65536,128,tile8,6,586359
sample,65536,128,tile8,7,593720
sample,65536,128,tile8,8,583785
sample,65536,128,tile8,9,613535
sample,65536,128,tile8,10,582424
sample,65536,128,tile8,11,578036
sample,65536,128,tile8,12,601100
sample,65536,128,tile8,13,596035
sample,65536,128,tile8,14,583007
sample,65536,128,tile8,15,587961
sample,65536,128,tile8,16,584035
sample,65536,128,tile8,17,580257
sample,65536,128,tile8,18,580359
sample,65536,128,tile8,19,626637
sample,65536,128,tile8,20,580831
sample,65536,128,tile8,21,580786
sample,65536,128,tile8,22,577980
sample,65536,128,tile8,23,594175
sample,65536,128,tile8,24,586647
sample,65536,128,tile8,25,583712
sample,65536,128,tile8,26,585693
sample,65536,128,tile8,27,580378
sample,65536,128,tile8,28,593414
sample,65536,128,tile8,29,625989
measured,65536,512,vec4,4194304,16777216,5,30,16,758961,837784,84d06402da633040,29115d73667dee45,none,none
sample,65536,512,vec4,0,777433
sample,65536,512,vec4,1,756719
sample,65536,512,vec4,2,756674
sample,65536,512,vec4,3,758961
sample,65536,512,vec4,4,756313
sample,65536,512,vec4,5,800793
sample,65536,512,vec4,6,811422
sample,65536,512,vec4,7,758229
sample,65536,512,vec4,8,762230
sample,65536,512,vec4,9,757108
sample,65536,512,vec4,10,751905
sample,65536,512,vec4,11,759397
sample,65536,512,vec4,12,754193
sample,65536,512,vec4,13,837784
sample,65536,512,vec4,14,866636
sample,65536,512,vec4,15,774507
sample,65536,512,vec4,16,761683
sample,65536,512,vec4,17,755683
sample,65536,512,vec4,18,756192
sample,65536,512,vec4,19,757313
sample,65536,512,vec4,20,797869
sample,65536,512,vec4,21,757599
sample,65536,512,vec4,22,757869
sample,65536,512,vec4,23,796119
sample,65536,512,vec4,24,756738
sample,65536,512,vec4,25,760776
sample,65536,512,vec4,26,762942
sample,65536,512,vec4,27,770692
sample,65536,512,vec4,28,757099
sample,65536,512,vec4,29,771406
measured,65536,512,fused2,4194304,16777216,5,30,15,724016,771192,84d06402da633040,29115d73667dee45,none,none
sample,65536,512,fused2,0,721397
sample,65536,512,fused2,1,724016
sample,65536,512,fused2,2,718757
sample,65536,512,fused2,3,720489
sample,65536,512,fused2,4,723322
sample,65536,512,fused2,5,718989
sample,65536,512,fused2,6,720683
sample,65536,512,fused2,7,771192
sample,65536,512,fused2,8,717822
sample,65536,512,fused2,9,726924
sample,65536,512,fused2,10,726839
sample,65536,512,fused2,11,718230
sample,65536,512,fused2,12,722257
sample,65536,512,fused2,13,728248
sample,65536,512,fused2,14,722489
sample,65536,512,fused2,15,766943
sample,65536,512,fused2,16,723359
sample,65536,512,fused2,17,730961
sample,65536,512,fused2,18,723406
sample,65536,512,fused2,19,718841
sample,65536,512,fused2,20,717526
sample,65536,512,fused2,21,725896
sample,65536,512,fused2,22,779692
sample,65536,512,fused2,23,727831
sample,65536,512,fused2,24,727905
sample,65536,512,fused2,25,726100
sample,65536,512,fused2,26,724692
sample,65536,512,fused2,27,727332
sample,65536,512,fused2,28,729062
sample,65536,512,fused2,29,734693
measured,65536,512,tile8,4194304,16777216,5,30,14,813267,850545,84d06402da633040,29115d73667dee45,none,none
sample,65536,512,tile8,0,813267
sample,65536,512,tile8,1,818831
sample,65536,512,tile8,2,816581
sample,65536,512,tile8,3,809507
sample,65536,512,tile8,4,804618
sample,65536,512,tile8,5,807099
sample,65536,512,tile8,6,809284
sample,65536,512,tile8,7,846072
sample,65536,512,tile8,8,819294
sample,65536,512,tile8,9,807609
sample,65536,512,tile8,10,815757
sample,65536,512,tile8,11,808258
sample,65536,512,tile8,12,809572
sample,65536,512,tile8,13,841080
sample,65536,512,tile8,14,853988
sample,65536,512,tile8,15,814794
sample,65536,512,tile8,16,830728
sample,65536,512,tile8,17,808210
sample,65536,512,tile8,18,805979
sample,65536,512,tile8,19,809811
sample,65536,512,tile8,20,834118
sample,65536,512,tile8,21,805867
sample,65536,512,tile8,22,807535
sample,65536,512,tile8,23,842591
sample,65536,512,tile8,24,850545
sample,65536,512,tile8,25,819654
sample,65536,512,tile8,26,808563
sample,65536,512,tile8,27,807442
sample,65536,512,tile8,28,821035
sample,65536,512,tile8,29,825980
skipped_limit,65536,2048,vec4,16777216,67108864,NA,NA,NA,NA,NA,NA,NA,cohort_dispatch_limit,none
skipped_limit,65536,2048,fused2,16777216,67108864,NA,NA,NA,NA,NA,NA,NA,cohort_dispatch_limit,none
skipped_limit,65536,2048,tile8,16777216,67108864,NA,NA,NA,NA,NA,NA,NA,cohort_dispatch_limit,none
measured,262144,128,vec4,4194304,16777216,5,30,18,863562,923830,603e59446e81431f,99960c282a7f4ca5,none,none
sample,262144,128,vec4,0,862812
sample,262144,128,vec4,1,885932
sample,262144,128,vec4,2,867971
sample,262144,128,vec4,3,934729
sample,262144,128,vec4,4,861563
sample,262144,128,vec4,5,889599
sample,262144,128,vec4,6,923830
sample,262144,128,vec4,7,872146
sample,262144,128,vec4,8,859572
sample,262144,128,vec4,9,870165
sample,262144,128,vec4,10,850210
sample,262144,128,vec4,11,835239
sample,262144,128,vec4,12,836192
sample,262144,128,vec4,13,833756
sample,262144,128,vec4,14,845785
sample,262144,128,vec4,15,850627
sample,262144,128,vec4,16,861738
sample,262144,128,vec4,17,859637
sample,262144,128,vec4,18,920748
sample,262144,128,vec4,19,866590
sample,262144,128,vec4,20,872304
sample,262144,128,vec4,21,898950
sample,262144,128,vec4,22,867497
sample,262144,128,vec4,23,857933
sample,262144,128,vec4,24,863230
sample,262144,128,vec4,25,863562
sample,262144,128,vec4,26,863691
sample,262144,128,vec4,27,866210
sample,262144,128,vec4,28,923507
sample,262144,128,vec4,29,857998
measured,262144,128,fused2,4194304,16777216,5,30,17,854849,904136,603e59446e81431f,99960c282a7f4ca5,none,none
sample,262144,128,fused2,0,846191
sample,262144,128,fused2,1,861803
sample,262144,128,fused2,2,854849
sample,262144,128,fused2,3,860656
sample,262144,128,fused2,4,856674
sample,262144,128,fused2,5,878082
sample,262144,128,fused2,6,876220
sample,262144,128,fused2,7,893313
sample,262144,128,fused2,8,850266
sample,262144,128,fused2,9,854859
sample,262144,128,fused2,10,827877
sample,262144,128,fused2,11,837478
sample,262144,128,fused2,12,825470
sample,262144,128,fused2,13,823849
sample,262144,128,fused2,14,855961
sample,262144,128,fused2,15,823433
sample,262144,128,fused2,16,852767
sample,262144,128,fused2,17,843451
sample,262144,128,fused2,18,854868
sample,262144,128,fused2,19,861998
sample,262144,128,fused2,20,852211
sample,262144,128,fused2,21,850350
sample,262144,128,fused2,22,856673
sample,262144,128,fused2,23,855062
sample,262144,128,fused2,24,916053
sample,262144,128,fused2,25,854766
sample,262144,128,fused2,26,852321
sample,262144,128,fused2,27,857312
sample,262144,128,fused2,28,904136
sample,262144,128,fused2,29,851183
measured,262144,128,tile8,4194304,16777216,5,30,16,932951,980423,603e59446e81431f,99960c282a7f4ca5,none,none
sample,262144,128,tile8,0,939451
sample,262144,128,tile8,1,987590
sample,262144,128,tile8,2,944006
sample,262144,128,tile8,3,933645
sample,262144,128,tile8,4,930387
sample,262144,128,tile8,5,980423
sample,262144,128,tile8,6,935691
sample,262144,128,tile8,7,969886
sample,262144,128,tile8,8,947099
sample,262144,128,tile8,9,940728
sample,262144,128,tile8,10,929127
sample,262144,128,tile8,11,900682
sample,262144,128,tile8,12,913932
sample,262144,128,tile8,13,907441
sample,262144,128,tile8,14,901830
sample,262144,128,tile8,15,916053
sample,262144,128,tile8,16,931460
sample,262144,128,tile8,17,921711
sample,262144,128,tile8,18,930480
sample,262144,128,tile8,19,928025
sample,262144,128,tile8,20,934359
sample,262144,128,tile8,21,947052
sample,262144,128,tile8,22,925923
sample,262144,128,tile8,23,942294
sample,262144,128,tile8,24,947849
sample,262144,128,tile8,25,932951
sample,262144,128,tile8,26,931145
sample,262144,128,tile8,27,930747
sample,262144,128,tile8,28,935396
sample,262144,128,tile8,29,935479
skipped_limit,262144,512,vec4,16777216,67108864,NA,NA,NA,NA,NA,NA,NA,cohort_dispatch_limit,none
skipped_limit,262144,512,fused2,16777216,67108864,NA,NA,NA,NA,NA,NA,NA,cohort_dispatch_limit,none
skipped_limit,262144,512,tile8,16777216,67108864,NA,NA,NA,NA,NA,NA,NA,cohort_dispatch_limit,none
skipped_limit,262144,2048,vec4,67108864,268435456,NA,NA,NA,NA,NA,NA,NA,cohort_dispatch_limit,none
skipped_limit,262144,2048,fused2,67108864,268435456,NA,NA,NA,NA,NA,NA,NA,cohort_dispatch_limit,none
skipped_limit,262144,2048,tile8,67108864,268435456,NA,NA,NA,NA,NA,NA,NA,cohort_dispatch_limit,none
skipped_limit,1048576,128,vec4,16777216,67108864,NA,NA,NA,NA,NA,NA,NA,cohort_dispatch_limit,none
skipped_limit,1048576,128,fused2,16777216,67108864,NA,NA,NA,NA,NA,NA,NA,cohort_dispatch_limit,none
skipped_limit,1048576,128,tile8,16777216,67108864,NA,NA,NA,NA,NA,NA,NA,cohort_dispatch_limit,none
skipped_limit,1048576,512,vec4,67108864,268435456,NA,NA,NA,NA,NA,NA,NA,cohort_dispatch_limit,none
skipped_limit,1048576,512,fused2,67108864,268435456,NA,NA,NA,NA,NA,NA,NA,cohort_dispatch_limit,none
skipped_limit,1048576,512,tile8,67108864,268435456,NA,NA,NA,NA,NA,NA,NA,cohort_dispatch_limit,none
skipped_limit,1048576,2048,vec4,268435456,1073741824,NA,NA,NA,NA,NA,NA,NA,cohort_dispatch_limit,none
skipped_limit,1048576,2048,fused2,268435456,1073741824,NA,NA,NA,NA,NA,NA,NA,cohort_dispatch_limit,none
skipped_limit,1048576,2048,tile8,268435456,1073741824,NA,NA,NA,NA,NA,NA,NA,cohort_dispatch_limit,none
qualification_status=complete
