diagnostic=pvp_stage_paired_readback_v1
source_revision=f913d53748edd40ebcb696395aad6a8b9a61893e
explicit_map_transition=false,device_wait_timeout_seconds=60,map_callback_timeout_seconds=5
adapter=NVIDIA Tegra NVIDIA Thor,backend=Vulkan,device_type=IntegratedGpu,vendor=4318,device=11008,driver=NVIDIA,driver_info=580.00
rounds=12,geometries=65536x512_then_262144x128,candidates=vec4_fused2_tile8,readbacks_per_check=2,fresh_readbacks=true
timing=none,performance_claim=none,paired_agreement_does_not_prove_device_correctness=true
phase_reads_add_submissions_and_fences=true,coverage=source_reset_full_transform,historical_benchmark_reproduction=false
limits=Limits { max_texture_dimension_1d: 32768, max_texture_dimension_2d: 32768, max_texture_dimension_3d: 16384, max_texture_array_layers: 2048, max_bind_groups: 8, max_bind_groups_plus_vertex_buffers: 24, max_bindings_per_bind_group: 4294967295, max_dynamic_uniform_buffers_per_pipeline_layout: 15, max_dynamic_storage_buffers_per_pipeline_layout: 16, max_sampled_textures_per_shader_stage: 524288, max_samplers_per_shader_stage: 524288, max_storage_buffers_per_shader_stage: 524288, max_storage_textures_per_shader_stage: 524288, max_uniform_buffers_per_shader_stage: 524288, max_binding_array_elements_per_shader_stage: 1048576, max_binding_array_acceleration_structure_elements_per_shader_stage: 524288, max_binding_array_sampler_elements_per_shader_stage: 1048576, max_uniform_buffer_binding_size: 65536, max_storage_buffer_binding_size: 2147483644, max_vertex_buffers: 16, max_buffer_size: 4292870144, max_vertex_attributes: 32, max_vertex_buffer_array_stride: 2048, max_inter_stage_shader_variables: 31, min_uniform_buffer_offset_alignment: 64, min_storage_buffer_offset_alignment: 32, max_color_attachments: 8, max_color_attachment_bytes_per_sample: 128, max_compute_workgroup_storage_size: 49152, max_compute_invocations_per_workgroup: 1024, max_compute_workgroup_size_x: 1024, max_compute_workgroup_size_y: 1024, max_compute_workgroup_size_z: 64, max_compute_workgroups_per_dimension: 65535, max_immediate_size: 256, max_non_sampler_bindings: 4294967295, max_task_workgroup_total_count: 4194304, max_task_workgroups_per_dimension: 65535, max_mesh_workgroup_total_count: 4194304, max_mesh_workgroups_per_dimension: 65535, max_task_invocations_per_workgroup: 128, max_task_invocations_per_dimension: 128, max_mesh_invocations_per_workgroup: 128, max_mesh_invocations_per_dimension: 128, max_task_payload_size: 16384, max_mesh_output_vertices: 256, max_mesh_output_primitives: 256, max_mesh_output_layers: 2048, max_mesh_multiview_view_count: 4, max_blas_primitive_count: 536870911, max_blas_geometry_count: 16777215, max_tlas_instance_count: 16777215, max_acceleration_structures_per_shader_stage: 524288, max_buffers_and_acceleration_structures_per_shader_stage: 4294967295, max_multiview_view_count: 32, max_ray_dispatch_count: 1073741824, max_ray_recursion_depth: 31 }
check,round=0,k=65536,g=512,candidate=none,phase=source,comparison=a_vs_oracle,words=1048576,mismatched_words=0,actual_checksum=84d06402da633040,expected_checksum=84d06402da633040,first=[]
check,round=0,k=65536,g=512,candidate=none,phase=source,comparison=b_vs_oracle,words=1048576,mismatched_words=0,actual_checksum=84d06402da633040,expected_checksum=84d06402da633040,first=[]
check,round=0,k=65536,g=512,candidate=none,phase=source,comparison=a_vs_b,words=1048576,mismatched_words=0,actual_checksum=84d06402da633040,expected_checksum=84d06402da633040,first=[]
check,round=0,k=65536,g=512,candidate=vec4,phase=reset,comparison=a_vs_oracle,words=1048576,mismatched_words=0,actual_checksum=84d06402da633040,expected_checksum=84d06402da633040,first=[]
check,round=0,k=65536,g=512,candidate=vec4,phase=reset,comparison=b_vs_oracle,words=1048576,mismatched_words=0,actual_checksum=84d06402da633040,expected_checksum=84d06402da633040,first=[]
check,round=0,k=65536,g=512,candidate=vec4,phase=reset,comparison=a_vs_b,words=1048576,mismatched_words=0,actual_checksum=84d06402da633040,expected_checksum=84d06402da633040,first=[]
check,round=0,k=65536,g=512,candidate=vec4,phase=transformed,comparison=a_vs_oracle,words=1048576,mismatched_words=0,actual_checksum=29115d73667dee45,expected_checksum=29115d73667dee45,first=[]
check,round=0,k=65536,g=512,candidate=vec4,phase=transformed,comparison=b_vs_oracle,words=1048576,mismatched_words=0,actual_checksum=29115d73667dee45,expected_checksum=29115d73667dee45,first=[]
check,round=0,k=65536,g=512,candidate=vec4,phase=transformed,comparison=a_vs_b,words=1048576,mismatched_words=0,actual_checksum=29115d73667dee45,expected_checksum=29115d73667dee45,first=[]
check,round=0,k=65536,g=512,candidate=fused2,phase=reset,comparison=a_vs_oracle,words=1048576,mismatched_words=0,actual_checksum=84d06402da633040,expected_checksum=84d06402da633040,first=[]
check,round=0,k=65536,g=512,candidate=fused2,phase=reset,comparison=b_vs_oracle,words=1048576,mismatched_words=0,actual_checksum=84d06402da633040,expected_checksum=84d06402da633040,first=[]
check,round=0,k=65536,g=512,candidate=fused2,phase=reset,comparison=a_vs_b,words=1048576,mismatched_words=0,actual_checksum=84d06402da633040,expected_checksum=84d06402da633040,first=[]
check,round=0,k=65536,g=512,candidate=fused2,phase=transformed,comparison=a_vs_oracle,words=1048576,mismatched_words=0,actual_checksum=29115d73667dee45,expected_checksum=29115d73667dee45,first=[]
check,round=0,k=65536,g=512,candidate=fused2,phase=transformed,comparison=b_vs_oracle,words=1048576,mismatched_words=0,actual_checksum=29115d73667dee45,expected_checksum=29115d73667dee45,first=[]
check,round=0,k=65536,g=512,candidate=fused2,phase=transformed,comparison=a_vs_b,words=1048576,mismatched_words=0,actual_checksum=29115d73667dee45,expected_checksum=29115d73667dee45,first=[]
check,round=0,k=65536,g=512,candidate=tile8,phase=reset,comparison=a_vs_oracle,words=1048576,mismatched_words=0,actual_checksum=84d06402da633040,expected_checksum=84d06402da633040,first=[]
check,round=0,k=65536,g=512,candidate=tile8,phase=reset,comparison=b_vs_oracle,words=1048576,mismatched_words=0,actual_checksum=84d06402da633040,expected_checksum=84d06402da633040,first=[]
check,round=0,k=65536,g=512,candidate=tile8,phase=reset,comparison=a_vs_b,words=1048576,mismatched_words=0,actual_checksum=84d06402da633040,expected_checksum=84d06402da633040,first=[]
check,round=0,k=65536,g=512,candidate=tile8,phase=transformed,comparison=a_vs_oracle,words=1048576,mismatched_words=0,actual_checksum=29115d73667dee45,expected_checksum=29115d73667dee45,first=[]
check,round=0,k=65536,g=512,candidate=tile8,phase=transformed,comparison=b_vs_oracle,words=1048576,mismatched_words=0,actual_checksum=29115d73667dee45,expected_checksum=29115d73667dee45,first=[]
check,round=0,k=65536,g=512,candidate=tile8,phase=transformed,comparison=a_vs_b,words=1048576,mismatched_words=0,actual_checksum=29115d73667dee45,expected_checksum=29115d73667dee45,first=[]
check,round=0,k=262144,g=128,candidate=none,phase=source,comparison=a_vs_oracle,words=1048576,mismatched_words=0,actual_checksum=603e59446e81431f,expected_checksum=603e59446e81431f,first=[]
check,round=0,k=262144,g=128,candidate=none,phase=source,comparison=b_vs_oracle,words=1048576,mismatched_words=0,actual_checksum=603e59446e81431f,expected_checksum=603e59446e81431f,first=[]
check,round=0,k=262144,g=128,candidate=none,phase=source,comparison=a_vs_b,words=1048576,mismatched_words=0,actual_checksum=603e59446e81431f,expected_checksum=603e59446e81431f,first=[]
check,round=0,k=262144,g=128,candidate=vec4,phase=reset,comparison=a_vs_oracle,words=1048576,mismatched_words=0,actual_checksum=603e59446e81431f,expected_checksum=603e59446e81431f,first=[]
check,round=0,k=262144,g=128,candidate=vec4,phase=reset,comparison=b_vs_oracle,words=1048576,mismatched_words=0,actual_checksum=603e59446e81431f,expected_checksum=603e59446e81431f,first=[]
check,round=0,k=262144,g=128,candidate=vec4,phase=reset,comparison=a_vs_b,words=1048576,mismatched_words=0,actual_checksum=603e59446e81431f,expected_checksum=603e59446e81431f,first=[]
check,round=0,k=262144,g=128,candidate=vec4,phase=transformed,comparison=a_vs_oracle,words=1048576,mismatched_words=0,actual_checksum=99960c282a7f4ca5,expected_checksum=99960c282a7f4ca5,first=[]
check,round=0,k=262144,g=128,candidate=vec4,phase=transformed,comparison=b_vs_oracle,words=1048576,mismatched_words=0,actual_checksum=99960c282a7f4ca5,expected_checksum=99960c282a7f4ca5,first=[]
check,round=0,k=262144,g=128,candidate=vec4,phase=transformed,comparison=a_vs_b,words=1048576,mismatched_words=0,actual_checksum=99960c282a7f4ca5,expected_checksum=99960c282a7f4ca5,first=[]
check,round=0,k=262144,g=128,candidate=fused2,phase=reset,comparison=a_vs_oracle,words=1048576,mismatched_words=0,actual_checksum=603e59446e81431f,expected_checksum=603e59446e81431f,first=[]
check,round=0,k=262144,g=128,candidate=fused2,phase=reset,comparison=b_vs_oracle,words=1048576,mismatched_words=0,actual_checksum=603e59446e81431f,expected_checksum=603e59446e81431f,first=[]
check,round=0,k=262144,g=128,candidate=fused2,phase=reset,comparison=a_vs_b,words=1048576,mismatched_words=0,actual_checksum=603e59446e81431f,expected_checksum=603e59446e81431f,first=[]
check,round=0,k=262144,g=128,candidate=fused2,phase=transformed,comparison=a_vs_oracle,words=1048576,mismatched_words=0,actual_checksum=99960c282a7f4ca5,expected_checksum=99960c282a7f4ca5,first=[]
check,round=0,k=262144,g=128,candidate=fused2,phase=transformed,comparison=b_vs_oracle,words=1048576,mismatched_words=0,actual_checksum=99960c282a7f4ca5,expected_checksum=99960c282a7f4ca5,first=[]
check,round=0,k=262144,g=128,candidate=fused2,phase=transformed,comparison=a_vs_b,words=1048576,mismatched_words=0,actual_checksum=99960c282a7f4ca5,expected_checksum=99960c282a7f4ca5,first=[]
check,round=0,k=262144,g=128,candidate=tile8,phase=reset,comparison=a_vs_oracle,words=1048576,mismatched_words=0,actual_checksum=603e59446e81431f,expected_checksum=603e59446e81431f,first=[]
check,round=0,k=262144,g=128,candidate=tile8,phase=reset,comparison=b_vs_oracle,words=1048576,mismatched_words=0,actual_checksum=603e59446e81431f,expected_checksum=603e59446e81431f,first=[]
check,round=0,k=262144,g=128,candidate=tile8,phase=reset,comparison=a_vs_b,words=1048576,mismatched_words=0,actual_checksum=603e59446e81431f,expected_checksum=603e59446e81431f,first=[]
check,round=0,k=262144,g=128,candidate=tile8,phase=transformed,comparison=a_vs_oracle,words=1048576,mismatched_words=0,actual_checksum=99960c282a7f4ca5,expected_checksum=99960c282a7f4ca5,first=[]
check,round=0,k=262144,g=128,candidate=tile8,phase=transformed,comparison=b_vs_oracle,words=1048576,mismatched_words=0,actual_checksum=99960c282a7f4ca5,expected_checksum=99960c282a7f4ca5,first=[]
check,round=0,k=262144,g=128,candidate=tile8,phase=transformed,comparison=a_vs_b,words=1048576,mismatched_words=0,actual_checksum=99960c282a7f4ca5,expected_checksum=99960c282a7f4ca5,first=[]
check,round=1,k=65536,g=512,candidate=none,phase=source,comparison=a_vs_oracle,words=1048576,mismatched_words=0,actual_checksum=84d06402da633040,expected_checksum=84d06402da633040,first=[]
check,round=1,k=65536,g=512,candidate=none,phase=source,comparison=b_vs_oracle,words=1048576,mismatched_words=0,actual_checksum=84d06402da633040,expected_checksum=84d06402da633040,first=[]
check,round=1,k=65536,g=512,candidate=none,phase=source,comparison=a_vs_b,words=1048576,mismatched_words=0,actual_checksum=84d06402da633040,expected_checksum=84d06402da633040,first=[]
check,round=1,k=65536,g=512,candidate=vec4,phase=reset,comparison=a_vs_oracle,words=1048576,mismatched_words=0,actual_checksum=84d06402da633040,expected_checksum=84d06402da633040,first=[]
check,round=1,k=65536,g=512,candidate=vec4,phase=reset,comparison=b_vs_oracle,words=1048576,mismatched_words=0,actual_checksum=84d06402da633040,expected_checksum=84d06402da633040,first=[]
check,round=1,k=65536,g=512,candidate=vec4,phase=reset,comparison=a_vs_b,words=1048576,mismatched_words=0,actual_checksum=84d06402da633040,expected_checksum=84d06402da633040,first=[]
check,round=1,k=65536,g=512,candidate=vec4,phase=transformed,comparison=a_vs_oracle,words=1048576,mismatched_words=0,actual_checksum=29115d73667dee45,expected_checksum=29115d73667dee45,first=[]
check,round=1,k=65536,g=512,candidate=vec4,phase=transformed,comparison=b_vs_oracle,words=1048576,mismatched_words=0,actual_checksum=29115d73667dee45,expected_checksum=29115d73667dee45,first=[]
check,round=1,k=65536,g=512,candidate=vec4,phase=transformed,comparison=a_vs_b,words=1048576,mismatched_words=0,actual_checksum=29115d73667dee45,expected_checksum=29115d73667dee45,first=[]
check,round=1,k=65536,g=512,candidate=fused2,phase=reset,comparison=a_vs_oracle,words=1048576,mismatched_words=0,actual_checksum=84d06402da633040,expected_checksum=84d06402da633040,first=[]
check,round=1,k=65536,g=512,candidate=fused2,phase=reset,comparison=b_vs_oracle,words=1048576,mismatched_words=0,actual_checksum=84d06402da633040,expected_checksum=84d06402da633040,first=[]
check,round=1,k=65536,g=512,candidate=fused2,phase=reset,comparison=a_vs_b,words=1048576,mismatched_words=0,actual_checksum=84d06402da633040,expected_checksum=84d06402da633040,first=[]
check,round=1,k=65536,g=512,candidate=fused2,phase=transformed,comparison=a_vs_oracle,words=1048576,mismatched_words=0,actual_checksum=29115d73667dee45,expected_checksum=29115d73667dee45,first=[]
check,round=1,k=65536,g=512,candidate=fused2,phase=transformed,comparison=b_vs_oracle,words=1048576,mismatched_words=0,actual_checksum=29115d73667dee45,expected_checksum=29115d73667dee45,first=[]
check,round=1,k=65536,g=512,candidate=fused2,phase=transformed,comparison=a_vs_b,words=1048576,mismatched_words=0,actual_checksum=29115d73667dee45,expected_checksum=29115d73667dee45,first=[]
check,round=1,k=65536,g=512,candidate=tile8,phase=reset,comparison=a_vs_oracle,words=1048576,mismatched_words=0,actual_checksum=84d06402da633040,expected_checksum=84d06402da633040,first=[]
check,round=1,k=65536,g=512,candidate=tile8,phase=reset,comparison=b_vs_oracle,words=1048576,mismatched_words=0,actual_checksum=84d06402da633040,expected_checksum=84d06402da633040,first=[]
check,round=1,k=65536,g=512,candidate=tile8,phase=reset,comparison=a_vs_b,words=1048576,mismatched_words=0,actual_checksum=84d06402da633040,expected_checksum=84d06402da633040,first=[]
check,round=1,k=65536,g=512,candidate=tile8,phase=transformed,comparison=a_vs_oracle,words=1048576,mismatched_words=0,actual_checksum=29115d73667dee45,expected_checksum=29115d73667dee45,first=[]
check,round=1,k=65536,g=512,candidate=tile8,phase=transformed,comparison=b_vs_oracle,words=1048576,mismatched_words=0,actual_checksum=29115d73667dee45,expected_checksum=29115d73667dee45,first=[]
check,round=1,k=65536,g=512,candidate=tile8,phase=transformed,comparison=a_vs_b,words=1048576,mismatched_words=0,actual_checksum=29115d73667dee45,expected_checksum=29115d73667dee45,first=[]
check,round=1,k=262144,g=128,candidate=none,phase=source,comparison=a_vs_oracle,words=1048576,mismatched_words=0,actual_checksum=603e59446e81431f,expected_checksum=603e59446e81431f,first=[]
check,round=1,k=262144,g=128,candidate=none,phase=source,comparison=b_vs_oracle,words=1048576,mismatched_words=0,actual_checksum=603e59446e81431f,expected_checksum=603e59446e81431f,first=[]
check,round=1,k=262144,g=128,candidate=none,phase=source,comparison=a_vs_b,words=1048576,mismatched_words=0,actual_checksum=603e59446e81431f,expected_checksum=603e59446e81431f,first=[]
check,round=1,k=262144,g=128,candidate=vec4,phase=reset,comparison=a_vs_oracle,words=1048576,mismatched_words=0,actual_checksum=603e59446e81431f,expected_checksum=603e59446e81431f,first=[]
check,round=1,k=262144,g=128,candidate=vec4,phase=reset,comparison=b_vs_oracle,words=1048576,mismatched_words=0,actual_checksum=603e59446e81431f,expected_checksum=603e59446e81431f,first=[]
check,round=1,k=262144,g=128,candidate=vec4,phase=reset,comparison=a_vs_b,words=1048576,mismatched_words=0,actual_checksum=603e59446e81431f,expected_checksum=603e59446e81431f,first=[]
check,round=1,k=262144,g=128,candidate=vec4,phase=transformed,comparison=a_vs_oracle,words=1048576,mismatched_words=0,actual_checksum=99960c282a7f4ca5,expected_checksum=99960c282a7f4ca5,first=[]
check,round=1,k=262144,g=128,candidate=vec4,phase=transformed,comparison=b_vs_oracle,words=1048576,mismatched_words=0,actual_checksum=99960c282a7f4ca5,expected_checksum=99960c282a7f4ca5,first=[]
check,round=1,k=262144,g=128,candidate=vec4,phase=transformed,comparison=a_vs_b,words=1048576,mismatched_words=0,actual_checksum=99960c282a7f4ca5,expected_checksum=99960c282a7f4ca5,first=[]
check,round=1,k=262144,g=128,candidate=fused2,phase=reset,comparison=a_vs_oracle,words=1048576,mismatched_words=0,actual_checksum=603e59446e81431f,expected_checksum=603e59446e81431f,first=[]
check,round=1,k=262144,g=128,candidate=fused2,phase=reset,comparison=b_vs_oracle,words=1048576,mismatched_words=0,actual_checksum=603e59446e81431f,expected_checksum=603e59446e81431f,first=[]
check,round=1,k=262144,g=128,candidate=fused2,phase=reset,comparison=a_vs_b,words=1048576,mismatched_words=0,actual_checksum=603e59446e81431f,expected_checksum=603e59446e81431f,first=[]
check,round=1,k=262144,g=128,candidate=fused2,phase=transformed,comparison=a_vs_oracle,words=1048576,mismatched_words=0,actual_checksum=99960c282a7f4ca5,expected_checksum=99960c282a7f4ca5,first=[]
check,round=1,k=262144,g=128,candidate=fused2,phase=transformed,comparison=b_vs_oracle,words=1048576,mismatched_words=0,actual_checksum=99960c282a7f4ca5,expected_checksum=99960c282a7f4ca5,first=[]
check,round=1,k=262144,g=128,candidate=fused2,phase=transformed,comparison=a_vs_b,words=1048576,mismatched_words=0,actual_checksum=99960c282a7f4ca5,expected_checksum=99960c282a7f4ca5,first=[]
check,round=1,k=262144,g=128,candidate=tile8,phase=reset,comparison=a_vs_oracle,words=1048576,mismatched_words=0,actual_checksum=603e59446e81431f,expected_checksum=603e59446e81431f,first=[]
check,round=1,k=262144,g=128,candidate=tile8,phase=reset,comparison=b_vs_oracle,words=1048576,mismatched_words=0,actual_checksum=603e59446e81431f,expected_checksum=603e59446e81431f,first=[]
check,round=1,k=262144,g=128,candidate=tile8,phase=reset,comparison=a_vs_b,words=1048576,mismatched_words=0,actual_checksum=603e59446e81431f,expected_checksum=603e59446e81431f,first=[]
check,round=1,k=262144,g=128,candidate=tile8,phase=transformed,comparison=a_vs_oracle,words=1048576,mismatched_words=0,actual_checksum=99960c282a7f4ca5,expected_checksum=99960c282a7f4ca5,first=[]
check,round=1,k=262144,g=128,candidate=tile8,phase=transformed,comparison=b_vs_oracle,words=1048576,mismatched_words=0,actual_checksum=99960c282a7f4ca5,expected_checksum=99960c282a7f4ca5,first=[]
check,round=1,k=262144,g=128,candidate=tile8,phase=transformed,comparison=a_vs_b,words=1048576,mismatched_words=0,actual_checksum=99960c282a7f4ca5,expected_checksum=99960c282a7f4ca5,first=[]
check,round=2,k=65536,g=512,candidate=none,phase=source,comparison=a_vs_oracle,words=1048576,mismatched_words=0,actual_checksum=84d06402da633040,expected_checksum=84d06402da633040,first=[]
check,round=2,k=65536,g=512,candidate=none,phase=source,comparison=b_vs_oracle,words=1048576,mismatched_words=0,actual_checksum=84d06402da633040,expected_checksum=84d06402da633040,first=[]
check,round=2,k=65536,g=512,candidate=none,phase=source,comparison=a_vs_b,words=1048576,mismatched_words=0,actual_checksum=84d06402da633040,expected_checksum=84d06402da633040,first=[]
check,round=2,k=65536,g=512,candidate=vec4,phase=reset,comparison=a_vs_oracle,words=1048576,mismatched_words=0,actual_checksum=84d06402da633040,expected_checksum=84d06402da633040,first=[]
check,round=2,k=65536,g=512,candidate=vec4,phase=reset,comparison=b_vs_oracle,words=1048576,mismatched_words=0,actual_checksum=84d06402da633040,expected_checksum=84d06402da633040,first=[]
check,round=2,k=65536,g=512,candidate=vec4,phase=reset,comparison=a_vs_b,words=1048576,mismatched_words=0,actual_checksum=84d06402da633040,expected_checksum=84d06402da633040,first=[]
check,round=2,k=65536,g=512,candidate=vec4,phase=transformed,comparison=a_vs_oracle,words=1048576,mismatched_words=0,actual_checksum=29115d73667dee45,expected_checksum=29115d73667dee45,first=[]
check,round=2,k=65536,g=512,candidate=vec4,phase=transformed,comparison=b_vs_oracle,words=1048576,mismatched_words=0,actual_checksum=29115d73667dee45,expected_checksum=29115d73667dee45,first=[]
check,round=2,k=65536,g=512,candidate=vec4,phase=transformed,comparison=a_vs_b,words=1048576,mismatched_words=0,actual_checksum=29115d73667dee45,expected_checksum=29115d73667dee45,first=[]
check,round=2,k=65536,g=512,candidate=fused2,phase=reset,comparison=a_vs_oracle,words=1048576,mismatched_words=0,actual_checksum=84d06402da633040,expected_checksum=84d06402da633040,first=[]
check,round=2,k=65536,g=512,candidate=fused2,phase=reset,comparison=b_vs_oracle,words=1048576,mismatched_words=0,actual_checksum=84d06402da633040,expected_checksum=84d06402da633040,first=[]
check,round=2,k=65536,g=512,candidate=fused2,phase=reset,comparison=a_vs_b,words=1048576,mismatched_words=0,actual_checksum=84d06402da633040,expected_checksum=84d06402da633040,first=[]
check,round=2,k=65536,g=512,candidate=fused2,phase=transformed,comparison=a_vs_oracle,words=1048576,mismatched_words=0,actual_checksum=29115d73667dee45,expected_checksum=29115d73667dee45,first=[]
check,round=2,k=65536,g=512,candidate=fused2,phase=transformed,comparison=b_vs_oracle,words=1048576,mismatched_words=0,actual_checksum=29115d73667dee45,expected_checksum=29115d73667dee45,first=[]
check,round=2,k=65536,g=512,candidate=fused2,phase=transformed,comparison=a_vs_b,words=1048576,mismatched_words=0,actual_checksum=29115d73667dee45,expected_checksum=29115d73667dee45,first=[]
check,round=2,k=65536,g=512,candidate=tile8,phase=reset,comparison=a_vs_oracle,words=1048576,mismatched_words=0,actual_checksum=84d06402da633040,expected_checksum=84d06402da633040,first=[]
check,round=2,k=65536,g=512,candidate=tile8,phase=reset,comparison=b_vs_oracle,words=1048576,mismatched_words=0,actual_checksum=84d06402da633040,expected_checksum=84d06402da633040,first=[]
check,round=2,k=65536,g=512,candidate=tile8,phase=reset,comparison=a_vs_b,words=1048576,mismatched_words=0,actual_checksum=84d06402da633040,expected_checksum=84d06402da633040,first=[]
check,round=2,k=65536,g=512,candidate=tile8,phase=transformed,comparison=a_vs_oracle,words=1048576,mismatched_words=0,actual_checksum=29115d73667dee45,expected_checksum=29115d73667dee45,first=[]
check,round=2,k=65536,g=512,candidate=tile8,phase=transformed,comparison=b_vs_oracle,words=1048576,mismatched_words=0,actual_checksum=29115d73667dee45,expected_checksum=29115d73667dee45,first=[]
check,round=2,k=65536,g=512,candidate=tile8,phase=transformed,comparison=a_vs_b,words=1048576,mismatched_words=0,actual_checksum=29115d73667dee45,expected_checksum=29115d73667dee45,first=[]
check,round=2,k=262144,g=128,candidate=none,phase=source,comparison=a_vs_oracle,words=1048576,mismatched_words=0,actual_checksum=603e59446e81431f,expected_checksum=603e59446e81431f,first=[]
check,round=2,k=262144,g=128,candidate=none,phase=source,comparison=b_vs_oracle,words=1048576,mismatched_words=0,actual_checksum=603e59446e81431f,expected_checksum=603e59446e81431f,first=[]
check,round=2,k=262144,g=128,candidate=none,phase=source,comparison=a_vs_b,words=1048576,mismatched_words=0,actual_checksum=603e59446e81431f,expected_checksum=603e59446e81431f,first=[]
check,round=2,k=262144,g=128,candidate=vec4,phase=reset,comparison=a_vs_oracle,words=1048576,mismatched_words=0,actual_checksum=603e59446e81431f,expected_checksum=603e59446e81431f,first=[]
check,round=2,k=262144,g=128,candidate=vec4,phase=reset,comparison=b_vs_oracle,words=1048576,mismatched_words=0,actual_checksum=603e59446e81431f,expected_checksum=603e59446e81431f,first=[]
check,round=2,k=262144,g=128,candidate=vec4,phase=reset,comparison=a_vs_b,words=1048576,mismatched_words=0,actual_checksum=603e59446e81431f,expected_checksum=603e59446e81431f,first=[]
check,round=2,k=262144,g=128,candidate=vec4,phase=transformed,comparison=a_vs_oracle,words=1048576,mismatched_words=0,actual_checksum=99960c282a7f4ca5,expected_checksum=99960c282a7f4ca5,first=[]
check,round=2,k=262144,g=128,candidate=vec4,phase=transformed,comparison=b_vs_oracle,words=1048576,mismatched_words=0,actual_checksum=99960c282a7f4ca5,expected_checksum=99960c282a7f4ca5,first=[]
check,round=2,k=262144,g=128,candidate=vec4,phase=transformed,comparison=a_vs_b,words=1048576,mismatched_words=0,actual_checksum=99960c282a7f4ca5,expected_checksum=99960c282a7f4ca5,first=[]
check,round=2,k=262144,g=128,candidate=fused2,phase=reset,comparison=a_vs_oracle,words=1048576,mismatched_words=0,actual_checksum=603e59446e81431f,expected_checksum=603e59446e81431f,first=[]
check,round=2,k=262144,g=128,candidate=fused2,phase=reset,comparison=b_vs_oracle,words=1048576,mismatched_words=0,actual_checksum=603e59446e81431f,expected_checksum=603e59446e81431f,first=[]
check,round=2,k=262144,g=128,candidate=fused2,phase=reset,comparison=a_vs_b,words=1048576,mismatched_words=0,actual_checksum=603e59446e81431f,expected_checksum=603e59446e81431f,first=[]
check,round=2,k=262144,g=128,candidate=fused2,phase=transformed,comparison=a_vs_oracle,words=1048576,mismatched_words=0,actual_checksum=99960c282a7f4ca5,expected_checksum=99960c282a7f4ca5,first=[]
check,round=2,k=262144,g=128,candidate=fused2,phase=transformed,comparison=b_vs_oracle,words=1048576,mismatched_words=0,actual_checksum=99960c282a7f4ca5,expected_checksum=99960c282a7f4ca5,first=[]
check,round=2,k=262144,g=128,candidate=fused2,phase=transformed,comparison=a_vs_b,words=1048576,mismatched_words=0,actual_checksum=99960c282a7f4ca5,expected_checksum=99960c282a7f4ca5,first=[]
check,round=2,k=262144,g=128,candidate=tile8,phase=reset,comparison=a_vs_oracle,words=1048576,mismatched_words=0,actual_checksum=603e59446e81431f,expected_checksum=603e59446e81431f,first=[]
check,round=2,k=262144,g=128,candidate=tile8,phase=reset,comparison=b_vs_oracle,words=1048576,mismatched_words=0,actual_checksum=603e59446e81431f,expected_checksum=603e59446e81431f,first=[]
check,round=2,k=262144,g=128,candidate=tile8,phase=reset,comparison=a_vs_b,words=1048576,mismatched_words=0,actual_checksum=603e59446e81431f,expected_checksum=603e59446e81431f,first=[]
check,round=2,k=262144,g=128,candidate=tile8,phase=transformed,comparison=a_vs_oracle,words=1048576,mismatched_words=0,actual_checksum=99960c282a7f4ca5,expected_checksum=99960c282a7f4ca5,first=[]
check,round=2,k=262144,g=128,candidate=tile8,phase=transformed,comparison=b_vs_oracle,words=1048576,mismatched_words=0,actual_checksum=99960c282a7f4ca5,expected_checksum=99960c282a7f4ca5,first=[]
check,round=2,k=262144,g=128,candidate=tile8,phase=transformed,comparison=a_vs_b,words=1048576,mismatched_words=0,actual_checksum=99960c282a7f4ca5,expected_checksum=99960c282a7f4ca5,first=[]
check,round=3,k=65536,g=512,candidate=none,phase=source,comparison=a_vs_oracle,words=1048576,mismatched_words=0,actual_checksum=84d06402da633040,expected_checksum=84d06402da633040,first=[]
check,round=3,k=65536,g=512,candidate=none,phase=source,comparison=b_vs_oracle,words=1048576,mismatched_words=0,actual_checksum=84d06402da633040,expected_checksum=84d06402da633040,first=[]
check,round=3,k=65536,g=512,candidate=none,phase=source,comparison=a_vs_b,words=1048576,mismatched_words=0,actual_checksum=84d06402da633040,expected_checksum=84d06402da633040,first=[]
check,round=3,k=65536,g=512,candidate=vec4,phase=reset,comparison=a_vs_oracle,words=1048576,mismatched_words=0,actual_checksum=84d06402da633040,expected_checksum=84d06402da633040,first=[]
check,round=3,k=65536,g=512,candidate=vec4,phase=reset,comparison=b_vs_oracle,words=1048576,mismatched_words=0,actual_checksum=84d06402da633040,expected_checksum=84d06402da633040,first=[]
check,round=3,k=65536,g=512,candidate=vec4,phase=reset,comparison=a_vs_b,words=1048576,mismatched_words=0,actual_checksum=84d06402da633040,expected_checksum=84d06402da633040,first=[]
check,round=3,k=65536,g=512,candidate=vec4,phase=transformed,comparison=a_vs_oracle,words=1048576,mismatched_words=0,actual_checksum=29115d73667dee45,expected_checksum=29115d73667dee45,first=[]
check,round=3,k=65536,g=512,candidate=vec4,phase=transformed,comparison=b_vs_oracle,words=1048576,mismatched_words=0,actual_checksum=29115d73667dee45,expected_checksum=29115d73667dee45,first=[]
check,round=3,k=65536,g=512,candidate=vec4,phase=transformed,comparison=a_vs_b,words=1048576,mismatched_words=0,actual_checksum=29115d73667dee45,expected_checksum=29115d73667dee45,first=[]
check,round=3,k=65536,g=512,candidate=fused2,phase=reset,comparison=a_vs_oracle,words=1048576,mismatched_words=0,actual_checksum=84d06402da633040,expected_checksum=84d06402da633040,first=[]
check,round=3,k=65536,g=512,candidate=fused2,phase=reset,comparison=b_vs_oracle,words=1048576,mismatched_words=0,actual_checksum=84d06402da633040,expected_checksum=84d06402da633040,first=[]
check,round=3,k=65536,g=512,candidate=fused2,phase=reset,comparison=a_vs_b,words=1048576,mismatched_words=0,actual_checksum=84d06402da633040,expected_checksum=84d06402da633040,first=[]
check,round=3,k=65536,g=512,candidate=fused2,phase=transformed,comparison=a_vs_oracle,words=1048576,mismatched_words=0,actual_checksum=29115d73667dee45,expected_checksum=29115d73667dee45,first=[]
check,round=3,k=65536,g=512,candidate=fused2,phase=transformed,comparison=b_vs_oracle,words=1048576,mismatched_words=0,actual_checksum=29115d73667dee45,expected_checksum=29115d73667dee45,first=[]
check,round=3,k=65536,g=512,candidate=fused2,phase=transformed,comparison=a_vs_b,words=1048576,mismatched_words=0,actual_checksum=29115d73667dee45,expected_checksum=29115d73667dee45,first=[]
check,round=3,k=65536,g=512,candidate=tile8,phase=reset,comparison=a_vs_oracle,words=1048576,mismatched_words=0,actual_checksum=84d06402da633040,expected_checksum=84d06402da633040,first=[]
check,round=3,k=65536,g=512,candidate=tile8,phase=reset,comparison=b_vs_oracle,words=1048576,mismatched_words=0,actual_checksum=84d06402da633040,expected_checksum=84d06402da633040,first=[]
check,round=3,k=65536,g=512,candidate=tile8,phase=reset,comparison=a_vs_b,words=1048576,mismatched_words=0,actual_checksum=84d06402da633040,expected_checksum=84d06402da633040,first=[]
check,round=3,k=65536,g=512,candidate=tile8,phase=transformed,comparison=a_vs_oracle,words=1048576,mismatched_words=0,actual_checksum=29115d73667dee45,expected_checksum=29115d73667dee45,first=[]
check,round=3,k=65536,g=512,candidate=tile8,phase=transformed,comparison=b_vs_oracle,words=1048576,mismatched_words=0,actual_checksum=29115d73667dee45,expected_checksum=29115d73667dee45,first=[]
check,round=3,k=65536,g=512,candidate=tile8,phase=transformed,comparison=a_vs_b,words=1048576,mismatched_words=0,actual_checksum=29115d73667dee45,expected_checksum=29115d73667dee45,first=[]
check,round=3,k=262144,g=128,candidate=none,phase=source,comparison=a_vs_oracle,words=1048576,mismatched_words=0,actual_checksum=603e59446e81431f,expected_checksum=603e59446e81431f,first=[]
check,round=3,k=262144,g=128,candidate=none,phase=source,comparison=b_vs_oracle,words=1048576,mismatched_words=0,actual_checksum=603e59446e81431f,expected_checksum=603e59446e81431f,first=[]
check,round=3,k=262144,g=128,candidate=none,phase=source,comparison=a_vs_b,words=1048576,mismatched_words=0,actual_checksum=603e59446e81431f,expected_checksum=603e59446e81431f,first=[]
check,round=3,k=262144,g=128,candidate=vec4,phase=reset,comparison=a_vs_oracle,words=1048576,mismatched_words=0,actual_checksum=603e59446e81431f,expected_checksum=603e59446e81431f,first=[]
check,round=3,k=262144,g=128,candidate=vec4,phase=reset,comparison=b_vs_oracle,words=1048576,mismatched_words=0,actual_checksum=603e59446e81431f,expected_checksum=603e59446e81431f,first=[]
check,round=3,k=262144,g=128,candidate=vec4,phase=reset,comparison=a_vs_b,words=1048576,mismatched_words=0,actual_checksum=603e59446e81431f,expected_checksum=603e59446e81431f,first=[]
check,round=3,k=262144,g=128,candidate=vec4,phase=transformed,comparison=a_vs_oracle,words=1048576,mismatched_words=0,actual_checksum=99960c282a7f4ca5,expected_checksum=99960c282a7f4ca5,first=[]
check,round=3,k=262144,g=128,candidate=vec4,phase=transformed,comparison=b_vs_oracle,words=1048576,mismatched_words=0,actual_checksum=99960c282a7f4ca5,expected_checksum=99960c282a7f4ca5,first=[]
check,round=3,k=262144,g=128,candidate=vec4,phase=transformed,comparison=a_vs_b,words=1048576,mismatched_words=0,actual_checksum=99960c282a7f4ca5,expected_checksum=99960c282a7f4ca5,first=[]
check,round=3,k=262144,g=128,candidate=fused2,phase=reset,comparison=a_vs_oracle,words=1048576,mismatched_words=0,actual_checksum=603e59446e81431f,expected_checksum=603e59446e81431f,first=[]
check,round=3,k=262144,g=128,candidate=fused2,phase=reset,comparison=b_vs_oracle,words=1048576,mismatched_words=0,actual_checksum=603e59446e81431f,expected_checksum=603e59446e81431f,first=[]
check,round=3,k=262144,g=128,candidate=fused2,phase=reset,comparison=a_vs_b,words=1048576,mismatched_words=0,actual_checksum=603e59446e81431f,expected_checksum=603e59446e81431f,first=[]
check,round=3,k=262144,g=128,candidate=fused2,phase=transformed,comparison=a_vs_oracle,words=1048576,mismatched_words=0,actual_checksum=99960c282a7f4ca5,expected_checksum=99960c282a7f4ca5,first=[]
check,round=3,k=262144,g=128,candidate=fused2,phase=transformed,comparison=b_vs_oracle,words=1048576,mismatched_words=0,actual_checksum=99960c282a7f4ca5,expected_checksum=99960c282a7f4ca5,first=[]
check,round=3,k=262144,g=128,candidate=fused2,phase=transformed,comparison=a_vs_b,words=1048576,mismatched_words=0,actual_checksum=99960c282a7f4ca5,expected_checksum=99960c282a7f4ca5,first=[]
check,round=3,k=262144,g=128,candidate=tile8,phase=reset,comparison=a_vs_oracle,words=1048576,mismatched_words=0,actual_checksum=603e59446e81431f,expected_checksum=603e59446e81431f,first=[]
check,round=3,k=262144,g=128,candidate=tile8,phase=reset,comparison=b_vs_oracle,words=1048576,mismatched_words=0,actual_checksum=603e59446e81431f,expected_checksum=603e59446e81431f,first=[]
check,round=3,k=262144,g=128,candidate=tile8,phase=reset,comparison=a_vs_b,words=1048576,mismatched_words=0,actual_checksum=603e59446e81431f,expected_checksum=603e59446e81431f,first=[]
check,round=3,k=262144,g=128,candidate=tile8,phase=transformed,comparison=a_vs_oracle,words=1048576,mismatched_words=0,actual_checksum=99960c282a7f4ca5,expected_checksum=99960c282a7f4ca5,first=[]
check,round=3,k=262144,g=128,candidate=tile8,phase=transformed,comparison=b_vs_oracle,words=1048576,mismatched_words=0,actual_checksum=99960c282a7f4ca5,expected_checksum=99960c282a7f4ca5,first=[]
check,round=3,k=262144,g=128,candidate=tile8,phase=transformed,comparison=a_vs_b,words=1048576,mismatched_words=0,actual_checksum=99960c282a7f4ca5,expected_checksum=99960c282a7f4ca5,first=[]
check,round=4,k=65536,g=512,candidate=none,phase=source,comparison=a_vs_oracle,words=1048576,mismatched_words=0,actual_checksum=84d06402da633040,expected_checksum=84d06402da633040,first=[]
check,round=4,k=65536,g=512,candidate=none,phase=source,comparison=b_vs_oracle,words=1048576,mismatched_words=0,actual_checksum=84d06402da633040,expected_checksum=84d06402da633040,first=[]
check,round=4,k=65536,g=512,candidate=none,phase=source,comparison=a_vs_b,words=1048576,mismatched_words=0,actual_checksum=84d06402da633040,expected_checksum=84d06402da633040,first=[]
check,round=4,k=65536,g=512,candidate=vec4,phase=reset,comparison=a_vs_oracle,words=1048576,mismatched_words=0,actual_checksum=84d06402da633040,expected_checksum=84d06402da633040,first=[]
check,round=4,k=65536,g=512,candidate=vec4,phase=reset,comparison=b_vs_oracle,words=1048576,mismatched_words=0,actual_checksum=84d06402da633040,expected_checksum=84d06402da633040,first=[]
check,round=4,k=65536,g=512,candidate=vec4,phase=reset,comparison=a_vs_b,words=1048576,mismatched_words=0,actual_checksum=84d06402da633040,expected_checksum=84d06402da633040,first=[]
check,round=4,k=65536,g=512,candidate=vec4,phase=transformed,comparison=a_vs_oracle,words=1048576,mismatched_words=0,actual_checksum=29115d73667dee45,expected_checksum=29115d73667dee45,first=[]
check,round=4,k=65536,g=512,candidate=vec4,phase=transformed,comparison=b_vs_oracle,words=1048576,mismatched_words=0,actual_checksum=29115d73667dee45,expected_checksum=29115d73667dee45,first=[]
check,round=4,k=65536,g=512,candidate=vec4,phase=transformed,comparison=a_vs_b,words=1048576,mismatched_words=0,actual_checksum=29115d73667dee45,expected_checksum=29115d73667dee45,first=[]
check,round=4,k=65536,g=512,candidate=fused2,phase=reset,comparison=a_vs_oracle,words=1048576,mismatched_words=0,actual_checksum=84d06402da633040,expected_checksum=84d06402da633040,first=[]
check,round=4,k=65536,g=512,candidate=fused2,phase=reset,comparison=b_vs_oracle,words=1048576,mismatched_words=0,actual_checksum=84d06402da633040,expected_checksum=84d06402da633040,first=[]
check,round=4,k=65536,g=512,candidate=fused2,phase=reset,comparison=a_vs_b,words=1048576,mismatched_words=0,actual_checksum=84d06402da633040,expected_checksum=84d06402da633040,first=[]
check,round=4,k=65536,g=512,candidate=fused2,phase=transformed,comparison=a_vs_oracle,words=1048576,mismatched_words=0,actual_checksum=29115d73667dee45,expected_checksum=29115d73667dee45,first=[]
check,round=4,k=65536,g=512,candidate=fused2,phase=transformed,comparison=b_vs_oracle,words=1048576,mismatched_words=0,actual_checksum=29115d73667dee45,expected_checksum=29115d73667dee45,first=[]
check,round=4,k=65536,g=512,candidate=fused2,phase=transformed,comparison=a_vs_b,words=1048576,mismatched_words=0,actual_checksum=29115d73667dee45,expected_checksum=29115d73667dee45,first=[]
check,round=4,k=65536,g=512,candidate=tile8,phase=reset,comparison=a_vs_oracle,words=1048576,mismatched_words=0,actual_checksum=84d06402da633040,expected_checksum=84d06402da633040,first=[]
check,round=4,k=65536,g=512,candidate=tile8,phase=reset,comparison=b_vs_oracle,words=1048576,mismatched_words=0,actual_checksum=84d06402da633040,expected_checksum=84d06402da633040,first=[]
check,round=4,k=65536,g=512,candidate=tile8,phase=reset,comparison=a_vs_b,words=1048576,mismatched_words=0,actual_checksum=84d06402da633040,expected_checksum=84d06402da633040,first=[]
check,round=4,k=65536,g=512,candidate=tile8,phase=transformed,comparison=a_vs_oracle,words=1048576,mismatched_words=0,actual_checksum=29115d73667dee45,expected_checksum=29115d73667dee45,first=[]
check,round=4,k=65536,g=512,candidate=tile8,phase=transformed,comparison=b_vs_oracle,words=1048576,mismatched_words=0,actual_checksum=29115d73667dee45,expected_checksum=29115d73667dee45,first=[]
check,round=4,k=65536,g=512,candidate=tile8,phase=transformed,comparison=a_vs_b,words=1048576,mismatched_words=0,actual_checksum=29115d73667dee45,expected_checksum=29115d73667dee45,first=[]
check,round=4,k=262144,g=128,candidate=none,phase=source,comparison=a_vs_oracle,words=1048576,mismatched_words=0,actual_checksum=603e59446e81431f,expected_checksum=603e59446e81431f,first=[]
check,round=4,k=262144,g=128,candidate=none,phase=source,comparison=b_vs_oracle,words=1048576,mismatched_words=0,actual_checksum=603e59446e81431f,expected_checksum=603e59446e81431f,first=[]
check,round=4,k=262144,g=128,candidate=none,phase=source,comparison=a_vs_b,words=1048576,mismatched_words=0,actual_checksum=603e59446e81431f,expected_checksum=603e59446e81431f,first=[]
check,round=4,k=262144,g=128,candidate=vec4,phase=reset,comparison=a_vs_oracle,words=1048576,mismatched_words=0,actual_checksum=603e59446e81431f,expected_checksum=603e59446e81431f,first=[]
check,round=4,k=262144,g=128,candidate=vec4,phase=reset,comparison=b_vs_oracle,words=1048576,mismatched_words=0,actual_checksum=603e59446e81431f,expected_checksum=603e59446e81431f,first=[]
check,round=4,k=262144,g=128,candidate=vec4,phase=reset,comparison=a_vs_b,words=1048576,mismatched_words=0,actual_checksum=603e59446e81431f,expected_checksum=603e59446e81431f,first=[]
check,round=4,k=262144,g=128,candidate=vec4,phase=transformed,comparison=a_vs_oracle,words=1048576,mismatched_words=0,actual_checksum=99960c282a7f4ca5,expected_checksum=99960c282a7f4ca5,first=[]
check,round=4,k=262144,g=128,candidate=vec4,phase=transformed,comparison=b_vs_oracle,words=1048576,mismatched_words=0,actual_checksum=99960c282a7f4ca5,expected_checksum=99960c282a7f4ca5,first=[]
check,round=4,k=262144,g=128,candidate=vec4,phase=transformed,comparison=a_vs_b,words=1048576,mismatched_words=0,actual_checksum=99960c282a7f4ca5,expected_checksum=99960c282a7f4ca5,first=[]
check,round=4,k=262144,g=128,candidate=fused2,phase=reset,comparison=a_vs_oracle,words=1048576,mismatched_words=0,actual_checksum=603e59446e81431f,expected_checksum=603e59446e81431f,first=[]
check,round=4,k=262144,g=128,candidate=fused2,phase=reset,comparison=b_vs_oracle,words=1048576,mismatched_words=0,actual_checksum=603e59446e81431f,expected_checksum=603e59446e81431f,first=[]
check,round=4,k=262144,g=128,candidate=fused2,phase=reset,comparison=a_vs_b,words=1048576,mismatched_words=0,actual_checksum=603e59446e81431f,expected_checksum=603e59446e81431f,first=[]
check,round=4,k=262144,g=128,candidate=fused2,phase=transformed,comparison=a_vs_oracle,words=1048576,mismatched_words=0,actual_checksum=99960c282a7f4ca5,expected_checksum=99960c282a7f4ca5,first=[]
check,round=4,k=262144,g=128,candidate=fused2,phase=transformed,comparison=b_vs_oracle,words=1048576,mismatched_words=0,actual_checksum=99960c282a7f4ca5,expected_checksum=99960c282a7f4ca5,first=[]
check,round=4,k=262144,g=128,candidate=fused2,phase=transformed,comparison=a_vs_b,words=1048576,mismatched_words=0,actual_checksum=99960c282a7f4ca5,expected_checksum=99960c282a7f4ca5,first=[]
check,round=4,k=262144,g=128,candidate=tile8,phase=reset,comparison=a_vs_oracle,words=1048576,mismatched_words=0,actual_checksum=603e59446e81431f,expected_checksum=603e59446e81431f,first=[]
check,round=4,k=262144,g=128,candidate=tile8,phase=reset,comparison=b_vs_oracle,words=1048576,mismatched_words=0,actual_checksum=603e59446e81431f,expected_checksum=603e59446e81431f,first=[]
check,round=4,k=262144,g=128,candidate=tile8,phase=reset,comparison=a_vs_b,words=1048576,mismatched_words=0,actual_checksum=603e59446e81431f,expected_checksum=603e59446e81431f,first=[]
check,round=4,k=262144,g=128,candidate=tile8,phase=transformed,comparison=a_vs_oracle,words=1048576,mismatched_words=0,actual_checksum=99960c282a7f4ca5,expected_checksum=99960c282a7f4ca5,first=[]
check,round=4,k=262144,g=128,candidate=tile8,phase=transformed,comparison=b_vs_oracle,words=1048576,mismatched_words=0,actual_checksum=99960c282a7f4ca5,expected_checksum=99960c282a7f4ca5,first=[]
check,round=4,k=262144,g=128,candidate=tile8,phase=transformed,comparison=a_vs_b,words=1048576,mismatched_words=0,actual_checksum=99960c282a7f4ca5,expected_checksum=99960c282a7f4ca5,first=[]
check,round=5,k=65536,g=512,candidate=none,phase=source,comparison=a_vs_oracle,words=1048576,mismatched_words=0,actual_checksum=84d06402da633040,expected_checksum=84d06402da633040,first=[]
check,round=5,k=65536,g=512,candidate=none,phase=source,comparison=b_vs_oracle,words=1048576,mismatched_words=0,actual_checksum=84d06402da633040,expected_checksum=84d06402da633040,first=[]
check,round=5,k=65536,g=512,candidate=none,phase=source,comparison=a_vs_b,words=1048576,mismatched_words=0,actual_checksum=84d06402da633040,expected_checksum=84d06402da633040,first=[]
check,round=5,k=65536,g=512,candidate=vec4,phase=reset,comparison=a_vs_oracle,words=1048576,mismatched_words=0,actual_checksum=84d06402da633040,expected_checksum=84d06402da633040,first=[]
check,round=5,k=65536,g=512,candidate=vec4,phase=reset,comparison=b_vs_oracle,words=1048576,mismatched_words=0,actual_checksum=84d06402da633040,expected_checksum=84d06402da633040,first=[]
check,round=5,k=65536,g=512,candidate=vec4,phase=reset,comparison=a_vs_b,words=1048576,mismatched_words=0,actual_checksum=84d06402da633040,expected_checksum=84d06402da633040,first=[]
check,round=5,k=65536,g=512,candidate=vec4,phase=transformed,comparison=a_vs_oracle,words=1048576,mismatched_words=0,actual_checksum=29115d73667dee45,expected_checksum=29115d73667dee45,first=[]
check,round=5,k=65536,g=512,candidate=vec4,phase=transformed,comparison=b_vs_oracle,words=1048576,mismatched_words=0,actual_checksum=29115d73667dee45,expected_checksum=29115d73667dee45,first=[]
check,round=5,k=65536,g=512,candidate=vec4,phase=transformed,comparison=a_vs_b,words=1048576,mismatched_words=0,actual_checksum=29115d73667dee45,expected_checksum=29115d73667dee45,first=[]
check,round=5,k=65536,g=512,candidate=fused2,phase=reset,comparison=a_vs_oracle,words=1048576,mismatched_words=0,actual_checksum=84d06402da633040,expected_checksum=84d06402da633040,first=[]
check,round=5,k=65536,g=512,candidate=fused2,phase=reset,comparison=b_vs_oracle,words=1048576,mismatched_words=0,actual_checksum=84d06402da633040,expected_checksum=84d06402da633040,first=[]
check,round=5,k=65536,g=512,candidate=fused2,phase=reset,comparison=a_vs_b,words=1048576,mismatched_words=0,actual_checksum=84d06402da633040,expected_checksum=84d06402da633040,first=[]
check,round=5,k=65536,g=512,candidate=fused2,phase=transformed,comparison=a_vs_oracle,words=1048576,mismatched_words=0,actual_checksum=29115d73667dee45,expected_checksum=29115d73667dee45,first=[]
check,round=5,k=65536,g=512,candidate=fused2,phase=transformed,comparison=b_vs_oracle,words=1048576,mismatched_words=0,actual_checksum=29115d73667dee45,expected_checksum=29115d73667dee45,first=[]
check,round=5,k=65536,g=512,candidate=fused2,phase=transformed,comparison=a_vs_b,words=1048576,mismatched_words=0,actual_checksum=29115d73667dee45,expected_checksum=29115d73667dee45,first=[]
check,round=5,k=65536,g=512,candidate=tile8,phase=reset,comparison=a_vs_oracle,words=1048576,mismatched_words=0,actual_checksum=84d06402da633040,expected_checksum=84d06402da633040,first=[]
check,round=5,k=65536,g=512,candidate=tile8,phase=reset,comparison=b_vs_oracle,words=1048576,mismatched_words=0,actual_checksum=84d06402da633040,expected_checksum=84d06402da633040,first=[]
check,round=5,k=65536,g=512,candidate=tile8,phase=reset,comparison=a_vs_b,words=1048576,mismatched_words=0,actual_checksum=84d06402da633040,expected_checksum=84d06402da633040,first=[]
check,round=5,k=65536,g=512,candidate=tile8,phase=transformed,comparison=a_vs_oracle,words=1048576,mismatched_words=0,actual_checksum=29115d73667dee45,expected_checksum=29115d73667dee45,first=[]
check,round=5,k=65536,g=512,candidate=tile8,phase=transformed,comparison=b_vs_oracle,words=1048576,mismatched_words=0,actual_checksum=29115d73667dee45,expected_checksum=29115d73667dee45,first=[]
check,round=5,k=65536,g=512,candidate=tile8,phase=transformed,comparison=a_vs_b,words=1048576,mismatched_words=0,actual_checksum=29115d73667dee45,expected_checksum=29115d73667dee45,first=[]
check,round=5,k=262144,g=128,candidate=none,phase=source,comparison=a_vs_oracle,words=1048576,mismatched_words=0,actual_checksum=603e59446e81431f,expected_checksum=603e59446e81431f,first=[]
check,round=5,k=262144,g=128,candidate=none,phase=source,comparison=b_vs_oracle,words=1048576,mismatched_words=0,actual_checksum=603e59446e81431f,expected_checksum=603e59446e81431f,first=[]
check,round=5,k=262144,g=128,candidate=none,phase=source,comparison=a_vs_b,words=1048576,mismatched_words=0,actual_checksum=603e59446e81431f,expected_checksum=603e59446e81431f,first=[]
check,round=5,k=262144,g=128,candidate=vec4,phase=reset,comparison=a_vs_oracle,words=1048576,mismatched_words=0,actual_checksum=603e59446e81431f,expected_checksum=603e59446e81431f,first=[]
check,round=5,k=262144,g=128,candidate=vec4,phase=reset,comparison=b_vs_oracle,words=1048576,mismatched_words=0,actual_checksum=603e59446e81431f,expected_checksum=603e59446e81431f,first=[]
check,round=5,k=262144,g=128,candidate=vec4,phase=reset,comparison=a_vs_b,words=1048576,mismatched_words=0,actual_checksum=603e59446e81431f,expected_checksum=603e59446e81431f,first=[]
check,round=5,k=262144,g=128,candidate=vec4,phase=transformed,comparison=a_vs_oracle,words=1048576,mismatched_words=0,actual_checksum=99960c282a7f4ca5,expected_checksum=99960c282a7f4ca5,first=[]
check,round=5,k=262144,g=128,candidate=vec4,phase=transformed,comparison=b_vs_oracle,words=1048576,mismatched_words=0,actual_checksum=99960c282a7f4ca5,expected_checksum=99960c282a7f4ca5,first=[]
check,round=5,k=262144,g=128,candidate=vec4,phase=transformed,comparison=a_vs_b,words=1048576,mismatched_words=0,actual_checksum=99960c282a7f4ca5,expected_checksum=99960c282a7f4ca5,first=[]
check,round=5,k=262144,g=128,candidate=fused2,phase=reset,comparison=a_vs_oracle,words=1048576,mismatched_words=0,actual_checksum=603e59446e81431f,expected_checksum=603e59446e81431f,first=[]
check,round=5,k=262144,g=128,candidate=fused2,phase=reset,comparison=b_vs_oracle,words=1048576,mismatched_words=0,actual_checksum=603e59446e81431f,expected_checksum=603e59446e81431f,first=[]
check,round=5,k=262144,g=128,candidate=fused2,phase=reset,comparison=a_vs_b,words=1048576,mismatched_words=0,actual_checksum=603e59446e81431f,expected_checksum=603e59446e81431f,first=[]
check,round=5,k=262144,g=128,candidate=fused2,phase=transformed,comparison=a_vs_oracle,words=1048576,mismatched_words=0,actual_checksum=99960c282a7f4ca5,expected_checksum=99960c282a7f4ca5,first=[]
check,round=5,k=262144,g=128,candidate=fused2,phase=transformed,comparison=b_vs_oracle,words=1048576,mismatched_words=0,actual_checksum=99960c282a7f4ca5,expected_checksum=99960c282a7f4ca5,first=[]
check,round=5,k=262144,g=128,candidate=fused2,phase=transformed,comparison=a_vs_b,words=1048576,mismatched_words=0,actual_checksum=99960c282a7f4ca5,expected_checksum=99960c282a7f4ca5,first=[]
check,round=5,k=262144,g=128,candidate=tile8,phase=reset,comparison=a_vs_oracle,words=1048576,mismatched_words=0,actual_checksum=603e59446e81431f,expected_checksum=603e59446e81431f,first=[]
check,round=5,k=262144,g=128,candidate=tile8,phase=reset,comparison=b_vs_oracle,words=1048576,mismatched_words=0,actual_checksum=603e59446e81431f,expected_checksum=603e59446e81431f,first=[]
check,round=5,k=262144,g=128,candidate=tile8,phase=reset,comparison=a_vs_b,words=1048576,mismatched_words=0,actual_checksum=603e59446e81431f,expected_checksum=603e59446e81431f,first=[]
check,round=5,k=262144,g=128,candidate=tile8,phase=transformed,comparison=a_vs_oracle,words=1048576,mismatched_words=0,actual_checksum=99960c282a7f4ca5,expected_checksum=99960c282a7f4ca5,first=[]
check,round=5,k=262144,g=128,candidate=tile8,phase=transformed,comparison=b_vs_oracle,words=1048576,mismatched_words=0,actual_checksum=99960c282a7f4ca5,expected_checksum=99960c282a7f4ca5,first=[]
check,round=5,k=262144,g=128,candidate=tile8,phase=transformed,comparison=a_vs_b,words=1048576,mismatched_words=0,actual_checksum=99960c282a7f4ca5,expected_checksum=99960c282a7f4ca5,first=[]
check,round=6,k=65536,g=512,candidate=none,phase=source,comparison=a_vs_oracle,words=1048576,mismatched_words=0,actual_checksum=84d06402da633040,expected_checksum=84d06402da633040,first=[]
check,round=6,k=65536,g=512,candidate=none,phase=source,comparison=b_vs_oracle,words=1048576,mismatched_words=0,actual_checksum=84d06402da633040,expected_checksum=84d06402da633040,first=[]
check,round=6,k=65536,g=512,candidate=none,phase=source,comparison=a_vs_b,words=1048576,mismatched_words=0,actual_checksum=84d06402da633040,expected_checksum=84d06402da633040,first=[]
check,round=6,k=65536,g=512,candidate=vec4,phase=reset,comparison=a_vs_oracle,words=1048576,mismatched_words=0,actual_checksum=84d06402da633040,expected_checksum=84d06402da633040,first=[]
check,round=6,k=65536,g=512,candidate=vec4,phase=reset,comparison=b_vs_oracle,words=1048576,mismatched_words=0,actual_checksum=84d06402da633040,expected_checksum=84d06402da633040,first=[]
check,round=6,k=65536,g=512,candidate=vec4,phase=reset,comparison=a_vs_b,words=1048576,mismatched_words=0,actual_checksum=84d06402da633040,expected_checksum=84d06402da633040,first=[]
check,round=6,k=65536,g=512,candidate=vec4,phase=transformed,comparison=a_vs_oracle,words=1048576,mismatched_words=0,actual_checksum=29115d73667dee45,expected_checksum=29115d73667dee45,first=[]
check,round=6,k=65536,g=512,candidate=vec4,phase=transformed,comparison=b_vs_oracle,words=1048576,mismatched_words=0,actual_checksum=29115d73667dee45,expected_checksum=29115d73667dee45,first=[]
check,round=6,k=65536,g=512,candidate=vec4,phase=transformed,comparison=a_vs_b,words=1048576,mismatched_words=0,actual_checksum=29115d73667dee45,expected_checksum=29115d73667dee45,first=[]
check,round=6,k=65536,g=512,candidate=fused2,phase=reset,comparison=a_vs_oracle,words=1048576,mismatched_words=0,actual_checksum=84d06402da633040,expected_checksum=84d06402da633040,first=[]
check,round=6,k=65536,g=512,candidate=fused2,phase=reset,comparison=b_vs_oracle,words=1048576,mismatched_words=0,actual_checksum=84d06402da633040,expected_checksum=84d06402da633040,first=[]
check,round=6,k=65536,g=512,candidate=fused2,phase=reset,comparison=a_vs_b,words=1048576,mismatched_words=0,actual_checksum=84d06402da633040,expected_checksum=84d06402da633040,first=[]
check,round=6,k=65536,g=512,candidate=fused2,phase=transformed,comparison=a_vs_oracle,words=1048576,mismatched_words=0,actual_checksum=29115d73667dee45,expected_checksum=29115d73667dee45,first=[]
check,round=6,k=65536,g=512,candidate=fused2,phase=transformed,comparison=b_vs_oracle,words=1048576,mismatched_words=0,actual_checksum=29115d73667dee45,expected_checksum=29115d73667dee45,first=[]
check,round=6,k=65536,g=512,candidate=fused2,phase=transformed,comparison=a_vs_b,words=1048576,mismatched_words=0,actual_checksum=29115d73667dee45,expected_checksum=29115d73667dee45,first=[]
check,round=6,k=65536,g=512,candidate=tile8,phase=reset,comparison=a_vs_oracle,words=1048576,mismatched_words=0,actual_checksum=84d06402da633040,expected_checksum=84d06402da633040,first=[]
check,round=6,k=65536,g=512,candidate=tile8,phase=reset,comparison=b_vs_oracle,words=1048576,mismatched_words=0,actual_checksum=84d06402da633040,expected_checksum=84d06402da633040,first=[]
check,round=6,k=65536,g=512,candidate=tile8,phase=reset,comparison=a_vs_b,words=1048576,mismatched_words=0,actual_checksum=84d06402da633040,expected_checksum=84d06402da633040,first=[]
check,round=6,k=65536,g=512,candidate=tile8,phase=transformed,comparison=a_vs_oracle,words=1048576,mismatched_words=0,actual_checksum=29115d73667dee45,expected_checksum=29115d73667dee45,first=[]
check,round=6,k=65536,g=512,candidate=tile8,phase=transformed,comparison=b_vs_oracle,words=1048576,mismatched_words=0,actual_checksum=29115d73667dee45,expected_checksum=29115d73667dee45,first=[]
check,round=6,k=65536,g=512,candidate=tile8,phase=transformed,comparison=a_vs_b,words=1048576,mismatched_words=0,actual_checksum=29115d73667dee45,expected_checksum=29115d73667dee45,first=[]
check,round=6,k=262144,g=128,candidate=none,phase=source,comparison=a_vs_oracle,words=1048576,mismatched_words=0,actual_checksum=603e59446e81431f,expected_checksum=603e59446e81431f,first=[]
check,round=6,k=262144,g=128,candidate=none,phase=source,comparison=b_vs_oracle,words=1048576,mismatched_words=0,actual_checksum=603e59446e81431f,expected_checksum=603e59446e81431f,first=[]
check,round=6,k=262144,g=128,candidate=none,phase=source,comparison=a_vs_b,words=1048576,mismatched_words=0,actual_checksum=603e59446e81431f,expected_checksum=603e59446e81431f,first=[]
check,round=6,k=262144,g=128,candidate=vec4,phase=reset,comparison=a_vs_oracle,words=1048576,mismatched_words=0,actual_checksum=603e59446e81431f,expected_checksum=603e59446e81431f,first=[]
check,round=6,k=262144,g=128,candidate=vec4,phase=reset,comparison=b_vs_oracle,words=1048576,mismatched_words=0,actual_checksum=603e59446e81431f,expected_checksum=603e59446e81431f,first=[]
check,round=6,k=262144,g=128,candidate=vec4,phase=reset,comparison=a_vs_b,words=1048576,mismatched_words=0,actual_checksum=603e59446e81431f,expected_checksum=603e59446e81431f,first=[]
check,round=6,k=262144,g=128,candidate=vec4,phase=transformed,comparison=a_vs_oracle,words=1048576,mismatched_words=0,actual_checksum=99960c282a7f4ca5,expected_checksum=99960c282a7f4ca5,first=[]
check,round=6,k=262144,g=128,candidate=vec4,phase=transformed,comparison=b_vs_oracle,words=1048576,mismatched_words=0,actual_checksum=99960c282a7f4ca5,expected_checksum=99960c282a7f4ca5,first=[]
check,round=6,k=262144,g=128,candidate=vec4,phase=transformed,comparison=a_vs_b,words=1048576,mismatched_words=0,actual_checksum=99960c282a7f4ca5,expected_checksum=99960c282a7f4ca5,first=[]
check,round=6,k=262144,g=128,candidate=fused2,phase=reset,comparison=a_vs_oracle,words=1048576,mismatched_words=0,actual_checksum=603e59446e81431f,expected_checksum=603e59446e81431f,first=[]
check,round=6,k=262144,g=128,candidate=fused2,phase=reset,comparison=b_vs_oracle,words=1048576,mismatched_words=0,actual_checksum=603e59446e81431f,expected_checksum=603e59446e81431f,first=[]
check,round=6,k=262144,g=128,candidate=fused2,phase=reset,comparison=a_vs_b,words=1048576,mismatched_words=0,actual_checksum=603e59446e81431f,expected_checksum=603e59446e81431f,first=[]
check,round=6,k=262144,g=128,candidate=fused2,phase=transformed,comparison=a_vs_oracle,words=1048576,mismatched_words=0,actual_checksum=99960c282a7f4ca5,expected_checksum=99960c282a7f4ca5,first=[]
check,round=6,k=262144,g=128,candidate=fused2,phase=transformed,comparison=b_vs_oracle,words=1048576,mismatched_words=0,actual_checksum=99960c282a7f4ca5,expected_checksum=99960c282a7f4ca5,first=[]
check,round=6,k=262144,g=128,candidate=fused2,phase=transformed,comparison=a_vs_b,words=1048576,mismatched_words=0,actual_checksum=99960c282a7f4ca5,expected_checksum=99960c282a7f4ca5,first=[]
check,round=6,k=262144,g=128,candidate=tile8,phase=reset,comparison=a_vs_oracle,words=1048576,mismatched_words=0,actual_checksum=603e59446e81431f,expected_checksum=603e59446e81431f,first=[]
check,round=6,k=262144,g=128,candidate=tile8,phase=reset,comparison=b_vs_oracle,words=1048576,mismatched_words=0,actual_checksum=603e59446e81431f,expected_checksum=603e59446e81431f,first=[]
check,round=6,k=262144,g=128,candidate=tile8,phase=reset,comparison=a_vs_b,words=1048576,mismatched_words=0,actual_checksum=603e59446e81431f,expected_checksum=603e59446e81431f,first=[]
check,round=6,k=262144,g=128,candidate=tile8,phase=transformed,comparison=a_vs_oracle,words=1048576,mismatched_words=0,actual_checksum=99960c282a7f4ca5,expected_checksum=99960c282a7f4ca5,first=[]
check,round=6,k=262144,g=128,candidate=tile8,phase=transformed,comparison=b_vs_oracle,words=1048576,mismatched_words=0,actual_checksum=99960c282a7f4ca5,expected_checksum=99960c282a7f4ca5,first=[]
check,round=6,k=262144,g=128,candidate=tile8,phase=transformed,comparison=a_vs_b,words=1048576,mismatched_words=0,actual_checksum=99960c282a7f4ca5,expected_checksum=99960c282a7f4ca5,first=[]
check,round=7,k=65536,g=512,candidate=none,phase=source,comparison=a_vs_oracle,words=1048576,mismatched_words=0,actual_checksum=84d06402da633040,expected_checksum=84d06402da633040,first=[]
check,round=7,k=65536,g=512,candidate=none,phase=source,comparison=b_vs_oracle,words=1048576,mismatched_words=0,actual_checksum=84d06402da633040,expected_checksum=84d06402da633040,first=[]
check,round=7,k=65536,g=512,candidate=none,phase=source,comparison=a_vs_b,words=1048576,mismatched_words=0,actual_checksum=84d06402da633040,expected_checksum=84d06402da633040,first=[]
check,round=7,k=65536,g=512,candidate=vec4,phase=reset,comparison=a_vs_oracle,words=1048576,mismatched_words=0,actual_checksum=84d06402da633040,expected_checksum=84d06402da633040,first=[]
check,round=7,k=65536,g=512,candidate=vec4,phase=reset,comparison=b_vs_oracle,words=1048576,mismatched_words=0,actual_checksum=84d06402da633040,expected_checksum=84d06402da633040,first=[]
check,round=7,k=65536,g=512,candidate=vec4,phase=reset,comparison=a_vs_b,words=1048576,mismatched_words=0,actual_checksum=84d06402da633040,expected_checksum=84d06402da633040,first=[]
check,round=7,k=65536,g=512,candidate=vec4,phase=transformed,comparison=a_vs_oracle,words=1048576,mismatched_words=0,actual_checksum=29115d73667dee45,expected_checksum=29115d73667dee45,first=[]
check,round=7,k=65536,g=512,candidate=vec4,phase=transformed,comparison=b_vs_oracle,words=1048576,mismatched_words=0,actual_checksum=29115d73667dee45,expected_checksum=29115d73667dee45,first=[]
check,round=7,k=65536,g=512,candidate=vec4,phase=transformed,comparison=a_vs_b,words=1048576,mismatched_words=0,actual_checksum=29115d73667dee45,expected_checksum=29115d73667dee45,first=[]
check,round=7,k=65536,g=512,candidate=fused2,phase=reset,comparison=a_vs_oracle,words=1048576,mismatched_words=0,actual_checksum=84d06402da633040,expected_checksum=84d06402da633040,first=[]
check,round=7,k=65536,g=512,candidate=fused2,phase=reset,comparison=b_vs_oracle,words=1048576,mismatched_words=0,actual_checksum=84d06402da633040,expected_checksum=84d06402da633040,first=[]
check,round=7,k=65536,g=512,candidate=fused2,phase=reset,comparison=a_vs_b,words=1048576,mismatched_words=0,actual_checksum=84d06402da633040,expected_checksum=84d06402da633040,first=[]
check,round=7,k=65536,g=512,candidate=fused2,phase=transformed,comparison=a_vs_oracle,words=1048576,mismatched_words=0,actual_checksum=29115d73667dee45,expected_checksum=29115d73667dee45,first=[]
check,round=7,k=65536,g=512,candidate=fused2,phase=transformed,comparison=b_vs_oracle,words=1048576,mismatched_words=0,actual_checksum=29115d73667dee45,expected_checksum=29115d73667dee45,first=[]
check,round=7,k=65536,g=512,candidate=fused2,phase=transformed,comparison=a_vs_b,words=1048576,mismatched_words=0,actual_checksum=29115d73667dee45,expected_checksum=29115d73667dee45,first=[]
check,round=7,k=65536,g=512,candidate=tile8,phase=reset,comparison=a_vs_oracle,words=1048576,mismatched_words=0,actual_checksum=84d06402da633040,expected_checksum=84d06402da633040,first=[]
check,round=7,k=65536,g=512,candidate=tile8,phase=reset,comparison=b_vs_oracle,words=1048576,mismatched_words=0,actual_checksum=84d06402da633040,expected_checksum=84d06402da633040,first=[]
check,round=7,k=65536,g=512,candidate=tile8,phase=reset,comparison=a_vs_b,words=1048576,mismatched_words=0,actual_checksum=84d06402da633040,expected_checksum=84d06402da633040,first=[]
check,round=7,k=65536,g=512,candidate=tile8,phase=transformed,comparison=a_vs_oracle,words=1048576,mismatched_words=0,actual_checksum=29115d73667dee45,expected_checksum=29115d73667dee45,first=[]
check,round=7,k=65536,g=512,candidate=tile8,phase=transformed,comparison=b_vs_oracle,words=1048576,mismatched_words=0,actual_checksum=29115d73667dee45,expected_checksum=29115d73667dee45,first=[]
check,round=7,k=65536,g=512,candidate=tile8,phase=transformed,comparison=a_vs_b,words=1048576,mismatched_words=0,actual_checksum=29115d73667dee45,expected_checksum=29115d73667dee45,first=[]
check,round=7,k=262144,g=128,candidate=none,phase=source,comparison=a_vs_oracle,words=1048576,mismatched_words=0,actual_checksum=603e59446e81431f,expected_checksum=603e59446e81431f,first=[]
check,round=7,k=262144,g=128,candidate=none,phase=source,comparison=b_vs_oracle,words=1048576,mismatched_words=0,actual_checksum=603e59446e81431f,expected_checksum=603e59446e81431f,first=[]
check,round=7,k=262144,g=128,candidate=none,phase=source,comparison=a_vs_b,words=1048576,mismatched_words=0,actual_checksum=603e59446e81431f,expected_checksum=603e59446e81431f,first=[]
check,round=7,k=262144,g=128,candidate=vec4,phase=reset,comparison=a_vs_oracle,words=1048576,mismatched_words=0,actual_checksum=603e59446e81431f,expected_checksum=603e59446e81431f,first=[]
check,round=7,k=262144,g=128,candidate=vec4,phase=reset,comparison=b_vs_oracle,words=1048576,mismatched_words=0,actual_checksum=603e59446e81431f,expected_checksum=603e59446e81431f,first=[]
check,round=7,k=262144,g=128,candidate=vec4,phase=reset,comparison=a_vs_b,words=1048576,mismatched_words=0,actual_checksum=603e59446e81431f,expected_checksum=603e59446e81431f,first=[]
check,round=7,k=262144,g=128,candidate=vec4,phase=transformed,comparison=a_vs_oracle,words=1048576,mismatched_words=0,actual_checksum=99960c282a7f4ca5,expected_checksum=99960c282a7f4ca5,first=[]
check,round=7,k=262144,g=128,candidate=vec4,phase=transformed,comparison=b_vs_oracle,words=1048576,mismatched_words=0,actual_checksum=99960c282a7f4ca5,expected_checksum=99960c282a7f4ca5,first=[]
check,round=7,k=262144,g=128,candidate=vec4,phase=transformed,comparison=a_vs_b,words=1048576,mismatched_words=0,actual_checksum=99960c282a7f4ca5,expected_checksum=99960c282a7f4ca5,first=[]
check,round=7,k=262144,g=128,candidate=fused2,phase=reset,comparison=a_vs_oracle,words=1048576,mismatched_words=0,actual_checksum=603e59446e81431f,expected_checksum=603e59446e81431f,first=[]
check,round=7,k=262144,g=128,candidate=fused2,phase=reset,comparison=b_vs_oracle,words=1048576,mismatched_words=0,actual_checksum=603e59446e81431f,expected_checksum=603e59446e81431f,first=[]
check,round=7,k=262144,g=128,candidate=fused2,phase=reset,comparison=a_vs_b,words=1048576,mismatched_words=0,actual_checksum=603e59446e81431f,expected_checksum=603e59446e81431f,first=[]
check,round=7,k=262144,g=128,candidate=fused2,phase=transformed,comparison=a_vs_oracle,words=1048576,mismatched_words=0,actual_checksum=99960c282a7f4ca5,expected_checksum=99960c282a7f4ca5,first=[]
check,round=7,k=262144,g=128,candidate=fused2,phase=transformed,comparison=b_vs_oracle,words=1048576,mismatched_words=0,actual_checksum=99960c282a7f4ca5,expected_checksum=99960c282a7f4ca5,first=[]
check,round=7,k=262144,g=128,candidate=fused2,phase=transformed,comparison=a_vs_b,words=1048576,mismatched_words=0,actual_checksum=99960c282a7f4ca5,expected_checksum=99960c282a7f4ca5,first=[]
check,round=7,k=262144,g=128,candidate=tile8,phase=reset,comparison=a_vs_oracle,words=1048576,mismatched_words=0,actual_checksum=603e59446e81431f,expected_checksum=603e59446e81431f,first=[]
check,round=7,k=262144,g=128,candidate=tile8,phase=reset,comparison=b_vs_oracle,words=1048576,mismatched_words=0,actual_checksum=603e59446e81431f,expected_checksum=603e59446e81431f,first=[]
check,round=7,k=262144,g=128,candidate=tile8,phase=reset,comparison=a_vs_b,words=1048576,mismatched_words=0,actual_checksum=603e59446e81431f,expected_checksum=603e59446e81431f,first=[]
check,round=7,k=262144,g=128,candidate=tile8,phase=transformed,comparison=a_vs_oracle,words=1048576,mismatched_words=0,actual_checksum=99960c282a7f4ca5,expected_checksum=99960c282a7f4ca5,first=[]
check,round=7,k=262144,g=128,candidate=tile8,phase=transformed,comparison=b_vs_oracle,words=1048576,mismatched_words=0,actual_checksum=99960c282a7f4ca5,expected_checksum=99960c282a7f4ca5,first=[]
check,round=7,k=262144,g=128,candidate=tile8,phase=transformed,comparison=a_vs_b,words=1048576,mismatched_words=0,actual_checksum=99960c282a7f4ca5,expected_checksum=99960c282a7f4ca5,first=[]
check,round=8,k=65536,g=512,candidate=none,phase=source,comparison=a_vs_oracle,words=1048576,mismatched_words=0,actual_checksum=84d06402da633040,expected_checksum=84d06402da633040,first=[]
check,round=8,k=65536,g=512,candidate=none,phase=source,comparison=b_vs_oracle,words=1048576,mismatched_words=0,actual_checksum=84d06402da633040,expected_checksum=84d06402da633040,first=[]
check,round=8,k=65536,g=512,candidate=none,phase=source,comparison=a_vs_b,words=1048576,mismatched_words=0,actual_checksum=84d06402da633040,expected_checksum=84d06402da633040,first=[]
check,round=8,k=65536,g=512,candidate=vec4,phase=reset,comparison=a_vs_oracle,words=1048576,mismatched_words=0,actual_checksum=84d06402da633040,expected_checksum=84d06402da633040,first=[]
check,round=8,k=65536,g=512,candidate=vec4,phase=reset,comparison=b_vs_oracle,words=1048576,mismatched_words=0,actual_checksum=84d06402da633040,expected_checksum=84d06402da633040,first=[]
check,round=8,k=65536,g=512,candidate=vec4,phase=reset,comparison=a_vs_b,words=1048576,mismatched_words=0,actual_checksum=84d06402da633040,expected_checksum=84d06402da633040,first=[]
check,round=8,k=65536,g=512,candidate=vec4,phase=transformed,comparison=a_vs_oracle,words=1048576,mismatched_words=0,actual_checksum=29115d73667dee45,expected_checksum=29115d73667dee45,first=[]
check,round=8,k=65536,g=512,candidate=vec4,phase=transformed,comparison=b_vs_oracle,words=1048576,mismatched_words=0,actual_checksum=29115d73667dee45,expected_checksum=29115d73667dee45,first=[]
check,round=8,k=65536,g=512,candidate=vec4,phase=transformed,comparison=a_vs_b,words=1048576,mismatched_words=0,actual_checksum=29115d73667dee45,expected_checksum=29115d73667dee45,first=[]
check,round=8,k=65536,g=512,candidate=fused2,phase=reset,comparison=a_vs_oracle,words=1048576,mismatched_words=0,actual_checksum=84d06402da633040,expected_checksum=84d06402da633040,first=[]
check,round=8,k=65536,g=512,candidate=fused2,phase=reset,comparison=b_vs_oracle,words=1048576,mismatched_words=0,actual_checksum=84d06402da633040,expected_checksum=84d06402da633040,first=[]
check,round=8,k=65536,g=512,candidate=fused2,phase=reset,comparison=a_vs_b,words=1048576,mismatched_words=0,actual_checksum=84d06402da633040,expected_checksum=84d06402da633040,first=[]
check,round=8,k=65536,g=512,candidate=fused2,phase=transformed,comparison=a_vs_oracle,words=1048576,mismatched_words=0,actual_checksum=29115d73667dee45,expected_checksum=29115d73667dee45,first=[]
check,round=8,k=65536,g=512,candidate=fused2,phase=transformed,comparison=b_vs_oracle,words=1048576,mismatched_words=0,actual_checksum=29115d73667dee45,expected_checksum=29115d73667dee45,first=[]
check,round=8,k=65536,g=512,candidate=fused2,phase=transformed,comparison=a_vs_b,words=1048576,mismatched_words=0,actual_checksum=29115d73667dee45,expected_checksum=29115d73667dee45,first=[]
check,round=8,k=65536,g=512,candidate=tile8,phase=reset,comparison=a_vs_oracle,words=1048576,mismatched_words=0,actual_checksum=84d06402da633040,expected_checksum=84d06402da633040,first=[]
check,round=8,k=65536,g=512,candidate=tile8,phase=reset,comparison=b_vs_oracle,words=1048576,mismatched_words=0,actual_checksum=84d06402da633040,expected_checksum=84d06402da633040,first=[]
check,round=8,k=65536,g=512,candidate=tile8,phase=reset,comparison=a_vs_b,words=1048576,mismatched_words=0,actual_checksum=84d06402da633040,expected_checksum=84d06402da633040,first=[]
check,round=8,k=65536,g=512,candidate=tile8,phase=transformed,comparison=a_vs_oracle,words=1048576,mismatched_words=0,actual_checksum=29115d73667dee45,expected_checksum=29115d73667dee45,first=[]
check,round=8,k=65536,g=512,candidate=tile8,phase=transformed,comparison=b_vs_oracle,words=1048576,mismatched_words=0,actual_checksum=29115d73667dee45,expected_checksum=29115d73667dee45,first=[]
check,round=8,k=65536,g=512,candidate=tile8,phase=transformed,comparison=a_vs_b,words=1048576,mismatched_words=0,actual_checksum=29115d73667dee45,expected_checksum=29115d73667dee45,first=[]
check,round=8,k=262144,g=128,candidate=none,phase=source,comparison=a_vs_oracle,words=1048576,mismatched_words=0,actual_checksum=603e59446e81431f,expected_checksum=603e59446e81431f,first=[]
check,round=8,k=262144,g=128,candidate=none,phase=source,comparison=b_vs_oracle,words=1048576,mismatched_words=0,actual_checksum=603e59446e81431f,expected_checksum=603e59446e81431f,first=[]
check,round=8,k=262144,g=128,candidate=none,phase=source,comparison=a_vs_b,words=1048576,mismatched_words=0,actual_checksum=603e59446e81431f,expected_checksum=603e59446e81431f,first=[]
check,round=8,k=262144,g=128,candidate=vec4,phase=reset,comparison=a_vs_oracle,words=1048576,mismatched_words=0,actual_checksum=603e59446e81431f,expected_checksum=603e59446e81431f,first=[]
check,round=8,k=262144,g=128,candidate=vec4,phase=reset,comparison=b_vs_oracle,words=1048576,mismatched_words=0,actual_checksum=603e59446e81431f,expected_checksum=603e59446e81431f,first=[]
check,round=8,k=262144,g=128,candidate=vec4,phase=reset,comparison=a_vs_b,words=1048576,mismatched_words=0,actual_checksum=603e59446e81431f,expected_checksum=603e59446e81431f,first=[]
check,round=8,k=262144,g=128,candidate=vec4,phase=transformed,comparison=a_vs_oracle,words=1048576,mismatched_words=0,actual_checksum=99960c282a7f4ca5,expected_checksum=99960c282a7f4ca5,first=[]
check,round=8,k=262144,g=128,candidate=vec4,phase=transformed,comparison=b_vs_oracle,words=1048576,mismatched_words=0,actual_checksum=99960c282a7f4ca5,expected_checksum=99960c282a7f4ca5,first=[]
check,round=8,k=262144,g=128,candidate=vec4,phase=transformed,comparison=a_vs_b,words=1048576,mismatched_words=0,actual_checksum=99960c282a7f4ca5,expected_checksum=99960c282a7f4ca5,first=[]
check,round=8,k=262144,g=128,candidate=fused2,phase=reset,comparison=a_vs_oracle,words=1048576,mismatched_words=0,actual_checksum=603e59446e81431f,expected_checksum=603e59446e81431f,first=[]
check,round=8,k=262144,g=128,candidate=fused2,phase=reset,comparison=b_vs_oracle,words=1048576,mismatched_words=0,actual_checksum=603e59446e81431f,expected_checksum=603e59446e81431f,first=[]
check,round=8,k=262144,g=128,candidate=fused2,phase=reset,comparison=a_vs_b,words=1048576,mismatched_words=0,actual_checksum=603e59446e81431f,expected_checksum=603e59446e81431f,first=[]
check,round=8,k=262144,g=128,candidate=fused2,phase=transformed,comparison=a_vs_oracle,words=1048576,mismatched_words=0,actual_checksum=99960c282a7f4ca5,expected_checksum=99960c282a7f4ca5,first=[]
check,round=8,k=262144,g=128,candidate=fused2,phase=transformed,comparison=b_vs_oracle,words=1048576,mismatched_words=0,actual_checksum=99960c282a7f4ca5,expected_checksum=99960c282a7f4ca5,first=[]
check,round=8,k=262144,g=128,candidate=fused2,phase=transformed,comparison=a_vs_b,words=1048576,mismatched_words=0,actual_checksum=99960c282a7f4ca5,expected_checksum=99960c282a7f4ca5,first=[]
check,round=8,k=262144,g=128,candidate=tile8,phase=reset,comparison=a_vs_oracle,words=1048576,mismatched_words=0,actual_checksum=603e59446e81431f,expected_checksum=603e59446e81431f,first=[]
check,round=8,k=262144,g=128,candidate=tile8,phase=reset,comparison=b_vs_oracle,words=1048576,mismatched_words=0,actual_checksum=603e59446e81431f,expected_checksum=603e59446e81431f,first=[]
check,round=8,k=262144,g=128,candidate=tile8,phase=reset,comparison=a_vs_b,words=1048576,mismatched_words=0,actual_checksum=603e59446e81431f,expected_checksum=603e59446e81431f,first=[]
check,round=8,k=262144,g=128,candidate=tile8,phase=transformed,comparison=a_vs_oracle,words=1048576,mismatched_words=0,actual_checksum=99960c282a7f4ca5,expected_checksum=99960c282a7f4ca5,first=[]
check,round=8,k=262144,g=128,candidate=tile8,phase=transformed,comparison=b_vs_oracle,words=1048576,mismatched_words=0,actual_checksum=99960c282a7f4ca5,expected_checksum=99960c282a7f4ca5,first=[]
check,round=8,k=262144,g=128,candidate=tile8,phase=transformed,comparison=a_vs_b,words=1048576,mismatched_words=0,actual_checksum=99960c282a7f4ca5,expected_checksum=99960c282a7f4ca5,first=[]
check,round=9,k=65536,g=512,candidate=none,phase=source,comparison=a_vs_oracle,words=1048576,mismatched_words=0,actual_checksum=84d06402da633040,expected_checksum=84d06402da633040,first=[]
check,round=9,k=65536,g=512,candidate=none,phase=source,comparison=b_vs_oracle,words=1048576,mismatched_words=0,actual_checksum=84d06402da633040,expected_checksum=84d06402da633040,first=[]
check,round=9,k=65536,g=512,candidate=none,phase=source,comparison=a_vs_b,words=1048576,mismatched_words=0,actual_checksum=84d06402da633040,expected_checksum=84d06402da633040,first=[]
check,round=9,k=65536,g=512,candidate=vec4,phase=reset,comparison=a_vs_oracle,words=1048576,mismatched_words=0,actual_checksum=84d06402da633040,expected_checksum=84d06402da633040,first=[]
check,round=9,k=65536,g=512,candidate=vec4,phase=reset,comparison=b_vs_oracle,words=1048576,mismatched_words=0,actual_checksum=84d06402da633040,expected_checksum=84d06402da633040,first=[]
check,round=9,k=65536,g=512,candidate=vec4,phase=reset,comparison=a_vs_b,words=1048576,mismatched_words=0,actual_checksum=84d06402da633040,expected_checksum=84d06402da633040,first=[]
check,round=9,k=65536,g=512,candidate=vec4,phase=transformed,comparison=a_vs_oracle,words=1048576,mismatched_words=0,actual_checksum=29115d73667dee45,expected_checksum=29115d73667dee45,first=[]
check,round=9,k=65536,g=512,candidate=vec4,phase=transformed,comparison=b_vs_oracle,words=1048576,mismatched_words=0,actual_checksum=29115d73667dee45,expected_checksum=29115d73667dee45,first=[]
check,round=9,k=65536,g=512,candidate=vec4,phase=transformed,comparison=a_vs_b,words=1048576,mismatched_words=0,actual_checksum=29115d73667dee45,expected_checksum=29115d73667dee45,first=[]
check,round=9,k=65536,g=512,candidate=fused2,phase=reset,comparison=a_vs_oracle,words=1048576,mismatched_words=0,actual_checksum=84d06402da633040,expected_checksum=84d06402da633040,first=[]
check,round=9,k=65536,g=512,candidate=fused2,phase=reset,comparison=b_vs_oracle,words=1048576,mismatched_words=0,actual_checksum=84d06402da633040,expected_checksum=84d06402da633040,first=[]
check,round=9,k=65536,g=512,candidate=fused2,phase=reset,comparison=a_vs_b,words=1048576,mismatched_words=0,actual_checksum=84d06402da633040,expected_checksum=84d06402da633040,first=[]
check,round=9,k=65536,g=512,candidate=fused2,phase=transformed,comparison=a_vs_oracle,words=1048576,mismatched_words=0,actual_checksum=29115d73667dee45,expected_checksum=29115d73667dee45,first=[]
check,round=9,k=65536,g=512,candidate=fused2,phase=transformed,comparison=b_vs_oracle,words=1048576,mismatched_words=0,actual_checksum=29115d73667dee45,expected_checksum=29115d73667dee45,first=[]
check,round=9,k=65536,g=512,candidate=fused2,phase=transformed,comparison=a_vs_b,words=1048576,mismatched_words=0,actual_checksum=29115d73667dee45,expected_checksum=29115d73667dee45,first=[]
check,round=9,k=65536,g=512,candidate=tile8,phase=reset,comparison=a_vs_oracle,words=1048576,mismatched_words=0,actual_checksum=84d06402da633040,expected_checksum=84d06402da633040,first=[]
check,round=9,k=65536,g=512,candidate=tile8,phase=reset,comparison=b_vs_oracle,words=1048576,mismatched_words=0,actual_checksum=84d06402da633040,expected_checksum=84d06402da633040,first=[]
check,round=9,k=65536,g=512,candidate=tile8,phase=reset,comparison=a_vs_b,words=1048576,mismatched_words=0,actual_checksum=84d06402da633040,expected_checksum=84d06402da633040,first=[]
check,round=9,k=65536,g=512,candidate=tile8,phase=transformed,comparison=a_vs_oracle,words=1048576,mismatched_words=0,actual_checksum=29115d73667dee45,expected_checksum=29115d73667dee45,first=[]
check,round=9,k=65536,g=512,candidate=tile8,phase=transformed,comparison=b_vs_oracle,words=1048576,mismatched_words=0,actual_checksum=29115d73667dee45,expected_checksum=29115d73667dee45,first=[]
check,round=9,k=65536,g=512,candidate=tile8,phase=transformed,comparison=a_vs_b,words=1048576,mismatched_words=0,actual_checksum=29115d73667dee45,expected_checksum=29115d73667dee45,first=[]
check,round=9,k=262144,g=128,candidate=none,phase=source,comparison=a_vs_oracle,words=1048576,mismatched_words=0,actual_checksum=603e59446e81431f,expected_checksum=603e59446e81431f,first=[]
check,round=9,k=262144,g=128,candidate=none,phase=source,comparison=b_vs_oracle,words=1048576,mismatched_words=0,actual_checksum=603e59446e81431f,expected_checksum=603e59446e81431f,first=[]
check,round=9,k=262144,g=128,candidate=none,phase=source,comparison=a_vs_b,words=1048576,mismatched_words=0,actual_checksum=603e59446e81431f,expected_checksum=603e59446e81431f,first=[]
check,round=9,k=262144,g=128,candidate=vec4,phase=reset,comparison=a_vs_oracle,words=1048576,mismatched_words=0,actual_checksum=603e59446e81431f,expected_checksum=603e59446e81431f,first=[]
check,round=9,k=262144,g=128,candidate=vec4,phase=reset,comparison=b_vs_oracle,words=1048576,mismatched_words=0,actual_checksum=603e59446e81431f,expected_checksum=603e59446e81431f,first=[]
check,round=9,k=262144,g=128,candidate=vec4,phase=reset,comparison=a_vs_b,words=1048576,mismatched_words=0,actual_checksum=603e59446e81431f,expected_checksum=603e59446e81431f,first=[]
check,round=9,k=262144,g=128,candidate=vec4,phase=transformed,comparison=a_vs_oracle,words=1048576,mismatched_words=0,actual_checksum=99960c282a7f4ca5,expected_checksum=99960c282a7f4ca5,first=[]
check,round=9,k=262144,g=128,candidate=vec4,phase=transformed,comparison=b_vs_oracle,words=1048576,mismatched_words=0,actual_checksum=99960c282a7f4ca5,expected_checksum=99960c282a7f4ca5,first=[]
check,round=9,k=262144,g=128,candidate=vec4,phase=transformed,comparison=a_vs_b,words=1048576,mismatched_words=0,actual_checksum=99960c282a7f4ca5,expected_checksum=99960c282a7f4ca5,first=[]
check,round=9,k=262144,g=128,candidate=fused2,phase=reset,comparison=a_vs_oracle,words=1048576,mismatched_words=0,actual_checksum=603e59446e81431f,expected_checksum=603e59446e81431f,first=[]
check,round=9,k=262144,g=128,candidate=fused2,phase=reset,comparison=b_vs_oracle,words=1048576,mismatched_words=0,actual_checksum=603e59446e81431f,expected_checksum=603e59446e81431f,first=[]
check,round=9,k=262144,g=128,candidate=fused2,phase=reset,comparison=a_vs_b,words=1048576,mismatched_words=0,actual_checksum=603e59446e81431f,expected_checksum=603e59446e81431f,first=[]
check,round=9,k=262144,g=128,candidate=fused2,phase=transformed,comparison=a_vs_oracle,words=1048576,mismatched_words=0,actual_checksum=99960c282a7f4ca5,expected_checksum=99960c282a7f4ca5,first=[]
check,round=9,k=262144,g=128,candidate=fused2,phase=transformed,comparison=b_vs_oracle,words=1048576,mismatched_words=0,actual_checksum=99960c282a7f4ca5,expected_checksum=99960c282a7f4ca5,first=[]
check,round=9,k=262144,g=128,candidate=fused2,phase=transformed,comparison=a_vs_b,words=1048576,mismatched_words=0,actual_checksum=99960c282a7f4ca5,expected_checksum=99960c282a7f4ca5,first=[]
check,round=9,k=262144,g=128,candidate=tile8,phase=reset,comparison=a_vs_oracle,words=1048576,mismatched_words=0,actual_checksum=603e59446e81431f,expected_checksum=603e59446e81431f,first=[]
check,round=9,k=262144,g=128,candidate=tile8,phase=reset,comparison=b_vs_oracle,words=1048576,mismatched_words=0,actual_checksum=603e59446e81431f,expected_checksum=603e59446e81431f,first=[]
check,round=9,k=262144,g=128,candidate=tile8,phase=reset,comparison=a_vs_b,words=1048576,mismatched_words=0,actual_checksum=603e59446e81431f,expected_checksum=603e59446e81431f,first=[]
check,round=9,k=262144,g=128,candidate=tile8,phase=transformed,comparison=a_vs_oracle,words=1048576,mismatched_words=0,actual_checksum=99960c282a7f4ca5,expected_checksum=99960c282a7f4ca5,first=[]
check,round=9,k=262144,g=128,candidate=tile8,phase=transformed,comparison=b_vs_oracle,words=1048576,mismatched_words=0,actual_checksum=99960c282a7f4ca5,expected_checksum=99960c282a7f4ca5,first=[]
check,round=9,k=262144,g=128,candidate=tile8,phase=transformed,comparison=a_vs_b,words=1048576,mismatched_words=0,actual_checksum=99960c282a7f4ca5,expected_checksum=99960c282a7f4ca5,first=[]
check,round=10,k=65536,g=512,candidate=none,phase=source,comparison=a_vs_oracle,words=1048576,mismatched_words=0,actual_checksum=84d06402da633040,expected_checksum=84d06402da633040,first=[]
check,round=10,k=65536,g=512,candidate=none,phase=source,comparison=b_vs_oracle,words=1048576,mismatched_words=0,actual_checksum=84d06402da633040,expected_checksum=84d06402da633040,first=[]
check,round=10,k=65536,g=512,candidate=none,phase=source,comparison=a_vs_b,words=1048576,mismatched_words=0,actual_checksum=84d06402da633040,expected_checksum=84d06402da633040,first=[]
check,round=10,k=65536,g=512,candidate=vec4,phase=reset,comparison=a_vs_oracle,words=1048576,mismatched_words=0,actual_checksum=84d06402da633040,expected_checksum=84d06402da633040,first=[]
check,round=10,k=65536,g=512,candidate=vec4,phase=reset,comparison=b_vs_oracle,words=1048576,mismatched_words=0,actual_checksum=84d06402da633040,expected_checksum=84d06402da633040,first=[]
check,round=10,k=65536,g=512,candidate=vec4,phase=reset,comparison=a_vs_b,words=1048576,mismatched_words=0,actual_checksum=84d06402da633040,expected_checksum=84d06402da633040,first=[]
check,round=10,k=65536,g=512,candidate=vec4,phase=transformed,comparison=a_vs_oracle,words=1048576,mismatched_words=0,actual_checksum=29115d73667dee45,expected_checksum=29115d73667dee45,first=[]
check,round=10,k=65536,g=512,candidate=vec4,phase=transformed,comparison=b_vs_oracle,words=1048576,mismatched_words=0,actual_checksum=29115d73667dee45,expected_checksum=29115d73667dee45,first=[]
check,round=10,k=65536,g=512,candidate=vec4,phase=transformed,comparison=a_vs_b,words=1048576,mismatched_words=0,actual_checksum=29115d73667dee45,expected_checksum=29115d73667dee45,first=[]
check,round=10,k=65536,g=512,candidate=fused2,phase=reset,comparison=a_vs_oracle,words=1048576,mismatched_words=0,actual_checksum=84d06402da633040,expected_checksum=84d06402da633040,first=[]
check,round=10,k=65536,g=512,candidate=fused2,phase=reset,comparison=b_vs_oracle,words=1048576,mismatched_words=0,actual_checksum=84d06402da633040,expected_checksum=84d06402da633040,first=[]
check,round=10,k=65536,g=512,candidate=fused2,phase=reset,comparison=a_vs_b,words=1048576,mismatched_words=0,actual_checksum=84d06402da633040,expected_checksum=84d06402da633040,first=[]
check,round=10,k=65536,g=512,candidate=fused2,phase=transformed,comparison=a_vs_oracle,words=1048576,mismatched_words=0,actual_checksum=29115d73667dee45,expected_checksum=29115d73667dee45,first=[]
check,round=10,k=65536,g=512,candidate=fused2,phase=transformed,comparison=b_vs_oracle,words=1048576,mismatched_words=0,actual_checksum=29115d73667dee45,expected_checksum=29115d73667dee45,first=[]
check,round=10,k=65536,g=512,candidate=fused2,phase=transformed,comparison=a_vs_b,words=1048576,mismatched_words=0,actual_checksum=29115d73667dee45,expected_checksum=29115d73667dee45,first=[]
check,round=10,k=65536,g=512,candidate=tile8,phase=reset,comparison=a_vs_oracle,words=1048576,mismatched_words=0,actual_checksum=84d06402da633040,expected_checksum=84d06402da633040,first=[]
check,round=10,k=65536,g=512,candidate=tile8,phase=reset,comparison=b_vs_oracle,words=1048576,mismatched_words=0,actual_checksum=84d06402da633040,expected_checksum=84d06402da633040,first=[]
check,round=10,k=65536,g=512,candidate=tile8,phase=reset,comparison=a_vs_b,words=1048576,mismatched_words=0,actual_checksum=84d06402da633040,expected_checksum=84d06402da633040,first=[]
check,round=10,k=65536,g=512,candidate=tile8,phase=transformed,comparison=a_vs_oracle,words=1048576,mismatched_words=0,actual_checksum=29115d73667dee45,expected_checksum=29115d73667dee45,first=[]
check,round=10,k=65536,g=512,candidate=tile8,phase=transformed,comparison=b_vs_oracle,words=1048576,mismatched_words=0,actual_checksum=29115d73667dee45,expected_checksum=29115d73667dee45,first=[]
check,round=10,k=65536,g=512,candidate=tile8,phase=transformed,comparison=a_vs_b,words=1048576,mismatched_words=0,actual_checksum=29115d73667dee45,expected_checksum=29115d73667dee45,first=[]
check,round=10,k=262144,g=128,candidate=none,phase=source,comparison=a_vs_oracle,words=1048576,mismatched_words=0,actual_checksum=603e59446e81431f,expected_checksum=603e59446e81431f,first=[]
check,round=10,k=262144,g=128,candidate=none,phase=source,comparison=b_vs_oracle,words=1048576,mismatched_words=0,actual_checksum=603e59446e81431f,expected_checksum=603e59446e81431f,first=[]
check,round=10,k=262144,g=128,candidate=none,phase=source,comparison=a_vs_b,words=1048576,mismatched_words=0,actual_checksum=603e59446e81431f,expected_checksum=603e59446e81431f,first=[]
check,round=10,k=262144,g=128,candidate=vec4,phase=reset,comparison=a_vs_oracle,words=1048576,mismatched_words=0,actual_checksum=603e59446e81431f,expected_checksum=603e59446e81431f,first=[]
check,round=10,k=262144,g=128,candidate=vec4,phase=reset,comparison=b_vs_oracle,words=1048576,mismatched_words=0,actual_checksum=603e59446e81431f,expected_checksum=603e59446e81431f,first=[]
check,round=10,k=262144,g=128,candidate=vec4,phase=reset,comparison=a_vs_b,words=1048576,mismatched_words=0,actual_checksum=603e59446e81431f,expected_checksum=603e59446e81431f,first=[]
check,round=10,k=262144,g=128,candidate=vec4,phase=transformed,comparison=a_vs_oracle,words=1048576,mismatched_words=0,actual_checksum=99960c282a7f4ca5,expected_checksum=99960c282a7f4ca5,first=[]
check,round=10,k=262144,g=128,candidate=vec4,phase=transformed,comparison=b_vs_oracle,words=1048576,mismatched_words=0,actual_checksum=99960c282a7f4ca5,expected_checksum=99960c282a7f4ca5,first=[]
check,round=10,k=262144,g=128,candidate=vec4,phase=transformed,comparison=a_vs_b,words=1048576,mismatched_words=0,actual_checksum=99960c282a7f4ca5,expected_checksum=99960c282a7f4ca5,first=[]
check,round=10,k=262144,g=128,candidate=fused2,phase=reset,comparison=a_vs_oracle,words=1048576,mismatched_words=0,actual_checksum=603e59446e81431f,expected_checksum=603e59446e81431f,first=[]
check,round=10,k=262144,g=128,candidate=fused2,phase=reset,comparison=b_vs_oracle,words=1048576,mismatched_words=0,actual_checksum=603e59446e81431f,expected_checksum=603e59446e81431f,first=[]
check,round=10,k=262144,g=128,candidate=fused2,phase=reset,comparison=a_vs_b,words=1048576,mismatched_words=0,actual_checksum=603e59446e81431f,expected_checksum=603e59446e81431f,first=[]
check,round=10,k=262144,g=128,candidate=fused2,phase=transformed,comparison=a_vs_oracle,words=1048576,mismatched_words=0,actual_checksum=99960c282a7f4ca5,expected_checksum=99960c282a7f4ca5,first=[]
check,round=10,k=262144,g=128,candidate=fused2,phase=transformed,comparison=b_vs_oracle,words=1048576,mismatched_words=0,actual_checksum=99960c282a7f4ca5,expected_checksum=99960c282a7f4ca5,first=[]
check,round=10,k=262144,g=128,candidate=fused2,phase=transformed,comparison=a_vs_b,words=1048576,mismatched_words=0,actual_checksum=99960c282a7f4ca5,expected_checksum=99960c282a7f4ca5,first=[]
check,round=10,k=262144,g=128,candidate=tile8,phase=reset,comparison=a_vs_oracle,words=1048576,mismatched_words=0,actual_checksum=603e59446e81431f,expected_checksum=603e59446e81431f,first=[]
check,round=10,k=262144,g=128,candidate=tile8,phase=reset,comparison=b_vs_oracle,words=1048576,mismatched_words=0,actual_checksum=603e59446e81431f,expected_checksum=603e59446e81431f,first=[]
check,round=10,k=262144,g=128,candidate=tile8,phase=reset,comparison=a_vs_b,words=1048576,mismatched_words=0,actual_checksum=603e59446e81431f,expected_checksum=603e59446e81431f,first=[]
check,round=10,k=262144,g=128,candidate=tile8,phase=transformed,comparison=a_vs_oracle,words=1048576,mismatched_words=32,actual_checksum=dfcfa942b7c6cd7a,expected_checksum=99960c282a7f4ca5,first=[(11648, 2974251016, 2178516855), (11649, 2525803083, 2547040876), (11650, 411014921, 2084418018), (11651, 3108407942, 2318600354), (11652, 1792651053, 236526694), (11653, 3099080403, 2670501676), (11654, 1914910114, 2515152968), (11655, 2256044745, 2944954009)]
check,round=10,k=262144,g=128,candidate=tile8,phase=transformed,comparison=b_vs_oracle,words=1048576,mismatched_words=0,actual_checksum=99960c282a7f4ca5,expected_checksum=99960c282a7f4ca5,first=[]
check,round=10,k=262144,g=128,candidate=tile8,phase=transformed,comparison=a_vs_b,words=1048576,mismatched_words=32,actual_checksum=dfcfa942b7c6cd7a,expected_checksum=99960c282a7f4ca5,first=[(11648, 2974251016, 2178516855), (11649, 2525803083, 2547040876), (11650, 411014921, 2084418018), (11651, 3108407942, 2318600354), (11652, 1792651053, 236526694), (11653, 3099080403, 2670501676), (11654, 1914910114, 2515152968), (11655, 2256044745, 2944954009)]
check,round=11,k=65536,g=512,candidate=none,phase=source,comparison=a_vs_oracle,words=1048576,mismatched_words=0,actual_checksum=84d06402da633040,expected_checksum=84d06402da633040,first=[]
check,round=11,k=65536,g=512,candidate=none,phase=source,comparison=b_vs_oracle,words=1048576,mismatched_words=0,actual_checksum=84d06402da633040,expected_checksum=84d06402da633040,first=[]
check,round=11,k=65536,g=512,candidate=none,phase=source,comparison=a_vs_b,words=1048576,mismatched_words=0,actual_checksum=84d06402da633040,expected_checksum=84d06402da633040,first=[]
check,round=11,k=65536,g=512,candidate=vec4,phase=reset,comparison=a_vs_oracle,words=1048576,mismatched_words=0,actual_checksum=84d06402da633040,expected_checksum=84d06402da633040,first=[]
check,round=11,k=65536,g=512,candidate=vec4,phase=reset,comparison=b_vs_oracle,words=1048576,mismatched_words=0,actual_checksum=84d06402da633040,expected_checksum=84d06402da633040,first=[]
check,round=11,k=65536,g=512,candidate=vec4,phase=reset,comparison=a_vs_b,words=1048576,mismatched_words=0,actual_checksum=84d06402da633040,expected_checksum=84d06402da633040,first=[]
check,round=11,k=65536,g=512,candidate=vec4,phase=transformed,comparison=a_vs_oracle,words=1048576,mismatched_words=0,actual_checksum=29115d73667dee45,expected_checksum=29115d73667dee45,first=[]
check,round=11,k=65536,g=512,candidate=vec4,phase=transformed,comparison=b_vs_oracle,words=1048576,mismatched_words=0,actual_checksum=29115d73667dee45,expected_checksum=29115d73667dee45,first=[]
check,round=11,k=65536,g=512,candidate=vec4,phase=transformed,comparison=a_vs_b,words=1048576,mismatched_words=0,actual_checksum=29115d73667dee45,expected_checksum=29115d73667dee45,first=[]
check,round=11,k=65536,g=512,candidate=fused2,phase=reset,comparison=a_vs_oracle,words=1048576,mismatched_words=0,actual_checksum=84d06402da633040,expected_checksum=84d06402da633040,first=[]
check,round=11,k=65536,g=512,candidate=fused2,phase=reset,comparison=b_vs_oracle,words=1048576,mismatched_words=0,actual_checksum=84d06402da633040,expected_checksum=84d06402da633040,first=[]
check,round=11,k=65536,g=512,candidate=fused2,phase=reset,comparison=a_vs_b,words=1048576,mismatched_words=0,actual_checksum=84d06402da633040,expected_checksum=84d06402da633040,first=[]
check,round=11,k=65536,g=512,candidate=fused2,phase=transformed,comparison=a_vs_oracle,words=1048576,mismatched_words=0,actual_checksum=29115d73667dee45,expected_checksum=29115d73667dee45,first=[]
check,round=11,k=65536,g=512,candidate=fused2,phase=transformed,comparison=b_vs_oracle,words=1048576,mismatched_words=0,actual_checksum=29115d73667dee45,expected_checksum=29115d73667dee45,first=[]
check,round=11,k=65536,g=512,candidate=fused2,phase=transformed,comparison=a_vs_b,words=1048576,mismatched_words=0,actual_checksum=29115d73667dee45,expected_checksum=29115d73667dee45,first=[]
check,round=11,k=65536,g=512,candidate=tile8,phase=reset,comparison=a_vs_oracle,words=1048576,mismatched_words=0,actual_checksum=84d06402da633040,expected_checksum=84d06402da633040,first=[]
check,round=11,k=65536,g=512,candidate=tile8,phase=reset,comparison=b_vs_oracle,words=1048576,mismatched_words=0,actual_checksum=84d06402da633040,expected_checksum=84d06402da633040,first=[]
check,round=11,k=65536,g=512,candidate=tile8,phase=reset,comparison=a_vs_b,words=1048576,mismatched_words=0,actual_checksum=84d06402da633040,expected_checksum=84d06402da633040,first=[]
check,round=11,k=65536,g=512,candidate=tile8,phase=transformed,comparison=a_vs_oracle,words=1048576,mismatched_words=0,actual_checksum=29115d73667dee45,expected_checksum=29115d73667dee45,first=[]
check,round=11,k=65536,g=512,candidate=tile8,phase=transformed,comparison=b_vs_oracle,words=1048576,mismatched_words=0,actual_checksum=29115d73667dee45,expected_checksum=29115d73667dee45,first=[]
check,round=11,k=65536,g=512,candidate=tile8,phase=transformed,comparison=a_vs_b,words=1048576,mismatched_words=0,actual_checksum=29115d73667dee45,expected_checksum=29115d73667dee45,first=[]
check,round=11,k=262144,g=128,candidate=none,phase=source,comparison=a_vs_oracle,words=1048576,mismatched_words=0,actual_checksum=603e59446e81431f,expected_checksum=603e59446e81431f,first=[]
check,round=11,k=262144,g=128,candidate=none,phase=source,comparison=b_vs_oracle,words=1048576,mismatched_words=0,actual_checksum=603e59446e81431f,expected_checksum=603e59446e81431f,first=[]
check,round=11,k=262144,g=128,candidate=none,phase=source,comparison=a_vs_b,words=1048576,mismatched_words=0,actual_checksum=603e59446e81431f,expected_checksum=603e59446e81431f,first=[]
check,round=11,k=262144,g=128,candidate=vec4,phase=reset,comparison=a_vs_oracle,words=1048576,mismatched_words=0,actual_checksum=603e59446e81431f,expected_checksum=603e59446e81431f,first=[]
check,round=11,k=262144,g=128,candidate=vec4,phase=reset,comparison=b_vs_oracle,words=1048576,mismatched_words=0,actual_checksum=603e59446e81431f,expected_checksum=603e59446e81431f,first=[]
check,round=11,k=262144,g=128,candidate=vec4,phase=reset,comparison=a_vs_b,words=1048576,mismatched_words=0,actual_checksum=603e59446e81431f,expected_checksum=603e59446e81431f,first=[]
check,round=11,k=262144,g=128,candidate=vec4,phase=transformed,comparison=a_vs_oracle,words=1048576,mismatched_words=0,actual_checksum=99960c282a7f4ca5,expected_checksum=99960c282a7f4ca5,first=[]
check,round=11,k=262144,g=128,candidate=vec4,phase=transformed,comparison=b_vs_oracle,words=1048576,mismatched_words=0,actual_checksum=99960c282a7f4ca5,expected_checksum=99960c282a7f4ca5,first=[]
check,round=11,k=262144,g=128,candidate=vec4,phase=transformed,comparison=a_vs_b,words=1048576,mismatched_words=0,actual_checksum=99960c282a7f4ca5,expected_checksum=99960c282a7f4ca5,first=[]
check,round=11,k=262144,g=128,candidate=fused2,phase=reset,comparison=a_vs_oracle,words=1048576,mismatched_words=0,actual_checksum=603e59446e81431f,expected_checksum=603e59446e81431f,first=[]
check,round=11,k=262144,g=128,candidate=fused2,phase=reset,comparison=b_vs_oracle,words=1048576,mismatched_words=0,actual_checksum=603e59446e81431f,expected_checksum=603e59446e81431f,first=[]
check,round=11,k=262144,g=128,candidate=fused2,phase=reset,comparison=a_vs_b,words=1048576,mismatched_words=0,actual_checksum=603e59446e81431f,expected_checksum=603e59446e81431f,first=[]
check,round=11,k=262144,g=128,candidate=fused2,phase=transformed,comparison=a_vs_oracle,words=1048576,mismatched_words=0,actual_checksum=99960c282a7f4ca5,expected_checksum=99960c282a7f4ca5,first=[]
check,round=11,k=262144,g=128,candidate=fused2,phase=transformed,comparison=b_vs_oracle,words=1048576,mismatched_words=0,actual_checksum=99960c282a7f4ca5,expected_checksum=99960c282a7f4ca5,first=[]
check,round=11,k=262144,g=128,candidate=fused2,phase=transformed,comparison=a_vs_b,words=1048576,mismatched_words=0,actual_checksum=99960c282a7f4ca5,expected_checksum=99960c282a7f4ca5,first=[]
check,round=11,k=262144,g=128,candidate=tile8,phase=reset,comparison=a_vs_oracle,words=1048576,mismatched_words=0,actual_checksum=603e59446e81431f,expected_checksum=603e59446e81431f,first=[]
check,round=11,k=262144,g=128,candidate=tile8,phase=reset,comparison=b_vs_oracle,words=1048576,mismatched_words=0,actual_checksum=603e59446e81431f,expected_checksum=603e59446e81431f,first=[]
check,round=11,k=262144,g=128,candidate=tile8,phase=reset,comparison=a_vs_b,words=1048576,mismatched_words=0,actual_checksum=603e59446e81431f,expected_checksum=603e59446e81431f,first=[]
check,round=11,k=262144,g=128,candidate=tile8,phase=transformed,comparison=a_vs_oracle,words=1048576,mismatched_words=0,actual_checksum=99960c282a7f4ca5,expected_checksum=99960c282a7f4ca5,first=[]
check,round=11,k=262144,g=128,candidate=tile8,phase=transformed,comparison=b_vs_oracle,words=1048576,mismatched_words=0,actual_checksum=99960c282a7f4ca5,expected_checksum=99960c282a7f4ca5,first=[]
check,round=11,k=262144,g=128,candidate=tile8,phase=transformed,comparison=a_vs_b,words=1048576,mismatched_words=0,actual_checksum=99960c282a7f4ca5,expected_checksum=99960c282a7f4ca5,first=[]
diagnostic_status=complete,failed_comparisons=2,performance_claim=none
