benchmark=pvp3d_three_candidate_same_device
source_revision=2fc5ad2ca4f5c27e2b1fdbb0ed328e6820e273af
explicit_map_transition=true
adapter=NVIDIA Tegra NVIDIA Thor
backend=Vulkan
device_type=IntegratedGpu
vendor_id=4318
device_id=11008
driver=NVIDIA
driver_info=580.00
hardware_measurement_eligible=true
physical_admission=external_remoteops_evidence_required
performance_claim=none
primary_timing_scope=resident_encode_plus_queue_submit_plus_device_wait
state_reset_scope=completed_before_timer
correctness_readback_scope=before_and_after_timing
candidate_order=ABC_ACB_BAC_BCA_CAB_CBA
resident_payload_scope=source_plus_three_states_excludes_driver_uniforms_and_readback
status,k,g,candidate,state_bytes,resident_payload_bytes,warmups,repeats,logical_dispatches,p50_ns,p95_ns,input_checksum,output_checksum,skip_reason,performance_claim
measured,256,128,vec4,4096,16384,5,30,8,233167,273536,4c67926a9205d7b4,956299587c8af4b4,none,none
sample,256,128,vec4,0,232473
sample,256,128,vec4,1,231768
sample,256,128,vec4,2,230082
sample,256,128,vec4,3,230019
sample,256,128,vec4,4,237212
sample,256,128,vec4,5,231982
sample,256,128,vec4,6,234861
sample,256,128,vec4,7,229258
sample,256,128,vec4,8,232073
sample,256,128,vec4,9,233445
sample,256,128,vec4,10,232990
sample,256,128,vec4,11,233167
sample,256,128,vec4,12,234313
sample,256,128,vec4,13,233481
sample,256,128,vec4,14,238990
sample,256,128,vec4,15,246027
sample,256,128,vec4,16,241860
sample,256,128,vec4,17,231518
sample,256,128,vec4,18,225036
sample,256,128,vec4,19,228554
sample,256,128,vec4,20,231980
sample,256,128,vec4,21,273536
sample,256,128,vec4,22,264721
sample,256,128,vec4,23,229971
sample,256,128,vec4,24,228304
sample,256,128,vec4,25,238730
sample,256,128,vec4,26,276906
sample,256,128,vec4,27,246073
sample,256,128,vec4,28,238110
sample,256,128,vec4,29,239268
measured,256,128,fused2,4096,16384,5,30,7,210851,228083,4c67926a9205d7b4,956299587c8af4b4,none,none
sample,256,128,fused2,0,210851
sample,256,128,fused2,1,206777
sample,256,128,fused2,2,209130
sample,256,128,fused2,3,209073
sample,256,128,fused2,4,210369
sample,256,128,fused2,5,209945
sample,256,128,fused2,6,212722
sample,256,128,fused2,7,210991
sample,256,128,fused2,8,209637
sample,256,128,fused2,9,209786
sample,256,128,fused2,10,213786
sample,256,128,fused2,11,208611
sample,256,128,fused2,12,205786
sample,256,128,fused2,13,209074
sample,256,128,fused2,14,208369
sample,256,128,fused2,15,224628
sample,256,128,fused2,16,211471
sample,256,128,fused2,17,212443
sample,256,128,fused2,18,205064
sample,256,128,fused2,19,205620
sample,256,128,fused2,20,213471
sample,256,128,fused2,21,207517
sample,256,128,fused2,22,228083
sample,256,128,fused2,23,213556
sample,256,128,fused2,24,214249
sample,256,128,fused2,25,212778
sample,256,128,fused2,26,388480
sample,256,128,fused2,27,221019
sample,256,128,fused2,28,221398
sample,256,128,fused2,29,217361
measured,256,128,tile8,4096,16384,5,30,6,189212,202777,4c67926a9205d7b4,956299587c8af4b4,none,none
sample,256,128,tile8,0,188861
sample,256,128,tile8,1,189647
sample,256,128,tile8,2,184443
sample,256,128,tile8,3,187286
sample,256,128,tile8,4,189288
sample,256,128,tile8,5,186981
sample,256,128,tile8,6,187999
sample,256,128,tile8,7,188666
sample,256,128,tile8,8,187610
sample,256,128,tile8,9,191370
sample,256,128,tile8,10,187259
sample,256,128,tile8,11,186906
sample,256,128,tile8,12,185934
sample,256,128,tile8,13,190093
sample,256,128,tile8,14,190221
sample,256,128,tile8,15,192500
sample,256,128,tile8,16,226972
sample,256,128,tile8,17,186137
sample,256,128,tile8,18,186333
sample,256,128,tile8,19,186249
sample,256,128,tile8,20,184981
sample,256,128,tile8,21,192518
sample,256,128,tile8,22,202777
sample,256,128,tile8,23,190121
sample,256,128,tile8,24,189212
sample,256,128,tile8,25,195963
sample,256,128,tile8,26,201610
sample,256,128,tile8,27,197194
sample,256,128,tile8,28,194286
sample,256,128,tile8,29,192065
measured,256,512,vec4,16384,65536,5,30,8,251018,278110,38bbe1f688e24d78,1c8bb372f8f1302e,none,none
sample,256,512,vec4,0,238814
sample,256,512,vec4,1,237286
sample,256,512,vec4,2,246397
sample,256,512,vec4,3,256758
sample,256,512,vec4,4,245193
sample,256,512,vec4,5,245990
sample,256,512,vec4,6,242861
sample,256,512,vec4,7,241971
sample,256,512,vec4,8,239786
sample,256,512,vec4,9,244259
sample,256,512,vec4,10,243675
sample,256,512,vec4,11,307526
sample,256,512,vec4,12,250536
sample,256,512,vec4,13,251018
sample,256,512,vec4,14,248888
sample,256,512,vec4,15,248175
sample,256,512,vec4,16,249434
sample,256,512,vec4,17,258444
sample,256,512,vec4,18,253286
sample,256,512,vec4,19,254287
sample,256,512,vec4,20,254648
sample,256,512,vec4,21,256917
sample,256,512,vec4,22,260046
sample,256,512,vec4,23,256249
sample,256,512,vec4,24,256693
sample,256,512,vec4,25,255555
sample,256,512,vec4,26,278110
sample,256,512,vec4,27,264119
sample,256,512,vec4,28,260388
sample,256,512,vec4,29,257925
measured,256,512,fused2,16384,65536,5,30,7,229379,284425,38bbe1f688e24d78,1c8bb372f8f1302e,none,none
sample,256,512,fused2,0,219360
sample,256,512,fused2,1,220760
sample,256,512,fused2,2,216509
sample,256,512,fused2,3,284425
sample,256,512,fused2,4,232406
sample,256,512,fused2,5,221648
sample,256,512,fused2,6,225047
sample,256,512,fused2,7,217435
sample,256,512,fused2,8,218916
sample,256,512,fused2,9,223582
sample,256,512,fused2,10,279194
sample,256,512,fused2,11,221787
sample,256,512,fused2,12,231444
sample,256,512,fused2,13,224138
sample,256,512,fused2,14,228694
sample,256,512,fused2,15,221778
sample,256,512,fused2,16,506127
sample,256,512,fused2,17,233490
sample,256,512,fused2,18,233304
sample,256,512,fused2,19,229888
sample,256,512,fused2,20,228147
sample,256,512,fused2,21,227898
sample,256,512,fused2,22,230037
sample,256,512,fused2,23,231036
sample,256,512,fused2,24,229749
sample,256,512,fused2,25,230990
sample,256,512,fused2,26,229379
sample,256,512,fused2,27,239509
sample,256,512,fused2,28,240222
sample,256,512,fused2,29,229675
measured,256,512,tile8,16384,65536,5,30,6,202639,239351,38bbe1f688e24d78,1c8bb372f8f1302e,none,none
sample,256,512,tile8,0,192129
sample,256,512,tile8,1,193565
sample,256,512,tile8,2,197971
sample,256,512,tile8,3,202841
sample,256,512,tile8,4,230712
sample,256,512,tile8,5,196537
sample,256,512,tile8,6,196545
sample,256,512,tile8,7,194592
sample,256,512,tile8,8,193704
sample,256,512,tile8,9,197805
sample,256,512,tile8,10,198415
sample,256,512,tile8,11,203258
sample,256,512,tile8,12,202083
sample,256,512,tile8,13,200601
sample,256,512,tile8,14,199054
sample,256,512,tile8,15,198426
sample,256,512,tile8,16,201472
sample,256,512,tile8,17,239351
sample,256,512,tile8,18,203953
sample,256,512,tile8,19,204972
sample,256,512,tile8,20,203832
sample,256,512,tile8,21,202639
sample,256,512,tile8,22,208158
sample,256,512,tile8,23,206509
sample,256,512,tile8,24,205907
sample,256,512,tile8,25,205944
sample,256,512,tile8,26,215702
sample,256,512,tile8,27,244647
sample,256,512,tile8,28,217415
sample,256,512,tile8,29,205555
measured,256,2048,vec4,65536,262144,5,30,8,281804,347341,c9e538e9f9dccedd,259153fc2c7bc4e7,none,none
sample,256,2048,vec4,0,266768
sample,256,2048,vec4,1,264417
sample,256,2048,vec4,2,273795
sample,256,2048,vec4,3,274342
sample,256,2048,vec4,4,273915
sample,256,2048,vec4,5,273083
sample,256,2048,vec4,6,277342
sample,256,2048,vec4,7,274814
sample,256,2048,vec4,8,279314
sample,256,2048,vec4,9,278861
sample,256,2048,vec4,10,284582
sample,256,2048,vec4,11,315592
sample,256,2048,vec4,12,291277
sample,256,2048,vec4,13,286915
sample,256,2048,vec4,14,274584
sample,256,2048,vec4,15,277879
sample,256,2048,vec4,16,277555
sample,256,2048,vec4,17,284481
sample,256,2048,vec4,18,281804
sample,256,2048,vec4,19,347341
sample,256,2048,vec4,20,278092
sample,256,2048,vec4,21,287888
sample,256,2048,vec4,22,284027
sample,256,2048,vec4,23,285647
sample,256,2048,vec4,24,288147
sample,256,2048,vec4,25,287619
sample,256,2048,vec4,26,293314
sample,256,2048,vec4,27,291564
sample,256,2048,vec4,28,485359
sample,256,2048,vec4,29,287730
measured,256,2048,fused2,65536,262144,5,30,7,249286,291406,c9e538e9f9dccedd,259153fc2c7bc4e7,none,none
sample,256,2048,fused2,0,236842
sample,256,2048,fused2,1,245277
sample,256,2048,fused2,2,241490
sample,256,2048,fused2,3,243832
sample,256,2048,fused2,4,248758
sample,256,2048,fused2,5,246962
sample,256,2048,fused2,6,246167
sample,256,2048,fused2,7,246684
sample,256,2048,fused2,8,244647
sample,256,2048,fused2,9,250490
sample,256,2048,fused2,10,248823
sample,256,2048,fused2,11,245694
sample,256,2048,fused2,12,291621
sample,256,2048,fused2,13,246935
sample,256,2048,fused2,14,248074
sample,256,2048,fused2,15,246212
sample,256,2048,fused2,16,251619
sample,256,2048,fused2,17,250915
sample,256,2048,fused2,18,291406
sample,256,2048,fused2,19,261786
sample,256,2048,fused2,20,256906
sample,256,2048,fused2,21,249286
sample,256,2048,fused2,22,254990
sample,256,2048,fused2,23,253166
sample,256,2048,fused2,24,258527
sample,256,2048,fused2,25,257370
sample,256,2048,fused2,26,263360
sample,256,2048,fused2,27,262500
sample,256,2048,fused2,28,268619
sample,256,2048,fused2,29,267555
measured,256,2048,tile8,65536,262144,5,30,6,229934,248351,c9e538e9f9dccedd,259153fc2c7bc4e7,none,none
sample,256,2048,tile8,0,218129
sample,256,2048,tile8,1,216389
sample,256,2048,tile8,2,227194
sample,256,2048,tile8,3,223712
sample,256,2048,tile8,4,224647
sample,256,2048,tile8,5,225489
sample,256,2048,tile8,6,226454
sample,256,2048,tile8,7,226047
sample,256,2048,tile8,8,227629
sample,256,2048,tile8,9,229934
sample,256,2048,tile8,10,229861
sample,256,2048,tile8,11,225249
sample,256,2048,tile8,12,237102
sample,256,2048,tile8,13,226889
sample,256,2048,tile8,14,224602
sample,256,2048,tile8,15,230730
sample,256,2048,tile8,16,232452
sample,256,2048,tile8,17,231313
sample,256,2048,tile8,18,248351
sample,256,2048,tile8,19,242861
sample,256,2048,tile8,20,231119
sample,256,2048,tile8,21,228175
sample,256,2048,tile8,22,236888
sample,256,2048,tile8,23,231870
sample,256,2048,tile8,24,238184
sample,256,2048,tile8,25,235823
sample,256,2048,tile8,26,239352
sample,256,2048,tile8,27,239620
sample,256,2048,tile8,28,236786
sample,256,2048,tile8,29,290258
measured,1024,128,vec4,16384,65536,5,30,10,385693,416953,26abf5bddd03bbc5,79acd556594188cd,none,none
sample,1024,128,vec4,0,356461
sample,1024,128,vec4,1,357332
sample,1024,128,vec4,2,365508
sample,1024,128,vec4,3,360305
sample,1024,128,vec4,4,361360
sample,1024,128,vec4,5,366610
sample,1024,128,vec4,6,362665
sample,1024,128,vec4,7,371693
sample,1024,128,vec4,8,386471
sample,1024,128,vec4,9,376749
sample,1024,128,vec4,10,376249
sample,1024,128,vec4,11,416953
sample,1024,128,vec4,12,392350
sample,1024,128,vec4,13,386063
sample,1024,128,vec4,14,385879
sample,1024,128,vec4,15,378092
sample,1024,128,vec4,16,375879
sample,1024,128,vec4,17,383499
sample,1024,128,vec4,18,449573
sample,1024,128,vec4,19,378064
sample,1024,128,vec4,20,388323
sample,1024,128,vec4,21,392045
sample,1024,128,vec4,22,386526
sample,1024,128,vec4,23,385693
sample,1024,128,vec4,24,392194
sample,1024,128,vec4,25,392398
sample,1024,128,vec4,26,392804
sample,1024,128,vec4,27,395008
sample,1024,128,vec4,28,398648
sample,1024,128,vec4,29,398666
measured,1024,128,fused2,16384,65536,5,30,9,348878,370331,26abf5bddd03bbc5,79acd556594188cd,none,none
sample,1024,128,fused2,0,329610
sample,1024,128,fused2,1,357851
sample,1024,128,fused2,2,403933
sample,1024,128,fused2,3,338267
sample,1024,128,fused2,4,337851
sample,1024,128,fused2,5,337462
sample,1024,128,fused2,6,334434
sample,1024,128,fused2,7,348878
sample,1024,128,fused2,8,346119
sample,1024,128,fused2,9,347286
sample,1024,128,fused2,10,344758
sample,1024,128,fused2,11,346768
sample,1024,128,fused2,12,341444
sample,1024,128,fused2,13,358462
sample,1024,128,fused2,14,348877
sample,1024,128,fused2,15,347026
sample,1024,128,fused2,16,348610
sample,1024,128,fused2,17,348777
sample,1024,128,fused2,18,352249
sample,1024,128,fused2,19,354675
sample,1024,128,fused2,20,353462
sample,1024,128,fused2,21,360740
sample,1024,128,fused2,22,356406
sample,1024,128,fused2,23,355527
sample,1024,128,fused2,24,366823
sample,1024,128,fused2,25,358138
sample,1024,128,fused2,26,358490
sample,1024,128,fused2,27,358860
sample,1024,128,fused2,28,370331
sample,1024,128,fused2,29,366489
measured,1024,128,tile8,16384,65536,5,30,8,316962,352481,26abf5bddd03bbc5,79acd556594188cd,none,none
sample,1024,128,tile8,0,296888
sample,1024,128,tile8,1,364396
sample,1024,128,tile8,2,304583
sample,1024,128,tile8,3,304517
sample,1024,128,tile8,4,300684
sample,1024,128,tile8,5,302008
sample,1024,128,tile8,6,310277
sample,1024,128,tile8,7,309175
sample,1024,128,tile8,8,315267
sample,1024,128,tile8,9,311119
sample,1024,128,tile8,10,311434
sample,1024,128,tile8,11,310332
sample,1024,128,tile8,12,325165
sample,1024,128,tile8,13,317990
sample,1024,128,tile8,14,313777
sample,1024,128,tile8,15,312026
sample,1024,128,tile8,16,319692
sample,1024,128,tile8,17,315036
sample,1024,128,tile8,18,352481
sample,1024,128,tile8,19,316962
sample,1024,128,tile8,20,324240
sample,1024,128,tile8,21,328536
sample,1024,128,tile8,22,324629
sample,1024,128,tile8,23,321555
sample,1024,128,tile8,24,323008
sample,1024,128,tile8,25,324481
sample,1024,128,tile8,26,323638
sample,1024,128,tile8,27,322730
sample,1024,128,tile8,28,351063
sample,1024,128,tile8,29,332045
measured,1024,512,vec4,65536,262144,5,30,10,413434,459259,0949b62ffc70d026,7663f0c9d3466943,none,none
sample,1024,512,vec4,0,407943
sample,1024,512,vec4,1,412359
sample,1024,512,vec4,2,413434
sample,1024,512,vec4,3,414313
sample,1024,512,vec4,4,415192
sample,1024,512,vec4,5,467248
sample,1024,512,vec4,6,419120
sample,1024,512,vec4,7,413888
sample,1024,512,vec4,8,410711
sample,1024,512,vec4,9,410296
sample,1024,512,vec4,10,415712
sample,1024,512,vec4,11,459259
sample,1024,512,vec4,12,430378
sample,1024,512,vec4,13,406545
sample,1024,512,vec4,14,415849
sample,1024,512,vec4,15,419813
sample,1024,512,vec4,16,417656
sample,1024,512,vec4,17,413731
sample,1024,512,vec4,18,413054
sample,1024,512,vec4,19,413434
sample,1024,512,vec4,20,426990
sample,1024,512,vec4,21,414388
sample,1024,512,vec4,22,408601
sample,1024,512,vec4,23,407878
sample,1024,512,vec4,24,410824
sample,1024,512,vec4,25,408035
sample,1024,512,vec4,26,437564
sample,1024,512,vec4,27,409222
sample,1024,512,vec4,28,407046
sample,1024,512,vec4,29,406369
measured,1024,512,fused2,65536,262144,5,30,9,378581,423055,0949b62ffc70d026,7663f0c9d3466943,none,none
sample,1024,512,fused2,0,375266
sample,1024,512,fused2,1,380054
sample,1024,512,fused2,2,379138
sample,1024,512,fused2,3,377665
sample,1024,512,fused2,4,385499
sample,1024,512,fused2,5,378046
sample,1024,512,fused2,6,379101
sample,1024,512,fused2,7,374183
sample,1024,512,fused2,8,375758
sample,1024,512,fused2,9,374711
sample,1024,512,fused2,10,383628
sample,1024,512,fused2,11,381211
sample,1024,512,fused2,12,381787
sample,1024,512,fused2,13,374064
sample,1024,512,fused2,14,379212
sample,1024,512,fused2,15,378581
sample,1024,512,fused2,16,382249
sample,1024,512,fused2,17,381591
sample,1024,512,fused2,18,382721
sample,1024,512,fused2,19,380323
sample,1024,512,fused2,20,379452
sample,1024,512,fused2,21,423055
sample,1024,512,fused2,22,376026
sample,1024,512,fused2,23,372916
sample,1024,512,fused2,24,375637
sample,1024,512,fused2,25,374138
sample,1024,512,fused2,26,373618
sample,1024,512,fused2,27,449165
sample,1024,512,fused2,28,375268
sample,1024,512,fused2,29,371462
measured,1024,512,tile8,65536,262144,5,30,8,346879,362405,0949b62ffc70d026,7663f0c9d3466943,none,none
sample,1024,512,tile8,0,342731
sample,1024,512,tile8,1,348703
sample,1024,512,tile8,2,358729
sample,1024,512,tile8,3,346221
sample,1024,512,tile8,4,345314
sample,1024,512,tile8,5,347498
sample,1024,512,tile8,6,357925
sample,1024,512,tile8,7,344999
sample,1024,512,tile8,8,353443
sample,1024,512,tile8,9,345953
sample,1024,512,tile8,10,345073
sample,1024,512,tile8,11,348851
sample,1024,512,tile8,12,349360
sample,1024,512,tile8,13,346879
sample,1024,512,tile8,14,345323
sample,1024,512,tile8,15,402101
sample,1024,512,tile8,16,349888
sample,1024,512,tile8,17,347768
sample,1024,512,tile8,18,348128
sample,1024,512,tile8,19,347712
sample,1024,512,tile8,20,358397
sample,1024,512,tile8,21,347675
sample,1024,512,tile8,22,342896
sample,1024,512,tile8,23,343545
sample,1024,512,tile8,24,345582
sample,1024,512,tile8,25,340814
sample,1024,512,tile8,26,362405
sample,1024,512,tile8,27,341202
sample,1024,512,tile8,28,343406
sample,1024,512,tile8,29,342573
measured,1024,2048,vec4,262144,1048576,5,30,10,416545,444924,2d4a1c573b9665e7,d32c613321b43c7f,none,none
sample,1024,2048,vec4,0,415674
sample,1024,2048,vec4,1,415990
sample,1024,2048,vec4,2,435814
sample,1024,2048,vec4,3,415194
sample,1024,2048,vec4,4,416073
sample,1024,2048,vec4,5,413055
sample,1024,2048,vec4,6,413406
sample,1024,2048,vec4,7,416054
sample,1024,2048,vec4,8,414109
sample,1024,2048,vec4,9,414563
sample,1024,2048,vec4,10,424424
sample,1024,2048,vec4,11,420619
sample,1024,2048,vec4,12,416859
sample,1024,2048,vec4,13,670776
sample,1024,2048,vec4,14,418572
sample,1024,2048,vec4,15,418610
sample,1024,2048,vec4,16,425211
sample,1024,2048,vec4,17,417638
sample,1024,2048,vec4,18,416887
sample,1024,2048,vec4,19,419342
sample,1024,2048,vec4,20,415369
sample,1024,2048,vec4,21,418907
sample,1024,2048,vec4,22,415184
sample,1024,2048,vec4,23,416156
sample,1024,2048,vec4,24,416341
sample,1024,2048,vec4,25,444924
sample,1024,2048,vec4,26,415461
sample,1024,2048,vec4,27,416591
sample,1024,2048,vec4,28,416545
sample,1024,2048,vec4,29,417202
measured,1024,2048,fused2,262144,1048576,5,30,9,381388,472572,2d4a1c573b9665e7,d32c613321b43c7f,none,none
sample,1024,2048,fused2,0,379712
sample,1024,2048,fused2,1,381388
sample,1024,2048,fused2,2,447683
sample,1024,2048,fused2,3,383573
sample,1024,2048,fused2,4,378786
sample,1024,2048,fused2,5,377923
sample,1024,2048,fused2,6,380488
sample,1024,2048,fused2,7,392832
sample,1024,2048,fused2,8,382702
sample,1024,2048,fused2,9,472572
sample,1024,2048,fused2,10,390508
sample,1024,2048,fused2,11,378129
sample,1024,2048,fused2,12,382239
sample,1024,2048,fused2,13,380907
sample,1024,2048,fused2,14,381027
sample,1024,2048,fused2,15,381016
sample,1024,2048,fused2,16,413211
sample,1024,2048,fused2,17,697219
sample,1024,2048,fused2,18,381906
sample,1024,2048,fused2,19,380323
sample,1024,2048,fused2,20,379694
sample,1024,2048,fused2,21,380101
sample,1024,2048,fused2,22,385664
sample,1024,2048,fused2,23,381757
sample,1024,2048,fused2,24,447027
sample,1024,2048,fused2,25,383286
sample,1024,2048,fused2,26,380175
sample,1024,2048,fused2,27,382212
sample,1024,2048,fused2,28,380508
sample,1024,2048,fused2,29,380193
measured,1024,2048,tile8,262144,1048576,5,30,8,363990,405980,2d4a1c573b9665e7,d32c613321b43c7f,none,none
sample,1024,2048,tile8,0,364230
sample,1024,2048,tile8,1,361657
sample,1024,2048,tile8,2,366082
sample,1024,2048,tile8,3,380702
sample,1024,2048,tile8,4,371406
sample,1024,2048,tile8,5,363527
sample,1024,2048,tile8,6,359592
sample,1024,2048,tile8,7,363990
sample,1024,2048,tile8,8,362008
sample,1024,2048,tile8,9,356813
sample,1024,2048,tile8,10,361870
sample,1024,2048,tile8,11,421888
sample,1024,2048,tile8,12,364601
sample,1024,2048,tile8,13,364861
sample,1024,2048,tile8,14,363610
sample,1024,2048,tile8,15,360795
sample,1024,2048,tile8,16,405980
sample,1024,2048,tile8,17,368462
sample,1024,2048,tile8,18,373462
sample,1024,2048,tile8,19,360111
sample,1024,2048,tile8,20,366518
sample,1024,2048,tile8,21,362526
sample,1024,2048,tile8,22,363157
sample,1024,2048,tile8,23,363166
sample,1024,2048,tile8,24,368962
sample,1024,2048,tile8,25,367712
sample,1024,2048,tile8,26,364165
sample,1024,2048,tile8,27,364981
sample,1024,2048,tile8,28,361083
sample,1024,2048,tile8,29,362442
measured,4096,128,vec4,65536,262144,5,30,12,484553,612387,d878e557b6daedce,8cc85ceb09c8efed,none,none
sample,4096,128,vec4,0,500035
sample,4096,128,vec4,1,497555
sample,4096,128,vec4,2,557146
sample,4096,128,vec4,3,770043
sample,4096,128,vec4,4,385610
sample,4096,128,vec4,5,486322
sample,4096,128,vec4,6,496637
sample,4096,128,vec4,7,549109
sample,4096,128,vec4,8,484553
sample,4096,128,vec4,9,480499
sample,4096,128,vec4,10,480711
sample,4096,128,vec4,11,538258
sample,4096,128,vec4,12,499434
sample,4096,128,vec4,13,483851
sample,4096,128,vec4,14,481211
sample,4096,128,vec4,15,478452
sample,4096,128,vec4,16,545081
sample,4096,128,vec4,17,483942
sample,4096,128,vec4,18,481359
sample,4096,128,vec4,19,612387
sample,4096,128,vec4,20,487555
sample,4096,128,vec4,21,483387
sample,4096,128,vec4,22,546202
sample,4096,128,vec4,23,495303
sample,4096,128,vec4,24,480129
sample,4096,128,vec4,25,484119
sample,4096,128,vec4,26,489998
sample,4096,128,vec4,27,480489
sample,4096,128,vec4,28,478767
sample,4096,128,vec4,29,483063
measured,4096,128,fused2,65536,262144,5,30,11,451620,491554,d878e557b6daedce,8cc85ceb09c8efed,none,none
sample,4096,128,fused2,0,457498
sample,4096,128,fused2,1,483674
sample,4096,128,fused2,2,472405
sample,4096,128,fused2,3,491554
sample,4096,128,fused2,4,369758
sample,4096,128,fused2,5,451360
sample,4096,128,fused2,6,453611
sample,4096,128,fused2,7,468665
sample,4096,128,fused2,8,449545
sample,4096,128,fused2,9,453582
sample,4096,128,fused2,10,451620
sample,4096,128,fused2,11,483008
sample,4096,128,fused2,12,459591
sample,4096,128,fused2,13,461526
sample,4096,128,fused2,14,448490
sample,4096,128,fused2,15,446555
sample,4096,128,fused2,16,508304
sample,4096,128,fused2,17,487259
sample,4096,128,fused2,18,449203
sample,4096,128,fused2,19,472979
sample,4096,128,fused2,20,449415
sample,4096,128,fused2,21,449017
sample,4096,128,fused2,22,458194
sample,4096,128,fused2,23,446776
sample,4096,128,fused2,24,448684
sample,4096,128,fused2,25,447490
sample,4096,128,fused2,26,445610
sample,4096,128,fused2,27,447517
sample,4096,128,fused2,28,452341
sample,4096,128,fused2,29,449591
measured,4096,128,tile8,65536,262144,5,30,10,418351,531415,d878e557b6daedce,8cc85ceb09c8efed,none,none
sample,4096,128,tile8,0,422157
sample,4096,128,tile8,1,467914
sample,4096,128,tile8,2,550044
sample,4096,128,tile8,3,531415
sample,4096,128,tile8,4,351786
sample,4096,128,tile8,5,421193
sample,4096,128,tile8,6,437118
sample,4096,128,tile8,7,468229
sample,4096,128,tile8,8,435592
sample,4096,128,tile8,9,415998
sample,4096,128,tile8,10,418351
sample,4096,128,tile8,11,415637
sample,4096,128,tile8,12,425332
sample,4096,128,tile8,13,415461
sample,4096,128,tile8,14,418740
sample,4096,128,tile8,15,414405
sample,4096,128,tile8,16,414554
sample,4096,128,tile8,17,415842
sample,4096,128,tile8,18,424489
sample,4096,128,tile8,19,526507
sample,4096,128,tile8,20,414138
sample,4096,128,tile8,21,416860
sample,4096,128,tile8,22,431470
sample,4096,128,tile8,23,416258
sample,4096,128,tile8,24,416683
sample,4096,128,tile8,25,415340
sample,4096,128,tile8,26,430905
sample,4096,128,tile8,27,416119
sample,4096,128,tile8,28,419444
sample,4096,128,tile8,29,416184
measured,4096,512,vec4,262144,1048576,5,30,12,383201,512305,07e875993970433c,207dceeda1be3f5b,none,none
sample,4096,512,vec4,0,519739
sample,4096,512,vec4,1,512305
sample,4096,512,vec4,2,401351
sample,4096,512,vec4,3,383201
sample,4096,512,vec4,4,377619
sample,4096,512,vec4,5,359694
sample,4096,512,vec4,6,351804
sample,4096,512,vec4,7,355786
sample,4096,512,vec4,8,398526
sample,4096,512,vec4,9,352545
sample,4096,512,vec4,10,354286
sample,4096,512,vec4,11,361925
sample,4096,512,vec4,12,350101
sample,4096,512,vec4,13,355360
sample,4096,512,vec4,14,347258
sample,4096,512,vec4,15,368925
sample,4096,512,vec4,16,346823
sample,4096,512,vec4,17,376962
sample,4096,512,vec4,18,366360
sample,4096,512,vec4,19,459147
sample,4096,512,vec4,20,450119
sample,4096,512,vec4,21,444360
sample,4096,512,vec4,22,450091
sample,4096,512,vec4,23,453563
sample,4096,512,vec4,24,449703
sample,4096,512,vec4,25,440314
sample,4096,512,vec4,26,486933
sample,4096,512,vec4,27,443768
sample,4096,512,vec4,28,456119
sample,4096,512,vec4,29,455017
measured,4096,512,fused2,262144,1048576,5,30,11,378868,426657,07e875993970433c,207dceeda1be3f5b,none,none
sample,4096,512,fused2,0,475036
sample,4096,512,fused2,1,412425
sample,4096,512,fused2,2,378868
sample,4096,512,fused2,3,354740
sample,4096,512,fused2,4,351627
sample,4096,512,fused2,5,338591
sample,4096,512,fused2,6,333156
sample,4096,512,fused2,7,345564
sample,4096,512,fused2,8,357731
sample,4096,512,fused2,9,361972
sample,4096,512,fused2,10,380526
sample,4096,512,fused2,11,349888
sample,4096,512,fused2,12,323564
sample,4096,512,fused2,13,328841
sample,4096,512,fused2,14,326369
sample,4096,512,fused2,15,321842
sample,4096,512,fused2,16,319360
sample,4096,512,fused2,17,391684
sample,4096,512,fused2,18,324128
sample,4096,512,fused2,19,423601
sample,4096,512,fused2,20,419971
sample,4096,512,fused2,21,418795
sample,4096,512,fused2,22,426657
sample,4096,512,fused2,23,421962
sample,4096,512,fused2,24,413036
sample,4096,512,fused2,25,415814
sample,4096,512,fused2,26,408683
sample,4096,512,fused2,27,412590
sample,4096,512,fused2,28,421665
sample,4096,512,fused2,29,423258
measured,4096,512,tile8,262144,1048576,5,30,10,354832,439887,07e875993970433c,207dceeda1be3f5b,none,none
sample,4096,512,tile8,0,565313
sample,4096,512,tile8,1,382563
sample,4096,512,tile8,2,347129
sample,4096,512,tile8,3,340517
sample,4096,512,tile8,4,343489
sample,4096,512,tile8,5,354832
sample,4096,512,tile8,6,327083
sample,4096,512,tile8,7,323925
sample,4096,512,tile8,8,330434
sample,4096,512,tile8,9,328360
sample,4096,512,tile8,10,320638
sample,4096,512,tile8,11,359480
sample,4096,512,tile8,12,332259
sample,4096,512,tile8,13,315036
sample,4096,512,tile8,14,322574
sample,4096,512,tile8,15,349953
sample,4096,512,tile8,16,359795
sample,4096,512,tile8,17,313573
sample,4096,512,tile8,18,315184
sample,4096,512,tile8,19,406137
sample,4096,512,tile8,20,400129
sample,4096,512,tile8,21,396499
sample,4096,512,tile8,22,398498
sample,4096,512,tile8,23,410990
sample,4096,512,tile8,24,401332
sample,4096,512,tile8,25,399525
sample,4096,512,tile8,26,439887
sample,4096,512,tile8,27,399175
sample,4096,512,tile8,28,410507
sample,4096,512,tile8,29,406110
measured,4096,2048,vec4,1048576,4194304,5,30,12,544480,564544,4143a88e49ed614b,e0842ad8f72c0c9f,none,none
sample,4096,2048,vec4,0,521100
sample,4096,2048,vec4,1,534887
sample,4096,2048,vec4,2,527377
sample,4096,2048,vec4,3,564544
sample,4096,2048,vec4,4,539914
sample,4096,2048,vec4,5,536859
sample,4096,2048,vec4,6,542711
sample,4096,2048,vec4,7,542155
sample,4096,2048,vec4,8,542952
sample,4096,2048,vec4,9,545248
sample,4096,2048,vec4,10,546341
sample,4096,2048,vec4,11,555933
sample,4096,2048,vec4,12,552164
sample,4096,2048,vec4,13,551146
sample,4096,2048,vec4,14,544480
sample,4096,2048,vec4,15,543693
sample,4096,2048,vec4,16,547766
sample,4096,2048,vec4,17,548933
sample,4096,2048,vec4,18,553646
sample,4096,2048,vec4,19,563295
sample,4096,2048,vec4,20,547129
sample,4096,2048,vec4,21,558025
sample,4096,2048,vec4,22,542896
sample,4096,2048,vec4,23,542415
sample,4096,2048,vec4,24,539257
sample,4096,2048,vec4,25,552572
sample,4096,2048,vec4,26,540498
sample,4096,2048,vec4,27,546758
sample,4096,2048,vec4,28,604600
sample,4096,2048,vec4,29,541683
measured,4096,2048,fused2,1048576,4194304,5,30,11,505601,522980,4143a88e49ed614b,e0842ad8f72c0c9f,none,none
sample,4096,2048,fused2,0,477618
sample,4096,2048,fused2,1,487655
sample,4096,2048,fused2,2,490442
sample,4096,2048,fused2,3,489127
sample,4096,2048,fused2,4,503562
sample,4096,2048,fused2,5,500840
sample,4096,2048,fused2,6,504673
sample,4096,2048,fused2,7,507545
sample,4096,2048,fused2,8,504943
sample,4096,2048,fused2,9,522980
sample,4096,2048,fused2,10,510850
sample,4096,2048,fused2,11,578063
sample,4096,2048,fused2,12,506230
sample,4096,2048,fused2,13,502712
sample,4096,2048,fused2,14,508601
sample,4096,2048,fused2,15,504148
sample,4096,2048,fused2,16,507035
sample,4096,2048,fused2,17,506118
sample,4096,2048,fused2,18,507137
sample,4096,2048,fused2,19,509693
sample,4096,2048,fused2,20,505601
sample,4096,2048,fused2,21,506212
sample,4096,2048,fused2,22,507785
sample,4096,2048,fused2,23,506332
sample,4096,2048,fused2,24,503785
sample,4096,2048,fused2,25,509849
sample,4096,2048,fused2,26,500906
sample,4096,2048,fused2,27,504257
sample,4096,2048,fused2,28,518933
sample,4096,2048,fused2,29,502693
measured,4096,2048,tile8,1048576,4194304,5,30,10,535979,566646,4143a88e49ed614b,e0842ad8f72c0c9f,none,none
sample,4096,2048,tile8,0,516017
sample,4096,2048,tile8,1,521979
sample,4096,2048,tile8,2,534452
sample,4096,2048,tile8,3,566646
sample,4096,2048,tile8,4,517581
sample,4096,2048,tile8,5,529674
sample,4096,2048,tile8,6,536294
sample,4096,2048,tile8,7,544118
sample,4096,2048,tile8,8,529971
sample,4096,2048,tile8,9,532396
sample,4096,2048,tile8,10,536451
sample,4096,2048,tile8,11,535508
sample,4096,2048,tile8,12,539100
sample,4096,2048,tile8,13,537341
sample,4096,2048,tile8,14,530962
sample,4096,2048,tile8,15,548684
sample,4096,2048,tile8,16,538248
sample,4096,2048,tile8,17,531535
sample,4096,2048,tile8,18,560711
sample,4096,2048,tile8,19,535656
sample,4096,2048,tile8,20,533055
sample,4096,2048,tile8,21,531758
sample,4096,2048,tile8,22,532823
sample,4096,2048,tile8,23,536942
sample,4096,2048,tile8,24,541795
sample,4096,2048,tile8,25,537340
sample,4096,2048,tile8,26,535979
sample,4096,2048,tile8,27,536535
sample,4096,2048,tile8,28,599451
sample,4096,2048,tile8,29,538637
measured,16384,128,vec4,262144,1048576,5,30,14,554229,630794,318e48fc80dadb1f,a09bc0e13ecf9bf8,none,none
sample,16384,128,vec4,0,626322
sample,16384,128,vec4,1,558090
sample,16384,128,vec4,2,553470
sample,16384,128,vec4,3,554535
sample,16384,128,vec4,4,552470
sample,16384,128,vec4,5,576100
sample,16384,128,vec4,6,554229
sample,16384,128,vec4,7,549757
sample,16384,128,vec4,8,592914
sample,16384,128,vec4,9,555220
sample,16384,128,vec4,10,552962
sample,16384,128,vec4,11,552729
sample,16384,128,vec4,12,646794
sample,16384,128,vec4,13,556230
sample,16384,128,vec4,14,557185
sample,16384,128,vec4,15,549434
sample,16384,128,vec4,16,549498
sample,16384,128,vec4,17,550609
sample,16384,128,vec4,18,556526
sample,16384,128,vec4,19,573998
sample,16384,128,vec4,20,560517
sample,16384,128,vec4,21,579896
sample,16384,128,vec4,22,552211
sample,16384,128,vec4,23,551665
sample,16384,128,vec4,24,556859
sample,16384,128,vec4,25,553637
sample,16384,128,vec4,26,548785
sample,16384,128,vec4,27,550730
sample,16384,128,vec4,28,552332
sample,16384,128,vec4,29,630794
measured,16384,128,fused2,262144,1048576,5,30,13,524211,565887,318e48fc80dadb1f,a09bc0e13ecf9bf8,none,none
sample,16384,128,fused2,0,533035
sample,16384,128,fused2,1,526174
sample,16384,128,fused2,2,524211
sample,16384,128,fused2,3,521981
sample,16384,128,fused2,4,525507
sample,16384,128,fused2,5,520192
sample,16384,128,fused2,6,521897
sample,16384,128,fused2,7,523573
sample,16384,128,fused2,8,536027
sample,16384,128,fused2,9,524035
sample,16384,128,fused2,10,565887
sample,16384,128,fused2,11,524953
sample,16384,128,fused2,12,529025
sample,16384,128,fused2,13,523583
sample,16384,128,fused2,14,521323
sample,16384,128,fused2,15,521026
sample,16384,128,fused2,16,534933
sample,16384,128,fused2,17,520128
sample,16384,128,fused2,18,520609
sample,16384,128,fused2,19,630989
sample,16384,128,fused2,20,533229
sample,16384,128,fused2,21,532018
sample,16384,128,fused2,22,522276
sample,16384,128,fused2,23,519516
sample,16384,128,fused2,24,521165
sample,16384,128,fused2,25,529026
sample,16384,128,fused2,26,525128
sample,16384,128,fused2,27,522759
sample,16384,128,fused2,28,526795
sample,16384,128,fused2,29,537257
measured,16384,128,tile8,262144,1048576,5,30,12,502397,552739,318e48fc80dadb1f,a09bc0e13ecf9bf8,none,none
sample,16384,128,tile8,0,498461
sample,16384,128,tile8,1,504155
sample,16384,128,tile8,2,502360
sample,16384,128,tile8,3,498471
sample,16384,128,tile8,4,499813
sample,16384,128,tile8,5,502397
sample,16384,128,tile8,6,501618
sample,16384,128,tile8,7,503249
sample,16384,128,tile8,8,502637
sample,16384,128,tile8,9,501360
sample,16384,128,tile8,10,499008
sample,16384,128,tile8,11,555655
sample,16384,128,tile8,12,501230
sample,16384,128,tile8,13,503258
sample,16384,128,tile8,14,505934
sample,16384,128,tile8,15,503063
sample,16384,128,tile8,16,497081
sample,16384,128,tile8,17,500211
sample,16384,128,tile8,18,509971
sample,16384,128,tile8,19,552739
sample,16384,128,tile8,20,499628
sample,16384,128,tile8,21,516323
sample,16384,128,tile8,22,504063
sample,16384,128,tile8,23,501674
sample,16384,128,tile8,24,502276
sample,16384,128,tile8,25,509285
sample,16384,128,tile8,26,502935
sample,16384,128,tile8,27,502897
sample,16384,128,tile8,28,502267
sample,16384,128,tile8,29,505156
measured,16384,512,vec4,1048576,4194304,5,30,14,625294,686331,08b87a1ca99fa7b8,cc66b7b8fae87df4,none,none
sample,16384,512,vec4,0,621841
sample,16384,512,vec4,1,626155
sample,16384,512,vec4,2,637359
sample,16384,512,vec4,3,622331
sample,16384,512,vec4,4,623544
sample,16384,512,vec4,5,620433
sample,16384,512,vec4,6,665563
sample,16384,512,vec4,7,628183
sample,16384,512,vec4,8,656553
sample,16384,512,vec4,9,630035
sample,16384,512,vec4,10,622378
sample,16384,512,vec4,11,630924
sample,16384,512,vec4,12,624702
sample,16384,512,vec4,13,621656
sample,16384,512,vec4,14,623720
sample,16384,512,vec4,15,688720
sample,16384,512,vec4,16,625350
sample,16384,512,vec4,17,649442
sample,16384,512,vec4,18,626433
sample,16384,512,vec4,19,633229
sample,16384,512,vec4,20,618850
sample,16384,512,vec4,21,628591
sample,16384,512,vec4,22,625294
sample,16384,512,vec4,23,622378
sample,16384,512,vec4,24,618063
sample,16384,512,vec4,25,686331
sample,16384,512,vec4,26,630146
sample,16384,512,vec4,27,604498
sample,16384,512,vec4,28,577128
sample,16384,512,vec4,29,576499
measured,16384,512,fused2,1048576,4194304,5,30,13,585702,597703,08b87a1ca99fa7b8,cc66b7b8fae87df4,none,none
sample,16384,512,fused2,0,597703
sample,16384,512,fused2,1,590073
sample,16384,512,fused2,2,588295
sample,16384,512,fused2,3,585082
sample,16384,512,fused2,4,581082
sample,16384,512,fused2,5,586544
sample,16384,512,fused2,6,641943
sample,16384,512,fused2,7,589212
sample,16384,512,fused2,8,588081
sample,16384,512,fused2,9,593294
sample,16384,512,fused2,10,584933
sample,16384,512,fused2,11,588387
sample,16384,512,fused2,12,584618
sample,16384,512,fused2,13,585683
sample,16384,512,fused2,14,585166
sample,16384,512,fused2,15,589674
sample,16384,512,fused2,16,592137
sample,16384,512,fused2,17,587627
sample,16384,512,fused2,18,586896
sample,16384,512,fused2,19,585379
sample,16384,512,fused2,20,586655
sample,16384,512,fused2,21,583008
sample,16384,512,fused2,22,593109
sample,16384,512,fused2,23,584545
sample,16384,512,fused2,24,584795
sample,16384,512,fused2,25,585702
sample,16384,512,fused2,26,584192
sample,16384,512,fused2,27,578405
sample,16384,512,fused2,28,544711
sample,16384,512,fused2,29,543231
measured,16384,512,tile8,1048576,4194304,5,30,12,610979,653173,08b87a1ca99fa7b8,cc66b7b8fae87df4,none,none
sample,16384,512,tile8,0,611304
sample,16384,512,tile8,1,612489
sample,16384,512,tile8,2,617313
sample,16384,512,tile8,3,606998
sample,16384,512,tile8,4,614063
sample,16384,512,tile8,5,611590
sample,16384,512,tile8,6,609647
sample,16384,512,tile8,7,614701
sample,16384,512,tile8,8,612970
sample,16384,512,tile8,9,603359
sample,16384,512,tile8,10,609350
sample,16384,512,tile8,11,612285
sample,16384,512,tile8,12,611766
sample,16384,512,tile8,13,611738
sample,16384,512,tile8,14,609341
sample,16384,512,tile8,15,662831
sample,16384,512,tile8,16,610933
sample,16384,512,tile8,17,607850
sample,16384,512,tile8,18,607378
sample,16384,512,tile8,19,614942
sample,16384,512,tile8,20,610979
sample,16384,512,tile8,21,607322
sample,16384,512,tile8,22,608554
sample,16384,512,tile8,23,609850
sample,16384,512,tile8,24,653173
sample,16384,512,tile8,25,615322
sample,16384,512,tile8,26,618627
sample,16384,512,tile8,27,589554
sample,16384,512,tile8,28,560498
sample,16384,512,tile8,29,556665
measured,16384,2048,vec4,4194304,16777216,5,30,14,742904,788544,6be3b72c15a212b9,3199380bd5011e6c,none,none
sample,16384,2048,vec4,0,753665
sample,16384,2048,vec4,1,740016
sample,16384,2048,vec4,2,744608
sample,16384,2048,vec4,3,740683
sample,16384,2048,vec4,4,737887
sample,16384,2048,vec4,5,742904
sample,16384,2048,vec4,6,753386
sample,16384,2048,vec4,7,737266
sample,16384,2048,vec4,8,753673
sample,16384,2048,vec4,9,744831
sample,16384,2048,vec4,10,743544
sample,16384,2048,vec4,11,760655
sample,16384,2048,vec4,12,794663
sample,16384,2048,vec4,13,758934
sample,16384,2048,vec4,14,743221
sample,16384,2048,vec4,15,745859
sample,16384,2048,vec4,16,740895
sample,16384,2048,vec4,17,743747
sample,16384,2048,vec4,18,740220
sample,16384,2048,vec4,19,757525
sample,16384,2048,vec4,20,746896
sample,16384,2048,vec4,21,788544
sample,16384,2048,vec4,22,704276
sample,16384,2048,vec4,23,683933
sample,16384,2048,vec4,24,683340
sample,16384,2048,vec4,25,682970
sample,16384,2048,vec4,26,725007
sample,16384,2048,vec4,27,684396
sample,16384,2048,vec4,28,701609
sample,16384,2048,vec4,29,692674
measured,16384,2048,fused2,4194304,16777216,5,30,13,703932,764645,6be3b72c15a212b9,3199380bd5011e6c,none,none
sample,16384,2048,fused2,0,714377
sample,16384,2048,fused2,1,704923
sample,16384,2048,fused2,2,712015
sample,16384,2048,fused2,3,700202
sample,16384,2048,fused2,4,704369
sample,16384,2048,fused2,5,764645
sample,16384,2048,fused2,6,702506
sample,16384,2048,fused2,7,732313
sample,16384,2048,fused2,8,726932
sample,16384,2048,fused2,9,700414
sample,16384,2048,fused2,10,706220
sample,16384,2048,fused2,11,706887
sample,16384,2048,fused2,12,731821
sample,16384,2048,fused2,13,701285
sample,16384,2048,fused2,14,719720
sample,16384,2048,fused2,15,697100
sample,16384,2048,fused2,16,703674
sample,16384,2048,fused2,17,703932
sample,16384,2048,fused2,18,700609
sample,16384,2048,fused2,19,709451
sample,16384,2048,fused2,20,717831
sample,16384,2048,fused2,21,705534
sample,16384,2048,fused2,22,646655
sample,16384,2048,fused2,23,643841
sample,16384,2048,fused2,24,644637
sample,16384,2048,fused2,25,646423
sample,16384,2048,fused2,26,697127
sample,16384,2048,fused2,27,646146
sample,16384,2048,fused2,28,659071
sample,16384,2048,fused2,29,903423
measured,16384,2048,tile8,4194304,16777216,5,30,12,855943,891487,6be3b72c15a212b9,3199380bd5011e6c,none,none
sample,16384,2048,tile8,0,862804
sample,16384,2048,tile8,1,852719
sample,16384,2048,tile8,2,863488
sample,16384,2048,tile8,3,870303
sample,16384,2048,tile8,4,853710
sample,16384,2048,tile8,5,874071
sample,16384,2048,tile8,6,855478
sample,16384,2048,tile8,7,855507
sample,16384,2048,tile8,8,857738
sample,16384,2048,tile8,9,860580
sample,16384,2048,tile8,10,854692
sample,16384,2048,tile8,11,863424
sample,16384,2048,tile8,12,853043
sample,16384,2048,tile8,13,860072
sample,16384,2048,tile8,14,858081
sample,16384,2048,tile8,15,855943
sample,16384,2048,tile8,16,861673
sample,16384,2048,tile8,17,870636
sample,16384,2048,tile8,18,908043
sample,16384,2048,tile8,19,868118
sample,16384,2048,tile8,20,862793
sample,16384,2048,tile8,21,891487
sample,16384,2048,tile8,22,827137
sample,16384,2048,tile8,23,767071
sample,16384,2048,tile8,24,764581
sample,16384,2048,tile8,25,767571
sample,16384,2048,tile8,26,767628
sample,16384,2048,tile8,27,761118
sample,16384,2048,tile8,28,761553
sample,16384,2048,tile8,29,798210
measured,65536,128,vec4,1048576,4194304,5,30,16,458879,648859,9ec0db29a14c575b,4098921c6b362ecd,none,none
sample,65536,128,vec4,0,413276
sample,65536,128,vec4,1,411518
sample,65536,128,vec4,2,411564
sample,65536,128,vec4,3,435720
sample,65536,128,vec4,4,470925
sample,65536,128,vec4,5,416110
sample,65536,128,vec4,6,409082
sample,65536,128,vec4,7,411230
sample,65536,128,vec4,8,413647
sample,65536,128,vec4,9,413221
sample,65536,128,vec4,10,1427505
sample,65536,128,vec4,11,482489
sample,65536,128,vec4,12,493211
sample,65536,128,vec4,13,413155
sample,65536,128,vec4,14,449536
sample,65536,128,vec4,15,413314
sample,65536,128,vec4,16,502712
sample,65536,128,vec4,17,600007
sample,65536,128,vec4,18,554934
sample,65536,128,vec4,19,586072
sample,65536,128,vec4,20,465573
sample,65536,128,vec4,21,461831
sample,65536,128,vec4,22,458879
sample,65536,128,vec4,23,458120
sample,65536,128,vec4,24,459544
sample,65536,128,vec4,25,458461
sample,65536,128,vec4,26,578090
sample,65536,128,vec4,27,599266
sample,65536,128,vec4,28,648859
sample,65536,128,vec4,29,568027
measured,65536,128,fused2,1048576,4194304,5,30,15,440424,554711,9ec0db29a14c575b,4098921c6b362ecd,none,none
sample,65536,128,fused2,0,398331
sample,65536,128,fused2,1,396452
sample,65536,128,fused2,2,407341
sample,65536,128,fused2,3,437174
sample,65536,128,fused2,4,468314
sample,65536,128,fused2,5,404471
sample,65536,128,fused2,6,397693
sample,65536,128,fused2,7,401582
sample,65536,128,fused2,8,399017
sample,65536,128,fused2,9,397398
sample,65536,128,fused2,10,475174
sample,65536,128,fused2,11,402786
sample,65536,128,fused2,12,431313
sample,65536,128,fused2,13,396877
sample,65536,128,fused2,14,397018
sample,65536,128,fused2,15,406526
sample,65536,128,fused2,16,480397
sample,65536,128,fused2,17,554711
sample,65536,128,fused2,18,534267
sample,65536,128,fused2,19,454304
sample,65536,128,fused2,20,455266
sample,65536,128,fused2,21,454619
sample,65536,128,fused2,22,440424
sample,65536,128,fused2,23,441110
sample,65536,128,fused2,24,444397
sample,65536,128,fused2,25,442203
sample,65536,128,fused2,26,479684
sample,65536,128,fused2,27,543202
sample,65536,128,fused2,28,629517
sample,65536,128,fused2,29,546026
measured,65536,128,tile8,1048576,4194304,5,30,14,450396,570869,9ec0db29a14c575b,4098921c6b362ecd,none,none
sample,65536,128,tile8,0,408499
sample,65536,128,tile8,1,407785
sample,65536,128,tile8,2,407675
sample,65536,128,tile8,3,424193
sample,65536,128,tile8,4,480794
sample,65536,128,tile8,5,408201
sample,65536,128,tile8,6,411360
sample,65536,128,tile8,7,416202
sample,65536,128,tile8,8,411128
sample,65536,128,tile8,9,405693
sample,65536,128,tile8,10,728239
sample,65536,128,tile8,11,424702
sample,65536,128,tile8,12,406740
sample,65536,128,tile8,13,403740
sample,65536,128,tile8,14,450396
sample,65536,128,tile8,15,412156
sample,65536,128,tile8,16,503527
sample,65536,128,tile8,17,482452
sample,65536,128,tile8,18,553249
sample,65536,128,tile8,19,541083
sample,65536,128,tile8,20,460147
sample,65536,128,tile8,21,454628
sample,65536,128,tile8,22,452416
sample,65536,128,tile8,23,451646
sample,65536,128,tile8,24,448175
sample,65536,128,tile8,25,452729
sample,65536,128,tile8,26,554582
sample,65536,128,tile8,27,540544
sample,65536,128,tile8,28,570869
sample,65536,128,tile8,29,547609
measured,65536,512,vec4,4194304,16777216,5,30,16,741878,777395,84d06402da633040,29115d73667dee45,none,none
sample,65536,512,vec4,0,724915
sample,65536,512,vec4,1,725405
sample,65536,512,vec4,2,767923
sample,65536,512,vec4,3,746600
sample,65536,512,vec4,4,747600
sample,65536,512,vec4,5,755424
sample,65536,512,vec4,6,741719
sample,65536,512,vec4,7,742711
sample,65536,512,vec4,8,751646
sample,65536,512,vec4,9,769858
sample,65536,512,vec4,10,745553
sample,65536,512,vec4,11,743258
sample,65536,512,vec4,12,739609
sample,65536,512,vec4,13,802867
sample,65536,512,vec4,14,741878
sample,65536,512,vec4,15,738766
sample,65536,512,vec4,16,738721
sample,65536,512,vec4,17,749627
sample,65536,512,vec4,18,739830
sample,65536,512,vec4,19,740396
sample,65536,512,vec4,20,741830
sample,65536,512,vec4,21,777395
sample,65536,512,vec4,22,738163
sample,65536,512,vec4,23,742072
sample,65536,512,vec4,24,739545
sample,65536,512,vec4,25,746618
sample,65536,512,vec4,26,740664
sample,65536,512,vec4,27,753174
sample,65536,512,vec4,28,740368
sample,65536,512,vec4,29,739135
measured,65536,512,fused2,4194304,16777216,5,30,15,708599,767442,84d06402da633040,29115d73667dee45,none,none
sample,65536,512,fused2,0,697229
sample,65536,512,fused2,1,699840
sample,65536,512,fused2,2,689367
sample,65536,512,fused2,3,705617
sample,65536,512,fused2,4,712267
sample,65536,512,fused2,5,781267
sample,65536,512,fused2,6,708803
sample,65536,512,fused2,7,710062
sample,65536,512,fused2,8,703127
sample,65536,512,fused2,9,709553
sample,65536,512,fused2,10,705451
sample,65536,512,fused2,11,704618
sample,65536,512,fused2,12,708906
sample,65536,512,fused2,13,717044
sample,65536,512,fused2,14,706997
sample,65536,512,fused2,15,708590
sample,65536,512,fused2,16,707813
sample,65536,512,fused2,17,737433
sample,65536,512,fused2,18,711239
sample,65536,512,fused2,19,704942
sample,65536,512,fused2,20,711942
sample,65536,512,fused2,21,708765
sample,65536,512,fused2,22,707285
sample,65536,512,fused2,23,714646
sample,65536,512,fused2,24,710609
sample,65536,512,fused2,25,707257
sample,65536,512,fused2,26,708127
sample,65536,512,fused2,27,709461
sample,65536,512,fused2,28,708599
sample,65536,512,fused2,29,767442
measured,65536,512,tile8,4194304,16777216,5,30,14,799285,860599,84d06402da633040,29115d73667dee45,none,none
sample,65536,512,tile8,0,789155
sample,65536,512,tile8,1,800598
sample,65536,512,tile8,2,842868
sample,65536,512,tile8,3,797423
sample,65536,512,tile8,4,795155
sample,65536,512,tile8,5,814775
sample,65536,512,tile8,6,799654
sample,65536,512,tile8,7,797673
sample,65536,512,tile8,8,796155
sample,65536,512,tile8,9,793126
sample,65536,512,tile8,10,869396
sample,65536,512,tile8,11,799774
sample,65536,512,tile8,12,849210
sample,65536,512,tile8,13,793350
sample,65536,512,tile8,14,800950
sample,65536,512,tile8,15,796682
sample,65536,512,tile8,16,803137
sample,65536,512,tile8,17,812154
sample,65536,512,tile8,18,803591
sample,65536,512,tile8,19,815813
sample,65536,512,tile8,20,794682
sample,65536,512,tile8,21,794053
sample,65536,512,tile8,22,811145
sample,65536,512,tile8,23,797544
sample,65536,512,tile8,24,860599
sample,65536,512,tile8,25,797988
sample,65536,512,tile8,26,791711
sample,65536,512,tile8,27,799285
sample,65536,512,tile8,28,796007
sample,65536,512,tile8,29,830950
skipped_limit,65536,2048,vec4,16777216,67108864,NA,NA,NA,NA,NA,NA,NA,cohort_dispatch_limit,none
skipped_limit,65536,2048,fused2,16777216,67108864,NA,NA,NA,NA,NA,NA,NA,cohort_dispatch_limit,none
skipped_limit,65536,2048,tile8,16777216,67108864,NA,NA,NA,NA,NA,NA,NA,cohort_dispatch_limit,none
measured,262144,128,vec4,4194304,16777216,5,30,18,698202,1102829,603e59446e81431f,99960c282a7f4ca5,none,none
sample,262144,128,vec4,0,670785
sample,262144,128,vec4,1,674229
sample,262144,128,vec4,2,677563
sample,262144,128,vec4,3,673997
sample,262144,128,vec4,4,690748
sample,262144,128,vec4,5,619730
sample,262144,128,vec4,6,605562
sample,262144,128,vec4,7,604442
sample,262144,128,vec4,8,700211
sample,262144,128,vec4,9,685470
sample,262144,128,vec4,10,685025
sample,262144,128,vec4,11,1689272
sample,262144,128,vec4,12,762451
sample,262144,128,vec4,13,698202
sample,262144,128,vec4,14,682878
sample,262144,128,vec4,15,683358
sample,262144,128,vec4,16,698795
sample,262144,128,vec4,17,1102829
sample,262144,128,vec4,18,905423
sample,262144,128,vec4,19,797691
sample,262144,128,vec4,20,773478
sample,262144,128,vec4,21,743238
sample,262144,128,vec4,22,768192
sample,262144,128,vec4,23,717080
sample,262144,128,vec4,24,712275
sample,262144,128,vec4,25,704674
sample,262144,128,vec4,26,704582
sample,262144,128,vec4,27,644118
sample,262144,128,vec4,28,631822
sample,262144,128,vec4,29,708350
measured,262144,128,fused2,4194304,16777216,5,30,17,695868,828766,603e59446e81431f,99960c282a7f4ca5,none,none
sample,262144,128,fused2,0,677701
sample,262144,128,fused2,1,702794
sample,262144,128,fused2,2,734682
sample,262144,128,fused2,3,677146
sample,262144,128,fused2,4,814312
sample,262144,128,fused2,5,634174
sample,262144,128,fused2,6,643183
sample,262144,128,fused2,7,691508
sample,262144,128,fused2,8,712543
sample,262144,128,fused2,9,616276
sample,262144,128,fused2,10,687747
sample,262144,128,fused2,11,692340
sample,262144,128,fused2,12,973080
sample,262144,128,fused2,13,742841
sample,262144,128,fused2,14,681210
sample,262144,128,fused2,15,683016
sample,262144,128,fused2,16,814841
sample,262144,128,fused2,17,806886
sample,262144,128,fused2,18,828766
sample,262144,128,fused2,19,772219
sample,262144,128,fused2,20,759118
sample,262144,128,fused2,21,729220
sample,262144,128,fused2,22,740822
sample,262144,128,fused2,23,719785
sample,262144,128,fused2,24,706850
sample,262144,128,fused2,25,694507
sample,262144,128,fused2,26,695868
sample,262144,128,fused2,27,693395
sample,262144,128,fused2,28,642914
sample,262144,128,fused2,29,669646
measured,262144,128,tile8,4194304,16777216,5,30,16,774915,894904,603e59446e81431f,99960c282a7f4ca5,none,none
sample,262144,128,tile8,0,765803
sample,262144,128,tile8,1,755979
sample,262144,128,tile8,2,754359
sample,262144,128,tile8,3,768340
sample,262144,128,tile8,4,757942
sample,262144,128,tile8,5,878072
sample,262144,128,tile8,6,760692
sample,262144,128,tile8,7,719017
sample,262144,128,tile8,8,725544
sample,262144,128,tile8,9,731711
sample,262144,128,tile8,10,762859
sample,262144,128,tile8,11,772941
sample,262144,128,tile8,12,836628
sample,262144,128,tile8,13,802173
sample,262144,128,tile8,14,774915
sample,262144,128,tile8,15,779089
sample,262144,128,tile8,16,758942
sample,262144,128,tile8,17,894904
sample,262144,128,tile8,18,866247
sample,262144,128,tile8,19,875544
sample,262144,128,tile8,20,903516
sample,262144,128,tile8,21,819775
sample,262144,128,tile8,22,840451
sample,262144,128,tile8,23,820822
sample,262144,128,tile8,24,786091
sample,262144,128,tile8,25,783182
sample,262144,128,tile8,26,870469
sample,262144,128,tile8,27,776053
sample,262144,128,tile8,28,717961
sample,262144,128,tile8,29,710451
skipped_limit,262144,512,vec4,16777216,67108864,NA,NA,NA,NA,NA,NA,NA,cohort_dispatch_limit,none
skipped_limit,262144,512,fused2,16777216,67108864,NA,NA,NA,NA,NA,NA,NA,cohort_dispatch_limit,none
skipped_limit,262144,512,tile8,16777216,67108864,NA,NA,NA,NA,NA,NA,NA,cohort_dispatch_limit,none
skipped_limit,262144,2048,vec4,67108864,268435456,NA,NA,NA,NA,NA,NA,NA,cohort_dispatch_limit,none
skipped_limit,262144,2048,fused2,67108864,268435456,NA,NA,NA,NA,NA,NA,NA,cohort_dispatch_limit,none
skipped_limit,262144,2048,tile8,67108864,268435456,NA,NA,NA,NA,NA,NA,NA,cohort_dispatch_limit,none
skipped_limit,1048576,128,vec4,16777216,67108864,NA,NA,NA,NA,NA,NA,NA,cohort_dispatch_limit,none
skipped_limit,1048576,128,fused2,16777216,67108864,NA,NA,NA,NA,NA,NA,NA,cohort_dispatch_limit,none
skipped_limit,1048576,128,tile8,16777216,67108864,NA,NA,NA,NA,NA,NA,NA,cohort_dispatch_limit,none
skipped_limit,1048576,512,vec4,67108864,268435456,NA,NA,NA,NA,NA,NA,NA,cohort_dispatch_limit,none
skipped_limit,1048576,512,fused2,67108864,268435456,NA,NA,NA,NA,NA,NA,NA,cohort_dispatch_limit,none
skipped_limit,1048576,512,tile8,67108864,268435456,NA,NA,NA,NA,NA,NA,NA,cohort_dispatch_limit,none
skipped_limit,1048576,2048,vec4,268435456,1073741824,NA,NA,NA,NA,NA,NA,NA,cohort_dispatch_limit,none
skipped_limit,1048576,2048,fused2,268435456,1073741824,NA,NA,NA,NA,NA,NA,NA,cohort_dispatch_limit,none
skipped_limit,1048576,2048,tile8,268435456,1073741824,NA,NA,NA,NA,NA,NA,NA,cohort_dispatch_limit,none
qualification_status=complete
