benchmark=pvp3d_three_candidate_same_device
source_revision=ddb6f0144821dfa29d268601e7087e5001278e52
adapter=NVIDIA Tegra NVIDIA Thor
backend=Vulkan
device_type=IntegratedGpu
vendor_id=4318
device_id=11008
driver=NVIDIA
driver_info=580.00
hardware_measurement_eligible=true
physical_admission=external_remoteops_evidence_required
performance_claim=none
primary_timing_scope=resident_encode_plus_queue_submit_plus_device_wait
state_reset_scope=completed_before_timer
correctness_readback_scope=before_and_after_timing
candidate_order=ABC_ACB_BAC_BCA_CAB_CBA
resident_payload_scope=source_plus_three_states_excludes_driver_uniforms_and_readback
status,k,g,candidate,state_bytes,resident_payload_bytes,warmups,repeats,logical_dispatches,p50_ns,p95_ns,input_checksum,output_checksum,skip_reason,performance_claim
measured,256,128,vec4,4096,16384,5,30,8,255341,271665,4c67926a9205d7b4,956299587c8af4b4,none,none
sample,256,128,vec4,0,256481
sample,256,128,vec4,1,257175
sample,256,128,vec4,2,255980
sample,256,128,vec4,3,267509
sample,256,128,vec4,4,256194
sample,256,128,vec4,5,249008
sample,256,128,vec4,6,247981
sample,256,128,vec4,7,251378
sample,256,128,vec4,8,249684
sample,256,128,vec4,9,254128
sample,256,128,vec4,10,252221
sample,256,128,vec4,11,253703
sample,256,128,vec4,12,253306
sample,256,128,vec4,13,271665
sample,256,128,vec4,14,259443
sample,256,128,vec4,15,248980
sample,256,128,vec4,16,252962
sample,256,128,vec4,17,251610
sample,256,128,vec4,18,254008
sample,256,128,vec4,19,256480
sample,256,128,vec4,20,255341
sample,256,128,vec4,21,256389
sample,256,128,vec4,22,257722
sample,256,128,vec4,23,259545
sample,256,128,vec4,24,254712
sample,256,128,vec4,25,258232
sample,256,128,vec4,26,367119
sample,256,128,vec4,27,260480
sample,256,128,vec4,28,252332
sample,256,128,vec4,29,261491
measured,256,128,fused2,4096,16384,5,30,7,233685,276860,4c67926a9205d7b4,956299587c8af4b4,none,none
sample,256,128,fused2,0,234054
sample,256,128,fused2,1,233805
sample,256,128,fused2,2,234758
sample,256,128,fused2,3,233462
sample,256,128,fused2,4,276860
sample,256,128,fused2,5,236472
sample,256,128,fused2,6,225008
sample,256,128,fused2,7,227415
sample,256,128,fused2,8,234898
sample,256,128,fused2,9,231333
sample,256,128,fused2,10,234879
sample,256,128,fused2,11,230593
sample,256,128,fused2,12,233685
sample,256,128,fused2,13,261841
sample,256,128,fused2,14,235730
sample,256,128,fused2,15,226333
sample,256,128,fused2,16,228175
sample,256,128,fused2,17,231250
sample,256,128,fused2,18,232545
sample,256,128,fused2,19,230880
sample,256,128,fused2,20,233082
sample,256,128,fused2,21,231305
sample,256,128,fused2,22,235573
sample,256,128,fused2,23,233184
sample,256,128,fused2,24,233870
sample,256,128,fused2,25,233583
sample,256,128,fused2,26,1363347
sample,256,128,fused2,27,239055
sample,256,128,fused2,28,235221
sample,256,128,fused2,29,234509
measured,256,128,tile8,4096,16384,5,30,6,208694,230333,4c67926a9205d7b4,956299587c8af4b4,none,none
sample,256,128,tile8,0,209832
sample,256,128,tile8,1,208694
sample,256,128,tile8,2,209657
sample,256,128,tile8,3,208074
sample,256,128,tile8,4,216361
sample,256,128,tile8,5,207277
sample,256,128,tile8,6,206324
sample,256,128,tile8,7,201601
sample,256,128,tile8,8,205305
sample,256,128,tile8,9,208629
sample,256,128,tile8,10,208027
sample,256,128,tile8,11,204777
sample,256,128,tile8,12,253323
sample,256,128,tile8,13,230333
sample,256,128,tile8,14,205916
sample,256,128,tile8,15,209842
sample,256,128,tile8,16,208989
sample,256,128,tile8,17,204843
sample,256,128,tile8,18,208592
sample,256,128,tile8,19,207713
sample,256,128,tile8,20,209184
sample,256,128,tile8,21,208713
sample,256,128,tile8,22,209704
sample,256,128,tile8,23,206999
sample,256,128,tile8,24,205630
sample,256,128,tile8,25,209611
sample,256,128,tile8,26,223999
sample,256,128,tile8,27,212093
sample,256,128,tile8,28,209110
sample,256,128,tile8,29,213415
measured,256,512,vec4,16384,65536,5,30,8,257823,264119,38bbe1f688e24d78,1c8bb372f8f1302e,none,none
sample,256,512,vec4,0,259952
sample,256,512,vec4,1,369638
sample,256,512,vec4,2,246767
sample,256,512,vec4,3,248166
sample,256,512,vec4,4,246259
sample,256,512,vec4,5,255434
sample,256,512,vec4,6,249916
sample,256,512,vec4,7,248499
sample,256,512,vec4,8,254573
sample,256,512,vec4,9,257823
sample,256,512,vec4,10,260028
sample,256,512,vec4,11,254452
sample,256,512,vec4,12,251166
sample,256,512,vec4,13,249897
sample,256,512,vec4,14,254241
sample,256,512,vec4,15,254518
sample,256,512,vec4,16,257314
sample,256,512,vec4,17,262908
sample,256,512,vec4,18,260963
sample,256,512,vec4,19,263684
sample,256,512,vec4,20,263239
sample,256,512,vec4,21,257832
sample,256,512,vec4,22,259702
sample,256,512,vec4,23,259203
sample,256,512,vec4,24,257462
sample,256,512,vec4,25,263203
sample,256,512,vec4,26,264119
sample,256,512,vec4,27,263972
sample,256,512,vec4,28,259602
sample,256,512,vec4,29,263981
measured,256,512,fused2,16384,65536,5,30,7,233360,268971,38bbe1f688e24d78,1c8bb372f8f1302e,none,none
sample,256,512,fused2,0,234546
sample,256,512,fused2,1,237315
sample,256,512,fused2,2,223713
sample,256,512,fused2,3,218954
sample,256,512,fused2,4,225388
sample,256,512,fused2,5,226657
sample,256,512,fused2,6,224999
sample,256,512,fused2,7,225545
sample,256,512,fused2,8,226211
sample,256,512,fused2,9,227897
sample,256,512,fused2,10,268898
sample,256,512,fused2,11,227796
sample,256,512,fused2,12,224732
sample,256,512,fused2,13,230342
sample,256,512,fused2,14,227417
sample,256,512,fused2,15,227971
sample,256,512,fused2,16,530118
sample,256,512,fused2,17,243065
sample,256,512,fused2,18,234296
sample,256,512,fused2,19,268971
sample,256,512,fused2,20,233360
sample,256,512,fused2,21,232869
sample,256,512,fused2,22,235666
sample,256,512,fused2,23,244749
sample,256,512,fused2,24,236545
sample,256,512,fused2,25,235128
sample,256,512,fused2,26,236027
sample,256,512,fused2,27,236657
sample,256,512,fused2,28,240037
sample,256,512,fused2,29,239481
measured,256,512,tile8,16384,65536,5,30,6,206888,265805,38bbe1f688e24d78,1c8bb372f8f1302e,none,none
sample,256,512,tile8,0,561083
sample,256,512,tile8,1,232758
sample,256,512,tile8,2,198110
sample,256,512,tile8,3,193759
sample,256,512,tile8,4,194952
sample,256,512,tile8,5,211101
sample,256,512,tile8,6,201195
sample,256,512,tile8,7,205573
sample,256,512,tile8,8,206203
sample,256,512,tile8,9,203129
sample,256,512,tile8,10,210101
sample,256,512,tile8,11,204343
sample,256,512,tile8,12,202834
sample,256,512,tile8,13,203425
sample,256,512,tile8,14,206888
sample,256,512,tile8,15,203240
sample,256,512,tile8,16,205814
sample,256,512,tile8,17,251045
sample,256,512,tile8,18,265805
sample,256,512,tile8,19,222444
sample,256,512,tile8,20,207583
sample,256,512,tile8,21,206046
sample,256,512,tile8,22,206860
sample,256,512,tile8,23,207667
sample,256,512,tile8,24,213565
sample,256,512,tile8,25,210147
sample,256,512,tile8,26,212991
sample,256,512,tile8,27,211536
sample,256,512,tile8,28,214897
sample,256,512,tile8,29,208480
measured,256,2048,vec4,65536,262144,5,30,8,282712,317953,c9e538e9f9dccedd,259153fc2c7bc4e7,none,none
sample,256,2048,vec4,0,270045
sample,256,2048,vec4,1,276351
sample,256,2048,vec4,2,275694
sample,256,2048,vec4,3,275619
sample,256,2048,vec4,4,291897
sample,256,2048,vec4,5,278295
sample,256,2048,vec4,6,276869
sample,256,2048,vec4,7,275462
sample,256,2048,vec4,8,278667
sample,256,2048,vec4,9,287823
sample,256,2048,vec4,10,281758
sample,256,2048,vec4,11,282203
sample,256,2048,vec4,12,276119
sample,256,2048,vec4,13,286786
sample,256,2048,vec4,14,279564
sample,256,2048,vec4,15,280369
sample,256,2048,vec4,16,283045
sample,256,2048,vec4,17,349934
sample,256,2048,vec4,18,282425
sample,256,2048,vec4,19,282712
sample,256,2048,vec4,20,285675
sample,256,2048,vec4,21,292157
sample,256,2048,vec4,22,287425
sample,256,2048,vec4,23,295704
sample,256,2048,vec4,24,290556
sample,256,2048,vec4,25,317953
sample,256,2048,vec4,26,290739
sample,256,2048,vec4,27,286897
sample,256,2048,vec4,28,293249
sample,256,2048,vec4,29,291287
measured,256,2048,fused2,65536,262144,5,30,7,254406,279258,c9e538e9f9dccedd,259153fc2c7bc4e7,none,none
sample,256,2048,fused2,0,243389
sample,256,2048,fused2,1,250712
sample,256,2048,fused2,2,245564
sample,256,2048,fused2,3,246870
sample,256,2048,fused2,4,263702
sample,256,2048,fused2,5,246472
sample,256,2048,fused2,6,245147
sample,256,2048,fused2,7,248639
sample,256,2048,fused2,8,244038
sample,256,2048,fused2,9,252647
sample,256,2048,fused2,10,253037
sample,256,2048,fused2,11,249203
sample,256,2048,fused2,12,255526
sample,256,2048,fused2,13,254406
sample,256,2048,fused2,14,252111
sample,256,2048,fused2,15,256101
sample,256,2048,fused2,16,266295
sample,256,2048,fused2,17,253509
sample,256,2048,fused2,18,257137
sample,256,2048,fused2,19,254260
sample,256,2048,fused2,20,259481
sample,256,2048,fused2,21,256295
sample,256,2048,fused2,22,262175
sample,256,2048,fused2,23,259704
sample,256,2048,fused2,24,263407
sample,256,2048,fused2,25,279258
sample,256,2048,fused2,26,289387
sample,256,2048,fused2,27,260490
sample,256,2048,fused2,28,263629
sample,256,2048,fused2,29,263093
measured,256,2048,tile8,65536,262144,5,30,6,233601,254989,c9e538e9f9dccedd,259153fc2c7bc4e7,none,none
sample,256,2048,tile8,0,224732
sample,256,2048,tile8,1,225656
sample,256,2048,tile8,2,225174
sample,256,2048,tile8,3,223630
sample,256,2048,tile8,4,254989
sample,256,2048,tile8,5,256971
sample,256,2048,tile8,6,225054
sample,256,2048,tile8,7,228452
sample,256,2048,tile8,8,228314
sample,256,2048,tile8,9,228499
sample,256,2048,tile8,10,229888
sample,256,2048,tile8,11,227018
sample,256,2048,tile8,12,235943
sample,256,2048,tile8,13,233934
sample,256,2048,tile8,14,232195
sample,256,2048,tile8,15,231796
sample,256,2048,tile8,16,233601
sample,256,2048,tile8,17,235898
sample,256,2048,tile8,18,230481
sample,256,2048,tile8,19,235120
sample,256,2048,tile8,20,235971
sample,256,2048,tile8,21,234823
sample,256,2048,tile8,22,234934
sample,256,2048,tile8,23,237842
sample,256,2048,tile8,24,238453
sample,256,2048,tile8,25,245194
sample,256,2048,tile8,26,233110
sample,256,2048,tile8,27,235342
sample,256,2048,tile8,28,241249
sample,256,2048,tile8,29,240731
measured,1024,128,vec4,16384,65536,5,30,10,374888,447414,26abf5bddd03bbc5,79acd556594188cd,none,none
sample,1024,128,vec4,0,360350
sample,1024,128,vec4,1,356499
sample,1024,128,vec4,2,364897
sample,1024,128,vec4,3,366147
sample,1024,128,vec4,4,366452
sample,1024,128,vec4,5,371758
sample,1024,128,vec4,6,371388
sample,1024,128,vec4,7,374888
sample,1024,128,vec4,8,370971
sample,1024,128,vec4,9,423712
sample,1024,128,vec4,10,369527
sample,1024,128,vec4,11,368619
sample,1024,128,vec4,12,374277
sample,1024,128,vec4,13,373759
sample,1024,128,vec4,14,373869
sample,1024,128,vec4,15,447414
sample,1024,128,vec4,16,417749
sample,1024,128,vec4,17,372444
sample,1024,128,vec4,18,387073
sample,1024,128,vec4,19,381674
sample,1024,128,vec4,20,381841
sample,1024,128,vec4,21,384370
sample,1024,128,vec4,22,386962
sample,1024,128,vec4,23,386684
sample,1024,128,vec4,24,387267
sample,1024,128,vec4,25,386277
sample,1024,128,vec4,26,395870
sample,1024,128,vec4,27,395628
sample,1024,128,vec4,28,500165
sample,1024,128,vec4,29,403564
measured,1024,128,fused2,16384,65536,5,30,9,349554,390657,26abf5bddd03bbc5,79acd556594188cd,none,none
sample,1024,128,fused2,0,337517
sample,1024,128,fused2,1,337592
sample,1024,128,fused2,2,337804
sample,1024,128,fused2,3,343305
sample,1024,128,fused2,4,344730
sample,1024,128,fused2,5,341351
sample,1024,128,fused2,6,344768
sample,1024,128,fused2,7,342897
sample,1024,128,fused2,8,339601
sample,1024,128,fused2,9,358240
sample,1024,128,fused2,10,347017
sample,1024,128,fused2,11,341675
sample,1024,128,fused2,12,357184
sample,1024,128,fused2,13,336684
sample,1024,128,fused2,14,339407
sample,1024,128,fused2,15,356379
sample,1024,128,fused2,16,349554
sample,1024,128,fused2,17,343898
sample,1024,128,fused2,18,351999
sample,1024,128,fused2,19,352915
sample,1024,128,fused2,20,349740
sample,1024,128,fused2,21,350230
sample,1024,128,fused2,22,357842
sample,1024,128,fused2,23,356665
sample,1024,128,fused2,24,357388
sample,1024,128,fused2,25,595388
sample,1024,128,fused2,26,371323
sample,1024,128,fused2,27,361916
sample,1024,128,fused2,28,390657
sample,1024,128,fused2,29,372943
measured,1024,128,tile8,16384,65536,5,30,8,313481,364138,26abf5bddd03bbc5,79acd556594188cd,none,none
sample,1024,128,tile8,0,299758
sample,1024,128,tile8,1,300490
sample,1024,128,tile8,2,304880
sample,1024,128,tile8,3,309554
sample,1024,128,tile8,4,311239
sample,1024,128,tile8,5,309869
sample,1024,128,tile8,6,310444
sample,1024,128,tile8,7,306398
sample,1024,128,tile8,8,313481
sample,1024,128,tile8,9,307564
sample,1024,128,tile8,10,306647
sample,1024,128,tile8,11,310138
sample,1024,128,tile8,12,304915
sample,1024,128,tile8,13,307100
sample,1024,128,tile8,14,317231
sample,1024,128,tile8,15,315545
sample,1024,128,tile8,16,315341
sample,1024,128,tile8,17,314138
sample,1024,128,tile8,18,325786
sample,1024,128,tile8,19,317054
sample,1024,128,tile8,20,314758
sample,1024,128,tile8,21,311711
sample,1024,128,tile8,22,319897
sample,1024,128,tile8,23,318378
sample,1024,128,tile8,24,321444
sample,1024,128,tile8,25,371701
sample,1024,128,tile8,26,325221
sample,1024,128,tile8,27,323926
sample,1024,128,tile8,28,364138
sample,1024,128,tile8,29,340860
measured,1024,512,vec4,65536,262144,5,30,10,579045,604730,0949b62ffc70d026,7663f0c9d3466943,none,none
sample,1024,512,vec4,0,589619
sample,1024,512,vec4,1,588137
sample,1024,512,vec4,2,580369
sample,1024,512,vec4,3,601045
sample,1024,512,vec4,4,592461
sample,1024,512,vec4,5,594257
sample,1024,512,vec4,6,595414
sample,1024,512,vec4,7,608572
sample,1024,512,vec4,8,590498
sample,1024,512,vec4,9,580776
sample,1024,512,vec4,10,599517
sample,1024,512,vec4,11,579045
sample,1024,512,vec4,12,604730
sample,1024,512,vec4,13,587248
sample,1024,512,vec4,14,589461
sample,1024,512,vec4,15,589100
sample,1024,512,vec4,16,444592
sample,1024,512,vec4,17,436675
sample,1024,512,vec4,18,423073
sample,1024,512,vec4,19,409156
sample,1024,512,vec4,20,409009
sample,1024,512,vec4,21,415925
sample,1024,512,vec4,22,413480
sample,1024,512,vec4,23,423888
sample,1024,512,vec4,24,415767
sample,1024,512,vec4,25,413638
sample,1024,512,vec4,26,424230
sample,1024,512,vec4,27,411472
sample,1024,512,vec4,28,413573
sample,1024,512,vec4,29,426443
measured,1024,512,fused2,65536,262144,5,30,9,544350,565775,0949b62ffc70d026,7663f0c9d3466943,none,none
sample,1024,512,fused2,0,563832
sample,1024,512,fused2,1,553091
sample,1024,512,fused2,2,564275
sample,1024,512,fused2,3,544350
sample,1024,512,fused2,4,562314
sample,1024,512,fused2,5,570248
sample,1024,512,fused2,6,558174
sample,1024,512,fused2,7,554804
sample,1024,512,fused2,8,557896
sample,1024,512,fused2,9,548387
sample,1024,512,fused2,10,550174
sample,1024,512,fused2,11,545592
sample,1024,512,fused2,12,561823
sample,1024,512,fused2,13,565775
sample,1024,512,fused2,14,552953
sample,1024,512,fused2,15,554452
sample,1024,512,fused2,16,382110
sample,1024,512,fused2,17,379129
sample,1024,512,fused2,18,385333
sample,1024,512,fused2,19,378628
sample,1024,512,fused2,20,377175
sample,1024,512,fused2,21,381230
sample,1024,512,fused2,22,378480
sample,1024,512,fused2,23,383554
sample,1024,512,fused2,24,381369
sample,1024,512,fused2,25,377036
sample,1024,512,fused2,26,382416
sample,1024,512,fused2,27,381286
sample,1024,512,fused2,28,374416
sample,1024,512,fused2,29,379332
measured,1024,512,tile8,65536,262144,5,30,8,513331,532572,0949b62ffc70d026,7663f0c9d3466943,none,none
sample,1024,512,tile8,0,517017
sample,1024,512,tile8,1,528888
sample,1024,512,tile8,2,513759
sample,1024,512,tile8,3,513331
sample,1024,512,tile8,4,532572
sample,1024,512,tile8,5,522166
sample,1024,512,tile8,6,525777
sample,1024,512,tile8,7,521785
sample,1024,512,tile8,8,529082
sample,1024,512,tile8,9,519683
sample,1024,512,tile8,10,516128
sample,1024,512,tile8,11,515489
sample,1024,512,tile8,12,523368
sample,1024,512,tile8,13,525767
sample,1024,512,tile8,14,525286
sample,1024,512,tile8,15,585193
sample,1024,512,tile8,16,468461
sample,1024,512,tile8,17,347444
sample,1024,512,tile8,18,344953
sample,1024,512,tile8,19,344230
sample,1024,512,tile8,20,358017
sample,1024,512,tile8,21,348989
sample,1024,512,tile8,22,348388
sample,1024,512,tile8,23,347999
sample,1024,512,tile8,24,349119
sample,1024,512,tile8,25,344869
sample,1024,512,tile8,26,353943
sample,1024,512,tile8,27,344379
sample,1024,512,tile8,28,345351
sample,1024,512,tile8,29,343554
measured,1024,2048,vec4,262144,1048576,5,30,10,421767,432138,2d4a1c573b9665e7,d32c613321b43c7f,none,none
sample,1024,2048,vec4,0,419693
sample,1024,2048,vec4,1,421767
sample,1024,2048,vec4,2,420832
sample,1024,2048,vec4,3,421351
sample,1024,2048,vec4,4,417675
sample,1024,2048,vec4,5,427998
sample,1024,2048,vec4,6,427758
sample,1024,2048,vec4,7,423092
sample,1024,2048,vec4,8,431277
sample,1024,2048,vec4,9,416369
sample,1024,2048,vec4,10,419082
sample,1024,2048,vec4,11,429323
sample,1024,2048,vec4,12,427749
sample,1024,2048,vec4,13,421934
sample,1024,2048,vec4,14,421369
sample,1024,2048,vec4,15,426221
sample,1024,2048,vec4,16,428128
sample,1024,2048,vec4,17,416369
sample,1024,2048,vec4,18,411387
sample,1024,2048,vec4,19,433721
sample,1024,2048,vec4,20,432138
sample,1024,2048,vec4,21,424238
sample,1024,2048,vec4,22,428296
sample,1024,2048,vec4,23,416090
sample,1024,2048,vec4,24,414082
sample,1024,2048,vec4,25,425823
sample,1024,2048,vec4,26,426924
sample,1024,2048,vec4,27,419693
sample,1024,2048,vec4,28,415370
sample,1024,2048,vec4,29,417249
measured,1024,2048,fused2,262144,1048576,5,30,9,386795,403730,2d4a1c573b9665e7,d32c613321b43c7f,none,none
sample,1024,2048,fused2,0,385933
sample,1024,2048,fused2,1,390054
sample,1024,2048,fused2,2,403730
sample,1024,2048,fused2,3,378443
sample,1024,2048,fused2,4,386795
sample,1024,2048,fused2,5,390629
sample,1024,2048,fused2,6,394286
sample,1024,2048,fused2,7,397101
sample,1024,2048,fused2,8,486953
sample,1024,2048,fused2,9,382657
sample,1024,2048,fused2,10,387027
sample,1024,2048,fused2,11,392740
sample,1024,2048,fused2,12,384619
sample,1024,2048,fused2,13,388305
sample,1024,2048,fused2,14,388638
sample,1024,2048,fused2,15,387174
sample,1024,2048,fused2,16,383332
sample,1024,2048,fused2,17,381184
sample,1024,2048,fused2,18,383036
sample,1024,2048,fused2,19,390971
sample,1024,2048,fused2,20,385888
sample,1024,2048,fused2,21,387101
sample,1024,2048,fused2,22,385322
sample,1024,2048,fused2,23,382564
sample,1024,2048,fused2,24,380517
sample,1024,2048,fused2,25,387740
sample,1024,2048,fused2,26,385120
sample,1024,2048,fused2,27,392156
sample,1024,2048,fused2,28,380415
sample,1024,2048,fused2,29,381722
measured,1024,2048,tile8,262144,1048576,5,30,8,366620,376740,2d4a1c573b9665e7,d32c613321b43c7f,none,none
sample,1024,2048,tile8,0,372406
sample,1024,2048,tile8,1,365563
sample,1024,2048,tile8,2,366620
sample,1024,2048,tile8,3,363916
sample,1024,2048,tile8,4,363433
sample,1024,2048,tile8,5,371610
sample,1024,2048,tile8,6,366027
sample,1024,2048,tile8,7,376740
sample,1024,2048,tile8,8,369036
sample,1024,2048,tile8,9,362962
sample,1024,2048,tile8,10,363036
sample,1024,2048,tile8,11,365962
sample,1024,2048,tile8,12,368813
sample,1024,2048,tile8,13,371675
sample,1024,2048,tile8,14,367286
sample,1024,2048,tile8,15,365481
sample,1024,2048,tile8,16,364758
sample,1024,2048,tile8,17,361721
sample,1024,2048,tile8,18,369203
sample,1024,2048,tile8,19,364693
sample,1024,2048,tile8,20,363157
sample,1024,2048,tile8,21,376592
sample,1024,2048,tile8,22,368740
sample,1024,2048,tile8,23,362221
sample,1024,2048,tile8,24,385536
sample,1024,2048,tile8,25,370313
sample,1024,2048,tile8,26,370517
sample,1024,2048,tile8,27,367073
sample,1024,2048,tile8,28,366387
sample,1024,2048,tile8,29,366813
measured,4096,128,vec4,65536,262144,5,30,12,484304,512740,d878e557b6daedce,8cc85ceb09c8efed,none,none
sample,4096,128,vec4,0,476925
sample,4096,128,vec4,1,477545
sample,4096,128,vec4,2,487916
sample,4096,128,vec4,3,491026
sample,4096,128,vec4,4,486488
sample,4096,128,vec4,5,484304
sample,4096,128,vec4,6,483583
sample,4096,128,vec4,7,493868
sample,4096,128,vec4,8,488934
sample,4096,128,vec4,9,486490
sample,4096,128,vec4,10,479268
sample,4096,128,vec4,11,477868
sample,4096,128,vec4,12,480990
sample,4096,128,vec4,13,477739
sample,4096,128,vec4,14,479211
sample,4096,128,vec4,15,486943
sample,4096,128,vec4,16,483258
sample,4096,128,vec4,17,487638
sample,4096,128,vec4,18,486350
sample,4096,128,vec4,19,483444
sample,4096,128,vec4,20,482869
sample,4096,128,vec4,21,512740
sample,4096,128,vec4,22,559535
sample,4096,128,vec4,23,483471
sample,4096,128,vec4,24,484248
sample,4096,128,vec4,25,483092
sample,4096,128,vec4,26,488175
sample,4096,128,vec4,27,485037
sample,4096,128,vec4,28,485878
sample,4096,128,vec4,29,497805
measured,4096,128,fused2,65536,262144,5,30,11,449777,461453,d878e557b6daedce,8cc85ceb09c8efed,none,none
sample,4096,128,fused2,0,445397
sample,4096,128,fused2,1,448508
sample,4096,128,fused2,2,450193
sample,4096,128,fused2,3,455823
sample,4096,128,fused2,4,450990
sample,4096,128,fused2,5,448953
sample,4096,128,fused2,6,451313
sample,4096,128,fused2,7,456581
sample,4096,128,fused2,8,447017
sample,4096,128,fused2,9,452999
sample,4096,128,fused2,10,447610
sample,4096,128,fused2,11,447953
sample,4096,128,fused2,12,448814
sample,4096,128,fused2,13,446294
sample,4096,128,fused2,14,445721
sample,4096,128,fused2,15,453664
sample,4096,128,fused2,16,453685
sample,4096,128,fused2,17,468360
sample,4096,128,fused2,18,448573
sample,4096,128,fused2,19,452814
sample,4096,128,fused2,20,447212
sample,4096,128,fused2,21,444972
sample,4096,128,fused2,22,461453
sample,4096,128,fused2,23,447471
sample,4096,128,fused2,24,451564
sample,4096,128,fused2,25,451342
sample,4096,128,fused2,26,448721
sample,4096,128,fused2,27,455129
sample,4096,128,fused2,28,450563
sample,4096,128,fused2,29,449777
measured,4096,128,tile8,65536,262144,5,30,10,419786,434981,d878e557b6daedce,8cc85ceb09c8efed,none,none
sample,4096,128,tile8,0,418453
sample,4096,128,tile8,1,413805
sample,4096,128,tile8,2,421295
sample,4096,128,tile8,3,419499
sample,4096,128,tile8,4,425546
sample,4096,128,tile8,5,421507
sample,4096,128,tile8,6,421165
sample,4096,128,tile8,7,419749
sample,4096,128,tile8,8,424665
sample,4096,128,tile8,9,422258
sample,4096,128,tile8,10,418870
sample,4096,128,tile8,11,418582
sample,4096,128,tile8,12,417897
sample,4096,128,tile8,13,411916
sample,4096,128,tile8,14,428767
sample,4096,128,tile8,15,420332
sample,4096,128,tile8,16,419786
sample,4096,128,tile8,17,422314
sample,4096,128,tile8,18,419694
sample,4096,128,tile8,19,422018
sample,4096,128,tile8,20,412786
sample,4096,128,tile8,21,434981
sample,4096,128,tile8,22,550294
sample,4096,128,tile8,23,421129
sample,4096,128,tile8,24,419730
sample,4096,128,tile8,25,415951
sample,4096,128,tile8,26,425831
sample,4096,128,tile8,27,433961
sample,4096,128,tile8,28,418942
sample,4096,128,tile8,29,419703
measured,4096,512,vec4,262144,1048576,5,30,12,492156,504776,07e875993970433c,207dceeda1be3f5b,none,none
sample,4096,512,vec4,0,497294
sample,4096,512,vec4,1,497453
sample,4096,512,vec4,2,496229
sample,4096,512,vec4,3,490970
sample,4096,512,vec4,4,485684
sample,4096,512,vec4,5,492749
sample,4096,512,vec4,6,508064
sample,4096,512,vec4,7,491378
sample,4096,512,vec4,8,492156
sample,4096,512,vec4,9,484193
sample,4096,512,vec4,10,485184
sample,4096,512,vec4,11,495711
sample,4096,512,vec4,12,498119
sample,4096,512,vec4,13,488971
sample,4096,512,vec4,14,491073
sample,4096,512,vec4,15,503008
sample,4096,512,vec4,16,498285
sample,4096,512,vec4,17,486100
sample,4096,512,vec4,18,487443
sample,4096,512,vec4,19,496592
sample,4096,512,vec4,20,498008
sample,4096,512,vec4,21,491666
sample,4096,512,vec4,22,482027
sample,4096,512,vec4,23,494832
sample,4096,512,vec4,24,490601
sample,4096,512,vec4,25,491638
sample,4096,512,vec4,26,497684
sample,4096,512,vec4,27,496479
sample,4096,512,vec4,28,504776
sample,4096,512,vec4,29,487388
measured,4096,512,fused2,262144,1048576,5,30,11,460027,469898,07e875993970433c,207dceeda1be3f5b,none,none
sample,4096,512,fused2,0,459638
sample,4096,512,fused2,1,465313
sample,4096,512,fused2,2,462517
sample,4096,512,fused2,3,461692
sample,4096,512,fused2,4,455267
sample,4096,512,fused2,5,453609
sample,4096,512,fused2,6,463405
sample,4096,512,fused2,7,462489
sample,4096,512,fused2,8,458027
sample,4096,512,fused2,9,458897
sample,4096,512,fused2,10,460619
sample,4096,512,fused2,11,466555
sample,4096,512,fused2,12,460027
sample,4096,512,fused2,13,458425
sample,4096,512,fused2,14,459240
sample,4096,512,fused2,15,460286
sample,4096,512,fused2,16,451536
sample,4096,512,fused2,17,458231
sample,4096,512,fused2,18,461545
sample,4096,512,fused2,19,458905
sample,4096,512,fused2,20,460610
sample,4096,512,fused2,21,473184
sample,4096,512,fused2,22,457230
sample,4096,512,fused2,23,454369
sample,4096,512,fused2,24,458368
sample,4096,512,fused2,25,469898
sample,4096,512,fused2,26,467174
sample,4096,512,fused2,27,463193
sample,4096,512,fused2,28,461119
sample,4096,512,fused2,29,454268
measured,4096,512,tile8,262144,1048576,5,30,10,439916,448073,07e875993970433c,207dceeda1be3f5b,none,none
sample,4096,512,tile8,0,438415
sample,4096,512,tile8,1,456664
sample,4096,512,tile8,2,441545
sample,4096,512,tile8,3,437518
sample,4096,512,tile8,4,441546
sample,4096,512,tile8,5,437212
sample,4096,512,tile8,6,437415
sample,4096,512,tile8,7,440953
sample,4096,512,tile8,8,446090
sample,4096,512,tile8,9,439229
sample,4096,512,tile8,10,439655
sample,4096,512,tile8,11,438379
sample,4096,512,tile8,12,443082
sample,4096,512,tile8,13,437266
sample,4096,512,tile8,14,441490
sample,4096,512,tile8,15,439786
sample,4096,512,tile8,16,448073
sample,4096,512,tile8,17,437767
sample,4096,512,tile8,18,444535
sample,4096,512,tile8,19,439916
sample,4096,512,tile8,20,447721
sample,4096,512,tile8,21,441471
sample,4096,512,tile8,22,433017
sample,4096,512,tile8,23,433499
sample,4096,512,tile8,24,444666
sample,4096,512,tile8,25,442971
sample,4096,512,tile8,26,443564
sample,4096,512,tile8,27,441156
sample,4096,512,tile8,28,439601
sample,4096,512,tile8,29,432138
measured,4096,2048,vec4,1048576,4194304,5,30,12,550841,569017,4143a88e49ed614b,e0842ad8f72c0c9f,none,none
sample,4096,2048,vec4,0,552805
sample,4096,2048,vec4,1,550470
sample,4096,2048,vec4,2,544287
sample,4096,2048,vec4,3,555757
sample,4096,2048,vec4,4,555443
sample,4096,2048,vec4,5,550841
sample,4096,2048,vec4,6,539202
sample,4096,2048,vec4,7,548840
sample,4096,2048,vec4,8,553507
sample,4096,2048,vec4,9,549267
sample,4096,2048,vec4,10,552804
sample,4096,2048,vec4,11,553091
sample,4096,2048,vec4,12,570980
sample,4096,2048,vec4,13,549435
sample,4096,2048,vec4,14,543758
sample,4096,2048,vec4,15,552165
sample,4096,2048,vec4,16,553572
sample,4096,2048,vec4,17,547313
sample,4096,2048,vec4,18,551480
sample,4096,2048,vec4,19,552156
sample,4096,2048,vec4,20,549877
sample,4096,2048,vec4,21,548091
sample,4096,2048,vec4,22,549776
sample,4096,2048,vec4,23,545257
sample,4096,2048,vec4,24,544016
sample,4096,2048,vec4,25,552211
sample,4096,2048,vec4,26,544665
sample,4096,2048,vec4,27,555248
sample,4096,2048,vec4,28,569017
sample,4096,2048,vec4,29,559729
measured,4096,2048,fused2,1048576,4194304,5,30,11,513546,523562,4143a88e49ed614b,e0842ad8f72c0c9f,none,none
sample,4096,2048,fused2,0,519110
sample,4096,2048,fused2,1,511998
sample,4096,2048,fused2,2,501785
sample,4096,2048,fused2,3,511860
sample,4096,2048,fused2,4,512981
sample,4096,2048,fused2,5,523027
sample,4096,2048,fused2,6,509610
sample,4096,2048,fused2,7,521490
sample,4096,2048,fused2,8,516916
sample,4096,2048,fused2,9,519878
sample,4096,2048,fused2,10,523562
sample,4096,2048,fused2,11,513546
sample,4096,2048,fused2,12,521823
sample,4096,2048,fused2,13,529905
sample,4096,2048,fused2,14,513081
sample,4096,2048,fused2,15,511758
sample,4096,2048,fused2,16,520499
sample,4096,2048,fused2,17,514546
sample,4096,2048,fused2,18,518840
sample,4096,2048,fused2,19,512989
sample,4096,2048,fused2,20,509212
sample,4096,2048,fused2,21,516470
sample,4096,2048,fused2,22,510767
sample,4096,2048,fused2,23,505229
sample,4096,2048,fused2,24,512443
sample,4096,2048,fused2,25,502525
sample,4096,2048,fused2,26,517730
sample,4096,2048,fused2,27,511433
sample,4096,2048,fused2,28,516017
sample,4096,2048,fused2,29,517498
measured,4096,2048,tile8,1048576,4194304,5,30,10,538925,547646,4143a88e49ed614b,e0842ad8f72c0c9f,none,none
sample,4096,2048,tile8,0,532749
sample,4096,2048,tile8,1,538508
sample,4096,2048,tile8,2,534869
sample,4096,2048,tile8,3,555563
sample,4096,2048,tile8,4,540933
sample,4096,2048,tile8,5,543638
sample,4096,2048,tile8,6,538591
sample,4096,2048,tile8,7,543368
sample,4096,2048,tile8,8,538813
sample,4096,2048,tile8,9,536915
sample,4096,2048,tile8,10,538870
sample,4096,2048,tile8,11,538757
sample,4096,2048,tile8,12,540629
sample,4096,2048,tile8,13,539665
sample,4096,2048,tile8,14,533934
sample,4096,2048,tile8,15,537887
sample,4096,2048,tile8,16,544322
sample,4096,2048,tile8,17,539166
sample,4096,2048,tile8,18,547646
sample,4096,2048,tile8,19,542202
sample,4096,2048,tile8,20,539618
sample,4096,2048,tile8,21,537915
sample,4096,2048,tile8,22,547406
sample,4096,2048,tile8,23,535961
sample,4096,2048,tile8,24,541999
sample,4096,2048,tile8,25,532535
sample,4096,2048,tile8,26,535738
sample,4096,2048,tile8,27,542452
sample,4096,2048,tile8,28,538925
sample,4096,2048,tile8,29,543201
measured,16384,128,vec4,262144,1048576,5,30,14,568516,592267,318e48fc80dadb1f,a09bc0e13ecf9bf8,none,none
sample,16384,128,vec4,0,570942
sample,16384,128,vec4,1,568841
sample,16384,128,vec4,2,568183
sample,16384,128,vec4,3,564433
sample,16384,128,vec4,4,559684
sample,16384,128,vec4,5,573526
sample,16384,128,vec4,6,569045
sample,16384,128,vec4,7,568516
sample,16384,128,vec4,8,563952
sample,16384,128,vec4,9,569387
sample,16384,128,vec4,10,565859
sample,16384,128,vec4,11,568961
sample,16384,128,vec4,12,576387
sample,16384,128,vec4,13,576267
sample,16384,128,vec4,14,563812
sample,16384,128,vec4,15,562915
sample,16384,128,vec4,16,562526
sample,16384,128,vec4,17,569701
sample,16384,128,vec4,18,568017
sample,16384,128,vec4,19,564749
sample,16384,128,vec4,20,567462
sample,16384,128,vec4,21,563795
sample,16384,128,vec4,22,717127
sample,16384,128,vec4,23,573081
sample,16384,128,vec4,24,571081
sample,16384,128,vec4,25,567553
sample,16384,128,vec4,26,568813
sample,16384,128,vec4,27,561360
sample,16384,128,vec4,28,592267
sample,16384,128,vec4,29,571739
measured,16384,128,fused2,262144,1048576,5,30,13,539453,556305,318e48fc80dadb1f,a09bc0e13ecf9bf8,none,none
sample,16384,128,fused2,0,565387
sample,16384,128,fused2,1,541257
sample,16384,128,fused2,2,553266
sample,16384,128,fused2,3,541647
sample,16384,128,fused2,4,541026
sample,16384,128,fused2,5,546627
sample,16384,128,fused2,6,538017
sample,16384,128,fused2,7,532119
sample,16384,128,fused2,8,532553
sample,16384,128,fused2,9,537147
sample,16384,128,fused2,10,543554
sample,16384,128,fused2,11,540026
sample,16384,128,fused2,12,539453
sample,16384,128,fused2,13,540220
sample,16384,128,fused2,14,526916
sample,16384,128,fused2,15,529878
sample,16384,128,fused2,16,535489
sample,16384,128,fused2,17,542277
sample,16384,128,fused2,18,534415
sample,16384,128,fused2,19,548359
sample,16384,128,fused2,20,538416
sample,16384,128,fused2,21,538174
sample,16384,128,fused2,22,556305
sample,16384,128,fused2,23,544174
sample,16384,128,fused2,24,534340
sample,16384,128,fused2,25,529980
sample,16384,128,fused2,26,534842
sample,16384,128,fused2,27,527822
sample,16384,128,fused2,28,542451
sample,16384,128,fused2,29,542796
measured,16384,128,tile8,262144,1048576,5,30,12,512842,523842,318e48fc80dadb1f,a09bc0e13ecf9bf8,none,none
sample,16384,128,tile8,0,518942
sample,16384,128,tile8,1,519610
sample,16384,128,tile8,2,511091
sample,16384,128,tile8,3,509340
sample,16384,128,tile8,4,509813
sample,16384,128,tile8,5,514267
sample,16384,128,tile8,6,520600
sample,16384,128,tile8,7,509490
sample,16384,128,tile8,8,516184
sample,16384,128,tile8,9,515294
sample,16384,128,tile8,10,522998
sample,16384,128,tile8,11,525055
sample,16384,128,tile8,12,519795
sample,16384,128,tile8,13,518693
sample,16384,128,tile8,14,505803
sample,16384,128,tile8,15,523842
sample,16384,128,tile8,16,507193
sample,16384,128,tile8,17,506129
sample,16384,128,tile8,18,510915
sample,16384,128,tile8,19,522443
sample,16384,128,tile8,20,516230
sample,16384,128,tile8,21,511648
sample,16384,128,tile8,22,519526
sample,16384,128,tile8,23,518406
sample,16384,128,tile8,24,509332
sample,16384,128,tile8,25,504720
sample,16384,128,tile8,26,508526
sample,16384,128,tile8,27,511360
sample,16384,128,tile8,28,512842
sample,16384,128,tile8,29,511166
measured,16384,512,vec4,1048576,4194304,5,30,14,637025,653729,08b87a1ca99fa7b8,cc66b7b8fae87df4,none,none
sample,16384,512,vec4,0,638804
sample,16384,512,vec4,1,639433
sample,16384,512,vec4,2,628118
sample,16384,512,vec4,3,638831
sample,16384,512,vec4,4,641581
sample,16384,512,vec4,5,636609
sample,16384,512,vec4,6,631609
sample,16384,512,vec4,7,644915
sample,16384,512,vec4,8,643248
sample,16384,512,vec4,9,633220
sample,16384,512,vec4,10,636285
sample,16384,512,vec4,11,635609
sample,16384,512,vec4,12,635331
sample,16384,512,vec4,13,634229
sample,16384,512,vec4,14,632248
sample,16384,512,vec4,15,638388
sample,16384,512,vec4,16,634026
sample,16384,512,vec4,17,639544
sample,16384,512,vec4,18,635527
sample,16384,512,vec4,19,637452
sample,16384,512,vec4,20,637368
sample,16384,512,vec4,21,634813
sample,16384,512,vec4,22,637025
sample,16384,512,vec4,23,644572
sample,16384,512,vec4,24,636507
sample,16384,512,vec4,25,641091
sample,16384,512,vec4,26,638350
sample,16384,512,vec4,27,636814
sample,16384,512,vec4,28,676665
sample,16384,512,vec4,29,653729
measured,16384,512,fused2,1048576,4194304,5,30,13,601980,618722,08b87a1ca99fa7b8,cc66b7b8fae87df4,none,none
sample,16384,512,fused2,0,605331
sample,16384,512,fused2,1,618722
sample,16384,512,fused2,2,597351
sample,16384,512,fused2,3,599609
sample,16384,512,fused2,4,600082
sample,16384,512,fused2,5,604342
sample,16384,512,fused2,6,603396
sample,16384,512,fused2,7,607397
sample,16384,512,fused2,8,601230
sample,16384,512,fused2,9,605294
sample,16384,512,fused2,10,604998
sample,16384,512,fused2,11,601980
sample,16384,512,fused2,12,593970
sample,16384,512,fused2,13,608044
sample,16384,512,fused2,14,594424
sample,16384,512,fused2,15,599981
sample,16384,512,fused2,16,603572
sample,16384,512,fused2,17,601970
sample,16384,512,fused2,18,610137
sample,16384,512,fused2,19,606275
sample,16384,512,fused2,20,596164
sample,16384,512,fused2,21,598285
sample,16384,512,fused2,22,593850
sample,16384,512,fused2,23,594238
sample,16384,512,fused2,24,601739
sample,16384,512,fused2,25,618536
sample,16384,512,fused2,26,601156
sample,16384,512,fused2,27,602646
sample,16384,512,fused2,28,605739
sample,16384,512,fused2,29,650442
measured,16384,512,tile8,1048576,4194304,5,30,12,624479,635517,08b87a1ca99fa7b8,cc66b7b8fae87df4,none,none
sample,16384,512,tile8,0,623377
sample,16384,512,tile8,1,620100
sample,16384,512,tile8,2,627026
sample,16384,512,tile8,3,624479
sample,16384,512,tile8,4,626915
sample,16384,512,tile8,5,625156
sample,16384,512,tile8,6,614406
sample,16384,512,tile8,7,624202
sample,16384,512,tile8,8,623739
sample,16384,512,tile8,9,628276
sample,16384,512,tile8,10,629258
sample,16384,512,tile8,11,620942
sample,16384,512,tile8,12,619674
sample,16384,512,tile8,13,610128
sample,16384,512,tile8,14,635517
sample,16384,512,tile8,15,628305
sample,16384,512,tile8,16,621961
sample,16384,512,tile8,17,629433
sample,16384,512,tile8,18,627424
sample,16384,512,tile8,19,627452
sample,16384,512,tile8,20,616702
sample,16384,512,tile8,21,619822
sample,16384,512,tile8,22,630961
sample,16384,512,tile8,23,618517
sample,16384,512,tile8,24,625220
sample,16384,512,tile8,25,622471
sample,16384,512,tile8,26,621989
sample,16384,512,tile8,27,632164
sample,16384,512,tile8,28,754220
sample,16384,512,tile8,29,632655
measured,16384,2048,vec4,4194304,16777216,5,30,14,839396,884571,6be3b72c15a212b9,3199380bd5011e6c,none,none
sample,16384,2048,vec4,0,843478
sample,16384,2048,vec4,1,852433
sample,16384,2048,vec4,2,847812
sample,16384,2048,vec4,3,839396
sample,16384,2048,vec4,4,836748
sample,16384,2048,vec4,5,842006
sample,16384,2048,vec4,6,832136
sample,16384,2048,vec4,7,845155
sample,16384,2048,vec4,8,836896
sample,16384,2048,vec4,9,837517
sample,16384,2048,vec4,10,884571
sample,16384,2048,vec4,11,836822
sample,16384,2048,vec4,12,902617
sample,16384,2048,vec4,13,833414
sample,16384,2048,vec4,14,836803
sample,16384,2048,vec4,15,838405
sample,16384,2048,vec4,16,831766
sample,16384,2048,vec4,17,841793
sample,16384,2048,vec4,18,853710
sample,16384,2048,vec4,19,844896
sample,16384,2048,vec4,20,843951
sample,16384,2048,vec4,21,835229
sample,16384,2048,vec4,22,836766
sample,16384,2048,vec4,23,835248
sample,16384,2048,vec4,24,836183
sample,16384,2048,vec4,25,839461
sample,16384,2048,vec4,26,853210
sample,16384,2048,vec4,27,843210
sample,16384,2048,vec4,28,847276
sample,16384,2048,vec4,29,833618
measured,16384,2048,fused2,4194304,16777216,5,30,13,797822,813756,6be3b72c15a212b9,3199380bd5011e6c,none,none
sample,16384,2048,fused2,0,787284
sample,16384,2048,fused2,1,811665
sample,16384,2048,fused2,2,810878
sample,16384,2048,fused2,3,797387
sample,16384,2048,fused2,4,813756
sample,16384,2048,fused2,5,799452
sample,16384,2048,fused2,6,801331
sample,16384,2048,fused2,7,795952
sample,16384,2048,fused2,8,801683
sample,16384,2048,fused2,9,800414
sample,16384,2048,fused2,10,815923
sample,16384,2048,fused2,11,801619
sample,16384,2048,fused2,12,802295
sample,16384,2048,fused2,13,797822
sample,16384,2048,fused2,14,793156
sample,16384,2048,fused2,15,798313
sample,16384,2048,fused2,16,793488
sample,16384,2048,fused2,17,793182
sample,16384,2048,fused2,18,795525
sample,16384,2048,fused2,19,795599
sample,16384,2048,fused2,20,803488
sample,16384,2048,fused2,21,793637
sample,16384,2048,fused2,22,805859
sample,16384,2048,fused2,23,796452
sample,16384,2048,fused2,24,794285
sample,16384,2048,fused2,25,794794
sample,16384,2048,fused2,26,798848
sample,16384,2048,fused2,27,794693
sample,16384,2048,fused2,28,808535
sample,16384,2048,fused2,29,793424
measured,16384,2048,tile8,4194304,16777216,5,30,12,1003571,1011664,6be3b72c15a212b9,3199380bd5011e6c,none,none
sample,16384,2048,tile8,0,999590
sample,16384,2048,tile8,1,1011664
sample,16384,2048,tile8,2,996164
sample,16384,2048,tile8,3,1006043
sample,16384,2048,tile8,4,1004099
sample,16384,2048,tile8,5,1001304
sample,16384,2048,tile8,6,1008515
sample,16384,2048,tile8,7,999117
sample,16384,2048,tile8,8,1004210
sample,16384,2048,tile8,9,999099
sample,16384,2048,tile8,10,1013960
sample,16384,2048,tile8,11,1007386
sample,16384,2048,tile8,12,998173
sample,16384,2048,tile8,13,1000460
sample,16384,2048,tile8,14,1003173
sample,16384,2048,tile8,15,998108
sample,16384,2048,tile8,16,1003571
sample,16384,2048,tile8,17,1009478
sample,16384,2048,tile8,18,1007655
sample,16384,2048,tile8,19,1008062
sample,16384,2048,tile8,20,1004173
sample,16384,2048,tile8,21,1004802
sample,16384,2048,tile8,22,999858
sample,16384,2048,tile8,23,998108
sample,16384,2048,tile8,24,1005794
sample,16384,2048,tile8,25,999506
sample,16384,2048,tile8,26,1007451
sample,16384,2048,tile8,27,1002765
sample,16384,2048,tile8,28,1004691
sample,16384,2048,tile8,29,1001433
measured,65536,128,vec4,1048576,4194304,5,30,16,725414,771812,9ec0db29a14c575b,4098921c6b362ecd,none,none
sample,65536,128,vec4,0,724322
sample,65536,128,vec4,1,727840
sample,65536,128,vec4,2,720887
sample,65536,128,vec4,3,736303
sample,65536,128,vec4,4,730720
sample,65536,128,vec4,5,734154
sample,65536,128,vec4,6,723627
sample,65536,128,vec4,7,718701
sample,65536,128,vec4,8,732784
sample,65536,128,vec4,9,735405
sample,65536,128,vec4,10,731906
sample,65536,128,vec4,11,736942
sample,65536,128,vec4,12,725414
sample,65536,128,vec4,13,749878
sample,65536,128,vec4,14,743682
sample,65536,128,vec4,15,726841
sample,65536,128,vec4,16,725026
sample,65536,128,vec4,17,726980
sample,65536,128,vec4,18,718367
sample,65536,128,vec4,19,721128
sample,65536,128,vec4,20,731516
sample,65536,128,vec4,21,771812
sample,65536,128,vec4,22,798192
sample,65536,128,vec4,23,542499
sample,65536,128,vec4,24,535748
sample,65536,128,vec4,25,544702
sample,65536,128,vec4,26,541266
sample,65536,128,vec4,27,572526
sample,65536,128,vec4,28,548581
sample,65536,128,vec4,29,554481
measured,65536,128,fused2,1048576,4194304,5,30,15,698619,755387,9ec0db29a14c575b,4098921c6b362ecd,none,none
sample,65536,128,fused2,0,707248
sample,65536,128,fused2,1,699359
sample,65536,128,fused2,2,688313
sample,65536,128,fused2,3,698693
sample,65536,128,fused2,4,699423
sample,65536,128,fused2,5,707915
sample,65536,128,fused2,6,691322
sample,65536,128,fused2,7,688480
sample,65536,128,fused2,8,698739
sample,65536,128,fused2,9,695137
sample,65536,128,fused2,10,704757
sample,65536,128,fused2,11,755387
sample,65536,128,fused2,12,721989
sample,65536,128,fused2,13,704137
sample,65536,128,fused2,14,702951
sample,65536,128,fused2,15,701091
sample,65536,128,fused2,16,702720
sample,65536,128,fused2,17,757267
sample,65536,128,fused2,18,691471
sample,65536,128,fused2,19,699026
sample,65536,128,fused2,20,698619
sample,65536,128,fused2,21,698489
sample,65536,128,fused2,22,560201
sample,65536,128,fused2,23,516841
sample,65536,128,fused2,24,522684
sample,65536,128,fused2,25,524434
sample,65536,128,fused2,26,515619
sample,65536,128,fused2,27,529758
sample,65536,128,fused2,28,535693
sample,65536,128,fused2,29,532970
measured,65536,128,tile8,1048576,4194304,5,30,14,703859,717442,9ec0db29a14c575b,4098921c6b362ecd,none,none
sample,65536,128,tile8,0,708137
sample,65536,128,tile8,1,704313
sample,65536,128,tile8,2,692655
sample,65536,128,tile8,3,703859
sample,65536,128,tile8,4,708739
sample,65536,128,tile8,5,707368
sample,65536,128,tile8,6,705775
sample,65536,128,tile8,7,702628
sample,65536,128,tile8,8,694341
sample,65536,128,tile8,9,705619
sample,65536,128,tile8,10,714914
sample,65536,128,tile8,11,700359
sample,65536,128,tile8,12,710868
sample,65536,128,tile8,13,717442
sample,65536,128,tile8,14,716906
sample,65536,128,tile8,15,699627
sample,65536,128,tile8,16,707813
sample,65536,128,tile8,17,706526
sample,65536,128,tile8,18,702461
sample,65536,128,tile8,19,703674
sample,65536,128,tile8,20,703887
sample,65536,128,tile8,21,738628
sample,65536,128,tile8,22,715276
sample,65536,128,tile8,23,546194
sample,65536,128,tile8,24,545128
sample,65536,128,tile8,25,554286
sample,65536,128,tile8,26,540055
sample,65536,128,tile8,27,540222
sample,65536,128,tile8,28,605201
sample,65536,128,tile8,29,554100
measured,65536,512,vec4,4194304,16777216,5,30,16,834321,897692,84d06402da633040,29115d73667dee45,none,none
sample,65536,512,vec4,0,846534
sample,65536,512,vec4,1,841693
sample,65536,512,vec4,2,852182
sample,65536,512,vec4,3,857784
sample,65536,512,vec4,4,897692
sample,65536,512,vec4,5,877960
sample,65536,512,vec4,6,882478
sample,65536,512,vec4,7,892942
sample,65536,512,vec4,8,905700
sample,65536,512,vec4,9,783609
sample,65536,512,vec4,10,760896
sample,65536,512,vec4,11,834321
sample,65536,512,vec4,12,758700
sample,65536,512,vec4,13,777636
sample,65536,512,vec4,14,786785
sample,65536,512,vec4,15,819100
sample,65536,512,vec4,16,794988
sample,65536,512,vec4,17,799359
sample,65536,512,vec4,18,884915
sample,65536,512,vec4,19,834942
sample,65536,512,vec4,20,821016
sample,65536,512,vec4,21,841700
sample,65536,512,vec4,22,837757
sample,65536,512,vec4,23,864061
sample,65536,512,vec4,24,857201
sample,65536,512,vec4,25,826914
sample,65536,512,vec4,26,805988
sample,65536,512,vec4,27,784627
sample,65536,512,vec4,28,790896
sample,65536,512,vec4,29,823933
measured,65536,512,fused2,4194304,16777216,5,30,15,789174,889358,84d06402da633040,29115d73667dee45,none,none
sample,65536,512,fused2,0,804543
sample,65536,512,fused2,1,812054
sample,65536,512,fused2,2,852683
sample,65536,512,fused2,3,826257
sample,65536,512,fused2,4,843508
sample,65536,512,fused2,5,839506
sample,65536,512,fused2,6,859406
sample,65536,512,fused2,7,868691
sample,65536,512,fused2,8,908812
sample,65536,512,fused2,9,889358
sample,65536,512,fused2,10,733276
sample,65536,512,fused2,11,731906
sample,65536,512,fused2,12,734415
sample,65536,512,fused2,13,744684
sample,65536,512,fused2,14,742878
sample,65536,512,fused2,15,751044
sample,65536,512,fused2,16,775933
sample,65536,512,fused2,17,769211
sample,65536,512,fused2,18,888980
sample,65536,512,fused2,19,789174
sample,65536,512,fused2,20,787294
sample,65536,512,fused2,21,803618
sample,65536,512,fused2,22,803860
sample,65536,512,fused2,23,818247
sample,65536,512,fused2,24,855636
sample,65536,512,fused2,25,735822
sample,65536,512,fused2,26,745507
sample,65536,512,fused2,27,748303
sample,65536,512,fused2,28,769878
sample,65536,512,fused2,29,769543
measured,65536,512,tile8,4194304,16777216,5,30,14,1000339,1064062,84d06402da633040,29115d73667dee45,none,none
sample,65536,512,tile8,0,1010469
sample,65536,512,tile8,1,1005674
sample,65536,512,tile8,2,1015062
sample,65536,512,tile8,3,1019145
sample,65536,512,tile8,4,1024210
sample,65536,512,tile8,5,1028442
sample,65536,512,tile8,6,1058016
sample,65536,512,tile8,7,1048405
sample,65536,512,tile8,8,1064062
sample,65536,512,tile8,9,1084599
sample,65536,512,tile8,10,945016
sample,65536,512,tile8,11,929905
sample,65536,512,tile8,12,943117
sample,65536,512,tile8,13,932534
sample,65536,512,tile8,14,945257
sample,65536,512,tile8,15,949774
sample,65536,512,tile8,16,963813
sample,65536,512,tile8,17,963654
sample,65536,512,tile8,18,1016729
sample,65536,512,tile8,19,986293
sample,65536,512,tile8,20,1058655
sample,65536,512,tile8,21,1000636
sample,65536,512,tile8,22,1000339
sample,65536,512,tile8,23,1012923
sample,65536,512,tile8,24,1005442
sample,65536,512,tile8,25,889100
sample,65536,512,tile8,26,919997
sample,65536,512,tile8,27,898145
sample,65536,512,tile8,28,899341
sample,65536,512,tile8,29,914126
skipped_limit,65536,2048,vec4,16777216,67108864,NA,NA,NA,NA,NA,NA,NA,cohort_dispatch_limit,none
skipped_limit,65536,2048,fused2,16777216,67108864,NA,NA,NA,NA,NA,NA,NA,cohort_dispatch_limit,none
skipped_limit,65536,2048,tile8,16777216,67108864,NA,NA,NA,NA,NA,NA,NA,cohort_dispatch_limit,none
measured,262144,128,vec4,4194304,16777216,5,30,18,889257,919284,603e59446e81431f,99960c282a7f4ca5,none,none
sample,262144,128,vec4,0,893072
sample,262144,128,vec4,1,903896
sample,262144,128,vec4,2,903858
sample,262144,128,vec4,3,882034
sample,262144,128,vec4,4,900497
sample,262144,128,vec4,5,884924
sample,262144,128,vec4,6,899099
sample,262144,128,vec4,7,893793
sample,262144,128,vec4,8,888942
sample,262144,128,vec4,9,889562
sample,262144,128,vec4,10,887543
sample,262144,128,vec4,11,882432
sample,262144,128,vec4,12,892479
sample,262144,128,vec4,13,919284
sample,262144,128,vec4,14,904970
sample,262144,128,vec4,15,910599
sample,262144,128,vec4,16,888534
sample,262144,128,vec4,17,892885
sample,262144,128,vec4,18,912191
sample,262144,128,vec4,19,889257
sample,262144,128,vec4,20,914321
sample,262144,128,vec4,21,941516
sample,262144,128,vec4,22,863989
sample,262144,128,vec4,23,848071
sample,262144,128,vec4,24,872645
sample,262144,128,vec4,25,841747
sample,262144,128,vec4,26,845646
sample,262144,128,vec4,27,838998
sample,262144,128,vec4,28,869081
sample,262144,128,vec4,29,794461
measured,262144,128,fused2,4194304,16777216,5,30,17,882090,921877,603e59446e81431f,99960c282a7f4ca5,none,none
sample,262144,128,fused2,0,882859
sample,262144,128,fused2,1,890191
sample,262144,128,fused2,2,882580
sample,262144,128,fused2,3,915793
sample,262144,128,fused2,4,908405
sample,262144,128,fused2,5,869804
sample,262144,128,fused2,6,886645
sample,262144,128,fused2,7,879331
sample,262144,128,fused2,8,876294
sample,262144,128,fused2,9,881979
sample,262144,128,fused2,10,921877
sample,262144,128,fused2,11,869330
sample,262144,128,fused2,12,927554
sample,262144,128,fused2,13,882128
sample,262144,128,fused2,14,885303
sample,262144,128,fused2,15,881322
sample,262144,128,fused2,16,882090
sample,262144,128,fused2,17,883173
sample,262144,128,fused2,18,874896
sample,262144,128,fused2,19,885330
sample,262144,128,fused2,20,891849
sample,262144,128,fused2,21,891525
sample,262144,128,fused2,22,828544
sample,262144,128,fused2,23,829405
sample,262144,128,fused2,24,898007
sample,262144,128,fused2,25,845775
sample,262144,128,fused2,26,839812
sample,262144,128,fused2,27,842451
sample,262144,128,fused2,28,834258
sample,262144,128,fused2,29,779803
measured,262144,128,tile8,4194304,16777216,5,30,16,980200,1047488,603e59446e81431f,99960c282a7f4ca5,none,none
sample,262144,128,tile8,0,1004137
sample,262144,128,tile8,1,989487
sample,262144,128,tile8,2,988691
sample,262144,128,tile8,3,981858
sample,262144,128,tile8,4,976210
sample,262144,128,tile8,5,971581
sample,262144,128,tile8,6,997626
sample,262144,128,tile8,7,971710
sample,262144,128,tile8,8,970794
sample,262144,128,tile8,9,1047488
sample,262144,128,tile8,10,968840
sample,262144,128,tile8,11,1002099
sample,262144,128,tile8,12,994794
sample,262144,128,tile8,13,987923
sample,262144,128,tile8,14,993998
sample,262144,128,tile8,15,998108
sample,262144,128,tile8,16,986441
sample,262144,128,tile8,17,1000432
sample,262144,128,tile8,18,980200
sample,262144,128,tile8,19,996460
sample,262144,128,tile8,20,972784
sample,262144,128,tile8,21,1077126
sample,262144,128,tile8,22,963006
sample,262144,128,tile8,23,914017
sample,262144,128,tile8,24,912386
sample,262144,128,tile8,25,910006
sample,262144,128,tile8,26,905109
sample,262144,128,tile8,27,907572
sample,262144,128,tile8,28,950544
sample,262144,128,tile8,29,865775
skipped_limit,262144,512,vec4,16777216,67108864,NA,NA,NA,NA,NA,NA,NA,cohort_dispatch_limit,none
skipped_limit,262144,512,fused2,16777216,67108864,NA,NA,NA,NA,NA,NA,NA,cohort_dispatch_limit,none
skipped_limit,262144,512,tile8,16777216,67108864,NA,NA,NA,NA,NA,NA,NA,cohort_dispatch_limit,none
skipped_limit,262144,2048,vec4,67108864,268435456,NA,NA,NA,NA,NA,NA,NA,cohort_dispatch_limit,none
skipped_limit,262144,2048,fused2,67108864,268435456,NA,NA,NA,NA,NA,NA,NA,cohort_dispatch_limit,none
skipped_limit,262144,2048,tile8,67108864,268435456,NA,NA,NA,NA,NA,NA,NA,cohort_dispatch_limit,none
skipped_limit,1048576,128,vec4,16777216,67108864,NA,NA,NA,NA,NA,NA,NA,cohort_dispatch_limit,none
skipped_limit,1048576,128,fused2,16777216,67108864,NA,NA,NA,NA,NA,NA,NA,cohort_dispatch_limit,none
skipped_limit,1048576,128,tile8,16777216,67108864,NA,NA,NA,NA,NA,NA,NA,cohort_dispatch_limit,none
skipped_limit,1048576,512,vec4,67108864,268435456,NA,NA,NA,NA,NA,NA,NA,cohort_dispatch_limit,none
skipped_limit,1048576,512,fused2,67108864,268435456,NA,NA,NA,NA,NA,NA,NA,cohort_dispatch_limit,none
skipped_limit,1048576,512,tile8,67108864,268435456,NA,NA,NA,NA,NA,NA,NA,cohort_dispatch_limit,none
skipped_limit,1048576,2048,vec4,268435456,1073741824,NA,NA,NA,NA,NA,NA,NA,cohort_dispatch_limit,none
skipped_limit,1048576,2048,fused2,268435456,1073741824,NA,NA,NA,NA,NA,NA,NA,cohort_dispatch_limit,none
skipped_limit,1048576,2048,tile8,268435456,1073741824,NA,NA,NA,NA,NA,NA,NA,cohort_dispatch_limit,none
qualification_status=complete
