benchmark=pvp3d_three_candidate_same_device
source_revision=ddb6f0144821dfa29d268601e7087e5001278e52
adapter=NVIDIA Tegra NVIDIA Thor
backend=Vulkan
device_type=IntegratedGpu
vendor_id=4318
device_id=11008
driver=NVIDIA
driver_info=580.00
hardware_measurement_eligible=true
physical_admission=external_remoteops_evidence_required
performance_claim=none
primary_timing_scope=resident_encode_plus_queue_submit_plus_device_wait
state_reset_scope=completed_before_timer
correctness_readback_scope=before_and_after_timing
candidate_order=ABC_ACB_BAC_BCA_CAB_CBA
resident_payload_scope=source_plus_three_states_excludes_driver_uniforms_and_readback
status,k,g,candidate,state_bytes,resident_payload_bytes,warmups,repeats,logical_dispatches,p50_ns,p95_ns,input_checksum,output_checksum,skip_reason,performance_claim
measured,256,128,vec4,4096,16384,5,30,8,235656,253387,4c67926a9205d7b4,956299587c8af4b4,none,none
sample,256,128,vec4,0,240417
sample,256,128,vec4,1,236629
sample,256,128,vec4,2,235656
sample,256,128,vec4,3,235452
sample,256,128,vec4,4,238676
sample,256,128,vec4,5,236110
sample,256,128,vec4,6,231389
sample,256,128,vec4,7,233045
sample,256,128,vec4,8,226897
sample,256,128,vec4,9,231139
sample,256,128,vec4,10,228953
sample,256,128,vec4,11,232082
sample,256,128,vec4,12,232981
sample,256,128,vec4,13,233546
sample,256,128,vec4,14,238175
sample,256,128,vec4,15,253387
sample,256,128,vec4,16,239630
sample,256,128,vec4,17,231656
sample,256,128,vec4,18,232139
sample,256,128,vec4,19,228305
sample,256,128,vec4,20,226823
sample,256,128,vec4,21,235897
sample,256,128,vec4,22,240519
sample,256,128,vec4,23,238194
sample,256,128,vec4,24,236111
sample,256,128,vec4,25,240139
sample,256,128,vec4,26,270869
sample,256,128,vec4,27,235231
sample,256,128,vec4,28,240222
sample,256,128,vec4,29,241704
measured,256,128,fused2,4096,16384,5,30,7,212084,260304,4c67926a9205d7b4,956299587c8af4b4,none,none
sample,256,128,fused2,0,222407
sample,256,128,fused2,1,214444
sample,256,128,fused2,2,212350
sample,256,128,fused2,3,210491
sample,256,128,fused2,4,212084
sample,256,128,fused2,5,225768
sample,256,128,fused2,6,245981
sample,256,128,fused2,7,208028
sample,256,128,fused2,8,211314
sample,256,128,fused2,9,205703
sample,256,128,fused2,10,210378
sample,256,128,fused2,11,207916
sample,256,128,fused2,12,210685
sample,256,128,fused2,13,209176
sample,256,128,fused2,14,214166
sample,256,128,fused2,15,209092
sample,256,128,fused2,16,260304
sample,256,128,fused2,17,210360
sample,256,128,fused2,18,208157
sample,256,128,fused2,19,217194
sample,256,128,fused2,20,207249
sample,256,128,fused2,21,208982
sample,256,128,fused2,22,212305
sample,256,128,fused2,23,210805
sample,256,128,fused2,24,214527
sample,256,128,fused2,25,216017
sample,256,128,fused2,26,377888
sample,256,128,fused2,27,216824
sample,256,128,fused2,28,215463
sample,256,128,fused2,29,223388
measured,256,128,tile8,4096,16384,5,30,6,188556,195036,4c67926a9205d7b4,956299587c8af4b4,none,none
sample,256,128,tile8,0,189230
sample,256,128,tile8,1,191036
sample,256,128,tile8,2,189009
sample,256,128,tile8,3,188555
sample,256,128,tile8,4,190054
sample,256,128,tile8,5,188684
sample,256,128,tile8,6,188323
sample,256,128,tile8,7,185898
sample,256,128,tile8,8,184824
sample,256,128,tile8,9,181703
sample,256,128,tile8,10,185713
sample,256,128,tile8,11,181963
sample,256,128,tile8,12,189592
sample,256,128,tile8,13,187860
sample,256,128,tile8,14,188565
sample,256,128,tile8,15,189471
sample,256,128,tile8,16,188898
sample,256,128,tile8,17,188009
sample,256,128,tile8,18,184304
sample,256,128,tile8,19,186898
sample,256,128,tile8,20,188556
sample,256,128,tile8,21,187545
sample,256,128,tile8,22,188083
sample,256,128,tile8,23,187814
sample,256,128,tile8,24,188713
sample,256,128,tile8,25,190388
sample,256,128,tile8,26,199924
sample,256,128,tile8,27,190231
sample,256,128,tile8,28,195036
sample,256,128,tile8,29,191972
measured,256,512,vec4,16384,65536,5,30,8,253323,288944,38bbe1f688e24d78,1c8bb372f8f1302e,none,none
sample,256,512,vec4,0,246028
sample,256,512,vec4,1,246175
sample,256,512,vec4,2,241453
sample,256,512,vec4,3,244638
sample,256,512,vec4,4,288944
sample,256,512,vec4,5,241860
sample,256,512,vec4,6,240378
sample,256,512,vec4,7,243805
sample,256,512,vec4,8,267129
sample,256,512,vec4,9,247657
sample,256,512,vec4,10,247768
sample,256,512,vec4,11,250786
sample,256,512,vec4,12,250277
sample,256,512,vec4,13,255778
sample,256,512,vec4,14,255092
sample,256,512,vec4,15,252897
sample,256,512,vec4,16,252962
sample,256,512,vec4,17,286510
sample,256,512,vec4,18,260019
sample,256,512,vec4,19,266360
sample,256,512,vec4,20,252556
sample,256,512,vec4,21,254814
sample,256,512,vec4,22,255371
sample,256,512,vec4,23,256703
sample,256,512,vec4,24,257379
sample,256,512,vec4,25,261601
sample,256,512,vec4,26,261378
sample,256,512,vec4,27,306684
sample,256,512,vec4,28,265954
sample,256,512,vec4,29,253323
measured,256,512,fused2,16384,65536,5,30,7,228500,270565,38bbe1f688e24d78,1c8bb372f8f1302e,none,none
sample,256,512,fused2,0,221443
sample,256,512,fused2,1,218999
sample,256,512,fused2,2,221379
sample,256,512,fused2,3,215917
sample,256,512,fused2,4,219333
sample,256,512,fused2,5,216749
sample,256,512,fused2,6,218268
sample,256,512,fused2,7,217491
sample,256,512,fused2,8,218815
sample,256,512,fused2,9,225434
sample,256,512,fused2,10,225879
sample,256,512,fused2,11,225693
sample,256,512,fused2,12,225648
sample,256,512,fused2,13,229972
sample,256,512,fused2,14,227925
sample,256,512,fused2,15,233351
sample,256,512,fused2,16,509016
sample,256,512,fused2,17,239972
sample,256,512,fused2,18,270565
sample,256,512,fused2,19,229276
sample,256,512,fused2,20,229203
sample,256,512,fused2,21,228536
sample,256,512,fused2,22,228500
sample,256,512,fused2,23,230064
sample,256,512,fused2,24,232778
sample,256,512,fused2,25,238871
sample,256,512,fused2,26,233333
sample,256,512,fused2,27,240407
sample,256,512,fused2,28,230685
sample,256,512,fused2,29,232554
measured,256,512,tile8,16384,65536,5,30,6,203398,220472,38bbe1f688e24d78,1c8bb372f8f1302e,none,none
sample,256,512,tile8,0,196620
sample,256,512,tile8,1,194852
sample,256,512,tile8,2,195564
sample,256,512,tile8,3,203768
sample,256,512,tile8,4,196389
sample,256,512,tile8,5,193073
sample,256,512,tile8,6,195315
sample,256,512,tile8,7,197648
sample,256,512,tile8,8,199999
sample,256,512,tile8,9,199694
sample,256,512,tile8,10,203452
sample,256,512,tile8,11,200389
sample,256,512,tile8,12,201481
sample,256,512,tile8,13,204564
sample,256,512,tile8,14,205167
sample,256,512,tile8,15,202443
sample,256,512,tile8,16,200537
sample,256,512,tile8,17,227971
sample,256,512,tile8,18,207352
sample,256,512,tile8,19,205351
sample,256,512,tile8,20,203398
sample,256,512,tile8,21,205517
sample,256,512,tile8,22,209454
sample,256,512,tile8,23,205313
sample,256,512,tile8,24,205601
sample,256,512,tile8,25,209092
sample,256,512,tile8,26,220472
sample,256,512,tile8,27,211314
sample,256,512,tile8,28,205010
sample,256,512,tile8,29,202082
measured,256,2048,vec4,65536,262144,5,30,8,278268,297555,c9e538e9f9dccedd,259153fc2c7bc4e7,none,none
sample,256,2048,vec4,0,275231
sample,256,2048,vec4,1,268121
sample,256,2048,vec4,2,273526
sample,256,2048,vec4,3,279389
sample,256,2048,vec4,4,267795
sample,256,2048,vec4,5,263777
sample,256,2048,vec4,6,267556
sample,256,2048,vec4,7,269110
sample,256,2048,vec4,8,269333
sample,256,2048,vec4,9,277564
sample,256,2048,vec4,10,277008
sample,256,2048,vec4,11,277767
sample,256,2048,vec4,12,336869
sample,256,2048,vec4,13,271759
sample,256,2048,vec4,14,270721
sample,256,2048,vec4,15,277889
sample,256,2048,vec4,16,278564
sample,256,2048,vec4,17,279332
sample,256,2048,vec4,18,278268
sample,256,2048,vec4,19,280490
sample,256,2048,vec4,20,284213
sample,256,2048,vec4,21,283879
sample,256,2048,vec4,22,284184
sample,256,2048,vec4,23,288703
sample,256,2048,vec4,24,287083
sample,256,2048,vec4,25,297555
sample,256,2048,vec4,26,285990
sample,256,2048,vec4,27,283851
sample,256,2048,vec4,28,287139
sample,256,2048,vec4,29,291415
measured,256,2048,fused2,65536,262144,5,30,7,251656,265508,c9e538e9f9dccedd,259153fc2c7bc4e7,none,none
sample,256,2048,fused2,0,246925
sample,256,2048,fused2,1,244592
sample,256,2048,fused2,2,243305
sample,256,2048,fused2,3,246602
sample,256,2048,fused2,4,240341
sample,256,2048,fused2,5,244870
sample,256,2048,fused2,6,239935
sample,256,2048,fused2,7,251953
sample,256,2048,fused2,8,240314
sample,256,2048,fused2,9,243241
sample,256,2048,fused2,10,251656
sample,256,2048,fused2,11,252073
sample,256,2048,fused2,12,265508
sample,256,2048,fused2,13,248073
sample,256,2048,fused2,14,242323
sample,256,2048,fused2,15,250768
sample,256,2048,fused2,16,253370
sample,256,2048,fused2,17,251156
sample,256,2048,fused2,18,251249
sample,256,2048,fused2,19,254537
sample,256,2048,fused2,20,255278
sample,256,2048,fused2,21,255990
sample,256,2048,fused2,22,255360
sample,256,2048,fused2,23,259713
sample,256,2048,fused2,24,259287
sample,256,2048,fused2,25,284193
sample,256,2048,fused2,26,257990
sample,256,2048,fused2,27,253740
sample,256,2048,fused2,28,260972
sample,256,2048,fused2,29,258685
measured,256,2048,tile8,65536,262144,5,30,6,229739,266823,c9e538e9f9dccedd,259153fc2c7bc4e7,none,none
sample,256,2048,tile8,0,224223
sample,256,2048,tile8,1,223620
sample,256,2048,tile8,2,223203
sample,256,2048,tile8,3,255343
sample,256,2048,tile8,4,255693
sample,256,2048,tile8,5,218583
sample,256,2048,tile8,6,218323
sample,256,2048,tile8,7,219925
sample,256,2048,tile8,8,224518
sample,256,2048,tile8,9,229499
sample,256,2048,tile8,10,228490
sample,256,2048,tile8,11,228767
sample,256,2048,tile8,12,266823
sample,256,2048,tile8,13,227926
sample,256,2048,tile8,14,222647
sample,256,2048,tile8,15,230416
sample,256,2048,tile8,16,227982
sample,256,2048,tile8,17,229739
sample,256,2048,tile8,18,230425
sample,256,2048,tile8,19,229712
sample,256,2048,tile8,20,233491
sample,256,2048,tile8,21,233526
sample,256,2048,tile8,22,231702
sample,256,2048,tile8,23,236519
sample,256,2048,tile8,24,270314
sample,256,2048,tile8,25,252962
sample,256,2048,tile8,26,235249
sample,256,2048,tile8,27,230925
sample,256,2048,tile8,28,237907
sample,256,2048,tile8,29,237703
measured,1024,128,vec4,16384,65536,5,30,10,383249,419925,26abf5bddd03bbc5,79acd556594188cd,none,none
sample,1024,128,vec4,0,356202
sample,1024,128,vec4,1,361425
sample,1024,128,vec4,2,370286
sample,1024,128,vec4,3,361629
sample,1024,128,vec4,4,361248
sample,1024,128,vec4,5,389194
sample,1024,128,vec4,6,378054
sample,1024,128,vec4,7,366869
sample,1024,128,vec4,8,373962
sample,1024,128,vec4,9,366619
sample,1024,128,vec4,10,362601
sample,1024,128,vec4,11,380536
sample,1024,128,vec4,12,378620
sample,1024,128,vec4,13,419925
sample,1024,128,vec4,14,383249
sample,1024,128,vec4,15,371360
sample,1024,128,vec4,16,377212
sample,1024,128,vec4,17,383305
sample,1024,128,vec4,18,385554
sample,1024,128,vec4,19,388739
sample,1024,128,vec4,20,385349
sample,1024,128,vec4,21,388601
sample,1024,128,vec4,22,394471
sample,1024,128,vec4,23,386610
sample,1024,128,vec4,24,387203
sample,1024,128,vec4,25,392638
sample,1024,128,vec4,26,396063
sample,1024,128,vec4,27,397276
sample,1024,128,vec4,28,443045
sample,1024,128,vec4,29,389870
measured,1024,128,fused2,16384,65536,5,30,9,351823,417118,26abf5bddd03bbc5,79acd556594188cd,none,none
sample,1024,128,fused2,0,331637
sample,1024,128,fused2,1,331110
sample,1024,128,fused2,2,332899
sample,1024,128,fused2,3,333980
sample,1024,128,fused2,4,332610
sample,1024,128,fused2,5,337952
sample,1024,128,fused2,6,382684
sample,1024,128,fused2,7,338323
sample,1024,128,fused2,8,341055
sample,1024,128,fused2,9,345249
sample,1024,128,fused2,10,341138
sample,1024,128,fused2,11,351823
sample,1024,128,fused2,12,417118
sample,1024,128,fused2,13,351314
sample,1024,128,fused2,14,349018
sample,1024,128,fused2,15,348814
sample,1024,128,fused2,16,344850
sample,1024,128,fused2,17,354119
sample,1024,128,fused2,18,353453
sample,1024,128,fused2,19,359036
sample,1024,128,fused2,20,353637
sample,1024,128,fused2,21,353850
sample,1024,128,fused2,22,428888
sample,1024,128,fused2,23,365434
sample,1024,128,fused2,24,357342
sample,1024,128,fused2,25,359296
sample,1024,128,fused2,26,362165
sample,1024,128,fused2,27,363054
sample,1024,128,fused2,28,362591
sample,1024,128,fused2,29,361833
measured,1024,128,tile8,16384,65536,5,30,8,316082,348712,26abf5bddd03bbc5,79acd556594188cd,none,none
sample,1024,128,tile8,0,297730
sample,1024,128,tile8,1,301739
sample,1024,128,tile8,2,301656
sample,1024,128,tile8,3,298675
sample,1024,128,tile8,4,299054
sample,1024,128,tile8,5,306230
sample,1024,128,tile8,6,307101
sample,1024,128,tile8,7,299749
sample,1024,128,tile8,8,312499
sample,1024,128,tile8,9,314527
sample,1024,128,tile8,10,301434
sample,1024,128,tile8,11,305508
sample,1024,128,tile8,12,314027
sample,1024,128,tile8,13,318953
sample,1024,128,tile8,14,317916
sample,1024,128,tile8,15,318832
sample,1024,128,tile8,16,313527
sample,1024,128,tile8,17,316082
sample,1024,128,tile8,18,319675
sample,1024,128,tile8,19,317415
sample,1024,128,tile8,20,319295
sample,1024,128,tile8,21,318777
sample,1024,128,tile8,22,352323
sample,1024,128,tile8,23,322953
sample,1024,128,tile8,24,324222
sample,1024,128,tile8,25,321045
sample,1024,128,tile8,26,325249
sample,1024,128,tile8,27,325443
sample,1024,128,tile8,28,326296
sample,1024,128,tile8,29,348712
measured,1024,512,vec4,65536,262144,5,30,10,408212,443582,0949b62ffc70d026,7663f0c9d3466943,none,none
sample,1024,512,vec4,0,406072
sample,1024,512,vec4,1,443582
sample,1024,512,vec4,2,418296
sample,1024,512,vec4,3,407341
sample,1024,512,vec4,4,398267
sample,1024,512,vec4,5,400499
sample,1024,512,vec4,6,410860
sample,1024,512,vec4,7,401212
sample,1024,512,vec4,8,390942
sample,1024,512,vec4,9,399592
sample,1024,512,vec4,10,412711
sample,1024,512,vec4,11,409841
sample,1024,512,vec4,12,408646
sample,1024,512,vec4,13,407666
sample,1024,512,vec4,14,408619
sample,1024,512,vec4,15,408600
sample,1024,512,vec4,16,398073
sample,1024,512,vec4,17,399961
sample,1024,512,vec4,18,402944
sample,1024,512,vec4,19,406027
sample,1024,512,vec4,20,460499
sample,1024,512,vec4,21,408212
sample,1024,512,vec4,22,417129
sample,1024,512,vec4,23,404767
sample,1024,512,vec4,24,402286
sample,1024,512,vec4,25,412184
sample,1024,512,vec4,26,414027
sample,1024,512,vec4,27,417258
sample,1024,512,vec4,28,415795
sample,1024,512,vec4,29,412072
measured,1024,512,fused2,65536,262144,5,30,9,375842,439638,0949b62ffc70d026,7663f0c9d3466943,none,none
sample,1024,512,fused2,0,380017
sample,1024,512,fused2,1,376110
sample,1024,512,fused2,2,379201
sample,1024,512,fused2,3,565341
sample,1024,512,fused2,4,369128
sample,1024,512,fused2,5,371212
sample,1024,512,fused2,6,400351
sample,1024,512,fused2,7,364499
sample,1024,512,fused2,8,359490
sample,1024,512,fused2,9,365416
sample,1024,512,fused2,10,378203
sample,1024,512,fused2,11,375842
sample,1024,512,fused2,12,371703
sample,1024,512,fused2,13,376369
sample,1024,512,fused2,14,375222
sample,1024,512,fused2,15,397350
sample,1024,512,fused2,16,366796
sample,1024,512,fused2,17,369906
sample,1024,512,fused2,18,374795
sample,1024,512,fused2,19,374870
sample,1024,512,fused2,20,372972
sample,1024,512,fused2,21,391656
sample,1024,512,fused2,22,376554
sample,1024,512,fused2,23,370703
sample,1024,512,fused2,24,375507
sample,1024,512,fused2,25,382286
sample,1024,512,fused2,26,391165
sample,1024,512,fused2,27,383323
sample,1024,512,fused2,28,384120
sample,1024,512,fused2,29,439638
measured,1024,512,tile8,65536,262144,5,30,8,347304,391665,0949b62ffc70d026,7663f0c9d3466943,none,none
sample,1024,512,tile8,0,346453
sample,1024,512,tile8,1,347823
sample,1024,512,tile8,2,317444
sample,1024,512,tile8,3,367648
sample,1024,512,tile8,4,339119
sample,1024,512,tile8,5,334684
sample,1024,512,tile8,6,340314
sample,1024,512,tile8,7,334610
sample,1024,512,tile8,8,346406
sample,1024,512,tile8,9,337582
sample,1024,512,tile8,10,360406
sample,1024,512,tile8,11,348018
sample,1024,512,tile8,12,346008
sample,1024,512,tile8,13,343444
sample,1024,512,tile8,14,408110
sample,1024,512,tile8,15,391665
sample,1024,512,tile8,16,346092
sample,1024,512,tile8,17,342647
sample,1024,512,tile8,18,344610
sample,1024,512,tile8,19,347304
sample,1024,512,tile8,20,358424
sample,1024,512,tile8,21,365184
sample,1024,512,tile8,22,347916
sample,1024,512,tile8,23,355592
sample,1024,512,tile8,24,343313
sample,1024,512,tile8,25,352730
sample,1024,512,tile8,26,356527
sample,1024,512,tile8,27,353203
sample,1024,512,tile8,28,365296
sample,1024,512,tile8,29,356138
measured,1024,2048,vec4,262144,1048576,5,30,10,421055,438360,2d4a1c573b9665e7,d32c613321b43c7f,none,none
sample,1024,2048,vec4,0,427786
sample,1024,2048,vec4,1,424360
sample,1024,2048,vec4,2,420786
sample,1024,2048,vec4,3,471155
sample,1024,2048,vec4,4,424907
sample,1024,2048,vec4,5,416210
sample,1024,2048,vec4,6,416054
sample,1024,2048,vec4,7,422046
sample,1024,2048,vec4,8,418147
sample,1024,2048,vec4,9,426573
sample,1024,2048,vec4,10,412027
sample,1024,2048,vec4,11,415574
sample,1024,2048,vec4,12,420212
sample,1024,2048,vec4,13,420731
sample,1024,2048,vec4,14,421055
sample,1024,2048,vec4,15,421275
sample,1024,2048,vec4,16,422896
sample,1024,2048,vec4,17,438360
sample,1024,2048,vec4,18,419183
sample,1024,2048,vec4,19,413702
sample,1024,2048,vec4,20,412369
sample,1024,2048,vec4,21,422119
sample,1024,2048,vec4,22,420878
sample,1024,2048,vec4,23,422526
sample,1024,2048,vec4,24,418777
sample,1024,2048,vec4,25,421656
sample,1024,2048,vec4,26,422044
sample,1024,2048,vec4,27,422267
sample,1024,2048,vec4,28,423267
sample,1024,2048,vec4,29,419157
measured,1024,2048,fused2,262144,1048576,5,30,9,385702,404814,2d4a1c573b9665e7,d32c613321b43c7f,none,none
sample,1024,2048,fused2,0,404814
sample,1024,2048,fused2,1,388796
sample,1024,2048,fused2,2,386231
sample,1024,2048,fused2,3,402007
sample,1024,2048,fused2,4,379961
sample,1024,2048,fused2,5,380184
sample,1024,2048,fused2,6,380841
sample,1024,2048,fused2,7,384406
sample,1024,2048,fused2,8,385702
sample,1024,2048,fused2,9,388118
sample,1024,2048,fused2,10,378055
sample,1024,2048,fused2,11,377721
sample,1024,2048,fused2,12,386980
sample,1024,2048,fused2,13,386091
sample,1024,2048,fused2,14,384952
sample,1024,2048,fused2,15,390193
sample,1024,2048,fused2,16,390777
sample,1024,2048,fused2,17,397109
sample,1024,2048,fused2,18,382064
sample,1024,2048,fused2,19,384480
sample,1024,2048,fused2,20,378221
sample,1024,2048,fused2,21,387694
sample,1024,2048,fused2,22,387240
sample,1024,2048,fused2,23,410185
sample,1024,2048,fused2,24,378055
sample,1024,2048,fused2,25,379361
sample,1024,2048,fused2,26,384786
sample,1024,2048,fused2,27,387064
sample,1024,2048,fused2,28,386990
sample,1024,2048,fused2,29,384535
measured,1024,2048,tile8,262144,1048576,5,30,8,366415,392675,2d4a1c573b9665e7,d32c613321b43c7f,none,none
sample,1024,2048,tile8,0,378240
sample,1024,2048,tile8,1,371961
sample,1024,2048,tile8,2,371675
sample,1024,2048,tile8,3,377767
sample,1024,2048,tile8,4,366369
sample,1024,2048,tile8,5,363583
sample,1024,2048,tile8,6,371907
sample,1024,2048,tile8,7,366415
sample,1024,2048,tile8,8,392675
sample,1024,2048,tile8,9,427490
sample,1024,2048,tile8,10,361258
sample,1024,2048,tile8,11,358277
sample,1024,2048,tile8,12,370027
sample,1024,2048,tile8,13,365119
sample,1024,2048,tile8,14,366582
sample,1024,2048,tile8,15,367629
sample,1024,2048,tile8,16,368295
sample,1024,2048,tile8,17,365129
sample,1024,2048,tile8,18,360267
sample,1024,2048,tile8,19,360730
sample,1024,2048,tile8,20,367703
sample,1024,2048,tile8,21,370111
sample,1024,2048,tile8,22,367499
sample,1024,2048,tile8,23,390619
sample,1024,2048,tile8,24,361314
sample,1024,2048,tile8,25,363693
sample,1024,2048,tile8,26,362036
sample,1024,2048,tile8,27,365656
sample,1024,2048,tile8,28,364878
sample,1024,2048,tile8,29,366221
measured,4096,128,vec4,65536,262144,5,30,12,486729,537869,d878e557b6daedce,8cc85ceb09c8efed,none,none
sample,4096,128,vec4,0,483702
sample,4096,128,vec4,1,493508
sample,4096,128,vec4,2,490999
sample,4096,128,vec4,3,492027
sample,4096,128,vec4,4,490203
sample,4096,128,vec4,5,537869
sample,4096,128,vec4,6,502248
sample,4096,128,vec4,7,481119
sample,4096,128,vec4,8,481841
sample,4096,128,vec4,9,490878
sample,4096,128,vec4,10,489276
sample,4096,128,vec4,11,491155
sample,4096,128,vec4,12,480823
sample,4096,128,vec4,13,479591
sample,4096,128,vec4,14,489665
sample,4096,128,vec4,15,486165
sample,4096,128,vec4,16,492405
sample,4096,128,vec4,17,485109
sample,4096,128,vec4,18,484379
sample,4096,128,vec4,19,515388
sample,4096,128,vec4,20,484628
sample,4096,128,vec4,21,486360
sample,4096,128,vec4,22,485008
sample,4096,128,vec4,23,485064
sample,4096,128,vec4,24,550674
sample,4096,128,vec4,25,482359
sample,4096,128,vec4,26,486729
sample,4096,128,vec4,27,488692
sample,4096,128,vec4,28,485211
sample,4096,128,vec4,29,488795
measured,4096,128,fused2,65536,262144,5,30,11,454988,468471,d878e557b6daedce,8cc85ceb09c8efed,none,none
sample,4096,128,fused2,0,450231
sample,4096,128,fused2,1,461666
sample,4096,128,fused2,2,457313
sample,4096,128,fused2,3,458906
sample,4096,128,fused2,4,456748
sample,4096,128,fused2,5,450944
sample,4096,128,fused2,6,455054
sample,4096,128,fused2,7,452461
sample,4096,128,fused2,8,449073
sample,4096,128,fused2,9,454988
sample,4096,128,fused2,10,458869
sample,4096,128,fused2,11,505638
sample,4096,128,fused2,12,447952
sample,4096,128,fused2,13,455767
sample,4096,128,fused2,14,452786
sample,4096,128,fused2,15,452517
sample,4096,128,fused2,16,456832
sample,4096,128,fused2,17,449749
sample,4096,128,fused2,18,468471
sample,4096,128,fused2,19,454351
sample,4096,128,fused2,20,448694
sample,4096,128,fused2,21,457666
sample,4096,128,fused2,22,453054
sample,4096,128,fused2,23,455563
sample,4096,128,fused2,24,462887
sample,4096,128,fused2,25,452351
sample,4096,128,fused2,26,448267
sample,4096,128,fused2,27,456813
sample,4096,128,fused2,28,463740
sample,4096,128,fused2,29,450860
measured,4096,128,tile8,65536,262144,5,30,10,423647,433953,d878e557b6daedce,8cc85ceb09c8efed,none,none
sample,4096,128,tile8,0,427378
sample,4096,128,tile8,1,425230
sample,4096,128,tile8,2,427267
sample,4096,128,tile8,3,424897
sample,4096,128,tile8,4,422480
sample,4096,128,tile8,5,423647
sample,4096,128,tile8,6,422129
sample,4096,128,tile8,7,418944
sample,4096,128,tile8,8,423758
sample,4096,128,tile8,9,424861
sample,4096,128,tile8,10,424796
sample,4096,128,tile8,11,424342
sample,4096,128,tile8,12,419508
sample,4096,128,tile8,13,432508
sample,4096,128,tile8,14,421916
sample,4096,128,tile8,15,421026
sample,4096,128,tile8,16,434712
sample,4096,128,tile8,17,418407
sample,4096,128,tile8,18,433953
sample,4096,128,tile8,19,432378
sample,4096,128,tile8,20,416823
sample,4096,128,tile8,21,419240
sample,4096,128,tile8,22,425340
sample,4096,128,tile8,23,421842
sample,4096,128,tile8,24,413944
sample,4096,128,tile8,25,428944
sample,4096,128,tile8,26,428296
sample,4096,128,tile8,27,421619
sample,4096,128,tile8,28,421295
sample,4096,128,tile8,29,422897
measured,4096,512,vec4,262144,1048576,5,30,12,496812,528861,07e875993970433c,207dceeda1be3f5b,none,none
sample,4096,512,vec4,0,493332
sample,4096,512,vec4,1,504915
sample,4096,512,vec4,2,497388
sample,4096,512,vec4,3,497277
sample,4096,512,vec4,4,498970
sample,4096,512,vec4,5,496416
sample,4096,512,vec4,6,498692
sample,4096,512,vec4,7,494351
sample,4096,512,vec4,8,503998
sample,4096,512,vec4,9,494378
sample,4096,512,vec4,10,522045
sample,4096,512,vec4,11,494785
sample,4096,512,vec4,12,496943
sample,4096,512,vec4,13,496998
sample,4096,512,vec4,14,495906
sample,4096,512,vec4,15,496812
sample,4096,512,vec4,16,495785
sample,4096,512,vec4,17,528861
sample,4096,512,vec4,18,545721
sample,4096,512,vec4,19,488952
sample,4096,512,vec4,20,491990
sample,4096,512,vec4,21,498508
sample,4096,512,vec4,22,510694
sample,4096,512,vec4,23,487720
sample,4096,512,vec4,24,487369
sample,4096,512,vec4,25,490962
sample,4096,512,vec4,26,490489
sample,4096,512,vec4,27,499007
sample,4096,512,vec4,28,494664
sample,4096,512,vec4,29,523305
measured,4096,512,fused2,262144,1048576,5,30,11,461305,488481,07e875993970433c,207dceeda1be3f5b,none,none
sample,4096,512,fused2,0,452581
sample,4096,512,fused2,1,466730
sample,4096,512,fused2,2,460805
sample,4096,512,fused2,3,471277
sample,4096,512,fused2,4,464601
sample,4096,512,fused2,5,488481
sample,4096,512,fused2,6,465647
sample,4096,512,fused2,7,463563
sample,4096,512,fused2,8,452462
sample,4096,512,fused2,9,459840
sample,4096,512,fused2,10,529590
sample,4096,512,fused2,11,454925
sample,4096,512,fused2,12,453962
sample,4096,512,fused2,13,461721
sample,4096,512,fused2,14,459776
sample,4096,512,fused2,15,463092
sample,4096,512,fused2,16,462166
sample,4096,512,fused2,17,459748
sample,4096,512,fused2,18,462701
sample,4096,512,fused2,19,459851
sample,4096,512,fused2,20,461138
sample,4096,512,fused2,21,467545
sample,4096,512,fused2,22,470740
sample,4096,512,fused2,23,458406
sample,4096,512,fused2,24,453675
sample,4096,512,fused2,25,469916
sample,4096,512,fused2,26,459527
sample,4096,512,fused2,27,460526
sample,4096,512,fused2,28,462009
sample,4096,512,fused2,29,461305
measured,4096,512,tile8,262144,1048576,5,30,10,444415,451980,07e875993970433c,207dceeda1be3f5b,none,none
sample,4096,512,tile8,0,443703
sample,4096,512,tile8,1,444101
sample,4096,512,tile8,2,445323
sample,4096,512,tile8,3,444322
sample,4096,512,tile8,4,437981
sample,4096,512,tile8,5,441044
sample,4096,512,tile8,6,438516
sample,4096,512,tile8,7,440462
sample,4096,512,tile8,8,444415
sample,4096,512,tile8,9,442397
sample,4096,512,tile8,10,444545
sample,4096,512,tile8,11,441805
sample,4096,512,tile8,12,451611
sample,4096,512,tile8,13,446378
sample,4096,512,tile8,14,444471
sample,4096,512,tile8,15,445990
sample,4096,512,tile8,16,447703
sample,4096,512,tile8,17,442694
sample,4096,512,tile8,18,447712
sample,4096,512,tile8,19,437073
sample,4096,512,tile8,20,444851
sample,4096,512,tile8,21,441544
sample,4096,512,tile8,22,442915
sample,4096,512,tile8,23,467628
sample,4096,512,tile8,24,442924
sample,4096,512,tile8,25,447952
sample,4096,512,tile8,26,445665
sample,4096,512,tile8,27,451980
sample,4096,512,tile8,28,445082
sample,4096,512,tile8,29,445489
measured,4096,2048,vec4,1048576,4194304,5,30,12,551869,596859,4143a88e49ed614b,e0842ad8f72c0c9f,none,none
sample,4096,2048,vec4,0,550350
sample,4096,2048,vec4,1,554406
sample,4096,2048,vec4,2,549072
sample,4096,2048,vec4,3,545804
sample,4096,2048,vec4,4,543248
sample,4096,2048,vec4,5,556368
sample,4096,2048,vec4,6,551305
sample,4096,2048,vec4,7,561526
sample,4096,2048,vec4,8,548509
sample,4096,2048,vec4,9,547340
sample,4096,2048,vec4,10,550082
sample,4096,2048,vec4,11,555220
sample,4096,2048,vec4,12,548610
sample,4096,2048,vec4,13,596859
sample,4096,2048,vec4,14,543359
sample,4096,2048,vec4,15,555703
sample,4096,2048,vec4,16,551869
sample,4096,2048,vec4,17,555175
sample,4096,2048,vec4,18,550416
sample,4096,2048,vec4,19,549693
sample,4096,2048,vec4,20,548842
sample,4096,2048,vec4,21,557683
sample,4096,2048,vec4,22,553841
sample,4096,2048,vec4,23,614600
sample,4096,2048,vec4,24,564165
sample,4096,2048,vec4,25,552970
sample,4096,2048,vec4,26,552286
sample,4096,2048,vec4,27,549073
sample,4096,2048,vec4,28,554535
sample,4096,2048,vec4,29,573211
measured,4096,2048,fused2,1048576,4194304,5,30,11,514572,575471,4143a88e49ed614b,e0842ad8f72c0c9f,none,none
sample,4096,2048,fused2,0,514517
sample,4096,2048,fused2,1,519610
sample,4096,2048,fused2,2,514572
sample,4096,2048,fused2,3,586915
sample,4096,2048,fused2,4,523859
sample,4096,2048,fused2,5,517082
sample,4096,2048,fused2,6,517036
sample,4096,2048,fused2,7,514221
sample,4096,2048,fused2,8,513684
sample,4096,2048,fused2,9,523425
sample,4096,2048,fused2,10,513721
sample,4096,2048,fused2,11,515248
sample,4096,2048,fused2,12,520165
sample,4096,2048,fused2,13,517341
sample,4096,2048,fused2,14,508110
sample,4096,2048,fused2,15,511979
sample,4096,2048,fused2,16,512082
sample,4096,2048,fused2,17,511351
sample,4096,2048,fused2,18,514092
sample,4096,2048,fused2,19,558933
sample,4096,2048,fused2,20,512729
sample,4096,2048,fused2,21,513147
sample,4096,2048,fused2,22,520831
sample,4096,2048,fused2,23,575471
sample,4096,2048,fused2,24,511611
sample,4096,2048,fused2,25,519850
sample,4096,2048,fused2,26,514027
sample,4096,2048,fused2,27,516786
sample,4096,2048,fused2,28,510758
sample,4096,2048,fused2,29,516091
measured,4096,2048,tile8,1048576,4194304,5,30,10,544369,561813,4143a88e49ed614b,e0842ad8f72c0c9f,none,none
sample,4096,2048,tile8,0,546025
sample,4096,2048,tile8,1,541378
sample,4096,2048,tile8,2,561813
sample,4096,2048,tile8,3,546175
sample,4096,2048,tile8,4,540665
sample,4096,2048,tile8,5,546331
sample,4096,2048,tile8,6,539165
sample,4096,2048,tile8,7,540091
sample,4096,2048,tile8,8,553592
sample,4096,2048,tile8,9,551377
sample,4096,2048,tile8,10,542211
sample,4096,2048,tile8,11,551489
sample,4096,2048,tile8,12,544286
sample,4096,2048,tile8,13,588674
sample,4096,2048,tile8,14,541017
sample,4096,2048,tile8,15,545295
sample,4096,2048,tile8,16,539832
sample,4096,2048,tile8,17,548396
sample,4096,2048,tile8,18,538638
sample,4096,2048,tile8,19,546340
sample,4096,2048,tile8,20,539943
sample,4096,2048,tile8,21,545915
sample,4096,2048,tile8,22,544887
sample,4096,2048,tile8,23,544369
sample,4096,2048,tile8,24,541518
sample,4096,2048,tile8,25,550897
sample,4096,2048,tile8,26,547786
sample,4096,2048,tile8,27,539961
sample,4096,2048,tile8,28,543554
sample,4096,2048,tile8,29,540833
measured,16384,128,vec4,262144,1048576,5,30,14,566192,574953,318e48fc80dadb1f,a09bc0e13ecf9bf8,none,none
sample,16384,128,vec4,0,571017
sample,16384,128,vec4,1,575118
sample,16384,128,vec4,2,564082
sample,16384,128,vec4,3,564666
sample,16384,128,vec4,4,566229
sample,16384,128,vec4,5,562156
sample,16384,128,vec4,6,559470
sample,16384,128,vec4,7,573479
sample,16384,128,vec4,8,574535
sample,16384,128,vec4,9,563592
sample,16384,128,vec4,10,558396
sample,16384,128,vec4,11,571183
sample,16384,128,vec4,12,565544
sample,16384,128,vec4,13,567471
sample,16384,128,vec4,14,563675
sample,16384,128,vec4,15,561434
sample,16384,128,vec4,16,560572
sample,16384,128,vec4,17,567953
sample,16384,128,vec4,18,570063
sample,16384,128,vec4,19,567332
sample,16384,128,vec4,20,557553
sample,16384,128,vec4,21,566192
sample,16384,128,vec4,22,568036
sample,16384,128,vec4,23,574953
sample,16384,128,vec4,24,567897
sample,16384,128,vec4,25,563869
sample,16384,128,vec4,26,557776
sample,16384,128,vec4,27,568063
sample,16384,128,vec4,28,564203
sample,16384,128,vec4,29,570758
measured,16384,128,fused2,262144,1048576,5,30,13,536072,541119,318e48fc80dadb1f,a09bc0e13ecf9bf8,none,none
sample,16384,128,fused2,0,538943
sample,16384,128,fused2,1,540730
sample,16384,128,fused2,2,541119
sample,16384,128,fused2,3,535026
sample,16384,128,fused2,4,528924
sample,16384,128,fused2,5,525647
sample,16384,128,fused2,6,526536
sample,16384,128,fused2,7,539776
sample,16384,128,fused2,8,534786
sample,16384,128,fused2,9,534887
sample,16384,128,fused2,10,556026
sample,16384,128,fused2,11,538869
sample,16384,128,fused2,12,538285
sample,16384,128,fused2,13,536072
sample,16384,128,fused2,14,535563
sample,16384,128,fused2,15,534230
sample,16384,128,fused2,16,525507
sample,16384,128,fused2,17,539888
sample,16384,128,fused2,18,537072
sample,16384,128,fused2,19,533924
sample,16384,128,fused2,20,529026
sample,16384,128,fused2,21,526879
sample,16384,128,fused2,22,540276
sample,16384,128,fused2,23,536397
sample,16384,128,fused2,24,536767
sample,16384,128,fused2,25,539961
sample,16384,128,fused2,26,533720
sample,16384,128,fused2,27,525600
sample,16384,128,fused2,28,540037
sample,16384,128,fused2,29,537998
measured,16384,128,tile8,262144,1048576,5,30,12,511351,519285,318e48fc80dadb1f,a09bc0e13ecf9bf8,none,none
sample,16384,128,tile8,0,515101
sample,16384,128,tile8,1,512581
sample,16384,128,tile8,2,511044
sample,16384,128,tile8,3,510424
sample,16384,128,tile8,4,511351
sample,16384,128,tile8,5,504887
sample,16384,128,tile8,6,507101
sample,16384,128,tile8,7,519285
sample,16384,128,tile8,8,513349
sample,16384,128,tile8,9,506999
sample,16384,128,tile8,10,510259
sample,16384,128,tile8,11,512693
sample,16384,128,tile8,12,517610
sample,16384,128,tile8,13,513248
sample,16384,128,tile8,14,512980
sample,16384,128,tile8,15,508239
sample,16384,128,tile8,16,510305
sample,16384,128,tile8,17,512433
sample,16384,128,tile8,18,510379
sample,16384,128,tile8,19,517952
sample,16384,128,tile8,20,511137
sample,16384,128,tile8,21,509887
sample,16384,128,tile8,22,513490
sample,16384,128,tile8,23,512794
sample,16384,128,tile8,24,509665
sample,16384,128,tile8,25,513148
sample,16384,128,tile8,26,506323
sample,16384,128,tile8,27,504201
sample,16384,128,tile8,28,523471
sample,16384,128,tile8,29,515433
measured,16384,512,vec4,1048576,4194304,5,30,14,637313,649461,08b87a1ca99fa7b8,cc66b7b8fae87df4,none,none
sample,16384,512,vec4,0,640535
sample,16384,512,vec4,1,632425
sample,16384,512,vec4,2,642174
sample,16384,512,vec4,3,640100
sample,16384,512,vec4,4,644072
sample,16384,512,vec4,5,638276
sample,16384,512,vec4,6,634026
sample,16384,512,vec4,7,643970
sample,16384,512,vec4,8,631628
sample,16384,512,vec4,9,623488
sample,16384,512,vec4,10,624989
sample,16384,512,vec4,11,635823
sample,16384,512,vec4,12,638831
sample,16384,512,vec4,13,637554
sample,16384,512,vec4,14,637313
sample,16384,512,vec4,15,628462
sample,16384,512,vec4,16,635470
sample,16384,512,vec4,17,632896
sample,16384,512,vec4,18,628359
sample,16384,512,vec4,19,638962
sample,16384,512,vec4,20,638517
sample,16384,512,vec4,21,641110
sample,16384,512,vec4,22,630397
sample,16384,512,vec4,23,634711
sample,16384,512,vec4,24,633924
sample,16384,512,vec4,25,635739
sample,16384,512,vec4,26,823424
sample,16384,512,vec4,27,649461
sample,16384,512,vec4,28,643090
sample,16384,512,vec4,29,645897
measured,16384,512,fused2,1048576,4194304,5,30,13,601332,631953,08b87a1ca99fa7b8,cc66b7b8fae87df4,none,none
sample,16384,512,fused2,0,592804
sample,16384,512,fused2,1,613387
sample,16384,512,fused2,2,604878
sample,16384,512,fused2,3,600275
sample,16384,512,fused2,4,601332
sample,16384,512,fused2,5,611962
sample,16384,512,fused2,6,599045
sample,16384,512,fused2,7,597101
sample,16384,512,fused2,8,594943
sample,16384,512,fused2,9,615803
sample,16384,512,fused2,10,612591
sample,16384,512,fused2,11,598183
sample,16384,512,fused2,12,597823
sample,16384,512,fused2,13,604303
sample,16384,512,fused2,14,606063
sample,16384,512,fused2,15,592305
sample,16384,512,fused2,16,598248
sample,16384,512,fused2,17,591488
sample,16384,512,fused2,18,612619
sample,16384,512,fused2,19,600952
sample,16384,512,fused2,20,604303
sample,16384,512,fused2,21,598350
sample,16384,512,fused2,22,594405
sample,16384,512,fused2,23,596619
sample,16384,512,fused2,24,603896
sample,16384,512,fused2,25,605239
sample,16384,512,fused2,26,843608
sample,16384,512,fused2,27,631953
sample,16384,512,fused2,28,610998
sample,16384,512,fused2,29,605442
measured,16384,512,tile8,1048576,4194304,5,30,12,623536,633711,08b87a1ca99fa7b8,cc66b7b8fae87df4,none,none
sample,16384,512,tile8,0,615933
sample,16384,512,tile8,1,622498
sample,16384,512,tile8,2,625230
sample,16384,512,tile8,3,626970
sample,16384,512,tile8,4,624452
sample,16384,512,tile8,5,624564
sample,16384,512,tile8,6,624350
sample,16384,512,tile8,7,623536
sample,16384,512,tile8,8,622202
sample,16384,512,tile8,9,617507
sample,16384,512,tile8,10,623443
sample,16384,512,tile8,11,623211
sample,16384,512,tile8,12,621674
sample,16384,512,tile8,13,628674
sample,16384,512,tile8,14,620433
sample,16384,512,tile8,15,615712
sample,16384,512,tile8,16,623657
sample,16384,512,tile8,17,615952
sample,16384,512,tile8,18,625647
sample,16384,512,tile8,19,624424
sample,16384,512,tile8,20,620591
sample,16384,512,tile8,21,619026
sample,16384,512,tile8,22,628480
sample,16384,512,tile8,23,618554
sample,16384,512,tile8,24,629331
sample,16384,512,tile8,25,616452
sample,16384,512,tile8,26,669989
sample,16384,512,tile8,27,633711
sample,16384,512,tile8,28,625072
sample,16384,512,tile8,29,625998
measured,16384,2048,vec4,4194304,16777216,5,30,14,772795,843877,6be3b72c15a212b9,3199380bd5011e6c,none,none
sample,16384,2048,vec4,0,835220
sample,16384,2048,vec4,1,827803
sample,16384,2048,vec4,2,836414
sample,16384,2048,vec4,3,836794
sample,16384,2048,vec4,4,836869
sample,16384,2048,vec4,5,843877
sample,16384,2048,vec4,6,837730
sample,16384,2048,vec4,7,833469
sample,16384,2048,vec4,8,834656
sample,16384,2048,vec4,9,843110
sample,16384,2048,vec4,10,838378
sample,16384,2048,vec4,11,836154
sample,16384,2048,vec4,12,889802
sample,16384,2048,vec4,13,710822
sample,16384,2048,vec4,14,674656
sample,16384,2048,vec4,15,683350
sample,16384,2048,vec4,16,683489
sample,16384,2048,vec4,17,702766
sample,16384,2048,vec4,18,696498
sample,16384,2048,vec4,19,704063
sample,16384,2048,vec4,20,710443
sample,16384,2048,vec4,21,718693
sample,16384,2048,vec4,22,731628
sample,16384,2048,vec4,23,746887
sample,16384,2048,vec4,24,739545
sample,16384,2048,vec4,25,744303
sample,16384,2048,vec4,26,769276
sample,16384,2048,vec4,27,772795
sample,16384,2048,vec4,28,787832
sample,16384,2048,vec4,29,812526
measured,16384,2048,fused2,4194304,16777216,5,30,13,740951,807757,6be3b72c15a212b9,3199380bd5011e6c,none,none
sample,16384,2048,fused2,0,793868
sample,16384,2048,fused2,1,791960
sample,16384,2048,fused2,2,791627
sample,16384,2048,fused2,3,797016
sample,16384,2048,fused2,4,797877
sample,16384,2048,fused2,5,806304
sample,16384,2048,fused2,6,807757
sample,16384,2048,fused2,7,803489
sample,16384,2048,fused2,8,791563
sample,16384,2048,fused2,9,798506
sample,16384,2048,fused2,10,795841
sample,16384,2048,fused2,11,794673
sample,16384,2048,fused2,12,799590
sample,16384,2048,fused2,13,652933
sample,16384,2048,fused2,14,640119
sample,16384,2048,fused2,15,645229
sample,16384,2048,fused2,16,657637
sample,16384,2048,fused2,17,661183
sample,16384,2048,fused2,18,659961
sample,16384,2048,fused2,19,679729
sample,16384,2048,fused2,20,677776
sample,16384,2048,fused2,21,674248
sample,16384,2048,fused2,22,708238
sample,16384,2048,fused2,23,707887
sample,16384,2048,fused2,24,707738
sample,16384,2048,fused2,25,726054
sample,16384,2048,fused2,26,728239
sample,16384,2048,fused2,27,740951
sample,16384,2048,fused2,28,808535
sample,16384,2048,fused2,29,800684
measured,16384,2048,tile8,4194304,16777216,5,30,12,937599,1013535,6be3b72c15a212b9,3199380bd5011e6c,none,none
sample,16384,2048,tile8,0,992544
sample,16384,2048,tile8,1,1012655
sample,16384,2048,tile8,2,996970
sample,16384,2048,tile8,3,996544
sample,16384,2048,tile8,4,1002164
sample,16384,2048,tile8,5,1006803
sample,16384,2048,tile8,6,1004441
sample,16384,2048,tile8,7,1002655
sample,16384,2048,tile8,8,1002923
sample,16384,2048,tile8,9,1001034
sample,16384,2048,tile8,10,1013535
sample,16384,2048,tile8,11,1001988
sample,16384,2048,tile8,12,894841
sample,16384,2048,tile8,13,873849
sample,16384,2048,tile8,14,859497
sample,16384,2048,tile8,15,867989
sample,16384,2048,tile8,16,865359
sample,16384,2048,tile8,17,878739
sample,16384,2048,tile8,18,878767
sample,16384,2048,tile8,19,885387
sample,16384,2048,tile8,20,898293
sample,16384,2048,tile8,21,886748
sample,16384,2048,tile8,22,900710
sample,16384,2048,tile8,23,915312
sample,16384,2048,tile8,24,910219
sample,16384,2048,tile8,25,923906
sample,16384,2048,tile8,26,937599
sample,16384,2048,tile8,27,947414
sample,16384,2048,tile8,28,946544
sample,16384,2048,tile8,29,1044052
measured,65536,128,vec4,1048576,4194304,5,30,16,718239,735489,9ec0db29a14c575b,4098921c6b362ecd,none,none
sample,65536,128,vec4,0,699378
sample,65536,128,vec4,1,709720
sample,65536,128,vec4,2,707933
sample,65536,128,vec4,3,715943
sample,65536,128,vec4,4,712693
sample,65536,128,vec4,5,720062
sample,65536,128,vec4,6,713600
sample,65536,128,vec4,7,719146
sample,65536,128,vec4,8,735489
sample,65536,128,vec4,9,725748
sample,65536,128,vec4,10,718906
sample,65536,128,vec4,11,723443
sample,65536,128,vec4,12,716757
sample,65536,128,vec4,13,715628
sample,65536,128,vec4,14,716285
sample,65536,128,vec4,15,720008
sample,65536,128,vec4,16,736127
sample,65536,128,vec4,17,722794
sample,65536,128,vec4,18,721238
sample,65536,128,vec4,19,713367
sample,65536,128,vec4,20,729924
sample,65536,128,vec4,21,712905
sample,65536,128,vec4,22,720378
sample,65536,128,vec4,23,718692
sample,65536,128,vec4,24,715839
sample,65536,128,vec4,25,719136
sample,65536,128,vec4,26,715554
sample,65536,128,vec4,27,718239
sample,65536,128,vec4,28,721276
sample,65536,128,vec4,29,713498
measured,65536,128,fused2,1048576,4194304,5,30,15,693488,700803,9ec0db29a14c575b,4098921c6b362ecd,none,none
sample,65536,128,fused2,0,674072
sample,65536,128,fused2,1,700803
sample,65536,128,fused2,2,690100
sample,65536,128,fused2,3,691183
sample,65536,128,fused2,4,696387
sample,65536,128,fused2,5,697776
sample,65536,128,fused2,6,700239
sample,65536,128,fused2,7,697146
sample,65536,128,fused2,8,692711
sample,65536,128,fused2,9,698526
sample,65536,128,fused2,10,683795
sample,65536,128,fused2,11,684619
sample,65536,128,fused2,12,688053
sample,65536,128,fused2,13,692516
sample,65536,128,fused2,14,693498
sample,65536,128,fused2,15,701619
sample,65536,128,fused2,16,694488
sample,65536,128,fused2,17,691424
sample,65536,128,fused2,18,696053
sample,65536,128,fused2,19,687100
sample,65536,128,fused2,20,686850
sample,65536,128,fused2,21,682192
sample,65536,128,fused2,22,695202
sample,65536,128,fused2,23,693896
sample,65536,128,fused2,24,698563
sample,65536,128,fused2,25,693488
sample,65536,128,fused2,26,699850
sample,65536,128,fused2,27,686044
sample,65536,128,fused2,28,694072
sample,65536,128,fused2,29,692248
measured,65536,128,tile8,1048576,4194304,5,30,14,701869,720360,9ec0db29a14c575b,4098921c6b362ecd,none,none
sample,65536,128,tile8,0,694878
sample,65536,128,tile8,1,694766
sample,65536,128,tile8,2,689507
sample,65536,128,tile8,3,720360
sample,65536,128,tile8,4,692258
sample,65536,128,tile8,5,722480
sample,65536,128,tile8,6,719434
sample,65536,128,tile8,7,701562
sample,65536,128,tile8,8,706471
sample,65536,128,tile8,9,707924
sample,65536,128,tile8,10,699192
sample,65536,128,tile8,11,697295
sample,65536,128,tile8,12,702600
sample,65536,128,tile8,13,706785
sample,65536,128,tile8,14,704952
sample,65536,128,tile8,15,706887
sample,65536,128,tile8,16,703174
sample,65536,128,tile8,17,700674
sample,65536,128,tile8,18,694443
sample,65536,128,tile8,19,698803
sample,65536,128,tile8,20,701869
sample,65536,128,tile8,21,695905
sample,65536,128,tile8,22,703924
sample,65536,128,tile8,23,701933
sample,65536,128,tile8,24,702813
sample,65536,128,tile8,25,707683
sample,65536,128,tile8,26,698322
sample,65536,128,tile8,27,701295
sample,65536,128,tile8,28,702591
sample,65536,128,tile8,29,698202
measured,65536,512,vec4,4194304,16777216,5,30,16,953812,987803,84d06402da633040,29115d73667dee45,none,none
sample,65536,512,vec4,0,953804
sample,65536,512,vec4,1,949385
sample,65536,512,vec4,2,954321
sample,65536,512,vec4,3,987803
sample,65536,512,vec4,4,953470
sample,65536,512,vec4,5,956006
sample,65536,512,vec4,6,969339
sample,65536,512,vec4,7,981951
sample,65536,512,vec4,8,956193
sample,65536,512,vec4,9,953376
sample,65536,512,vec4,10,963136
sample,65536,512,vec4,11,957339
sample,65536,512,vec4,12,942923
sample,65536,512,vec4,13,955376
sample,65536,512,vec4,14,944424
sample,65536,512,vec4,15,947628
sample,65536,512,vec4,16,953978
sample,65536,512,vec4,17,952702
sample,65536,512,vec4,18,950081
sample,65536,512,vec4,19,953071
sample,65536,512,vec4,20,949303
sample,65536,512,vec4,21,949376
sample,65536,512,vec4,22,958146
sample,65536,512,vec4,23,956701
sample,65536,512,vec4,24,947109
sample,65536,512,vec4,25,987099
sample,65536,512,vec4,26,990534
sample,65536,512,vec4,27,953812
sample,65536,512,vec4,28,953914
sample,65536,512,vec4,29,953655
measured,65536,512,fused2,4194304,16777216,5,30,15,914710,957443,84d06402da633040,29115d73667dee45,none,none
sample,65536,512,fused2,0,916960
sample,65536,512,fused2,1,955803
sample,65536,512,fused2,2,909859
sample,65536,512,fused2,3,915479
sample,65536,512,fused2,4,910978
sample,65536,512,fused2,5,910173
sample,65536,512,fused2,6,924211
sample,65536,512,fused2,7,905756
sample,65536,512,fused2,8,905071
sample,65536,512,fused2,9,918813
sample,65536,512,fused2,10,920321
sample,65536,512,fused2,11,916942
sample,65536,512,fused2,12,922720
sample,65536,512,fused2,13,946885
sample,65536,512,fused2,14,928516
sample,65536,512,fused2,15,957443
sample,65536,512,fused2,16,912192
sample,65536,512,fused2,17,910220
sample,65536,512,fused2,18,919340
sample,65536,512,fused2,19,913479
sample,65536,512,fused2,20,907775
sample,65536,512,fused2,21,914710
sample,65536,512,fused2,22,931054
sample,65536,512,fused2,23,915747
sample,65536,512,fused2,24,911858
sample,65536,512,fused2,25,907376
sample,65536,512,fused2,26,959257
sample,65536,512,fused2,27,909469
sample,65536,512,fused2,28,909072
sample,65536,512,fused2,29,909609
measured,65536,512,tile8,4194304,16777216,5,30,14,1106201,1175589,84d06402da633040,29115d73667dee45,none,none
sample,65536,512,tile8,0,1106543
sample,65536,512,tile8,1,1127340
sample,65536,512,tile8,2,1121692
sample,65536,512,tile8,3,1108700
sample,65536,512,tile8,4,1172108
sample,65536,512,tile8,5,1106201
sample,65536,512,tile8,6,1097580
sample,65536,512,tile8,7,1128200
sample,65536,512,tile8,8,1105164
sample,65536,512,tile8,9,1177803
sample,65536,512,tile8,10,1097173
sample,65536,512,tile8,11,1110257
sample,65536,512,tile8,12,1131617
sample,65536,512,tile8,13,1106191
sample,65536,512,tile8,14,1096617
sample,65536,512,tile8,15,1103794
sample,65536,512,tile8,16,1106923
sample,65536,512,tile8,17,1106580
sample,65536,512,tile8,18,1105246
sample,65536,512,tile8,19,1175589
sample,65536,512,tile8,20,1143108
sample,65536,512,tile8,21,1100367
sample,65536,512,tile8,22,1097997
sample,65536,512,tile8,23,1114673
sample,65536,512,tile8,24,1106552
sample,65536,512,tile8,25,1096071
sample,65536,512,tile8,26,1088644
sample,65536,512,tile8,27,1091849
sample,65536,512,tile8,28,1102746
sample,65536,512,tile8,29,1103618
skipped_limit,65536,2048,vec4,16777216,67108864,NA,NA,NA,NA,NA,NA,NA,cohort_dispatch_limit,none
skipped_limit,65536,2048,fused2,16777216,67108864,NA,NA,NA,NA,NA,NA,NA,cohort_dispatch_limit,none
skipped_limit,65536,2048,tile8,16777216,67108864,NA,NA,NA,NA,NA,NA,NA,cohort_dispatch_limit,none

thread 'main' panicked at examples/pvp3d_three_candidate_bench.rs:231:5:
PVP3d pre-timing oracle mismatch K=262144 G=128 candidate=Vec4 mismatched_words=16320 first_index_actual_expected=[(0, 2037321785, 3549435859), (1, 4133997613, 4230607782), (2, 4088336476, 2314666888), (3, 624396622, 1497423403), (4, 1473923937, 3248907674), (5, 3363496826, 2947629328), (6, 380159856, 1978882553), (7, 3332295219, 3343033727)]
note: run with `RUST_BACKTRACE=1` environment variable to display a backtrace
