    Updating crates.io index
    Updating git repository `https://github.com/Memorithm/ADA`
Depuis https://github.com/Memorithm/ADA
 * [nouvelle référence] f5075ac505df68f14199103eef189a061c4f3d3e -> refs/commit/f5075ac505df68f14199103eef189a061c4f3d3e
    Updating git repository `https://github.com/Memorithm/ElasticXxx.git`
Depuis https://github.com/Memorithm/ElasticXxx
 * [nouvelle référence] 1206b431d6cc05f85e2d16d17d0239d1200650c5 -> refs/commit/1206b431d6cc05f85e2d16d17d0239d1200650c5
 Downloading crates ...
  Downloaded bitflags v2.13.1
  Downloaded wgpu-core-deps-windows-linux-android v30.0.1
  Downloaded wgpu-naga-bridge v30.0.1
  Downloaded pollster v1.0.1
  Downloaded toml_writer v1.1.2+spec-1.1.0
  Downloaded toml_parser v1.1.3+spec-1.1.0
  Downloaded toml v1.1.6+spec-1.1.0
  Downloaded spirv v0.4.0+sdk-1.4.341.0
  Downloaded zerocopy-derive v0.8.56
  Downloaded ordered-float v5.4.0
  Downloaded log v0.4.34
  Downloaded wgpu-types v30.0.1
  Downloaded glow v0.17.0
  Downloaded winnow v1.0.4
  Downloaded indexmap v2.14.1
  Downloaded gpu-allocator v0.28.0
  Downloaded wgpu v30.0.1
  Downloaded bytemuck_derive v1.12.0
  Downloaded zerocopy v0.8.56
  Downloaded bit-vec v0.9.1
  Downloaded thiserror-impl v2.0.20
  Downloaded syn v3.0.4
  Downloaded thiserror v2.0.20
  Downloaded pkg-config v0.3.34
  Downloaded wgpu-core v30.0.1
  Downloaded naga-types v30.0.1
  Downloaded cfg_aliases v0.2.2
  Downloaded ash v0.38.0+1.3.281
  Downloaded wgpu-hal v30.0.1
  Downloaded bit-set v0.10.0
  Downloaded wayland-sys v0.31.11
  Downloaded dlib v0.5.3
  Downloaded naga v30.0.1
   Compiling proc-macro2 v1.0.107
   Compiling unicode-ident v1.0.24
   Compiling quote v1.0.47
   Compiling cfg-if v1.0.4
   Compiling cfg_aliases v0.2.2
   Compiling foldhash v0.2.0
   Compiling libm v0.2.16
   Compiling autocfg v1.5.1
   Compiling equivalent v1.0.2
   Compiling thiserror v2.0.20
   Compiling num-traits v0.2.19
   Compiling hashbrown v0.17.1
   Compiling syn v3.0.4
   Compiling syn v2.0.119
   Compiling libloading v0.8.9
   Compiling log v0.4.34
   Compiling libc v0.2.189
   Compiling zerocopy v0.8.56
   Compiling indexmap v2.14.1
   Compiling rustc-hash v1.1.0
   Compiling bitflags v2.13.1
   Compiling naga v30.0.1
   Compiling thiserror-impl v2.0.20
   Compiling bytemuck_derive v1.12.0
   Compiling bit-vec v0.9.1
   Compiling parking_lot_core v0.9.12
   Compiling naga-types v30.0.1
   Compiling zerocopy-derive v0.8.56
   Compiling pkg-config v0.3.34
   Compiling ash v0.38.0+1.3.281
   Compiling unicode-width v0.2.2
   Compiling once_cell v1.21.4
   Compiling codespan-reporting v0.13.1
   Compiling bit-set v0.10.0
   Compiling bytemuck v1.25.2
   Compiling wayland-sys v0.31.11
   Compiling spirv v0.4.0+sdk-1.4.341.0
   Compiling scopeguard v1.2.0
   Compiling arrayvec v0.7.8
   Compiling static_assertions v1.1.0
   Compiling raw-window-handle v0.6.2
   Compiling khronos-egl v6.0.0
   Compiling smallvec v1.15.2
   Compiling allocator-api2 v0.2.21
   Compiling hashbrown v0.16.1
   Compiling wgpu-types v30.0.1
   Compiling lock_api v0.4.14
   Compiling dlib v0.5.3
   Compiling wgpu-hal v30.0.1
   Compiling presser v0.3.1
   Compiling parking_lot v0.12.5
   Compiling half v2.7.1
   Compiling ordered-float v5.4.0
   Compiling serde_core v1.0.229
   Compiling glow v0.17.0
   Compiling renderdoc-sys v1.1.0
   Compiling profiling v1.0.18
   Compiling wgpu-core v30.0.1
   Compiling litrs v1.0.0
   Compiling document-features v0.2.12
   Compiling wgpu v30.0.1
   Compiling winnow v1.0.4
   Compiling serde_spanned v1.1.1
   Compiling toml_parser v1.1.3+spec-1.1.0
   Compiling toml_datetime v1.1.1+spec-1.1.0
   Compiling pollster v1.0.1
   Compiling toml_writer v1.1.2+spec-1.1.0
   Compiling toml v1.1.6+spec-1.1.0
   Compiling gpu-allocator v0.28.0
   Compiling wgpu-naga-bridge v30.0.1
   Compiling wgpu-core-deps-windows-linux-android v30.0.1
   Compiling flat-attention v0.1.0 (/var/tmp/remoteops-pvp-dell-d2.Ue67WZ8r/source)
    Finished `release` profile [optimized] target(s) in 1m 06s
   Compiling flat-attention v0.1.0 (/var/tmp/remoteops-pvp-dell-d2.Ue67WZ8r/source)
    Finished `release` profile [optimized] target(s) in 1.36s
  Executable tests/pvp_anf_bank.rs (target/release/deps/pvp_anf_bank-e9c9f854ae8c2b92)
