benchmark=pvp3d_three_candidate_same_device
source_revision=2fc5ad2ca4f5c27e2b1fdbb0ed328e6820e273af
explicit_map_transition=true
adapter=NVIDIA Tegra NVIDIA Thor
backend=Vulkan
device_type=IntegratedGpu
vendor_id=4318
device_id=11008
driver=NVIDIA
driver_info=580.00
hardware_measurement_eligible=true
physical_admission=external_remoteops_evidence_required
performance_claim=none
primary_timing_scope=resident_encode_plus_queue_submit_plus_device_wait
state_reset_scope=completed_before_timer
correctness_readback_scope=before_and_after_timing
candidate_order=ABC_ACB_BAC_BCA_CAB_CBA
resident_payload_scope=source_plus_three_states_excludes_driver_uniforms_and_readback
status,k,g,candidate,state_bytes,resident_payload_bytes,warmups,repeats,logical_dispatches,p50_ns,p95_ns,input_checksum,output_checksum,skip_reason,performance_claim
measured,256,128,vec4,4096,16384,5,30,8,236351,403331,4c67926a9205d7b4,956299587c8af4b4,none,none
sample,256,128,vec4,0,399138
sample,256,128,vec4,1,403331
sample,256,128,vec4,2,404490
sample,256,128,vec4,3,239592
sample,256,128,vec4,4,234647
sample,256,128,vec4,5,229434
sample,256,128,vec4,6,234665
sample,256,128,vec4,7,228675
sample,256,128,vec4,8,230870
sample,256,128,vec4,9,238343
sample,256,128,vec4,10,232370
sample,256,128,vec4,11,234936
sample,256,128,vec4,12,240195
sample,256,128,vec4,13,236351
sample,256,128,vec4,14,246268
sample,256,128,vec4,15,233925
sample,256,128,vec4,16,226249
sample,256,128,vec4,17,231981
sample,256,128,vec4,18,230797
sample,256,128,vec4,19,228536
sample,256,128,vec4,20,232110
sample,256,128,vec4,21,234824
sample,256,128,vec4,22,237101
sample,256,128,vec4,23,238741
sample,256,128,vec4,24,236481
sample,256,128,vec4,25,238314
sample,256,128,vec4,26,310657
sample,256,128,vec4,27,288240
sample,256,128,vec4,28,245351
sample,256,128,vec4,29,246693
measured,256,128,fused2,4096,16384,5,30,7,214147,381712,4c67926a9205d7b4,956299587c8af4b4,none,none
sample,256,128,fused2,0,379212
sample,256,128,fused2,1,381712
sample,256,128,fused2,2,379915
sample,256,128,fused2,3,218371
sample,256,128,fused2,4,214147
sample,256,128,fused2,5,208602
sample,256,128,fused2,6,210860
sample,256,128,fused2,7,208250
sample,256,128,fused2,8,207065
sample,256,128,fused2,9,213036
sample,256,128,fused2,10,215184
sample,256,128,fused2,11,207165
sample,256,128,fused2,12,210324
sample,256,128,fused2,13,213000
sample,256,128,fused2,14,208287
sample,256,128,fused2,15,213036
sample,256,128,fused2,16,212369
sample,256,128,fused2,17,215703
sample,256,128,fused2,18,209249
sample,256,128,fused2,19,216759
sample,256,128,fused2,20,216704
sample,256,128,fused2,21,212462
sample,256,128,fused2,22,224240
sample,256,128,fused2,23,212193
sample,256,128,fused2,24,216592
sample,256,128,fused2,25,217721
sample,256,128,fused2,26,459563
sample,256,128,fused2,27,236240
sample,256,128,fused2,28,221073
sample,256,128,fused2,29,221258
measured,256,128,tile8,4096,16384,5,30,6,190305,361730,4c67926a9205d7b4,956299587c8af4b4,none,none
sample,256,128,tile8,0,361730
sample,256,128,tile8,1,356138
sample,256,128,tile8,2,367090
sample,256,128,tile8,3,190547
sample,256,128,tile8,4,185360
sample,256,128,tile8,5,188223
sample,256,128,tile8,6,185879
sample,256,128,tile8,7,189240
sample,256,128,tile8,8,190563
sample,256,128,tile8,9,195610
sample,256,128,tile8,10,188027
sample,256,128,tile8,11,184277
sample,256,128,tile8,12,186712
sample,256,128,tile8,13,190017
sample,256,128,tile8,14,191786
sample,256,128,tile8,15,190934
sample,256,128,tile8,16,184000
sample,256,128,tile8,17,190249
sample,256,128,tile8,18,183444
sample,256,128,tile8,19,185194
sample,256,128,tile8,20,190814
sample,256,128,tile8,21,186676
sample,256,128,tile8,22,193518
sample,256,128,tile8,23,190305
sample,256,128,tile8,24,187314
sample,256,128,tile8,25,199684
sample,256,128,tile8,26,218518
sample,256,128,tile8,27,200241
sample,256,128,tile8,28,203260
sample,256,128,tile8,29,192305
measured,256,512,vec4,16384,65536,5,30,8,260934,371351,38bbe1f688e24d78,1c8bb372f8f1302e,none,none
sample,256,512,vec4,0,399962
sample,256,512,vec4,1,371351
sample,256,512,vec4,2,245278
sample,256,512,vec4,3,247702
sample,256,512,vec4,4,250019
sample,256,512,vec4,5,286157
sample,256,512,vec4,6,278889
sample,256,512,vec4,7,255628
sample,256,512,vec4,8,254740
sample,256,512,vec4,9,266239
sample,256,512,vec4,10,252332
sample,256,512,vec4,11,260934
sample,256,512,vec4,12,253620
sample,256,512,vec4,13,314924
sample,256,512,vec4,14,254814
sample,256,512,vec4,15,257352
sample,256,512,vec4,16,251722
sample,256,512,vec4,17,262453
sample,256,512,vec4,18,263638
sample,256,512,vec4,19,260786
sample,256,512,vec4,20,258231
sample,256,512,vec4,21,262000
sample,256,512,vec4,22,263193
sample,256,512,vec4,23,263036
sample,256,512,vec4,24,260860
sample,256,512,vec4,25,260619
sample,256,512,vec4,26,269740
sample,256,512,vec4,27,330407
sample,256,512,vec4,28,315555
sample,256,512,vec4,29,264972
measured,256,512,fused2,16384,65536,5,30,7,233628,394582,38bbe1f688e24d78,1c8bb372f8f1302e,none,none
sample,256,512,fused2,0,394582
sample,256,512,fused2,1,232082
sample,256,512,fused2,2,221027
sample,256,512,fused2,3,221350
sample,256,512,fused2,4,230732
sample,256,512,fused2,5,237787
sample,256,512,fused2,6,225852
sample,256,512,fused2,7,227435
sample,256,512,fused2,8,225128
sample,256,512,fused2,9,227361
sample,256,512,fused2,10,227648
sample,256,512,fused2,11,227990
sample,256,512,fused2,12,274221
sample,256,512,fused2,13,223508
sample,256,512,fused2,14,232962
sample,256,512,fused2,15,227323
sample,256,512,fused2,16,630526
sample,256,512,fused2,17,238917
sample,256,512,fused2,18,246083
sample,256,512,fused2,19,233767
sample,256,512,fused2,20,233138
sample,256,512,fused2,21,236434
sample,256,512,fused2,22,235573
sample,256,512,fused2,23,234916
sample,256,512,fused2,24,233628
sample,256,512,fused2,25,237120
sample,256,512,fused2,26,234602
sample,256,512,fused2,27,239721
sample,256,512,fused2,28,251712
sample,256,512,fused2,29,240407
measured,256,512,tile8,16384,65536,5,30,6,208194,253815,38bbe1f688e24d78,1c8bb372f8f1302e,none,none
sample,256,512,tile8,0,373601
sample,256,512,tile8,1,199684
sample,256,512,tile8,2,198684
sample,256,512,tile8,3,197286
sample,256,512,tile8,4,198656
sample,256,512,tile8,5,253815
sample,256,512,tile8,6,204370
sample,256,512,tile8,7,201119
sample,256,512,tile8,8,202628
sample,256,512,tile8,9,200834
sample,256,512,tile8,10,205749
sample,256,512,tile8,11,199851
sample,256,512,tile8,12,223462
sample,256,512,tile8,13,200536
sample,256,512,tile8,14,203842
sample,256,512,tile8,15,203027
sample,256,512,tile8,16,202277
sample,256,512,tile8,17,248926
sample,256,512,tile8,18,210915
sample,256,512,tile8,19,208934
sample,256,512,tile8,20,209129
sample,256,512,tile8,21,209352
sample,256,512,tile8,22,209111
sample,256,512,tile8,23,208194
sample,256,512,tile8,24,211138
sample,256,512,tile8,25,209767
sample,256,512,tile8,26,215148
sample,256,512,tile8,27,212008
sample,256,512,tile8,28,225444
sample,256,512,tile8,29,210574
measured,256,2048,vec4,65536,262144,5,30,8,287471,335888,c9e538e9f9dccedd,259153fc2c7bc4e7,none,none
sample,256,2048,vec4,0,275407
sample,256,2048,vec4,1,276092
sample,256,2048,vec4,2,276814
sample,256,2048,vec4,3,280813
sample,256,2048,vec4,4,281231
sample,256,2048,vec4,5,274768
sample,256,2048,vec4,6,283842
sample,256,2048,vec4,7,282489
sample,256,2048,vec4,8,281703
sample,256,2048,vec4,9,280277
sample,256,2048,vec4,10,283870
sample,256,2048,vec4,11,279445
sample,256,2048,vec4,12,281333
sample,256,2048,vec4,13,345416
sample,256,2048,vec4,14,288277
sample,256,2048,vec4,15,287471
sample,256,2048,vec4,16,295777
sample,256,2048,vec4,17,289897
sample,256,2048,vec4,18,283675
sample,256,2048,vec4,19,335888
sample,256,2048,vec4,20,297823
sample,256,2048,vec4,21,291193
sample,256,2048,vec4,22,292814
sample,256,2048,vec4,23,296842
sample,256,2048,vec4,24,291388
sample,256,2048,vec4,25,288564
sample,256,2048,vec4,26,297712
sample,256,2048,vec4,27,292971
sample,256,2048,vec4,28,295564
sample,256,2048,vec4,29,299804
measured,256,2048,fused2,65536,262144,5,30,7,259175,269027,c9e538e9f9dccedd,259153fc2c7bc4e7,none,none
sample,256,2048,fused2,0,246490
sample,256,2048,fused2,1,251638
sample,256,2048,fused2,2,245555
sample,256,2048,fused2,3,244342
sample,256,2048,fused2,4,248887
sample,256,2048,fused2,5,246130
sample,256,2048,fused2,6,254212
sample,256,2048,fused2,7,264313
sample,256,2048,fused2,8,250434
sample,256,2048,fused2,9,248788
sample,256,2048,fused2,10,252722
sample,256,2048,fused2,11,252926
sample,256,2048,fused2,12,261407
sample,256,2048,fused2,13,263472
sample,256,2048,fused2,14,257258
sample,256,2048,fused2,15,267304
sample,256,2048,fused2,16,255239
sample,256,2048,fused2,17,264221
sample,256,2048,fused2,18,325119
sample,256,2048,fused2,19,259555
sample,256,2048,fused2,20,256416
sample,256,2048,fused2,21,259175
sample,256,2048,fused2,22,263546
sample,256,2048,fused2,23,262370
sample,256,2048,fused2,24,260138
sample,256,2048,fused2,25,262388
sample,256,2048,fused2,26,262878
sample,256,2048,fused2,27,264415
sample,256,2048,fused2,28,266601
sample,256,2048,fused2,29,269027
measured,256,2048,tile8,65536,262144,5,30,6,233249,246786,c9e538e9f9dccedd,259153fc2c7bc4e7,none,none
sample,256,2048,tile8,0,226092
sample,256,2048,tile8,1,223897
sample,256,2048,tile8,2,228212
sample,256,2048,tile8,3,224416
sample,256,2048,tile8,4,230037
sample,256,2048,tile8,5,228278
sample,256,2048,tile8,6,230055
sample,256,2048,tile8,7,231259
sample,256,2048,tile8,8,228739
sample,256,2048,tile8,9,224750
sample,256,2048,tile8,10,230917
sample,256,2048,tile8,11,230389
sample,256,2048,tile8,12,236360
sample,256,2048,tile8,13,233249
sample,256,2048,tile8,14,234045
sample,256,2048,tile8,15,232760
sample,256,2048,tile8,16,233509
sample,256,2048,tile8,17,232879
sample,256,2048,tile8,18,252286
sample,256,2048,tile8,19,236980
sample,256,2048,tile8,20,237880
sample,256,2048,tile8,21,233805
sample,256,2048,tile8,22,238759
sample,256,2048,tile8,23,239093
sample,256,2048,tile8,24,235518
sample,256,2048,tile8,25,242897
sample,256,2048,tile8,26,241425
sample,256,2048,tile8,27,240628
sample,256,2048,tile8,28,243350
sample,256,2048,tile8,29,246786
measured,1024,128,vec4,16384,65536,5,30,10,391600,407175,26abf5bddd03bbc5,79acd556594188cd,none,none
sample,1024,128,vec4,0,370841
sample,1024,128,vec4,1,364711
sample,1024,128,vec4,2,362989
sample,1024,128,vec4,3,379008
sample,1024,128,vec4,4,375129
sample,1024,128,vec4,5,373748
sample,1024,128,vec4,6,376665
sample,1024,128,vec4,7,378203
sample,1024,128,vec4,8,392045
sample,1024,128,vec4,9,383072
sample,1024,128,vec4,10,377758
sample,1024,128,vec4,11,401859
sample,1024,128,vec4,12,384074
sample,1024,128,vec4,13,380379
sample,1024,128,vec4,14,380471
sample,1024,128,vec4,15,393110
sample,1024,128,vec4,16,392092
sample,1024,128,vec4,17,397091
sample,1024,128,vec4,18,407175
sample,1024,128,vec4,19,398341
sample,1024,128,vec4,20,395925
sample,1024,128,vec4,21,391600
sample,1024,128,vec4,22,392370
sample,1024,128,vec4,23,389138
sample,1024,128,vec4,24,395814
sample,1024,128,vec4,25,401415
sample,1024,128,vec4,26,400453
sample,1024,128,vec4,27,400127
sample,1024,128,vec4,28,402120
sample,1024,128,vec4,29,414296
measured,1024,128,fused2,16384,65536,5,30,9,360351,374757,26abf5bddd03bbc5,79acd556594188cd,none,none
sample,1024,128,fused2,0,346129
sample,1024,128,fused2,1,349341
sample,1024,128,fused2,2,335619
sample,1024,128,fused2,3,337805
sample,1024,128,fused2,4,353720
sample,1024,128,fused2,5,346434
sample,1024,128,fused2,6,348416
sample,1024,128,fused2,7,359185
sample,1024,128,fused2,8,350499
sample,1024,128,fused2,9,367212
sample,1024,128,fused2,10,360804
sample,1024,128,fused2,11,353665
sample,1024,128,fused2,12,354581
sample,1024,128,fused2,13,349443
sample,1024,128,fused2,14,352277
sample,1024,128,fused2,15,358814
sample,1024,128,fused2,16,365203
sample,1024,128,fused2,17,365471
sample,1024,128,fused2,18,363934
sample,1024,128,fused2,19,373351
sample,1024,128,fused2,20,390165
sample,1024,128,fused2,21,363202
sample,1024,128,fused2,22,361351
sample,1024,128,fused2,23,360351
sample,1024,128,fused2,24,366694
sample,1024,128,fused2,25,370860
sample,1024,128,fused2,26,372600
sample,1024,128,fused2,27,365814
sample,1024,128,fused2,28,374757
sample,1024,128,fused2,29,371296
measured,1024,128,tile8,16384,65536,5,30,8,322536,337721,26abf5bddd03bbc5,79acd556594188cd,none,none
sample,1024,128,tile8,0,326981
sample,1024,128,tile8,1,311712
sample,1024,128,tile8,2,303546
sample,1024,128,tile8,3,302119
sample,1024,128,tile8,4,312582
sample,1024,128,tile8,5,316471
sample,1024,128,tile8,6,312841
sample,1024,128,tile8,7,313730
sample,1024,128,tile8,8,320387
sample,1024,128,tile8,9,318582
sample,1024,128,tile8,10,317906
sample,1024,128,tile8,11,320138
sample,1024,128,tile8,12,317897
sample,1024,128,tile8,13,314823
sample,1024,128,tile8,14,316194
sample,1024,128,tile8,15,351971
sample,1024,128,tile8,16,328249
sample,1024,128,tile8,17,330305
sample,1024,128,tile8,18,325064
sample,1024,128,tile8,19,325036
sample,1024,128,tile8,20,327286
sample,1024,128,tile8,21,327156
sample,1024,128,tile8,22,322536
sample,1024,128,tile8,23,323166
sample,1024,128,tile8,24,324851
sample,1024,128,tile8,25,331869
sample,1024,128,tile8,26,327999
sample,1024,128,tile8,27,337721
sample,1024,128,tile8,28,328305
sample,1024,128,tile8,29,333833
measured,1024,512,vec4,65536,262144,5,30,10,415962,472359,0949b62ffc70d026,7663f0c9d3466943,none,none
sample,1024,512,vec4,0,410184
sample,1024,512,vec4,1,415962
sample,1024,512,vec4,2,411860
sample,1024,512,vec4,3,418128
sample,1024,512,vec4,4,415285
sample,1024,512,vec4,5,416592
sample,1024,512,vec4,6,412786
sample,1024,512,vec4,7,414268
sample,1024,512,vec4,8,416388
sample,1024,512,vec4,9,415850
sample,1024,512,vec4,10,411582
sample,1024,512,vec4,11,472359
sample,1024,512,vec4,12,411906
sample,1024,512,vec4,13,410415
sample,1024,512,vec4,14,416916
sample,1024,512,vec4,15,428675
sample,1024,512,vec4,16,426879
sample,1024,512,vec4,17,434952
sample,1024,512,vec4,18,422675
sample,1024,512,vec4,19,414878
sample,1024,512,vec4,20,417184
sample,1024,512,vec4,21,413222
sample,1024,512,vec4,22,410442
sample,1024,512,vec4,23,408313
sample,1024,512,vec4,24,410888
sample,1024,512,vec4,25,416036
sample,1024,512,vec4,26,476286
sample,1024,512,vec4,27,429601
sample,1024,512,vec4,28,438877
sample,1024,512,vec4,29,417777
measured,1024,512,fused2,65536,262144,5,30,9,382175,408740,0949b62ffc70d026,7663f0c9d3466943,none,none
sample,1024,512,fused2,0,376249
sample,1024,512,fused2,1,382184
sample,1024,512,fused2,2,385054
sample,1024,512,fused2,3,383073
sample,1024,512,fused2,4,384536
sample,1024,512,fused2,5,382897
sample,1024,512,fused2,6,380147
sample,1024,512,fused2,7,381795
sample,1024,512,fused2,8,379814
sample,1024,512,fused2,9,379943
sample,1024,512,fused2,10,378740
sample,1024,512,fused2,11,391295
sample,1024,512,fused2,12,377008
sample,1024,512,fused2,13,383174
sample,1024,512,fused2,14,383934
sample,1024,512,fused2,15,381064
sample,1024,512,fused2,16,450499
sample,1024,512,fused2,17,408740
sample,1024,512,fused2,18,387081
sample,1024,512,fused2,19,380953
sample,1024,512,fused2,20,377998
sample,1024,512,fused2,21,381045
sample,1024,512,fused2,22,378185
sample,1024,512,fused2,23,376203
sample,1024,512,fused2,24,375267
sample,1024,512,fused2,25,382601
sample,1024,512,fused2,26,394693
sample,1024,512,fused2,27,382175
sample,1024,512,fused2,28,402036
sample,1024,512,fused2,29,383119
measured,1024,512,tile8,65536,262144,5,30,8,349054,414646,0949b62ffc70d026,7663f0c9d3466943,none,none
sample,1024,512,tile8,0,394722
sample,1024,512,tile8,1,379879
sample,1024,512,tile8,2,349776
sample,1024,512,tile8,3,346471
sample,1024,512,tile8,4,348249
sample,1024,512,tile8,5,359351
sample,1024,512,tile8,6,349018
sample,1024,512,tile8,7,347387
sample,1024,512,tile8,8,347879
sample,1024,512,tile8,9,349776
sample,1024,512,tile8,10,349638
sample,1024,512,tile8,11,344656
sample,1024,512,tile8,12,344897
sample,1024,512,tile8,13,345583
sample,1024,512,tile8,14,351999
sample,1024,512,tile8,15,424582
sample,1024,512,tile8,16,350823
sample,1024,512,tile8,17,347036
sample,1024,512,tile8,18,348786
sample,1024,512,tile8,19,349860
sample,1024,512,tile8,20,349054
sample,1024,512,tile8,21,346369
sample,1024,512,tile8,22,343573
sample,1024,512,tile8,23,345138
sample,1024,512,tile8,24,349693
sample,1024,512,tile8,25,347155
sample,1024,512,tile8,26,350203
sample,1024,512,tile8,27,414646
sample,1024,512,tile8,28,359397
sample,1024,512,tile8,29,352073
measured,1024,2048,vec4,262144,1048576,5,30,10,423332,439240,2d4a1c573b9665e7,d32c613321b43c7f,none,none
sample,1024,2048,vec4,0,415600
sample,1024,2048,vec4,1,424684
sample,1024,2048,vec4,2,427405
sample,1024,2048,vec4,3,423378
sample,1024,2048,vec4,4,416072
sample,1024,2048,vec4,5,416859
sample,1024,2048,vec4,6,416916
sample,1024,2048,vec4,7,468814
sample,1024,2048,vec4,8,422138
sample,1024,2048,vec4,9,419101
sample,1024,2048,vec4,10,422777
sample,1024,2048,vec4,11,427276
sample,1024,2048,vec4,12,428490
sample,1024,2048,vec4,13,427007
sample,1024,2048,vec4,14,421359
sample,1024,2048,vec4,15,439240
sample,1024,2048,vec4,16,423332
sample,1024,2048,vec4,17,416693
sample,1024,2048,vec4,18,428999
sample,1024,2048,vec4,19,423868
sample,1024,2048,vec4,20,421850
sample,1024,2048,vec4,21,431211
sample,1024,2048,vec4,22,428869
sample,1024,2048,vec4,23,426619
sample,1024,2048,vec4,24,421878
sample,1024,2048,vec4,25,424379
sample,1024,2048,vec4,26,415081
sample,1024,2048,vec4,27,421238
sample,1024,2048,vec4,28,417729
sample,1024,2048,vec4,29,434386
measured,1024,2048,fused2,262144,1048576,5,30,9,385332,394730,2d4a1c573b9665e7,d32c613321b43c7f,none,none
sample,1024,2048,fused2,0,385268
sample,1024,2048,fused2,1,394730
sample,1024,2048,fused2,2,392444
sample,1024,2048,fused2,3,385378
sample,1024,2048,fused2,4,381407
sample,1024,2048,fused2,5,380351
sample,1024,2048,fused2,6,382638
sample,1024,2048,fused2,7,387925
sample,1024,2048,fused2,8,384646
sample,1024,2048,fused2,9,387267
sample,1024,2048,fused2,10,386544
sample,1024,2048,fused2,11,390424
sample,1024,2048,fused2,12,385332
sample,1024,2048,fused2,13,391637
sample,1024,2048,fused2,14,383925
sample,1024,2048,fused2,15,382008
sample,1024,2048,fused2,16,378767
sample,1024,2048,fused2,17,381646
sample,1024,2048,fused2,18,389379
sample,1024,2048,fused2,19,389045
sample,1024,2048,fused2,20,382870
sample,1024,2048,fused2,21,476322
sample,1024,2048,fused2,22,392831
sample,1024,2048,fused2,23,385878
sample,1024,2048,fused2,24,387425
sample,1024,2048,fused2,25,382535
sample,1024,2048,fused2,26,382323
sample,1024,2048,fused2,27,381128
sample,1024,2048,fused2,28,391351
sample,1024,2048,fused2,29,384184
measured,1024,2048,tile8,262144,1048576,5,30,8,369664,396739,2d4a1c573b9665e7,d32c613321b43c7f,none,none
sample,1024,2048,tile8,0,371331
sample,1024,2048,tile8,1,457591
sample,1024,2048,tile8,2,370443
sample,1024,2048,tile8,3,368610
sample,1024,2048,tile8,4,367592
sample,1024,2048,tile8,5,363545
sample,1024,2048,tile8,6,364601
sample,1024,2048,tile8,7,379729
sample,1024,2048,tile8,8,369683
sample,1024,2048,tile8,9,369664
sample,1024,2048,tile8,10,366868
sample,1024,2048,tile8,11,368684
sample,1024,2048,tile8,12,382722
sample,1024,2048,tile8,13,369462
sample,1024,2048,tile8,14,369046
sample,1024,2048,tile8,15,386397
sample,1024,2048,tile8,16,396739
sample,1024,2048,tile8,17,364767
sample,1024,2048,tile8,18,369490
sample,1024,2048,tile8,19,369786
sample,1024,2048,tile8,20,371462
sample,1024,2048,tile8,21,375555
sample,1024,2048,tile8,22,383425
sample,1024,2048,tile8,23,369712
sample,1024,2048,tile8,24,370943
sample,1024,2048,tile8,25,369341
sample,1024,2048,tile8,26,370795
sample,1024,2048,tile8,27,362091
sample,1024,2048,tile8,28,366444
sample,1024,2048,tile8,29,368609
measured,4096,128,vec4,65536,262144,5,30,12,488137,541729,d878e557b6daedce,8cc85ceb09c8efed,none,none
sample,4096,128,vec4,0,489480
sample,4096,128,vec4,1,501701
sample,4096,128,vec4,2,490535
sample,4096,128,vec4,3,490008
sample,4096,128,vec4,4,487619
sample,4096,128,vec4,5,488814
sample,4096,128,vec4,6,488749
sample,4096,128,vec4,7,481064
sample,4096,128,vec4,8,481942
sample,4096,128,vec4,9,488369
sample,4096,128,vec4,10,488953
sample,4096,128,vec4,11,488518
sample,4096,128,vec4,12,488387
sample,4096,128,vec4,13,541729
sample,4096,128,vec4,14,485711
sample,4096,128,vec4,15,487739
sample,4096,128,vec4,16,481627
sample,4096,128,vec4,17,479971
sample,4096,128,vec4,18,476842
sample,4096,128,vec4,19,482824
sample,4096,128,vec4,20,487323
sample,4096,128,vec4,21,571173
sample,4096,128,vec4,22,488961
sample,4096,128,vec4,23,488137
sample,4096,128,vec4,24,483231
sample,4096,128,vec4,25,487027
sample,4096,128,vec4,26,490925
sample,4096,128,vec4,27,481786
sample,4096,128,vec4,28,482786
sample,4096,128,vec4,29,491637
measured,4096,128,fused2,65536,262144,5,30,11,453822,476064,d878e557b6daedce,8cc85ceb09c8efed,none,none
sample,4096,128,fused2,0,454777
sample,4096,128,fused2,1,458990
sample,4096,128,fused2,2,455146
sample,4096,128,fused2,3,457841
sample,4096,128,fused2,4,457582
sample,4096,128,fused2,5,453897
sample,4096,128,fused2,6,492850
sample,4096,128,fused2,7,451099
sample,4096,128,fused2,8,446796
sample,4096,128,fused2,9,448842
sample,4096,128,fused2,10,450109
sample,4096,128,fused2,11,456008
sample,4096,128,fused2,12,451007
sample,4096,128,fused2,13,456407
sample,4096,128,fused2,14,463953
sample,4096,128,fused2,15,452277
sample,4096,128,fused2,16,450795
sample,4096,128,fused2,17,446646
sample,4096,128,fused2,18,444906
sample,4096,128,fused2,19,453174
sample,4096,128,fused2,20,451573
sample,4096,128,fused2,21,455405
sample,4096,128,fused2,22,457813
sample,4096,128,fused2,23,452988
sample,4096,128,fused2,24,450434
sample,4096,128,fused2,25,465794
sample,4096,128,fused2,26,476064
sample,4096,128,fused2,27,453822
sample,4096,128,fused2,28,454878
sample,4096,128,fused2,29,452027
measured,4096,128,tile8,65536,262144,5,30,10,422638,449980,d878e557b6daedce,8cc85ceb09c8efed,none,none
sample,4096,128,tile8,0,421157
sample,4096,128,tile8,1,427009
sample,4096,128,tile8,2,419101
sample,4096,128,tile8,3,420435
sample,4096,128,tile8,4,423489
sample,4096,128,tile8,5,422757
sample,4096,128,tile8,6,449980
sample,4096,128,tile8,7,416962
sample,4096,128,tile8,8,426739
sample,4096,128,tile8,9,414703
sample,4096,128,tile8,10,423425
sample,4096,128,tile8,11,422063
sample,4096,128,tile8,12,421601
sample,4096,128,tile8,13,429025
sample,4096,128,tile8,14,424841
sample,4096,128,tile8,15,420841
sample,4096,128,tile8,16,422175
sample,4096,128,tile8,17,416027
sample,4096,128,tile8,18,423823
sample,4096,128,tile8,19,422526
sample,4096,128,tile8,20,423211
sample,4096,128,tile8,21,423999
sample,4096,128,tile8,22,490933
sample,4096,128,tile8,23,422638
sample,4096,128,tile8,24,423702
sample,4096,128,tile8,25,432239
sample,4096,128,tile8,26,428045
sample,4096,128,tile8,27,418980
sample,4096,128,tile8,28,420007
sample,4096,128,tile8,29,422017
measured,4096,512,vec4,262144,1048576,5,30,12,502425,523657,07e875993970433c,207dceeda1be3f5b,none,none
sample,4096,512,vec4,0,530970
sample,4096,512,vec4,1,506535
sample,4096,512,vec4,2,506619
sample,4096,512,vec4,3,505553
sample,4096,512,vec4,4,497239
sample,4096,512,vec4,5,509720
sample,4096,512,vec4,6,495489
sample,4096,512,vec4,7,496119
sample,4096,512,vec4,8,523657
sample,4096,512,vec4,9,500082
sample,4096,512,vec4,10,502368
sample,4096,512,vec4,11,500211
sample,4096,512,vec4,12,517979
sample,4096,512,vec4,13,505879
sample,4096,512,vec4,14,502425
sample,4096,512,vec4,15,493203
sample,4096,512,vec4,16,490258
sample,4096,512,vec4,17,494664
sample,4096,512,vec4,18,498840
sample,4096,512,vec4,19,499286
sample,4096,512,vec4,20,522786
sample,4096,512,vec4,21,500619
sample,4096,512,vec4,22,505498
sample,4096,512,vec4,23,507294
sample,4096,512,vec4,24,515369
sample,4096,512,vec4,25,502211
sample,4096,512,vec4,26,494471
sample,4096,512,vec4,27,502877
sample,4096,512,vec4,28,502536
sample,4096,512,vec4,29,508157
measured,4096,512,fused2,262144,1048576,5,30,11,461999,509072,07e875993970433c,207dceeda1be3f5b,none,none
sample,4096,512,fused2,0,466267
sample,4096,512,fused2,1,460416
sample,4096,512,fused2,2,462749
sample,4096,512,fused2,3,466369
sample,4096,512,fused2,4,468294
sample,4096,512,fused2,5,461147
sample,4096,512,fused2,6,459665
sample,4096,512,fused2,7,454101
sample,4096,512,fused2,8,517925
sample,4096,512,fused2,9,468582
sample,4096,512,fused2,10,464915
sample,4096,512,fused2,11,459981
sample,4096,512,fused2,12,500406
sample,4096,512,fused2,13,461137
sample,4096,512,fused2,14,462545
sample,4096,512,fused2,15,459100
sample,4096,512,fused2,16,457766
sample,4096,512,fused2,17,459230
sample,4096,512,fused2,18,471230
sample,4096,512,fused2,19,461118
sample,4096,512,fused2,20,472064
sample,4096,512,fused2,21,478258
sample,4096,512,fused2,22,464053
sample,4096,512,fused2,23,461999
sample,4096,512,fused2,24,509072
sample,4096,512,fused2,25,463620
sample,4096,512,fused2,26,454665
sample,4096,512,fused2,27,456906
sample,4096,512,fused2,28,460740
sample,4096,512,fused2,29,461545
measured,4096,512,tile8,262144,1048576,5,30,10,444369,452833,07e875993970433c,207dceeda1be3f5b,none,none
sample,4096,512,tile8,0,443545
sample,4096,512,tile8,1,444488
sample,4096,512,tile8,2,447146
sample,4096,512,tile8,3,445398
sample,4096,512,tile8,4,447136
sample,4096,512,tile8,5,442796
sample,4096,512,tile8,6,439332
sample,4096,512,tile8,7,438610
sample,4096,512,tile8,8,435721
sample,4096,512,tile8,9,442147
sample,4096,512,tile8,10,445148
sample,4096,512,tile8,11,448564
sample,4096,512,tile8,12,452833
sample,4096,512,tile8,13,444369
sample,4096,512,tile8,14,451878
sample,4096,512,tile8,15,449842
sample,4096,512,tile8,16,434638
sample,4096,512,tile8,17,436777
sample,4096,512,tile8,18,445638
sample,4096,512,tile8,19,443888
sample,4096,512,tile8,20,473870
sample,4096,512,tile8,21,451035
sample,4096,512,tile8,22,448508
sample,4096,512,tile8,23,445490
sample,4096,512,tile8,24,447313
sample,4096,512,tile8,25,439425
sample,4096,512,tile8,26,441027
sample,4096,512,tile8,27,443637
sample,4096,512,tile8,28,441887
sample,4096,512,tile8,29,443294
measured,4096,2048,vec4,1048576,4194304,5,30,12,559822,582340,4143a88e49ed614b,e0842ad8f72c0c9f,none,none
sample,4096,2048,vec4,0,553840
sample,4096,2048,vec4,1,558620
sample,4096,2048,vec4,2,559822
sample,4096,2048,vec4,3,570081
sample,4096,2048,vec4,4,559887
sample,4096,2048,vec4,5,560229
sample,4096,2048,vec4,6,552194
sample,4096,2048,vec4,7,556193
sample,4096,2048,vec4,8,555368
sample,4096,2048,vec4,9,569610
sample,4096,2048,vec4,10,561183
sample,4096,2048,vec4,11,559434
sample,4096,2048,vec4,12,559683
sample,4096,2048,vec4,13,559202
sample,4096,2048,vec4,14,553905
sample,4096,2048,vec4,15,559656
sample,4096,2048,vec4,16,562906
sample,4096,2048,vec4,17,564072
sample,4096,2048,vec4,18,557174
sample,4096,2048,vec4,19,561775
sample,4096,2048,vec4,20,554962
sample,4096,2048,vec4,21,560248
sample,4096,2048,vec4,22,582340
sample,4096,2048,vec4,23,553073
sample,4096,2048,vec4,24,564081
sample,4096,2048,vec4,25,558961
sample,4096,2048,vec4,26,566720
sample,4096,2048,vec4,27,560619
sample,4096,2048,vec4,28,611461
sample,4096,2048,vec4,29,561627
measured,4096,2048,fused2,1048576,4194304,5,30,11,520850,570082,4143a88e49ed614b,e0842ad8f72c0c9f,none,none
sample,4096,2048,fused2,0,513590
sample,4096,2048,fused2,1,573322
sample,4096,2048,fused2,2,526396
sample,4096,2048,fused2,3,526379
sample,4096,2048,fused2,4,521618
sample,4096,2048,fused2,5,525063
sample,4096,2048,fused2,6,512730
sample,4096,2048,fused2,7,569971
sample,4096,2048,fused2,8,519869
sample,4096,2048,fused2,9,518386
sample,4096,2048,fused2,10,526664
sample,4096,2048,fused2,11,519489
sample,4096,2048,fused2,12,517007
sample,4096,2048,fused2,13,543322
sample,4096,2048,fused2,14,570082
sample,4096,2048,fused2,15,509276
sample,4096,2048,fused2,16,520749
sample,4096,2048,fused2,17,522943
sample,4096,2048,fused2,18,520850
sample,4096,2048,fused2,19,518498
sample,4096,2048,fused2,20,517776
sample,4096,2048,fused2,21,519961
sample,4096,2048,fused2,22,516619
sample,4096,2048,fused2,23,513138
sample,4096,2048,fused2,24,524424
sample,4096,2048,fused2,25,516257
sample,4096,2048,fused2,26,525628
sample,4096,2048,fused2,27,521981
sample,4096,2048,fused2,28,521082
sample,4096,2048,fused2,29,525202
measured,4096,2048,tile8,1048576,4194304,5,30,10,549266,587433,4143a88e49ed614b,e0842ad8f72c0c9f,none,none
sample,4096,2048,tile8,0,548878
sample,4096,2048,tile8,1,606980
sample,4096,2048,tile8,2,545647
sample,4096,2048,tile8,3,556905
sample,4096,2048,tile8,4,551980
sample,4096,2048,tile8,5,550738
sample,4096,2048,tile8,6,546046
sample,4096,2048,tile8,7,578192
sample,4096,2048,tile8,8,549073
sample,4096,2048,tile8,9,550322
sample,4096,2048,tile8,10,545981
sample,4096,2048,tile8,11,552164
sample,4096,2048,tile8,12,551508
sample,4096,2048,tile8,13,547137
sample,4096,2048,tile8,14,537915
sample,4096,2048,tile8,15,540118
sample,4096,2048,tile8,16,545138
sample,4096,2048,tile8,17,550656
sample,4096,2048,tile8,18,551433
sample,4096,2048,tile8,19,548544
sample,4096,2048,tile8,20,549266
sample,4096,2048,tile8,21,547035
sample,4096,2048,tile8,22,556202
sample,4096,2048,tile8,23,545712
sample,4096,2048,tile8,24,554590
sample,4096,2048,tile8,25,549442
sample,4096,2048,tile8,26,545998
sample,4096,2048,tile8,27,553249
sample,4096,2048,tile8,28,587433
sample,4096,2048,tile8,29,542906
measured,16384,128,vec4,262144,1048576,5,30,14,572349,628044,318e48fc80dadb1f,a09bc0e13ecf9bf8,none,none
sample,16384,128,vec4,0,640229
sample,16384,128,vec4,1,580017
sample,16384,128,vec4,2,574147
sample,16384,128,vec4,3,570368
sample,16384,128,vec4,4,564868
sample,16384,128,vec4,5,577646
sample,16384,128,vec4,6,565767
sample,16384,128,vec4,7,569276
sample,16384,128,vec4,8,576044
sample,16384,128,vec4,9,575201
sample,16384,128,vec4,10,628044
sample,16384,128,vec4,11,575156
sample,16384,128,vec4,12,586312
sample,16384,128,vec4,13,563044
sample,16384,128,vec4,14,564933
sample,16384,128,vec4,15,572349
sample,16384,128,vec4,16,578897
sample,16384,128,vec4,17,573277
sample,16384,128,vec4,18,567462
sample,16384,128,vec4,19,573416
sample,16384,128,vec4,20,574332
sample,16384,128,vec4,21,573970
sample,16384,128,vec4,22,560062
sample,16384,128,vec4,23,561174
sample,16384,128,vec4,24,559563
sample,16384,128,vec4,25,570294
sample,16384,128,vec4,26,568768
sample,16384,128,vec4,27,575666
sample,16384,128,vec4,28,568684
sample,16384,128,vec4,29,570119
measured,16384,128,fused2,262144,1048576,5,30,13,537794,596127,318e48fc80dadb1f,a09bc0e13ecf9bf8,none,none
sample,16384,128,fused2,0,594433
sample,16384,128,fused2,1,542054
sample,16384,128,fused2,2,537120
sample,16384,128,fused2,3,539194
sample,16384,128,fused2,4,533527
sample,16384,128,fused2,5,528119
sample,16384,128,fused2,6,543453
sample,16384,128,fused2,7,604766
sample,16384,128,fused2,8,596127
sample,16384,128,fused2,9,533803
sample,16384,128,fused2,10,546776
sample,16384,128,fused2,11,537794
sample,16384,128,fused2,12,537851
sample,16384,128,fused2,13,532359
sample,16384,128,fused2,14,530775
sample,16384,128,fused2,15,531340
sample,16384,128,fused2,16,539332
sample,16384,128,fused2,17,544239
sample,16384,128,fused2,18,536295
sample,16384,128,fused2,19,541267
sample,16384,128,fused2,20,534471
sample,16384,128,fused2,21,535231
sample,16384,128,fused2,22,535192
sample,16384,128,fused2,23,532267
sample,16384,128,fused2,24,541137
sample,16384,128,fused2,25,535841
sample,16384,128,fused2,26,537619
sample,16384,128,fused2,27,539620
sample,16384,128,fused2,28,549110
sample,16384,128,fused2,29,539731
measured,16384,128,tile8,262144,1048576,5,30,12,514359,522759,318e48fc80dadb1f,a09bc0e13ecf9bf8,none,none
sample,16384,128,tile8,0,530286
sample,16384,128,tile8,1,522759
sample,16384,128,tile8,2,515518
sample,16384,128,tile8,3,508962
sample,16384,128,tile8,4,509277
sample,16384,128,tile8,5,514359
sample,16384,128,tile8,6,518397
sample,16384,128,tile8,7,516970
sample,16384,128,tile8,8,514054
sample,16384,128,tile8,9,514831
sample,16384,128,tile8,10,513183
sample,16384,128,tile8,11,518008
sample,16384,128,tile8,12,516434
sample,16384,128,tile8,13,508323
sample,16384,128,tile8,14,510943
sample,16384,128,tile8,15,513054
sample,16384,128,tile8,16,515620
sample,16384,128,tile8,17,513351
sample,16384,128,tile8,18,513851
sample,16384,128,tile8,19,516637
sample,16384,128,tile8,20,514175
sample,16384,128,tile8,21,510397
sample,16384,128,tile8,22,514656
sample,16384,128,tile8,23,514165
sample,16384,128,tile8,24,517999
sample,16384,128,tile8,25,521794
sample,16384,128,tile8,26,515314
sample,16384,128,tile8,27,514897
sample,16384,128,tile8,28,509555
sample,16384,128,tile8,29,513443
measured,16384,512,vec4,1048576,4194304,5,30,14,643581,652563,08b87a1ca99fa7b8,cc66b7b8fae87df4,none,none
sample,16384,512,vec4,0,644831
sample,16384,512,vec4,1,643813
sample,16384,512,vec4,2,647035
sample,16384,512,vec4,3,640628
sample,16384,512,vec4,4,638702
sample,16384,512,vec4,5,637498
sample,16384,512,vec4,6,642498
sample,16384,512,vec4,7,643988
sample,16384,512,vec4,8,644961
sample,16384,512,vec4,9,639868
sample,16384,512,vec4,10,641359
sample,16384,512,vec4,11,640980
sample,16384,512,vec4,12,631378
sample,16384,512,vec4,13,634220
sample,16384,512,vec4,14,646757
sample,16384,512,vec4,15,643581
sample,16384,512,vec4,16,652563
sample,16384,512,vec4,17,644878
sample,16384,512,vec4,18,645441
sample,16384,512,vec4,19,638182
sample,16384,512,vec4,20,636461
sample,16384,512,vec4,21,653711
sample,16384,512,vec4,22,645332
sample,16384,512,vec4,23,652340
sample,16384,512,vec4,24,639859
sample,16384,512,vec4,25,645591
sample,16384,512,vec4,26,643813
sample,16384,512,vec4,27,636359
sample,16384,512,vec4,28,638701
sample,16384,512,vec4,29,645563
measured,16384,512,fused2,1048576,4194304,5,30,13,603164,615183,08b87a1ca99fa7b8,cc66b7b8fae87df4,none,none
sample,16384,512,fused2,0,603803
sample,16384,512,fused2,1,616498
sample,16384,512,fused2,2,602664
sample,16384,512,fused2,3,612933
sample,16384,512,fused2,4,598526
sample,16384,512,fused2,5,611201
sample,16384,512,fused2,6,604785
sample,16384,512,fused2,7,603044
sample,16384,512,fused2,8,605341
sample,16384,512,fused2,9,615183
sample,16384,512,fused2,10,603164
sample,16384,512,fused2,11,597303
sample,16384,512,fused2,12,596618
sample,16384,512,fused2,13,610128
sample,16384,512,fused2,14,600860
sample,16384,512,fused2,15,606840
sample,16384,512,fused2,16,605230
sample,16384,512,fused2,17,606980
sample,16384,512,fused2,18,599025
sample,16384,512,fused2,19,596914
sample,16384,512,fused2,20,608877
sample,16384,512,fused2,21,600489
sample,16384,512,fused2,22,609294
sample,16384,512,fused2,23,601563
sample,16384,512,fused2,24,599794
sample,16384,512,fused2,25,606480
sample,16384,512,fused2,26,599674
sample,16384,512,fused2,27,596572
sample,16384,512,fused2,28,604221
sample,16384,512,fused2,29,601961
measured,16384,512,tile8,1048576,4194304,5,30,12,627599,633507,08b87a1ca99fa7b8,cc66b7b8fae87df4,none,none
sample,16384,512,tile8,0,628951
sample,16384,512,tile8,1,622933
sample,16384,512,tile8,2,633507
sample,16384,512,tile8,3,627599
sample,16384,512,tile8,4,624276
sample,16384,512,tile8,5,625776
sample,16384,512,tile8,6,631443
sample,16384,512,tile8,7,631016
sample,16384,512,tile8,8,623433
sample,16384,512,tile8,9,628581
sample,16384,512,tile8,10,629573
sample,16384,512,tile8,11,628711
sample,16384,512,tile8,12,632507
sample,16384,512,tile8,13,627332
sample,16384,512,tile8,14,628526
sample,16384,512,tile8,15,624830
sample,16384,512,tile8,16,624433
sample,16384,512,tile8,17,627600
sample,16384,512,tile8,18,624581
sample,16384,512,tile8,19,620220
sample,16384,512,tile8,20,621443
sample,16384,512,tile8,21,627220
sample,16384,512,tile8,22,627850
sample,16384,512,tile8,23,629248
sample,16384,512,tile8,24,629998
sample,16384,512,tile8,25,630369
sample,16384,512,tile8,26,626803
sample,16384,512,tile8,27,626405
sample,16384,512,tile8,28,620406
sample,16384,512,tile8,29,640507
measured,16384,2048,vec4,4194304,16777216,5,30,14,849386,910016,6be3b72c15a212b9,3199380bd5011e6c,none,none
sample,16384,2048,vec4,0,848914
sample,16384,2048,vec4,1,880145
sample,16384,2048,vec4,2,853932
sample,16384,2048,vec4,3,849386
sample,16384,2048,vec4,4,850867
sample,16384,2048,vec4,5,863238
sample,16384,2048,vec4,6,848182
sample,16384,2048,vec4,7,845646
sample,16384,2048,vec4,8,843580
sample,16384,2048,vec4,9,879359
sample,16384,2048,vec4,10,845146
sample,16384,2048,vec4,11,843219
sample,16384,2048,vec4,12,910016
sample,16384,2048,vec4,13,865256
sample,16384,2048,vec4,14,873775
sample,16384,2048,vec4,15,852942
sample,16384,2048,vec4,16,845710
sample,16384,2048,vec4,17,847433
sample,16384,2048,vec4,18,845933
sample,16384,2048,vec4,19,845043
sample,16384,2048,vec4,20,859043
sample,16384,2048,vec4,21,857553
sample,16384,2048,vec4,22,1186071
sample,16384,2048,vec4,23,836089
sample,16384,2048,vec4,24,829359
sample,16384,2048,vec4,25,854210
sample,16384,2048,vec4,26,843368
sample,16384,2048,vec4,27,895756
sample,16384,2048,vec4,28,843840
sample,16384,2048,vec4,29,868108
measured,16384,2048,fused2,4194304,16777216,5,30,13,806932,833479,6be3b72c15a212b9,3199380bd5011e6c,none,none
sample,16384,2048,fused2,0,806932
sample,16384,2048,fused2,1,814054
sample,16384,2048,fused2,2,821599
sample,16384,2048,fused2,3,807156
sample,16384,2048,fused2,4,807053
sample,16384,2048,fused2,5,796156
sample,16384,2048,fused2,6,802859
sample,16384,2048,fused2,7,808155
sample,16384,2048,fused2,8,797766
sample,16384,2048,fused2,9,833479
sample,16384,2048,fused2,10,810378
sample,16384,2048,fused2,11,801951
sample,16384,2048,fused2,12,830868
sample,16384,2048,fused2,13,799248
sample,16384,2048,fused2,14,813376
sample,16384,2048,fused2,15,818923
sample,16384,2048,fused2,16,811026
sample,16384,2048,fused2,17,806673
sample,16384,2048,fused2,18,797599
sample,16384,2048,fused2,19,801951
sample,16384,2048,fused2,20,799748
sample,16384,2048,fused2,21,810200
sample,16384,2048,fused2,22,848489
sample,16384,2048,fused2,23,802479
sample,16384,2048,fused2,24,798525
sample,16384,2048,fused2,25,805600
sample,16384,2048,fused2,26,808812
sample,16384,2048,fused2,27,802265
sample,16384,2048,fused2,28,805460
sample,16384,2048,fused2,29,816294
measured,16384,2048,tile8,4194304,16777216,5,30,12,1007636,1049108,6be3b72c15a212b9,3199380bd5011e6c,none,none
sample,16384,2048,tile8,0,1026219
sample,16384,2048,tile8,1,1022016
sample,16384,2048,tile8,2,1012488
sample,16384,2048,tile8,3,1005618
sample,16384,2048,tile8,4,1006227
sample,16384,2048,tile8,5,1004700
sample,16384,2048,tile8,6,1009821
sample,16384,2048,tile8,7,1007154
sample,16384,2048,tile8,8,1001450
sample,16384,2048,tile8,9,1059007
sample,16384,2048,tile8,10,1013116
sample,16384,2048,tile8,11,1007636
sample,16384,2048,tile8,12,1009552
sample,16384,2048,tile8,13,1007043
sample,16384,2048,tile8,14,1049108
sample,16384,2048,tile8,15,1017570
sample,16384,2048,tile8,16,1003728
sample,16384,2048,tile8,17,1008145
sample,16384,2048,tile8,18,1005858
sample,16384,2048,tile8,19,999866
sample,16384,2048,tile8,20,1023516
sample,16384,2048,tile8,21,1006951
sample,16384,2048,tile8,22,1014395
sample,16384,2048,tile8,23,1020627
sample,16384,2048,tile8,24,997441
sample,16384,2048,tile8,25,1003201
sample,16384,2048,tile8,26,1006802
sample,16384,2048,tile8,27,1011247
sample,16384,2048,tile8,28,1022173
sample,16384,2048,tile8,29,1002414
measured,65536,128,vec4,1048576,4194304,5,30,16,592396,744850,9ec0db29a14c575b,4098921c6b362ecd,none,none
sample,65536,128,vec4,0,728043
sample,65536,128,vec4,1,730090
sample,65536,128,vec4,2,733035
sample,65536,128,vec4,3,729757
sample,65536,128,vec4,4,744850
sample,65536,128,vec4,5,736914
sample,65536,128,vec4,6,725349
sample,65536,128,vec4,7,747099
sample,65536,128,vec4,8,650850
sample,65536,128,vec4,9,523388
sample,65536,128,vec4,10,543925
sample,65536,128,vec4,11,552831
sample,65536,128,vec4,12,646915
sample,65536,128,vec4,13,541582
sample,65536,128,vec4,14,524369
sample,65536,128,vec4,15,520841
sample,65536,128,vec4,16,540230
sample,65536,128,vec4,17,548312
sample,65536,128,vec4,18,539832
sample,65536,128,vec4,19,565962
sample,65536,128,vec4,20,572951
sample,65536,128,vec4,21,577674
sample,65536,128,vec4,22,587813
sample,65536,128,vec4,23,581961
sample,65536,128,vec4,24,592396
sample,65536,128,vec4,25,592646
sample,65536,128,vec4,26,597943
sample,65536,128,vec4,27,607758
sample,65536,128,vec4,28,599461
sample,65536,128,vec4,29,617369
measured,65536,128,fused2,1048576,4194304,5,30,15,574035,715998,9ec0db29a14c575b,4098921c6b362ecd,none,none
sample,65536,128,fused2,0,696767
sample,65536,128,fused2,1,694876
sample,65536,128,fused2,2,715998
sample,65536,128,fused2,3,697062
sample,65536,128,fused2,4,703331
sample,65536,128,fused2,5,704239
sample,65536,128,fused2,6,695396
sample,65536,128,fused2,7,704812
sample,65536,128,fused2,8,718461
sample,65536,128,fused2,9,579951
sample,65536,128,fused2,10,519341
sample,65536,128,fused2,11,504981
sample,65536,128,fused2,12,580479
sample,65536,128,fused2,13,508610
sample,65536,128,fused2,14,498657
sample,65536,128,fused2,15,505795
sample,65536,128,fused2,16,530859
sample,65536,128,fused2,17,520961
sample,65536,128,fused2,18,520739
sample,65536,128,fused2,19,558072
sample,65536,128,fused2,20,547193
sample,65536,128,fused2,21,552397
sample,65536,128,fused2,22,596312
sample,65536,128,fused2,23,566257
sample,65536,128,fused2,24,565229
sample,65536,128,fused2,25,564350
sample,65536,128,fused2,26,574035
sample,65536,128,fused2,27,581007
sample,65536,128,fused2,28,675748
sample,65536,128,fused2,29,596378
measured,65536,128,tile8,1048576,4194304,5,30,14,590878,721813,9ec0db29a14c575b,4098921c6b362ecd,none,none
sample,65536,128,tile8,0,721813
sample,65536,128,tile8,1,706535
sample,65536,128,tile8,2,709590
sample,65536,128,tile8,3,712850
sample,65536,128,tile8,4,714887
sample,65536,128,tile8,5,721525
sample,65536,128,tile8,6,744182
sample,65536,128,tile8,7,720350
sample,65536,128,tile8,8,594637
sample,65536,128,tile8,9,574157
sample,65536,128,tile8,10,531712
sample,65536,128,tile8,11,526814
sample,65536,128,tile8,12,604184
sample,65536,128,tile8,13,534202
sample,65536,128,tile8,14,529823
sample,65536,128,tile8,15,519081
sample,65536,128,tile8,16,541914
sample,65536,128,tile8,17,539238
sample,65536,128,tile8,18,570850
sample,65536,128,tile8,19,560017
sample,65536,128,tile8,20,571822
sample,65536,128,tile8,21,578072
sample,65536,128,tile8,22,583192
sample,65536,128,tile8,23,602442
sample,65536,128,tile8,24,584971
sample,65536,128,tile8,25,590878
sample,65536,128,tile8,26,603757
sample,65536,128,tile8,27,600758
sample,65536,128,tile8,28,600341
sample,65536,128,tile8,29,648110
measured,65536,512,vec4,4194304,16777216,5,30,16,869923,1166691,84d06402da633040,29115d73667dee45,none,none
sample,65536,512,vec4,0,882293
sample,65536,512,vec4,1,804793
sample,65536,512,vec4,2,855989
sample,65536,512,vec4,3,824840
sample,65536,512,vec4,4,884238
sample,65536,512,vec4,5,860256
sample,65536,512,vec4,6,869923
sample,65536,512,vec4,7,907802
sample,65536,512,vec4,8,1095543
sample,65536,512,vec4,9,1581994
sample,65536,512,vec4,10,829016
sample,65536,512,vec4,11,740941
sample,65536,512,vec4,12,737201
sample,65536,512,vec4,13,743498
sample,65536,512,vec4,14,751016
sample,65536,512,vec4,15,764385
sample,65536,512,vec4,16,764265
sample,65536,512,vec4,17,746756
sample,65536,512,vec4,18,764423
sample,65536,512,vec4,19,1166691
sample,65536,512,vec4,20,1075469
sample,65536,512,vec4,21,956774
sample,65536,512,vec4,22,964970
sample,65536,512,vec4,23,969043
sample,65536,512,vec4,24,961543
sample,65536,512,vec4,25,960386
sample,65536,512,vec4,26,974487
sample,65536,512,vec4,27,946543
sample,65536,512,vec4,28,861099
sample,65536,512,vec4,29,870395
measured,65536,512,fused2,4194304,16777216,5,30,15,834701,983071,84d06402da633040,29115d73667dee45,none,none
sample,65536,512,fused2,0,787665
sample,65536,512,fused2,1,775358
sample,65536,512,fused2,2,812266
sample,65536,512,fused2,3,794405
sample,65536,512,fused2,4,868581
sample,65536,512,fused2,5,835433
sample,65536,512,fused2,6,854155
sample,65536,512,fused2,7,862164
sample,65536,512,fused2,8,925858
sample,65536,512,fused2,9,982459
sample,65536,512,fused2,10,729433
sample,65536,512,fused2,11,725526
sample,65536,512,fused2,12,714895
sample,65536,512,fused2,13,719970
sample,65536,512,fused2,14,719423
sample,65536,512,fused2,15,721637
sample,65536,512,fused2,16,728635
sample,65536,512,fused2,17,712201
sample,65536,512,fused2,18,852636
sample,65536,512,fused2,19,834701
sample,65536,512,fused2,20,1747077
sample,65536,512,fused2,21,933923
sample,65536,512,fused2,22,910747
sample,65536,512,fused2,23,983071
sample,65536,512,fused2,24,920877
sample,65536,512,fused2,25,927858
sample,65536,512,fused2,26,918552
sample,65536,512,fused2,27,924524
sample,65536,512,fused2,28,822637
sample,65536,512,fused2,29,834220
measured,65536,512,tile8,4194304,16777216,5,30,14,1053404,1145477,84d06402da633040,29115d73667dee45,none,none
sample,65536,512,tile8,0,992172
sample,65536,512,tile8,1,971802
sample,65536,512,tile8,2,990479
sample,65536,512,tile8,3,983015
sample,65536,512,tile8,4,1026599
sample,65536,512,tile8,5,1035784
sample,65536,512,tile8,6,1053404
sample,65536,512,tile8,7,1053654
sample,65536,512,tile8,8,1145477
sample,65536,512,tile8,9,1123811
sample,65536,512,tile8,10,1094007
sample,65536,512,tile8,11,937867
sample,65536,512,tile8,12,940747
sample,65536,512,tile8,13,915432
sample,65536,512,tile8,14,926506
sample,65536,512,tile8,15,975330
sample,65536,512,tile8,16,922544
sample,65536,512,tile8,17,944442
sample,65536,512,tile8,18,1109737
sample,65536,512,tile8,19,1221542
sample,65536,512,tile8,20,1142423
sample,65536,512,tile8,21,1113487
sample,65536,512,tile8,22,1131200
sample,65536,512,tile8,23,1115886
sample,65536,512,tile8,24,1110311
sample,65536,512,tile8,25,1111209
sample,65536,512,tile8,26,1098023
sample,65536,512,tile8,27,1133663
sample,65536,512,tile8,28,1055912
sample,65536,512,tile8,29,962293
skipped_limit,65536,2048,vec4,16777216,67108864,NA,NA,NA,NA,NA,NA,NA,cohort_dispatch_limit,none
skipped_limit,65536,2048,fused2,16777216,67108864,NA,NA,NA,NA,NA,NA,NA,cohort_dispatch_limit,none
skipped_limit,65536,2048,tile8,16777216,67108864,NA,NA,NA,NA,NA,NA,NA,cohort_dispatch_limit,none
measured,262144,128,vec4,4194304,16777216,5,30,18,987867,1024829,603e59446e81431f,99960c282a7f4ca5,none,none
sample,262144,128,vec4,0,996544
sample,262144,128,vec4,1,1009830
sample,262144,128,vec4,2,1024829
sample,262144,128,vec4,3,987783
sample,262144,128,vec4,4,991840
sample,262144,128,vec4,5,988220
sample,262144,128,vec4,6,998375
sample,262144,128,vec4,7,978403
sample,262144,128,vec4,8,992395
sample,262144,128,vec4,9,991969
sample,262144,128,vec4,10,995367
sample,262144,128,vec4,11,987867
sample,262144,128,vec4,12,990950
sample,262144,128,vec4,13,1022460
sample,262144,128,vec4,14,1027264
sample,262144,128,vec4,15,1004256
sample,262144,128,vec4,16,987719
sample,262144,128,vec4,17,990173
sample,262144,128,vec4,18,989738
sample,262144,128,vec4,19,961275
sample,262144,128,vec4,20,927517
sample,262144,128,vec4,21,918451
sample,262144,128,vec4,22,906034
sample,262144,128,vec4,23,914627
sample,262144,128,vec4,24,917692
sample,262144,128,vec4,25,886904
sample,262144,128,vec4,26,898089
sample,262144,128,vec4,27,846081
sample,262144,128,vec4,28,847349
sample,262144,128,vec4,29,840580
measured,262144,128,fused2,4194304,16777216,5,30,17,975534,1009033,603e59446e81431f,99960c282a7f4ca5,none,none
sample,262144,128,fused2,0,975534
sample,262144,128,fused2,1,984219
sample,262144,128,fused2,2,1006561
sample,262144,128,fused2,3,996524
sample,262144,128,fused2,4,982571
sample,262144,128,fused2,5,982506
sample,262144,128,fused2,6,1024385
sample,262144,128,fused2,7,992163
sample,262144,128,fused2,8,969127
sample,262144,128,fused2,9,986700
sample,262144,128,fused2,10,996227
sample,262144,128,fused2,11,980432
sample,262144,128,fused2,12,984182
sample,262144,128,fused2,13,974534
sample,262144,128,fused2,14,988977
sample,262144,128,fused2,15,969692
sample,262144,128,fused2,16,988608
sample,262144,128,fused2,17,994098
sample,262144,128,fused2,18,1009033
sample,262144,128,fused2,19,896367
sample,262144,128,fused2,20,887719
sample,262144,128,fused2,21,896525
sample,262144,128,fused2,22,904414
sample,262144,128,fused2,23,906950
sample,262144,128,fused2,24,932127
sample,262144,128,fused2,25,852971
sample,262144,128,fused2,26,835192
sample,262144,128,fused2,27,846284
sample,262144,128,fused2,28,847702
sample,262144,128,fused2,29,835358
measured,262144,128,tile8,4194304,16777216,5,30,16,1080829,1116107,603e59446e81431f,99960c282a7f4ca5,none,none
sample,262144,128,tile8,0,1116107
sample,262144,128,tile8,1,1092885
sample,262144,128,tile8,2,1080829
sample,262144,128,tile8,3,1103431
sample,262144,128,tile8,4,1101302
sample,262144,128,tile8,5,1089155
sample,262144,128,tile8,6,1101311
sample,262144,128,tile8,7,1076163
sample,262144,128,tile8,8,1095238
sample,262144,128,tile8,9,1094950
sample,262144,128,tile8,10,1087654
sample,262144,128,tile8,11,1098727
sample,262144,128,tile8,12,1084524
sample,262144,128,tile8,13,1080784
sample,262144,128,tile8,14,1079866
sample,262144,128,tile8,15,1102821
sample,262144,128,tile8,16,1089265
sample,262144,128,tile8,17,1093580
sample,262144,128,tile8,18,1123802
sample,262144,128,tile8,19,1010266
sample,262144,128,tile8,20,995089
sample,262144,128,tile8,21,992108
sample,262144,128,tile8,22,1026644
sample,262144,128,tile8,23,1022931
sample,262144,128,tile8,24,988053
sample,262144,128,tile8,25,927515
sample,262144,128,tile8,26,943812
sample,262144,128,tile8,27,910738
sample,262144,128,tile8,28,931544
sample,262144,128,tile8,29,905636
skipped_limit,262144,512,vec4,16777216,67108864,NA,NA,NA,NA,NA,NA,NA,cohort_dispatch_limit,none
skipped_limit,262144,512,fused2,16777216,67108864,NA,NA,NA,NA,NA,NA,NA,cohort_dispatch_limit,none
skipped_limit,262144,512,tile8,16777216,67108864,NA,NA,NA,NA,NA,NA,NA,cohort_dispatch_limit,none
skipped_limit,262144,2048,vec4,67108864,268435456,NA,NA,NA,NA,NA,NA,NA,cohort_dispatch_limit,none
skipped_limit,262144,2048,fused2,67108864,268435456,NA,NA,NA,NA,NA,NA,NA,cohort_dispatch_limit,none
skipped_limit,262144,2048,tile8,67108864,268435456,NA,NA,NA,NA,NA,NA,NA,cohort_dispatch_limit,none
skipped_limit,1048576,128,vec4,16777216,67108864,NA,NA,NA,NA,NA,NA,NA,cohort_dispatch_limit,none
skipped_limit,1048576,128,fused2,16777216,67108864,NA,NA,NA,NA,NA,NA,NA,cohort_dispatch_limit,none
skipped_limit,1048576,128,tile8,16777216,67108864,NA,NA,NA,NA,NA,NA,NA,cohort_dispatch_limit,none
skipped_limit,1048576,512,vec4,67108864,268435456,NA,NA,NA,NA,NA,NA,NA,cohort_dispatch_limit,none
skipped_limit,1048576,512,fused2,67108864,268435456,NA,NA,NA,NA,NA,NA,NA,cohort_dispatch_limit,none
skipped_limit,1048576,512,tile8,67108864,268435456,NA,NA,NA,NA,NA,NA,NA,cohort_dispatch_limit,none
skipped_limit,1048576,2048,vec4,268435456,1073741824,NA,NA,NA,NA,NA,NA,NA,cohort_dispatch_limit,none
skipped_limit,1048576,2048,fused2,268435456,1073741824,NA,NA,NA,NA,NA,NA,NA,cohort_dispatch_limit,none
skipped_limit,1048576,2048,tile8,268435456,1073741824,NA,NA,NA,NA,NA,NA,NA,cohort_dispatch_limit,none
qualification_status=complete
