benchmark=pvp3d_three_candidate_same_device
source_revision=50c0230cc645bd44f1520e2c7194878a4b13009c
adapter=NVIDIA Tegra NVIDIA Thor
backend=Vulkan
device_type=IntegratedGpu
vendor_id=4318
device_id=11008
driver=NVIDIA
driver_info=580.00
hardware_measurement_eligible=true
physical_admission=external_remoteops_evidence_required
performance_claim=none
primary_timing_scope=resident_encode_plus_queue_submit_plus_device_wait
state_reset_scope=completed_before_timer
correctness_readback_scope=before_and_after_timing
candidate_order=ABC_ACB_BAC_BCA_CAB_CBA
resident_payload_scope=source_plus_three_states_excludes_driver_uniforms_and_readback
status,k,g,candidate,state_bytes,resident_payload_bytes,warmups,repeats,logical_dispatches,p50_ns,p95_ns,input_checksum,output_checksum,skip_reason,performance_claim
measured,256,128,vec4,4096,16384,5,30,8,232842,271101,4c67926a9205d7b4,956299587c8af4b4,none,none
sample,256,128,vec4,0,230194
sample,256,128,vec4,1,234018
sample,256,128,vec4,2,233546
sample,256,128,vec4,3,234165
sample,256,128,vec4,4,233832
sample,256,128,vec4,5,231981
sample,256,128,vec4,6,232925
sample,256,128,vec4,7,226249
sample,256,128,vec4,8,244833
sample,256,128,vec4,9,230434
sample,256,128,vec4,10,223157
sample,256,128,vec4,11,226462
sample,256,128,vec4,12,223158
sample,256,128,vec4,13,227156
sample,256,128,vec4,14,238193
sample,256,128,vec4,15,229583
sample,256,128,vec4,16,232842
sample,256,128,vec4,17,232027
sample,256,128,vec4,18,256425
sample,256,128,vec4,19,293120
sample,256,128,vec4,20,233139
sample,256,128,vec4,21,231527
sample,256,128,vec4,22,232239
sample,256,128,vec4,23,229443
sample,256,128,vec4,24,225573
sample,256,128,vec4,25,241341
sample,256,128,vec4,26,271101
sample,256,128,vec4,27,238777
sample,256,128,vec4,28,239813
sample,256,128,vec4,29,238804
measured,256,128,fused2,4096,16384,5,30,7,209148,253277,4c67926a9205d7b4,956299587c8af4b4,none,none
sample,256,128,fused2,0,205278
sample,256,128,fused2,1,211935
sample,256,128,fused2,2,208758
sample,256,128,fused2,3,212473
sample,256,128,fused2,4,211685
sample,256,128,fused2,5,209842
sample,256,128,fused2,6,208695
sample,256,128,fused2,7,209481
sample,256,128,fused2,8,228334
sample,256,128,fused2,9,253277
sample,256,128,fused2,10,205472
sample,256,128,fused2,11,204629
sample,256,128,fused2,12,202685
sample,256,128,fused2,13,206787
sample,256,128,fused2,14,208388
sample,256,128,fused2,15,211102
sample,256,128,fused2,16,209509
sample,256,128,fused2,17,209239
sample,256,128,fused2,18,207315
sample,256,128,fused2,19,206628
sample,256,128,fused2,20,209148
sample,256,128,fused2,21,206212
sample,256,128,fused2,22,205462
sample,256,128,fused2,23,204174
sample,256,128,fused2,24,208231
sample,256,128,fused2,25,214082
sample,256,128,fused2,26,396110
sample,256,128,fused2,27,215082
sample,256,128,fused2,28,216786
sample,256,128,fused2,29,212750
measured,256,128,tile8,4096,16384,5,30,6,186407,227563,4c67926a9205d7b4,956299587c8af4b4,none,none
sample,256,128,tile8,0,186341
sample,256,128,tile8,1,189343
sample,256,128,tile8,2,187888
sample,256,128,tile8,3,188129
sample,256,128,tile8,4,189295
sample,256,128,tile8,5,185842
sample,256,128,tile8,6,185037
sample,256,128,tile8,7,187397
sample,256,128,tile8,8,227563
sample,256,128,tile8,9,238962
sample,256,128,tile8,10,182694
sample,256,128,tile8,11,178694
sample,256,128,tile8,12,184175
sample,256,128,tile8,13,179509
sample,256,128,tile8,14,186369
sample,256,128,tile8,15,186602
sample,256,128,tile8,16,188786
sample,256,128,tile8,17,183972
sample,256,128,tile8,18,188102
sample,256,128,tile8,19,186119
sample,256,128,tile8,20,189555
sample,256,128,tile8,21,183287
sample,256,128,tile8,22,182601
sample,256,128,tile8,23,184491
sample,256,128,tile8,24,185435
sample,256,128,tile8,25,193369
sample,256,128,tile8,26,196712
sample,256,128,tile8,27,194750
sample,256,128,tile8,28,210805
sample,256,128,tile8,29,186407
measured,256,512,vec4,16384,65536,5,30,8,244814,286249,38bbe1f688e24d78,1c8bb372f8f1302e,none,none
sample,256,512,vec4,0,235573
sample,256,512,vec4,1,239684
sample,256,512,vec4,2,239712
sample,256,512,vec4,3,241591
sample,256,512,vec4,4,239925
sample,256,512,vec4,5,246286
sample,256,512,vec4,6,240204
sample,256,512,vec4,7,245767
sample,256,512,vec4,8,238722
sample,256,512,vec4,9,243805
sample,256,512,vec4,10,244693
sample,256,512,vec4,11,243295
sample,256,512,vec4,12,288851
sample,256,512,vec4,13,243212
sample,256,512,vec4,14,240712
sample,256,512,vec4,15,246351
sample,256,512,vec4,16,240193
sample,256,512,vec4,17,248156
sample,256,512,vec4,18,244554
sample,256,512,vec4,19,247277
sample,256,512,vec4,20,245796
sample,256,512,vec4,21,247509
sample,256,512,vec4,22,244814
sample,256,512,vec4,23,244952
sample,256,512,vec4,24,252703
sample,256,512,vec4,25,248777
sample,256,512,vec4,26,286249
sample,256,512,vec4,27,249619
sample,256,512,vec4,28,247517
sample,256,512,vec4,29,250313
measured,256,512,fused2,16384,65536,5,30,7,219647,242351,38bbe1f688e24d78,1c8bb372f8f1302e,none,none
sample,256,512,fused2,0,211963
sample,256,512,fused2,1,215481
sample,256,512,fused2,2,217453
sample,256,512,fused2,3,217471
sample,256,512,fused2,4,223203
sample,256,512,fused2,5,218045
sample,256,512,fused2,6,221454
sample,256,512,fused2,7,217342
sample,256,512,fused2,8,214361
sample,256,512,fused2,9,218462
sample,256,512,fused2,10,218175
sample,256,512,fused2,11,232962
sample,256,512,fused2,12,231203
sample,256,512,fused2,13,217128
sample,256,512,fused2,14,216045
sample,256,512,fused2,15,215805
sample,256,512,fused2,16,511499
sample,256,512,fused2,17,225471
sample,256,512,fused2,18,223648
sample,256,512,fused2,19,219296
sample,256,512,fused2,20,217871
sample,256,512,fused2,21,220481
sample,256,512,fused2,22,222388
sample,256,512,fused2,23,219647
sample,256,512,fused2,24,226546
sample,256,512,fused2,25,238555
sample,256,512,fused2,26,242351
sample,256,512,fused2,27,223342
sample,256,512,fused2,28,223536
sample,256,512,fused2,29,226926
measured,256,512,tile8,16384,65536,5,30,6,196796,232740,38bbe1f688e24d78,1c8bb372f8f1302e,none,none
sample,256,512,tile8,0,195343
sample,256,512,tile8,1,192073
sample,256,512,tile8,2,195602
sample,256,512,tile8,3,193212
sample,256,512,tile8,4,192723
sample,256,512,tile8,5,195870
sample,256,512,tile8,6,195054
sample,256,512,tile8,7,201971
sample,256,512,tile8,8,194925
sample,256,512,tile8,9,193045
sample,256,512,tile8,10,205028
sample,256,512,tile8,11,232740
sample,256,512,tile8,12,207165
sample,256,512,tile8,13,193638
sample,256,512,tile8,14,193462
sample,256,512,tile8,15,192713
sample,256,512,tile8,16,194360
sample,256,512,tile8,17,218017
sample,256,512,tile8,18,208055
sample,256,512,tile8,19,196796
sample,256,512,tile8,20,195027
sample,256,512,tile8,21,201129
sample,256,512,tile8,22,197639
sample,256,512,tile8,23,198398
sample,256,512,tile8,24,200028
sample,256,512,tile8,25,267906
sample,256,512,tile8,26,201026
sample,256,512,tile8,27,197991
sample,256,512,tile8,28,199610
sample,256,512,tile8,29,206297
measured,256,2048,vec4,65536,262144,5,30,8,266008,317684,c9e538e9f9dccedd,259153fc2c7bc4e7,none,none
sample,256,2048,vec4,0,248666
sample,256,2048,vec4,1,252406
sample,256,2048,vec4,2,252591
sample,256,2048,vec4,3,256240
sample,256,2048,vec4,4,262009
sample,256,2048,vec4,5,257703
sample,256,2048,vec4,6,257073
sample,256,2048,vec4,7,259685
sample,256,2048,vec4,8,256888
sample,256,2048,vec4,9,256814
sample,256,2048,vec4,10,258083
sample,256,2048,vec4,11,266008
sample,256,2048,vec4,12,269129
sample,256,2048,vec4,13,266009
sample,256,2048,vec4,14,264768
sample,256,2048,vec4,15,267184
sample,256,2048,vec4,16,275028
sample,256,2048,vec4,17,273583
sample,256,2048,vec4,18,270990
sample,256,2048,vec4,19,273740
sample,256,2048,vec4,20,271684
sample,256,2048,vec4,21,278740
sample,256,2048,vec4,22,285175
sample,256,2048,vec4,23,290425
sample,256,2048,vec4,24,276082
sample,256,2048,vec4,25,317684
sample,256,2048,vec4,26,373638
sample,256,2048,vec4,27,289971
sample,256,2048,vec4,28,234055
sample,256,2048,vec4,29,225684
measured,256,2048,fused2,65536,262144,5,30,7,238518,273481,c9e538e9f9dccedd,259153fc2c7bc4e7,none,none
sample,256,2048,fused2,0,222508
sample,256,2048,fused2,1,229759
sample,256,2048,fused2,2,226852
sample,256,2048,fused2,3,225666
sample,256,2048,fused2,4,232871
sample,256,2048,fused2,5,232638
sample,256,2048,fused2,6,231786
sample,256,2048,fused2,7,232482
sample,256,2048,fused2,8,229999
sample,256,2048,fused2,9,231435
sample,256,2048,fused2,10,238518
sample,256,2048,fused2,11,241017
sample,256,2048,fused2,12,240684
sample,256,2048,fused2,13,237473
sample,256,2048,fused2,14,236195
sample,256,2048,fused2,15,238907
sample,256,2048,fused2,16,241620
sample,256,2048,fused2,17,243666
sample,256,2048,fused2,18,245258
sample,256,2048,fused2,19,245472
sample,256,2048,fused2,20,242925
sample,256,2048,fused2,21,244065
sample,256,2048,fused2,22,255101
sample,256,2048,fused2,23,247055
sample,256,2048,fused2,24,245777
sample,256,2048,fused2,25,273481
sample,256,2048,fused2,26,825738
sample,256,2048,fused2,27,266657
sample,256,2048,fused2,28,208741
sample,256,2048,fused2,29,205610
measured,256,2048,tile8,65536,262144,5,30,6,221508,252110,c9e538e9f9dccedd,259153fc2c7bc4e7,none,none
sample,256,2048,tile8,0,212629
sample,256,2048,tile8,1,207813
sample,256,2048,tile8,2,209212
sample,256,2048,tile8,3,208879
sample,256,2048,tile8,4,213482
sample,256,2048,tile8,5,212851
sample,256,2048,tile8,6,212527
sample,256,2048,tile8,7,211185
sample,256,2048,tile8,8,211277
sample,256,2048,tile8,9,211721
sample,256,2048,tile8,10,212241
sample,256,2048,tile8,11,215591
sample,256,2048,tile8,12,255935
sample,256,2048,tile8,13,225212
sample,256,2048,tile8,14,221796
sample,256,2048,tile8,15,221508
sample,256,2048,tile8,16,219898
sample,256,2048,tile8,17,224722
sample,256,2048,tile8,18,223684
sample,256,2048,tile8,19,223610
sample,256,2048,tile8,20,231518
sample,256,2048,tile8,21,224129
sample,256,2048,tile8,22,234768
sample,256,2048,tile8,23,227990
sample,256,2048,tile8,24,228555
sample,256,2048,tile8,25,232805
sample,256,2048,tile8,26,252110
sample,256,2048,tile8,27,235878
sample,256,2048,tile8,28,245907
sample,256,2048,tile8,29,188934
measured,1024,128,vec4,16384,65536,5,30,10,326481,372795,26abf5bddd03bbc5,79acd556594188cd,none,none
sample,1024,128,vec4,0,281740
sample,1024,128,vec4,1,282573
sample,1024,128,vec4,2,283850
sample,1024,128,vec4,3,283444
sample,1024,128,vec4,4,287019
sample,1024,128,vec4,5,285425
sample,1024,128,vec4,6,282860
sample,1024,128,vec4,7,289101
sample,1024,128,vec4,8,373424
sample,1024,128,vec4,9,298027
sample,1024,128,vec4,10,300989
sample,1024,128,vec4,11,293184
sample,1024,128,vec4,12,291387
sample,1024,128,vec4,13,331962
sample,1024,128,vec4,14,326481
sample,1024,128,vec4,15,325462
sample,1024,128,vec4,16,321860
sample,1024,128,vec4,17,357740
sample,1024,128,vec4,18,338601
sample,1024,128,vec4,19,338165
sample,1024,128,vec4,20,336268
sample,1024,128,vec4,21,341768
sample,1024,128,vec4,22,341120
sample,1024,128,vec4,23,339582
sample,1024,128,vec4,24,343471
sample,1024,128,vec4,25,357018
sample,1024,128,vec4,26,336953
sample,1024,128,vec4,27,370434
sample,1024,128,vec4,28,372795
sample,1024,128,vec4,29,333675
measured,1024,128,fused2,16384,65536,5,30,9,302453,341721,26abf5bddd03bbc5,79acd556594188cd,none,none
sample,1024,128,fused2,0,311981
sample,1024,128,fused2,1,268231
sample,1024,128,fused2,2,263693
sample,1024,128,fused2,3,268027
sample,1024,128,fused2,4,265888
sample,1024,128,fused2,5,263684
sample,1024,128,fused2,6,270712
sample,1024,128,fused2,7,273203
sample,1024,128,fused2,8,265879
sample,1024,128,fused2,9,282907
sample,1024,128,fused2,10,281277
sample,1024,128,fused2,11,270462
sample,1024,128,fused2,12,270760
sample,1024,128,fused2,13,328860
sample,1024,128,fused2,14,302453
sample,1024,128,fused2,15,297693
sample,1024,128,fused2,16,307564
sample,1024,128,fused2,17,335601
sample,1024,128,fused2,18,306462
sample,1024,128,fused2,19,313221
sample,1024,128,fused2,20,310722
sample,1024,128,fused2,21,318592
sample,1024,128,fused2,22,314258
sample,1024,128,fused2,23,311370
sample,1024,128,fused2,24,330092
sample,1024,128,fused2,25,326444
sample,1024,128,fused2,26,326832
sample,1024,128,fused2,27,299499
sample,1024,128,fused2,28,434202
sample,1024,128,fused2,29,341721
measured,1024,128,tile8,16384,65536,5,30,8,269250,296055,26abf5bddd03bbc5,79acd556594188cd,none,none
sample,1024,128,tile8,0,243741
sample,1024,128,tile8,1,234527
sample,1024,128,tile8,2,236638
sample,1024,128,tile8,3,237564
sample,1024,128,tile8,4,243333
sample,1024,128,tile8,5,239185
sample,1024,128,tile8,6,241842
sample,1024,128,tile8,7,239461
sample,1024,128,tile8,8,269814
sample,1024,128,tile8,9,243519
sample,1024,128,tile8,10,248842
sample,1024,128,tile8,11,248611
sample,1024,128,tile8,12,243647
sample,1024,128,tile8,13,285277
sample,1024,128,tile8,14,269258
sample,1024,128,tile8,15,268814
sample,1024,128,tile8,16,269860
sample,1024,128,tile8,17,289120
sample,1024,128,tile8,18,284527
sample,1024,128,tile8,19,279860
sample,1024,128,tile8,20,294554
sample,1024,128,tile8,21,284962
sample,1024,128,tile8,22,286305
sample,1024,128,tile8,23,284388
sample,1024,128,tile8,24,296055
sample,1024,128,tile8,25,296054
sample,1024,128,tile8,26,268380
sample,1024,128,tile8,27,269250
sample,1024,128,tile8,28,291036
sample,1024,128,tile8,29,318175
measured,1024,512,vec4,65536,262144,5,30,10,281295,351342,0949b62ffc70d026,7663f0c9d3466943,none,none
sample,1024,512,vec4,0,272749
sample,1024,512,vec4,1,272527
sample,1024,512,vec4,2,272443
sample,1024,512,vec4,3,292111
sample,1024,512,vec4,4,307527
sample,1024,512,vec4,5,277573
sample,1024,512,vec4,6,279018
sample,1024,512,vec4,7,316314
sample,1024,512,vec4,8,288111
sample,1024,512,vec4,9,282452
sample,1024,512,vec4,10,276165
sample,1024,512,vec4,11,279601
sample,1024,512,vec4,12,282138
sample,1024,512,vec4,13,286721
sample,1024,512,vec4,14,270158
sample,1024,512,vec4,15,299991
sample,1024,512,vec4,16,272054
sample,1024,512,vec4,17,275768
sample,1024,512,vec4,18,274240
sample,1024,512,vec4,19,270934
sample,1024,512,vec4,20,281295
sample,1024,512,vec4,21,351342
sample,1024,512,vec4,22,307073
sample,1024,512,vec4,23,277231
sample,1024,512,vec4,24,273712
sample,1024,512,vec4,25,296999
sample,1024,512,vec4,26,301268
sample,1024,512,vec4,27,305574
sample,1024,512,vec4,28,304712
sample,1024,512,vec4,29,363064
measured,1024,512,fused2,65536,262144,5,30,9,255240,328684,0949b62ffc70d026,7663f0c9d3466943,none,none
sample,1024,512,fused2,0,248823
sample,1024,512,fused2,1,251481
sample,1024,512,fused2,2,251230
sample,1024,512,fused2,3,251676
sample,1024,512,fused2,4,255240
sample,1024,512,fused2,5,253786
sample,1024,512,fused2,6,255026
sample,1024,512,fused2,7,258795
sample,1024,512,fused2,8,256158
sample,1024,512,fused2,9,303378
sample,1024,512,fused2,10,252425
sample,1024,512,fused2,11,259776
sample,1024,512,fused2,12,336462
sample,1024,512,fused2,13,250999
sample,1024,512,fused2,14,250509
sample,1024,512,fused2,15,247658
sample,1024,512,fused2,16,255574
sample,1024,512,fused2,17,247378
sample,1024,512,fused2,18,250249
sample,1024,512,fused2,19,256157
sample,1024,512,fused2,20,265157
sample,1024,512,fused2,21,260972
sample,1024,512,fused2,22,265101
sample,1024,512,fused2,23,250787
sample,1024,512,fused2,24,253702
sample,1024,512,fused2,25,273017
sample,1024,512,fused2,26,268092
sample,1024,512,fused2,27,278286
sample,1024,512,fused2,28,291852
sample,1024,512,fused2,29,328684
measured,1024,512,tile8,65536,262144,5,30,8,247091,310184,0949b62ffc70d026,7663f0c9d3466943,none,none
sample,1024,512,tile8,0,236601
sample,1024,512,tile8,1,231305
sample,1024,512,tile8,2,233241
sample,1024,512,tile8,3,264138
sample,1024,512,tile8,4,255287
sample,1024,512,tile8,5,236592
sample,1024,512,tile8,6,235600
sample,1024,512,tile8,7,247091
sample,1024,512,tile8,8,524286
sample,1024,512,tile8,9,246842
sample,1024,512,tile8,10,238027
sample,1024,512,tile8,11,237925
sample,1024,512,tile8,12,278369
sample,1024,512,tile8,13,234971
sample,1024,512,tile8,14,232444
sample,1024,512,tile8,15,310184
sample,1024,512,tile8,16,284861
sample,1024,512,tile8,17,229888
sample,1024,512,tile8,18,234490
sample,1024,512,tile8,19,252073
sample,1024,512,tile8,20,259472
sample,1024,512,tile8,21,237852
sample,1024,512,tile8,22,263064
sample,1024,512,tile8,23,234648
sample,1024,512,tile8,24,254009
sample,1024,512,tile8,25,250397
sample,1024,512,tile8,26,262443
sample,1024,512,tile8,27,261739
sample,1024,512,tile8,28,261473
sample,1024,512,tile8,29,305073
measured,1024,2048,vec4,262144,1048576,5,30,10,601119,617840,2d4a1c573b9665e7,d32c613321b43c7f,none,none
sample,1024,2048,vec4,0,377869
sample,1024,2048,vec4,1,569628
sample,1024,2048,vec4,2,569212
sample,1024,2048,vec4,3,578998
sample,1024,2048,vec4,4,587424
sample,1024,2048,vec4,5,601119
sample,1024,2048,vec4,6,603563
sample,1024,2048,vec4,7,617840
sample,1024,2048,vec4,8,595054
sample,1024,2048,vec4,9,582129
sample,1024,2048,vec4,10,594573
sample,1024,2048,vec4,11,603896
sample,1024,2048,vec4,12,597803
sample,1024,2048,vec4,13,600266
sample,1024,2048,vec4,14,605081
sample,1024,2048,vec4,15,608886
sample,1024,2048,vec4,16,605822
sample,1024,2048,vec4,17,588526
sample,1024,2048,vec4,18,600462
sample,1024,2048,vec4,19,615600
sample,1024,2048,vec4,20,605155
sample,1024,2048,vec4,21,610091
sample,1024,2048,vec4,22,612656
sample,1024,2048,vec4,23,605544
sample,1024,2048,vec4,24,603684
sample,1024,2048,vec4,25,635155
sample,1024,2048,vec4,26,592230
sample,1024,2048,vec4,27,596609
sample,1024,2048,vec4,28,610803
sample,1024,2048,vec4,29,606156
measured,1024,2048,fused2,262144,1048576,5,30,9,563702,586127,2d4a1c573b9665e7,d32c613321b43c7f,none,none
sample,1024,2048,fused2,0,354322
sample,1024,2048,fused2,1,552304
sample,1024,2048,fused2,2,558313
sample,1024,2048,fused2,3,532034
sample,1024,2048,fused2,4,555119
sample,1024,2048,fused2,5,546879
sample,1024,2048,fused2,6,563720
sample,1024,2048,fused2,7,557397
sample,1024,2048,fused2,8,550164
sample,1024,2048,fused2,9,598304
sample,1024,2048,fused2,10,556526
sample,1024,2048,fused2,11,577914
sample,1024,2048,fused2,12,563433
sample,1024,2048,fused2,13,571702
sample,1024,2048,fused2,14,569684
sample,1024,2048,fused2,15,568081
sample,1024,2048,fused2,16,586127
sample,1024,2048,fused2,17,568581
sample,1024,2048,fused2,18,563702
sample,1024,2048,fused2,19,562294
sample,1024,2048,fused2,20,561601
sample,1024,2048,fused2,21,570368
sample,1024,2048,fused2,22,573591
sample,1024,2048,fused2,23,573684
sample,1024,2048,fused2,24,576935
sample,1024,2048,fused2,25,554962
sample,1024,2048,fused2,26,561461
sample,1024,2048,fused2,27,570943
sample,1024,2048,fused2,28,573647
sample,1024,2048,fused2,29,566925
measured,1024,2048,tile8,262144,1048576,5,30,8,548841,590127,2d4a1c573b9665e7,d32c613321b43c7f,none,none
sample,1024,2048,tile8,0,520868
sample,1024,2048,tile8,1,523517
sample,1024,2048,tile8,2,523609
sample,1024,2048,tile8,3,529860
sample,1024,2048,tile8,4,533518
sample,1024,2048,tile8,5,536470
sample,1024,2048,tile8,6,549128
sample,1024,2048,tile8,7,601340
sample,1024,2048,tile8,8,544239
sample,1024,2048,tile8,9,587618
sample,1024,2048,tile8,10,531609
sample,1024,2048,tile8,11,543119
sample,1024,2048,tile8,12,542952
sample,1024,2048,tile8,13,544193
sample,1024,2048,tile8,14,550462
sample,1024,2048,tile8,15,550962
sample,1024,2048,tile8,16,551868
sample,1024,2048,tile8,17,590127
sample,1024,2048,tile8,18,551221
sample,1024,2048,tile8,19,538073
sample,1024,2048,tile8,20,554063
sample,1024,2048,tile8,21,559804
sample,1024,2048,tile8,22,555627
sample,1024,2048,tile8,23,552516
sample,1024,2048,tile8,24,579748
sample,1024,2048,tile8,25,551600
sample,1024,2048,tile8,26,547386
sample,1024,2048,tile8,27,535952
sample,1024,2048,tile8,28,549229
sample,1024,2048,tile8,29,548841
measured,4096,128,vec4,65536,262144,5,30,12,657017,674090,d878e557b6daedce,8cc85ceb09c8efed,none,none
sample,4096,128,vec4,0,669136
sample,4096,128,vec4,1,668637
sample,4096,128,vec4,2,680118
sample,4096,128,vec4,3,655813
sample,4096,128,vec4,4,667119
sample,4096,128,vec4,5,664943
sample,4096,128,vec4,6,667239
sample,4096,128,vec4,7,660192
sample,4096,128,vec4,8,661638
sample,4096,128,vec4,9,660442
sample,4096,128,vec4,10,666072
sample,4096,128,vec4,11,649896
sample,4096,128,vec4,12,674090
sample,4096,128,vec4,13,657017
sample,4096,128,vec4,14,661803
sample,4096,128,vec4,15,659118
sample,4096,128,vec4,16,656406
sample,4096,128,vec4,17,659665
sample,4096,128,vec4,18,671118
sample,4096,128,vec4,19,488120
sample,4096,128,vec4,20,493472
sample,4096,128,vec4,21,490322
sample,4096,128,vec4,22,478712
sample,4096,128,vec4,23,484025
sample,4096,128,vec4,24,490018
sample,4096,128,vec4,25,489314
sample,4096,128,vec4,26,490758
sample,4096,128,vec4,27,488035
sample,4096,128,vec4,28,491220
sample,4096,128,vec4,29,493305
measured,4096,128,fused2,65536,262144,5,30,11,616701,677812,d878e557b6daedce,8cc85ceb09c8efed,none,none
sample,4096,128,fused2,0,647341
sample,4096,128,fused2,1,632062
sample,4096,128,fused2,2,633303
sample,4096,128,fused2,3,632340
sample,4096,128,fused2,4,679822
sample,4096,128,fused2,5,622267
sample,4096,128,fused2,6,637091
sample,4096,128,fused2,7,638470
sample,4096,128,fused2,8,622581
sample,4096,128,fused2,9,626192
sample,4096,128,fused2,10,622063
sample,4096,128,fused2,11,612221
sample,4096,128,fused2,12,677812
sample,4096,128,fused2,13,616701
sample,4096,128,fused2,14,614546
sample,4096,128,fused2,15,627961
sample,4096,128,fused2,16,627775
sample,4096,128,fused2,17,625127
sample,4096,128,fused2,18,506462
sample,4096,128,fused2,19,450296
sample,4096,128,fused2,20,449767
sample,4096,128,fused2,21,514276
sample,4096,128,fused2,22,448720
sample,4096,128,fused2,23,449692
sample,4096,128,fused2,24,455481
sample,4096,128,fused2,25,456536
sample,4096,128,fused2,26,456637
sample,4096,128,fused2,27,455368
sample,4096,128,fused2,28,456008
sample,4096,128,fused2,29,453304
measured,4096,128,tile8,65536,262144,5,30,10,590934,613238,d878e557b6daedce,8cc85ceb09c8efed,none,none
sample,4096,128,tile8,0,608970
sample,4096,128,tile8,1,604961
sample,4096,128,tile8,2,615952
sample,4096,128,tile8,3,594675
sample,4096,128,tile8,4,590934
sample,4096,128,tile8,5,591739
sample,4096,128,tile8,6,604878
sample,4096,128,tile8,7,605748
sample,4096,128,tile8,8,613238
sample,4096,128,tile8,9,600961
sample,4096,128,tile8,10,599433
sample,4096,128,tile8,11,578312
sample,4096,128,tile8,12,581220
sample,4096,128,tile8,13,611823
sample,4096,128,tile8,14,598942
sample,4096,128,tile8,15,596785
sample,4096,128,tile8,16,594257
sample,4096,128,tile8,17,596128
sample,4096,128,tile8,18,430868
sample,4096,128,tile8,19,416266
sample,4096,128,tile8,20,424842
sample,4096,128,tile8,21,441258
sample,4096,128,tile8,22,418712
sample,4096,128,tile8,23,419110
sample,4096,128,tile8,24,424517
sample,4096,128,tile8,25,426794
sample,4096,128,tile8,26,431637
sample,4096,128,tile8,27,423600
sample,4096,128,tile8,28,437332
sample,4096,128,tile8,29,424888
measured,4096,512,vec4,262144,1048576,5,30,12,497101,544368,07e875993970433c,207dceeda1be3f5b,none,none
sample,4096,512,vec4,0,508990
sample,4096,512,vec4,1,500489
sample,4096,512,vec4,2,495545
sample,4096,512,vec4,3,510794
sample,4096,512,vec4,4,496591
sample,4096,512,vec4,5,497101
sample,4096,512,vec4,6,493044
sample,4096,512,vec4,7,492184
sample,4096,512,vec4,8,501471
sample,4096,512,vec4,9,498545
sample,4096,512,vec4,10,544368
sample,4096,512,vec4,11,493017
sample,4096,512,vec4,12,485869
sample,4096,512,vec4,13,494396
sample,4096,512,vec4,14,504526
sample,4096,512,vec4,15,495962
sample,4096,512,vec4,16,492953
sample,4096,512,vec4,17,549879
sample,4096,512,vec4,18,502536
sample,4096,512,vec4,19,492008
sample,4096,512,vec4,20,498878
sample,4096,512,vec4,21,495923
sample,4096,512,vec4,22,510341
sample,4096,512,vec4,23,487879
sample,4096,512,vec4,24,489184
sample,4096,512,vec4,25,497481
sample,4096,512,vec4,26,500313
sample,4096,512,vec4,27,497574
sample,4096,512,vec4,28,494498
sample,4096,512,vec4,29,510859
measured,4096,512,fused2,262144,1048576,5,30,11,461499,486906,07e875993970433c,207dceeda1be3f5b,none,none
sample,4096,512,fused2,0,466508
sample,4096,512,fused2,1,461869
sample,4096,512,fused2,2,460536
sample,4096,512,fused2,3,463091
sample,4096,512,fused2,4,462138
sample,4096,512,fused2,5,461499
sample,4096,512,fused2,6,457221
sample,4096,512,fused2,7,456961
sample,4096,512,fused2,8,459045
sample,4096,512,fused2,9,461675
sample,4096,512,fused2,10,460684
sample,4096,512,fused2,11,454416
sample,4096,512,fused2,12,464414
sample,4096,512,fused2,13,458499
sample,4096,512,fused2,14,475035
sample,4096,512,fused2,15,464276
sample,4096,512,fused2,16,459953
sample,4096,512,fused2,17,500943
sample,4096,512,fused2,18,458332
sample,4096,512,fused2,19,462786
sample,4096,512,fused2,20,454462
sample,4096,512,fused2,21,459823
sample,4096,512,fused2,22,486906
sample,4096,512,fused2,23,452248
sample,4096,512,fused2,24,453489
sample,4096,512,fused2,25,462008
sample,4096,512,fused2,26,455944
sample,4096,512,fused2,27,474628
sample,4096,512,fused2,28,462583
sample,4096,512,fused2,29,473664
measured,4096,512,tile8,262144,1048576,5,30,10,443044,472451,07e875993970433c,207dceeda1be3f5b,none,none
sample,4096,512,tile8,0,442174
sample,4096,512,tile8,1,443916
sample,4096,512,tile8,2,453647
sample,4096,512,tile8,3,456555
sample,4096,512,tile8,4,443035
sample,4096,512,tile8,5,472451
sample,4096,512,tile8,6,434907
sample,4096,512,tile8,7,441767
sample,4096,512,tile8,8,441887
sample,4096,512,tile8,9,445517
sample,4096,512,tile8,10,488905
sample,4096,512,tile8,11,435868
sample,4096,512,tile8,12,445990
sample,4096,512,tile8,13,441387
sample,4096,512,tile8,14,450888
sample,4096,512,tile8,15,443165
sample,4096,512,tile8,16,441479
sample,4096,512,tile8,17,443044
sample,4096,512,tile8,18,447082
sample,4096,512,tile8,19,440285
sample,4096,512,tile8,20,440138
sample,4096,512,tile8,21,444025
sample,4096,512,tile8,22,455018
sample,4096,512,tile8,23,445814
sample,4096,512,tile8,24,439972
sample,4096,512,tile8,25,439451
sample,4096,512,tile8,26,443332
sample,4096,512,tile8,27,443119
sample,4096,512,tile8,28,440397
sample,4096,512,tile8,29,442953
measured,4096,2048,vec4,1048576,4194304,5,30,12,546563,597988,4143a88e49ed614b,e0842ad8f72c0c9f,none,none
sample,4096,2048,vec4,0,597988
sample,4096,2048,vec4,1,546388
sample,4096,2048,vec4,2,558305
sample,4096,2048,vec4,3,545795
sample,4096,2048,vec4,4,552378
sample,4096,2048,vec4,5,555248
sample,4096,2048,vec4,6,563591
sample,4096,2048,vec4,7,544609
sample,4096,2048,vec4,8,554332
sample,4096,2048,vec4,9,556943
sample,4096,2048,vec4,10,611406
sample,4096,2048,vec4,11,549313
sample,4096,2048,vec4,12,557563
sample,4096,2048,vec4,13,552166
sample,4096,2048,vec4,14,551276
sample,4096,2048,vec4,15,555553
sample,4096,2048,vec4,16,562192
sample,4096,2048,vec4,17,546563
sample,4096,2048,vec4,18,543554
sample,4096,2048,vec4,19,561304
sample,4096,2048,vec4,20,479128
sample,4096,2048,vec4,21,446609
sample,4096,2048,vec4,22,440665
sample,4096,2048,vec4,23,446627
sample,4096,2048,vec4,24,446638
sample,4096,2048,vec4,25,444583
sample,4096,2048,vec4,26,443721
sample,4096,2048,vec4,27,444712
sample,4096,2048,vec4,28,512887
sample,4096,2048,vec4,29,451434
measured,4096,2048,fused2,1048576,4194304,5,30,11,512573,525712,4143a88e49ed614b,e0842ad8f72c0c9f,none,none
sample,4096,2048,fused2,0,512452
sample,4096,2048,fused2,1,525712
sample,4096,2048,fused2,2,520258
sample,4096,2048,fused2,3,520296
sample,4096,2048,fused2,4,515664
sample,4096,2048,fused2,5,516221
sample,4096,2048,fused2,6,520220
sample,4096,2048,fused2,7,509099
sample,4096,2048,fused2,8,510814
sample,4096,2048,fused2,9,519861
sample,4096,2048,fused2,10,524896
sample,4096,2048,fused2,11,510183
sample,4096,2048,fused2,12,517351
sample,4096,2048,fused2,13,517183
sample,4096,2048,fused2,14,515544
sample,4096,2048,fused2,15,520637
sample,4096,2048,fused2,16,535692
sample,4096,2048,fused2,17,511026
sample,4096,2048,fused2,18,517693
sample,4096,2048,fused2,19,517564
sample,4096,2048,fused2,20,512573
sample,4096,2048,fused2,21,425009
sample,4096,2048,fused2,22,426988
sample,4096,2048,fused2,23,418610
sample,4096,2048,fused2,24,413675
sample,4096,2048,fused2,25,422231
sample,4096,2048,fused2,26,417481
sample,4096,2048,fused2,27,422119
sample,4096,2048,fused2,28,428434
sample,4096,2048,fused2,29,415231
measured,4096,2048,tile8,1048576,4194304,5,30,10,540203,551674,4143a88e49ed614b,e0842ad8f72c0c9f,none,none
sample,4096,2048,tile8,0,537971
sample,4096,2048,tile8,1,536073
sample,4096,2048,tile8,2,545759
sample,4096,2048,tile8,3,546647
sample,4096,2048,tile8,4,546758
sample,4096,2048,tile8,5,540766
sample,4096,2048,tile8,6,538201
sample,4096,2048,tile8,7,541359
sample,4096,2048,tile8,8,540203
sample,4096,2048,tile8,9,543583
sample,4096,2048,tile8,10,566193
sample,4096,2048,tile8,11,535544
sample,4096,2048,tile8,12,548953
sample,4096,2048,tile8,13,544480
sample,4096,2048,tile8,14,543544
sample,4096,2048,tile8,15,545664
sample,4096,2048,tile8,16,551674
sample,4096,2048,tile8,17,544831
sample,4096,2048,tile8,18,544091
sample,4096,2048,tile8,19,546952
sample,4096,2048,tile8,20,478174
sample,4096,2048,tile8,21,455971
sample,4096,2048,tile8,22,450211
sample,4096,2048,tile8,23,457027
sample,4096,2048,tile8,24,448583
sample,4096,2048,tile8,25,458498
sample,4096,2048,tile8,26,458953
sample,4096,2048,tile8,27,451684
sample,4096,2048,tile8,28,470073
sample,4096,2048,tile8,29,450888
measured,16384,128,vec4,262144,1048576,5,30,14,493507,608655,318e48fc80dadb1f,a09bc0e13ecf9bf8,none,none
sample,16384,128,vec4,0,608655
sample,16384,128,vec4,1,574063
sample,16384,128,vec4,2,571757
sample,16384,128,vec4,3,542109
sample,16384,128,vec4,4,695016
sample,16384,128,vec4,5,488221
sample,16384,128,vec4,6,485091
sample,16384,128,vec4,7,493507
sample,16384,128,vec4,8,510759
sample,16384,128,vec4,9,516776
sample,16384,128,vec4,10,518498
sample,16384,128,vec4,11,519498
sample,16384,128,vec4,12,545276
sample,16384,128,vec4,13,516627
sample,16384,128,vec4,14,496100
sample,16384,128,vec4,15,497600
sample,16384,128,vec4,16,450433
sample,16384,128,vec4,17,398804
sample,16384,128,vec4,18,391712
sample,16384,128,vec4,19,390583
sample,16384,128,vec4,20,392814
sample,16384,128,vec4,21,396388
sample,16384,128,vec4,22,401360
sample,16384,128,vec4,23,392101
sample,16384,128,vec4,24,398980
sample,16384,128,vec4,25,401925
sample,16384,128,vec4,26,407027
sample,16384,128,vec4,27,444462
sample,16384,128,vec4,28,577952
sample,16384,128,vec4,29,498379
measured,16384,128,fused2,262144,1048576,5,30,13,464683,610942,318e48fc80dadb1f,a09bc0e13ecf9bf8,none,none
sample,16384,128,fused2,0,535480
sample,16384,128,fused2,1,531387
sample,16384,128,fused2,2,528276
sample,16384,128,fused2,3,529850
sample,16384,128,fused2,4,531434
sample,16384,128,fused2,5,464184
sample,16384,128,fused2,6,477842
sample,16384,128,fused2,7,464683
sample,16384,128,fused2,8,457545
sample,16384,128,fused2,9,513970
sample,16384,128,fused2,10,492295
sample,16384,128,fused2,11,489259
sample,16384,128,fused2,12,497119
sample,16384,128,fused2,13,490990
sample,16384,128,fused2,14,488082
sample,16384,128,fused2,15,651405
sample,16384,128,fused2,16,410378
sample,16384,128,fused2,17,370259
sample,16384,128,fused2,18,371739
sample,16384,128,fused2,19,376675
sample,16384,128,fused2,20,365350
sample,16384,128,fused2,21,372203
sample,16384,128,fused2,22,380860
sample,16384,128,fused2,23,375286
sample,16384,128,fused2,24,382008
sample,16384,128,fused2,25,382951
sample,16384,128,fused2,26,378684
sample,16384,128,fused2,27,381675
sample,16384,128,fused2,28,610942
sample,16384,128,fused2,29,481980
measured,16384,128,tile8,262144,1048576,5,30,12,449916,554674,318e48fc80dadb1f,a09bc0e13ecf9bf8,none,none
sample,16384,128,tile8,0,510739
sample,16384,128,tile8,1,506572
sample,16384,128,tile8,2,513916
sample,16384,128,tile8,3,495082
sample,16384,128,tile8,4,544591
sample,16384,128,tile8,5,455498
sample,16384,128,tile8,6,450637
sample,16384,128,tile8,7,448472
sample,16384,128,tile8,8,499851
sample,16384,128,tile8,9,475943
sample,16384,128,tile8,10,467313
sample,16384,128,tile8,11,466851
sample,16384,128,tile8,12,468156
sample,16384,128,tile8,13,468739
sample,16384,128,tile8,14,449916
sample,16384,128,tile8,15,650655
sample,16384,128,tile8,16,414657
sample,16384,128,tile8,17,366119
sample,16384,128,tile8,18,361304
sample,16384,128,tile8,19,375147
sample,16384,128,tile8,20,365304
sample,16384,128,tile8,21,360453
sample,16384,128,tile8,22,354869
sample,16384,128,tile8,23,361590
sample,16384,128,tile8,24,377499
sample,16384,128,tile8,25,372378
sample,16384,128,tile8,26,374934
sample,16384,128,tile8,27,372582
sample,16384,128,tile8,28,440906
sample,16384,128,tile8,29,554674
measured,16384,512,vec4,1048576,4194304,5,30,14,631637,644693,08b87a1ca99fa7b8,cc66b7b8fae87df4,none,none
sample,16384,512,vec4,0,586378
sample,16384,512,vec4,1,476564
sample,16384,512,vec4,2,478582
sample,16384,512,vec4,3,483027
sample,16384,512,vec4,4,479396
sample,16384,512,vec4,5,498822
sample,16384,512,vec4,6,495610
sample,16384,512,vec4,7,502776
sample,16384,512,vec4,8,503572
sample,16384,512,vec4,9,559035
sample,16384,512,vec4,10,479905
sample,16384,512,vec4,11,528748
sample,16384,512,vec4,12,643053
sample,16384,512,vec4,13,633304
sample,16384,512,vec4,14,634970
sample,16384,512,vec4,15,644693
sample,16384,512,vec4,16,632831
sample,16384,512,vec4,17,638359
sample,16384,512,vec4,18,629980
sample,16384,512,vec4,19,636138
sample,16384,512,vec4,20,635628
sample,16384,512,vec4,21,640340
sample,16384,512,vec4,22,629979
sample,16384,512,vec4,23,637739
sample,16384,512,vec4,24,637350
sample,16384,512,vec4,25,640045
sample,16384,512,vec4,26,636471
sample,16384,512,vec4,27,639248
sample,16384,512,vec4,28,648720
sample,16384,512,vec4,29,631637
measured,16384,512,fused2,1048576,4194304,5,30,13,598016,617156,08b87a1ca99fa7b8,cc66b7b8fae87df4,none,none
sample,16384,512,fused2,0,476230
sample,16384,512,fused2,1,451331
sample,16384,512,fused2,2,452360
sample,16384,512,fused2,3,459942
sample,16384,512,fused2,4,465962
sample,16384,512,fused2,5,476101
sample,16384,512,fused2,6,461814
sample,16384,512,fused2,7,476767
sample,16384,512,fused2,8,473609
sample,16384,512,fused2,9,473962
sample,16384,512,fused2,10,467128
sample,16384,512,fused2,11,480859
sample,16384,512,fused2,12,602943
sample,16384,512,fused2,13,617156
sample,16384,512,fused2,14,602174
sample,16384,512,fused2,15,602489
sample,16384,512,fused2,16,611415
sample,16384,512,fused2,17,680813
sample,16384,512,fused2,18,598016
sample,16384,512,fused2,19,593193
sample,16384,512,fused2,20,604785
sample,16384,512,fused2,21,614054
sample,16384,512,fused2,22,601118
sample,16384,512,fused2,23,610999
sample,16384,512,fused2,24,602229
sample,16384,512,fused2,25,599387
sample,16384,512,fused2,26,591424
sample,16384,512,fused2,27,598434
sample,16384,512,fused2,28,599517
sample,16384,512,fused2,29,600360
measured,16384,512,tile8,1048576,4194304,5,30,12,620183,632998,08b87a1ca99fa7b8,cc66b7b8fae87df4,none,none
sample,16384,512,tile8,0,500841
sample,16384,512,tile8,1,491555
sample,16384,512,tile8,2,493239
sample,16384,512,tile8,3,491351
sample,16384,512,tile8,4,488961
sample,16384,512,tile8,5,501610
sample,16384,512,tile8,6,502535
sample,16384,512,tile8,7,502453
sample,16384,512,tile8,8,508230
sample,16384,512,tile8,9,498240
sample,16384,512,tile8,10,506239
sample,16384,512,tile8,11,513091
sample,16384,512,tile8,12,631516
sample,16384,512,tile8,13,626239
sample,16384,512,tile8,14,628331
sample,16384,512,tile8,15,627248
sample,16384,512,tile8,16,627739
sample,16384,512,tile8,17,631952
sample,16384,512,tile8,18,620183
sample,16384,512,tile8,19,627831
sample,16384,512,tile8,20,620276
sample,16384,512,tile8,21,618628
sample,16384,512,tile8,22,629581
sample,16384,512,tile8,23,625156
sample,16384,512,tile8,24,659785
sample,16384,512,tile8,25,622072
sample,16384,512,tile8,26,632998
sample,16384,512,tile8,27,618072
sample,16384,512,tile8,28,623036
sample,16384,512,tile8,29,632813
measured,16384,2048,vec4,4194304,16777216,5,30,14,843239,862052,6be3b72c15a212b9,3199380bd5011e6c,none,none
sample,16384,2048,vec4,0,833960
sample,16384,2048,vec4,1,844488
sample,16384,2048,vec4,2,836525
sample,16384,2048,vec4,3,837303
sample,16384,2048,vec4,4,857016
sample,16384,2048,vec4,5,842729
sample,16384,2048,vec4,6,842776
sample,16384,2048,vec4,7,845044
sample,16384,2048,vec4,8,835515
sample,16384,2048,vec4,9,841535
sample,16384,2048,vec4,10,838479
sample,16384,2048,vec4,11,839052
sample,16384,2048,vec4,12,891201
sample,16384,2048,vec4,13,843239
sample,16384,2048,vec4,14,838869
sample,16384,2048,vec4,15,845395
sample,16384,2048,vec4,16,845404
sample,16384,2048,vec4,17,840442
sample,16384,2048,vec4,18,846257
sample,16384,2048,vec4,19,844553
sample,16384,2048,vec4,20,860322
sample,16384,2048,vec4,21,843822
sample,16384,2048,vec4,22,843673
sample,16384,2048,vec4,23,845618
sample,16384,2048,vec4,24,862052
sample,16384,2048,vec4,25,843201
sample,16384,2048,vec4,26,842350
sample,16384,2048,vec4,27,859812
sample,16384,2048,vec4,28,844682
sample,16384,2048,vec4,29,839914
measured,16384,2048,fused2,4194304,16777216,5,30,13,800145,808682,6be3b72c15a212b9,3199380bd5011e6c,none,none
sample,16384,2048,fused2,0,798414
sample,16384,2048,fused2,1,802081
sample,16384,2048,fused2,2,788701
sample,16384,2048,fused2,3,793507
sample,16384,2048,fused2,4,801322
sample,16384,2048,fused2,5,809350
sample,16384,2048,fused2,6,807942
sample,16384,2048,fused2,7,797905
sample,16384,2048,fused2,8,805470
sample,16384,2048,fused2,9,792905
sample,16384,2048,fused2,10,799461
sample,16384,2048,fused2,11,791868
sample,16384,2048,fused2,12,802202
sample,16384,2048,fused2,13,800887
sample,16384,2048,fused2,14,802164
sample,16384,2048,fused2,15,808267
sample,16384,2048,fused2,16,805822
sample,16384,2048,fused2,17,808682
sample,16384,2048,fused2,18,800572
sample,16384,2048,fused2,19,804080
sample,16384,2048,fused2,20,799618
sample,16384,2048,fused2,21,799906
sample,16384,2048,fused2,22,799971
sample,16384,2048,fused2,23,800487
sample,16384,2048,fused2,24,799924
sample,16384,2048,fused2,25,800145
sample,16384,2048,fused2,26,804580
sample,16384,2048,fused2,27,797978
sample,16384,2048,fused2,28,798775
sample,16384,2048,fused2,29,798822
measured,16384,2048,tile8,4194304,16777216,5,30,12,1002385,1013663,6be3b72c15a212b9,3199380bd5011e6c,none,none
sample,16384,2048,tile8,0,1019274
sample,16384,2048,tile8,1,1000579
sample,16384,2048,tile8,2,1000580
sample,16384,2048,tile8,3,996404
sample,16384,2048,tile8,4,1000479
sample,16384,2048,tile8,5,998515
sample,16384,2048,tile8,6,1007451
sample,16384,2048,tile8,7,1002849
sample,16384,2048,tile8,8,999701
sample,16384,2048,tile8,9,993422
sample,16384,2048,tile8,10,1000321
sample,16384,2048,tile8,11,995691
sample,16384,2048,tile8,12,1001942
sample,16384,2048,tile8,13,996312
sample,16384,2048,tile8,14,1012738
sample,16384,2048,tile8,15,1010821
sample,16384,2048,tile8,16,1010496
sample,16384,2048,tile8,17,1013663
sample,16384,2048,tile8,18,1005210
sample,16384,2048,tile8,19,1006200
sample,16384,2048,tile8,20,1006691
sample,16384,2048,tile8,21,1005386
sample,16384,2048,tile8,22,1009090
sample,16384,2048,tile8,23,1001849
sample,16384,2048,tile8,24,1007552
sample,16384,2048,tile8,25,1006256
sample,16384,2048,tile8,26,1002385
sample,16384,2048,tile8,27,1001126
sample,16384,2048,tile8,28,1004571
sample,16384,2048,tile8,29,1001951
measured,65536,128,vec4,1048576,4194304,5,30,16,718683,731137,9ec0db29a14c575b,4098921c6b362ecd,none,none
sample,65536,128,vec4,0,715387
sample,65536,128,vec4,1,728137
sample,65536,128,vec4,2,714970
sample,65536,128,vec4,3,721155
sample,65536,128,vec4,4,722692
sample,65536,128,vec4,5,720998
sample,65536,128,vec4,6,713442
sample,65536,128,vec4,7,715757
sample,65536,128,vec4,8,731137
sample,65536,128,vec4,9,723618
sample,65536,128,vec4,10,720813
sample,65536,128,vec4,11,720146
sample,65536,128,vec4,12,716506
sample,65536,128,vec4,13,723701
sample,65536,128,vec4,14,719100
sample,65536,128,vec4,15,724877
sample,65536,128,vec4,16,709006
sample,65536,128,vec4,17,725275
sample,65536,128,vec4,18,714312
sample,65536,128,vec4,19,717748
sample,65536,128,vec4,20,745461
sample,65536,128,vec4,21,718683
sample,65536,128,vec4,22,719340
sample,65536,128,vec4,23,717989
sample,65536,128,vec4,24,719127
sample,65536,128,vec4,25,570563
sample,65536,128,vec4,26,566740
sample,65536,128,vec4,27,581322
sample,65536,128,vec4,28,558304
sample,65536,128,vec4,29,568266
measured,65536,128,fused2,1048576,4194304,5,30,15,693674,710434,9ec0db29a14c575b,4098921c6b362ecd,none,none
sample,65536,128,fused2,0,688887
sample,65536,128,fused2,1,695794
sample,65536,128,fused2,2,690905
sample,65536,128,fused2,3,696479
sample,65536,128,fused2,4,695896
sample,65536,128,fused2,5,688340
sample,65536,128,fused2,6,689202
sample,65536,128,fused2,7,693674
sample,65536,128,fused2,8,696489
sample,65536,128,fused2,9,703832
sample,65536,128,fused2,10,704284
sample,65536,128,fused2,11,702210
sample,65536,128,fused2,12,710434
sample,65536,128,fused2,13,686498
sample,65536,128,fused2,14,703877
sample,65536,128,fused2,15,696636
sample,65536,128,fused2,16,695025
sample,65536,128,fused2,17,711433
sample,65536,128,fused2,18,694776
sample,65536,128,fused2,19,689887
sample,65536,128,fused2,20,688156
sample,65536,128,fused2,21,689284
sample,65536,128,fused2,22,694600
sample,65536,128,fused2,23,691905
sample,65536,128,fused2,24,694998
sample,65536,128,fused2,25,649091
sample,65536,128,fused2,26,584092
sample,65536,128,fused2,27,543027
sample,65536,128,fused2,28,537766
sample,65536,128,fused2,29,537479
measured,65536,128,tile8,1048576,4194304,5,30,14,704035,712174,9ec0db29a14c575b,4098921c6b362ecd,none,none
sample,65536,128,tile8,0,704035
sample,65536,128,tile8,1,702840
sample,65536,128,tile8,2,707943
sample,65536,128,tile8,3,698091
sample,65536,128,tile8,4,710239
sample,65536,128,tile8,5,704359
sample,65536,128,tile8,6,703081
sample,65536,128,tile8,7,704118
sample,65536,128,tile8,8,709395
sample,65536,128,tile8,9,704285
sample,65536,128,tile8,10,704757
sample,65536,128,tile8,11,703637
sample,65536,128,tile8,12,706414
sample,65536,128,tile8,13,702887
sample,65536,128,tile8,14,706545
sample,65536,128,tile8,15,700109
sample,65536,128,tile8,16,704164
sample,65536,128,tile8,17,707904
sample,65536,128,tile8,18,703868
sample,65536,128,tile8,19,700562
sample,65536,128,tile8,20,715785
sample,65536,128,tile8,21,704915
sample,65536,128,tile8,22,712174
sample,65536,128,tile8,23,700368
sample,65536,128,tile8,24,709794
sample,65536,128,tile8,25,552507
sample,65536,128,tile8,26,569730
sample,65536,128,tile8,27,557674
sample,65536,128,tile8,28,561248
sample,65536,128,tile8,29,558082
measured,65536,512,vec4,4194304,16777216,5,30,16,822646,1032728,84d06402da633040,29115d73667dee45,none,none
sample,65536,512,vec4,0,755358
sample,65536,512,vec4,1,765377
sample,65536,512,vec4,2,761776
sample,65536,512,vec4,3,767285
sample,65536,512,vec4,4,869498
sample,65536,512,vec4,5,781950
sample,65536,512,vec4,6,762368
sample,65536,512,vec4,7,763970
sample,65536,512,vec4,8,749728
sample,65536,512,vec4,9,811378
sample,65536,512,vec4,10,822961
sample,65536,512,vec4,11,1025895
sample,65536,512,vec4,12,1032728
sample,65536,512,vec4,13,835850
sample,65536,512,vec4,14,822646
sample,65536,512,vec4,15,859377
sample,65536,512,vec4,16,859247
sample,65536,512,vec4,17,1158182
sample,65536,512,vec4,18,843996
sample,65536,512,vec4,19,807701
sample,65536,512,vec4,20,808719
sample,65536,512,vec4,21,812071
sample,65536,512,vec4,22,738952
sample,65536,512,vec4,23,812980
sample,65536,512,vec4,24,826507
sample,65536,512,vec4,25,863526
sample,65536,512,vec4,26,959683
sample,65536,512,vec4,27,952451
sample,65536,512,vec4,28,954654
sample,65536,512,vec4,29,954840
measured,65536,512,fused2,4194304,16777216,5,30,15,796072,948988,84d06402da633040,29115d73667dee45,none,none
sample,65536,512,fused2,0,723581
sample,65536,512,fused2,1,732387
sample,65536,512,fused2,2,735191
sample,65536,512,fused2,3,760776
sample,65536,512,fused2,4,794424
sample,65536,512,fused2,5,850451
sample,65536,512,fused2,6,729766
sample,65536,512,fused2,7,783163
sample,65536,512,fused2,8,761627
sample,65536,512,fused2,9,803516
sample,65536,512,fused2,10,796072
sample,65536,512,fused2,11,948988
sample,65536,512,fused2,12,909655
sample,65536,512,fused2,13,799840
sample,65536,512,fused2,14,767748
sample,65536,512,fused2,15,855636
sample,65536,512,fused2,16,938710
sample,65536,512,fused2,17,1050173
sample,65536,512,fused2,18,806691
sample,65536,512,fused2,19,739405
sample,65536,512,fused2,20,784414
sample,65536,512,fused2,21,719053
sample,65536,512,fused2,22,721980
sample,65536,512,fused2,23,790008
sample,65536,512,fused2,24,800516
sample,65536,512,fused2,25,907552
sample,65536,512,fused2,26,917756
sample,65536,512,fused2,27,911942
sample,65536,512,fused2,28,916321
sample,65536,512,fused2,29,920386
measured,65536,512,tile8,4194304,16777216,5,30,14,998173,1108728,84d06402da633040,29115d73667dee45,none,none
sample,65536,512,tile8,0,933470
sample,65536,512,tile8,1,935413
sample,65536,512,tile8,2,946979
sample,65536,512,tile8,3,935442
sample,65536,512,tile8,4,1017720
sample,65536,512,tile8,5,1008340
sample,65536,512,tile8,6,929506
sample,65536,512,tile8,7,943719
sample,65536,512,tile8,8,989719
sample,65536,512,tile8,9,1043987
sample,65536,512,tile8,10,1003608
sample,65536,512,tile8,11,998173
sample,65536,512,tile8,12,1015589
sample,65536,512,tile8,13,990775
sample,65536,512,tile8,14,987525
sample,65536,512,tile8,15,1002052
sample,65536,512,tile8,16,1010589
sample,65536,512,tile8,17,1085061
sample,65536,512,tile8,18,1008728
sample,65536,512,tile8,19,949460
sample,65536,512,tile8,20,989765
sample,65536,512,tile8,21,921988
sample,65536,512,tile8,22,937017
sample,65536,512,tile8,23,922136
sample,65536,512,tile8,24,1031645
sample,65536,512,tile8,25,1037997
sample,65536,512,tile8,26,1097552
sample,65536,512,tile8,27,1105885
sample,65536,512,tile8,28,1109803
sample,65536,512,tile8,29,1108728
skipped_limit,65536,2048,vec4,16777216,67108864,NA,NA,NA,NA,NA,NA,NA,cohort_dispatch_limit,none
skipped_limit,65536,2048,fused2,16777216,67108864,NA,NA,NA,NA,NA,NA,NA,cohort_dispatch_limit,none
skipped_limit,65536,2048,tile8,16777216,67108864,NA,NA,NA,NA,NA,NA,NA,cohort_dispatch_limit,none
