benchmark=pvp3d_three_candidate_same_device
source_revision=ddb6f0144821dfa29d268601e7087e5001278e52
adapter=NVIDIA Tegra NVIDIA Thor
backend=Vulkan
device_type=IntegratedGpu
vendor_id=4318
device_id=11008
driver=NVIDIA
driver_info=580.00
hardware_measurement_eligible=true
physical_admission=external_remoteops_evidence_required
performance_claim=none
primary_timing_scope=resident_encode_plus_queue_submit_plus_device_wait
state_reset_scope=completed_before_timer
correctness_readback_scope=before_and_after_timing
candidate_order=ABC_ACB_BAC_BCA_CAB_CBA
resident_payload_scope=source_plus_three_states_excludes_driver_uniforms_and_readback
status,k,g,candidate,state_bytes,resident_payload_bytes,warmups,repeats,logical_dispatches,p50_ns,p95_ns,input_checksum,output_checksum,skip_reason,performance_claim
measured,256,128,vec4,4096,16384,5,30,8,410471,437758,4c67926a9205d7b4,956299587c8af4b4,none,none
sample,256,128,vec4,0,415258
sample,256,128,vec4,1,418036
sample,256,128,vec4,2,410471
sample,256,128,vec4,3,414675
sample,256,128,vec4,4,427350
sample,256,128,vec4,5,402017
sample,256,128,vec4,6,406988
sample,256,128,vec4,7,406277
sample,256,128,vec4,8,416980
sample,256,128,vec4,9,421999
sample,256,128,vec4,10,413749
sample,256,128,vec4,11,409944
sample,256,128,vec4,12,412453
sample,256,128,vec4,13,427591
sample,256,128,vec4,14,437703
sample,256,128,vec4,15,438813
sample,256,128,vec4,16,437758
sample,256,128,vec4,17,431138
sample,256,128,vec4,18,432564
sample,256,128,vec4,19,432508
sample,256,128,vec4,20,253981
sample,256,128,vec4,21,260027
sample,256,128,vec4,22,262416
sample,256,128,vec4,23,263454
sample,256,128,vec4,24,264323
sample,256,128,vec4,25,266037
sample,256,128,vec4,26,306434
sample,256,128,vec4,27,267102
sample,256,128,vec4,28,268128
sample,256,128,vec4,29,279268
measured,256,128,fused2,4096,16384,5,30,7,394175,413156,4c67926a9205d7b4,956299587c8af4b4,none,none
sample,256,128,fused2,0,390684
sample,256,128,fused2,1,390914
sample,256,128,fused2,2,390203
sample,256,128,fused2,3,394175
sample,256,128,fused2,4,402166
sample,256,128,fused2,5,382813
sample,256,128,fused2,6,380536
sample,256,128,fused2,7,395240
sample,256,128,fused2,8,394851
sample,256,128,fused2,9,403229
sample,256,128,fused2,10,389027
sample,256,128,fused2,11,395813
sample,256,128,fused2,12,397027
sample,256,128,fused2,13,402786
sample,256,128,fused2,14,398813
sample,256,128,fused2,15,403925
sample,256,128,fused2,16,409072
sample,256,128,fused2,17,408378
sample,256,128,fused2,18,404120
sample,256,128,fused2,19,410971
sample,256,128,fused2,20,413156
sample,256,128,fused2,21,246082
sample,256,128,fused2,22,238027
sample,256,128,fused2,23,235027
sample,256,128,fused2,24,236685
sample,256,128,fused2,25,246332
sample,256,128,fused2,26,466721
sample,256,128,fused2,27,241369
sample,256,128,fused2,28,242731
sample,256,128,fused2,29,242639
measured,256,128,tile8,4096,16384,5,30,6,370546,389962,4c67926a9205d7b4,956299587c8af4b4,none,none
sample,256,128,tile8,0,370702
sample,256,128,tile8,1,371953
sample,256,128,tile8,2,370120
sample,256,128,tile8,3,370546
sample,256,128,tile8,4,424592
sample,256,128,tile8,5,376342
sample,256,128,tile8,6,365166
sample,256,128,tile8,7,373981
sample,256,128,tile8,8,369379
sample,256,128,tile8,9,376786
sample,256,128,tile8,10,374777
sample,256,128,tile8,11,362378
sample,256,128,tile8,12,381054
sample,256,128,tile8,13,383638
sample,256,128,tile8,14,384574
sample,256,128,tile8,15,386749
sample,256,128,tile8,16,387304
sample,256,128,tile8,17,389962
sample,256,128,tile8,18,374221
sample,256,128,tile8,19,383295
sample,256,128,tile8,20,209221
sample,256,128,tile8,21,209629
sample,256,128,tile8,22,207712
sample,256,128,tile8,23,208907
sample,256,128,tile8,24,207601
sample,256,128,tile8,25,218851
sample,256,128,tile8,26,220971
sample,256,128,tile8,27,210898
sample,256,128,tile8,28,215397
sample,256,128,tile8,29,212832
measured,256,512,vec4,16384,65536,5,30,8,456814,526685,38bbe1f688e24d78,1c8bb372f8f1302e,none,none
sample,256,512,vec4,0,269138
sample,256,512,vec4,1,273953
sample,256,512,vec4,2,265786
sample,256,512,vec4,3,289721
sample,256,512,vec4,4,297694
sample,256,512,vec4,5,276369
sample,256,512,vec4,6,275082
sample,256,512,vec4,7,272943
sample,256,512,vec4,8,281128
sample,256,512,vec4,9,280221
sample,256,512,vec4,10,451675
sample,256,512,vec4,11,440360
sample,256,512,vec4,12,440944
sample,256,512,vec4,13,449387
sample,256,512,vec4,14,469620
sample,256,512,vec4,15,456814
sample,256,512,vec4,16,467406
sample,256,512,vec4,17,473221
sample,256,512,vec4,18,476174
sample,256,512,vec4,19,479379
sample,256,512,vec4,20,477592
sample,256,512,vec4,21,478064
sample,256,512,vec4,22,502656
sample,256,512,vec4,23,506146
sample,256,512,vec4,24,502952
sample,256,512,vec4,25,502174
sample,256,512,vec4,26,499702
sample,256,512,vec4,27,526685
sample,256,512,vec4,28,523369
sample,256,512,vec4,29,558665
measured,256,512,fused2,16384,65536,5,30,7,425999,501646,38bbe1f688e24d78,1c8bb372f8f1302e,none,none
sample,256,512,fused2,0,241888
sample,256,512,fused2,1,239546
sample,256,512,fused2,2,249545
sample,256,512,fused2,3,246397
sample,256,512,fused2,4,412332
sample,256,512,fused2,5,245138
sample,256,512,fused2,6,246074
sample,256,512,fused2,7,254777
sample,256,512,fused2,8,251415
sample,256,512,fused2,9,251371
sample,256,512,fused2,10,422435
sample,256,512,fused2,11,414379
sample,256,512,fused2,12,413610
sample,256,512,fused2,13,433944
sample,256,512,fused2,14,425999
sample,256,512,fused2,15,423888
sample,256,512,fused2,16,1142599
sample,256,512,fused2,17,445166
sample,256,512,fused2,18,442184
sample,256,512,fused2,19,447776
sample,256,512,fused2,20,451221
sample,256,512,fused2,21,441222
sample,256,512,fused2,22,459055
sample,256,512,fused2,23,456378
sample,256,512,fused2,24,462341
sample,256,512,fused2,25,499507
sample,256,512,fused2,26,500554
sample,256,512,fused2,27,471990
sample,256,512,fused2,28,487619
sample,256,512,fused2,29,501646
measured,256,512,tile8,16384,65536,5,30,6,401148,455925,38bbe1f688e24d78,1c8bb372f8f1302e,none,none
sample,256,512,tile8,0,213425
sample,256,512,tile8,1,213315
sample,256,512,tile8,2,219481
sample,256,512,tile8,3,658961
sample,256,512,tile8,4,217184
sample,256,512,tile8,5,264046
sample,256,512,tile8,6,220778
sample,256,512,tile8,7,227369
sample,256,512,tile8,8,223287
sample,256,512,tile8,9,221870
sample,256,512,tile8,10,395749
sample,256,512,tile8,11,390036
sample,256,512,tile8,12,385137
sample,256,512,tile8,13,399526
sample,256,512,tile8,14,401148
sample,256,512,tile8,15,391998
sample,256,512,tile8,16,401166
sample,256,512,tile8,17,442489
sample,256,512,tile8,18,420471
sample,256,512,tile8,19,416703
sample,256,512,tile8,20,419731
sample,256,512,tile8,21,415721
sample,256,512,tile8,22,411193
sample,256,512,tile8,23,426425
sample,256,512,tile8,24,436758
sample,256,512,tile8,25,435305
sample,256,512,tile8,26,433175
sample,256,512,tile8,27,439758
sample,256,512,tile8,28,455925
sample,256,512,tile8,29,450711
measured,256,2048,vec4,65536,262144,5,30,8,510861,545879,c9e538e9f9dccedd,259153fc2c7bc4e7,none,none
sample,256,2048,vec4,0,573222
sample,256,2048,vec4,1,503767
sample,256,2048,vec4,2,514184
sample,256,2048,vec4,3,512666
sample,256,2048,vec4,4,515397
sample,256,2048,vec4,5,511248
sample,256,2048,vec4,6,530369
sample,256,2048,vec4,7,501415
sample,256,2048,vec4,8,510896
sample,256,2048,vec4,9,545879
sample,256,2048,vec4,10,501925
sample,256,2048,vec4,11,516517
sample,256,2048,vec4,12,511831
sample,256,2048,vec4,13,508868
sample,256,2048,vec4,14,508073
sample,256,2048,vec4,15,508766
sample,256,2048,vec4,16,505508
sample,256,2048,vec4,17,512054
sample,256,2048,vec4,18,509794
sample,256,2048,vec4,19,514379
sample,256,2048,vec4,20,509194
sample,256,2048,vec4,21,497934
sample,256,2048,vec4,22,497407
sample,256,2048,vec4,23,511850
sample,256,2048,vec4,24,510861
sample,256,2048,vec4,25,509545
sample,256,2048,vec4,26,504610
sample,256,2048,vec4,27,510388
sample,256,2048,vec4,28,511277
sample,256,2048,vec4,29,511257
measured,256,2048,fused2,65536,262144,5,30,7,474488,538276,c9e538e9f9dccedd,259153fc2c7bc4e7,none,none
sample,256,2048,fused2,0,554229
sample,256,2048,fused2,1,474785
sample,256,2048,fused2,2,464711
sample,256,2048,fused2,3,474870
sample,256,2048,fused2,4,477564
sample,256,2048,fused2,5,475008
sample,256,2048,fused2,6,468174
sample,256,2048,fused2,7,478739
sample,256,2048,fused2,8,474488
sample,256,2048,fused2,9,476360
sample,256,2048,fused2,10,464342
sample,256,2048,fused2,11,465166
sample,256,2048,fused2,12,473609
sample,256,2048,fused2,13,476026
sample,256,2048,fused2,14,473924
sample,256,2048,fused2,15,538276
sample,256,2048,fused2,16,463573
sample,256,2048,fused2,17,475702
sample,256,2048,fused2,18,479240
sample,256,2048,fused2,19,474814
sample,256,2048,fused2,20,474193
sample,256,2048,fused2,21,524128
sample,256,2048,fused2,22,463758
sample,256,2048,fused2,23,473656
sample,256,2048,fused2,24,500147
sample,256,2048,fused2,25,470814
sample,256,2048,fused2,26,463471
sample,256,2048,fused2,27,474073
sample,256,2048,fused2,28,477257
sample,256,2048,fused2,29,474304
measured,256,2048,tile8,65536,262144,5,30,6,446406,474092,c9e538e9f9dccedd,259153fc2c7bc4e7,none,none
sample,256,2048,tile8,0,452082
sample,256,2048,tile8,1,440831
sample,256,2048,tile8,2,447693
sample,256,2048,tile8,3,448777
sample,256,2048,tile8,4,453842
sample,256,2048,tile8,5,447684
sample,256,2048,tile8,6,438424
sample,256,2048,tile8,7,439091
sample,256,2048,tile8,8,440601
sample,256,2048,tile8,9,474092
sample,256,2048,tile8,10,454573
sample,256,2048,tile8,11,437554
sample,256,2048,tile8,12,449405
sample,256,2048,tile8,13,452063
sample,256,2048,tile8,14,446406
sample,256,2048,tile8,15,481110
sample,256,2048,tile8,16,436962
sample,256,2048,tile8,17,445804
sample,256,2048,tile8,18,446415
sample,256,2048,tile8,19,447129
sample,256,2048,tile8,20,472823
sample,256,2048,tile8,21,443434
sample,256,2048,tile8,22,437805
sample,256,2048,tile8,23,445063
sample,256,2048,tile8,24,464221
sample,256,2048,tile8,25,437369
sample,256,2048,tile8,26,444748
sample,256,2048,tile8,27,446101
sample,256,2048,tile8,28,453971
sample,256,2048,tile8,29,446026
measured,1024,128,vec4,16384,65536,5,30,10,420730,603155,26abf5bddd03bbc5,79acd556594188cd,none,none
sample,1024,128,vec4,0,598905
sample,1024,128,vec4,1,603147
sample,1024,128,vec4,2,586609
sample,1024,128,vec4,3,603155
sample,1024,128,vec4,4,597490
sample,1024,128,vec4,5,593100
sample,1024,128,vec4,6,586870
sample,1024,128,vec4,7,597934
sample,1024,128,vec4,8,594304
sample,1024,128,vec4,9,606507
sample,1024,128,vec4,10,586664
sample,1024,128,vec4,11,601294
sample,1024,128,vec4,12,416768
sample,1024,128,vec4,13,417341
sample,1024,128,vec4,14,416749
sample,1024,128,vec4,15,418981
sample,1024,128,vec4,16,411712
sample,1024,128,vec4,17,416666
sample,1024,128,vec4,18,417082
sample,1024,128,vec4,19,416730
sample,1024,128,vec4,20,419017
sample,1024,128,vec4,21,420730
sample,1024,128,vec4,22,422629
sample,1024,128,vec4,23,414193
sample,1024,128,vec4,24,415287
sample,1024,128,vec4,25,409517
sample,1024,128,vec4,26,418313
sample,1024,128,vec4,27,421157
sample,1024,128,vec4,28,431258
sample,1024,128,vec4,29,412370
measured,1024,128,fused2,16384,65536,5,30,9,390073,567183,26abf5bddd03bbc5,79acd556594188cd,none,none
sample,1024,128,fused2,0,567183
sample,1024,128,fused2,1,564313
sample,1024,128,fused2,2,555008
sample,1024,128,fused2,3,556545
sample,1024,128,fused2,4,566239
sample,1024,128,fused2,5,551416
sample,1024,128,fused2,6,565304
sample,1024,128,fused2,7,570238
sample,1024,128,fused2,8,564786
sample,1024,128,fused2,9,566230
sample,1024,128,fused2,10,552054
sample,1024,128,fused2,11,554563
sample,1024,128,fused2,12,384128
sample,1024,128,fused2,13,390073
sample,1024,128,fused2,14,433545
sample,1024,128,fused2,15,378768
sample,1024,128,fused2,16,383027
sample,1024,128,fused2,17,384110
sample,1024,128,fused2,18,385101
sample,1024,128,fused2,19,386952
sample,1024,128,fused2,20,384999
sample,1024,128,fused2,21,383305
sample,1024,128,fused2,22,393313
sample,1024,128,fused2,23,382712
sample,1024,128,fused2,24,377729
sample,1024,128,fused2,25,378370
sample,1024,128,fused2,26,383185
sample,1024,128,fused2,27,386629
sample,1024,128,fused2,28,405397
sample,1024,128,fused2,29,383370
measured,1024,128,tile8,16384,65536,5,30,8,346591,530091,26abf5bddd03bbc5,79acd556594188cd,none,none
sample,1024,128,tile8,0,529378
sample,1024,128,tile8,1,533757
sample,1024,128,tile8,2,526026
sample,1024,128,tile8,3,527555
sample,1024,128,tile8,4,525803
sample,1024,128,tile8,5,527073
sample,1024,128,tile8,6,525850
sample,1024,128,tile8,7,529221
sample,1024,128,tile8,8,526193
sample,1024,128,tile8,9,526647
sample,1024,128,tile8,10,530091
sample,1024,128,tile8,11,515517
sample,1024,128,tile8,12,344175
sample,1024,128,tile8,13,351804
sample,1024,128,tile8,14,340888
sample,1024,128,tile8,15,339046
sample,1024,128,tile8,16,338508
sample,1024,128,tile8,17,342379
sample,1024,128,tile8,18,344054
sample,1024,128,tile8,19,346591
sample,1024,128,tile8,20,345536
sample,1024,128,tile8,21,343675
sample,1024,128,tile8,22,343175
sample,1024,128,tile8,23,392296
sample,1024,128,tile8,24,340564
sample,1024,128,tile8,25,339444
sample,1024,128,tile8,26,342610
sample,1024,128,tile8,27,340860
sample,1024,128,tile8,28,344453
sample,1024,128,tile8,29,372758
measured,1024,512,vec4,65536,262144,5,30,10,414212,450610,0949b62ffc70d026,7663f0c9d3466943,none,none
sample,1024,512,vec4,0,411248
sample,1024,512,vec4,1,450610
sample,1024,512,vec4,2,405730
sample,1024,512,vec4,3,409314
sample,1024,512,vec4,4,417137
sample,1024,512,vec4,5,412962
sample,1024,512,vec4,6,415666
sample,1024,512,vec4,7,415416
sample,1024,512,vec4,8,413183
sample,1024,512,vec4,9,416007
sample,1024,512,vec4,10,416137
sample,1024,512,vec4,11,415064
sample,1024,512,vec4,12,424221
sample,1024,512,vec4,13,412878
sample,1024,512,vec4,14,413416
sample,1024,512,vec4,15,462897
sample,1024,512,vec4,16,413138
sample,1024,512,vec4,17,410434
sample,1024,512,vec4,18,406629
sample,1024,512,vec4,19,414212
sample,1024,512,vec4,20,415479
sample,1024,512,vec4,21,413888
sample,1024,512,vec4,22,416166
sample,1024,512,vec4,23,413758
sample,1024,512,vec4,24,446434
sample,1024,512,vec4,25,423545
sample,1024,512,vec4,26,408092
sample,1024,512,vec4,27,418564
sample,1024,512,vec4,28,415813
sample,1024,512,vec4,29,413657
measured,1024,512,fused2,65536,262144,5,30,9,378758,407175,0949b62ffc70d026,7663f0c9d3466943,none,none
sample,1024,512,fused2,0,453008
sample,1024,512,fused2,1,379722
sample,1024,512,fused2,2,375007
sample,1024,512,fused2,3,376897
sample,1024,512,fused2,4,379036
sample,1024,512,fused2,5,381387
sample,1024,512,fused2,6,407175
sample,1024,512,fused2,7,374304
sample,1024,512,fused2,8,373350
sample,1024,512,fused2,9,374036
sample,1024,512,fused2,10,380462
sample,1024,512,fused2,11,382036
sample,1024,512,fused2,12,379906
sample,1024,512,fused2,13,380369
sample,1024,512,fused2,14,377360
sample,1024,512,fused2,15,380406
sample,1024,512,fused2,16,376202
sample,1024,512,fused2,17,373212
sample,1024,512,fused2,18,373110
sample,1024,512,fused2,19,378546
sample,1024,512,fused2,20,378898
sample,1024,512,fused2,21,379101
sample,1024,512,fused2,22,404147
sample,1024,512,fused2,23,378286
sample,1024,512,fused2,24,387555
sample,1024,512,fused2,25,372499
sample,1024,512,fused2,26,372703
sample,1024,512,fused2,27,383166
sample,1024,512,fused2,28,378758
sample,1024,512,fused2,29,378416
measured,1024,512,tile8,65536,262144,5,30,8,348898,378461,0949b62ffc70d026,7663f0c9d3466943,none,none
sample,1024,512,tile8,0,355842
sample,1024,512,tile8,1,357694
sample,1024,512,tile8,2,348111
sample,1024,512,tile8,3,352610
sample,1024,512,tile8,4,348916
sample,1024,512,tile8,5,348869
sample,1024,512,tile8,6,374962
sample,1024,512,tile8,7,349258
sample,1024,512,tile8,8,347017
sample,1024,512,tile8,9,343943
sample,1024,512,tile8,10,348749
sample,1024,512,tile8,11,348841
sample,1024,512,tile8,12,349018
sample,1024,512,tile8,13,349767
sample,1024,512,tile8,14,349952
sample,1024,512,tile8,15,406027
sample,1024,512,tile8,16,346416
sample,1024,512,tile8,17,345648
sample,1024,512,tile8,18,347268
sample,1024,512,tile8,19,348898
sample,1024,512,tile8,20,350592
sample,1024,512,tile8,21,349240
sample,1024,512,tile8,22,346378
sample,1024,512,tile8,23,349944
sample,1024,512,tile8,24,378461
sample,1024,512,tile8,25,344379
sample,1024,512,tile8,26,347471
sample,1024,512,tile8,27,348462
sample,1024,512,tile8,28,347943
sample,1024,512,tile8,29,350675
measured,1024,2048,vec4,262144,1048576,5,30,10,417999,427646,2d4a1c573b9665e7,d32c613321b43c7f,none,none
sample,1024,2048,vec4,0,422379
sample,1024,2048,vec4,1,421517
sample,1024,2048,vec4,2,417194
sample,1024,2048,vec4,3,419637
sample,1024,2048,vec4,4,414638
sample,1024,2048,vec4,5,419185
sample,1024,2048,vec4,6,417600
sample,1024,2048,vec4,7,420249
sample,1024,2048,vec4,8,427045
sample,1024,2048,vec4,9,420684
sample,1024,2048,vec4,10,417277
sample,1024,2048,vec4,11,482583
sample,1024,2048,vec4,12,427646
sample,1024,2048,vec4,13,413416
sample,1024,2048,vec4,14,412369
sample,1024,2048,vec4,15,416925
sample,1024,2048,vec4,16,417999
sample,1024,2048,vec4,17,419942
sample,1024,2048,vec4,18,415027
sample,1024,2048,vec4,19,416332
sample,1024,2048,vec4,20,417415
sample,1024,2048,vec4,21,418092
sample,1024,2048,vec4,22,416340
sample,1024,2048,vec4,23,419240
sample,1024,2048,vec4,24,419777
sample,1024,2048,vec4,25,415962
sample,1024,2048,vec4,26,422008
sample,1024,2048,vec4,27,414869
sample,1024,2048,vec4,28,414508
sample,1024,2048,vec4,29,420435
measured,1024,2048,fused2,262144,1048576,5,30,9,384721,412323,2d4a1c573b9665e7,d32c613321b43c7f,none,none
sample,1024,2048,fused2,0,383842
sample,1024,2048,fused2,1,385416
sample,1024,2048,fused2,2,387462
sample,1024,2048,fused2,3,412323
sample,1024,2048,fused2,4,388546
sample,1024,2048,fused2,5,381582
sample,1024,2048,fused2,6,384721
sample,1024,2048,fused2,7,383776
sample,1024,2048,fused2,8,386508
sample,1024,2048,fused2,9,388119
sample,1024,2048,fused2,10,384119
sample,1024,2048,fused2,11,400563
sample,1024,2048,fused2,12,385471
sample,1024,2048,fused2,13,378462
sample,1024,2048,fused2,14,382629
sample,1024,2048,fused2,15,378277
sample,1024,2048,fused2,16,394536
sample,1024,2048,fused2,17,438971
sample,1024,2048,fused2,18,376462
sample,1024,2048,fused2,19,395378
sample,1024,2048,fused2,20,383685
sample,1024,2048,fused2,21,383731
sample,1024,2048,fused2,22,387453
sample,1024,2048,fused2,23,383740
sample,1024,2048,fused2,24,384888
sample,1024,2048,fused2,25,384240
sample,1024,2048,fused2,26,385174
sample,1024,2048,fused2,27,379655
sample,1024,2048,fused2,28,384193
sample,1024,2048,fused2,29,386573
measured,1024,2048,tile8,262144,1048576,5,30,8,363101,375286,2d4a1c573b9665e7,d32c613321b43c7f,none,none
sample,1024,2048,tile8,0,367518
sample,1024,2048,tile8,1,363972
sample,1024,2048,tile8,2,375286
sample,1024,2048,tile8,3,366203
sample,1024,2048,tile8,4,361063
sample,1024,2048,tile8,5,361128
sample,1024,2048,tile8,6,364906
sample,1024,2048,tile8,7,364786
sample,1024,2048,tile8,8,365759
sample,1024,2048,tile8,9,362814
sample,1024,2048,tile8,10,362888
sample,1024,2048,tile8,11,364091
sample,1024,2048,tile8,12,363101
sample,1024,2048,tile8,13,360777
sample,1024,2048,tile8,14,362749
sample,1024,2048,tile8,15,362101
sample,1024,2048,tile8,16,363073
sample,1024,2048,tile8,17,373453
sample,1024,2048,tile8,18,358767
sample,1024,2048,tile8,19,361907
sample,1024,2048,tile8,20,367286
sample,1024,2048,tile8,21,363620
sample,1024,2048,tile8,22,363360
sample,1024,2048,tile8,23,362841
sample,1024,2048,tile8,24,364008
sample,1024,2048,tile8,25,402351
sample,1024,2048,tile8,26,362388
sample,1024,2048,tile8,27,358434
sample,1024,2048,tile8,28,364156
sample,1024,2048,tile8,29,363045
measured,4096,128,vec4,65536,262144,5,30,12,482007,525841,d878e557b6daedce,8cc85ceb09c8efed,none,none
sample,4096,128,vec4,0,525841
sample,4096,128,vec4,1,484971
sample,4096,128,vec4,2,479813
sample,4096,128,vec4,3,487350
sample,4096,128,vec4,4,484268
sample,4096,128,vec4,5,482851
sample,4096,128,vec4,6,479461
sample,4096,128,vec4,7,482175
sample,4096,128,vec4,8,482545
sample,4096,128,vec4,9,475009
sample,4096,128,vec4,10,481323
sample,4096,128,vec4,11,481777
sample,4096,128,vec4,12,474711
sample,4096,128,vec4,13,509081
sample,4096,128,vec4,14,476258
sample,4096,128,vec4,15,479675
sample,4096,128,vec4,16,488194
sample,4096,128,vec4,17,493508
sample,4096,128,vec4,18,482007
sample,4096,128,vec4,19,483730
sample,4096,128,vec4,20,532951
sample,4096,128,vec4,21,477461
sample,4096,128,vec4,22,479192
sample,4096,128,vec4,23,479859
sample,4096,128,vec4,24,476165
sample,4096,128,vec4,25,480526
sample,4096,128,vec4,26,484628
sample,4096,128,vec4,27,487285
sample,4096,128,vec4,28,494081
sample,4096,128,vec4,29,481591
measured,4096,128,fused2,65536,262144,5,30,11,448332,504980,d878e557b6daedce,8cc85ceb09c8efed,none,none
sample,4096,128,fused2,0,504980
sample,4096,128,fused2,1,444137
sample,4096,128,fused2,2,447583
sample,4096,128,fused2,3,450803
sample,4096,128,fused2,4,448286
sample,4096,128,fused2,5,452379
sample,4096,128,fused2,6,450813
sample,4096,128,fused2,7,506527
sample,4096,128,fused2,8,498757
sample,4096,128,fused2,9,442156
sample,4096,128,fused2,10,449082
sample,4096,128,fused2,11,449851
sample,4096,128,fused2,12,447416
sample,4096,128,fused2,13,449758
sample,4096,128,fused2,14,444611
sample,4096,128,fused2,15,440887
sample,4096,128,fused2,16,450924
sample,4096,128,fused2,17,450656
sample,4096,128,fused2,18,450777
sample,4096,128,fused2,19,448573
sample,4096,128,fused2,20,443101
sample,4096,128,fused2,21,463869
sample,4096,128,fused2,22,442796
sample,4096,128,fused2,23,446499
sample,4096,128,fused2,24,448332
sample,4096,128,fused2,25,445720
sample,4096,128,fused2,26,443472
sample,4096,128,fused2,27,447351
sample,4096,128,fused2,28,473684
sample,4096,128,fused2,29,447026
measured,4096,128,tile8,65536,262144,5,30,10,419480,429915,d878e557b6daedce,8cc85ceb09c8efed,none,none
sample,4096,128,tile8,0,419471
sample,4096,128,tile8,1,412879
sample,4096,128,tile8,2,415712
sample,4096,128,tile8,3,419610
sample,4096,128,tile8,4,415897
sample,4096,128,tile8,5,417573
sample,4096,128,tile8,6,418471
sample,4096,128,tile8,7,419193
sample,4096,128,tile8,8,414414
sample,4096,128,tile8,9,414545
sample,4096,128,tile8,10,419480
sample,4096,128,tile8,11,420499
sample,4096,128,tile8,12,470915
sample,4096,128,tile8,13,425453
sample,4096,128,tile8,14,415360
sample,4096,128,tile8,15,424452
sample,4096,128,tile8,16,424961
sample,4096,128,tile8,17,419851
sample,4096,128,tile8,18,421795
sample,4096,128,tile8,19,420545
sample,4096,128,tile8,20,421378
sample,4096,128,tile8,21,419490
sample,4096,128,tile8,22,413166
sample,4096,128,tile8,23,424147
sample,4096,128,tile8,24,418545
sample,4096,128,tile8,25,414619
sample,4096,128,tile8,26,424684
sample,4096,128,tile8,27,418017
sample,4096,128,tile8,28,429915
sample,4096,128,tile8,29,422305
measured,4096,512,vec4,262144,1048576,5,30,12,492322,502379,07e875993970433c,207dceeda1be3f5b,none,none
sample,4096,512,vec4,0,494610
sample,4096,512,vec4,1,493647
sample,4096,512,vec4,2,500999
sample,4096,512,vec4,3,497156
sample,4096,512,vec4,4,491970
sample,4096,512,vec4,5,496313
sample,4096,512,vec4,6,483923
sample,4096,512,vec4,7,490194
sample,4096,512,vec4,8,493424
sample,4096,512,vec4,9,532220
sample,4096,512,vec4,10,494249
sample,4096,512,vec4,11,487138
sample,4096,512,vec4,12,488999
sample,4096,512,vec4,13,491007
sample,4096,512,vec4,14,502379
sample,4096,512,vec4,15,490712
sample,4096,512,vec4,16,495526
sample,4096,512,vec4,17,492657
sample,4096,512,vec4,18,495943
sample,4096,512,vec4,19,491157
sample,4096,512,vec4,20,492266
sample,4096,512,vec4,21,492322
sample,4096,512,vec4,22,492222
sample,4096,512,vec4,23,489906
sample,4096,512,vec4,24,496442
sample,4096,512,vec4,25,495841
sample,4096,512,vec4,26,486211
sample,4096,512,vec4,27,492240
sample,4096,512,vec4,28,493666
sample,4096,512,vec4,29,491442
measured,4096,512,fused2,262144,1048576,5,30,11,459147,506638,07e875993970433c,207dceeda1be3f5b,none,none
sample,4096,512,fused2,0,459008
sample,4096,512,fused2,1,458675
sample,4096,512,fused2,2,455072
sample,4096,512,fused2,3,459508
sample,4096,512,fused2,4,510313
sample,4096,512,fused2,5,462990
sample,4096,512,fused2,6,459147
sample,4096,512,fused2,7,459350
sample,4096,512,fused2,8,456267
sample,4096,512,fused2,9,461739
sample,4096,512,fused2,10,458553
sample,4096,512,fused2,11,458285
sample,4096,512,fused2,12,457933
sample,4096,512,fused2,13,458536
sample,4096,512,fused2,14,459424
sample,4096,512,fused2,15,459573
sample,4096,512,fused2,16,461202
sample,4096,512,fused2,17,498148
sample,4096,512,fused2,18,456128
sample,4096,512,fused2,19,459388
sample,4096,512,fused2,20,459657
sample,4096,512,fused2,21,455146
sample,4096,512,fused2,22,457035
sample,4096,512,fused2,23,456563
sample,4096,512,fused2,24,506638
sample,4096,512,fused2,25,458905
sample,4096,512,fused2,26,456758
sample,4096,512,fused2,27,462611
sample,4096,512,fused2,28,461897
sample,4096,512,fused2,29,470008
measured,4096,512,tile8,262144,1048576,5,30,10,438915,488229,07e875993970433c,207dceeda1be3f5b,none,none
sample,4096,512,tile8,0,438212
sample,4096,512,tile8,1,438915
sample,4096,512,tile8,2,441647
sample,4096,512,tile8,3,436879
sample,4096,512,tile8,4,437916
sample,4096,512,tile8,5,442258
sample,4096,512,tile8,6,437840
sample,4096,512,tile8,7,435377
sample,4096,512,tile8,8,437174
sample,4096,512,tile8,9,440805
sample,4096,512,tile8,10,488229
sample,4096,512,tile8,11,434887
sample,4096,512,tile8,12,437833
sample,4096,512,tile8,13,438656
sample,4096,512,tile8,14,444840
sample,4096,512,tile8,15,439378
sample,4096,512,tile8,16,444472
sample,4096,512,tile8,17,506026
sample,4096,512,tile8,18,435100
sample,4096,512,tile8,19,443794
sample,4096,512,tile8,20,438990
sample,4096,512,tile8,21,438313
sample,4096,512,tile8,22,441758
sample,4096,512,tile8,23,439240
sample,4096,512,tile8,24,473675
sample,4096,512,tile8,25,440277
sample,4096,512,tile8,26,437128
sample,4096,512,tile8,27,438610
sample,4096,512,tile8,28,438192
sample,4096,512,tile8,29,444081
measured,4096,2048,vec4,1048576,4194304,5,30,12,554490,562118,4143a88e49ed614b,e0842ad8f72c0c9f,none,none
sample,4096,2048,vec4,0,555239
sample,4096,2048,vec4,1,542684
sample,4096,2048,vec4,2,562396
sample,4096,2048,vec4,3,561016
sample,4096,2048,vec4,4,557277
sample,4096,2048,vec4,5,552322
sample,4096,2048,vec4,6,550480
sample,4096,2048,vec4,7,546563
sample,4096,2048,vec4,8,554499
sample,4096,2048,vec4,9,554127
sample,4096,2048,vec4,10,550563
sample,4096,2048,vec4,11,557869
sample,4096,2048,vec4,12,553044
sample,4096,2048,vec4,13,550017
sample,4096,2048,vec4,14,554545
sample,4096,2048,vec4,15,549175
sample,4096,2048,vec4,16,549905
sample,4096,2048,vec4,17,554879
sample,4096,2048,vec4,18,555470
sample,4096,2048,vec4,19,562118
sample,4096,2048,vec4,20,557434
sample,4096,2048,vec4,21,547276
sample,4096,2048,vec4,22,558832
sample,4096,2048,vec4,23,554490
sample,4096,2048,vec4,24,553434
sample,4096,2048,vec4,25,559174
sample,4096,2048,vec4,26,549351
sample,4096,2048,vec4,27,550896
sample,4096,2048,vec4,28,561082
sample,4096,2048,vec4,29,555304
measured,4096,2048,fused2,1048576,4194304,5,30,11,515193,523795,4143a88e49ed614b,e0842ad8f72c0c9f,none,none
sample,4096,2048,fused2,0,507887
sample,4096,2048,fused2,1,515592
sample,4096,2048,fused2,2,515387
sample,4096,2048,fused2,3,515628
sample,4096,2048,fused2,4,515119
sample,4096,2048,fused2,5,526258
sample,4096,2048,fused2,6,515536
sample,4096,2048,fused2,7,520387
sample,4096,2048,fused2,8,515008
sample,4096,2048,fused2,9,515193
sample,4096,2048,fused2,10,513110
sample,4096,2048,fused2,11,509276
sample,4096,2048,fused2,12,515583
sample,4096,2048,fused2,13,523795
sample,4096,2048,fused2,14,519128
sample,4096,2048,fused2,15,520888
sample,4096,2048,fused2,16,508850
sample,4096,2048,fused2,17,510323
sample,4096,2048,fused2,18,510322
sample,4096,2048,fused2,19,519924
sample,4096,2048,fused2,20,511481
sample,4096,2048,fused2,21,506701
sample,4096,2048,fused2,22,519276
sample,4096,2048,fused2,23,517240
sample,4096,2048,fused2,24,513795
sample,4096,2048,fused2,25,514267
sample,4096,2048,fused2,26,513692
sample,4096,2048,fused2,27,510091
sample,4096,2048,fused2,28,517768
sample,4096,2048,fused2,29,516368
measured,4096,2048,tile8,1048576,4194304,5,30,10,539536,551055,4143a88e49ed614b,e0842ad8f72c0c9f,none,none
sample,4096,2048,tile8,0,537841
sample,4096,2048,tile8,1,532610
sample,4096,2048,tile8,2,544794
sample,4096,2048,tile8,3,579701
sample,4096,2048,tile8,4,551055
sample,4096,2048,tile8,5,539536
sample,4096,2048,tile8,6,540887
sample,4096,2048,tile8,7,550813
sample,4096,2048,tile8,8,540953
sample,4096,2048,tile8,9,545285
sample,4096,2048,tile8,10,540656
sample,4096,2048,tile8,11,537666
sample,4096,2048,tile8,12,539610
sample,4096,2048,tile8,13,541239
sample,4096,2048,tile8,14,539590
sample,4096,2048,tile8,15,542212
sample,4096,2048,tile8,16,533517
sample,4096,2048,tile8,17,537730
sample,4096,2048,tile8,18,537757
sample,4096,2048,tile8,19,541553
sample,4096,2048,tile8,20,535331
sample,4096,2048,tile8,21,529803
sample,4096,2048,tile8,22,549370
sample,4096,2048,tile8,23,536526
sample,4096,2048,tile8,24,540285
sample,4096,2048,tile8,25,539489
sample,4096,2048,tile8,26,534166
sample,4096,2048,tile8,27,536646
sample,4096,2048,tile8,28,536601
sample,4096,2048,tile8,29,537044
measured,16384,128,vec4,262144,1048576,5,30,14,565971,615850,318e48fc80dadb1f,a09bc0e13ecf9bf8,none,none
sample,16384,128,vec4,0,565304
sample,16384,128,vec4,1,570405
sample,16384,128,vec4,2,564757
sample,16384,128,vec4,3,558508
sample,16384,128,vec4,4,563323
sample,16384,128,vec4,5,564044
sample,16384,128,vec4,6,562739
sample,16384,128,vec4,7,565971
sample,16384,128,vec4,8,565425
sample,16384,128,vec4,9,560897
sample,16384,128,vec4,10,562581
sample,16384,128,vec4,11,615850
sample,16384,128,vec4,12,628157
sample,16384,128,vec4,13,588841
sample,16384,128,vec4,14,585350
sample,16384,128,vec4,15,576387
sample,16384,128,vec4,16,571591
sample,16384,128,vec4,17,573562
sample,16384,128,vec4,18,574229
sample,16384,128,vec4,19,588637
sample,16384,128,vec4,20,560498
sample,16384,128,vec4,21,559833
sample,16384,128,vec4,22,567933
sample,16384,128,vec4,23,566572
sample,16384,128,vec4,24,568655
sample,16384,128,vec4,25,564480
sample,16384,128,vec4,26,561341
sample,16384,128,vec4,27,582786
sample,16384,128,vec4,28,556396
sample,16384,128,vec4,29,576444
measured,16384,128,fused2,262144,1048576,5,30,13,537637,569905,318e48fc80dadb1f,a09bc0e13ecf9bf8,none,none
sample,16384,128,fused2,0,532803
sample,16384,128,fused2,1,532285
sample,16384,128,fused2,2,537638
sample,16384,128,fused2,3,526304
sample,16384,128,fused2,4,538212
sample,16384,128,fused2,5,535434
sample,16384,128,fused2,6,543674
sample,16384,128,fused2,7,537637
sample,16384,128,fused2,8,537230
sample,16384,128,fused2,9,539757
sample,16384,128,fused2,10,544388
sample,16384,128,fused2,11,569905
sample,16384,128,fused2,12,554027
sample,16384,128,fused2,13,558813
sample,16384,128,fused2,14,592405
sample,16384,128,fused2,15,542323
sample,16384,128,fused2,16,544220
sample,16384,128,fused2,17,552489
sample,16384,128,fused2,18,536073
sample,16384,128,fused2,19,532527
sample,16384,128,fused2,20,529175
sample,16384,128,fused2,21,542887
sample,16384,128,fused2,22,527285
sample,16384,128,fused2,23,549194
sample,16384,128,fused2,24,540729
sample,16384,128,fused2,25,532516
sample,16384,128,fused2,26,535517
sample,16384,128,fused2,27,532554
sample,16384,128,fused2,28,533998
sample,16384,128,fused2,29,525378
measured,16384,128,tile8,262144,1048576,5,30,12,512175,530860,318e48fc80dadb1f,a09bc0e13ecf9bf8,none,none
sample,16384,128,tile8,0,514712
sample,16384,128,tile8,1,510627
sample,16384,128,tile8,2,505849
sample,16384,128,tile8,3,501952
sample,16384,128,tile8,4,510100
sample,16384,128,tile8,5,511805
sample,16384,128,tile8,6,518545
sample,16384,128,tile8,7,514628
sample,16384,128,tile8,8,508387
sample,16384,128,tile8,9,504351
sample,16384,128,tile8,10,508396
sample,16384,128,tile8,11,521462
sample,16384,128,tile8,12,549490
sample,16384,128,tile8,13,527276
sample,16384,128,tile8,14,530860
sample,16384,128,tile8,15,512193
sample,16384,128,tile8,16,520730
sample,16384,128,tile8,17,514044
sample,16384,128,tile8,18,516591
sample,16384,128,tile8,19,516933
sample,16384,128,tile8,20,508776
sample,16384,128,tile8,21,512592
sample,16384,128,tile8,22,506387
sample,16384,128,tile8,23,512175
sample,16384,128,tile8,24,509157
sample,16384,128,tile8,25,515156
sample,16384,128,tile8,26,512175
sample,16384,128,tile8,27,507731
sample,16384,128,tile8,28,512258
sample,16384,128,tile8,29,502238
measured,16384,512,vec4,1048576,4194304,5,30,14,633989,652452,08b87a1ca99fa7b8,cc66b7b8fae87df4,none,none
sample,16384,512,vec4,0,633183
sample,16384,512,vec4,1,641322
sample,16384,512,vec4,2,652452
sample,16384,512,vec4,3,643350
sample,16384,512,vec4,4,634655
sample,16384,512,vec4,5,635842
sample,16384,512,vec4,6,648100
sample,16384,512,vec4,7,637683
sample,16384,512,vec4,8,633341
sample,16384,512,vec4,9,649349
sample,16384,512,vec4,10,636331
sample,16384,512,vec4,11,632618
sample,16384,512,vec4,12,631935
sample,16384,512,vec4,13,638424
sample,16384,512,vec4,14,632331
sample,16384,512,vec4,15,633026
sample,16384,512,vec4,16,633137
sample,16384,512,vec4,17,629405
sample,16384,512,vec4,18,632572
sample,16384,512,vec4,19,629814
sample,16384,512,vec4,20,632341
sample,16384,512,vec4,21,632471
sample,16384,512,vec4,22,633989
sample,16384,512,vec4,23,640794
sample,16384,512,vec4,24,626831
sample,16384,512,vec4,25,634313
sample,16384,512,vec4,26,655609
sample,16384,512,vec4,27,637535
sample,16384,512,vec4,28,631776
sample,16384,512,vec4,29,634527
measured,16384,512,fused2,1048576,4194304,5,30,13,596481,604916,08b87a1ca99fa7b8,cc66b7b8fae87df4,none,none
sample,16384,512,fused2,0,598841
sample,16384,512,fused2,1,604916
sample,16384,512,fused2,2,600757
sample,16384,512,fused2,3,601340
sample,16384,512,fused2,4,593518
sample,16384,512,fused2,5,593222
sample,16384,512,fused2,6,597479
sample,16384,512,fused2,7,600064
sample,16384,512,fused2,8,600943
sample,16384,512,fused2,9,596220
sample,16384,512,fused2,10,592127
sample,16384,512,fused2,11,591572
sample,16384,512,fused2,12,593536
sample,16384,512,fused2,13,598627
sample,16384,512,fused2,14,600100
sample,16384,512,fused2,15,594609
sample,16384,512,fused2,16,593739
sample,16384,512,fused2,17,593517
sample,16384,512,fused2,18,597897
sample,16384,512,fused2,19,590480
sample,16384,512,fused2,20,594009
sample,16384,512,fused2,21,589544
sample,16384,512,fused2,22,608296
sample,16384,512,fused2,23,596961
sample,16384,512,fused2,24,593285
sample,16384,512,fused2,25,598637
sample,16384,512,fused2,26,598174
sample,16384,512,fused2,27,596850
sample,16384,512,fused2,28,594664
sample,16384,512,fused2,29,596481
measured,16384,512,tile8,1048576,4194304,5,30,12,620341,632665,08b87a1ca99fa7b8,cc66b7b8fae87df4,none,none
sample,16384,512,tile8,0,627609
sample,16384,512,tile8,1,620878
sample,16384,512,tile8,2,628156
sample,16384,512,tile8,3,623350
sample,16384,512,tile8,4,619109
sample,16384,512,tile8,5,619332
sample,16384,512,tile8,6,621934
sample,16384,512,tile8,7,630785
sample,16384,512,tile8,8,623229
sample,16384,512,tile8,9,623230
sample,16384,512,tile8,10,620183
sample,16384,512,tile8,11,619294
sample,16384,512,tile8,12,619767
sample,16384,512,tile8,13,634711
sample,16384,512,tile8,14,620813
sample,16384,512,tile8,15,612360
sample,16384,512,tile8,16,614100
sample,16384,512,tile8,17,617859
sample,16384,512,tile8,18,623934
sample,16384,512,tile8,19,616526
sample,16384,512,tile8,20,613748
sample,16384,512,tile8,21,614535
sample,16384,512,tile8,22,614794
sample,16384,512,tile8,23,612896
sample,16384,512,tile8,24,620341
sample,16384,512,tile8,25,622525
sample,16384,512,tile8,26,619434
sample,16384,512,tile8,27,624628
sample,16384,512,tile8,28,622795
sample,16384,512,tile8,29,632665
measured,16384,2048,vec4,4194304,16777216,5,30,14,842202,865609,6be3b72c15a212b9,3199380bd5011e6c,none,none
sample,16384,2048,vec4,0,865609
sample,16384,2048,vec4,1,849434
sample,16384,2048,vec4,2,846628
sample,16384,2048,vec4,3,851405
sample,16384,2048,vec4,4,842183
sample,16384,2048,vec4,5,836756
sample,16384,2048,vec4,6,832599
sample,16384,2048,vec4,7,842674
sample,16384,2048,vec4,8,846221
sample,16384,2048,vec4,9,840868
sample,16384,2048,vec4,10,843701
sample,16384,2048,vec4,11,843183
sample,16384,2048,vec4,12,896293
sample,16384,2048,vec4,13,839045
sample,16384,2048,vec4,14,849396
sample,16384,2048,vec4,15,838322
sample,16384,2048,vec4,16,842210
sample,16384,2048,vec4,17,845943
sample,16384,2048,vec4,18,840257
sample,16384,2048,vec4,19,836098
sample,16384,2048,vec4,20,837035
sample,16384,2048,vec4,21,845932
sample,16384,2048,vec4,22,836739
sample,16384,2048,vec4,23,844229
sample,16384,2048,vec4,24,839191
sample,16384,2048,vec4,25,839285
sample,16384,2048,vec4,26,835941
sample,16384,2048,vec4,27,842202
sample,16384,2048,vec4,28,835488
sample,16384,2048,vec4,29,863165
measured,16384,2048,fused2,4194304,16777216,5,30,13,800868,810201,6be3b72c15a212b9,3199380bd5011e6c,none,none
sample,16384,2048,fused2,0,809331
sample,16384,2048,fused2,1,802720
sample,16384,2048,fused2,2,802618
sample,16384,2048,fused2,3,797637
sample,16384,2048,fused2,4,801368
sample,16384,2048,fused2,5,787561
sample,16384,2048,fused2,6,804164
sample,16384,2048,fused2,7,805396
sample,16384,2048,fused2,8,798943
sample,16384,2048,fused2,9,799090
sample,16384,2048,fused2,10,801997
sample,16384,2048,fused2,11,794452
sample,16384,2048,fused2,12,813441
sample,16384,2048,fused2,13,805822
sample,16384,2048,fused2,14,799794
sample,16384,2048,fused2,15,803849
sample,16384,2048,fused2,16,805460
sample,16384,2048,fused2,17,793275
sample,16384,2048,fused2,18,796943
sample,16384,2048,fused2,19,807415
sample,16384,2048,fused2,20,790452
sample,16384,2048,fused2,21,796396
sample,16384,2048,fused2,22,800471
sample,16384,2048,fused2,23,810201
sample,16384,2048,fused2,24,801849
sample,16384,2048,fused2,25,796840
sample,16384,2048,fused2,26,795923
sample,16384,2048,fused2,27,801526
sample,16384,2048,fused2,28,800868
sample,16384,2048,fused2,29,797739
measured,16384,2048,tile8,4194304,16777216,5,30,12,999969,1020867,6be3b72c15a212b9,3199380bd5011e6c,none,none
sample,16384,2048,tile8,0,1000961
sample,16384,2048,tile8,1,1008201
sample,16384,2048,tile8,2,994099
sample,16384,2048,tile8,3,992896
sample,16384,2048,tile8,4,1003775
sample,16384,2048,tile8,5,1001117
sample,16384,2048,tile8,6,1005099
sample,16384,2048,tile8,7,1003664
sample,16384,2048,tile8,8,1020867
sample,16384,2048,tile8,9,996080
sample,16384,2048,tile8,10,1003136
sample,16384,2048,tile8,11,992811
sample,16384,2048,tile8,12,999442
sample,16384,2048,tile8,13,1001924
sample,16384,2048,tile8,14,996015
sample,16384,2048,tile8,15,997775
sample,16384,2048,tile8,16,1014599
sample,16384,2048,tile8,17,996089
sample,16384,2048,tile8,18,997941
sample,16384,2048,tile8,19,994645
sample,16384,2048,tile8,20,1001552
sample,16384,2048,tile8,21,1005090
sample,16384,2048,tile8,22,995210
sample,16384,2048,tile8,23,1004515
sample,16384,2048,tile8,24,1010775
sample,16384,2048,tile8,25,993534
sample,16384,2048,tile8,26,996183
sample,16384,2048,tile8,27,995525
sample,16384,2048,tile8,28,1027479
sample,16384,2048,tile8,29,999969
measured,65536,128,vec4,1048576,4194304,5,30,16,726035,769081,9ec0db29a14c575b,4098921c6b362ecd,none,none
sample,65536,128,vec4,0,780859
sample,65536,128,vec4,1,725035
sample,65536,128,vec4,2,729498
sample,65536,128,vec4,3,734072
sample,65536,128,vec4,4,769081
sample,65536,128,vec4,5,767433
sample,65536,128,vec4,6,723663
sample,65536,128,vec4,7,725960
sample,65536,128,vec4,8,731323
sample,65536,128,vec4,9,726470
sample,65536,128,vec4,10,723387
sample,65536,128,vec4,11,728711
sample,65536,128,vec4,12,729794
sample,65536,128,vec4,13,725044
sample,65536,128,vec4,14,723202
sample,65536,128,vec4,15,724517
sample,65536,128,vec4,16,727628
sample,65536,128,vec4,17,718257
sample,65536,128,vec4,18,719137
sample,65536,128,vec4,19,732414
sample,65536,128,vec4,20,735590
sample,65536,128,vec4,21,722294
sample,65536,128,vec4,22,726211
sample,65536,128,vec4,23,719924
sample,65536,128,vec4,24,726035
sample,65536,128,vec4,25,730202
sample,65536,128,vec4,26,722211
sample,65536,128,vec4,27,727785
sample,65536,128,vec4,28,723683
sample,65536,128,vec4,29,725275
measured,65536,128,fused2,1048576,4194304,5,30,15,695998,753043,9ec0db29a14c575b,4098921c6b362ecd,none,none
sample,65536,128,fused2,0,739424
sample,65536,128,fused2,1,686072
sample,65536,128,fused2,2,693155
sample,65536,128,fused2,3,701423
sample,65536,128,fused2,4,709248
sample,65536,128,fused2,5,704174
sample,65536,128,fused2,6,697415
sample,65536,128,fused2,7,695785
sample,65536,128,fused2,8,700275
sample,65536,128,fused2,9,714081
sample,65536,128,fused2,10,688516
sample,65536,128,fused2,11,693341
sample,65536,128,fused2,12,698164
sample,65536,128,fused2,13,722757
sample,65536,128,fused2,14,753525
sample,65536,128,fused2,15,690850
sample,65536,128,fused2,16,703266
sample,65536,128,fused2,17,753043
sample,65536,128,fused2,18,689526
sample,65536,128,fused2,19,694415
sample,65536,128,fused2,20,695794
sample,65536,128,fused2,21,697034
sample,65536,128,fused2,22,691304
sample,65536,128,fused2,23,695054
sample,65536,128,fused2,24,695998
sample,65536,128,fused2,25,692812
sample,65536,128,fused2,26,694813
sample,65536,128,fused2,27,692007
sample,65536,128,fused2,28,703165
sample,65536,128,fused2,29,696887
measured,65536,128,tile8,1048576,4194304,5,30,14,706082,733646,9ec0db29a14c575b,4098921c6b362ecd,none,none
sample,65536,128,tile8,0,702526
sample,65536,128,tile8,1,707831
sample,65536,128,tile8,2,707368
sample,65536,128,tile8,3,708803
sample,65536,128,tile8,4,732488
sample,65536,128,tile8,5,714822
sample,65536,128,tile8,6,709433
sample,65536,128,tile8,7,708998
sample,65536,128,tile8,8,715174
sample,65536,128,tile8,9,715193
sample,65536,128,tile8,10,706082
sample,65536,128,tile8,11,705340
sample,65536,128,tile8,12,708128
sample,65536,128,tile8,13,703136
sample,65536,128,tile8,14,708841
sample,65536,128,tile8,15,706230
sample,65536,128,tile8,16,699970
sample,65536,128,tile8,17,741526
sample,65536,128,tile8,18,715127
sample,65536,128,tile8,19,704026
sample,65536,128,tile8,20,733646
sample,65536,128,tile8,21,701701
sample,65536,128,tile8,22,702090
sample,65536,128,tile8,23,700406
sample,65536,128,tile8,24,704442
sample,65536,128,tile8,25,705988
sample,65536,128,tile8,26,705053
sample,65536,128,tile8,27,702766
sample,65536,128,tile8,28,704517
sample,65536,128,tile8,29,703868
measured,65536,512,vec4,4194304,16777216,5,30,16,956711,965081,84d06402da633040,29115d73667dee45,none,none
sample,65536,512,vec4,0,958922
sample,65536,512,vec4,1,960321
sample,65536,512,vec4,2,956913
sample,65536,512,vec4,3,958932
sample,65536,512,vec4,4,971071
sample,65536,512,vec4,5,959516
sample,65536,512,vec4,6,955590
sample,65536,512,vec4,7,951572
sample,65536,512,vec4,8,952126
sample,65536,512,vec4,9,947563
sample,65536,512,vec4,10,956711
sample,65536,512,vec4,11,953330
sample,65536,512,vec4,12,965081
sample,65536,512,vec4,13,953812
sample,65536,512,vec4,14,959423
sample,65536,512,vec4,15,944516
sample,65536,512,vec4,16,959386
sample,65536,512,vec4,17,957534
sample,65536,512,vec4,18,952664
sample,65536,512,vec4,19,963239
sample,65536,512,vec4,20,955368
sample,65536,512,vec4,21,963599
sample,65536,512,vec4,22,951034
sample,65536,512,vec4,23,956665
sample,65536,512,vec4,24,961627
sample,65536,512,vec4,25,959886
sample,65536,512,vec4,26,954571
sample,65536,512,vec4,27,953071
sample,65536,512,vec4,28,963803
sample,65536,512,vec4,29,948071
measured,65536,512,fused2,4194304,16777216,5,30,15,920905,932266,84d06402da633040,29115d73667dee45,none,none
sample,65536,512,fused2,0,926387
sample,65536,512,fused2,1,916729
sample,65536,512,fused2,2,938182
sample,65536,512,fused2,3,916887
sample,65536,512,fused2,4,927488
sample,65536,512,fused2,5,923636
sample,65536,512,fused2,6,919637
sample,65536,512,fused2,7,921998
sample,65536,512,fused2,8,917404
sample,65536,512,fused2,9,926230
sample,65536,512,fused2,10,927182
sample,65536,512,fused2,11,919663
sample,65536,512,fused2,12,915849
sample,65536,512,fused2,13,921673
sample,65536,512,fused2,14,923942
sample,65536,512,fused2,15,915238
sample,65536,512,fused2,16,925349
sample,65536,512,fused2,17,920905
sample,65536,512,fused2,18,920164
sample,65536,512,fused2,19,912081
sample,65536,512,fused2,20,911247
sample,65536,512,fused2,21,928239
sample,65536,512,fused2,22,922997
sample,65536,512,fused2,23,924135
sample,65536,512,fused2,24,918702
sample,65536,512,fused2,25,924933
sample,65536,512,fused2,26,916674
sample,65536,512,fused2,27,916163
sample,65536,512,fused2,28,932266
sample,65536,512,fused2,29,910479
measured,65536,512,tile8,4194304,16777216,5,30,14,1108497,1128487,84d06402da633040,29115d73667dee45,none,none
sample,65536,512,tile8,0,1114136
sample,65536,512,tile8,1,1105830
sample,65536,512,tile8,2,1106413
sample,65536,512,tile8,3,1112302
sample,65536,512,tile8,4,1128766
sample,65536,512,tile8,5,1111329
sample,65536,512,tile8,6,1104312
sample,65536,512,tile8,7,1108497
sample,65536,512,tile8,8,1128487
sample,65536,512,tile8,9,1108062
sample,65536,512,tile8,10,1107859
sample,65536,512,tile8,11,1103988
sample,65536,512,tile8,12,1110524
sample,65536,512,tile8,13,1111774
sample,65536,512,tile8,14,1106728
sample,65536,512,tile8,15,1113145
sample,65536,512,tile8,16,1101283
sample,65536,512,tile8,17,1107580
sample,65536,512,tile8,18,1120673
sample,65536,512,tile8,19,1110923
sample,65536,512,tile8,20,1126877
sample,65536,512,tile8,21,1111469
sample,65536,512,tile8,22,1121015
sample,65536,512,tile8,23,1101367
sample,65536,512,tile8,24,1099395
sample,65536,512,tile8,25,1120525
sample,65536,512,tile8,26,1108469
sample,65536,512,tile8,27,1111710
sample,65536,512,tile8,28,1097043
sample,65536,512,tile8,29,1102006
skipped_limit,65536,2048,vec4,16777216,67108864,NA,NA,NA,NA,NA,NA,NA,cohort_dispatch_limit,none
skipped_limit,65536,2048,fused2,16777216,67108864,NA,NA,NA,NA,NA,NA,NA,cohort_dispatch_limit,none
skipped_limit,65536,2048,tile8,16777216,67108864,NA,NA,NA,NA,NA,NA,NA,cohort_dispatch_limit,none
measured,262144,128,vec4,4194304,16777216,5,30,18,1107654,1282496,603e59446e81431f,99960c282a7f4ca5,none,none
sample,262144,128,vec4,0,1280506
sample,262144,128,vec4,1,1271533
sample,262144,128,vec4,2,1274294
sample,262144,128,vec4,3,1281757
sample,262144,128,vec4,4,1262395
sample,262144,128,vec4,5,1291932
sample,262144,128,vec4,6,1282496
sample,262144,128,vec4,7,1267451
sample,262144,128,vec4,8,1267144
sample,262144,128,vec4,9,1272747
sample,262144,128,vec4,10,1260913
sample,262144,128,vec4,11,1110293
sample,262144,128,vec4,12,1107895
sample,262144,128,vec4,13,1100553
sample,262144,128,vec4,14,1107608
sample,262144,128,vec4,15,1086469
sample,262144,128,vec4,16,1130719
sample,262144,128,vec4,17,1103646
sample,262144,128,vec4,18,1104516
sample,262144,128,vec4,19,1093405
sample,262144,128,vec4,20,1089431
sample,262144,128,vec4,21,1091663
sample,262144,128,vec4,22,1103451
sample,262144,128,vec4,23,1091840
sample,262144,128,vec4,24,1103005
sample,262144,128,vec4,25,1109673
sample,262144,128,vec4,26,1107654
sample,262144,128,vec4,27,1104385
sample,262144,128,vec4,28,1095163
sample,262144,128,vec4,29,1105414
measured,262144,128,fused2,4194304,16777216,5,30,17,1091922,1280904,603e59446e81431f,99960c282a7f4ca5,none,none
sample,262144,128,fused2,0,1263699
sample,262144,128,fused2,1,1260903
sample,262144,128,fused2,2,1280904
sample,262144,128,fused2,3,1266506
sample,262144,128,fused2,4,1260792
sample,262144,128,fused2,5,1281340
sample,262144,128,fused2,6,1268579
sample,262144,128,fused2,7,1261432
sample,262144,128,fused2,8,1254033
sample,262144,128,fused2,9,1245875
sample,262144,128,fused2,10,1248007
sample,262144,128,fused2,11,1145182
sample,262144,128,fused2,12,1091922
sample,262144,128,fused2,13,1091969
sample,262144,128,fused2,14,1085053
sample,262144,128,fused2,15,1089163
sample,262144,128,fused2,16,1122034
sample,262144,128,fused2,17,1091126
sample,262144,128,fused2,18,1085627
sample,262144,128,fused2,19,1104006
sample,262144,128,fused2,20,1082395
sample,262144,128,fused2,21,1082913
sample,262144,128,fused2,22,1086729
sample,262144,128,fused2,23,1091015
sample,262144,128,fused2,24,1085979
sample,262144,128,fused2,25,1080043
sample,262144,128,fused2,26,1090303
sample,262144,128,fused2,27,1091914
sample,262144,128,fused2,28,1086423
sample,262144,128,fused2,29,1089228
measured,262144,128,tile8,4194304,16777216,5,30,16,1233738,1409839,603e59446e81431f,99960c282a7f4ca5,none,none
sample,262144,128,tile8,0,1399496
sample,262144,128,tile8,1,1395662
sample,262144,128,tile8,2,1409839
sample,262144,128,tile8,3,1398506
sample,262144,128,tile8,4,1405700
sample,262144,128,tile8,5,1420662
sample,262144,128,tile8,6,1386783
sample,262144,128,tile8,7,1388912
sample,262144,128,tile8,8,1395042
sample,262144,128,tile8,9,1381931
sample,262144,128,tile8,10,1386328
sample,262144,128,tile8,11,1379487
sample,262144,128,tile8,12,1224728
sample,262144,128,tile8,13,1240116
sample,262144,128,tile8,14,1222357
sample,262144,128,tile8,15,1227690
sample,262144,128,tile8,16,1242293
sample,262144,128,tile8,17,1239747
sample,262144,128,tile8,18,1229125
sample,262144,128,tile8,19,1226201
sample,262144,128,tile8,20,1219653
sample,262144,128,tile8,21,1220144
sample,262144,128,tile8,22,1218311
sample,262144,128,tile8,23,1228589
sample,262144,128,tile8,24,1219154
sample,262144,128,tile8,25,1226617
sample,262144,128,tile8,26,1233738
sample,262144,128,tile8,27,1224061
sample,262144,128,tile8,28,1224913
sample,262144,128,tile8,29,1227783
skipped_limit,262144,512,vec4,16777216,67108864,NA,NA,NA,NA,NA,NA,NA,cohort_dispatch_limit,none
skipped_limit,262144,512,fused2,16777216,67108864,NA,NA,NA,NA,NA,NA,NA,cohort_dispatch_limit,none
skipped_limit,262144,512,tile8,16777216,67108864,NA,NA,NA,NA,NA,NA,NA,cohort_dispatch_limit,none
skipped_limit,262144,2048,vec4,67108864,268435456,NA,NA,NA,NA,NA,NA,NA,cohort_dispatch_limit,none
skipped_limit,262144,2048,fused2,67108864,268435456,NA,NA,NA,NA,NA,NA,NA,cohort_dispatch_limit,none
skipped_limit,262144,2048,tile8,67108864,268435456,NA,NA,NA,NA,NA,NA,NA,cohort_dispatch_limit,none
skipped_limit,1048576,128,vec4,16777216,67108864,NA,NA,NA,NA,NA,NA,NA,cohort_dispatch_limit,none
skipped_limit,1048576,128,fused2,16777216,67108864,NA,NA,NA,NA,NA,NA,NA,cohort_dispatch_limit,none
skipped_limit,1048576,128,tile8,16777216,67108864,NA,NA,NA,NA,NA,NA,NA,cohort_dispatch_limit,none
skipped_limit,1048576,512,vec4,67108864,268435456,NA,NA,NA,NA,NA,NA,NA,cohort_dispatch_limit,none
skipped_limit,1048576,512,fused2,67108864,268435456,NA,NA,NA,NA,NA,NA,NA,cohort_dispatch_limit,none
skipped_limit,1048576,512,tile8,67108864,268435456,NA,NA,NA,NA,NA,NA,NA,cohort_dispatch_limit,none
skipped_limit,1048576,2048,vec4,268435456,1073741824,NA,NA,NA,NA,NA,NA,NA,cohort_dispatch_limit,none
skipped_limit,1048576,2048,fused2,268435456,1073741824,NA,NA,NA,NA,NA,NA,NA,cohort_dispatch_limit,none
skipped_limit,1048576,2048,tile8,268435456,1073741824,NA,NA,NA,NA,NA,NA,NA,cohort_dispatch_limit,none
qualification_status=complete
