benchmark=pvp3d_three_candidate_same_device
source_revision=ddb6f0144821dfa29d268601e7087e5001278e52
adapter=NVIDIA Tegra NVIDIA Thor
backend=Vulkan
device_type=IntegratedGpu
vendor_id=4318
device_id=11008
driver=NVIDIA
driver_info=580.00
hardware_measurement_eligible=true
physical_admission=external_remoteops_evidence_required
performance_claim=none
primary_timing_scope=resident_encode_plus_queue_submit_plus_device_wait
state_reset_scope=completed_before_timer
correctness_readback_scope=before_and_after_timing
candidate_order=ABC_ACB_BAC_BCA_CAB_CBA
resident_payload_scope=source_plus_three_states_excludes_driver_uniforms_and_readback
status,k,g,candidate,state_bytes,resident_payload_bytes,warmups,repeats,logical_dispatches,p50_ns,p95_ns,input_checksum,output_checksum,skip_reason,performance_claim
measured,256,128,vec4,4096,16384,5,30,8,419498,486573,4c67926a9205d7b4,956299587c8af4b4,none,none
sample,256,128,vec4,0,416786
sample,256,128,vec4,1,418194
sample,256,128,vec4,2,417766
sample,256,128,vec4,3,423907
sample,256,128,vec4,4,417212
sample,256,128,vec4,5,419980
sample,256,128,vec4,6,405907
sample,256,128,vec4,7,402388
sample,256,128,vec4,8,425007
sample,256,128,vec4,9,419498
sample,256,128,vec4,10,439055
sample,256,128,vec4,11,414055
sample,256,128,vec4,12,417285
sample,256,128,vec4,13,409480
sample,256,128,vec4,14,424027
sample,256,128,vec4,15,426748
sample,256,128,vec4,16,418730
sample,256,128,vec4,17,423944
sample,256,128,vec4,18,427017
sample,256,128,vec4,19,469712
sample,256,128,vec4,20,420434
sample,256,128,vec4,21,433156
sample,256,128,vec4,22,431498
sample,256,128,vec4,23,490054
sample,256,128,vec4,24,486573
sample,256,128,vec4,25,424897
sample,256,128,vec4,26,338166
sample,256,128,vec4,27,284074
sample,256,128,vec4,28,274490
sample,256,128,vec4,29,273147
measured,256,128,fused2,4096,16384,5,30,7,394878,437582,4c67926a9205d7b4,956299587c8af4b4,none,none
sample,256,128,fused2,0,393888
sample,256,128,fused2,1,392230
sample,256,128,fused2,2,392712
sample,256,128,fused2,3,394027
sample,256,128,fused2,4,399101
sample,256,128,fused2,5,437582
sample,256,128,fused2,6,383786
sample,256,128,fused2,7,388397
sample,256,128,fused2,8,404508
sample,256,128,fused2,9,408841
sample,256,128,fused2,10,418443
sample,256,128,fused2,11,408166
sample,256,128,fused2,12,396008
sample,256,128,fused2,13,390388
sample,256,128,fused2,14,389703
sample,256,128,fused2,15,397545
sample,256,128,fused2,16,401184
sample,256,128,fused2,17,394878
sample,256,128,fused2,18,403138
sample,256,128,fused2,19,392748
sample,256,128,fused2,20,391277
sample,256,128,fused2,21,388398
sample,256,128,fused2,22,406581
sample,256,128,fused2,23,411369
sample,256,128,fused2,24,417258
sample,256,128,fused2,25,408999
sample,256,128,fused2,26,616776
sample,256,128,fused2,27,265684
sample,256,128,fused2,28,244276
sample,256,128,fused2,29,245564
measured,256,128,tile8,4096,16384,5,30,6,370722,384268,4c67926a9205d7b4,956299587c8af4b4,none,none
sample,256,128,tile8,0,378203
sample,256,128,tile8,1,368582
sample,256,128,tile8,2,368740
sample,256,128,tile8,3,379156
sample,256,128,tile8,4,382249
sample,256,128,tile8,5,364276
sample,256,128,tile8,6,367073
sample,256,128,tile8,7,359850
sample,256,128,tile8,8,381137
sample,256,128,tile8,9,375989
sample,256,128,tile8,10,376434
sample,256,128,tile8,11,377036
sample,256,128,tile8,12,365202
sample,256,128,tile8,13,368582
sample,256,128,tile8,14,370396
sample,256,128,tile8,15,376592
sample,256,128,tile8,16,368592
sample,256,128,tile8,17,369804
sample,256,128,tile8,18,424238
sample,256,128,tile8,19,375462
sample,256,128,tile8,20,370722
sample,256,128,tile8,21,372175
sample,256,128,tile8,22,384268
sample,256,128,tile8,23,380222
sample,256,128,tile8,24,377786
sample,256,128,tile8,25,370759
sample,256,128,tile8,26,249018
sample,256,128,tile8,27,218776
sample,256,128,tile8,28,226046
sample,256,128,tile8,29,213036
measured,256,512,vec4,16384,65536,5,30,8,292943,354999,38bbe1f688e24d78,1c8bb372f8f1302e,none,none
sample,256,512,vec4,0,277536
sample,256,512,vec4,1,274795
sample,256,512,vec4,2,272277
sample,256,512,vec4,3,280823
sample,256,512,vec4,4,279796
sample,256,512,vec4,5,284851
sample,256,512,vec4,6,289712
sample,256,512,vec4,7,354999
sample,256,512,vec4,8,279527
sample,256,512,vec4,9,285906
sample,256,512,vec4,10,292943
sample,256,512,vec4,11,290473
sample,256,512,vec4,12,288074
sample,256,512,vec4,13,289138
sample,256,512,vec4,14,298119
sample,256,512,vec4,15,294666
sample,256,512,vec4,16,292721
sample,256,512,vec4,17,299406
sample,256,512,vec4,18,292369
sample,256,512,vec4,19,340045
sample,256,512,vec4,20,295926
sample,256,512,vec4,21,293526
sample,256,512,vec4,22,312138
sample,256,512,vec4,23,298332
sample,256,512,vec4,24,299036
sample,256,512,vec4,25,300111
sample,256,512,vec4,26,375360
sample,256,512,vec4,27,312046
sample,256,512,vec4,28,299444
sample,256,512,vec4,29,303194
measured,256,512,fused2,16384,65536,5,30,7,265101,315749,38bbe1f688e24d78,1c8bb372f8f1302e,none,none
sample,256,512,fused2,0,252091
sample,256,512,fused2,1,248341
sample,256,512,fused2,2,245953
sample,256,512,fused2,3,247518
sample,256,512,fused2,4,257380
sample,256,512,fused2,5,255897
sample,256,512,fused2,6,260064
sample,256,512,fused2,7,258351
sample,256,512,fused2,8,252796
sample,256,512,fused2,9,256954
sample,256,512,fused2,10,255943
sample,256,512,fused2,11,260824
sample,256,512,fused2,12,261278
sample,256,512,fused2,13,264490
sample,256,512,fused2,14,265277
sample,256,512,fused2,15,266990
sample,256,512,fused2,16,610387
sample,256,512,fused2,17,270157
sample,256,512,fused2,18,314582
sample,256,512,fused2,19,273019
sample,256,512,fused2,20,265139
sample,256,512,fused2,21,265323
sample,256,512,fused2,22,266129
sample,256,512,fused2,23,268804
sample,256,512,fused2,24,269387
sample,256,512,fused2,25,265101
sample,256,512,fused2,26,277897
sample,256,512,fused2,27,315749
sample,256,512,fused2,28,269870
sample,256,512,fused2,29,266776
measured,256,512,tile8,16384,65536,5,30,6,233295,257990,38bbe1f688e24d78,1c8bb372f8f1302e,none,none
sample,256,512,tile8,0,221203
sample,256,512,tile8,1,220537
sample,256,512,tile8,2,220083
sample,256,512,tile8,3,227897
sample,256,512,tile8,4,227398
sample,256,512,tile8,5,227453
sample,256,512,tile8,6,228082
sample,256,512,tile8,7,229675
sample,256,512,tile8,8,223648
sample,256,512,tile8,9,227786
sample,256,512,tile8,10,229813
sample,256,512,tile8,11,226953
sample,256,512,tile8,12,232009
sample,256,512,tile8,13,230369
sample,256,512,tile8,14,237841
sample,256,512,tile8,15,233295
sample,256,512,tile8,16,234908
sample,256,512,tile8,17,263582
sample,256,512,tile8,18,237638
sample,256,512,tile8,19,233731
sample,256,512,tile8,20,236084
sample,256,512,tile8,21,237370
sample,256,512,tile8,22,235508
sample,256,512,tile8,23,238221
sample,256,512,tile8,24,241111
sample,256,512,tile8,25,240065
sample,256,512,tile8,26,257990
sample,256,512,tile8,27,242528
sample,256,512,tile8,28,243547
sample,256,512,tile8,29,238426
measured,256,2048,vec4,65536,262144,5,30,8,327222,390592,c9e538e9f9dccedd,259153fc2c7bc4e7,none,none
sample,256,2048,vec4,0,310907
sample,256,2048,vec4,1,353619
sample,256,2048,vec4,2,322601
sample,256,2048,vec4,3,317165
sample,256,2048,vec4,4,317073
sample,256,2048,vec4,5,318462
sample,256,2048,vec4,6,314832
sample,256,2048,vec4,7,317879
sample,256,2048,vec4,8,321888
sample,256,2048,vec4,9,319564
sample,256,2048,vec4,10,328656
sample,256,2048,vec4,11,325175
sample,256,2048,vec4,12,327222
sample,256,2048,vec4,13,390592
sample,256,2048,vec4,14,322388
sample,256,2048,vec4,15,319009
sample,256,2048,vec4,16,322703
sample,256,2048,vec4,17,328768
sample,256,2048,vec4,18,324295
sample,256,2048,vec4,19,335722
sample,256,2048,vec4,20,394481
sample,256,2048,vec4,21,329462
sample,256,2048,vec4,22,330897
sample,256,2048,vec4,23,335732
sample,256,2048,vec4,24,334981
sample,256,2048,vec4,25,335666
sample,256,2048,vec4,26,346693
sample,256,2048,vec4,27,343258
sample,256,2048,vec4,28,344120
sample,256,2048,vec4,29,343934
measured,256,2048,fused2,65536,262144,5,30,7,293147,338092,c9e538e9f9dccedd,259153fc2c7bc4e7,none,none
sample,256,2048,fused2,0,278259
sample,256,2048,fused2,1,324518
sample,256,2048,fused2,2,281304
sample,256,2048,fused2,3,282453
sample,256,2048,fused2,4,283240
sample,256,2048,fused2,5,286906
sample,256,2048,fused2,6,289110
sample,256,2048,fused2,7,286092
sample,256,2048,fused2,8,286184
sample,256,2048,fused2,9,288212
sample,256,2048,fused2,10,293444
sample,256,2048,fused2,11,290267
sample,256,2048,fused2,12,341600
sample,256,2048,fused2,13,292332
sample,256,2048,fused2,14,290499
sample,256,2048,fused2,15,287759
sample,256,2048,fused2,16,295222
sample,256,2048,fused2,17,292610
sample,256,2048,fused2,18,293147
sample,256,2048,fused2,19,338092
sample,256,2048,fused2,20,309147
sample,256,2048,fused2,21,297906
sample,256,2048,fused2,22,294980
sample,256,2048,fused2,23,294305
sample,256,2048,fused2,24,299583
sample,256,2048,fused2,25,299527
sample,256,2048,fused2,26,301268
sample,256,2048,fused2,27,315036
sample,256,2048,fused2,28,310203
sample,256,2048,fused2,29,306305
measured,256,2048,tile8,65536,262144,5,30,6,265323,280619,c9e538e9f9dccedd,259153fc2c7bc4e7,none,none
sample,256,2048,tile8,0,255666
sample,256,2048,tile8,1,266814
sample,256,2048,tile8,2,258111
sample,256,2048,tile8,3,259462
sample,256,2048,tile8,4,258823
sample,256,2048,tile8,5,256638
sample,256,2048,tile8,6,260313
sample,256,2048,tile8,7,261749
sample,256,2048,tile8,8,263323
sample,256,2048,tile8,9,259304
sample,256,2048,tile8,10,260045
sample,256,2048,tile8,11,265054
sample,256,2048,tile8,12,267934
sample,256,2048,tile8,13,264583
sample,256,2048,tile8,14,261249
sample,256,2048,tile8,15,263480
sample,256,2048,tile8,16,266407
sample,256,2048,tile8,17,265323
sample,256,2048,tile8,18,273332
sample,256,2048,tile8,19,276055
sample,256,2048,tile8,20,271360
sample,256,2048,tile8,21,266657
sample,256,2048,tile8,22,269860
sample,256,2048,tile8,23,266491
sample,256,2048,tile8,24,275277
sample,256,2048,tile8,25,272397
sample,256,2048,tile8,26,281184
sample,256,2048,tile8,27,280517
sample,256,2048,tile8,28,280619
sample,256,2048,tile8,29,278565
measured,1024,128,vec4,16384,65536,5,30,10,417768,422314,26abf5bddd03bbc5,79acd556594188cd,none,none
sample,1024,128,vec4,0,417573
sample,1024,128,vec4,1,415980
sample,1024,128,vec4,2,416527
sample,1024,128,vec4,3,411925
sample,1024,128,vec4,4,410952
sample,1024,128,vec4,5,420722
sample,1024,128,vec4,6,423573
sample,1024,128,vec4,7,418174
sample,1024,128,vec4,8,422314
sample,1024,128,vec4,9,414434
sample,1024,128,vec4,10,416304
sample,1024,128,vec4,11,416601
sample,1024,128,vec4,12,416452
sample,1024,128,vec4,13,417786
sample,1024,128,vec4,14,421758
sample,1024,128,vec4,15,418240
sample,1024,128,vec4,16,417888
sample,1024,128,vec4,17,417768
sample,1024,128,vec4,18,414442
sample,1024,128,vec4,19,420091
sample,1024,128,vec4,20,419462
sample,1024,128,vec4,21,419128
sample,1024,128,vec4,22,421369
sample,1024,128,vec4,23,414203
sample,1024,128,vec4,24,418573
sample,1024,128,vec4,25,420017
sample,1024,128,vec4,26,420749
sample,1024,128,vec4,27,411591
sample,1024,128,vec4,28,409888
sample,1024,128,vec4,29,413796
measured,1024,128,fused2,16384,65536,5,30,9,385731,410305,26abf5bddd03bbc5,79acd556594188cd,none,none
sample,1024,128,fused2,0,386712
sample,1024,128,fused2,1,383832
sample,1024,128,fused2,2,425962
sample,1024,128,fused2,3,396749
sample,1024,128,fused2,4,381479
sample,1024,128,fused2,5,385731
sample,1024,128,fused2,6,390008
sample,1024,128,fused2,7,386842
sample,1024,128,fused2,8,410305
sample,1024,128,fused2,9,395007
sample,1024,128,fused2,10,376397
sample,1024,128,fused2,11,377489
sample,1024,128,fused2,12,385119
sample,1024,128,fused2,13,384906
sample,1024,128,fused2,14,395675
sample,1024,128,fused2,15,387295
sample,1024,128,fused2,16,385786
sample,1024,128,fused2,17,406712
sample,1024,128,fused2,18,378619
sample,1024,128,fused2,19,380777
sample,1024,128,fused2,20,381952
sample,1024,128,fused2,21,384897
sample,1024,128,fused2,22,388740
sample,1024,128,fused2,23,385897
sample,1024,128,fused2,24,385388
sample,1024,128,fused2,25,387610
sample,1024,128,fused2,26,380887
sample,1024,128,fused2,27,377572
sample,1024,128,fused2,28,389304
sample,1024,128,fused2,29,381655
measured,1024,128,tile8,16384,65536,5,30,8,345286,391138,26abf5bddd03bbc5,79acd556594188cd,none,none
sample,1024,128,tile8,0,348592
sample,1024,128,tile8,1,347267
sample,1024,128,tile8,2,370925
sample,1024,128,tile8,3,342202
sample,1024,128,tile8,4,343786
sample,1024,128,tile8,5,352129
sample,1024,128,tile8,6,347008
sample,1024,128,tile8,7,348582
sample,1024,128,tile8,8,350971
sample,1024,128,tile8,9,343675
sample,1024,128,tile8,10,338129
sample,1024,128,tile8,11,349212
sample,1024,128,tile8,12,343230
sample,1024,128,tile8,13,346592
sample,1024,128,tile8,14,344407
sample,1024,128,tile8,15,345841
sample,1024,128,tile8,16,343860
sample,1024,128,tile8,17,391138
sample,1024,128,tile8,18,340471
sample,1024,128,tile8,19,339453
sample,1024,128,tile8,20,345286
sample,1024,128,tile8,21,347110
sample,1024,128,tile8,22,346768
sample,1024,128,tile8,23,345027
sample,1024,128,tile8,24,344351
sample,1024,128,tile8,25,392471
sample,1024,128,tile8,26,342712
sample,1024,128,tile8,27,337601
sample,1024,128,tile8,28,336842
sample,1024,128,tile8,29,345693
measured,1024,512,vec4,65536,262144,5,30,10,413740,420693,0949b62ffc70d026,7663f0c9d3466943,none,none
sample,1024,512,vec4,0,415258
sample,1024,512,vec4,1,417064
sample,1024,512,vec4,2,412462
sample,1024,512,vec4,3,421786
sample,1024,512,vec4,4,412221
sample,1024,512,vec4,5,406036
sample,1024,512,vec4,6,408647
sample,1024,512,vec4,7,412767
sample,1024,512,vec4,8,410842
sample,1024,512,vec4,9,420693
sample,1024,512,vec4,10,409416
sample,1024,512,vec4,11,408240
sample,1024,512,vec4,12,408832
sample,1024,512,vec4,13,414351
sample,1024,512,vec4,14,417138
sample,1024,512,vec4,15,416192
sample,1024,512,vec4,16,409388
sample,1024,512,vec4,17,413388
sample,1024,512,vec4,18,411850
sample,1024,512,vec4,19,414147
sample,1024,512,vec4,20,410517
sample,1024,512,vec4,21,416202
sample,1024,512,vec4,22,418055
sample,1024,512,vec4,23,414118
sample,1024,512,vec4,24,414804
sample,1024,512,vec4,25,414453
sample,1024,512,vec4,26,407018
sample,1024,512,vec4,27,418045
sample,1024,512,vec4,28,417859
sample,1024,512,vec4,29,413740
measured,1024,512,fused2,65536,262144,5,30,9,378823,383813,0949b62ffc70d026,7663f0c9d3466943,none,none
sample,1024,512,fused2,0,377045
sample,1024,512,fused2,1,379657
sample,1024,512,fused2,2,380249
sample,1024,512,fused2,3,379378
sample,1024,512,fused2,4,379166
sample,1024,512,fused2,5,372462
sample,1024,512,fused2,6,374166
sample,1024,512,fused2,7,381092
sample,1024,512,fused2,8,381240
sample,1024,512,fused2,9,381943
sample,1024,512,fused2,10,374110
sample,1024,512,fused2,11,376795
sample,1024,512,fused2,12,383360
sample,1024,512,fused2,13,382231
sample,1024,512,fused2,14,378823
sample,1024,512,fused2,15,378212
sample,1024,512,fused2,16,382776
sample,1024,512,fused2,17,381249
sample,1024,512,fused2,18,378036
sample,1024,512,fused2,19,372064
sample,1024,512,fused2,20,372323
sample,1024,512,fused2,21,372305
sample,1024,512,fused2,22,383813
sample,1024,512,fused2,23,381879
sample,1024,512,fused2,24,376193
sample,1024,512,fused2,25,373203
sample,1024,512,fused2,26,372740
sample,1024,512,fused2,27,378647
sample,1024,512,fused2,28,384360
sample,1024,512,fused2,29,379508
measured,1024,512,tile8,65536,262144,5,30,8,349036,355897,0949b62ffc70d026,7663f0c9d3466943,none,none
sample,1024,512,tile8,0,354037
sample,1024,512,tile8,1,349657
sample,1024,512,tile8,2,347870
sample,1024,512,tile8,3,348638
sample,1024,512,tile8,4,347536
sample,1024,512,tile8,5,342425
sample,1024,512,tile8,6,349036
sample,1024,512,tile8,7,347471
sample,1024,512,tile8,8,350563
sample,1024,512,tile8,9,352508
sample,1024,512,tile8,10,349638
sample,1024,512,tile8,11,346323
sample,1024,512,tile8,12,352277
sample,1024,512,tile8,13,348545
sample,1024,512,tile8,14,351944
sample,1024,512,tile8,15,406869
sample,1024,512,tile8,16,350045
sample,1024,512,tile8,17,349009
sample,1024,512,tile8,18,348036
sample,1024,512,tile8,19,346342
sample,1024,512,tile8,20,345980
sample,1024,512,tile8,21,355897
sample,1024,512,tile8,22,349304
sample,1024,512,tile8,23,350712
sample,1024,512,tile8,24,350962
sample,1024,512,tile8,25,344610
sample,1024,512,tile8,26,349721
sample,1024,512,tile8,27,349017
sample,1024,512,tile8,28,351407
sample,1024,512,tile8,29,347638
measured,1024,2048,vec4,262144,1048576,5,30,10,422824,603600,2d4a1c573b9665e7,d32c613321b43c7f,none,none
sample,1024,2048,vec4,0,422824
sample,1024,2048,vec4,1,424572
sample,1024,2048,vec4,2,422601
sample,1024,2048,vec4,3,420620
sample,1024,2048,vec4,4,422953
sample,1024,2048,vec4,5,419193
sample,1024,2048,vec4,6,422452
sample,1024,2048,vec4,7,417842
sample,1024,2048,vec4,8,414369
sample,1024,2048,vec4,9,416870
sample,1024,2048,vec4,10,415277
sample,1024,2048,vec4,11,426981
sample,1024,2048,vec4,12,425055
sample,1024,2048,vec4,13,420443
sample,1024,2048,vec4,14,424915
sample,1024,2048,vec4,15,422906
sample,1024,2048,vec4,16,419166
sample,1024,2048,vec4,17,423942
sample,1024,2048,vec4,18,420925
sample,1024,2048,vec4,19,421397
sample,1024,2048,vec4,20,423388
sample,1024,2048,vec4,21,415082
sample,1024,2048,vec4,22,412739
sample,1024,2048,vec4,23,586720
sample,1024,2048,vec4,24,592646
sample,1024,2048,vec4,25,603600
sample,1024,2048,vec4,26,610304
sample,1024,2048,vec4,27,598702
sample,1024,2048,vec4,28,585508
sample,1024,2048,vec4,29,603221
measured,1024,2048,fused2,262144,1048576,5,30,9,386601,564933,2d4a1c573b9665e7,d32c613321b43c7f,none,none
sample,1024,2048,fused2,0,385388
sample,1024,2048,fused2,1,385082
sample,1024,2048,fused2,2,384898
sample,1024,2048,fused2,3,396527
sample,1024,2048,fused2,4,385157
sample,1024,2048,fused2,5,386601
sample,1024,2048,fused2,6,383647
sample,1024,2048,fused2,7,382192
sample,1024,2048,fused2,8,378796
sample,1024,2048,fused2,9,389055
sample,1024,2048,fused2,10,380823
sample,1024,2048,fused2,11,393008
sample,1024,2048,fused2,12,385026
sample,1024,2048,fused2,13,385378
sample,1024,2048,fused2,14,385055
sample,1024,2048,fused2,15,385249
sample,1024,2048,fused2,16,387064
sample,1024,2048,fused2,17,384712
sample,1024,2048,fused2,18,387295
sample,1024,2048,fused2,19,386989
sample,1024,2048,fused2,20,397342
sample,1024,2048,fused2,21,377091
sample,1024,2048,fused2,22,394527
sample,1024,2048,fused2,23,553721
sample,1024,2048,fused2,24,554638
sample,1024,2048,fused2,25,564933
sample,1024,2048,fused2,26,562546
sample,1024,2048,fused2,27,567386
sample,1024,2048,fused2,28,561545
sample,1024,2048,fused2,29,559657
measured,1024,2048,tile8,262144,1048576,5,30,8,367063,549146,2d4a1c573b9665e7,d32c613321b43c7f,none,none
sample,1024,2048,tile8,0,370693
sample,1024,2048,tile8,1,363962
sample,1024,2048,tile8,2,367953
sample,1024,2048,tile8,3,372165
sample,1024,2048,tile8,4,364796
sample,1024,2048,tile8,5,364684
sample,1024,2048,tile8,6,360860
sample,1024,2048,tile8,7,360952
sample,1024,2048,tile8,8,378128
sample,1024,2048,tile8,9,362221
sample,1024,2048,tile8,10,362008
sample,1024,2048,tile8,11,364388
sample,1024,2048,tile8,12,368591
sample,1024,2048,tile8,13,363638
sample,1024,2048,tile8,14,366916
sample,1024,2048,tile8,15,367796
sample,1024,2048,tile8,16,367063
sample,1024,2048,tile8,17,376064
sample,1024,2048,tile8,18,370407
sample,1024,2048,tile8,19,363517
sample,1024,2048,tile8,20,363138
sample,1024,2048,tile8,21,362554
sample,1024,2048,tile8,22,363157
sample,1024,2048,tile8,23,374648
sample,1024,2048,tile8,24,559489
sample,1024,2048,tile8,25,544897
sample,1024,2048,tile8,26,549146
sample,1024,2048,tile8,27,543146
sample,1024,2048,tile8,28,545979
sample,1024,2048,tile8,29,539554
measured,4096,128,vec4,65536,262144,5,30,12,485840,658415,d878e557b6daedce,8cc85ceb09c8efed,none,none
sample,4096,128,vec4,0,655776
sample,4096,128,vec4,1,665785
sample,4096,128,vec4,2,658415
sample,4096,128,vec4,3,647665
sample,4096,128,vec4,4,490554
sample,4096,128,vec4,5,488053
sample,4096,128,vec4,6,482157
sample,4096,128,vec4,7,484007
sample,4096,128,vec4,8,484546
sample,4096,128,vec4,9,478508
sample,4096,128,vec4,10,480869
sample,4096,128,vec4,11,481840
sample,4096,128,vec4,12,483703
sample,4096,128,vec4,13,479850
sample,4096,128,vec4,14,481035
sample,4096,128,vec4,15,488194
sample,4096,128,vec4,16,487851
sample,4096,128,vec4,17,488092
sample,4096,128,vec4,18,490721
sample,4096,128,vec4,19,496434
sample,4096,128,vec4,20,486212
sample,4096,128,vec4,21,486721
sample,4096,128,vec4,22,478906
sample,4096,128,vec4,23,477619
sample,4096,128,vec4,24,486276
sample,4096,128,vec4,25,479157
sample,4096,128,vec4,26,495157
sample,4096,128,vec4,27,484423
sample,4096,128,vec4,28,480248
sample,4096,128,vec4,29,485840
measured,4096,128,fused2,65536,262144,5,30,11,451683,625415,d878e557b6daedce,8cc85ceb09c8efed,none,none
sample,4096,128,fused2,0,625415
sample,4096,128,fused2,1,624276
sample,4096,128,fused2,2,625481
sample,4096,128,fused2,3,617979
sample,4096,128,fused2,4,468842
sample,4096,128,fused2,5,455563
sample,4096,128,fused2,6,454202
sample,4096,128,fused2,7,455860
sample,4096,128,fused2,8,450573
sample,4096,128,fused2,9,455157
sample,4096,128,fused2,10,448869
sample,4096,128,fused2,11,459351
sample,4096,128,fused2,12,447666
sample,4096,128,fused2,13,448007
sample,4096,128,fused2,14,447305
sample,4096,128,fused2,15,453221
sample,4096,128,fused2,16,456220
sample,4096,128,fused2,17,449712
sample,4096,128,fused2,18,451480
sample,4096,128,fused2,19,451055
sample,4096,128,fused2,20,451184
sample,4096,128,fused2,21,451434
sample,4096,128,fused2,22,451683
sample,4096,128,fused2,23,446285
sample,4096,128,fused2,24,452758
sample,4096,128,fused2,25,446740
sample,4096,128,fused2,26,449007
sample,4096,128,fused2,27,450749
sample,4096,128,fused2,28,455934
sample,4096,128,fused2,29,459184
measured,4096,128,tile8,65536,262144,5,30,10,421693,596359,d878e557b6daedce,8cc85ceb09c8efed,none,none
sample,4096,128,tile8,0,620906
sample,4096,128,tile8,1,596359
sample,4096,128,tile8,2,585073
sample,4096,128,tile8,3,583044
sample,4096,128,tile8,4,562026
sample,4096,128,tile8,5,425211
sample,4096,128,tile8,6,421563
sample,4096,128,tile8,7,422527
sample,4096,128,tile8,8,449887
sample,4096,128,tile8,9,421693
sample,4096,128,tile8,10,417119
sample,4096,128,tile8,11,414203
sample,4096,128,tile8,12,415916
sample,4096,128,tile8,13,415415
sample,4096,128,tile8,14,419462
sample,4096,128,tile8,15,421675
sample,4096,128,tile8,16,420878
sample,4096,128,tile8,17,424295
sample,4096,128,tile8,18,423609
sample,4096,128,tile8,19,420044
sample,4096,128,tile8,20,419684
sample,4096,128,tile8,21,426554
sample,4096,128,tile8,22,414999
sample,4096,128,tile8,23,424017
sample,4096,128,tile8,24,416610
sample,4096,128,tile8,25,418887
sample,4096,128,tile8,26,441398
sample,4096,128,tile8,27,422730
sample,4096,128,tile8,28,419332
sample,4096,128,tile8,29,432369
measured,4096,512,vec4,262144,1048576,5,30,12,494369,513924,07e875993970433c,207dceeda1be3f5b,none,none
sample,4096,512,vec4,0,492786
sample,4096,512,vec4,1,494942
sample,4096,512,vec4,2,482842
sample,4096,512,vec4,3,505646
sample,4096,512,vec4,4,493592
sample,4096,512,vec4,5,490277
sample,4096,512,vec4,6,487008
sample,4096,512,vec4,7,484887
sample,4096,512,vec4,8,492572
sample,4096,512,vec4,9,487379
sample,4096,512,vec4,10,517712
sample,4096,512,vec4,11,499933
sample,4096,512,vec4,12,500527
sample,4096,512,vec4,13,494323
sample,4096,512,vec4,14,495017
sample,4096,512,vec4,15,499656
sample,4096,512,vec4,16,486183
sample,4096,512,vec4,17,497111
sample,4096,512,vec4,18,496192
sample,4096,512,vec4,19,489832
sample,4096,512,vec4,20,499442
sample,4096,512,vec4,21,496165
sample,4096,512,vec4,22,497405
sample,4096,512,vec4,23,492046
sample,4096,512,vec4,24,502647
sample,4096,512,vec4,25,490748
sample,4096,512,vec4,26,490295
sample,4096,512,vec4,27,513924
sample,4096,512,vec4,28,494369
sample,4096,512,vec4,29,504878
measured,4096,512,fused2,262144,1048576,5,30,11,459758,471860,07e875993970433c,207dceeda1be3f5b,none,none
sample,4096,512,fused2,0,460026
sample,4096,512,fused2,1,451777
sample,4096,512,fused2,2,450823
sample,4096,512,fused2,3,513091
sample,4096,512,fused2,4,455961
sample,4096,512,fused2,5,454081
sample,4096,512,fused2,6,457694
sample,4096,512,fused2,7,455600
sample,4096,512,fused2,8,453296
sample,4096,512,fused2,9,450592
sample,4096,512,fused2,10,460462
sample,4096,512,fused2,11,459758
sample,4096,512,fused2,12,459786
sample,4096,512,fused2,13,461804
sample,4096,512,fused2,14,459998
sample,4096,512,fused2,15,464258
sample,4096,512,fused2,16,461629
sample,4096,512,fused2,17,452369
sample,4096,512,fused2,18,462508
sample,4096,512,fused2,19,455425
sample,4096,512,fused2,20,463999
sample,4096,512,fused2,21,464970
sample,4096,512,fused2,22,471860
sample,4096,512,fused2,23,459498
sample,4096,512,fused2,24,461137
sample,4096,512,fused2,25,458119
sample,4096,512,fused2,26,451999
sample,4096,512,fused2,27,455416
sample,4096,512,fused2,28,463572
sample,4096,512,fused2,29,463572
measured,4096,512,tile8,262144,1048576,5,30,10,440147,451008,07e875993970433c,207dceeda1be3f5b,none,none
sample,4096,512,tile8,0,437573
sample,4096,512,tile8,1,444092
sample,4096,512,tile8,2,859691
sample,4096,512,tile8,3,449536
sample,4096,512,tile8,4,438564
sample,4096,512,tile8,5,434971
sample,4096,512,tile8,6,437582
sample,4096,512,tile8,7,433721
sample,4096,512,tile8,8,435860
sample,4096,512,tile8,9,446062
sample,4096,512,tile8,10,437942
sample,4096,512,tile8,11,440147
sample,4096,512,tile8,12,443628
sample,4096,512,tile8,13,446314
sample,4096,512,tile8,14,451008
sample,4096,512,tile8,15,445481
sample,4096,512,tile8,16,433804
sample,4096,512,tile8,17,432694
sample,4096,512,tile8,18,435111
sample,4096,512,tile8,19,439611
sample,4096,512,tile8,20,441064
sample,4096,512,tile8,21,443230
sample,4096,512,tile8,22,446981
sample,4096,512,tile8,23,445962
sample,4096,512,tile8,24,443397
sample,4096,512,tile8,25,439787
sample,4096,512,tile8,26,434703
sample,4096,512,tile8,27,434823
sample,4096,512,tile8,28,444072
sample,4096,512,tile8,29,442924
measured,4096,2048,vec4,1048576,4194304,5,30,12,550859,563045,4143a88e49ed614b,e0842ad8f72c0c9f,none,none
sample,4096,2048,vec4,0,438416
sample,4096,2048,vec4,1,442851
sample,4096,2048,vec4,2,444907
sample,4096,2048,vec4,3,446120
sample,4096,2048,vec4,4,441573
sample,4096,2048,vec4,5,443267
sample,4096,2048,vec4,6,452073
sample,4096,2048,vec4,7,450157
sample,4096,2048,vec4,8,457377
sample,4096,2048,vec4,9,552952
sample,4096,2048,vec4,10,619331
sample,4096,2048,vec4,11,551331
sample,4096,2048,vec4,12,551897
sample,4096,2048,vec4,13,554350
sample,4096,2048,vec4,14,544472
sample,4096,2048,vec4,15,550461
sample,4096,2048,vec4,16,556803
sample,4096,2048,vec4,17,554266
sample,4096,2048,vec4,18,547711
sample,4096,2048,vec4,19,558026
sample,4096,2048,vec4,20,548350
sample,4096,2048,vec4,21,563045
sample,4096,2048,vec4,22,550859
sample,4096,2048,vec4,23,552712
sample,4096,2048,vec4,24,551286
sample,4096,2048,vec4,25,560433
sample,4096,2048,vec4,26,555684
sample,4096,2048,vec4,27,552535
sample,4096,2048,vec4,28,553305
sample,4096,2048,vec4,29,546230
measured,4096,2048,fused2,1048576,4194304,5,30,11,512249,525137,4143a88e49ed614b,e0842ad8f72c0c9f,none,none
sample,4096,2048,fused2,0,413110
sample,4096,2048,fused2,1,412277
sample,4096,2048,fused2,2,415878
sample,4096,2048,fused2,3,420147
sample,4096,2048,fused2,4,407295
sample,4096,2048,fused2,5,410647
sample,4096,2048,fused2,6,418740
sample,4096,2048,fused2,7,424082
sample,4096,2048,fused2,8,415258
sample,4096,2048,fused2,9,515425
sample,4096,2048,fused2,10,522221
sample,4096,2048,fused2,11,518109
sample,4096,2048,fused2,12,548101
sample,4096,2048,fused2,13,511683
sample,4096,2048,fused2,14,500184
sample,4096,2048,fused2,15,509933
sample,4096,2048,fused2,16,519046
sample,4096,2048,fused2,17,509479
sample,4096,2048,fused2,18,513823
sample,4096,2048,fused2,19,512249
sample,4096,2048,fused2,20,510961
sample,4096,2048,fused2,21,515516
sample,4096,2048,fused2,22,525137
sample,4096,2048,fused2,23,514999
sample,4096,2048,fused2,24,514016
sample,4096,2048,fused2,25,516934
sample,4096,2048,fused2,26,515397
sample,4096,2048,fused2,27,523655
sample,4096,2048,fused2,28,515629
sample,4096,2048,fused2,29,514507
measured,4096,2048,tile8,1048576,4194304,5,30,10,540193,562971,4143a88e49ed614b,e0842ad8f72c0c9f,none,none
sample,4096,2048,tile8,0,446555
sample,4096,2048,tile8,1,450572
sample,4096,2048,tile8,2,451942
sample,4096,2048,tile8,3,452212
sample,4096,2048,tile8,4,450055
sample,4096,2048,tile8,5,440666
sample,4096,2048,tile8,6,452185
sample,4096,2048,tile8,7,449527
sample,4096,2048,tile8,8,541407
sample,4096,2048,tile8,9,538657
sample,4096,2048,tile8,10,918775
sample,4096,2048,tile8,11,546479
sample,4096,2048,tile8,12,542832
sample,4096,2048,tile8,13,535766
sample,4096,2048,tile8,14,537693
sample,4096,2048,tile8,15,539322
sample,4096,2048,tile8,16,542424
sample,4096,2048,tile8,17,540193
sample,4096,2048,tile8,18,562971
sample,4096,2048,tile8,19,537851
sample,4096,2048,tile8,20,544470
sample,4096,2048,tile8,21,544128
sample,4096,2048,tile8,22,536017
sample,4096,2048,tile8,23,545164
sample,4096,2048,tile8,24,542970
sample,4096,2048,tile8,25,550377
sample,4096,2048,tile8,26,551147
sample,4096,2048,tile8,27,540600
sample,4096,2048,tile8,28,547239
sample,4096,2048,tile8,29,540674
measured,16384,128,vec4,262144,1048576,5,30,14,376693,563823,318e48fc80dadb1f,a09bc0e13ecf9bf8,none,none
sample,16384,128,vec4,0,369582
sample,16384,128,vec4,1,378693
sample,16384,128,vec4,2,376693
sample,16384,128,vec4,3,382536
sample,16384,128,vec4,4,368396
sample,16384,128,vec4,5,371610
sample,16384,128,vec4,6,372535
sample,16384,128,vec4,7,374981
sample,16384,128,vec4,8,376851
sample,16384,128,vec4,9,375109
sample,16384,128,vec4,10,373804
sample,16384,128,vec4,11,372583
sample,16384,128,vec4,12,374073
sample,16384,128,vec4,13,372842
sample,16384,128,vec4,14,380018
sample,16384,128,vec4,15,374064
sample,16384,128,vec4,16,374027
sample,16384,128,vec4,17,376823
sample,16384,128,vec4,18,374749
sample,16384,128,vec4,19,373870
sample,16384,128,vec4,20,381100
sample,16384,128,vec4,21,561054
sample,16384,128,vec4,22,557388
sample,16384,128,vec4,23,540629
sample,16384,128,vec4,24,556101
sample,16384,128,vec4,25,557268
sample,16384,128,vec4,26,563869
sample,16384,128,vec4,27,562915
sample,16384,128,vec4,28,556166
sample,16384,128,vec4,29,563823
measured,16384,128,fused2,262144,1048576,5,30,13,354369,557850,318e48fc80dadb1f,a09bc0e13ecf9bf8,none,none
sample,16384,128,fused2,0,352610
sample,16384,128,fused2,1,354499
sample,16384,128,fused2,2,355295
sample,16384,128,fused2,3,353369
sample,16384,128,fused2,4,359508
sample,16384,128,fused2,5,350999
sample,16384,128,fused2,6,353869
sample,16384,128,fused2,7,354777
sample,16384,128,fused2,8,353962
sample,16384,128,fused2,9,354083
sample,16384,128,fused2,10,355203
sample,16384,128,fused2,11,351285
sample,16384,128,fused2,12,352239
sample,16384,128,fused2,13,350425
sample,16384,128,fused2,14,353184
sample,16384,128,fused2,15,354369
sample,16384,128,fused2,16,359137
sample,16384,128,fused2,17,353582
sample,16384,128,fused2,18,353620
sample,16384,128,fused2,19,351332
sample,16384,128,fused2,20,350712
sample,16384,128,fused2,21,526184
sample,16384,128,fused2,22,535435
sample,16384,128,fused2,23,510563
sample,16384,128,fused2,24,526054
sample,16384,128,fused2,25,852200
sample,16384,128,fused2,26,553230
sample,16384,128,fused2,27,557850
sample,16384,128,fused2,28,537785
sample,16384,128,fused2,29,533953
measured,16384,128,tile8,262144,1048576,5,30,12,344962,511277,318e48fc80dadb1f,a09bc0e13ecf9bf8,none,none
sample,16384,128,tile8,0,343971
sample,16384,128,tile8,1,346407
sample,16384,128,tile8,2,344610
sample,16384,128,tile8,3,345147
sample,16384,128,tile8,4,341323
sample,16384,128,tile8,5,342740
sample,16384,128,tile8,6,343592
sample,16384,128,tile8,7,344962
sample,16384,128,tile8,8,345527
sample,16384,128,tile8,9,345369
sample,16384,128,tile8,10,340961
sample,16384,128,tile8,11,344730
sample,16384,128,tile8,12,344822
sample,16384,128,tile8,13,342499
sample,16384,128,tile8,14,343370
sample,16384,128,tile8,15,340295
sample,16384,128,tile8,16,343388
sample,16384,128,tile8,17,346425
sample,16384,128,tile8,18,341554
sample,16384,128,tile8,19,344434
sample,16384,128,tile8,20,368286
sample,16384,128,tile8,21,508609
sample,16384,128,tile8,22,508174
sample,16384,128,tile8,23,497970
sample,16384,128,tile8,24,505406
sample,16384,128,tile8,25,503999
sample,16384,128,tile8,26,511277
sample,16384,128,tile8,27,509164
sample,16384,128,tile8,28,508267
sample,16384,128,tile8,29,511924
measured,16384,512,vec4,1048576,4194304,5,30,14,631636,807608,08b87a1ca99fa7b8,cc66b7b8fae87df4,none,none
sample,16384,512,vec4,0,526341
sample,16384,512,vec4,1,565368
sample,16384,512,vec4,2,668951
sample,16384,512,vec4,3,556230
sample,16384,512,vec4,4,548452
sample,16384,512,vec4,5,555396
sample,16384,512,vec4,6,545693
sample,16384,512,vec4,7,555304
sample,16384,512,vec4,8,2027661
sample,16384,512,vec4,9,635054
sample,16384,512,vec4,10,619099
sample,16384,512,vec4,11,620498
sample,16384,512,vec4,12,607628
sample,16384,512,vec4,13,627943
sample,16384,512,vec4,14,631092
sample,16384,512,vec4,15,634758
sample,16384,512,vec4,16,807608
sample,16384,512,vec4,17,631636
sample,16384,512,vec4,18,632294
sample,16384,512,vec4,19,630220
sample,16384,512,vec4,20,643637
sample,16384,512,vec4,21,632896
sample,16384,512,vec4,22,638248
sample,16384,512,vec4,23,638907
sample,16384,512,vec4,24,635609
sample,16384,512,vec4,25,646674
sample,16384,512,vec4,26,627925
sample,16384,512,vec4,27,635211
sample,16384,512,vec4,28,633878
sample,16384,512,vec4,29,636360
measured,16384,512,fused2,1048576,4194304,5,30,13,592970,633072,08b87a1ca99fa7b8,cc66b7b8fae87df4,none,none
sample,16384,512,fused2,0,497138
sample,16384,512,fused2,1,606109
sample,16384,512,fused2,2,609786
sample,16384,512,fused2,3,545203
sample,16384,512,fused2,4,516480
sample,16384,512,fused2,5,521092
sample,16384,512,fused2,6,528192
sample,16384,512,fused2,7,539194
sample,16384,512,fused2,8,526111
sample,16384,512,fused2,9,1421514
sample,16384,512,fused2,10,584156
sample,16384,512,fused2,11,569257
sample,16384,512,fused2,12,579090
sample,16384,512,fused2,13,598581
sample,16384,512,fused2,14,589434
sample,16384,512,fused2,15,602812
sample,16384,512,fused2,16,633072
sample,16384,512,fused2,17,597924
sample,16384,512,fused2,18,613211
sample,16384,512,fused2,19,587238
sample,16384,512,fused2,20,596387
sample,16384,512,fused2,21,592970
sample,16384,512,fused2,22,605230
sample,16384,512,fused2,23,601545
sample,16384,512,fused2,24,606628
sample,16384,512,fused2,25,609656
sample,16384,512,fused2,26,593925
sample,16384,512,fused2,27,592805
sample,16384,512,fused2,28,598211
sample,16384,512,fused2,29,591314
measured,16384,512,tile8,1048576,4194304,5,30,12,617998,1158599,08b87a1ca99fa7b8,cc66b7b8fae87df4,none,none
sample,16384,512,tile8,0,565683
sample,16384,512,tile8,1,573785
sample,16384,512,tile8,2,2127299
sample,16384,512,tile8,3,548721
sample,16384,512,tile8,4,541729
sample,16384,512,tile8,5,547443
sample,16384,512,tile8,6,549507
sample,16384,512,tile8,7,550730
sample,16384,512,tile8,8,1158599
sample,16384,512,tile8,9,700267
sample,16384,512,tile8,10,616877
sample,16384,512,tile8,11,603146
sample,16384,512,tile8,12,606386
sample,16384,512,tile8,13,623285
sample,16384,512,tile8,14,678405
sample,16384,512,tile8,15,613600
sample,16384,512,tile8,16,619554
sample,16384,512,tile8,17,625554
sample,16384,512,tile8,18,616248
sample,16384,512,tile8,19,614035
sample,16384,512,tile8,20,620711
sample,16384,512,tile8,21,617998
sample,16384,512,tile8,22,623378
sample,16384,512,tile8,23,629275
sample,16384,512,tile8,24,628424
sample,16384,512,tile8,25,623619
sample,16384,512,tile8,26,618952
sample,16384,512,tile8,27,624564
sample,16384,512,tile8,28,624507
sample,16384,512,tile8,29,616516
measured,16384,2048,vec4,4194304,16777216,5,30,14,832034,844228,6be3b72c15a212b9,3199380bd5011e6c,none,none
sample,16384,2048,vec4,0,680878
sample,16384,2048,vec4,1,667544
sample,16384,2048,vec4,2,664989
sample,16384,2048,vec4,3,834061
sample,16384,2048,vec4,4,828220
sample,16384,2048,vec4,5,836979
sample,16384,2048,vec4,6,829710
sample,16384,2048,vec4,7,832082
sample,16384,2048,vec4,8,831331
sample,16384,2048,vec4,9,832034
sample,16384,2048,vec4,10,831756
sample,16384,2048,vec4,11,841627
sample,16384,2048,vec4,12,889933
sample,16384,2048,vec4,13,841498
sample,16384,2048,vec4,14,838211
sample,16384,2048,vec4,15,839341
sample,16384,2048,vec4,16,844228
sample,16384,2048,vec4,17,839683
sample,16384,2048,vec4,18,834405
sample,16384,2048,vec4,19,827164
sample,16384,2048,vec4,20,844165
sample,16384,2048,vec4,21,837183
sample,16384,2048,vec4,22,825757
sample,16384,2048,vec4,23,830054
sample,16384,2048,vec4,24,835776
sample,16384,2048,vec4,25,836071
sample,16384,2048,vec4,26,830821
sample,16384,2048,vec4,27,831331
sample,16384,2048,vec4,28,829840
sample,16384,2048,vec4,29,830202
measured,16384,2048,fused2,4194304,16777216,5,30,13,788952,802774,6be3b72c15a212b9,3199380bd5011e6c,none,none
sample,16384,2048,fused2,0,637368
sample,16384,2048,fused2,1,631766
sample,16384,2048,fused2,2,629443
sample,16384,2048,fused2,3,791914
sample,16384,2048,fused2,4,790433
sample,16384,2048,fused2,5,796321
sample,16384,2048,fused2,6,788710
sample,16384,2048,fused2,7,789007
sample,16384,2048,fused2,8,788377
sample,16384,2048,fused2,9,788849
sample,16384,2048,fused2,10,789618
sample,16384,2048,fused2,11,780757
sample,16384,2048,fused2,12,802774
sample,16384,2048,fused2,13,788969
sample,16384,2048,fused2,14,790710
sample,16384,2048,fused2,15,805026
sample,16384,2048,fused2,16,790849
sample,16384,2048,fused2,17,786720
sample,16384,2048,fused2,18,790609
sample,16384,2048,fused2,19,783295
sample,16384,2048,fused2,20,789998
sample,16384,2048,fused2,21,794989
sample,16384,2048,fused2,22,789443
sample,16384,2048,fused2,23,788952
sample,16384,2048,fused2,24,793942
sample,16384,2048,fused2,25,782461
sample,16384,2048,fused2,26,787452
sample,16384,2048,fused2,27,787840
sample,16384,2048,fused2,28,785424
sample,16384,2048,fused2,29,785702
measured,16384,2048,tile8,4194304,16777216,5,30,12,993599,1011904,6be3b72c15a212b9,3199380bd5011e6c,none,none
sample,16384,2048,tile8,0,847257
sample,16384,2048,tile8,1,853017
sample,16384,2048,tile8,2,839257
sample,16384,2048,tile8,3,993599
sample,16384,2048,tile8,4,992822
sample,16384,2048,tile8,5,989886
sample,16384,2048,tile8,6,994164
sample,16384,2048,tile8,7,996933
sample,16384,2048,tile8,8,989748
sample,16384,2048,tile8,9,1003710
sample,16384,2048,tile8,10,994173
sample,16384,2048,tile8,11,989673
sample,16384,2048,tile8,12,1004534
sample,16384,2048,tile8,13,993210
sample,16384,2048,tile8,14,1011904
sample,16384,2048,tile8,15,1000858
sample,16384,2048,tile8,16,995691
sample,16384,2048,tile8,17,992868
sample,16384,2048,tile8,18,993775
sample,16384,2048,tile8,19,991645
sample,16384,2048,tile8,20,1005600
sample,16384,2048,tile8,21,1000154
sample,16384,2048,tile8,22,986626
sample,16384,2048,tile8,23,986905
sample,16384,2048,tile8,24,1004405
sample,16384,2048,tile8,25,990423
sample,16384,2048,tile8,26,991775
sample,16384,2048,tile8,27,1002423
sample,16384,2048,tile8,28,996303
sample,16384,2048,tile8,29,1013645
measured,65536,128,vec4,1048576,4194304,5,30,16,723600,755285,9ec0db29a14c575b,4098921c6b362ecd,none,none
sample,65536,128,vec4,0,729794
sample,65536,128,vec4,1,724970
sample,65536,128,vec4,2,737275
sample,65536,128,vec4,3,717739
sample,65536,128,vec4,4,723600
sample,65536,128,vec4,5,724452
sample,65536,128,vec4,6,722415
sample,65536,128,vec4,7,721229
sample,65536,128,vec4,8,724664
sample,65536,128,vec4,9,733785
sample,65536,128,vec4,10,720859
sample,65536,128,vec4,11,725896
sample,65536,128,vec4,12,720998
sample,65536,128,vec4,13,714554
sample,65536,128,vec4,14,763044
sample,65536,128,vec4,15,718609
sample,65536,128,vec4,16,721535
sample,65536,128,vec4,17,728767
sample,65536,128,vec4,18,727878
sample,65536,128,vec4,19,726035
sample,65536,128,vec4,20,755285
sample,65536,128,vec4,21,717405
sample,65536,128,vec4,22,729082
sample,65536,128,vec4,23,736581
sample,65536,128,vec4,24,715192
sample,65536,128,vec4,25,721285
sample,65536,128,vec4,26,722397
sample,65536,128,vec4,27,738914
sample,65536,128,vec4,28,721636
sample,65536,128,vec4,29,718822
measured,65536,128,fused2,1048576,4194304,5,30,15,698424,716164,9ec0db29a14c575b,4098921c6b362ecd,none,none
sample,65536,128,fused2,0,700748
sample,65536,128,fused2,1,700813
sample,65536,128,fused2,2,698516
sample,65536,128,fused2,3,691757
sample,65536,128,fused2,4,697257
sample,65536,128,fused2,5,683276
sample,65536,128,fused2,6,700480
sample,65536,128,fused2,7,698267
sample,65536,128,fused2,8,701804
sample,65536,128,fused2,9,695739
sample,65536,128,fused2,10,716164
sample,65536,128,fused2,11,695609
sample,65536,128,fused2,12,749229
sample,65536,128,fused2,13,683359
sample,65536,128,fused2,14,697729
sample,65536,128,fused2,15,687914
sample,65536,128,fused2,16,705378
sample,65536,128,fused2,17,697313
sample,65536,128,fused2,18,704980
sample,65536,128,fused2,19,696720
sample,65536,128,fused2,20,710517
sample,65536,128,fused2,21,688905
sample,65536,128,fused2,22,699248
sample,65536,128,fused2,23,687683
sample,65536,128,fused2,24,702165
sample,65536,128,fused2,25,698424
sample,65536,128,fused2,26,699063
sample,65536,128,fused2,27,712248
sample,65536,128,fused2,28,702322
sample,65536,128,fused2,29,686692
measured,65536,128,tile8,1048576,4194304,5,30,14,706739,743397,9ec0db29a14c575b,4098921c6b362ecd,none,none
sample,65536,128,tile8,0,719719
sample,65536,128,tile8,1,706739
sample,65536,128,tile8,2,708702
sample,65536,128,tile8,3,700294
sample,65536,128,tile8,4,705507
sample,65536,128,tile8,5,699053
sample,65536,128,tile8,6,700276
sample,65536,128,tile8,7,710230
sample,65536,128,tile8,8,709369
sample,65536,128,tile8,9,743397
sample,65536,128,tile8,10,708692
sample,65536,128,tile8,11,708609
sample,65536,128,tile8,12,717035
sample,65536,128,tile8,13,693988
sample,65536,128,tile8,14,714026
sample,65536,128,tile8,15,701915
sample,65536,128,tile8,16,703072
sample,65536,128,tile8,17,705137
sample,65536,128,tile8,18,712766
sample,65536,128,tile8,19,704850
sample,65536,128,tile8,20,763156
sample,65536,128,tile8,21,697257
sample,65536,128,tile8,22,701054
sample,65536,128,tile8,23,700183
sample,65536,128,tile8,24,697720
sample,65536,128,tile8,25,721683
sample,65536,128,tile8,26,704119
sample,65536,128,tile8,27,707072
sample,65536,128,tile8,28,708581
sample,65536,128,tile8,29,714461
measured,65536,512,vec4,4194304,16777216,5,30,16,974126,1019460,84d06402da633040,29115d73667dee45,none,none
sample,65536,512,vec4,0,934590
sample,65536,512,vec4,1,950812
sample,65536,512,vec4,2,933108
sample,65536,512,vec4,3,949515
sample,65536,512,vec4,4,956331
sample,65536,512,vec4,5,933580
sample,65536,512,vec4,6,945960
sample,65536,512,vec4,7,953321
sample,65536,512,vec4,8,946229
sample,65536,512,vec4,9,962906
sample,65536,512,vec4,10,1289413
sample,65536,512,vec4,11,990173
sample,65536,512,vec4,12,989960
sample,65536,512,vec4,13,979247
sample,65536,512,vec4,14,974126
sample,65536,512,vec4,15,1011164
sample,65536,512,vec4,16,972330
sample,65536,512,vec4,17,980034
sample,65536,512,vec4,18,987617
sample,65536,512,vec4,19,1019460
sample,65536,512,vec4,20,984312
sample,65536,512,vec4,21,977516
sample,65536,512,vec4,22,981886
sample,65536,512,vec4,23,986090
sample,65536,512,vec4,24,973090
sample,65536,512,vec4,25,974904
sample,65536,512,vec4,26,988645
sample,65536,512,vec4,27,973858
sample,65536,512,vec4,28,973664
sample,65536,512,vec4,29,999692
measured,65536,512,fused2,4194304,16777216,5,30,15,940562,1009284,84d06402da633040,29115d73667dee45,none,none
sample,65536,512,fused2,0,907136
sample,65536,512,fused2,1,953832
sample,65536,512,fused2,2,919682
sample,65536,512,fused2,3,910506
sample,65536,512,fused2,4,913423
sample,65536,512,fused2,5,914284
sample,65536,512,fused2,6,909359
sample,65536,512,fused2,7,910941
sample,65536,512,fused2,8,906172
sample,65536,512,fused2,9,918933
sample,65536,512,fused2,10,1105905
sample,65536,512,fused2,11,948804
sample,65536,512,fused2,12,950821
sample,65536,512,fused2,13,960571
sample,65536,512,fused2,14,940562
sample,65536,512,fused2,15,946256
sample,65536,512,fused2,16,934979
sample,65536,512,fused2,17,946099
sample,65536,512,fused2,18,947136
sample,65536,512,fused2,19,938765
sample,65536,512,fused2,20,935128
sample,65536,512,fused2,21,963876
sample,65536,512,fused2,22,946914
sample,65536,512,fused2,23,942923
sample,65536,512,fused2,24,1009284
sample,65536,512,fused2,25,947072
sample,65536,512,fused2,26,944127
sample,65536,512,fused2,27,931885
sample,65536,512,fused2,28,938497
sample,65536,512,fused2,29,943154
measured,65536,512,tile8,4194304,16777216,5,30,14,1128505,1153654,84d06402da633040,29115d73667dee45,none,none
sample,65536,512,tile8,0,1112108
sample,65536,512,tile8,1,1099960
sample,65536,512,tile8,2,1089191
sample,65536,512,tile8,3,1099433
sample,65536,512,tile8,4,1110590
sample,65536,512,tile8,5,1125775
sample,65536,512,tile8,6,1103052
sample,65536,512,tile8,7,1150700
sample,65536,512,tile8,8,1108942
sample,65536,512,tile8,9,1100265
sample,65536,512,tile8,10,1123182
sample,65536,512,tile8,11,1140516
sample,65536,512,tile8,12,1153866
sample,65536,512,tile8,13,1141618
sample,65536,512,tile8,14,1130450
sample,65536,512,tile8,15,1127608
sample,65536,512,tile8,16,1141765
sample,65536,512,tile8,17,1134081
sample,65536,512,tile8,18,1131192
sample,65536,512,tile8,19,1136793
sample,65536,512,tile8,20,1138515
sample,65536,512,tile8,21,1151488
sample,65536,512,tile8,22,1122691
sample,65536,512,tile8,23,1128505
sample,65536,512,tile8,24,1130210
sample,65536,512,tile8,25,1122321
sample,65536,512,tile8,26,1153654
sample,65536,512,tile8,27,1129793
sample,65536,512,tile8,28,1134275
sample,65536,512,tile8,29,1124608
skipped_limit,65536,2048,vec4,16777216,67108864,NA,NA,NA,NA,NA,NA,NA,cohort_dispatch_limit,none
skipped_limit,65536,2048,fused2,16777216,67108864,NA,NA,NA,NA,NA,NA,NA,cohort_dispatch_limit,none
skipped_limit,65536,2048,tile8,16777216,67108864,NA,NA,NA,NA,NA,NA,NA,cohort_dispatch_limit,none
measured,262144,128,vec4,4194304,16777216,5,30,18,1005247,1140970,603e59446e81431f,99960c282a7f4ca5,none,none
sample,262144,128,vec4,0,1115997
sample,262144,128,vec4,1,1121877
sample,262144,128,vec4,2,1106015
sample,262144,128,vec4,3,1150125
sample,262144,128,vec4,4,1103923
sample,262144,128,vec4,5,1114608
sample,262144,128,vec4,6,1119016
sample,262144,128,vec4,7,1103506
sample,262144,128,vec4,8,1140970
sample,262144,128,vec4,9,1120173
sample,262144,128,vec4,10,1117405
sample,262144,128,vec4,11,1107051
sample,262144,128,vec4,12,1111996
sample,262144,128,vec4,13,1137162
sample,262144,128,vec4,14,989091
sample,262144,128,vec4,15,999136
sample,262144,128,vec4,16,1034515
sample,262144,128,vec4,17,1005247
sample,262144,128,vec4,18,1001052
sample,262144,128,vec4,19,961091
sample,262144,128,vec4,20,914219
sample,262144,128,vec4,21,918127
sample,262144,128,vec4,22,911961
sample,262144,128,vec4,23,908303
sample,262144,128,vec4,24,910600
sample,262144,128,vec4,25,896841
sample,262144,128,vec4,26,875840
sample,262144,128,vec4,27,869303
sample,262144,128,vec4,28,913618
sample,262144,128,vec4,29,863970
measured,262144,128,fused2,4194304,16777216,5,30,17,989442,1140894,603e59446e81431f,99960c282a7f4ca5,none,none
sample,262144,128,fused2,0,1107756
sample,262144,128,fused2,1,1155792
sample,262144,128,fused2,2,1095293
sample,262144,128,fused2,3,1110405
sample,262144,128,fused2,4,1108451
sample,262144,128,fused2,5,1116960
sample,262144,128,fused2,6,1134284
sample,262144,128,fused2,7,1092423
sample,262144,128,fused2,8,1109237
sample,262144,128,fused2,9,1096080
sample,262144,128,fused2,10,1111553
sample,262144,128,fused2,11,1140894
sample,262144,128,fused2,12,1109238
sample,262144,128,fused2,13,1070867
sample,262144,128,fused2,14,975442
sample,262144,128,fused2,15,984553
sample,262144,128,fused2,16,989442
sample,262144,128,fused2,17,982839
sample,262144,128,fused2,18,995183
sample,262144,128,fused2,19,904210
sample,262144,128,fused2,20,893813
sample,262144,128,fused2,21,911795
sample,262144,128,fused2,22,889998
sample,262144,128,fused2,23,909692
sample,262144,128,fused2,24,930904
sample,262144,128,fused2,25,852877
sample,262144,128,fused2,26,873498
sample,262144,128,fused2,27,857802
sample,262144,128,fused2,28,851016
sample,262144,128,fused2,29,871896
measured,262144,128,tile8,4194304,16777216,5,30,16,1093636,1260478,603e59446e81431f,99960c282a7f4ca5,none,none
sample,262144,128,tile8,0,1249719
sample,262144,128,tile8,1,1250273
sample,262144,128,tile8,2,1248543
sample,262144,128,tile8,3,1260478
sample,262144,128,tile8,4,1239293
sample,262144,128,tile8,5,1245747
sample,262144,128,tile8,6,1262386
sample,262144,128,tile8,7,1232219
sample,262144,128,tile8,8,1253191
sample,262144,128,tile8,9,1239274
sample,262144,128,tile8,10,1242459
sample,262144,128,tile8,11,1244533
sample,262144,128,tile8,12,1240617
sample,262144,128,tile8,13,1255607
sample,262144,128,tile8,14,1085497
sample,262144,128,tile8,15,1093412
sample,262144,128,tile8,16,1093636
sample,262144,128,tile8,17,1085774
sample,262144,128,tile8,18,1122923
sample,262144,128,tile8,19,1001664
sample,262144,128,tile8,20,1009312
sample,262144,128,tile8,21,1021950
sample,262144,128,tile8,22,1003719
sample,262144,128,tile8,23,987275
sample,262144,128,tile8,24,982340
sample,262144,128,tile8,25,930193
sample,262144,128,tile8,26,947089
sample,262144,128,tile8,27,946367
sample,262144,128,tile8,28,964997
sample,262144,128,tile8,29,919387
skipped_limit,262144,512,vec4,16777216,67108864,NA,NA,NA,NA,NA,NA,NA,cohort_dispatch_limit,none
skipped_limit,262144,512,fused2,16777216,67108864,NA,NA,NA,NA,NA,NA,NA,cohort_dispatch_limit,none
skipped_limit,262144,512,tile8,16777216,67108864,NA,NA,NA,NA,NA,NA,NA,cohort_dispatch_limit,none
skipped_limit,262144,2048,vec4,67108864,268435456,NA,NA,NA,NA,NA,NA,NA,cohort_dispatch_limit,none
skipped_limit,262144,2048,fused2,67108864,268435456,NA,NA,NA,NA,NA,NA,NA,cohort_dispatch_limit,none
skipped_limit,262144,2048,tile8,67108864,268435456,NA,NA,NA,NA,NA,NA,NA,cohort_dispatch_limit,none
skipped_limit,1048576,128,vec4,16777216,67108864,NA,NA,NA,NA,NA,NA,NA,cohort_dispatch_limit,none
skipped_limit,1048576,128,fused2,16777216,67108864,NA,NA,NA,NA,NA,NA,NA,cohort_dispatch_limit,none
skipped_limit,1048576,128,tile8,16777216,67108864,NA,NA,NA,NA,NA,NA,NA,cohort_dispatch_limit,none
skipped_limit,1048576,512,vec4,67108864,268435456,NA,NA,NA,NA,NA,NA,NA,cohort_dispatch_limit,none
skipped_limit,1048576,512,fused2,67108864,268435456,NA,NA,NA,NA,NA,NA,NA,cohort_dispatch_limit,none
skipped_limit,1048576,512,tile8,67108864,268435456,NA,NA,NA,NA,NA,NA,NA,cohort_dispatch_limit,none
skipped_limit,1048576,2048,vec4,268435456,1073741824,NA,NA,NA,NA,NA,NA,NA,cohort_dispatch_limit,none
skipped_limit,1048576,2048,fused2,268435456,1073741824,NA,NA,NA,NA,NA,NA,NA,cohort_dispatch_limit,none
skipped_limit,1048576,2048,tile8,268435456,1073741824,NA,NA,NA,NA,NA,NA,NA,cohort_dispatch_limit,none
qualification_status=complete
