benchmark=pvp3d_three_candidate_same_device
source_revision=ddb6f0144821dfa29d268601e7087e5001278e52
adapter=NVIDIA Tegra NVIDIA Thor
backend=Vulkan
device_type=IntegratedGpu
vendor_id=4318
device_id=11008
driver=NVIDIA
driver_info=580.00
hardware_measurement_eligible=true
physical_admission=external_remoteops_evidence_required
performance_claim=none
primary_timing_scope=resident_encode_plus_queue_submit_plus_device_wait
state_reset_scope=completed_before_timer
correctness_readback_scope=before_and_after_timing
candidate_order=ABC_ACB_BAC_BCA_CAB_CBA
resident_payload_scope=source_plus_three_states_excludes_driver_uniforms_and_readback
status,k,g,candidate,state_bytes,resident_payload_bytes,warmups,repeats,logical_dispatches,p50_ns,p95_ns,input_checksum,output_checksum,skip_reason,performance_claim
measured,256,128,vec4,4096,16384,5,30,8,416212,449165,4c67926a9205d7b4,956299587c8af4b4,none,none
sample,256,128,vec4,0,396925
sample,256,128,vec4,1,403203
sample,256,128,vec4,2,395675
sample,256,128,vec4,3,402081
sample,256,128,vec4,4,397998
sample,256,128,vec4,5,393230
sample,256,128,vec4,6,393722
sample,256,128,vec4,7,387305
sample,256,128,vec4,8,389563
sample,256,128,vec4,9,406314
sample,256,128,vec4,10,404268
sample,256,128,vec4,11,399758
sample,256,128,vec4,12,407472
sample,256,128,vec4,13,412536
sample,256,128,vec4,14,420545
sample,256,128,vec4,15,416212
sample,256,128,vec4,16,420451
sample,256,128,vec4,17,420906
sample,256,128,vec4,18,419647
sample,256,128,vec4,19,431583
sample,256,128,vec4,20,422414
sample,256,128,vec4,21,420684
sample,256,128,vec4,22,427999
sample,256,128,vec4,23,424934
sample,256,128,vec4,24,425305
sample,256,128,vec4,25,442388
sample,256,128,vec4,26,522924
sample,256,128,vec4,27,449165
sample,256,128,vec4,28,442407
sample,256,128,vec4,29,444518
measured,256,128,fused2,4096,16384,5,30,7,394193,439832,4c67926a9205d7b4,956299587c8af4b4,none,none
sample,256,128,fused2,0,377601
sample,256,128,fused2,1,377101
sample,256,128,fused2,2,374360
sample,256,128,fused2,3,374527
sample,256,128,fused2,4,423166
sample,256,128,fused2,5,373878
sample,256,128,fused2,6,374101
sample,256,128,fused2,7,367980
sample,256,128,fused2,8,372610
sample,256,128,fused2,9,377860
sample,256,128,fused2,10,417267
sample,256,128,fused2,11,377258
sample,256,128,fused2,12,382646
sample,256,128,fused2,13,391981
sample,256,128,fused2,14,394768
sample,256,128,fused2,15,389554
sample,256,128,fused2,16,397619
sample,256,128,fused2,17,391591
sample,256,128,fused2,18,394193
sample,256,128,fused2,19,400638
sample,256,128,fused2,20,396407
sample,256,128,fused2,21,399332
sample,256,128,fused2,22,406101
sample,256,128,fused2,23,403833
sample,256,128,fused2,24,439832
sample,256,128,fused2,25,427666
sample,256,128,fused2,26,460851
sample,256,128,fused2,27,420203
sample,256,128,fused2,28,422461
sample,256,128,fused2,29,416759
measured,256,128,tile8,4096,16384,5,30,6,368361,392842,4c67926a9205d7b4,956299587c8af4b4,none,none
sample,256,128,tile8,0,354647
sample,256,128,tile8,1,359944
sample,256,128,tile8,2,354221
sample,256,128,tile8,3,347554
sample,256,128,tile8,4,355416
sample,256,128,tile8,5,352194
sample,256,128,tile8,6,353582
sample,256,128,tile8,7,345397
sample,256,128,tile8,8,347906
sample,256,128,tile8,9,356388
sample,256,128,tile8,10,353684
sample,256,128,tile8,11,351509
sample,256,128,tile8,12,359573
sample,256,128,tile8,13,375370
sample,256,128,tile8,14,366314
sample,256,128,tile8,15,368415
sample,256,128,tile8,16,373545
sample,256,128,tile8,17,368361
sample,256,128,tile8,18,374703
sample,256,128,tile8,19,383490
sample,256,128,tile8,20,379332
sample,256,128,tile8,21,374990
sample,256,128,tile8,22,377137
sample,256,128,tile8,23,375730
sample,256,128,tile8,24,391342
sample,256,128,tile8,25,391943
sample,256,128,tile8,26,404296
sample,256,128,tile8,27,392842
sample,256,128,tile8,28,386156
sample,256,128,tile8,29,389795
measured,256,512,vec4,16384,65536,5,30,8,322592,476137,38bbe1f688e24d78,1c8bb372f8f1302e,none,none
sample,256,512,vec4,0,468859
sample,256,512,vec4,1,476137
sample,256,512,vec4,2,482119
sample,256,512,vec4,3,310259
sample,256,512,vec4,4,306897
sample,256,512,vec4,5,314702
sample,256,512,vec4,6,309323
sample,256,512,vec4,7,310064
sample,256,512,vec4,8,312434
sample,256,512,vec4,9,311387
sample,256,512,vec4,10,320406
sample,256,512,vec4,11,314628
sample,256,512,vec4,12,315110
sample,256,512,vec4,13,329758
sample,256,512,vec4,14,337804
sample,256,512,vec4,15,314647
sample,256,512,vec4,16,322592
sample,256,512,vec4,17,321767
sample,256,512,vec4,18,317684
sample,256,512,vec4,19,317786
sample,256,512,vec4,20,323221
sample,256,512,vec4,21,327443
sample,256,512,vec4,22,323508
sample,256,512,vec4,23,331591
sample,256,512,vec4,24,335009
sample,256,512,vec4,25,328286
sample,256,512,vec4,26,331397
sample,256,512,vec4,27,368276
sample,256,512,vec4,28,373869
sample,256,512,vec4,29,326277
measured,256,512,fused2,16384,65536,5,30,7,291786,465303,38bbe1f688e24d78,1c8bb372f8f1302e,none,none
sample,256,512,fused2,0,442868
sample,256,512,fused2,1,456285
sample,256,512,fused2,2,465303
sample,256,512,fused2,3,279508
sample,256,512,fused2,4,276185
sample,256,512,fused2,5,292842
sample,256,512,fused2,6,285342
sample,256,512,fused2,7,281509
sample,256,512,fused2,8,277962
sample,256,512,fused2,9,279749
sample,256,512,fused2,10,282712
sample,256,512,fused2,11,280888
sample,256,512,fused2,12,287193
sample,256,512,fused2,13,285258
sample,256,512,fused2,14,290194
sample,256,512,fused2,15,289685
sample,256,512,fused2,16,723350
sample,256,512,fused2,17,293397
sample,256,512,fused2,18,287981
sample,256,512,fused2,19,293286
sample,256,512,fused2,20,291786
sample,256,512,fused2,21,293601
sample,256,512,fused2,22,293675
sample,256,512,fused2,23,290175
sample,256,512,fused2,24,298629
sample,256,512,fused2,25,300379
sample,256,512,fused2,26,298554
sample,256,512,fused2,27,301824
sample,256,512,fused2,28,293444
sample,256,512,fused2,29,295202
measured,256,512,tile8,16384,65536,5,30,6,256888,439572,38bbe1f688e24d78,1c8bb372f8f1302e,none,none
sample,256,512,tile8,0,439572
sample,256,512,tile8,1,424896
sample,256,512,tile8,2,459711
sample,256,512,tile8,3,243564
sample,256,512,tile8,4,245231
sample,256,512,tile8,5,244741
sample,256,512,tile8,6,250832
sample,256,512,tile8,7,250415
sample,256,512,tile8,8,250147
sample,256,512,tile8,9,255425
sample,256,512,tile8,10,299101
sample,256,512,tile8,11,252990
sample,256,512,tile8,12,252850
sample,256,512,tile8,13,251906
sample,256,512,tile8,14,276008
sample,256,512,tile8,15,251129
sample,256,512,tile8,16,255971
sample,256,512,tile8,17,288147
sample,256,512,tile8,18,254713
sample,256,512,tile8,19,256378
sample,256,512,tile8,20,256888
sample,256,512,tile8,21,257962
sample,256,512,tile8,22,260758
sample,256,512,tile8,23,257230
sample,256,512,tile8,24,263850
sample,256,512,tile8,25,267823
sample,256,512,tile8,26,265296
sample,256,512,tile8,27,261620
sample,256,512,tile8,28,260721
sample,256,512,tile8,29,260582
measured,256,2048,vec4,65536,262144,5,30,8,341554,357101,c9e538e9f9dccedd,259153fc2c7bc4e7,none,none
sample,256,2048,vec4,0,342073
sample,256,2048,vec4,1,339425
sample,256,2048,vec4,2,343990
sample,256,2048,vec4,3,343869
sample,256,2048,vec4,4,341554
sample,256,2048,vec4,5,341564
sample,256,2048,vec4,6,347212
sample,256,2048,vec4,7,337573
sample,256,2048,vec4,8,401083
sample,256,2048,vec4,9,343999
sample,256,2048,vec4,10,338740
sample,256,2048,vec4,11,351563
sample,256,2048,vec4,12,342591
sample,256,2048,vec4,13,339490
sample,256,2048,vec4,14,350379
sample,256,2048,vec4,15,339128
sample,256,2048,vec4,16,340388
sample,256,2048,vec4,17,340508
sample,256,2048,vec4,18,337796
sample,256,2048,vec4,19,351425
sample,256,2048,vec4,20,343425
sample,256,2048,vec4,21,342638
sample,256,2048,vec4,22,341175
sample,256,2048,vec4,23,341406
sample,256,2048,vec4,24,338591
sample,256,2048,vec4,25,340897
sample,256,2048,vec4,26,357101
sample,256,2048,vec4,27,339637
sample,256,2048,vec4,28,339870
sample,256,2048,vec4,29,343888
measured,256,2048,fused2,65536,262144,5,30,7,307388,349850,c9e538e9f9dccedd,259153fc2c7bc4e7,none,none
sample,256,2048,fused2,0,308462
sample,256,2048,fused2,1,309500
sample,256,2048,fused2,2,306351
sample,256,2048,fused2,3,305342
sample,256,2048,fused2,4,335175
sample,256,2048,fused2,5,309731
sample,256,2048,fused2,6,307768
sample,256,2048,fused2,7,305999
sample,256,2048,fused2,8,305314
sample,256,2048,fused2,9,347369
sample,256,2048,fused2,10,304629
sample,256,2048,fused2,11,304610
sample,256,2048,fused2,12,303767
sample,256,2048,fused2,13,306999
sample,256,2048,fused2,14,349850
sample,256,2048,fused2,15,304417
sample,256,2048,fused2,16,305990
sample,256,2048,fused2,17,304925
sample,256,2048,fused2,18,308240
sample,256,2048,fused2,19,316351
sample,256,2048,fused2,20,307388
sample,256,2048,fused2,21,305592
sample,256,2048,fused2,22,310999
sample,256,2048,fused2,23,309953
sample,256,2048,fused2,24,307740
sample,256,2048,fused2,25,308582
sample,256,2048,fused2,26,356990
sample,256,2048,fused2,27,308777
sample,256,2048,fused2,28,303880
sample,256,2048,fused2,29,304897
measured,256,2048,tile8,65536,262144,5,30,6,279333,294582,c9e538e9f9dccedd,259153fc2c7bc4e7,none,none
sample,256,2048,tile8,0,281138
sample,256,2048,tile8,1,287611
sample,256,2048,tile8,2,279943
sample,256,2048,tile8,3,279666
sample,256,2048,tile8,4,277128
sample,256,2048,tile8,5,282175
sample,256,2048,tile8,6,278962
sample,256,2048,tile8,7,279333
sample,256,2048,tile8,8,294045
sample,256,2048,tile8,9,279620
sample,256,2048,tile8,10,278360
sample,256,2048,tile8,11,274277
sample,256,2048,tile8,12,277666
sample,256,2048,tile8,13,278953
sample,256,2048,tile8,14,294582
sample,256,2048,tile8,15,286574
sample,256,2048,tile8,16,276759
sample,256,2048,tile8,17,275870
sample,256,2048,tile8,18,277999
sample,256,2048,tile8,19,280806
sample,256,2048,tile8,20,280906
sample,256,2048,tile8,21,277869
sample,256,2048,tile8,22,281129
sample,256,2048,tile8,23,279666
sample,256,2048,tile8,24,279972
sample,256,2048,tile8,25,278730
sample,256,2048,tile8,26,327157
sample,256,2048,tile8,27,275990
sample,256,2048,tile8,28,278193
sample,256,2048,tile8,29,276213
measured,1024,128,vec4,16384,65536,5,30,10,417332,446488,26abf5bddd03bbc5,79acd556594188cd,none,none
sample,1024,128,vec4,0,420203
sample,1024,128,vec4,1,420462
sample,1024,128,vec4,2,417175
sample,1024,128,vec4,3,419860
sample,1024,128,vec4,4,487479
sample,1024,128,vec4,5,418157
sample,1024,128,vec4,6,410296
sample,1024,128,vec4,7,413888
sample,1024,128,vec4,8,446488
sample,1024,128,vec4,9,414573
sample,1024,128,vec4,10,424517
sample,1024,128,vec4,11,415258
sample,1024,128,vec4,12,417619
sample,1024,128,vec4,13,416462
sample,1024,128,vec4,14,420768
sample,1024,128,vec4,15,419823
sample,1024,128,vec4,16,417332
sample,1024,128,vec4,17,414684
sample,1024,128,vec4,18,411157
sample,1024,128,vec4,19,417314
sample,1024,128,vec4,20,418942
sample,1024,128,vec4,21,414025
sample,1024,128,vec4,22,410443
sample,1024,128,vec4,23,426906
sample,1024,128,vec4,24,412073
sample,1024,128,vec4,25,412536
sample,1024,128,vec4,26,418869
sample,1024,128,vec4,27,417851
sample,1024,128,vec4,28,413721
sample,1024,128,vec4,29,417416
measured,1024,128,fused2,16384,65536,5,30,9,384832,434240,26abf5bddd03bbc5,79acd556594188cd,none,none
sample,1024,128,fused2,0,386082
sample,1024,128,fused2,1,388369
sample,1024,128,fused2,2,388573
sample,1024,128,fused2,3,386933
sample,1024,128,fused2,4,389740
sample,1024,128,fused2,5,387786
sample,1024,128,fused2,6,380517
sample,1024,128,fused2,7,382443
sample,1024,128,fused2,8,396591
sample,1024,128,fused2,9,385703
sample,1024,128,fused2,10,382203
sample,1024,128,fused2,11,388249
sample,1024,128,fused2,12,384462
sample,1024,128,fused2,13,386073
sample,1024,128,fused2,14,380943
sample,1024,128,fused2,15,379619
sample,1024,128,fused2,16,385546
sample,1024,128,fused2,17,384832
sample,1024,128,fused2,18,383415
sample,1024,128,fused2,19,434240
sample,1024,128,fused2,20,382323
sample,1024,128,fused2,21,377851
sample,1024,128,fused2,22,438831
sample,1024,128,fused2,23,405619
sample,1024,128,fused2,24,375018
sample,1024,128,fused2,25,378230
sample,1024,128,fused2,26,384055
sample,1024,128,fused2,27,384378
sample,1024,128,fused2,28,387202
sample,1024,128,fused2,29,383342
measured,1024,128,tile8,16384,65536,5,30,8,345971,362619,26abf5bddd03bbc5,79acd556594188cd,none,none
sample,1024,128,tile8,0,345665
sample,1024,128,tile8,1,359027
sample,1024,128,tile8,2,349841
sample,1024,128,tile8,3,346407
sample,1024,128,tile8,4,345212
sample,1024,128,tile8,5,369758
sample,1024,128,tile8,6,345971
sample,1024,128,tile8,7,342694
sample,1024,128,tile8,8,345092
sample,1024,128,tile8,9,339592
sample,1024,128,tile8,10,344953
sample,1024,128,tile8,11,344656
sample,1024,128,tile8,12,362619
sample,1024,128,tile8,13,347740
sample,1024,128,tile8,14,348333
sample,1024,128,tile8,15,349165
sample,1024,128,tile8,16,347443
sample,1024,128,tile8,17,347545
sample,1024,128,tile8,18,346675
sample,1024,128,tile8,19,348952
sample,1024,128,tile8,20,343434
sample,1024,128,tile8,21,340120
sample,1024,128,tile8,22,340416
sample,1024,128,tile8,23,348304
sample,1024,128,tile8,24,340980
sample,1024,128,tile8,25,339341
sample,1024,128,tile8,26,345091
sample,1024,128,tile8,27,344406
sample,1024,128,tile8,28,346323
sample,1024,128,tile8,29,349296
measured,1024,512,vec4,65536,262144,5,30,10,590166,632100,0949b62ffc70d026,7663f0c9d3466943,none,none
sample,1024,512,vec4,0,422915
sample,1024,512,vec4,1,473212
sample,1024,512,vec4,2,409841
sample,1024,512,vec4,3,415749
sample,1024,512,vec4,4,415693
sample,1024,512,vec4,5,413221
sample,1024,512,vec4,6,414433
sample,1024,512,vec4,7,411296
sample,1024,512,vec4,8,608174
sample,1024,512,vec4,9,600573
sample,1024,512,vec4,10,640136
sample,1024,512,vec4,11,591433
sample,1024,512,vec4,12,619546
sample,1024,512,vec4,13,586323
sample,1024,512,vec4,14,603479
sample,1024,512,vec4,15,608090
sample,1024,512,vec4,16,413017
sample,1024,512,vec4,17,599211
sample,1024,512,vec4,18,604017
sample,1024,512,vec4,19,599471
sample,1024,512,vec4,20,632100
sample,1024,512,vec4,21,590166
sample,1024,512,vec4,22,609350
sample,1024,512,vec4,23,599082
sample,1024,512,vec4,24,602258
sample,1024,512,vec4,25,605416
sample,1024,512,vec4,26,414573
sample,1024,512,vec4,27,414462
sample,1024,512,vec4,28,410934
sample,1024,512,vec4,29,411814
measured,1024,512,fused2,65536,262144,5,30,9,555647,600201,0949b62ffc70d026,7663f0c9d3466943,none,none
sample,1024,512,fused2,0,379231
sample,1024,512,fused2,1,380768
sample,1024,512,fused2,2,376008
sample,1024,512,fused2,3,377850
sample,1024,512,fused2,4,383555
sample,1024,512,fused2,5,381489
sample,1024,512,fused2,6,380397
sample,1024,512,fused2,7,379137
sample,1024,512,fused2,8,552183
sample,1024,512,fused2,9,567822
sample,1024,512,fused2,10,562192
sample,1024,512,fused2,11,558962
sample,1024,512,fused2,12,600201
sample,1024,512,fused2,13,559674
sample,1024,512,fused2,14,566286
sample,1024,512,fused2,15,583924
sample,1024,512,fused2,16,566841
sample,1024,512,fused2,17,564731
sample,1024,512,fused2,18,606349
sample,1024,512,fused2,19,555647
sample,1024,512,fused2,20,567637
sample,1024,512,fused2,21,554183
sample,1024,512,fused2,22,568906
sample,1024,512,fused2,23,564220
sample,1024,512,fused2,24,565174
sample,1024,512,fused2,25,568193
sample,1024,512,fused2,26,381684
sample,1024,512,fused2,27,389564
sample,1024,512,fused2,28,378462
sample,1024,512,fused2,29,378027
measured,1024,512,tile8,65536,262144,5,30,8,526887,573610,0949b62ffc70d026,7663f0c9d3466943,none,none
sample,1024,512,tile8,0,357388
sample,1024,512,tile8,1,346443
sample,1024,512,tile8,2,349610
sample,1024,512,tile8,3,346332
sample,1024,512,tile8,4,350350
sample,1024,512,tile8,5,344147
sample,1024,512,tile8,6,347888
sample,1024,512,tile8,7,348601
sample,1024,512,tile8,8,531527
sample,1024,512,tile8,9,532535
sample,1024,512,tile8,10,529516
sample,1024,512,tile8,11,523035
sample,1024,512,tile8,12,528044
sample,1024,512,tile8,13,538720
sample,1024,512,tile8,14,524906
sample,1024,512,tile8,15,586517
sample,1024,512,tile8,16,539516
sample,1024,512,tile8,17,538303
sample,1024,512,tile8,18,560118
sample,1024,512,tile8,19,527647
sample,1024,512,tile8,20,573610
sample,1024,512,tile8,21,526887
sample,1024,512,tile8,22,531229
sample,1024,512,tile8,23,532980
sample,1024,512,tile8,24,536720
sample,1024,512,tile8,25,534655
sample,1024,512,tile8,26,352989
sample,1024,512,tile8,27,409527
sample,1024,512,tile8,28,349157
sample,1024,512,tile8,29,347138
measured,1024,2048,vec4,262144,1048576,5,30,10,421489,475295,2d4a1c573b9665e7,d32c613321b43c7f,none,none
sample,1024,2048,vec4,0,420147
sample,1024,2048,vec4,1,425999
sample,1024,2048,vec4,2,460619
sample,1024,2048,vec4,3,416267
sample,1024,2048,vec4,4,420230
sample,1024,2048,vec4,5,475295
sample,1024,2048,vec4,6,438046
sample,1024,2048,vec4,7,415203
sample,1024,2048,vec4,8,418220
sample,1024,2048,vec4,9,423962
sample,1024,2048,vec4,10,422988
sample,1024,2048,vec4,11,423360
sample,1024,2048,vec4,12,418231
sample,1024,2048,vec4,13,421702
sample,1024,2048,vec4,14,438665
sample,1024,2048,vec4,15,422980
sample,1024,2048,vec4,16,479720
sample,1024,2048,vec4,17,418370
sample,1024,2048,vec4,18,419100
sample,1024,2048,vec4,19,415656
sample,1024,2048,vec4,20,414971
sample,1024,2048,vec4,21,431878
sample,1024,2048,vec4,22,416860
sample,1024,2048,vec4,23,416036
sample,1024,2048,vec4,24,422036
sample,1024,2048,vec4,25,421489
sample,1024,2048,vec4,26,421434
sample,1024,2048,vec4,27,428082
sample,1024,2048,vec4,28,417082
sample,1024,2048,vec4,29,422896
measured,1024,2048,fused2,262144,1048576,5,30,9,386925,414518,2d4a1c573b9665e7,d32c613321b43c7f,none,none
sample,1024,2048,fused2,0,388286
sample,1024,2048,fused2,1,388499
sample,1024,2048,fused2,2,389147
sample,1024,2048,fused2,3,391823
sample,1024,2048,fused2,4,384073
sample,1024,2048,fused2,5,382628
sample,1024,2048,fused2,6,389147
sample,1024,2048,fused2,7,397601
sample,1024,2048,fused2,8,382092
sample,1024,2048,fused2,9,386925
sample,1024,2048,fused2,10,396341
sample,1024,2048,fused2,11,388656
sample,1024,2048,fused2,12,387554
sample,1024,2048,fused2,13,385888
sample,1024,2048,fused2,14,381562
sample,1024,2048,fused2,15,395879
sample,1024,2048,fused2,16,414518
sample,1024,2048,fused2,17,388962
sample,1024,2048,fused2,18,382064
sample,1024,2048,fused2,19,380240
sample,1024,2048,fused2,20,378832
sample,1024,2048,fused2,21,391044
sample,1024,2048,fused2,22,384155
sample,1024,2048,fused2,23,381360
sample,1024,2048,fused2,24,386759
sample,1024,2048,fused2,25,386046
sample,1024,2048,fused2,26,386980
sample,1024,2048,fused2,27,386758
sample,1024,2048,fused2,28,385119
sample,1024,2048,fused2,29,419545
measured,1024,2048,tile8,262144,1048576,5,30,8,367869,389360,2d4a1c573b9665e7,d32c613321b43c7f,none,none
sample,1024,2048,tile8,0,371295
sample,1024,2048,tile8,1,368499
sample,1024,2048,tile8,2,389360
sample,1024,2048,tile8,3,370314
sample,1024,2048,tile8,4,360851
sample,1024,2048,tile8,5,366202
sample,1024,2048,tile8,6,370045
sample,1024,2048,tile8,7,361499
sample,1024,2048,tile8,8,366082
sample,1024,2048,tile8,9,366850
sample,1024,2048,tile8,10,368555
sample,1024,2048,tile8,11,368786
sample,1024,2048,tile8,12,367703
sample,1024,2048,tile8,13,375962
sample,1024,2048,tile8,14,371823
sample,1024,2048,tile8,15,367323
sample,1024,2048,tile8,16,363184
sample,1024,2048,tile8,17,370703
sample,1024,2048,tile8,18,362953
sample,1024,2048,tile8,19,358767
sample,1024,2048,tile8,20,417453
sample,1024,2048,tile8,21,389212
sample,1024,2048,tile8,22,360527
sample,1024,2048,tile8,23,371804
sample,1024,2048,tile8,24,377055
sample,1024,2048,tile8,25,368841
sample,1024,2048,tile8,26,367665
sample,1024,2048,tile8,27,367869
sample,1024,2048,tile8,28,365229
sample,1024,2048,tile8,29,362665
measured,4096,128,vec4,65536,262144,5,30,12,488749,517323,d878e557b6daedce,8cc85ceb09c8efed,none,none
sample,4096,128,vec4,0,490323
sample,4096,128,vec4,1,487304
sample,4096,128,vec4,2,491711
sample,4096,128,vec4,3,488211
sample,4096,128,vec4,4,490119
sample,4096,128,vec4,5,484323
sample,4096,128,vec4,6,482414
sample,4096,128,vec4,7,499851
sample,4096,128,vec4,8,498563
sample,4096,128,vec4,9,491324
sample,4096,128,vec4,10,488972
sample,4096,128,vec4,11,486683
sample,4096,128,vec4,12,489202
sample,4096,128,vec4,13,487275
sample,4096,128,vec4,14,488656
sample,4096,128,vec4,15,487740
sample,4096,128,vec4,16,486944
sample,4096,128,vec4,17,543609
sample,4096,128,vec4,18,487351
sample,4096,128,vec4,19,482406
sample,4096,128,vec4,20,517323
sample,4096,128,vec4,21,481287
sample,4096,128,vec4,22,493536
sample,4096,128,vec4,23,491572
sample,4096,128,vec4,24,487796
sample,4096,128,vec4,25,489314
sample,4096,128,vec4,26,489619
sample,4096,128,vec4,27,488749
sample,4096,128,vec4,28,487369
sample,4096,128,vec4,29,508814
measured,4096,128,fused2,65536,262144,5,30,11,454193,488683,d878e557b6daedce,8cc85ceb09c8efed,none,none
sample,4096,128,fused2,0,456064
sample,4096,128,fused2,1,456258
sample,4096,128,fused2,2,462879
sample,4096,128,fused2,3,453841
sample,4096,128,fused2,4,467675
sample,4096,128,fused2,5,455110
sample,4096,128,fused2,6,450323
sample,4096,128,fused2,7,463138
sample,4096,128,fused2,8,497211
sample,4096,128,fused2,9,448934
sample,4096,128,fused2,10,454082
sample,4096,128,fused2,11,456360
sample,4096,128,fused2,12,451664
sample,4096,128,fused2,13,452536
sample,4096,128,fused2,14,454518
sample,4096,128,fused2,15,456554
sample,4096,128,fused2,16,451379
sample,4096,128,fused2,17,488683
sample,4096,128,fused2,18,454193
sample,4096,128,fused2,19,449472
sample,4096,128,fused2,20,451083
sample,4096,128,fused2,21,451119
sample,4096,128,fused2,22,450249
sample,4096,128,fused2,23,454314
sample,4096,128,fused2,24,454111
sample,4096,128,fused2,25,453712
sample,4096,128,fused2,26,455480
sample,4096,128,fused2,27,454971
sample,4096,128,fused2,28,454146
sample,4096,128,fused2,29,480488
measured,4096,128,tile8,65536,262144,5,30,10,422647,449480,d878e557b6daedce,8cc85ceb09c8efed,none,none
sample,4096,128,tile8,0,420157
sample,4096,128,tile8,1,423286
sample,4096,128,tile8,2,424462
sample,4096,128,tile8,3,420980
sample,4096,128,tile8,4,424647
sample,4096,128,tile8,5,479192
sample,4096,128,tile8,6,418646
sample,4096,128,tile8,7,422193
sample,4096,128,tile8,8,419175
sample,4096,128,tile8,9,417507
sample,4096,128,tile8,10,420461
sample,4096,128,tile8,11,423684
sample,4096,128,tile8,12,420258
sample,4096,128,tile8,13,426045
sample,4096,128,tile8,14,433656
sample,4096,128,tile8,15,424101
sample,4096,128,tile8,16,424462
sample,4096,128,tile8,17,423758
sample,4096,128,tile8,18,422647
sample,4096,128,tile8,19,422545
sample,4096,128,tile8,20,444257
sample,4096,128,tile8,21,423952
sample,4096,128,tile8,22,418092
sample,4096,128,tile8,23,419416
sample,4096,128,tile8,24,421740
sample,4096,128,tile8,25,423888
sample,4096,128,tile8,26,428444
sample,4096,128,tile8,27,420869
sample,4096,128,tile8,28,419397
sample,4096,128,tile8,29,449480
measured,4096,512,vec4,262144,1048576,5,30,12,497295,568110,07e875993970433c,207dceeda1be3f5b,none,none
sample,4096,512,vec4,0,500794
sample,4096,512,vec4,1,498415
sample,4096,512,vec4,2,497295
sample,4096,512,vec4,3,503416
sample,4096,512,vec4,4,568110
sample,4096,512,vec4,5,489590
sample,4096,512,vec4,6,487314
sample,4096,512,vec4,7,500518
sample,4096,512,vec4,8,491016
sample,4096,512,vec4,9,501730
sample,4096,512,vec4,10,496712
sample,4096,512,vec4,11,498546
sample,4096,512,vec4,12,494276
sample,4096,512,vec4,13,499175
sample,4096,512,vec4,14,496971
sample,4096,512,vec4,15,502804
sample,4096,512,vec4,16,518822
sample,4096,512,vec4,17,489221
sample,4096,512,vec4,18,495516
sample,4096,512,vec4,19,505508
sample,4096,512,vec4,20,495396
sample,4096,512,vec4,21,497536
sample,4096,512,vec4,22,489518
sample,4096,512,vec4,23,500803
sample,4096,512,vec4,24,491685
sample,4096,512,vec4,25,494553
sample,4096,512,vec4,26,496841
sample,4096,512,vec4,27,497840
sample,4096,512,vec4,28,584128
sample,4096,512,vec4,29,490453
measured,4096,512,fused2,262144,1048576,5,30,11,462601,476999,07e875993970433c,207dceeda1be3f5b,none,none
sample,4096,512,fused2,0,464258
sample,4096,512,fused2,1,462878
sample,4096,512,fused2,2,461305
sample,4096,512,fused2,3,465229
sample,4096,512,fused2,4,468221
sample,4096,512,fused2,5,453989
sample,4096,512,fused2,6,462720
sample,4096,512,fused2,7,463508
sample,4096,512,fused2,8,455277
sample,4096,512,fused2,9,459618
sample,4096,512,fused2,10,462971
sample,4096,512,fused2,11,462377
sample,4096,512,fused2,12,457647
sample,4096,512,fused2,13,470387
sample,4096,512,fused2,14,461620
sample,4096,512,fused2,15,462601
sample,4096,512,fused2,16,462916
sample,4096,512,fused2,17,456379
sample,4096,512,fused2,18,455906
sample,4096,512,fused2,19,476999
sample,4096,512,fused2,20,459685
sample,4096,512,fused2,21,459045
sample,4096,512,fused2,22,467489
sample,4096,512,fused2,23,476277
sample,4096,512,fused2,24,465054
sample,4096,512,fused2,25,463564
sample,4096,512,fused2,26,458905
sample,4096,512,fused2,27,462304
sample,4096,512,fused2,28,507785
sample,4096,512,fused2,29,455796
measured,4096,512,tile8,262144,1048576,5,30,10,444267,491333,07e875993970433c,207dceeda1be3f5b,none,none
sample,4096,512,tile8,0,442712
sample,4096,512,tile8,1,443943
sample,4096,512,tile8,2,444767
sample,4096,512,tile8,3,444267
sample,4096,512,tile8,4,456026
sample,4096,512,tile8,5,446481
sample,4096,512,tile8,6,487592
sample,4096,512,tile8,7,444498
sample,4096,512,tile8,8,445471
sample,4096,512,tile8,9,440879
sample,4096,512,tile8,10,444601
sample,4096,512,tile8,11,445230
sample,4096,512,tile8,12,444036
sample,4096,512,tile8,13,441045
sample,4096,512,tile8,14,447434
sample,4096,512,tile8,15,446406
sample,4096,512,tile8,16,491333
sample,4096,512,tile8,17,445627
sample,4096,512,tile8,18,441007
sample,4096,512,tile8,19,492637
sample,4096,512,tile8,20,440008
sample,4096,512,tile8,21,436397
sample,4096,512,tile8,22,436878
sample,4096,512,tile8,23,441749
sample,4096,512,tile8,24,447314
sample,4096,512,tile8,25,443832
sample,4096,512,tile8,26,443174
sample,4096,512,tile8,27,443369
sample,4096,512,tile8,28,440434
sample,4096,512,tile8,29,452462
measured,4096,2048,vec4,1048576,4194304,5,30,12,558906,742646,4143a88e49ed614b,e0842ad8f72c0c9f,none,none
sample,4096,2048,vec4,0,559036
sample,4096,2048,vec4,1,566526
sample,4096,2048,vec4,2,550601
sample,4096,2048,vec4,3,559091
sample,4096,2048,vec4,4,555470
sample,4096,2048,vec4,5,551962
sample,4096,2048,vec4,6,553822
sample,4096,2048,vec4,7,553536
sample,4096,2048,vec4,8,541025
sample,4096,2048,vec4,9,559285
sample,4096,2048,vec4,10,550739
sample,4096,2048,vec4,11,633803
sample,4096,2048,vec4,12,552850
sample,4096,2048,vec4,13,558906
sample,4096,2048,vec4,14,557554
sample,4096,2048,vec4,15,553879
sample,4096,2048,vec4,16,555091
sample,4096,2048,vec4,17,556942
sample,4096,2048,vec4,18,551064
sample,4096,2048,vec4,19,545581
sample,4096,2048,vec4,20,739581
sample,4096,2048,vec4,21,718683
sample,4096,2048,vec4,22,735285
sample,4096,2048,vec4,23,742646
sample,4096,2048,vec4,24,736294
sample,4096,2048,vec4,25,732674
sample,4096,2048,vec4,26,727952
sample,4096,2048,vec4,27,743849
sample,4096,2048,vec4,28,733582
sample,4096,2048,vec4,29,741989
measured,4096,2048,fused2,1048576,4194304,5,30,11,520915,703822,4143a88e49ed614b,e0842ad8f72c0c9f,none,none
sample,4096,2048,fused2,0,514583
sample,4096,2048,fused2,1,521766
sample,4096,2048,fused2,2,508434
sample,4096,2048,fused2,3,519980
sample,4096,2048,fused2,4,519119
sample,4096,2048,fused2,5,520129
sample,4096,2048,fused2,6,512276
sample,4096,2048,fused2,7,514989
sample,4096,2048,fused2,8,510286
sample,4096,2048,fused2,9,508591
sample,4096,2048,fused2,10,520915
sample,4096,2048,fused2,11,568341
sample,4096,2048,fused2,12,521350
sample,4096,2048,fused2,13,521749
sample,4096,2048,fused2,14,512720
sample,4096,2048,fused2,15,518137
sample,4096,2048,fused2,16,514924
sample,4096,2048,fused2,17,518767
sample,4096,2048,fused2,18,508406
sample,4096,2048,fused2,19,678850
sample,4096,2048,fused2,20,703822
sample,4096,2048,fused2,21,698915
sample,4096,2048,fused2,22,700581
sample,4096,2048,fused2,23,704128
sample,4096,2048,fused2,24,702118
sample,4096,2048,fused2,25,680498
sample,4096,2048,fused2,26,691905
sample,4096,2048,fused2,27,703035
sample,4096,2048,fused2,28,690460
sample,4096,2048,fused2,29,699989
measured,4096,2048,tile8,1048576,4194304,5,30,10,547925,731609,4143a88e49ed614b,e0842ad8f72c0c9f,none,none
sample,4096,2048,tile8,0,543870
sample,4096,2048,tile8,1,575628
sample,4096,2048,tile8,2,539434
sample,4096,2048,tile8,3,543776
sample,4096,2048,tile8,4,546192
sample,4096,2048,tile8,5,547925
sample,4096,2048,tile8,6,542424
sample,4096,2048,tile8,7,548240
sample,4096,2048,tile8,8,541128
sample,4096,2048,tile8,9,544609
sample,4096,2048,tile8,10,543008
sample,4096,2048,tile8,11,544684
sample,4096,2048,tile8,12,556185
sample,4096,2048,tile8,13,557444
sample,4096,2048,tile8,14,546693
sample,4096,2048,tile8,15,548980
sample,4096,2048,tile8,16,542350
sample,4096,2048,tile8,17,545609
sample,4096,2048,tile8,18,534572
sample,4096,2048,tile8,19,533590
sample,4096,2048,tile8,20,725841
sample,4096,2048,tile8,21,722590
sample,4096,2048,tile8,22,716813
sample,4096,2048,tile8,23,728702
sample,4096,2048,tile8,24,725989
sample,4096,2048,tile8,25,727118
sample,4096,2048,tile8,26,725665
sample,4096,2048,tile8,27,730424
sample,4096,2048,tile8,28,731609
sample,4096,2048,tile8,29,734637
measured,16384,128,vec4,262144,1048576,5,30,14,572201,753202,318e48fc80dadb1f,a09bc0e13ecf9bf8,none,none
sample,16384,128,vec4,0,740757
sample,16384,128,vec4,1,763897
sample,16384,128,vec4,2,572729
sample,16384,128,vec4,3,749387
sample,16384,128,vec4,4,752572
sample,16384,128,vec4,5,735433
sample,16384,128,vec4,6,744397
sample,16384,128,vec4,7,740405
sample,16384,128,vec4,8,753202
sample,16384,128,vec4,9,570544
sample,16384,128,vec4,10,567414
sample,16384,128,vec4,11,563313
sample,16384,128,vec4,12,573081
sample,16384,128,vec4,13,583961
sample,16384,128,vec4,14,573897
sample,16384,128,vec4,15,567285
sample,16384,128,vec4,16,570961
sample,16384,128,vec4,17,569553
sample,16384,128,vec4,18,572201
sample,16384,128,vec4,19,569332
sample,16384,128,vec4,20,560739
sample,16384,128,vec4,21,584331
sample,16384,128,vec4,22,569036
sample,16384,128,vec4,23,566312
sample,16384,128,vec4,24,568277
sample,16384,128,vec4,25,561572
sample,16384,128,vec4,26,571961
sample,16384,128,vec4,27,571488
sample,16384,128,vec4,28,574396
sample,16384,128,vec4,29,573757
measured,16384,128,fused2,262144,1048576,5,30,13,541749,735692,318e48fc80dadb1f,a09bc0e13ecf9bf8,none,none
sample,16384,128,fused2,0,735692
sample,16384,128,fused2,1,744544
sample,16384,128,fused2,2,734007
sample,16384,128,fused2,3,540507
sample,16384,128,fused2,4,727572
sample,16384,128,fused2,5,710396
sample,16384,128,fused2,6,719091
sample,16384,128,fused2,7,724822
sample,16384,128,fused2,8,726554
sample,16384,128,fused2,9,545101
sample,16384,128,fused2,10,549416
sample,16384,128,fused2,11,531081
sample,16384,128,fused2,12,530425
sample,16384,128,fused2,13,536453
sample,16384,128,fused2,14,530786
sample,16384,128,fused2,15,534222
sample,16384,128,fused2,16,545267
sample,16384,128,fused2,17,553017
sample,16384,128,fused2,18,539387
sample,16384,128,fused2,19,538869
sample,16384,128,fused2,20,529239
sample,16384,128,fused2,21,531388
sample,16384,128,fused2,22,580647
sample,16384,128,fused2,23,538665
sample,16384,128,fused2,24,544749
sample,16384,128,fused2,25,532101
sample,16384,128,fused2,26,546350
sample,16384,128,fused2,27,541749
sample,16384,128,fused2,28,539859
sample,16384,128,fused2,29,539025
measured,16384,128,tile8,262144,1048576,5,30,12,518591,705628,318e48fc80dadb1f,a09bc0e13ecf9bf8,none,none
sample,16384,128,tile8,0,705628
sample,16384,128,tile8,1,702294
sample,16384,128,tile8,2,518231
sample,16384,128,tile8,3,700313
sample,16384,128,tile8,4,701044
sample,16384,128,tile8,5,695053
sample,16384,128,tile8,6,695239
sample,16384,128,tile8,7,705923
sample,16384,128,tile8,8,702035
sample,16384,128,tile8,9,514878
sample,16384,128,tile8,10,515647
sample,16384,128,tile8,11,515638
sample,16384,128,tile8,12,511462
sample,16384,128,tile8,13,520609
sample,16384,128,tile8,14,510933
sample,16384,128,tile8,15,520333
sample,16384,128,tile8,16,514896
sample,16384,128,tile8,17,518435
sample,16384,128,tile8,18,519091
sample,16384,128,tile8,19,520526
sample,16384,128,tile8,20,519583
sample,16384,128,tile8,21,516081
sample,16384,128,tile8,22,518564
sample,16384,128,tile8,23,518545
sample,16384,128,tile8,24,506091
sample,16384,128,tile8,25,509888
sample,16384,128,tile8,26,518591
sample,16384,128,tile8,27,515999
sample,16384,128,tile8,28,520526
sample,16384,128,tile8,29,518666
measured,16384,512,vec4,1048576,4194304,5,30,14,638351,652664,08b87a1ca99fa7b8,cc66b7b8fae87df4,none,none
sample,16384,512,vec4,0,652767
sample,16384,512,vec4,1,638081
sample,16384,512,vec4,2,633535
sample,16384,512,vec4,3,648396
sample,16384,512,vec4,4,644748
sample,16384,512,vec4,5,639174
sample,16384,512,vec4,6,635480
sample,16384,512,vec4,7,646267
sample,16384,512,vec4,8,637768
sample,16384,512,vec4,9,640507
sample,16384,512,vec4,10,635035
sample,16384,512,vec4,11,635757
sample,16384,512,vec4,12,630193
sample,16384,512,vec4,13,645415
sample,16384,512,vec4,14,634600
sample,16384,512,vec4,15,637026
sample,16384,512,vec4,16,638878
sample,16384,512,vec4,17,631914
sample,16384,512,vec4,18,630989
sample,16384,512,vec4,19,641998
sample,16384,512,vec4,20,649452
sample,16384,512,vec4,21,631194
sample,16384,512,vec4,22,634470
sample,16384,512,vec4,23,641100
sample,16384,512,vec4,24,652664
sample,16384,512,vec4,25,638351
sample,16384,512,vec4,26,632276
sample,16384,512,vec4,27,650406
sample,16384,512,vec4,28,640128
sample,16384,512,vec4,29,647795
measured,16384,512,fused2,1048576,4194304,5,30,13,601674,612730,08b87a1ca99fa7b8,cc66b7b8fae87df4,none,none
sample,16384,512,fused2,0,601785
sample,16384,512,fused2,1,612730
sample,16384,512,fused2,2,599749
sample,16384,512,fused2,3,599340
sample,16384,512,fused2,4,603535
sample,16384,512,fused2,5,596461
sample,16384,512,fused2,6,607100
sample,16384,512,fused2,7,602388
sample,16384,512,fused2,8,595083
sample,16384,512,fused2,9,607599
sample,16384,512,fused2,10,608054
sample,16384,512,fused2,11,600609
sample,16384,512,fused2,12,598989
sample,16384,512,fused2,13,606369
sample,16384,512,fused2,14,602248
sample,16384,512,fused2,15,602527
sample,16384,512,fused2,16,601674
sample,16384,512,fused2,17,598220
sample,16384,512,fused2,18,603600
sample,16384,512,fused2,19,601368
sample,16384,512,fused2,20,597313
sample,16384,512,fused2,21,590785
sample,16384,512,fused2,22,600869
sample,16384,512,fused2,23,604340
sample,16384,512,fused2,24,599878
sample,16384,512,fused2,25,602925
sample,16384,512,fused2,26,596859
sample,16384,512,fused2,27,605295
sample,16384,512,fused2,28,598869
sample,16384,512,fused2,29,626590
measured,16384,512,tile8,1048576,4194304,5,30,12,628220,634081,08b87a1ca99fa7b8,cc66b7b8fae87df4,none,none
sample,16384,512,tile8,0,625942
sample,16384,512,tile8,1,629257
sample,16384,512,tile8,2,628813
sample,16384,512,tile8,3,622914
sample,16384,512,tile8,4,628563
sample,16384,512,tile8,5,629054
sample,16384,512,tile8,6,626118
sample,16384,512,tile8,7,634775
sample,16384,512,tile8,8,626629
sample,16384,512,tile8,9,634081
sample,16384,512,tile8,10,629766
sample,16384,512,tile8,11,623026
sample,16384,512,tile8,12,620693
sample,16384,512,tile8,13,630665
sample,16384,512,tile8,14,624664
sample,16384,512,tile8,15,625627
sample,16384,512,tile8,16,630156
sample,16384,512,tile8,17,620174
sample,16384,512,tile8,18,628462
sample,16384,512,tile8,19,631424
sample,16384,512,tile8,20,627239
sample,16384,512,tile8,21,617803
sample,16384,512,tile8,22,629053
sample,16384,512,tile8,23,625841
sample,16384,512,tile8,24,629165
sample,16384,512,tile8,25,629730
sample,16384,512,tile8,26,618498
sample,16384,512,tile8,27,618443
sample,16384,512,tile8,28,629351
sample,16384,512,tile8,29,628220
measured,16384,2048,vec4,4194304,16777216,5,30,14,833628,850543,6be3b72c15a212b9,3199380bd5011e6c,none,none
sample,16384,2048,vec4,0,834896
sample,16384,2048,vec4,1,831461
sample,16384,2048,vec4,2,850543
sample,16384,2048,vec4,3,836451
sample,16384,2048,vec4,4,829145
sample,16384,2048,vec4,5,832517
sample,16384,2048,vec4,6,841100
sample,16384,2048,vec4,7,833164
sample,16384,2048,vec4,8,837349
sample,16384,2048,vec4,9,837358
sample,16384,2048,vec4,10,833711
sample,16384,2048,vec4,11,838784
sample,16384,2048,vec4,12,900016
sample,16384,2048,vec4,13,841804
sample,16384,2048,vec4,14,840442
sample,16384,2048,vec4,15,829507
sample,16384,2048,vec4,16,832784
sample,16384,2048,vec4,17,829182
sample,16384,2048,vec4,18,833905
sample,16384,2048,vec4,19,830961
sample,16384,2048,vec4,20,825276
sample,16384,2048,vec4,21,828711
sample,16384,2048,vec4,22,836146
sample,16384,2048,vec4,23,830091
sample,16384,2048,vec4,24,832878
sample,16384,2048,vec4,25,829804
sample,16384,2048,vec4,26,829201
sample,16384,2048,vec4,27,833729
sample,16384,2048,vec4,28,834349
sample,16384,2048,vec4,29,833628
measured,16384,2048,fused2,4194304,16777216,5,30,13,794664,799137,6be3b72c15a212b9,3199380bd5011e6c,none,none
sample,16384,2048,fused2,0,797258
sample,16384,2048,fused2,1,794026
sample,16384,2048,fused2,2,795969
sample,16384,2048,fused2,3,794664
sample,16384,2048,fused2,4,791858
sample,16384,2048,fused2,5,798396
sample,16384,2048,fused2,6,792063
sample,16384,2048,fused2,7,795017
sample,16384,2048,fused2,8,796043
sample,16384,2048,fused2,9,799137
sample,16384,2048,fused2,10,793674
sample,16384,2048,fused2,11,796923
sample,16384,2048,fused2,12,797877
sample,16384,2048,fused2,13,794581
sample,16384,2048,fused2,14,795174
sample,16384,2048,fused2,15,793997
sample,16384,2048,fused2,16,790951
sample,16384,2048,fused2,17,795044
sample,16384,2048,fused2,18,795062
sample,16384,2048,fused2,19,786914
sample,16384,2048,fused2,20,782174
sample,16384,2048,fused2,21,786885
sample,16384,2048,fused2,22,795266
sample,16384,2048,fused2,23,806378
sample,16384,2048,fused2,24,793090
sample,16384,2048,fused2,25,794267
sample,16384,2048,fused2,26,788563
sample,16384,2048,fused2,27,798128
sample,16384,2048,fused2,28,793544
sample,16384,2048,fused2,29,798156
measured,16384,2048,tile8,4194304,16777216,5,30,12,996274,1007173,6be3b72c15a212b9,3199380bd5011e6c,none,none
sample,16384,2048,tile8,0,1001969
sample,16384,2048,tile8,1,997598
sample,16384,2048,tile8,2,996572
sample,16384,2048,tile8,3,997155
sample,16384,2048,tile8,4,994821
sample,16384,2048,tile8,5,999738
sample,16384,2048,tile8,6,997367
sample,16384,2048,tile8,7,997627
sample,16384,2048,tile8,8,999469
sample,16384,2048,tile8,9,993006
sample,16384,2048,tile8,10,998626
sample,16384,2048,tile8,11,1009627
sample,16384,2048,tile8,12,996274
sample,16384,2048,tile8,13,994691
sample,16384,2048,tile8,14,997348
sample,16384,2048,tile8,15,991312
sample,16384,2048,tile8,16,999284
sample,16384,2048,tile8,17,992210
sample,16384,2048,tile8,18,991321
sample,16384,2048,tile8,19,993951
sample,16384,2048,tile8,20,1007173
sample,16384,2048,tile8,21,991830
sample,16384,2048,tile8,22,993543
sample,16384,2048,tile8,23,993849
sample,16384,2048,tile8,24,1005349
sample,16384,2048,tile8,25,994285
sample,16384,2048,tile8,26,991646
sample,16384,2048,tile8,27,991887
sample,16384,2048,tile8,28,997848
sample,16384,2048,tile8,29,996266
measured,65536,128,vec4,1048576,4194304,5,30,16,905674,922552,9ec0db29a14c575b,4098921c6b362ecd,none,none
sample,65536,128,vec4,0,896238
sample,65536,128,vec4,1,907795
sample,65536,128,vec4,2,895654
sample,65536,128,vec4,3,914378
sample,65536,128,vec4,4,904369
sample,65536,128,vec4,5,903767
sample,65536,128,vec4,6,901210
sample,65536,128,vec4,7,914561
sample,65536,128,vec4,8,905674
sample,65536,128,vec4,9,897062
sample,65536,128,vec4,10,895859
sample,65536,128,vec4,11,887127
sample,65536,128,vec4,12,899507
sample,65536,128,vec4,13,951432
sample,65536,128,vec4,14,905674
sample,65536,128,vec4,15,902867
sample,65536,128,vec4,16,917904
sample,65536,128,vec4,17,909989
sample,65536,128,vec4,18,915127
sample,65536,128,vec4,19,893571
sample,65536,128,vec4,20,913609
sample,65536,128,vec4,21,912674
sample,65536,128,vec4,22,907340
sample,65536,128,vec4,23,910117
sample,65536,128,vec4,24,912785
sample,65536,128,vec4,25,882229
sample,65536,128,vec4,26,903026
sample,65536,128,vec4,27,908553
sample,65536,128,vec4,28,913071
sample,65536,128,vec4,29,922552
measured,65536,128,fused2,1048576,4194304,5,30,15,879211,926572,9ec0db29a14c575b,4098921c6b362ecd,none,none
sample,65536,128,fused2,0,888859
sample,65536,128,fused2,1,926572
sample,65536,128,fused2,2,867534
sample,65536,128,fused2,3,878488
sample,65536,128,fused2,4,893904
sample,65536,128,fused2,5,895914
sample,65536,128,fused2,6,875617
sample,65536,128,fused2,7,856432
sample,65536,128,fused2,8,858284
sample,65536,128,fused2,9,871729
sample,65536,128,fused2,10,887710
sample,65536,128,fused2,11,860534
sample,65536,128,fused2,12,880423
sample,65536,128,fused2,13,866376
sample,65536,128,fused2,14,884506
sample,65536,128,fused2,15,881386
sample,65536,128,fused2,16,879211
sample,65536,128,fused2,17,863525
sample,65536,128,fused2,18,887377
sample,65536,128,fused2,19,884321
sample,65536,128,fused2,20,876146
sample,65536,128,fused2,21,876348
sample,65536,128,fused2,22,868479
sample,65536,128,fused2,23,882775
sample,65536,128,fused2,24,917136
sample,65536,128,fused2,25,877072
sample,65536,128,fused2,26,919766
sample,65536,128,fused2,27,876831
sample,65536,128,fused2,28,935802
sample,65536,128,fused2,29,893080
measured,65536,128,tile8,1048576,4194304,5,30,14,889182,940155,9ec0db29a14c575b,4098921c6b362ecd,none,none
sample,65536,128,tile8,0,895877
sample,65536,128,tile8,1,895710
sample,65536,128,tile8,2,895183
sample,65536,128,tile8,3,887849
sample,65536,128,tile8,4,889164
sample,65536,128,tile8,5,938276
sample,65536,128,tile8,6,888257
sample,65536,128,tile8,7,940784
sample,65536,128,tile8,8,884470
sample,65536,128,tile8,9,889396
sample,65536,128,tile8,10,881146
sample,65536,128,tile8,11,877248
sample,65536,128,tile8,12,907941
sample,65536,128,tile8,13,876155
sample,65536,128,tile8,14,892312
sample,65536,128,tile8,15,890025
sample,65536,128,tile8,16,890869
sample,65536,128,tile8,17,878932
sample,65536,128,tile8,18,940155
sample,65536,128,tile8,19,880776
sample,65536,128,tile8,20,892183
sample,65536,128,tile8,21,884608
sample,65536,128,tile8,22,889182
sample,65536,128,tile8,23,871915
sample,65536,128,tile8,24,867979
sample,65536,128,tile8,25,891793
sample,65536,128,tile8,26,884571
sample,65536,128,tile8,27,885480
sample,65536,128,tile8,28,892118
sample,65536,128,tile8,29,929552
measured,65536,512,vec4,4194304,16777216,5,30,16,956517,991006,84d06402da633040,29115d73667dee45,none,none
sample,65536,512,vec4,0,951368
sample,65536,512,vec4,1,953933
sample,65536,512,vec4,2,957284
sample,65536,512,vec4,3,959155
sample,65536,512,vec4,4,960136
sample,65536,512,vec4,5,950507
sample,65536,512,vec4,6,987200
sample,65536,512,vec4,7,954581
sample,65536,512,vec4,8,961368
sample,65536,512,vec4,9,957006
sample,65536,512,vec4,10,962119
sample,65536,512,vec4,11,956517
sample,65536,512,vec4,12,949960
sample,65536,512,vec4,13,950580
sample,65536,512,vec4,14,952192
sample,65536,512,vec4,15,948663
sample,65536,512,vec4,16,966969
sample,65536,512,vec4,17,951868
sample,65536,512,vec4,18,969424
sample,65536,512,vec4,19,951692
sample,65536,512,vec4,20,957183
sample,65536,512,vec4,21,991006
sample,65536,512,vec4,22,947877
sample,65536,512,vec4,23,1034747
sample,65536,512,vec4,24,959729
sample,65536,512,vec4,25,962182
sample,65536,512,vec4,26,959525
sample,65536,512,vec4,27,901256
sample,65536,512,vec4,28,853729
sample,65536,512,vec4,29,908219
measured,65536,512,fused2,4194304,16777216,5,30,15,917154,958867,84d06402da633040,29115d73667dee45,none,none
sample,65536,512,fused2,0,912952
sample,65536,512,fused2,1,926970
sample,65536,512,fused2,2,914016
sample,65536,512,fused2,3,925016
sample,65536,512,fused2,4,915997
sample,65536,512,fused2,5,914321
sample,65536,512,fused2,6,918692
sample,65536,512,fused2,7,921700
sample,65536,512,fused2,8,912887
sample,65536,512,fused2,9,916932
sample,65536,512,fused2,10,927192
sample,65536,512,fused2,11,921228
sample,65536,512,fused2,12,914052
sample,65536,512,fused2,13,920895
sample,65536,512,fused2,14,920859
sample,65536,512,fused2,15,958867
sample,65536,512,fused2,16,919656
sample,65536,512,fused2,17,911589
sample,65536,512,fused2,18,950099
sample,65536,512,fused2,19,917154
sample,65536,512,fused2,20,915413
sample,65536,512,fused2,21,917256
sample,65536,512,fused2,22,914553
sample,65536,512,fused2,23,918812
sample,65536,512,fused2,24,913432
sample,65536,512,fused2,25,919691
sample,65536,512,fused2,26,914256
sample,65536,512,fused2,27,978969
sample,65536,512,fused2,28,820256
sample,65536,512,fused2,29,844506
measured,65536,512,tile8,4194304,16777216,5,30,14,1103136,1144412,84d06402da633040,29115d73667dee45,none,none
sample,65536,512,tile8,0,1101330
sample,65536,512,tile8,1,1111886
sample,65536,512,tile8,2,1156043
sample,65536,512,tile8,3,1100784
sample,65536,512,tile8,4,1112099
sample,65536,512,tile8,5,1106144
sample,65536,512,tile8,6,1096136
sample,65536,512,tile8,7,1105043
sample,65536,512,tile8,8,1106737
sample,65536,512,tile8,9,1132923
sample,65536,512,tile8,10,1098053
sample,65536,512,tile8,11,1099839
sample,65536,512,tile8,12,1144412
sample,65536,512,tile8,13,1107302
sample,65536,512,tile8,14,1126533
sample,65536,512,tile8,15,1093414
sample,65536,512,tile8,16,1104877
sample,65536,512,tile8,17,1102071
sample,65536,512,tile8,18,1097136
sample,65536,512,tile8,19,1106560
sample,65536,512,tile8,20,1102312
sample,65536,512,tile8,21,1125710
sample,65536,512,tile8,22,1098756
sample,65536,512,tile8,23,1103219
sample,65536,512,tile8,24,1103136
sample,65536,512,tile8,25,1109931
sample,65536,512,tile8,26,1099247
sample,65536,512,tile8,27,1077598
sample,65536,512,tile8,28,954072
sample,65536,512,tile8,29,956016
skipped_limit,65536,2048,vec4,16777216,67108864,NA,NA,NA,NA,NA,NA,NA,cohort_dispatch_limit,none
skipped_limit,65536,2048,fused2,16777216,67108864,NA,NA,NA,NA,NA,NA,NA,cohort_dispatch_limit,none
skipped_limit,65536,2048,tile8,16777216,67108864,NA,NA,NA,NA,NA,NA,NA,cohort_dispatch_limit,none
measured,262144,128,vec4,4194304,16777216,5,30,18,993581,1057080,603e59446e81431f,99960c282a7f4ca5,none,none
sample,262144,128,vec4,0,990118
sample,262144,128,vec4,1,983747
sample,262144,128,vec4,2,993581
sample,262144,128,vec4,3,982775
sample,262144,128,vec4,4,997349
sample,262144,128,vec4,5,988960
sample,262144,128,vec4,6,995413
sample,262144,128,vec4,7,986201
sample,262144,128,vec4,8,1014358
sample,262144,128,vec4,9,1000349
sample,262144,128,vec4,10,991896
sample,262144,128,vec4,11,1057080
sample,262144,128,vec4,12,998238
sample,262144,128,vec4,13,993266
sample,262144,128,vec4,14,992969
sample,262144,128,vec4,15,985553
sample,262144,128,vec4,16,2053457
sample,262144,128,vec4,17,996145
sample,262144,128,vec4,18,1002451
sample,262144,128,vec4,19,998302
sample,262144,128,vec4,20,1037405
sample,262144,128,vec4,21,994858
sample,262144,128,vec4,22,1021794
sample,262144,128,vec4,23,1012173
sample,262144,128,vec4,24,968117
sample,262144,128,vec4,25,897830
sample,262144,128,vec4,26,893100
sample,262144,128,vec4,27,914191
sample,262144,128,vec4,28,918061
sample,262144,128,vec4,29,1053562
measured,262144,128,fused2,4194304,16777216,5,30,17,982793,1105413,603e59446e81431f,99960c282a7f4ca5,none,none
sample,262144,128,fused2,0,982897
sample,262144,128,fused2,1,977099
sample,262144,128,fused2,2,988451
sample,262144,128,fused2,3,1021933
sample,262144,128,fused2,4,982793
sample,262144,128,fused2,5,990108
sample,262144,128,fused2,6,998756
sample,262144,128,fused2,7,975127
sample,262144,128,fused2,8,986080
sample,262144,128,fused2,9,972201
sample,262144,128,fused2,10,981951
sample,262144,128,fused2,11,985812
sample,262144,128,fused2,12,973340
sample,262144,128,fused2,13,978284
sample,262144,128,fused2,14,975229
sample,262144,128,fused2,15,1013210
sample,262144,128,fused2,16,1127303
sample,262144,128,fused2,17,994589
sample,262144,128,fused2,18,983867
sample,262144,128,fused2,19,998164
sample,262144,128,fused2,20,999201
sample,262144,128,fused2,21,969951
sample,262144,128,fused2,22,982784
sample,262144,128,fused2,23,1015442
sample,262144,128,fused2,24,899756
sample,262144,128,fused2,25,935747
sample,262144,128,fused2,26,935804
sample,262144,128,fused2,27,904840
sample,262144,128,fused2,28,900738
sample,262144,128,fused2,29,1105413
measured,262144,128,tile8,4194304,16777216,5,30,16,1090664,1115552,603e59446e81431f,99960c282a7f4ca5,none,none
sample,262144,128,tile8,0,1113367
sample,262144,128,tile8,1,1082422
sample,262144,128,tile8,2,1107238
sample,262144,128,tile8,3,1085405
sample,262144,128,tile8,4,1106801
sample,262144,128,tile8,5,1099414
sample,262144,128,tile8,6,1091182
sample,262144,128,tile8,7,1089497
sample,262144,128,tile8,8,1089839
sample,262144,128,tile8,9,1078386
sample,262144,128,tile8,10,1096442
sample,262144,128,tile8,11,1099738
sample,262144,128,tile8,12,1083755
sample,262144,128,tile8,13,1088062
sample,262144,128,tile8,14,1088293
sample,262144,128,tile8,15,1090664
sample,262144,128,tile8,16,1107581
sample,262144,128,tile8,17,1140126
sample,262144,128,tile8,18,1099487
sample,262144,128,tile8,19,1093432
sample,262144,128,tile8,20,1091265
sample,262144,128,tile8,21,1092516
sample,262144,128,tile8,22,1090896
sample,262144,128,tile8,23,1115552
sample,262144,128,tile8,24,1004617
sample,262144,128,tile8,25,1008571
sample,262144,128,tile8,26,999321
sample,262144,128,tile8,27,1002923
sample,262144,128,tile8,28,1004582
sample,262144,128,tile8,29,1015432
skipped_limit,262144,512,vec4,16777216,67108864,NA,NA,NA,NA,NA,NA,NA,cohort_dispatch_limit,none
skipped_limit,262144,512,fused2,16777216,67108864,NA,NA,NA,NA,NA,NA,NA,cohort_dispatch_limit,none
skipped_limit,262144,512,tile8,16777216,67108864,NA,NA,NA,NA,NA,NA,NA,cohort_dispatch_limit,none
skipped_limit,262144,2048,vec4,67108864,268435456,NA,NA,NA,NA,NA,NA,NA,cohort_dispatch_limit,none
skipped_limit,262144,2048,fused2,67108864,268435456,NA,NA,NA,NA,NA,NA,NA,cohort_dispatch_limit,none
skipped_limit,262144,2048,tile8,67108864,268435456,NA,NA,NA,NA,NA,NA,NA,cohort_dispatch_limit,none
skipped_limit,1048576,128,vec4,16777216,67108864,NA,NA,NA,NA,NA,NA,NA,cohort_dispatch_limit,none
skipped_limit,1048576,128,fused2,16777216,67108864,NA,NA,NA,NA,NA,NA,NA,cohort_dispatch_limit,none
skipped_limit,1048576,128,tile8,16777216,67108864,NA,NA,NA,NA,NA,NA,NA,cohort_dispatch_limit,none
skipped_limit,1048576,512,vec4,67108864,268435456,NA,NA,NA,NA,NA,NA,NA,cohort_dispatch_limit,none
skipped_limit,1048576,512,fused2,67108864,268435456,NA,NA,NA,NA,NA,NA,NA,cohort_dispatch_limit,none
skipped_limit,1048576,512,tile8,67108864,268435456,NA,NA,NA,NA,NA,NA,NA,cohort_dispatch_limit,none
skipped_limit,1048576,2048,vec4,268435456,1073741824,NA,NA,NA,NA,NA,NA,NA,cohort_dispatch_limit,none
skipped_limit,1048576,2048,fused2,268435456,1073741824,NA,NA,NA,NA,NA,NA,NA,cohort_dispatch_limit,none
skipped_limit,1048576,2048,tile8,268435456,1073741824,NA,NA,NA,NA,NA,NA,NA,cohort_dispatch_limit,none
qualification_status=complete
