benchmark=pvp3d_three_candidate_same_device
source_revision=50c0230cc645bd44f1520e2c7194878a4b13009c
adapter=NVIDIA Tegra NVIDIA Thor
backend=Vulkan
device_type=IntegratedGpu
vendor_id=4318
device_id=11008
driver=NVIDIA
driver_info=580.00
hardware_measurement_eligible=true
physical_admission=external_remoteops_evidence_required
performance_claim=none
primary_timing_scope=resident_encode_plus_queue_submit_plus_device_wait
state_reset_scope=completed_before_timer
correctness_readback_scope=before_and_after_timing
candidate_order=ABC_ACB_BAC_BCA_CAB_CBA
resident_payload_scope=source_plus_three_states_excludes_driver_uniforms_and_readback
status,k,g,candidate,state_bytes,resident_payload_bytes,warmups,repeats,logical_dispatches,p50_ns,p95_ns,input_checksum,output_checksum,skip_reason,performance_claim
measured,256,128,vec4,4096,16384,5,30,8,247943,321045,4c67926a9205d7b4,956299587c8af4b4,none,none
sample,256,128,vec4,0,250287
sample,256,128,vec4,1,246443
sample,256,128,vec4,2,247731
sample,256,128,vec4,3,254823
sample,256,128,vec4,4,251323
sample,256,128,vec4,5,244555
sample,256,128,vec4,6,248036
sample,256,128,vec4,7,244545
sample,256,128,vec4,8,245554
sample,256,128,vec4,9,246620
sample,256,128,vec4,10,246898
sample,256,128,vec4,11,244934
sample,256,128,vec4,12,244989
sample,256,128,vec4,13,249732
sample,256,128,vec4,14,252138
sample,256,128,vec4,15,251129
sample,256,128,vec4,16,245545
sample,256,128,vec4,17,247943
sample,256,128,vec4,18,248832
sample,256,128,vec4,19,246647
sample,256,128,vec4,20,248453
sample,256,128,vec4,21,349092
sample,256,128,vec4,22,321045
sample,256,128,vec4,23,246916
sample,256,128,vec4,24,245898
sample,256,128,vec4,25,247647
sample,256,128,vec4,26,269425
sample,256,128,vec4,27,250630
sample,256,128,vec4,28,251555
sample,256,128,vec4,29,251369
measured,256,128,fused2,4096,16384,5,30,7,226490,231972,4c67926a9205d7b4,956299587c8af4b4,none,none
sample,256,128,fused2,0,230769
sample,256,128,fused2,1,226036
sample,256,128,fused2,2,223851
sample,256,128,fused2,3,227658
sample,256,128,fused2,4,227869
sample,256,128,fused2,5,222963
sample,256,128,fused2,6,224017
sample,256,128,fused2,7,224037
sample,256,128,fused2,8,226129
sample,256,128,fused2,9,224425
sample,256,128,fused2,10,225176
sample,256,128,fused2,11,229268
sample,256,128,fused2,12,224777
sample,256,128,fused2,13,224869
sample,256,128,fused2,14,224221
sample,256,128,fused2,15,223722
sample,256,128,fused2,16,226869
sample,256,128,fused2,17,226490
sample,256,128,fused2,18,227573
sample,256,128,fused2,19,229213
sample,256,128,fused2,20,225370
sample,256,128,fused2,21,224953
sample,256,128,fused2,22,228620
sample,256,128,fused2,23,229018
sample,256,128,fused2,24,229157
sample,256,128,fused2,25,229702
sample,256,128,fused2,26,418916
sample,256,128,fused2,27,231972
sample,256,128,fused2,28,229129
sample,256,128,fused2,29,230832
measured,256,128,tile8,4096,16384,5,30,6,204287,222795,4c67926a9205d7b4,956299587c8af4b4,none,none
sample,256,128,tile8,0,203361
sample,256,128,tile8,1,206647
sample,256,128,tile8,2,201223
sample,256,128,tile8,3,214888
sample,256,128,tile8,4,206758
sample,256,128,tile8,5,203343
sample,256,128,tile8,6,201221
sample,256,128,tile8,7,204267
sample,256,128,tile8,8,205434
sample,256,128,tile8,9,201907
sample,256,128,tile8,10,204018
sample,256,128,tile8,11,202045
sample,256,128,tile8,12,211759
sample,256,128,tile8,13,237879
sample,256,128,tile8,14,203110
sample,256,128,tile8,15,205602
sample,256,128,tile8,16,203786
sample,256,128,tile8,17,222435
sample,256,128,tile8,18,202684
sample,256,128,tile8,19,204989
sample,256,128,tile8,20,205934
sample,256,128,tile8,21,202452
sample,256,128,tile8,22,222795
sample,256,128,tile8,23,213110
sample,256,128,tile8,24,204287
sample,256,128,tile8,25,203471
sample,256,128,tile8,26,214324
sample,256,128,tile8,27,203980
sample,256,128,tile8,28,208417
sample,256,128,tile8,29,204490
measured,256,512,vec4,16384,65536,5,30,8,257703,289139,38bbe1f688e24d78,1c8bb372f8f1302e,none,none
sample,256,512,vec4,0,249898
sample,256,512,vec4,1,250693
sample,256,512,vec4,2,254156
sample,256,512,vec4,3,250861
sample,256,512,vec4,4,251166
sample,256,512,vec4,5,252518
sample,256,512,vec4,6,251194
sample,256,512,vec4,7,261675
sample,256,512,vec4,8,262915
sample,256,512,vec4,9,251990
sample,256,512,vec4,10,253313
sample,256,512,vec4,11,253480
sample,256,512,vec4,12,253017
sample,256,512,vec4,13,255147
sample,256,512,vec4,14,256102
sample,256,512,vec4,15,264101
sample,256,512,vec4,16,257703
sample,256,512,vec4,17,259731
sample,256,512,vec4,18,258287
sample,256,512,vec4,19,256786
sample,256,512,vec4,20,318240
sample,256,512,vec4,21,261073
sample,256,512,vec4,22,258759
sample,256,512,vec4,23,259175
sample,256,512,vec4,24,260249
sample,256,512,vec4,25,259147
sample,256,512,vec4,26,260480
sample,256,512,vec4,27,261953
sample,256,512,vec4,28,289139
sample,256,512,vec4,29,269741
measured,256,512,fused2,16384,65536,5,30,7,234296,310832,38bbe1f688e24d78,1c8bb372f8f1302e,none,none
sample,256,512,fused2,0,232186
sample,256,512,fused2,1,226601
sample,256,512,fused2,2,227184
sample,256,512,fused2,3,228139
sample,256,512,fused2,4,229527
sample,256,512,fused2,5,228185
sample,256,512,fused2,6,231888
sample,256,512,fused2,7,285277
sample,256,512,fused2,8,231592
sample,256,512,fused2,9,234898
sample,256,512,fused2,10,231286
sample,256,512,fused2,11,231297
sample,256,512,fused2,12,231091
sample,256,512,fused2,13,232583
sample,256,512,fused2,14,231286
sample,256,512,fused2,15,230685
sample,256,512,fused2,16,495702
sample,256,512,fused2,17,235815
sample,256,512,fused2,18,234296
sample,256,512,fused2,19,310832
sample,256,512,fused2,20,256157
sample,256,512,fused2,21,236148
sample,256,512,fused2,22,236547
sample,256,512,fused2,23,234323
sample,256,512,fused2,24,235693
sample,256,512,fused2,25,238296
sample,256,512,fused2,26,236398
sample,256,512,fused2,27,236416
sample,256,512,fused2,28,258398
sample,256,512,fused2,29,237278
measured,256,512,tile8,16384,65536,5,30,6,211962,228370,38bbe1f688e24d78,1c8bb372f8f1302e,none,none
sample,256,512,tile8,0,205398
sample,256,512,tile8,1,206656
sample,256,512,tile8,2,210490
sample,256,512,tile8,3,205741
sample,256,512,tile8,4,206083
sample,256,512,tile8,5,204370
sample,256,512,tile8,6,218832
sample,256,512,tile8,7,216026
sample,256,512,tile8,8,211500
sample,256,512,tile8,9,209639
sample,256,512,tile8,10,208888
sample,256,512,tile8,11,209667
sample,256,512,tile8,12,209999
sample,256,512,tile8,13,211258
sample,256,512,tile8,14,210454
sample,256,512,tile8,15,212804
sample,256,512,tile8,16,212129
sample,256,512,tile8,17,228370
sample,256,512,tile8,18,211962
sample,256,512,tile8,19,212916
sample,256,512,tile8,20,213073
sample,256,512,tile8,21,211156
sample,256,512,tile8,22,213833
sample,256,512,tile8,23,212630
sample,256,512,tile8,24,214018
sample,256,512,tile8,25,213454
sample,256,512,tile8,26,214120
sample,256,512,tile8,27,214730
sample,256,512,tile8,28,215445
sample,256,512,tile8,29,264037
measured,256,2048,vec4,65536,262144,5,30,8,282972,314731,c9e538e9f9dccedd,259153fc2c7bc4e7,none,none
sample,256,2048,vec4,0,263388
sample,256,2048,vec4,1,266722
sample,256,2048,vec4,2,265619
sample,256,2048,vec4,3,264871
sample,256,2048,vec4,4,433368
sample,256,2048,vec4,5,282972
sample,256,2048,vec4,6,275110
sample,256,2048,vec4,7,277258
sample,256,2048,vec4,8,279526
sample,256,2048,vec4,9,277795
sample,256,2048,vec4,10,276528
sample,256,2048,vec4,11,279286
sample,256,2048,vec4,12,278814
sample,256,2048,vec4,13,280702
sample,256,2048,vec4,14,280704
sample,256,2048,vec4,15,281527
sample,256,2048,vec4,16,314731
sample,256,2048,vec4,17,284082
sample,256,2048,vec4,18,283175
sample,256,2048,vec4,19,290332
sample,256,2048,vec4,20,287461
sample,256,2048,vec4,21,288647
sample,256,2048,vec4,22,286591
sample,256,2048,vec4,23,293814
sample,256,2048,vec4,24,292397
sample,256,2048,vec4,25,313740
sample,256,2048,vec4,26,293147
sample,256,2048,vec4,27,292628
sample,256,2048,vec4,28,299805
sample,256,2048,vec4,29,298129
measured,256,2048,fused2,65536,262144,5,30,7,253685,276731,c9e538e9f9dccedd,259153fc2c7bc4e7,none,none
sample,256,2048,fused2,0,239110
sample,256,2048,fused2,1,242444
sample,256,2048,fused2,2,239916
sample,256,2048,fused2,3,241239
sample,256,2048,fused2,4,270481
sample,256,2048,fused2,5,249138
sample,256,2048,fused2,6,247676
sample,256,2048,fused2,7,250073
sample,256,2048,fused2,8,248786
sample,256,2048,fused2,9,249786
sample,256,2048,fused2,10,250417
sample,256,2048,fused2,11,246564
sample,256,2048,fused2,12,249832
sample,256,2048,fused2,13,251758
sample,256,2048,fused2,14,248769
sample,256,2048,fused2,15,253685
sample,256,2048,fused2,16,263759
sample,256,2048,fused2,17,294601
sample,256,2048,fused2,18,260943
sample,256,2048,fused2,19,260555
sample,256,2048,fused2,20,256343
sample,256,2048,fused2,21,258323
sample,256,2048,fused2,22,258323
sample,256,2048,fused2,23,256953
sample,256,2048,fused2,24,261407
sample,256,2048,fused2,25,263517
sample,256,2048,fused2,26,269499
sample,256,2048,fused2,27,260397
sample,256,2048,fused2,28,276731
sample,256,2048,fused2,29,266602
measured,256,2048,tile8,65536,262144,5,30,6,235740,312147,c9e538e9f9dccedd,259153fc2c7bc4e7,none,none
sample,256,2048,tile8,0,223703
sample,256,2048,tile8,1,224435
sample,256,2048,tile8,2,222694
sample,256,2048,tile8,3,223314
sample,256,2048,tile8,4,515360
sample,256,2048,tile8,5,241832
sample,256,2048,tile8,6,227695
sample,256,2048,tile8,7,234221
sample,256,2048,tile8,8,229600
sample,256,2048,tile8,9,225795
sample,256,2048,tile8,10,229759
sample,256,2048,tile8,11,227370
sample,256,2048,tile8,12,234193
sample,256,2048,tile8,13,230203
sample,256,2048,tile8,14,230814
sample,256,2048,tile8,15,229323
sample,256,2048,tile8,16,235740
sample,256,2048,tile8,17,258600
sample,256,2048,tile8,18,239619
sample,256,2048,tile8,19,236148
sample,256,2048,tile8,20,237026
sample,256,2048,tile8,21,236462
sample,256,2048,tile8,22,237444
sample,256,2048,tile8,23,236666
sample,256,2048,tile8,24,312147
sample,256,2048,tile8,25,295638
sample,256,2048,tile8,26,239675
sample,256,2048,tile8,27,238611
sample,256,2048,tile8,28,242953
sample,256,2048,tile8,29,244712
measured,1024,128,vec4,16384,65536,5,30,10,389804,409739,26abf5bddd03bbc5,79acd556594188cd,none,none
sample,1024,128,vec4,0,372666
sample,1024,128,vec4,1,373249
sample,1024,128,vec4,2,368647
sample,1024,128,vec4,3,381397
sample,1024,128,vec4,4,376471
sample,1024,128,vec4,5,376518
sample,1024,128,vec4,6,376471
sample,1024,128,vec4,7,374351
sample,1024,128,vec4,8,374731
sample,1024,128,vec4,9,386397
sample,1024,128,vec4,10,388295
sample,1024,128,vec4,11,387536
sample,1024,128,vec4,12,386342
sample,1024,128,vec4,13,392638
sample,1024,128,vec4,14,389804
sample,1024,128,vec4,15,391805
sample,1024,128,vec4,16,388971
sample,1024,128,vec4,17,396916
sample,1024,128,vec4,18,397036
sample,1024,128,vec4,19,399462
sample,1024,128,vec4,20,396360
sample,1024,128,vec4,21,394999
sample,1024,128,vec4,22,395046
sample,1024,128,vec4,23,397499
sample,1024,128,vec4,24,399786
sample,1024,128,vec4,25,441138
sample,1024,128,vec4,26,408601
sample,1024,128,vec4,27,409739
sample,1024,128,vec4,28,405749
sample,1024,128,vec4,29,407045
measured,1024,128,fused2,16384,65536,5,30,9,362629,374722,26abf5bddd03bbc5,79acd556594188cd,none,none
sample,1024,128,fused2,0,338777
sample,1024,128,fused2,1,340027
sample,1024,128,fused2,2,347638
sample,1024,128,fused2,3,342702
sample,1024,128,fused2,4,350823
sample,1024,128,fused2,5,351564
sample,1024,128,fused2,6,346277
sample,1024,128,fused2,7,346739
sample,1024,128,fused2,8,342157
sample,1024,128,fused2,9,354027
sample,1024,128,fused2,10,357749
sample,1024,128,fused2,11,354110
sample,1024,128,fused2,12,364509
sample,1024,128,fused2,13,355730
sample,1024,128,fused2,14,357378
sample,1024,128,fused2,15,368675
sample,1024,128,fused2,16,371499
sample,1024,128,fused2,17,366879
sample,1024,128,fused2,18,365582
sample,1024,128,fused2,19,365406
sample,1024,128,fused2,20,364712
sample,1024,128,fused2,21,366351
sample,1024,128,fused2,22,365083
sample,1024,128,fused2,23,362629
sample,1024,128,fused2,24,431349
sample,1024,128,fused2,25,373018
sample,1024,128,fused2,26,373619
sample,1024,128,fused2,27,373980
sample,1024,128,fused2,28,374722
sample,1024,128,fused2,29,372518
measured,1024,128,tile8,16384,65536,5,30,8,329036,352545,26abf5bddd03bbc5,79acd556594188cd,none,none
sample,1024,128,tile8,0,308055
sample,1024,128,tile8,1,306990
sample,1024,128,tile8,2,309536
sample,1024,128,tile8,3,312925
sample,1024,128,tile8,4,312981
sample,1024,128,tile8,5,311693
sample,1024,128,tile8,6,312731
sample,1024,128,tile8,7,313481
sample,1024,128,tile8,8,363822
sample,1024,128,tile8,9,350286
sample,1024,128,tile8,10,319850
sample,1024,128,tile8,11,320295
sample,1024,128,tile8,12,352545
sample,1024,128,tile8,13,324444
sample,1024,128,tile8,14,322999
sample,1024,128,tile8,15,322212
sample,1024,128,tile8,16,326888
sample,1024,128,tile8,17,331888
sample,1024,128,tile8,18,333508
sample,1024,128,tile8,19,333462
sample,1024,128,tile8,20,330555
sample,1024,128,tile8,21,330546
sample,1024,128,tile8,22,330193
sample,1024,128,tile8,23,329036
sample,1024,128,tile8,24,334323
sample,1024,128,tile8,25,347378
sample,1024,128,tile8,26,340610
sample,1024,128,tile8,27,347758
sample,1024,128,tile8,28,341304
sample,1024,128,tile8,29,337638
measured,1024,512,vec4,65536,262144,5,30,10,417036,455101,0949b62ffc70d026,7663f0c9d3466943,none,none
sample,1024,512,vec4,0,419425
sample,1024,512,vec4,1,419452
sample,1024,512,vec4,2,455101
sample,1024,512,vec4,3,415452
sample,1024,512,vec4,4,415203
sample,1024,512,vec4,5,420611
sample,1024,512,vec4,6,416286
sample,1024,512,vec4,7,416480
sample,1024,512,vec4,8,467323
sample,1024,512,vec4,9,418720
sample,1024,512,vec4,10,414962
sample,1024,512,vec4,11,417248
sample,1024,512,vec4,12,414962
sample,1024,512,vec4,13,413416
sample,1024,512,vec4,14,417175
sample,1024,512,vec4,15,426868
sample,1024,512,vec4,16,416388
sample,1024,512,vec4,17,454544
sample,1024,512,vec4,18,424814
sample,1024,512,vec4,19,421286
sample,1024,512,vec4,20,414674
sample,1024,512,vec4,21,415194
sample,1024,512,vec4,22,414720
sample,1024,512,vec4,23,417184
sample,1024,512,vec4,24,415378
sample,1024,512,vec4,25,417609
sample,1024,512,vec4,26,419657
sample,1024,512,vec4,27,417036
sample,1024,512,vec4,28,416989
sample,1024,512,vec4,29,416231
measured,1024,512,fused2,65536,262144,5,30,9,381666,409111,0949b62ffc70d026,7663f0c9d3466943,none,none
sample,1024,512,fused2,0,379249
sample,1024,512,fused2,1,383175
sample,1024,512,fused2,2,378267
sample,1024,512,fused2,3,441027
sample,1024,512,fused2,4,386611
sample,1024,512,fused2,5,396360
sample,1024,512,fused2,6,382860
sample,1024,512,fused2,7,381804
sample,1024,512,fused2,8,378341
sample,1024,512,fused2,9,381629
sample,1024,512,fused2,10,383999
sample,1024,512,fused2,11,379842
sample,1024,512,fused2,12,379545
sample,1024,512,fused2,13,383416
sample,1024,512,fused2,14,385897
sample,1024,512,fused2,15,380573
sample,1024,512,fused2,16,384906
sample,1024,512,fused2,17,394907
sample,1024,512,fused2,18,381666
sample,1024,512,fused2,19,380675
sample,1024,512,fused2,20,388888
sample,1024,512,fused2,21,378730
sample,1024,512,fused2,22,380935
sample,1024,512,fused2,23,409111
sample,1024,512,fused2,24,378111
sample,1024,512,fused2,25,391416
sample,1024,512,fused2,26,380424
sample,1024,512,fused2,27,384472
sample,1024,512,fused2,28,380620
sample,1024,512,fused2,29,381110
measured,1024,512,tile8,65536,262144,5,30,8,350277,401249,0949b62ffc70d026,7663f0c9d3466943,none,none
sample,1024,512,tile8,0,349296
sample,1024,512,tile8,1,349990
sample,1024,512,tile8,2,366046
sample,1024,512,tile8,3,349008
sample,1024,512,tile8,4,350277
sample,1024,512,tile8,5,349990
sample,1024,512,tile8,6,349554
sample,1024,512,tile8,7,345554
sample,1024,512,tile8,8,372342
sample,1024,512,tile8,9,349980
sample,1024,512,tile8,10,349295
sample,1024,512,tile8,11,352554
sample,1024,512,tile8,12,350841
sample,1024,512,tile8,13,348740
sample,1024,512,tile8,14,351629
sample,1024,512,tile8,15,409055
sample,1024,512,tile8,16,351453
sample,1024,512,tile8,17,388119
sample,1024,512,tile8,18,351850
sample,1024,512,tile8,19,350610
sample,1024,512,tile8,20,348398
sample,1024,512,tile8,21,349220
sample,1024,512,tile8,22,348870
sample,1024,512,tile8,23,401249
sample,1024,512,tile8,24,351342
sample,1024,512,tile8,25,355064
sample,1024,512,tile8,26,357813
sample,1024,512,tile8,27,349851
sample,1024,512,tile8,28,348323
sample,1024,512,tile8,29,352147
measured,1024,2048,vec4,262144,1048576,5,30,10,423915,451878,2d4a1c573b9665e7,d32c613321b43c7f,none,none
sample,1024,2048,vec4,0,432674
sample,1024,2048,vec4,1,427805
sample,1024,2048,vec4,2,422554
sample,1024,2048,vec4,3,425935
sample,1024,2048,vec4,4,423693
sample,1024,2048,vec4,5,422350
sample,1024,2048,vec4,6,422971
sample,1024,2048,vec4,7,426943
sample,1024,2048,vec4,8,428212
sample,1024,2048,vec4,9,419795
sample,1024,2048,vec4,10,430147
sample,1024,2048,vec4,11,423915
sample,1024,2048,vec4,12,425499
sample,1024,2048,vec4,13,458535
sample,1024,2048,vec4,14,425842
sample,1024,2048,vec4,15,432980
sample,1024,2048,vec4,16,426674
sample,1024,2048,vec4,17,421731
sample,1024,2048,vec4,18,420203
sample,1024,2048,vec4,19,451878
sample,1024,2048,vec4,20,425166
sample,1024,2048,vec4,21,422545
sample,1024,2048,vec4,22,416314
sample,1024,2048,vec4,23,432137
sample,1024,2048,vec4,24,417546
sample,1024,2048,vec4,25,421777
sample,1024,2048,vec4,26,443850
sample,1024,2048,vec4,27,422888
sample,1024,2048,vec4,28,420295
sample,1024,2048,vec4,29,423230
measured,1024,2048,fused2,262144,1048576,5,30,9,389332,435758,2d4a1c573b9665e7,d32c613321b43c7f,none,none
sample,1024,2048,fused2,0,387712
sample,1024,2048,fused2,1,389943
sample,1024,2048,fused2,2,388267
sample,1024,2048,fused2,3,384731
sample,1024,2048,fused2,4,398637
sample,1024,2048,fused2,5,385739
sample,1024,2048,fused2,6,394591
sample,1024,2048,fused2,7,452629
sample,1024,2048,fused2,8,393249
sample,1024,2048,fused2,9,388212
sample,1024,2048,fused2,10,388183
sample,1024,2048,fused2,11,386869
sample,1024,2048,fused2,12,390194
sample,1024,2048,fused2,13,418480
sample,1024,2048,fused2,14,395555
sample,1024,2048,fused2,15,381795
sample,1024,2048,fused2,16,390833
sample,1024,2048,fused2,17,385786
sample,1024,2048,fused2,18,393157
sample,1024,2048,fused2,19,422184
sample,1024,2048,fused2,20,392795
sample,1024,2048,fused2,21,402730
sample,1024,2048,fused2,22,389508
sample,1024,2048,fused2,23,383555
sample,1024,2048,fused2,24,383684
sample,1024,2048,fused2,25,389332
sample,1024,2048,fused2,26,384166
sample,1024,2048,fused2,27,435758
sample,1024,2048,fused2,28,383851
sample,1024,2048,fused2,29,382008
measured,1024,2048,tile8,262144,1048576,5,30,8,370359,412805,2d4a1c573b9665e7,d32c613321b43c7f,none,none
sample,1024,2048,tile8,0,372905
sample,1024,2048,tile8,1,370286
sample,1024,2048,tile8,2,367147
sample,1024,2048,tile8,3,367971
sample,1024,2048,tile8,4,367683
sample,1024,2048,tile8,5,370888
sample,1024,2048,tile8,6,371721
sample,1024,2048,tile8,7,378165
sample,1024,2048,tile8,8,381953
sample,1024,2048,tile8,9,370638
sample,1024,2048,tile8,10,369036
sample,1024,2048,tile8,11,368379
sample,1024,2048,tile8,12,371897
sample,1024,2048,tile8,13,381027
sample,1024,2048,tile8,14,368443
sample,1024,2048,tile8,15,367415
sample,1024,2048,tile8,16,371768
sample,1024,2048,tile8,17,371183
sample,1024,2048,tile8,18,382369
sample,1024,2048,tile8,19,467129
sample,1024,2048,tile8,20,370359
sample,1024,2048,tile8,21,412805
sample,1024,2048,tile8,22,366832
sample,1024,2048,tile8,23,370887
sample,1024,2048,tile8,24,366896
sample,1024,2048,tile8,25,367388
sample,1024,2048,tile8,26,384740
sample,1024,2048,tile8,27,369721
sample,1024,2048,tile8,28,367230
sample,1024,2048,tile8,29,370359
measured,4096,128,vec4,65536,262144,5,30,12,483157,517766,d878e557b6daedce,8cc85ceb09c8efed,none,none
sample,4096,128,vec4,0,482934
sample,4096,128,vec4,1,490776
sample,4096,128,vec4,2,498285
sample,4096,128,vec4,3,488009
sample,4096,128,vec4,4,486202
sample,4096,128,vec4,5,482730
sample,4096,128,vec4,6,480740
sample,4096,128,vec4,7,481368
sample,4096,128,vec4,8,484822
sample,4096,128,vec4,9,528266
sample,4096,128,vec4,10,483157
sample,4096,128,vec4,11,495915
sample,4096,128,vec4,12,484711
sample,4096,128,vec4,13,482101
sample,4096,128,vec4,14,496008
sample,4096,128,vec4,15,486488
sample,4096,128,vec4,16,481600
sample,4096,128,vec4,17,492451
sample,4096,128,vec4,18,479185
sample,4096,128,vec4,19,486535
sample,4096,128,vec4,20,481166
sample,4096,128,vec4,21,482472
sample,4096,128,vec4,22,481499
sample,4096,128,vec4,23,482110
sample,4096,128,vec4,24,482193
sample,4096,128,vec4,25,517766
sample,4096,128,vec4,26,482008
sample,4096,128,vec4,27,486360
sample,4096,128,vec4,28,481536
sample,4096,128,vec4,29,498027
measured,4096,128,fused2,65536,262144,5,30,11,450147,496351,d878e557b6daedce,8cc85ceb09c8efed,none,none
sample,4096,128,fused2,0,449498
sample,4096,128,fused2,1,463878
sample,4096,128,fused2,2,499026
sample,4096,128,fused2,3,448675
sample,4096,128,fused2,4,453498
sample,4096,128,fused2,5,449924
sample,4096,128,fused2,6,450600
sample,4096,128,fused2,7,453664
sample,4096,128,fused2,8,449110
sample,4096,128,fused2,9,449961
sample,4096,128,fused2,10,451647
sample,4096,128,fused2,11,450147
sample,4096,128,fused2,12,448397
sample,4096,128,fused2,13,447795
sample,4096,128,fused2,14,451285
sample,4096,128,fused2,15,452509
sample,4096,128,fused2,16,456443
sample,4096,128,fused2,17,496351
sample,4096,128,fused2,18,448777
sample,4096,128,fused2,19,448137
sample,4096,128,fused2,20,447749
sample,4096,128,fused2,21,450610
sample,4096,128,fused2,22,451081
sample,4096,128,fused2,23,447729
sample,4096,128,fused2,24,467341
sample,4096,128,fused2,25,446433
sample,4096,128,fused2,26,447888
sample,4096,128,fused2,27,463897
sample,4096,128,fused2,28,450572
sample,4096,128,fused2,29,445767
measured,4096,128,tile8,65536,262144,5,30,10,421323,439934,d878e557b6daedce,8cc85ceb09c8efed,none,none
sample,4096,128,tile8,0,420128
sample,4096,128,tile8,1,426943
sample,4096,128,tile8,2,419230
sample,4096,128,tile8,3,422527
sample,4096,128,tile8,4,431507
sample,4096,128,tile8,5,419194
sample,4096,128,tile8,6,419083
sample,4096,128,tile8,7,419120
sample,4096,128,tile8,8,422971
sample,4096,128,tile8,9,439934
sample,4096,128,tile8,10,428656
sample,4096,128,tile8,11,420990
sample,4096,128,tile8,12,418785
sample,4096,128,tile8,13,418082
sample,4096,128,tile8,14,421323
sample,4096,128,tile8,15,421341
sample,4096,128,tile8,16,422425
sample,4096,128,tile8,17,440294
sample,4096,128,tile8,18,418730
sample,4096,128,tile8,19,430702
sample,4096,128,tile8,20,418360
sample,4096,128,tile8,21,418980
sample,4096,128,tile8,22,429369
sample,4096,128,tile8,23,420110
sample,4096,128,tile8,24,433499
sample,4096,128,tile8,25,428221
sample,4096,128,tile8,26,433702
sample,4096,128,tile8,27,422572
sample,4096,128,tile8,28,418165
sample,4096,128,tile8,29,417267
measured,4096,512,vec4,262144,1048576,5,30,12,496416,557146,07e875993970433c,207dceeda1be3f5b,none,none
sample,4096,512,vec4,0,498146
sample,4096,512,vec4,1,497851
sample,4096,512,vec4,2,614183
sample,4096,512,vec4,3,492934
sample,4096,512,vec4,4,500230
sample,4096,512,vec4,5,493147
sample,4096,512,vec4,6,494110
sample,4096,512,vec4,7,494276
sample,4096,512,vec4,8,496813
sample,4096,512,vec4,9,496832
sample,4096,512,vec4,10,494535
sample,4096,512,vec4,11,505786
sample,4096,512,vec4,12,499776
sample,4096,512,vec4,13,552683
sample,4096,512,vec4,14,496416
sample,4096,512,vec4,15,500026
sample,4096,512,vec4,16,507304
sample,4096,512,vec4,17,495999
sample,4096,512,vec4,18,491777
sample,4096,512,vec4,19,541674
sample,4096,512,vec4,20,490915
sample,4096,512,vec4,21,493702
sample,4096,512,vec4,22,494277
sample,4096,512,vec4,23,511628
sample,4096,512,vec4,24,557146
sample,4096,512,vec4,25,488971
sample,4096,512,vec4,26,493850
sample,4096,512,vec4,27,493368
sample,4096,512,vec4,28,496860
sample,4096,512,vec4,29,493804
measured,4096,512,fused2,262144,1048576,5,30,11,459831,471342,07e875993970433c,207dceeda1be3f5b,none,none
sample,4096,512,fused2,0,460434
sample,4096,512,fused2,1,470674
sample,4096,512,fused2,2,459943
sample,4096,512,fused2,3,458194
sample,4096,512,fused2,4,459831
sample,4096,512,fused2,5,456748
sample,4096,512,fused2,6,470952
sample,4096,512,fused2,7,462146
sample,4096,512,fused2,8,459398
sample,4096,512,fused2,9,471342
sample,4096,512,fused2,10,463100
sample,4096,512,fused2,11,487360
sample,4096,512,fused2,12,465331
sample,4096,512,fused2,13,457119
sample,4096,512,fused2,14,462582
sample,4096,512,fused2,15,464461
sample,4096,512,fused2,16,463711
sample,4096,512,fused2,17,462683
sample,4096,512,fused2,18,456286
sample,4096,512,fused2,19,459128
sample,4096,512,fused2,20,454405
sample,4096,512,fused2,21,457563
sample,4096,512,fused2,22,459165
sample,4096,512,fused2,23,457833
sample,4096,512,fused2,24,466971
sample,4096,512,fused2,25,459313
sample,4096,512,fused2,26,464777
sample,4096,512,fused2,27,457544
sample,4096,512,fused2,28,459563
sample,4096,512,fused2,29,453304
measured,4096,512,tile8,262144,1048576,5,30,10,441415,469009,07e875993970433c,207dceeda1be3f5b,none,none
sample,4096,512,tile8,0,442952
sample,4096,512,tile8,1,439471
sample,4096,512,tile8,2,446637
sample,4096,512,tile8,3,441564
sample,4096,512,tile8,4,469009
sample,4096,512,tile8,5,444138
sample,4096,512,tile8,6,444573
sample,4096,512,tile8,7,439017
sample,4096,512,tile8,8,441415
sample,4096,512,tile8,9,440008
sample,4096,512,tile8,10,442361
sample,4096,512,tile8,11,438350
sample,4096,512,tile8,12,443656
sample,4096,512,tile8,13,438730
sample,4096,512,tile8,14,445490
sample,4096,512,tile8,15,445350
sample,4096,512,tile8,16,444499
sample,4096,512,tile8,17,443166
sample,4096,512,tile8,18,508804
sample,4096,512,tile8,19,441961
sample,4096,512,tile8,20,437795
sample,4096,512,tile8,21,438203
sample,4096,512,tile8,22,442045
sample,4096,512,tile8,23,435591
sample,4096,512,tile8,24,438525
sample,4096,512,tile8,25,440175
sample,4096,512,tile8,26,438054
sample,4096,512,tile8,27,435221
sample,4096,512,tile8,28,437731
sample,4096,512,tile8,29,438823
measured,4096,2048,vec4,1048576,4194304,5,30,12,551063,625915,4143a88e49ed614b,e0842ad8f72c0c9f,none,none
sample,4096,2048,vec4,0,550231
sample,4096,2048,vec4,1,604934
sample,4096,2048,vec4,2,550341
sample,4096,2048,vec4,3,547091
sample,4096,2048,vec4,4,548590
sample,4096,2048,vec4,5,549943
sample,4096,2048,vec4,6,553665
sample,4096,2048,vec4,7,563276
sample,4096,2048,vec4,8,543887
sample,4096,2048,vec4,9,549378
sample,4096,2048,vec4,10,545388
sample,4096,2048,vec4,11,551063
sample,4096,2048,vec4,12,549600
sample,4096,2048,vec4,13,552406
sample,4096,2048,vec4,14,551702
sample,4096,2048,vec4,15,551277
sample,4096,2048,vec4,16,559082
sample,4096,2048,vec4,17,632313
sample,4096,2048,vec4,18,552045
sample,4096,2048,vec4,19,548101
sample,4096,2048,vec4,20,547183
sample,4096,2048,vec4,21,577887
sample,4096,2048,vec4,22,554137
sample,4096,2048,vec4,23,544573
sample,4096,2048,vec4,24,545332
sample,4096,2048,vec4,25,551509
sample,4096,2048,vec4,26,548248
sample,4096,2048,vec4,27,625915
sample,4096,2048,vec4,28,563683
sample,4096,2048,vec4,29,558119
measured,4096,2048,fused2,1048576,4194304,5,30,11,515951,540516,4143a88e49ed614b,e0842ad8f72c0c9f,none,none
sample,4096,2048,fused2,0,516091
sample,4096,2048,fused2,1,517064
sample,4096,2048,fused2,2,503322
sample,4096,2048,fused2,3,517074
sample,4096,2048,fused2,4,522434
sample,4096,2048,fused2,5,540516
sample,4096,2048,fused2,6,512785
sample,4096,2048,fused2,7,511508
sample,4096,2048,fused2,8,515099
sample,4096,2048,fused2,9,518979
sample,4096,2048,fused2,10,515951
sample,4096,2048,fused2,11,521387
sample,4096,2048,fused2,12,510138
sample,4096,2048,fused2,13,514582
sample,4096,2048,fused2,14,513239
sample,4096,2048,fused2,15,518063
sample,4096,2048,fused2,16,515119
sample,4096,2048,fused2,17,559192
sample,4096,2048,fused2,18,516609
sample,4096,2048,fused2,19,521536
sample,4096,2048,fused2,20,507462
sample,4096,2048,fused2,21,514183
sample,4096,2048,fused2,22,520831
sample,4096,2048,fused2,23,512564
sample,4096,2048,fused2,24,514053
sample,4096,2048,fused2,25,520814
sample,4096,2048,fused2,26,511229
sample,4096,2048,fused2,27,519461
sample,4096,2048,fused2,28,518017
sample,4096,2048,fused2,29,515323
measured,4096,2048,tile8,1048576,4194304,5,30,10,544377,574192,4143a88e49ed614b,e0842ad8f72c0c9f,none,none
sample,4096,2048,tile8,0,570054
sample,4096,2048,tile8,1,548036
sample,4096,2048,tile8,2,541147
sample,4096,2048,tile8,3,542323
sample,4096,2048,tile8,4,544257
sample,4096,2048,tile8,5,545794
sample,4096,2048,tile8,6,540286
sample,4096,2048,tile8,7,534434
sample,4096,2048,tile8,8,535683
sample,4096,2048,tile8,9,539804
sample,4096,2048,tile8,10,541527
sample,4096,2048,tile8,11,571322
sample,4096,2048,tile8,12,545592
sample,4096,2048,tile8,13,540267
sample,4096,2048,tile8,14,548294
sample,4096,2048,tile8,15,558054
sample,4096,2048,tile8,16,542611
sample,4096,2048,tile8,17,545526
sample,4096,2048,tile8,18,544377
sample,4096,2048,tile8,19,551999
sample,4096,2048,tile8,20,542350
sample,4096,2048,tile8,21,574192
sample,4096,2048,tile8,22,541405
sample,4096,2048,tile8,23,546239
sample,4096,2048,tile8,24,541748
sample,4096,2048,tile8,25,545953
sample,4096,2048,tile8,26,548340
sample,4096,2048,tile8,27,544563
sample,4096,2048,tile8,28,609878
sample,4096,2048,tile8,29,540766
measured,16384,128,vec4,262144,1048576,5,30,14,565703,578470,318e48fc80dadb1f,a09bc0e13ecf9bf8,none,none
sample,16384,128,vec4,0,567703
sample,16384,128,vec4,1,574702
sample,16384,128,vec4,2,573008
sample,16384,128,vec4,3,566470
sample,16384,128,vec4,4,563221
sample,16384,128,vec4,5,573961
sample,16384,128,vec4,6,563573
sample,16384,128,vec4,7,562748
sample,16384,128,vec4,8,566063
sample,16384,128,vec4,9,554906
sample,16384,128,vec4,10,567128
sample,16384,128,vec4,11,568443
sample,16384,128,vec4,12,559368
sample,16384,128,vec4,13,558990
sample,16384,128,vec4,14,578470
sample,16384,128,vec4,15,565553
sample,16384,128,vec4,16,566777
sample,16384,128,vec4,17,570202
sample,16384,128,vec4,18,564110
sample,16384,128,vec4,19,567433
sample,16384,128,vec4,20,563545
sample,16384,128,vec4,21,559814
sample,16384,128,vec4,22,558545
sample,16384,128,vec4,23,574016
sample,16384,128,vec4,24,562508
sample,16384,128,vec4,25,565703
sample,16384,128,vec4,26,565258
sample,16384,128,vec4,27,568618
sample,16384,128,vec4,28,557545
sample,16384,128,vec4,29,579841
measured,16384,128,fused2,262144,1048576,5,30,13,530831,538832,318e48fc80dadb1f,a09bc0e13ecf9bf8,none,none
sample,16384,128,fused2,0,536545
sample,16384,128,fused2,1,542229
sample,16384,128,fused2,2,536351
sample,16384,128,fused2,3,530072
sample,16384,128,fused2,4,529657
sample,16384,128,fused2,5,526637
sample,16384,128,fused2,6,527675
sample,16384,128,fused2,7,535166
sample,16384,128,fused2,8,530831
sample,16384,128,fused2,9,534851
sample,16384,128,fused2,10,531989
sample,16384,128,fused2,11,529378
sample,16384,128,fused2,12,535304
sample,16384,128,fused2,13,525331
sample,16384,128,fused2,14,528692
sample,16384,128,fused2,15,534916
sample,16384,128,fused2,16,534072
sample,16384,128,fused2,17,528647
sample,16384,128,fused2,18,526916
sample,16384,128,fused2,19,527768
sample,16384,128,fused2,20,530499
sample,16384,128,fused2,21,538832
sample,16384,128,fused2,22,535388
sample,16384,128,fused2,23,535072
sample,16384,128,fused2,24,536146
sample,16384,128,fused2,25,531730
sample,16384,128,fused2,26,529239
sample,16384,128,fused2,27,535323
sample,16384,128,fused2,28,529064
sample,16384,128,fused2,29,527211
measured,16384,128,tile8,262144,1048576,5,30,12,508647,530627,318e48fc80dadb1f,a09bc0e13ecf9bf8,none,none
sample,16384,128,tile8,0,516609
sample,16384,128,tile8,1,530627
sample,16384,128,tile8,2,515925
sample,16384,128,tile8,3,505248
sample,16384,128,tile8,4,509008
sample,16384,128,tile8,5,506386
sample,16384,128,tile8,6,512193
sample,16384,128,tile8,7,510212
sample,16384,128,tile8,8,507470
sample,16384,128,tile8,9,497564
sample,16384,128,tile8,10,531813
sample,16384,128,tile8,11,506453
sample,16384,128,tile8,12,499489
sample,16384,128,tile8,13,503453
sample,16384,128,tile8,14,516415
sample,16384,128,tile8,15,502377
sample,16384,128,tile8,16,508647
sample,16384,128,tile8,17,508619
sample,16384,128,tile8,18,514988
sample,16384,128,tile8,19,503720
sample,16384,128,tile8,20,512331
sample,16384,128,tile8,21,506740
sample,16384,128,tile8,22,507970
sample,16384,128,tile8,23,527693
sample,16384,128,tile8,24,510175
sample,16384,128,tile8,25,510110
sample,16384,128,tile8,26,508397
sample,16384,128,tile8,27,517952
sample,16384,128,tile8,28,513313
sample,16384,128,tile8,29,505897
measured,16384,512,vec4,1048576,4194304,5,30,14,632303,639776,08b87a1ca99fa7b8,cc66b7b8fae87df4,none,none
sample,16384,512,vec4,0,633377
sample,16384,512,vec4,1,636221
sample,16384,512,vec4,2,635120
sample,16384,512,vec4,3,633748
sample,16384,512,vec4,4,649599
sample,16384,512,vec4,5,631222
sample,16384,512,vec4,6,629757
sample,16384,512,vec4,7,632072
sample,16384,512,vec4,8,635758
sample,16384,512,vec4,9,629433
sample,16384,512,vec4,10,635637
sample,16384,512,vec4,11,634313
sample,16384,512,vec4,12,632285
sample,16384,512,vec4,13,629951
sample,16384,512,vec4,14,639563
sample,16384,512,vec4,15,632303
sample,16384,512,vec4,16,627582
sample,16384,512,vec4,17,631637
sample,16384,512,vec4,18,628665
sample,16384,512,vec4,19,631054
sample,16384,512,vec4,20,629470
sample,16384,512,vec4,21,639776
sample,16384,512,vec4,22,632730
sample,16384,512,vec4,23,633554
sample,16384,512,vec4,24,633054
sample,16384,512,vec4,25,633609
sample,16384,512,vec4,26,633340
sample,16384,512,vec4,27,629155
sample,16384,512,vec4,28,629897
sample,16384,512,vec4,29,626313
measured,16384,512,fused2,1048576,4194304,5,30,13,597212,607424,08b87a1ca99fa7b8,cc66b7b8fae87df4,none,none
sample,16384,512,fused2,0,592887
sample,16384,512,fused2,1,602951
sample,16384,512,fused2,2,596064
sample,16384,512,fused2,3,597748
sample,16384,512,fused2,4,603415
sample,16384,512,fused2,5,597212
sample,16384,512,fused2,6,600137
sample,16384,512,fused2,7,597749
sample,16384,512,fused2,8,603730
sample,16384,512,fused2,9,591619
sample,16384,512,fused2,10,597175
sample,16384,512,fused2,11,598712
sample,16384,512,fused2,12,598387
sample,16384,512,fused2,13,614758
sample,16384,512,fused2,14,600388
sample,16384,512,fused2,15,594970
sample,16384,512,fused2,16,604340
sample,16384,512,fused2,17,607424
sample,16384,512,fused2,18,591794
sample,16384,512,fused2,19,594777
sample,16384,512,fused2,20,585101
sample,16384,512,fused2,21,599878
sample,16384,512,fused2,22,600229
sample,16384,512,fused2,23,595452
sample,16384,512,fused2,24,597516
sample,16384,512,fused2,25,596202
sample,16384,512,fused2,26,593286
sample,16384,512,fused2,27,597192
sample,16384,512,fused2,28,592702
sample,16384,512,fused2,29,590081
measured,16384,512,tile8,1048576,4194304,5,30,12,620036,631313,08b87a1ca99fa7b8,cc66b7b8fae87df4,none,none
sample,16384,512,tile8,0,635683
sample,16384,512,tile8,1,622822
sample,16384,512,tile8,2,623387
sample,16384,512,tile8,3,616340
sample,16384,512,tile8,4,619378
sample,16384,512,tile8,5,615952
sample,16384,512,tile8,6,627748
sample,16384,512,tile8,7,619239
sample,16384,512,tile8,8,614656
sample,16384,512,tile8,9,617119
sample,16384,512,tile8,10,621544
sample,16384,512,tile8,11,620786
sample,16384,512,tile8,12,623063
sample,16384,512,tile8,13,620461
sample,16384,512,tile8,14,626619
sample,16384,512,tile8,15,614739
sample,16384,512,tile8,16,621767
sample,16384,512,tile8,17,619424
sample,16384,512,tile8,18,616451
sample,16384,512,tile8,19,620165
sample,16384,512,tile8,20,613739
sample,16384,512,tile8,21,621081
sample,16384,512,tile8,22,620036
sample,16384,512,tile8,23,620562
sample,16384,512,tile8,24,623609
sample,16384,512,tile8,25,614414
sample,16384,512,tile8,26,631313
sample,16384,512,tile8,27,612785
sample,16384,512,tile8,28,612739
sample,16384,512,tile8,29,612544
measured,16384,2048,vec4,4194304,16777216,5,30,14,841340,905192,6be3b72c15a212b9,3199380bd5011e6c,none,none
sample,16384,2048,vec4,0,834822
sample,16384,2048,vec4,1,839053
sample,16384,2048,vec4,2,841340
sample,16384,2048,vec4,3,845860
sample,16384,2048,vec4,4,839896
sample,16384,2048,vec4,5,840294
sample,16384,2048,vec4,6,832619
sample,16384,2048,vec4,7,858183
sample,16384,2048,vec4,8,840192
sample,16384,2048,vec4,9,844257
sample,16384,2048,vec4,10,836248
sample,16384,2048,vec4,11,846331
sample,16384,2048,vec4,12,904191
sample,16384,2048,vec4,13,842507
sample,16384,2048,vec4,14,836247
sample,16384,2048,vec4,15,1018664
sample,16384,2048,vec4,16,905192
sample,16384,2048,vec4,17,851803
sample,16384,2048,vec4,18,845443
sample,16384,2048,vec4,19,836766
sample,16384,2048,vec4,20,842035
sample,16384,2048,vec4,21,850285
sample,16384,2048,vec4,22,864933
sample,16384,2048,vec4,23,836692
sample,16384,2048,vec4,24,837923
sample,16384,2048,vec4,25,840951
sample,16384,2048,vec4,26,848525
sample,16384,2048,vec4,27,848090
sample,16384,2048,vec4,28,836460
sample,16384,2048,vec4,29,841128
measured,16384,2048,fused2,4194304,16777216,5,30,13,795553,810832,6be3b72c15a212b9,3199380bd5011e6c,none,none
sample,16384,2048,fused2,0,794859
sample,16384,2048,fused2,1,794332
sample,16384,2048,fused2,2,791896
sample,16384,2048,fused2,3,796016
sample,16384,2048,fused2,4,799007
sample,16384,2048,fused2,5,794767
sample,16384,2048,fused2,6,803656
sample,16384,2048,fused2,7,795831
sample,16384,2048,fused2,8,789387
sample,16384,2048,fused2,9,792849
sample,16384,2048,fused2,10,794720
sample,16384,2048,fused2,11,792710
sample,16384,2048,fused2,12,792396
sample,16384,2048,fused2,13,790858
sample,16384,2048,fused2,14,790663
sample,16384,2048,fused2,15,795553
sample,16384,2048,fused2,16,815228
sample,16384,2048,fused2,17,806684
sample,16384,2048,fused2,18,800285
sample,16384,2048,fused2,19,799080
sample,16384,2048,fused2,20,796961
sample,16384,2048,fused2,21,801183
sample,16384,2048,fused2,22,810832
sample,16384,2048,fused2,23,800534
sample,16384,2048,fused2,24,791331
sample,16384,2048,fused2,25,796830
sample,16384,2048,fused2,26,798062
sample,16384,2048,fused2,27,796933
sample,16384,2048,fused2,28,795441
sample,16384,2048,fused2,29,795544
measured,16384,2048,tile8,4194304,16777216,5,30,12,1000154,1016849,6be3b72c15a212b9,3199380bd5011e6c,none,none
sample,16384,2048,tile8,0,998330
sample,16384,2048,tile8,1,992488
sample,16384,2048,tile8,2,997831
sample,16384,2048,tile8,3,1012450
sample,16384,2048,tile8,4,999099
sample,16384,2048,tile8,5,1005932
sample,16384,2048,tile8,6,994154
sample,16384,2048,tile8,7,994247
sample,16384,2048,tile8,8,998053
sample,16384,2048,tile8,9,1004219
sample,16384,2048,tile8,10,1002664
sample,16384,2048,tile8,11,997691
sample,16384,2048,tile8,12,988812
sample,16384,2048,tile8,13,999265
sample,16384,2048,tile8,14,1004979
sample,16384,2048,tile8,15,1016849
sample,16384,2048,tile8,16,2831519
sample,16384,2048,tile8,17,1004053
sample,16384,2048,tile8,18,1002469
sample,16384,2048,tile8,19,1000154
sample,16384,2048,tile8,20,1004117
sample,16384,2048,tile8,21,1004701
sample,16384,2048,tile8,22,995201
sample,16384,2048,tile8,23,1006886
sample,16384,2048,tile8,24,1006062
sample,16384,2048,tile8,25,995775
sample,16384,2048,tile8,26,1002302
sample,16384,2048,tile8,27,1014645
sample,16384,2048,tile8,28,997803
sample,16384,2048,tile8,29,997830
measured,65536,128,vec4,1048576,4194304,5,30,16,716739,727303,9ec0db29a14c575b,4098921c6b362ecd,none,none
sample,65536,128,vec4,0,713823
sample,65536,128,vec4,1,715452
sample,65536,128,vec4,2,734748
sample,65536,128,vec4,3,716739
sample,65536,128,vec4,4,710646
sample,65536,128,vec4,5,722775
sample,65536,128,vec4,6,710701
sample,65536,128,vec4,7,712775
sample,65536,128,vec4,8,713952
sample,65536,128,vec4,9,714276
sample,65536,128,vec4,10,707730
sample,65536,128,vec4,11,719248
sample,65536,128,vec4,12,723756
sample,65536,128,vec4,13,718832
sample,65536,128,vec4,14,718239
sample,65536,128,vec4,15,721563
sample,65536,128,vec4,16,714478
sample,65536,128,vec4,17,713683
sample,65536,128,vec4,18,716989
sample,65536,128,vec4,19,727303
sample,65536,128,vec4,20,722721
sample,65536,128,vec4,21,720201
sample,65536,128,vec4,22,720480
sample,65536,128,vec4,23,718563
sample,65536,128,vec4,24,722471
sample,65536,128,vec4,25,713405
sample,65536,128,vec4,26,722646
sample,65536,128,vec4,27,714868
sample,65536,128,vec4,28,708729
sample,65536,128,vec4,29,710239
measured,65536,128,fused2,1048576,4194304,5,30,15,689758,699229,9ec0db29a14c575b,4098921c6b362ecd,none,none
sample,65536,128,fused2,0,688684
sample,65536,128,fused2,1,685562
sample,65536,128,fused2,2,682331
sample,65536,128,fused2,3,687591
sample,65536,128,fused2,4,690785
sample,65536,128,fused2,5,685100
sample,65536,128,fused2,6,681044
sample,65536,128,fused2,7,687600
sample,65536,128,fused2,8,686275
sample,65536,128,fused2,9,693600
sample,65536,128,fused2,10,699693
sample,65536,128,fused2,11,694359
sample,65536,128,fused2,12,696553
sample,65536,128,fused2,13,691173
sample,65536,128,fused2,14,689758
sample,65536,128,fused2,15,694831
sample,65536,128,fused2,16,694692
sample,65536,128,fused2,17,695896
sample,65536,128,fused2,18,685322
sample,65536,128,fused2,19,689489
sample,65536,128,fused2,20,694091
sample,65536,128,fused2,21,695285
sample,65536,128,fused2,22,686415
sample,65536,128,fused2,23,684905
sample,65536,128,fused2,24,687230
sample,65536,128,fused2,25,696535
sample,65536,128,fused2,26,699229
sample,65536,128,fused2,27,691489
sample,65536,128,fused2,28,686609
sample,65536,128,fused2,29,691248
measured,65536,128,tile8,1048576,4194304,5,30,14,695896,707340,9ec0db29a14c575b,4098921c6b362ecd,none,none
sample,65536,128,tile8,0,707053
sample,65536,128,tile8,1,691674
sample,65536,128,tile8,2,692906
sample,65536,128,tile8,3,694526
sample,65536,128,tile8,4,706239
sample,65536,128,tile8,5,689544
sample,65536,128,tile8,6,695637
sample,65536,128,tile8,7,700812
sample,65536,128,tile8,8,694498
sample,65536,128,tile8,9,692721
sample,65536,128,tile8,10,694322
sample,65536,128,tile8,11,694220
sample,65536,128,tile8,12,701748
sample,65536,128,tile8,13,707340
sample,65536,128,tile8,14,704322
sample,65536,128,tile8,15,702164
sample,65536,128,tile8,16,692970
sample,65536,128,tile8,17,695776
sample,65536,128,tile8,18,705942
sample,65536,128,tile8,19,707480
sample,65536,128,tile8,20,703165
sample,65536,128,tile8,21,696507
sample,65536,128,tile8,22,704304
sample,65536,128,tile8,23,695201
sample,65536,128,tile8,24,701618
sample,65536,128,tile8,25,690442
sample,65536,128,tile8,26,704257
sample,65536,128,tile8,27,693868
sample,65536,128,tile8,28,697905
sample,65536,128,tile8,29,695896
measured,65536,512,vec4,4194304,16777216,5,30,16,953155,1222654,84d06402da633040,29115d73667dee45,none,none
sample,65536,512,vec4,0,952126
sample,65536,512,vec4,1,948841
sample,65536,512,vec4,2,955052
sample,65536,512,vec4,3,968293
sample,65536,512,vec4,4,948071
sample,65536,512,vec4,5,954302
sample,65536,512,vec4,6,954886
sample,65536,512,vec4,7,955562
sample,65536,512,vec4,8,951118
sample,65536,512,vec4,9,944376
sample,65536,512,vec4,10,957581
sample,65536,512,vec4,11,949247
sample,65536,512,vec4,12,953136
sample,65536,512,vec4,13,954127
sample,65536,512,vec4,14,951775
sample,65536,512,vec4,15,945506
sample,65536,512,vec4,16,947256
sample,65536,512,vec4,17,953155
sample,65536,512,vec4,18,951617
sample,65536,512,vec4,19,953349
sample,65536,512,vec4,20,950331
sample,65536,512,vec4,21,961830
sample,65536,512,vec4,22,946515
sample,65536,512,vec4,23,954479
sample,65536,512,vec4,24,950358
sample,65536,512,vec4,25,959765
sample,65536,512,vec4,26,1222654
sample,65536,512,vec4,27,1221469
sample,65536,512,vec4,28,1218283
sample,65536,512,vec4,29,1228960
measured,65536,512,fused2,4194304,16777216,5,30,15,913767,1179301,84d06402da633040,29115d73667dee45,none,none
sample,65536,512,fused2,0,954969
sample,65536,512,fused2,1,915785
sample,65536,512,fused2,2,914089
sample,65536,512,fused2,3,913767
sample,65536,512,fused2,4,909117
sample,65536,512,fused2,5,914173
sample,65536,512,fused2,6,900914
sample,65536,512,fused2,7,911414
sample,65536,512,fused2,8,915052
sample,65536,512,fused2,9,921720
sample,65536,512,fused2,10,910071
sample,65536,512,fused2,11,908758
sample,65536,512,fused2,12,914960
sample,65536,512,fused2,13,911562
sample,65536,512,fused2,14,916016
sample,65536,512,fused2,15,909950
sample,65536,512,fused2,16,903025
sample,65536,512,fused2,17,909006
sample,65536,512,fused2,18,913822
sample,65536,512,fused2,19,905941
sample,65536,512,fused2,20,908747
sample,65536,512,fused2,21,914646
sample,65536,512,fused2,22,908229
sample,65536,512,fused2,23,914618
sample,65536,512,fused2,24,914979
sample,65536,512,fused2,25,904062
sample,65536,512,fused2,26,903330
sample,65536,512,fused2,27,1182507
sample,65536,512,fused2,28,1179301
sample,65536,512,fused2,29,1168311
measured,65536,512,tile8,4194304,16777216,5,30,14,1101034,1404597,84d06402da633040,29115d73667dee45,none,none
sample,65536,512,tile8,0,1106738
sample,65536,512,tile8,1,1098080
sample,65536,512,tile8,2,1101682
sample,65536,512,tile8,3,1093405
sample,65536,512,tile8,4,1108969
sample,65536,512,tile8,5,1105469
sample,65536,512,tile8,6,1098904
sample,65536,512,tile8,7,1102858
sample,65536,512,tile8,8,1104534
sample,65536,512,tile8,9,1112108
sample,65536,512,tile8,10,1092849
sample,65536,512,tile8,11,1094284
sample,65536,512,tile8,12,1109405
sample,65536,512,tile8,13,1095358
sample,65536,512,tile8,14,1109080
sample,65536,512,tile8,15,1092534
sample,65536,512,tile8,16,1116626
sample,65536,512,tile8,17,1094395
sample,65536,512,tile8,18,1102330
sample,65536,512,tile8,19,1089839
sample,65536,512,tile8,20,1101034
sample,65536,512,tile8,21,1100024
sample,65536,512,tile8,22,1092979
sample,65536,512,tile8,23,1100460
sample,65536,512,tile8,24,1097071
sample,65536,512,tile8,25,1098562
sample,65536,512,tile8,26,1405987
sample,65536,512,tile8,27,1404597
sample,65536,512,tile8,28,1380542
sample,65536,512,tile8,29,1382153
skipped_limit,65536,2048,vec4,16777216,67108864,NA,NA,NA,NA,NA,NA,NA,cohort_dispatch_limit,none
skipped_limit,65536,2048,fused2,16777216,67108864,NA,NA,NA,NA,NA,NA,NA,cohort_dispatch_limit,none
skipped_limit,65536,2048,tile8,16777216,67108864,NA,NA,NA,NA,NA,NA,NA,cohort_dispatch_limit,none

thread 'main' panicked at examples/pvp3d_three_candidate_bench.rs:155:13:
assertion `left == right` failed: PVP3d pre-timing oracle mismatch K=262144 G=128 candidate=Vec4
  left: [full vector retained losslessly as deterministic oracle plus mismatch-delta.csv; see mismatch-manifest.json]
 right: [full vector retained losslessly as deterministic oracle plus mismatch-delta.csv; see mismatch-manifest.json]
note: run with `RUST_BACKTRACE=1` environment variable to display a backtrace
