benchmark=pvp3d_three_candidate_same_device
source_revision=ddb6f0144821dfa29d268601e7087e5001278e52
adapter=NVIDIA GeForce RTX 4060
backend=Vulkan
device_type=DiscreteGpu
vendor_id=4318
device_id=10370
driver=NVIDIA
driver_info=595.45.04
hardware_measurement_eligible=true
physical_admission=external_remoteops_evidence_required
performance_claim=none
primary_timing_scope=resident_encode_plus_queue_submit_plus_device_wait
state_reset_scope=completed_before_timer
correctness_readback_scope=before_and_after_timing
candidate_order=ABC_ACB_BAC_BCA_CAB_CBA
resident_payload_scope=source_plus_three_states_excludes_driver_uniforms_and_readback
status,k,g,candidate,state_bytes,resident_payload_bytes,warmups,repeats,logical_dispatches,p50_ns,p95_ns,input_checksum,output_checksum,skip_reason,performance_claim
measured,256,128,vec4,4096,16384,5,30,8,249330,266203,4c67926a9205d7b4,956299587c8af4b4,none,none
sample,256,128,vec4,0,254631
sample,256,128,vec4,1,266203
sample,256,128,vec4,2,247476
sample,256,128,vec4,3,253082
sample,256,128,vec4,4,253994
sample,256,128,vec4,5,245205
sample,256,128,vec4,6,290160
sample,256,128,vec4,7,246206
sample,256,128,vec4,8,246182
sample,256,128,vec4,9,244373
sample,256,128,vec4,10,245330
sample,256,128,vec4,11,259506
sample,256,128,vec4,12,244182
sample,256,128,vec4,13,245347
sample,256,128,vec4,14,251264
sample,256,128,vec4,15,247984
sample,256,128,vec4,16,244284
sample,256,128,vec4,17,247385
sample,256,128,vec4,18,249330
sample,256,128,vec4,19,243783
sample,256,128,vec4,20,244994
sample,256,128,vec4,21,243906
sample,256,128,vec4,22,250457
sample,256,128,vec4,23,251437
sample,256,128,vec4,24,251902
sample,256,128,vec4,25,252700
sample,256,128,vec4,26,250619
sample,256,128,vec4,27,251449
sample,256,128,vec4,28,252941
sample,256,128,vec4,29,254802
measured,256,128,fused2,4096,16384,5,30,7,229379,287134,4c67926a9205d7b4,956299587c8af4b4,none,none
sample,256,128,fused2,0,231880
sample,256,128,fused2,1,247229
sample,256,128,fused2,2,224326
sample,256,128,fused2,3,231851
sample,256,128,fused2,4,231472
sample,256,128,fused2,5,242578
sample,256,128,fused2,6,368074
sample,256,128,fused2,7,222891
sample,256,128,fused2,8,222290
sample,256,128,fused2,9,224546
sample,256,128,fused2,10,236174
sample,256,128,fused2,11,223225
sample,256,128,fused2,12,245762
sample,256,128,fused2,13,222475
sample,256,128,fused2,14,223365
sample,256,128,fused2,15,221335
sample,256,128,fused2,16,260581
sample,256,128,fused2,17,248344
sample,256,128,fused2,18,223689
sample,256,128,fused2,19,230026
sample,256,128,fused2,20,232421
sample,256,128,fused2,21,229379
sample,256,128,fused2,22,229869
sample,256,128,fused2,23,221471
sample,256,128,fused2,24,224484
sample,256,128,fused2,25,222787
sample,256,128,fused2,26,221392
sample,256,128,fused2,27,223513
sample,256,128,fused2,28,287134
sample,256,128,fused2,29,232914
measured,256,128,tile8,4096,16384,5,30,6,204197,216944,4c67926a9205d7b4,956299587c8af4b4,none,none
sample,256,128,tile8,0,211124
sample,256,128,tile8,1,210200
sample,256,128,tile8,2,205388
sample,256,128,tile8,3,211711
sample,256,128,tile8,4,211809
sample,256,128,tile8,5,204197
sample,256,128,tile8,6,202735
sample,256,128,tile8,7,216944
sample,256,128,tile8,8,204590
sample,256,128,tile8,9,202700
sample,256,128,tile8,10,202609
sample,256,128,tile8,11,203986
sample,256,128,tile8,12,201755
sample,256,128,tile8,13,202057
sample,256,128,tile8,14,203079
sample,256,128,tile8,15,213903
sample,256,128,tile8,16,202250
sample,256,128,tile8,17,337031
sample,256,128,tile8,18,200932
sample,256,128,tile8,19,202251
sample,256,128,tile8,20,201120
sample,256,128,tile8,21,210592
sample,256,128,tile8,22,202068
sample,256,128,tile8,23,201766
sample,256,128,tile8,24,205712
sample,256,128,tile8,25,210244
sample,256,128,tile8,26,209785
sample,256,128,tile8,27,200429
sample,256,128,tile8,28,211163
sample,256,128,tile8,29,206039
measured,256,512,vec4,16384,65536,5,30,8,242524,258067,38bbe1f688e24d78,1c8bb372f8f1302e,none,none
sample,256,512,vec4,0,246660
sample,256,512,vec4,1,258067
sample,256,512,vec4,2,243233
sample,256,512,vec4,3,242060
sample,256,512,vec4,4,243495
sample,256,512,vec4,5,250406
sample,256,512,vec4,6,244793
sample,256,512,vec4,7,241828
sample,256,512,vec4,8,242503
sample,256,512,vec4,9,241517
sample,256,512,vec4,10,242793
sample,256,512,vec4,11,242928
sample,256,512,vec4,12,242644
sample,256,512,vec4,13,242103
sample,256,512,vec4,14,242319
sample,256,512,vec4,15,242524
sample,256,512,vec4,16,242212
sample,256,512,vec4,17,244857
sample,256,512,vec4,18,241737
sample,256,512,vec4,19,242329
sample,256,512,vec4,20,241606
sample,256,512,vec4,21,242617
sample,256,512,vec4,22,243742
sample,256,512,vec4,23,242101
sample,256,512,vec4,24,241958
sample,256,512,vec4,25,243725
sample,256,512,vec4,26,242001
sample,256,512,vec4,27,241571
sample,256,512,vec4,28,263604
sample,256,512,vec4,29,253647
measured,256,512,fused2,16384,65536,5,30,7,221400,248821,38bbe1f688e24d78,1c8bb372f8f1302e,none,none
sample,256,512,fused2,0,251034
sample,256,512,fused2,1,248821
sample,256,512,fused2,2,220837
sample,256,512,fused2,3,222634
sample,256,512,fused2,4,221882
sample,256,512,fused2,5,224599
sample,256,512,fused2,6,222804
sample,256,512,fused2,7,220917
sample,256,512,fused2,8,221439
sample,256,512,fused2,9,221400
sample,256,512,fused2,10,240546
sample,256,512,fused2,11,246216
sample,256,512,fused2,12,222367
sample,256,512,fused2,13,223381
sample,256,512,fused2,14,222231
sample,256,512,fused2,15,220925
sample,256,512,fused2,16,221166
sample,256,512,fused2,17,221085
sample,256,512,fused2,18,220483
sample,256,512,fused2,19,221183
sample,256,512,fused2,20,229262
sample,256,512,fused2,21,239030
sample,256,512,fused2,22,220844
sample,256,512,fused2,23,220428
sample,256,512,fused2,24,221349
sample,256,512,fused2,25,220856
sample,256,512,fused2,26,220936
sample,256,512,fused2,27,220027
sample,256,512,fused2,28,222001
sample,256,512,fused2,29,220198
measured,256,512,tile8,16384,65536,5,30,6,201389,226149,38bbe1f688e24d78,1c8bb372f8f1302e,none,none
sample,256,512,tile8,0,201844
sample,256,512,tile8,1,203199
sample,256,512,tile8,2,202453
sample,256,512,tile8,3,200513
sample,256,512,tile8,4,203831
sample,256,512,tile8,5,202265
sample,256,512,tile8,6,201826
sample,256,512,tile8,7,201582
sample,256,512,tile8,8,201471
sample,256,512,tile8,9,201389
sample,256,512,tile8,10,224745
sample,256,512,tile8,11,201035
sample,256,512,tile8,12,202066
sample,256,512,tile8,13,201801
sample,256,512,tile8,14,201363
sample,256,512,tile8,15,236971
sample,256,512,tile8,16,226149
sample,256,512,tile8,17,198860
sample,256,512,tile8,18,200280
sample,256,512,tile8,19,199424
sample,256,512,tile8,20,202300
sample,256,512,tile8,21,201008
sample,256,512,tile8,22,200182
sample,256,512,tile8,23,199560
sample,256,512,tile8,24,198877
sample,256,512,tile8,25,202032
sample,256,512,tile8,26,198574
sample,256,512,tile8,27,200435
sample,256,512,tile8,28,200878
sample,256,512,tile8,29,200553
measured,256,2048,vec4,65536,262144,5,30,8,243605,268171,c9e538e9f9dccedd,259153fc2c7bc4e7,none,none
sample,256,2048,vec4,0,269248
sample,256,2048,vec4,1,245159
sample,256,2048,vec4,2,243525
sample,256,2048,vec4,3,244398
sample,256,2048,vec4,4,244030
sample,256,2048,vec4,5,254263
sample,256,2048,vec4,6,242458
sample,256,2048,vec4,7,241676
sample,256,2048,vec4,8,242590
sample,256,2048,vec4,9,243446
sample,256,2048,vec4,10,256771
sample,256,2048,vec4,11,244119
sample,256,2048,vec4,12,245149
sample,256,2048,vec4,13,243605
sample,256,2048,vec4,14,244418
sample,256,2048,vec4,15,243430
sample,256,2048,vec4,16,243551
sample,256,2048,vec4,17,247549
sample,256,2048,vec4,18,241858
sample,256,2048,vec4,19,241871
sample,256,2048,vec4,20,242897
sample,256,2048,vec4,21,255638
sample,256,2048,vec4,22,242374
sample,256,2048,vec4,23,241989
sample,256,2048,vec4,24,268171
sample,256,2048,vec4,25,243219
sample,256,2048,vec4,26,243994
sample,256,2048,vec4,27,243685
sample,256,2048,vec4,28,254499
sample,256,2048,vec4,29,243227
measured,256,2048,fused2,65536,262144,5,30,7,222065,248781,c9e538e9f9dccedd,259153fc2c7bc4e7,none,none
sample,256,2048,fused2,0,252062
sample,256,2048,fused2,1,222250
sample,256,2048,fused2,2,248781
sample,256,2048,fused2,3,222263
sample,256,2048,fused2,4,222559
sample,256,2048,fused2,5,238076
sample,256,2048,fused2,6,248454
sample,256,2048,fused2,7,222950
sample,256,2048,fused2,8,221728
sample,256,2048,fused2,9,243049
sample,256,2048,fused2,10,220989
sample,256,2048,fused2,11,244558
sample,256,2048,fused2,12,220393
sample,256,2048,fused2,13,221648
sample,256,2048,fused2,14,220331
sample,256,2048,fused2,15,221795
sample,256,2048,fused2,16,221792
sample,256,2048,fused2,17,220830
sample,256,2048,fused2,18,220737
sample,256,2048,fused2,19,223445
sample,256,2048,fused2,20,221738
sample,256,2048,fused2,21,220718
sample,256,2048,fused2,22,220130
sample,256,2048,fused2,23,242584
sample,256,2048,fused2,24,222964
sample,256,2048,fused2,25,221096
sample,256,2048,fused2,26,242019
sample,256,2048,fused2,27,221109
sample,256,2048,fused2,28,222832
sample,256,2048,fused2,29,222065
measured,256,2048,tile8,65536,262144,5,30,6,201075,216633,c9e538e9f9dccedd,259153fc2c7bc4e7,none,none
sample,256,2048,tile8,0,203400
sample,256,2048,tile8,1,203787
sample,256,2048,tile8,2,216633
sample,256,2048,tile8,3,202191
sample,256,2048,tile8,4,202587
sample,256,2048,tile8,5,203169
sample,256,2048,tile8,6,200964
sample,256,2048,tile8,7,200827
sample,256,2048,tile8,8,200042
sample,256,2048,tile8,9,201075
sample,256,2048,tile8,10,240892
sample,256,2048,tile8,11,200608
sample,256,2048,tile8,12,200191
sample,256,2048,tile8,13,200952
sample,256,2048,tile8,14,213101
sample,256,2048,tile8,15,200352
sample,256,2048,tile8,16,200948
sample,256,2048,tile8,17,201024
sample,256,2048,tile8,18,201066
sample,256,2048,tile8,19,202427
sample,256,2048,tile8,20,200490
sample,256,2048,tile8,21,204428
sample,256,2048,tile8,22,200245
sample,256,2048,tile8,23,201683
sample,256,2048,tile8,24,200648
sample,256,2048,tile8,25,202827
sample,256,2048,tile8,26,200303
sample,256,2048,tile8,27,201213
sample,256,2048,tile8,28,212394
sample,256,2048,tile8,29,212214
measured,1024,128,vec4,16384,65536,5,30,10,288746,303375,26abf5bddd03bbc5,79acd556594188cd,none,none
sample,1024,128,vec4,0,287972
sample,1024,128,vec4,1,303070
sample,1024,128,vec4,2,285720
sample,1024,128,vec4,3,288746
sample,1024,128,vec4,4,289907
sample,1024,128,vec4,5,289605
sample,1024,128,vec4,6,287549
sample,1024,128,vec4,7,290713
sample,1024,128,vec4,8,303375
sample,1024,128,vec4,9,289207
sample,1024,128,vec4,10,289161
sample,1024,128,vec4,11,287854
sample,1024,128,vec4,12,287307
sample,1024,128,vec4,13,288414
sample,1024,128,vec4,14,288838
sample,1024,128,vec4,15,288339
sample,1024,128,vec4,16,288147
sample,1024,128,vec4,17,291125
sample,1024,128,vec4,18,288188
sample,1024,128,vec4,19,289530
sample,1024,128,vec4,20,287545
sample,1024,128,vec4,21,474829
sample,1024,128,vec4,22,286758
sample,1024,128,vec4,23,288448
sample,1024,128,vec4,24,292272
sample,1024,128,vec4,25,287867
sample,1024,128,vec4,26,288842
sample,1024,128,vec4,27,287678
sample,1024,128,vec4,28,288769
sample,1024,128,vec4,29,290050
measured,1024,128,fused2,16384,65536,5,30,9,267355,281428,26abf5bddd03bbc5,79acd556594188cd,none,none
sample,1024,128,fused2,0,268867
sample,1024,128,fused2,1,268050
sample,1024,128,fused2,2,267405
sample,1024,128,fused2,3,439590
sample,1024,128,fused2,4,268680
sample,1024,128,fused2,5,269261
sample,1024,128,fused2,6,269902
sample,1024,128,fused2,7,269355
sample,1024,128,fused2,8,266546
sample,1024,128,fused2,9,267073
sample,1024,128,fused2,10,268417
sample,1024,128,fused2,11,268503
sample,1024,128,fused2,12,278100
sample,1024,128,fused2,13,266248
sample,1024,128,fused2,14,266238
sample,1024,128,fused2,15,267069
sample,1024,128,fused2,16,269623
sample,1024,128,fused2,17,265831
sample,1024,128,fused2,18,267142
sample,1024,128,fused2,19,266559
sample,1024,128,fused2,20,266753
sample,1024,128,fused2,21,266996
sample,1024,128,fused2,22,266672
sample,1024,128,fused2,23,267355
sample,1024,128,fused2,24,272511
sample,1024,128,fused2,25,266623
sample,1024,128,fused2,26,267465
sample,1024,128,fused2,27,266697
sample,1024,128,fused2,28,281428
sample,1024,128,fused2,29,266668
measured,1024,128,tile8,16384,65536,5,30,8,245846,271988,26abf5bddd03bbc5,79acd556594188cd,none,none
sample,1024,128,tile8,0,246614
sample,1024,128,tile8,1,256881
sample,1024,128,tile8,2,276353
sample,1024,128,tile8,3,244139
sample,1024,128,tile8,4,253467
sample,1024,128,tile8,5,244700
sample,1024,128,tile8,6,245358
sample,1024,128,tile8,7,245846
sample,1024,128,tile8,8,246463
sample,1024,128,tile8,9,256169
sample,1024,128,tile8,10,247253
sample,1024,128,tile8,11,266127
sample,1024,128,tile8,12,245838
sample,1024,128,tile8,13,244541
sample,1024,128,tile8,14,256597
sample,1024,128,tile8,15,270727
sample,1024,128,tile8,16,244585
sample,1024,128,tile8,17,243495
sample,1024,128,tile8,18,246036
sample,1024,128,tile8,19,245374
sample,1024,128,tile8,20,254925
sample,1024,128,tile8,21,271988
sample,1024,128,tile8,22,245347
sample,1024,128,tile8,23,244235
sample,1024,128,tile8,24,246873
sample,1024,128,tile8,25,245018
sample,1024,128,tile8,26,244076
sample,1024,128,tile8,27,244224
sample,1024,128,tile8,28,244019
sample,1024,128,tile8,29,247136
measured,1024,512,vec4,65536,262144,5,30,10,288806,300084,0949b62ffc70d026,7663f0c9d3466943,none,none
sample,1024,512,vec4,0,288804
sample,1024,512,vec4,1,288699
sample,1024,512,vec4,2,297562
sample,1024,512,vec4,3,292926
sample,1024,512,vec4,4,288326
sample,1024,512,vec4,5,289493
sample,1024,512,vec4,6,323694
sample,1024,512,vec4,7,289280
sample,1024,512,vec4,8,287738
sample,1024,512,vec4,9,288485
sample,1024,512,vec4,10,288041
sample,1024,512,vec4,11,291092
sample,1024,512,vec4,12,289611
sample,1024,512,vec4,13,287548
sample,1024,512,vec4,14,289378
sample,1024,512,vec4,15,288731
sample,1024,512,vec4,16,287557
sample,1024,512,vec4,17,290971
sample,1024,512,vec4,18,300084
sample,1024,512,vec4,19,287440
sample,1024,512,vec4,20,289642
sample,1024,512,vec4,21,287923
sample,1024,512,vec4,22,290889
sample,1024,512,vec4,23,289072
sample,1024,512,vec4,24,290344
sample,1024,512,vec4,25,287362
sample,1024,512,vec4,26,291175
sample,1024,512,vec4,27,288806
sample,1024,512,vec4,28,286880
sample,1024,512,vec4,29,288525
measured,1024,512,fused2,65536,262144,5,30,9,267004,297135,0949b62ffc70d026,7663f0c9d3466943,none,none
sample,1024,512,fused2,0,266349
sample,1024,512,fused2,1,266774
sample,1024,512,fused2,2,266253
sample,1024,512,fused2,3,266511
sample,1024,512,fused2,4,268569
sample,1024,512,fused2,5,270000
sample,1024,512,fused2,6,431125
sample,1024,512,fused2,7,295200
sample,1024,512,fused2,8,270362
sample,1024,512,fused2,9,266851
sample,1024,512,fused2,10,266459
sample,1024,512,fused2,11,267928
sample,1024,512,fused2,12,277703
sample,1024,512,fused2,13,266167
sample,1024,512,fused2,14,297135
sample,1024,512,fused2,15,267506
sample,1024,512,fused2,16,266168
sample,1024,512,fused2,17,266359
sample,1024,512,fused2,18,269941
sample,1024,512,fused2,19,272697
sample,1024,512,fused2,20,269252
sample,1024,512,fused2,21,265977
sample,1024,512,fused2,22,268015
sample,1024,512,fused2,23,266842
sample,1024,512,fused2,24,267455
sample,1024,512,fused2,25,266358
sample,1024,512,fused2,26,266499
sample,1024,512,fused2,27,267004
sample,1024,512,fused2,28,267731
sample,1024,512,fused2,29,266577
measured,1024,512,tile8,65536,262144,5,30,8,245972,255973,0949b62ffc70d026,7663f0c9d3466943,none,none
sample,1024,512,tile8,0,245685
sample,1024,512,tile8,1,246724
sample,1024,512,tile8,2,245540
sample,1024,512,tile8,3,244356
sample,1024,512,tile8,4,247392
sample,1024,512,tile8,5,246802
sample,1024,512,tile8,6,246281
sample,1024,512,tile8,7,245457
sample,1024,512,tile8,8,246063
sample,1024,512,tile8,9,245747
sample,1024,512,tile8,10,255973
sample,1024,512,tile8,11,245411
sample,1024,512,tile8,12,246966
sample,1024,512,tile8,13,246649
sample,1024,512,tile8,14,244812
sample,1024,512,tile8,15,248902
sample,1024,512,tile8,16,244380
sample,1024,512,tile8,17,245346
sample,1024,512,tile8,18,255370
sample,1024,512,tile8,19,247627
sample,1024,512,tile8,20,247091
sample,1024,512,tile8,21,245879
sample,1024,512,tile8,22,245972
sample,1024,512,tile8,23,245863
sample,1024,512,tile8,24,246399
sample,1024,512,tile8,25,245302
sample,1024,512,tile8,26,256706
sample,1024,512,tile8,27,246257
sample,1024,512,tile8,28,245933
sample,1024,512,tile8,29,244849
measured,1024,2048,vec4,262144,1048576,5,30,10,292111,300995,2d4a1c573b9665e7,d32c613321b43c7f,none,none
sample,1024,2048,vec4,0,291529
sample,1024,2048,vec4,1,291847
sample,1024,2048,vec4,2,291876
sample,1024,2048,vec4,3,293633
sample,1024,2048,vec4,4,290794
sample,1024,2048,vec4,5,292111
sample,1024,2048,vec4,6,292399
sample,1024,2048,vec4,7,291248
sample,1024,2048,vec4,8,293172
sample,1024,2048,vec4,9,300995
sample,1024,2048,vec4,10,467177
sample,1024,2048,vec4,11,293365
sample,1024,2048,vec4,12,289593
sample,1024,2048,vec4,13,292184
sample,1024,2048,vec4,14,290910
sample,1024,2048,vec4,15,292706
sample,1024,2048,vec4,16,291257
sample,1024,2048,vec4,17,296231
sample,1024,2048,vec4,18,293605
sample,1024,2048,vec4,19,291394
sample,1024,2048,vec4,20,292866
sample,1024,2048,vec4,21,290943
sample,1024,2048,vec4,22,292149
sample,1024,2048,vec4,23,291700
sample,1024,2048,vec4,24,291426
sample,1024,2048,vec4,25,292680
sample,1024,2048,vec4,26,290646
sample,1024,2048,vec4,27,292176
sample,1024,2048,vec4,28,291692
sample,1024,2048,vec4,29,292231
measured,1024,2048,fused2,262144,1048576,5,30,9,270202,283909,2d4a1c573b9665e7,d32c613321b43c7f,none,none
sample,1024,2048,fused2,0,269193
sample,1024,2048,fused2,1,270037
sample,1024,2048,fused2,2,271675
sample,1024,2048,fused2,3,270479
sample,1024,2048,fused2,4,269503
sample,1024,2048,fused2,5,272484
sample,1024,2048,fused2,6,269447
sample,1024,2048,fused2,7,272950
sample,1024,2048,fused2,8,270089
sample,1024,2048,fused2,9,270202
sample,1024,2048,fused2,10,269706
sample,1024,2048,fused2,11,283625
sample,1024,2048,fused2,12,280342
sample,1024,2048,fused2,13,271358
sample,1024,2048,fused2,14,283042
sample,1024,2048,fused2,15,269171
sample,1024,2048,fused2,16,293096
sample,1024,2048,fused2,17,270015
sample,1024,2048,fused2,18,271104
sample,1024,2048,fused2,19,269746
sample,1024,2048,fused2,20,270648
sample,1024,2048,fused2,21,269883
sample,1024,2048,fused2,22,270890
sample,1024,2048,fused2,23,283909
sample,1024,2048,fused2,24,270031
sample,1024,2048,fused2,25,270069
sample,1024,2048,fused2,26,269626
sample,1024,2048,fused2,27,269666
sample,1024,2048,fused2,28,270531
sample,1024,2048,fused2,29,270700
measured,1024,2048,tile8,262144,1048576,5,30,8,251099,262826,2d4a1c573b9665e7,d32c613321b43c7f,none,none
sample,1024,2048,tile8,0,250142
sample,1024,2048,tile8,1,252303
sample,1024,2048,tile8,2,251414
sample,1024,2048,tile8,3,258849
sample,1024,2048,tile8,4,258033
sample,1024,2048,tile8,5,251500
sample,1024,2048,tile8,6,251834
sample,1024,2048,tile8,7,259983
sample,1024,2048,tile8,8,250893
sample,1024,2048,tile8,9,250877
sample,1024,2048,tile8,10,274917
sample,1024,2048,tile8,11,248459
sample,1024,2048,tile8,12,251878
sample,1024,2048,tile8,13,251065
sample,1024,2048,tile8,14,249927
sample,1024,2048,tile8,15,262826
sample,1024,2048,tile8,16,250382
sample,1024,2048,tile8,17,251360
sample,1024,2048,tile8,18,251099
sample,1024,2048,tile8,19,252579
sample,1024,2048,tile8,20,251722
sample,1024,2048,tile8,21,262094
sample,1024,2048,tile8,22,250620
sample,1024,2048,tile8,23,250578
sample,1024,2048,tile8,24,250755
sample,1024,2048,tile8,25,251081
sample,1024,2048,tile8,26,250108
sample,1024,2048,tile8,27,261964
sample,1024,2048,tile8,28,249745
sample,1024,2048,tile8,29,250358
measured,4096,128,vec4,65536,262144,5,30,12,333877,342202,d878e557b6daedce,8cc85ceb09c8efed,none,none
sample,4096,128,vec4,0,342202
sample,4096,128,vec4,1,333911
sample,4096,128,vec4,2,334633
sample,4096,128,vec4,3,334774
sample,4096,128,vec4,4,333355
sample,4096,128,vec4,5,334682
sample,4096,128,vec4,6,333805
sample,4096,128,vec4,7,333072
sample,4096,128,vec4,8,333440
sample,4096,128,vec4,9,333658
sample,4096,128,vec4,10,333920
sample,4096,128,vec4,11,334889
sample,4096,128,vec4,12,334541
sample,4096,128,vec4,13,334573
sample,4096,128,vec4,14,333877
sample,4096,128,vec4,15,343898
sample,4096,128,vec4,16,332810
sample,4096,128,vec4,17,335029
sample,4096,128,vec4,18,337863
sample,4096,128,vec4,19,333174
sample,4096,128,vec4,20,331046
sample,4096,128,vec4,21,333811
sample,4096,128,vec4,22,336102
sample,4096,128,vec4,23,331585
sample,4096,128,vec4,24,331334
sample,4096,128,vec4,25,332163
sample,4096,128,vec4,26,334470
sample,4096,128,vec4,27,332927
sample,4096,128,vec4,28,332435
sample,4096,128,vec4,29,335511
measured,4096,128,fused2,65536,262144,5,30,11,313241,323888,d878e557b6daedce,8cc85ceb09c8efed,none,none
sample,4096,128,fused2,0,314933
sample,4096,128,fused2,1,313575
sample,4096,128,fused2,2,314591
sample,4096,128,fused2,3,312578
sample,4096,128,fused2,4,313640
sample,4096,128,fused2,5,314617
sample,4096,128,fused2,6,314564
sample,4096,128,fused2,7,312959
sample,4096,128,fused2,8,313272
sample,4096,128,fused2,9,311483
sample,4096,128,fused2,10,312899
sample,4096,128,fused2,11,315139
sample,4096,128,fused2,12,313641
sample,4096,128,fused2,13,312432
sample,4096,128,fused2,14,313241
sample,4096,128,fused2,15,312989
sample,4096,128,fused2,16,312296
sample,4096,128,fused2,17,312265
sample,4096,128,fused2,18,314821
sample,4096,128,fused2,19,312585
sample,4096,128,fused2,20,312503
sample,4096,128,fused2,21,312802
sample,4096,128,fused2,22,334859
sample,4096,128,fused2,23,313783
sample,4096,128,fused2,24,312722
sample,4096,128,fused2,25,323888
sample,4096,128,fused2,26,312586
sample,4096,128,fused2,27,312786
sample,4096,128,fused2,28,314554
sample,4096,128,fused2,29,313473
measured,4096,128,tile8,65536,262144,5,30,10,292684,307797,d878e557b6daedce,8cc85ceb09c8efed,none,none
sample,4096,128,tile8,0,292879
sample,4096,128,tile8,1,293511
sample,4096,128,tile8,2,294017
sample,4096,128,tile8,3,292030
sample,4096,128,tile8,4,296341
sample,4096,128,tile8,5,293006
sample,4096,128,tile8,6,292327
sample,4096,128,tile8,7,306834
sample,4096,128,tile8,8,292601
sample,4096,128,tile8,9,292180
sample,4096,128,tile8,10,291742
sample,4096,128,tile8,11,303746
sample,4096,128,tile8,12,292298
sample,4096,128,tile8,13,291689
sample,4096,128,tile8,14,295953
sample,4096,128,tile8,15,292232
sample,4096,128,tile8,16,291218
sample,4096,128,tile8,17,294616
sample,4096,128,tile8,18,293824
sample,4096,128,tile8,19,292076
sample,4096,128,tile8,20,290553
sample,4096,128,tile8,21,291579
sample,4096,128,tile8,22,292266
sample,4096,128,tile8,23,296688
sample,4096,128,tile8,24,291698
sample,4096,128,tile8,25,312914
sample,4096,128,tile8,26,295883
sample,4096,128,tile8,27,307797
sample,4096,128,tile8,28,293694
sample,4096,128,tile8,29,292684
measured,4096,512,vec4,262144,1048576,5,30,12,336743,345459,07e875993970433c,207dceeda1be3f5b,none,none
sample,4096,512,vec4,0,339202
sample,4096,512,vec4,1,337894
sample,4096,512,vec4,2,337671
sample,4096,512,vec4,3,337899
sample,4096,512,vec4,4,337631
sample,4096,512,vec4,5,338253
sample,4096,512,vec4,6,338379
sample,4096,512,vec4,7,338754
sample,4096,512,vec4,8,347453
sample,4096,512,vec4,9,335238
sample,4096,512,vec4,10,340152
sample,4096,512,vec4,11,336743
sample,4096,512,vec4,12,335991
sample,4096,512,vec4,13,335053
sample,4096,512,vec4,14,336628
sample,4096,512,vec4,15,336408
sample,4096,512,vec4,16,336036
sample,4096,512,vec4,17,337110
sample,4096,512,vec4,18,337358
sample,4096,512,vec4,19,335599
sample,4096,512,vec4,20,335779
sample,4096,512,vec4,21,335398
sample,4096,512,vec4,22,335266
sample,4096,512,vec4,23,336502
sample,4096,512,vec4,24,336411
sample,4096,512,vec4,25,335046
sample,4096,512,vec4,26,336963
sample,4096,512,vec4,27,345459
sample,4096,512,vec4,28,336142
sample,4096,512,vec4,29,337239
measured,4096,512,fused2,262144,1048576,5,30,11,316452,329675,07e875993970433c,207dceeda1be3f5b,none,none
sample,4096,512,fused2,0,318622
sample,4096,512,fused2,1,314349
sample,4096,512,fused2,2,316692
sample,4096,512,fused2,3,318846
sample,4096,512,fused2,4,317693
sample,4096,512,fused2,5,318613
sample,4096,512,fused2,6,317404
sample,4096,512,fused2,7,318518
sample,4096,512,fused2,8,335568
sample,4096,512,fused2,9,316544
sample,4096,512,fused2,10,317338
sample,4096,512,fused2,11,315502
sample,4096,512,fused2,12,315295
sample,4096,512,fused2,13,327321
sample,4096,512,fused2,14,317829
sample,4096,512,fused2,15,315137
sample,4096,512,fused2,16,314408
sample,4096,512,fused2,17,317351
sample,4096,512,fused2,18,315104
sample,4096,512,fused2,19,314485
sample,4096,512,fused2,20,316452
sample,4096,512,fused2,21,316323
sample,4096,512,fused2,22,315136
sample,4096,512,fused2,23,315936
sample,4096,512,fused2,24,329675
sample,4096,512,fused2,25,315844
sample,4096,512,fused2,26,315369
sample,4096,512,fused2,27,315461
sample,4096,512,fused2,28,316512
sample,4096,512,fused2,29,315077
measured,4096,512,tile8,262144,1048576,5,30,10,297477,308773,07e875993970433c,207dceeda1be3f5b,none,none
sample,4096,512,tile8,0,298184
sample,4096,512,tile8,1,298790
sample,4096,512,tile8,2,297824
sample,4096,512,tile8,3,301048
sample,4096,512,tile8,4,300675
sample,4096,512,tile8,5,299130
sample,4096,512,tile8,6,314192
sample,4096,512,tile8,7,298316
sample,4096,512,tile8,8,297817
sample,4096,512,tile8,9,297278
sample,4096,512,tile8,10,308773
sample,4096,512,tile8,11,295993
sample,4096,512,tile8,12,297624
sample,4096,512,tile8,13,296674
sample,4096,512,tile8,14,296831
sample,4096,512,tile8,15,296619
sample,4096,512,tile8,16,296547
sample,4096,512,tile8,17,296852
sample,4096,512,tile8,18,296467
sample,4096,512,tile8,19,295997
sample,4096,512,tile8,20,299466
sample,4096,512,tile8,21,296503
sample,4096,512,tile8,22,296579
sample,4096,512,tile8,23,296803
sample,4096,512,tile8,24,296707
sample,4096,512,tile8,25,298328
sample,4096,512,tile8,26,297477
sample,4096,512,tile8,27,297098
sample,4096,512,tile8,28,299752
sample,4096,512,tile8,29,299477
measured,4096,2048,vec4,1048576,4194304,5,30,12,348112,476221,4143a88e49ed614b,e0842ad8f72c0c9f,none,none
sample,4096,2048,vec4,0,347692
sample,4096,2048,vec4,1,351915
sample,4096,2048,vec4,2,347221
sample,4096,2048,vec4,3,346128
sample,4096,2048,vec4,4,361114
sample,4096,2048,vec4,5,348617
sample,4096,2048,vec4,6,346637
sample,4096,2048,vec4,7,385029
sample,4096,2048,vec4,8,476221
sample,4096,2048,vec4,9,346978
sample,4096,2048,vec4,10,346384
sample,4096,2048,vec4,11,348081
sample,4096,2048,vec4,12,347225
sample,4096,2048,vec4,13,541764
sample,4096,2048,vec4,14,347475
sample,4096,2048,vec4,15,348058
sample,4096,2048,vec4,16,352075
sample,4096,2048,vec4,17,350337
sample,4096,2048,vec4,18,349110
sample,4096,2048,vec4,19,348870
sample,4096,2048,vec4,20,348502
sample,4096,2048,vec4,21,346018
sample,4096,2048,vec4,22,347875
sample,4096,2048,vec4,23,348112
sample,4096,2048,vec4,24,348241
sample,4096,2048,vec4,25,349473
sample,4096,2048,vec4,26,350031
sample,4096,2048,vec4,27,346662
sample,4096,2048,vec4,28,347349
sample,4096,2048,vec4,29,348320
measured,4096,2048,fused2,1048576,4194304,5,30,11,327550,444891,4143a88e49ed614b,e0842ad8f72c0c9f,none,none
sample,4096,2048,fused2,0,326246
sample,4096,2048,fused2,1,327594
sample,4096,2048,fused2,2,327414
sample,4096,2048,fused2,3,325999
sample,4096,2048,fused2,4,325603
sample,4096,2048,fused2,5,327550
sample,4096,2048,fused2,6,325535
sample,4096,2048,fused2,7,460268
sample,4096,2048,fused2,8,444891
sample,4096,2048,fused2,9,329769
sample,4096,2048,fused2,10,330716
sample,4096,2048,fused2,11,326437
sample,4096,2048,fused2,12,327307
sample,4096,2048,fused2,13,333558
sample,4096,2048,fused2,14,326884
sample,4096,2048,fused2,15,326464
sample,4096,2048,fused2,16,329624
sample,4096,2048,fused2,17,328286
sample,4096,2048,fused2,18,329332
sample,4096,2048,fused2,19,329031
sample,4096,2048,fused2,20,327980
sample,4096,2048,fused2,21,326878
sample,4096,2048,fused2,22,344358
sample,4096,2048,fused2,23,326272
sample,4096,2048,fused2,24,326901
sample,4096,2048,fused2,25,327877
sample,4096,2048,fused2,26,347128
sample,4096,2048,fused2,27,326771
sample,4096,2048,fused2,28,325865
sample,4096,2048,fused2,29,329431
measured,4096,2048,tile8,1048576,4194304,5,30,10,316258,414264,4143a88e49ed614b,e0842ad8f72c0c9f,none,none
sample,4096,2048,tile8,0,315877
sample,4096,2048,tile8,1,317585
sample,4096,2048,tile8,2,315301
sample,4096,2048,tile8,3,314535
sample,4096,2048,tile8,4,315206
sample,4096,2048,tile8,5,313717
sample,4096,2048,tile8,6,350033
sample,4096,2048,tile8,7,319422
sample,4096,2048,tile8,8,414264
sample,4096,2048,tile8,9,317677
sample,4096,2048,tile8,10,315473
sample,4096,2048,tile8,11,316861
sample,4096,2048,tile8,12,375775
sample,4096,2048,tile8,13,579399
sample,4096,2048,tile8,14,316026
sample,4096,2048,tile8,15,313896
sample,4096,2048,tile8,16,330548
sample,4096,2048,tile8,17,339180
sample,4096,2048,tile8,18,317018
sample,4096,2048,tile8,19,331950
sample,4096,2048,tile8,20,316258
sample,4096,2048,tile8,21,314709
sample,4096,2048,tile8,22,314169
sample,4096,2048,tile8,23,318107
sample,4096,2048,tile8,24,316817
sample,4096,2048,tile8,25,315981
sample,4096,2048,tile8,26,316417
sample,4096,2048,tile8,27,315938
sample,4096,2048,tile8,28,316000
sample,4096,2048,tile8,29,313774
measured,16384,128,vec4,262144,1048576,5,30,14,383205,560990,318e48fc80dadb1f,a09bc0e13ecf9bf8,none,none
sample,16384,128,vec4,0,400095
sample,16384,128,vec4,1,384293
sample,16384,128,vec4,2,422457
sample,16384,128,vec4,3,561522
sample,16384,128,vec4,4,387673
sample,16384,128,vec4,5,379896
sample,16384,128,vec4,6,381805
sample,16384,128,vec4,7,384134
sample,16384,128,vec4,8,382060
sample,16384,128,vec4,9,381356
sample,16384,128,vec4,10,387729
sample,16384,128,vec4,11,383205
sample,16384,128,vec4,12,382837
sample,16384,128,vec4,13,383179
sample,16384,128,vec4,14,384175
sample,16384,128,vec4,15,382552
sample,16384,128,vec4,16,382905
sample,16384,128,vec4,17,560063
sample,16384,128,vec4,18,386116
sample,16384,128,vec4,19,383303
sample,16384,128,vec4,20,383020
sample,16384,128,vec4,21,380214
sample,16384,128,vec4,22,560990
sample,16384,128,vec4,23,382558
sample,16384,128,vec4,24,380062
sample,16384,128,vec4,25,390718
sample,16384,128,vec4,26,384502
sample,16384,128,vec4,27,379864
sample,16384,128,vec4,28,381074
sample,16384,128,vec4,29,388071
measured,16384,128,fused2,262144,1048576,5,30,13,364692,402012,318e48fc80dadb1f,a09bc0e13ecf9bf8,none,none
sample,16384,128,fused2,0,365813
sample,16384,128,fused2,1,380084
sample,16384,128,fused2,2,363609
sample,16384,128,fused2,3,360795
sample,16384,128,fused2,4,365196
sample,16384,128,fused2,5,364201
sample,16384,128,fused2,6,364165
sample,16384,128,fused2,7,384809
sample,16384,128,fused2,8,363418
sample,16384,128,fused2,9,372430
sample,16384,128,fused2,10,377116
sample,16384,128,fused2,11,362534
sample,16384,128,fused2,12,363728
sample,16384,128,fused2,13,364089
sample,16384,128,fused2,14,375847
sample,16384,128,fused2,15,376632
sample,16384,128,fused2,16,364692
sample,16384,128,fused2,17,402012
sample,16384,128,fused2,18,364046
sample,16384,128,fused2,19,362318
sample,16384,128,fused2,20,384262
sample,16384,128,fused2,21,374027
sample,16384,128,fused2,22,369198
sample,16384,128,fused2,23,361396
sample,16384,128,fused2,24,360672
sample,16384,128,fused2,25,363459
sample,16384,128,fused2,26,378286
sample,16384,128,fused2,27,358631
sample,16384,128,fused2,28,384265
sample,16384,128,fused2,29,417743
measured,16384,128,tile8,262144,1048576,5,30,12,343648,507584,318e48fc80dadb1f,a09bc0e13ecf9bf8,none,none
sample,16384,128,tile8,0,2103632
sample,16384,128,tile8,1,343067
sample,16384,128,tile8,2,507584
sample,16384,128,tile8,3,380613
sample,16384,128,tile8,4,344306
sample,16384,128,tile8,5,342697
sample,16384,128,tile8,6,345762
sample,16384,128,tile8,7,342372
sample,16384,128,tile8,8,342435
sample,16384,128,tile8,9,342053
sample,16384,128,tile8,10,341740
sample,16384,128,tile8,11,344218
sample,16384,128,tile8,12,342321
sample,16384,128,tile8,13,343727
sample,16384,128,tile8,14,343851
sample,16384,128,tile8,15,343565
sample,16384,128,tile8,16,343502
sample,16384,128,tile8,17,359146
sample,16384,128,tile8,18,343648
sample,16384,128,tile8,19,342747
sample,16384,128,tile8,20,343884
sample,16384,128,tile8,21,342408
sample,16384,128,tile8,22,376729
sample,16384,128,tile8,23,343718
sample,16384,128,tile8,24,342808
sample,16384,128,tile8,25,343868
sample,16384,128,tile8,26,341034
sample,16384,128,tile8,27,339735
sample,16384,128,tile8,28,343668
sample,16384,128,tile8,29,343834
measured,16384,512,vec4,1048576,4194304,5,30,14,395297,434207,08b87a1ca99fa7b8,cc66b7b8fae87df4,none,none
sample,16384,512,vec4,0,393452
sample,16384,512,vec4,1,396274
sample,16384,512,vec4,2,394253
sample,16384,512,vec4,3,393599
sample,16384,512,vec4,4,394127
sample,16384,512,vec4,5,423236
sample,16384,512,vec4,6,396165
sample,16384,512,vec4,7,394389
sample,16384,512,vec4,8,397239
sample,16384,512,vec4,9,559876
sample,16384,512,vec4,10,395945
sample,16384,512,vec4,11,396115
sample,16384,512,vec4,12,395235
sample,16384,512,vec4,13,395250
sample,16384,512,vec4,14,394746
sample,16384,512,vec4,15,406975
sample,16384,512,vec4,16,415165
sample,16384,512,vec4,17,396914
sample,16384,512,vec4,18,395577
sample,16384,512,vec4,19,396772
sample,16384,512,vec4,20,395297
sample,16384,512,vec4,21,394522
sample,16384,512,vec4,22,408333
sample,16384,512,vec4,23,394719
sample,16384,512,vec4,24,394904
sample,16384,512,vec4,25,403249
sample,16384,512,vec4,26,394725
sample,16384,512,vec4,27,434207
sample,16384,512,vec4,28,394076
sample,16384,512,vec4,29,394508
measured,16384,512,fused2,1048576,4194304,5,30,13,374458,411875,08b87a1ca99fa7b8,cc66b7b8fae87df4,none,none
sample,16384,512,fused2,0,373572
sample,16384,512,fused2,1,384465
sample,16384,512,fused2,2,374088
sample,16384,512,fused2,3,371836
sample,16384,512,fused2,4,386000
sample,16384,512,fused2,5,374458
sample,16384,512,fused2,6,376380
sample,16384,512,fused2,7,374746
sample,16384,512,fused2,8,372690
sample,16384,512,fused2,9,374671
sample,16384,512,fused2,10,375965
sample,16384,512,fused2,11,373531
sample,16384,512,fused2,12,374524
sample,16384,512,fused2,13,375727
sample,16384,512,fused2,14,374746
sample,16384,512,fused2,15,411875
sample,16384,512,fused2,16,375249
sample,16384,512,fused2,17,372280
sample,16384,512,fused2,18,374538
sample,16384,512,fused2,19,371888
sample,16384,512,fused2,20,372257
sample,16384,512,fused2,21,382285
sample,16384,512,fused2,22,373694
sample,16384,512,fused2,23,549108
sample,16384,512,fused2,24,373098
sample,16384,512,fused2,25,374557
sample,16384,512,fused2,26,372177
sample,16384,512,fused2,27,373243
sample,16384,512,fused2,28,374117
sample,16384,512,fused2,29,373191
measured,16384,512,tile8,1048576,4194304,5,30,12,362122,522413,08b87a1ca99fa7b8,cc66b7b8fae87df4,none,none
sample,16384,512,tile8,0,360917
sample,16384,512,tile8,1,361543
sample,16384,512,tile8,2,360629
sample,16384,512,tile8,3,361546
sample,16384,512,tile8,4,360306
sample,16384,512,tile8,5,375077
sample,16384,512,tile8,6,371887
sample,16384,512,tile8,7,361401
sample,16384,512,tile8,8,362165
sample,16384,512,tile8,9,395229
sample,16384,512,tile8,10,365600
sample,16384,512,tile8,11,362806
sample,16384,512,tile8,12,362788
sample,16384,512,tile8,13,373197
sample,16384,512,tile8,14,362005
sample,16384,512,tile8,15,534357
sample,16384,512,tile8,16,361193
sample,16384,512,tile8,17,362305
sample,16384,512,tile8,18,360017
sample,16384,512,tile8,19,364441
sample,16384,512,tile8,20,362293
sample,16384,512,tile8,21,361347
sample,16384,512,tile8,22,361550
sample,16384,512,tile8,23,403076
sample,16384,512,tile8,24,360127
sample,16384,512,tile8,25,362122
sample,16384,512,tile8,26,362423
sample,16384,512,tile8,27,360588
sample,16384,512,tile8,28,522413
sample,16384,512,tile8,29,361287
measured,16384,2048,vec4,4194304,16777216,5,30,14,439021,601594,6be3b72c15a212b9,3199380bd5011e6c,none,none
sample,16384,2048,vec4,0,451184
sample,16384,2048,vec4,1,437958
sample,16384,2048,vec4,2,437705
sample,16384,2048,vec4,3,450467
sample,16384,2048,vec4,4,437882
sample,16384,2048,vec4,5,439582
sample,16384,2048,vec4,6,439761
sample,16384,2048,vec4,7,439904
sample,16384,2048,vec4,8,439500
sample,16384,2048,vec4,9,439533
sample,16384,2048,vec4,10,438433
sample,16384,2048,vec4,11,443324
sample,16384,2048,vec4,12,2171141
sample,16384,2048,vec4,13,437240
sample,16384,2048,vec4,14,438086
sample,16384,2048,vec4,15,436330
sample,16384,2048,vec4,16,434666
sample,16384,2048,vec4,17,442638
sample,16384,2048,vec4,18,437660
sample,16384,2048,vec4,19,436654
sample,16384,2048,vec4,20,601594
sample,16384,2048,vec4,21,586778
sample,16384,2048,vec4,22,440570
sample,16384,2048,vec4,23,439021
sample,16384,2048,vec4,24,438875
sample,16384,2048,vec4,25,437363
sample,16384,2048,vec4,26,463039
sample,16384,2048,vec4,27,437841
sample,16384,2048,vec4,28,437147
sample,16384,2048,vec4,29,459847
measured,16384,2048,fused2,4194304,16777216,5,30,13,417248,476399,6be3b72c15a212b9,3199380bd5011e6c,none,none
sample,16384,2048,fused2,0,421859
sample,16384,2048,fused2,1,416487
sample,16384,2048,fused2,2,416703
sample,16384,2048,fused2,3,418792
sample,16384,2048,fused2,4,418610
sample,16384,2048,fused2,5,432296
sample,16384,2048,fused2,6,418604
sample,16384,2048,fused2,7,416030
sample,16384,2048,fused2,8,420802
sample,16384,2048,fused2,9,417248
sample,16384,2048,fused2,10,421714
sample,16384,2048,fused2,11,476399
sample,16384,2048,fused2,12,420255
sample,16384,2048,fused2,13,416849
sample,16384,2048,fused2,14,416190
sample,16384,2048,fused2,15,416024
sample,16384,2048,fused2,16,417230
sample,16384,2048,fused2,17,417264
sample,16384,2048,fused2,18,418355
sample,16384,2048,fused2,19,417428
sample,16384,2048,fused2,20,455141
sample,16384,2048,fused2,21,416237
sample,16384,2048,fused2,22,417838
sample,16384,2048,fused2,23,416178
sample,16384,2048,fused2,24,414660
sample,16384,2048,fused2,25,539339
sample,16384,2048,fused2,26,416193
sample,16384,2048,fused2,27,416525
sample,16384,2048,fused2,28,415945
sample,16384,2048,fused2,29,416334
measured,16384,2048,tile8,4194304,16777216,5,30,12,434175,467016,6be3b72c15a212b9,3199380bd5011e6c,none,none
sample,16384,2048,tile8,0,436790
sample,16384,2048,tile8,1,434394
sample,16384,2048,tile8,2,445254
sample,16384,2048,tile8,3,435229
sample,16384,2048,tile8,4,433607
sample,16384,2048,tile8,5,433415
sample,16384,2048,tile8,6,434037
sample,16384,2048,tile8,7,434614
sample,16384,2048,tile8,8,433478
sample,16384,2048,tile8,9,432515
sample,16384,2048,tile8,10,432769
sample,16384,2048,tile8,11,434175
sample,16384,2048,tile8,12,434198
sample,16384,2048,tile8,13,433764
sample,16384,2048,tile8,14,438948
sample,16384,2048,tile8,15,433606
sample,16384,2048,tile8,16,432795
sample,16384,2048,tile8,17,439136
sample,16384,2048,tile8,18,434645
sample,16384,2048,tile8,19,432559
sample,16384,2048,tile8,20,434577
sample,16384,2048,tile8,21,467035
sample,16384,2048,tile8,22,442758
sample,16384,2048,tile8,23,432908
sample,16384,2048,tile8,24,433369
sample,16384,2048,tile8,25,467016
sample,16384,2048,tile8,26,433448
sample,16384,2048,tile8,27,435065
sample,16384,2048,tile8,28,434528
sample,16384,2048,tile8,29,431351
measured,65536,128,vec4,1048576,4194304,5,30,16,444079,574200,9ec0db29a14c575b,4098921c6b362ecd,none,none
sample,65536,128,vec4,0,445118
sample,65536,128,vec4,1,444666
sample,65536,128,vec4,2,574200
sample,65536,128,vec4,3,445156
sample,65536,128,vec4,4,442972
sample,65536,128,vec4,5,445831
sample,65536,128,vec4,6,445636
sample,65536,128,vec4,7,442229
sample,65536,128,vec4,8,446022
sample,65536,128,vec4,9,441674
sample,65536,128,vec4,10,441344
sample,65536,128,vec4,11,443862
sample,65536,128,vec4,12,443479
sample,65536,128,vec4,13,444314
sample,65536,128,vec4,14,440776
sample,65536,128,vec4,15,597141
sample,65536,128,vec4,16,444334
sample,65536,128,vec4,17,444079
sample,65536,128,vec4,18,441956
sample,65536,128,vec4,19,444023
sample,65536,128,vec4,20,444775
sample,65536,128,vec4,21,444306
sample,65536,128,vec4,22,443599
sample,65536,128,vec4,23,443004
sample,65536,128,vec4,24,455173
sample,65536,128,vec4,25,440968
sample,65536,128,vec4,26,440961
sample,65536,128,vec4,27,444317
sample,65536,128,vec4,28,443612
sample,65536,128,vec4,29,444213
measured,65536,128,fused2,1048576,4194304,5,30,15,423534,579017,9ec0db29a14c575b,4098921c6b362ecd,none,none
sample,65536,128,fused2,0,425927
sample,65536,128,fused2,1,422643
sample,65536,128,fused2,2,471268
sample,65536,128,fused2,3,424566
sample,65536,128,fused2,4,423631
sample,65536,128,fused2,5,437876
sample,65536,128,fused2,6,424339
sample,65536,128,fused2,7,422014
sample,65536,128,fused2,8,425796
sample,65536,128,fused2,9,424180
sample,65536,128,fused2,10,423842
sample,65536,128,fused2,11,423364
sample,65536,128,fused2,12,420399
sample,65536,128,fused2,13,423155
sample,65536,128,fused2,14,421047
sample,65536,128,fused2,15,579017
sample,65536,128,fused2,16,423170
sample,65536,128,fused2,17,421665
sample,65536,128,fused2,18,423534
sample,65536,128,fused2,19,422382
sample,65536,128,fused2,20,421109
sample,65536,128,fused2,21,445111
sample,65536,128,fused2,22,422845
sample,65536,128,fused2,23,424137
sample,65536,128,fused2,24,424958
sample,65536,128,fused2,25,582911
sample,65536,128,fused2,26,421507
sample,65536,128,fused2,27,421977
sample,65536,128,fused2,28,421975
sample,65536,128,fused2,29,434052
measured,65536,128,tile8,1048576,4194304,5,30,14,409090,448467,9ec0db29a14c575b,4098921c6b362ecd,none,none
sample,65536,128,tile8,0,410233
sample,65536,128,tile8,1,408737
sample,65536,128,tile8,2,422339
sample,65536,128,tile8,3,408193
sample,65536,128,tile8,4,408136
sample,65536,128,tile8,5,406219
sample,65536,128,tile8,6,409280
sample,65536,128,tile8,7,409090
sample,65536,128,tile8,8,410243
sample,65536,128,tile8,9,409974
sample,65536,128,tile8,10,407500
sample,65536,128,tile8,11,406490
sample,65536,128,tile8,12,406386
sample,65536,128,tile8,13,415248
sample,65536,128,tile8,14,448467
sample,65536,128,tile8,15,450481
sample,65536,128,tile8,16,421585
sample,65536,128,tile8,17,407298
sample,65536,128,tile8,18,422437
sample,65536,128,tile8,19,404642
sample,65536,128,tile8,20,407790
sample,65536,128,tile8,21,421792
sample,65536,128,tile8,22,404771
sample,65536,128,tile8,23,410353
sample,65536,128,tile8,24,406985
sample,65536,128,tile8,25,447304
sample,65536,128,tile8,26,412118
sample,65536,128,tile8,27,410451
sample,65536,128,tile8,28,408918
sample,65536,128,tile8,29,408339
measured,65536,512,vec4,4194304,16777216,5,30,16,492097,507379,84d06402da633040,29115d73667dee45,none,none
sample,65536,512,vec4,0,493003
sample,65536,512,vec4,1,495519
sample,65536,512,vec4,2,490971
sample,65536,512,vec4,3,490504
sample,65536,512,vec4,4,502736
sample,65536,512,vec4,5,491148
sample,65536,512,vec4,6,495931
sample,65536,512,vec4,7,493188
sample,65536,512,vec4,8,488878
sample,65536,512,vec4,9,491019
sample,65536,512,vec4,10,494363
sample,65536,512,vec4,11,491466
sample,65536,512,vec4,12,491088
sample,65536,512,vec4,13,489179
sample,65536,512,vec4,14,490178
sample,65536,512,vec4,15,493759
sample,65536,512,vec4,16,495985
sample,65536,512,vec4,17,493952
sample,65536,512,vec4,18,492001
sample,65536,512,vec4,19,491511
sample,65536,512,vec4,20,493904
sample,65536,512,vec4,21,507625
sample,65536,512,vec4,22,489805
sample,65536,512,vec4,23,492187
sample,65536,512,vec4,24,494018
sample,65536,512,vec4,25,507379
sample,65536,512,vec4,26,489725
sample,65536,512,vec4,27,492097
sample,65536,512,vec4,28,490369
sample,65536,512,vec4,29,492515
measured,65536,512,fused2,4194304,16777216,5,30,15,472520,483917,84d06402da633040,29115d73667dee45,none,none
sample,65536,512,fused2,0,474371
sample,65536,512,fused2,1,472720
sample,65536,512,fused2,2,483406
sample,65536,512,fused2,3,471326
sample,65536,512,fused2,4,472768
sample,65536,512,fused2,5,474921
sample,65536,512,fused2,6,472865
sample,65536,512,fused2,7,470255
sample,65536,512,fused2,8,469904
sample,65536,512,fused2,9,482562
sample,65536,512,fused2,10,472892
sample,65536,512,fused2,11,480871
sample,65536,512,fused2,12,471934
sample,65536,512,fused2,13,470160
sample,65536,512,fused2,14,473940
sample,65536,512,fused2,15,472269
sample,65536,512,fused2,16,473542
sample,65536,512,fused2,17,470016
sample,65536,512,fused2,18,472520
sample,65536,512,fused2,19,470296
sample,65536,512,fused2,20,468339
sample,65536,512,fused2,21,472701
sample,65536,512,fused2,22,471396
sample,65536,512,fused2,23,2170005
sample,65536,512,fused2,24,468980
sample,65536,512,fused2,25,469113
sample,65536,512,fused2,26,470730
sample,65536,512,fused2,27,483917
sample,65536,512,fused2,28,470984
sample,65536,512,fused2,29,481467
measured,65536,512,tile8,4194304,16777216,5,30,14,485282,492583,84d06402da633040,29115d73667dee45,none,none
sample,65536,512,tile8,0,485527
sample,65536,512,tile8,1,486830
sample,65536,512,tile8,2,486776
sample,65536,512,tile8,3,484164
sample,65536,512,tile8,4,483174
sample,65536,512,tile8,5,485449
sample,65536,512,tile8,6,499217
sample,65536,512,tile8,7,485555
sample,65536,512,tile8,8,485185
sample,65536,512,tile8,9,485370
sample,65536,512,tile8,10,484844
sample,65536,512,tile8,11,484801
sample,65536,512,tile8,12,485294
sample,65536,512,tile8,13,480252
sample,65536,512,tile8,14,486595
sample,65536,512,tile8,15,485282
sample,65536,512,tile8,16,485713
sample,65536,512,tile8,17,484680
sample,65536,512,tile8,18,485389
sample,65536,512,tile8,19,483103
sample,65536,512,tile8,20,492583
sample,65536,512,tile8,21,482812
sample,65536,512,tile8,22,487200
sample,65536,512,tile8,23,482627
sample,65536,512,tile8,24,487470
sample,65536,512,tile8,25,483988
sample,65536,512,tile8,26,483465
sample,65536,512,tile8,27,483300
sample,65536,512,tile8,28,485722
sample,65536,512,tile8,29,483606
skipped_limit,65536,2048,vec4,16777216,67108864,NA,NA,NA,NA,NA,NA,NA,cohort_dispatch_limit,none
skipped_limit,65536,2048,fused2,16777216,67108864,NA,NA,NA,NA,NA,NA,NA,cohort_dispatch_limit,none
skipped_limit,65536,2048,tile8,16777216,67108864,NA,NA,NA,NA,NA,NA,NA,cohort_dispatch_limit,none
measured,262144,128,vec4,4194304,16777216,5,30,18,553471,595335,603e59446e81431f,99960c282a7f4ca5,none,none
sample,262144,128,vec4,0,551177
sample,262144,128,vec4,1,550141
sample,262144,128,vec4,2,550687
sample,262144,128,vec4,3,601908
sample,262144,128,vec4,4,550377
sample,262144,128,vec4,5,552136
sample,262144,128,vec4,6,560172
sample,262144,128,vec4,7,588412
sample,262144,128,vec4,8,566928
sample,262144,128,vec4,9,553104
sample,262144,128,vec4,10,552305
sample,262144,128,vec4,11,561079
sample,262144,128,vec4,12,590708
sample,262144,128,vec4,13,549925
sample,262144,128,vec4,14,551100
sample,262144,128,vec4,15,554545
sample,262144,128,vec4,16,551598
sample,262144,128,vec4,17,556764
sample,262144,128,vec4,18,551199
sample,262144,128,vec4,19,548972
sample,262144,128,vec4,20,563369
sample,262144,128,vec4,21,555007
sample,262144,128,vec4,22,565037
sample,262144,128,vec4,23,550751
sample,262144,128,vec4,24,553484
sample,262144,128,vec4,25,554396
sample,262144,128,vec4,26,553471
sample,262144,128,vec4,27,565292
sample,262144,128,vec4,28,552604
sample,262144,128,vec4,29,595335
measured,262144,128,fused2,4194304,16777216,5,30,17,536803,586011,603e59446e81431f,99960c282a7f4ca5,none,none
sample,262144,128,fused2,0,534817
sample,262144,128,fused2,1,535761
sample,262144,128,fused2,2,534840
sample,262144,128,fused2,3,536799
sample,262144,128,fused2,4,535890
sample,262144,128,fused2,5,538269
sample,262144,128,fused2,6,586011
sample,262144,128,fused2,7,536003
sample,262144,128,fused2,8,537950
sample,262144,128,fused2,9,585539
sample,262144,128,fused2,10,538258
sample,262144,128,fused2,11,553290
sample,262144,128,fused2,12,695702
sample,262144,128,fused2,13,539754
sample,262144,128,fused2,14,535639
sample,262144,128,fused2,15,549589
sample,262144,128,fused2,16,536542
sample,262144,128,fused2,17,537632
sample,262144,128,fused2,18,535711
sample,262144,128,fused2,19,535777
sample,262144,128,fused2,20,535349
sample,262144,128,fused2,21,540195
sample,262144,128,fused2,22,553638
sample,262144,128,fused2,23,537624
sample,262144,128,fused2,24,534498
sample,262144,128,fused2,25,554202
sample,262144,128,fused2,26,534926
sample,262144,128,fused2,27,536803
sample,262144,128,fused2,28,534636
sample,262144,128,fused2,29,549104
measured,262144,128,tile8,4194304,16777216,5,30,16,537284,686717,603e59446e81431f,99960c282a7f4ca5,none,none
sample,262144,128,tile8,0,550520
sample,262144,128,tile8,1,534274
sample,262144,128,tile8,2,537387
sample,262144,128,tile8,3,536337
sample,262144,128,tile8,4,692822
sample,262144,128,tile8,5,539055
sample,262144,128,tile8,6,674825
sample,262144,128,tile8,7,547007
sample,262144,128,tile8,8,567607
sample,262144,128,tile8,9,686717
sample,262144,128,tile8,10,537671
sample,262144,128,tile8,11,539772
sample,262144,128,tile8,12,546678
sample,262144,128,tile8,13,536559
sample,262144,128,tile8,14,535658
sample,262144,128,tile8,15,535990
sample,262144,128,tile8,16,536872
sample,262144,128,tile8,17,549501
sample,262144,128,tile8,18,537284
sample,262144,128,tile8,19,548698
sample,262144,128,tile8,20,536505
sample,262144,128,tile8,21,555327
sample,262144,128,tile8,22,535236
sample,262144,128,tile8,23,545774
sample,262144,128,tile8,24,534820
sample,262144,128,tile8,25,536428
sample,262144,128,tile8,26,534138
sample,262144,128,tile8,27,535794
sample,262144,128,tile8,28,536008
sample,262144,128,tile8,29,534727
skipped_limit,262144,512,vec4,16777216,67108864,NA,NA,NA,NA,NA,NA,NA,cohort_dispatch_limit,none
skipped_limit,262144,512,fused2,16777216,67108864,NA,NA,NA,NA,NA,NA,NA,cohort_dispatch_limit,none
skipped_limit,262144,512,tile8,16777216,67108864,NA,NA,NA,NA,NA,NA,NA,cohort_dispatch_limit,none
skipped_limit,262144,2048,vec4,67108864,268435456,NA,NA,NA,NA,NA,NA,NA,cohort_dispatch_limit,none
skipped_limit,262144,2048,fused2,67108864,268435456,NA,NA,NA,NA,NA,NA,NA,cohort_dispatch_limit,none
skipped_limit,262144,2048,tile8,67108864,268435456,NA,NA,NA,NA,NA,NA,NA,cohort_dispatch_limit,none
skipped_limit,1048576,128,vec4,16777216,67108864,NA,NA,NA,NA,NA,NA,NA,cohort_dispatch_limit,none
skipped_limit,1048576,128,fused2,16777216,67108864,NA,NA,NA,NA,NA,NA,NA,cohort_dispatch_limit,none
skipped_limit,1048576,128,tile8,16777216,67108864,NA,NA,NA,NA,NA,NA,NA,cohort_dispatch_limit,none
skipped_limit,1048576,512,vec4,67108864,268435456,NA,NA,NA,NA,NA,NA,NA,cohort_dispatch_limit,none
skipped_limit,1048576,512,fused2,67108864,268435456,NA,NA,NA,NA,NA,NA,NA,cohort_dispatch_limit,none
skipped_limit,1048576,512,tile8,67108864,268435456,NA,NA,NA,NA,NA,NA,NA,cohort_dispatch_limit,none
skipped_limit,1048576,2048,vec4,268435456,1073741824,NA,NA,NA,NA,NA,NA,NA,cohort_dispatch_limit,none
skipped_limit,1048576,2048,fused2,268435456,1073741824,NA,NA,NA,NA,NA,NA,NA,cohort_dispatch_limit,none
skipped_limit,1048576,2048,tile8,268435456,1073741824,NA,NA,NA,NA,NA,NA,NA,cohort_dispatch_limit,none
qualification_status=complete
