benchmark=pvp3d_three_candidate_same_device
source_revision=2fc5ad2ca4f5c27e2b1fdbb0ed328e6820e273af
explicit_map_transition=true
adapter=NVIDIA Tegra NVIDIA Thor
backend=Vulkan
device_type=IntegratedGpu
vendor_id=4318
device_id=11008
driver=NVIDIA
driver_info=580.00
hardware_measurement_eligible=true
physical_admission=external_remoteops_evidence_required
performance_claim=none
primary_timing_scope=resident_encode_plus_queue_submit_plus_device_wait
state_reset_scope=completed_before_timer
correctness_readback_scope=before_and_after_timing
candidate_order=ABC_ACB_BAC_BCA_CAB_CBA
resident_payload_scope=source_plus_three_states_excludes_driver_uniforms_and_readback
status,k,g,candidate,state_bytes,resident_payload_bytes,warmups,repeats,logical_dispatches,p50_ns,p95_ns,input_checksum,output_checksum,skip_reason,performance_claim
measured,256,128,vec4,4096,16384,5,30,8,413499,490359,4c67926a9205d7b4,956299587c8af4b4,none,none
sample,256,128,vec4,0,394933
sample,256,128,vec4,1,393331
sample,256,128,vec4,2,401989
sample,256,128,vec4,3,402101
sample,256,128,vec4,4,411868
sample,256,128,vec4,5,386999
sample,256,128,vec4,6,387935
sample,256,128,vec4,7,389166
sample,256,128,vec4,8,405507
sample,256,128,vec4,9,407055
sample,256,128,vec4,10,405046
sample,256,128,vec4,11,404257
sample,256,128,vec4,12,405870
sample,256,128,vec4,13,400508
sample,256,128,vec4,14,414868
sample,256,128,vec4,15,413499
sample,256,128,vec4,16,419379
sample,256,128,vec4,17,421897
sample,256,128,vec4,18,423859
sample,256,128,vec4,19,430878
sample,256,128,vec4,20,429471
sample,256,128,vec4,21,437240
sample,256,128,vec4,22,469897
sample,256,128,vec4,23,423285
sample,256,128,vec4,24,427045
sample,256,128,vec4,25,433877
sample,256,128,vec4,26,506462
sample,256,128,vec4,27,439037
sample,256,128,vec4,28,442063
sample,256,128,vec4,29,490359
measured,256,128,fused2,4096,16384,5,30,7,396943,440786,4c67926a9205d7b4,956299587c8af4b4,none,none
sample,256,128,fused2,0,373046
sample,256,128,fused2,1,379229
sample,256,128,fused2,2,378508
sample,256,128,fused2,3,386286
sample,256,128,fused2,4,418563
sample,256,128,fused2,5,373943
sample,256,128,fused2,6,368156
sample,256,128,fused2,7,377878
sample,256,128,fused2,8,380916
sample,256,128,fused2,9,380027
sample,256,128,fused2,10,387980
sample,256,128,fused2,11,386999
sample,256,128,fused2,12,383387
sample,256,128,fused2,13,440786
sample,256,128,fused2,14,387675
sample,256,128,fused2,15,385731
sample,256,128,fused2,16,397813
sample,256,128,fused2,17,396943
sample,256,128,fused2,18,403804
sample,256,128,fused2,19,410480
sample,256,128,fused2,20,407461
sample,256,128,fused2,21,407935
sample,256,128,fused2,22,406490
sample,256,128,fused2,23,398332
sample,256,128,fused2,24,398646
sample,256,128,fused2,25,414601
sample,256,128,fused2,26,456943
sample,256,128,fused2,27,418425
sample,256,128,fused2,28,412489
sample,256,128,fused2,29,410452
measured,256,128,tile8,4096,16384,5,30,6,366036,393601,4c67926a9205d7b4,956299587c8af4b4,none,none
sample,256,128,tile8,0,347490
sample,256,128,tile8,1,358342
sample,256,128,tile8,2,355851
sample,256,128,tile8,3,361601
sample,256,128,tile8,4,358424
sample,256,128,tile8,5,354581
sample,256,128,tile8,6,345758
sample,256,128,tile8,7,348555
sample,256,128,tile8,8,361702
sample,256,128,tile8,9,355794
sample,256,128,tile8,10,360119
sample,256,128,tile8,11,360425
sample,256,128,tile8,12,361842
sample,256,128,tile8,13,369165
sample,256,128,tile8,14,362101
sample,256,128,tile8,15,366758
sample,256,128,tile8,16,366036
sample,256,128,tile8,17,382184
sample,256,128,tile8,18,370267
sample,256,128,tile8,19,377980
sample,256,128,tile8,20,380822
sample,256,128,tile8,21,383055
sample,256,128,tile8,22,393313
sample,256,128,tile8,23,376128
sample,256,128,tile8,24,374610
sample,256,128,tile8,25,391090
sample,256,128,tile8,26,397378
sample,256,128,tile8,27,381777
sample,256,128,tile8,28,378860
sample,256,128,tile8,29,393601
measured,256,512,vec4,16384,65536,5,30,8,513582,548942,38bbe1f688e24d78,1c8bb372f8f1302e,none,none
sample,256,512,vec4,0,450055
sample,256,512,vec4,1,457035
sample,256,512,vec4,2,471164
sample,256,512,vec4,3,473138
sample,256,512,vec4,4,479757
sample,256,512,vec4,5,474860
sample,256,512,vec4,6,474720
sample,256,512,vec4,7,499286
sample,256,512,vec4,8,506323
sample,256,512,vec4,9,513582
sample,256,512,vec4,10,511553
sample,256,512,vec4,11,505035
sample,256,512,vec4,12,514323
sample,256,512,vec4,13,524082
sample,256,512,vec4,14,524238
sample,256,512,vec4,15,523507
sample,256,512,vec4,16,535516
sample,256,512,vec4,17,548942
sample,256,512,vec4,18,516545
sample,256,512,vec4,19,514887
sample,256,512,vec4,20,518489
sample,256,512,vec4,21,567461
sample,256,512,vec4,22,508294
sample,256,512,vec4,23,516387
sample,256,512,vec4,24,515925
sample,256,512,vec4,25,525166
sample,256,512,vec4,26,521859
sample,256,512,vec4,27,513322
sample,256,512,vec4,28,511165
sample,256,512,vec4,29,529156
measured,256,512,fused2,16384,65536,5,30,7,479304,489220,38bbe1f688e24d78,1c8bb372f8f1302e,none,none
sample,256,512,fused2,0,421378
sample,256,512,fused2,1,436861
sample,256,512,fused2,2,437110
sample,256,512,fused2,3,444822
sample,256,512,fused2,4,450100
sample,256,512,fused2,5,452073
sample,256,512,fused2,6,444971
sample,256,512,fused2,7,474785
sample,256,512,fused2,8,465100
sample,256,512,fused2,9,470785
sample,256,512,fused2,10,482424
sample,256,512,fused2,11,479092
sample,256,512,fused2,12,479304
sample,256,512,fused2,13,488591
sample,256,512,fused2,14,486231
sample,256,512,fused2,15,488499
sample,256,512,fused2,16,933470
sample,256,512,fused2,17,482629
sample,256,512,fused2,18,484406
sample,256,512,fused2,19,482942
sample,256,512,fused2,20,482183
sample,256,512,fused2,21,484610
sample,256,512,fused2,22,469479
sample,256,512,fused2,23,472341
sample,256,512,fused2,24,479294
sample,256,512,fused2,25,489220
sample,256,512,fused2,26,483490
sample,256,512,fused2,27,486740
sample,256,512,fused2,28,484518
sample,256,512,fused2,29,485044
measured,256,512,tile8,16384,65536,5,30,6,447647,481535,38bbe1f688e24d78,1c8bb372f8f1302e,none,none
sample,256,512,tile8,0,396370
sample,256,512,tile8,1,407322
sample,256,512,tile8,2,413239
sample,256,512,tile8,3,412240
sample,256,512,tile8,4,411962
sample,256,512,tile8,5,423555
sample,256,512,tile8,6,416221
sample,256,512,tile8,7,434397
sample,256,512,tile8,8,449933
sample,256,512,tile8,9,438387
sample,256,512,tile8,10,447295
sample,256,512,tile8,11,467174
sample,256,512,tile8,12,447748
sample,256,512,tile8,13,454083
sample,256,512,tile8,14,459165
sample,256,512,tile8,15,454073
sample,256,512,tile8,16,461583
sample,256,512,tile8,17,481563
sample,256,512,tile8,18,447647
sample,256,512,tile8,19,455222
sample,256,512,tile8,20,446776
sample,256,512,tile8,21,472081
sample,256,512,tile8,22,451526
sample,256,512,tile8,23,436935
sample,256,512,tile8,24,445275
sample,256,512,tile8,25,454833
sample,256,512,tile8,26,452702
sample,256,512,tile8,27,481535
sample,256,512,tile8,28,444101
sample,256,512,tile8,29,456637
measured,256,2048,vec4,65536,262144,5,30,8,341212,526619,c9e538e9f9dccedd,259153fc2c7bc4e7,none,none
sample,256,2048,vec4,0,515350
sample,256,2048,vec4,1,526694
sample,256,2048,vec4,2,526619
sample,256,2048,vec4,3,347157
sample,256,2048,vec4,4,342545
sample,256,2048,vec4,5,338286
sample,256,2048,vec4,6,342925
sample,256,2048,vec4,7,338481
sample,256,2048,vec4,8,341212
sample,256,2048,vec4,9,341693
sample,256,2048,vec4,10,343508
sample,256,2048,vec4,11,342620
sample,256,2048,vec4,12,340082
sample,256,2048,vec4,13,371110
sample,256,2048,vec4,14,341582
sample,256,2048,vec4,15,337462
sample,256,2048,vec4,16,336388
sample,256,2048,vec4,17,337694
sample,256,2048,vec4,18,336156
sample,256,2048,vec4,19,342703
sample,256,2048,vec4,20,357351
sample,256,2048,vec4,21,342110
sample,256,2048,vec4,22,336684
sample,256,2048,vec4,23,340795
sample,256,2048,vec4,24,338434
sample,256,2048,vec4,25,337360
sample,256,2048,vec4,26,345509
sample,256,2048,vec4,27,341045
sample,256,2048,vec4,28,340990
sample,256,2048,vec4,29,340351
measured,256,2048,fused2,65536,262144,5,30,7,307008,488962,c9e538e9f9dccedd,259153fc2c7bc4e7,none,none
sample,256,2048,fused2,0,479379
sample,256,2048,fused2,1,488962
sample,256,2048,fused2,2,490572
sample,256,2048,fused2,3,347851
sample,256,2048,fused2,4,304212
sample,256,2048,fused2,5,303175
sample,256,2048,fused2,6,303304
sample,256,2048,fused2,7,302869
sample,256,2048,fused2,8,306101
sample,256,2048,fused2,9,308434
sample,256,2048,fused2,10,308231
sample,256,2048,fused2,11,308324
sample,256,2048,fused2,12,306351
sample,256,2048,fused2,13,333804
sample,256,2048,fused2,14,304582
sample,256,2048,fused2,15,305453
sample,256,2048,fused2,16,308471
sample,256,2048,fused2,17,302009
sample,256,2048,fused2,18,303425
sample,256,2048,fused2,19,307509
sample,256,2048,fused2,20,358332
sample,256,2048,fused2,21,306851
sample,256,2048,fused2,22,307008
sample,256,2048,fused2,23,301295
sample,256,2048,fused2,24,305610
sample,256,2048,fused2,25,300230
sample,256,2048,fused2,26,308555
sample,256,2048,fused2,27,307138
sample,256,2048,fused2,28,307129
sample,256,2048,fused2,29,312258
measured,256,2048,tile8,65536,262144,5,30,6,277777,460647,c9e538e9f9dccedd,259153fc2c7bc4e7,none,none
sample,256,2048,tile8,0,464164
sample,256,2048,tile8,1,460647
sample,256,2048,tile8,2,460416
sample,256,2048,tile8,3,350193
sample,256,2048,tile8,4,278416
sample,256,2048,tile8,5,275740
sample,256,2048,tile8,6,273119
sample,256,2048,tile8,7,275241
sample,256,2048,tile8,8,279184
sample,256,2048,tile8,9,288897
sample,256,2048,tile8,10,278323
sample,256,2048,tile8,11,277962
sample,256,2048,tile8,12,280869
sample,256,2048,tile8,13,278008
sample,256,2048,tile8,14,277119
sample,256,2048,tile8,15,273314
sample,256,2048,tile8,16,275499
sample,256,2048,tile8,17,275832
sample,256,2048,tile8,18,278249
sample,256,2048,tile8,19,277175
sample,256,2048,tile8,20,324684
sample,256,2048,tile8,21,274740
sample,256,2048,tile8,22,275157
sample,256,2048,tile8,23,275638
sample,256,2048,tile8,24,276054
sample,256,2048,tile8,25,276036
sample,256,2048,tile8,26,278638
sample,256,2048,tile8,27,275777
sample,256,2048,tile8,28,277777
sample,256,2048,tile8,29,278767
measured,1024,128,vec4,16384,65536,5,30,10,416499,464379,26abf5bddd03bbc5,79acd556594188cd,none,none
sample,1024,128,vec4,0,456952
sample,1024,128,vec4,1,416499
sample,1024,128,vec4,2,423535
sample,1024,128,vec4,3,418768
sample,1024,128,vec4,4,411185
sample,1024,128,vec4,5,414952
sample,1024,128,vec4,6,435054
sample,1024,128,vec4,7,419907
sample,1024,128,vec4,8,423684
sample,1024,128,vec4,9,408600
sample,1024,128,vec4,10,413360
sample,1024,128,vec4,11,419638
sample,1024,128,vec4,12,413841
sample,1024,128,vec4,13,414758
sample,1024,128,vec4,14,435970
sample,1024,128,vec4,15,411702
sample,1024,128,vec4,16,410184
sample,1024,128,vec4,17,416268
sample,1024,128,vec4,18,417036
sample,1024,128,vec4,19,417915
sample,1024,128,vec4,20,416795
sample,1024,128,vec4,21,417518
sample,1024,128,vec4,22,419063
sample,1024,128,vec4,23,464379
sample,1024,128,vec4,24,416266
sample,1024,128,vec4,25,413647
sample,1024,128,vec4,26,413507
sample,1024,128,vec4,27,413545
sample,1024,128,vec4,28,414730
sample,1024,128,vec4,29,484712
measured,1024,128,fused2,16384,65536,5,30,9,382554,397840,26abf5bddd03bbc5,79acd556594188cd,none,none
sample,1024,128,fused2,0,391249
sample,1024,128,fused2,1,381229
sample,1024,128,fused2,2,378064
sample,1024,128,fused2,3,398961
sample,1024,128,fused2,4,379581
sample,1024,128,fused2,5,391999
sample,1024,128,fused2,6,389620
sample,1024,128,fused2,7,383981
sample,1024,128,fused2,8,380545
sample,1024,128,fused2,9,382193
sample,1024,128,fused2,10,376720
sample,1024,128,fused2,11,378693
sample,1024,128,fused2,12,382554
sample,1024,128,fused2,13,382692
sample,1024,128,fused2,14,383416
sample,1024,128,fused2,15,382525
sample,1024,128,fused2,16,380710
sample,1024,128,fused2,17,376935
sample,1024,128,fused2,18,383351
sample,1024,128,fused2,19,388045
sample,1024,128,fused2,20,377842
sample,1024,128,fused2,21,383989
sample,1024,128,fused2,22,383905
sample,1024,128,fused2,23,397840
sample,1024,128,fused2,24,381666
sample,1024,128,fused2,25,376101
sample,1024,128,fused2,26,377564
sample,1024,128,fused2,27,385212
sample,1024,128,fused2,28,383479
sample,1024,128,fused2,29,390646
measured,1024,128,tile8,16384,65536,5,30,8,343897,400434,26abf5bddd03bbc5,79acd556594188cd,none,none
sample,1024,128,tile8,0,344157
sample,1024,128,tile8,1,343897
sample,1024,128,tile8,2,355489
sample,1024,128,tile8,3,341647
sample,1024,128,tile8,4,343916
sample,1024,128,tile8,5,343008
sample,1024,128,tile8,6,350721
sample,1024,128,tile8,7,348406
sample,1024,128,tile8,8,407313
sample,1024,128,tile8,9,345517
sample,1024,128,tile8,10,339229
sample,1024,128,tile8,11,342434
sample,1024,128,tile8,12,343573
sample,1024,128,tile8,13,346962
sample,1024,128,tile8,14,400434
sample,1024,128,tile8,15,342546
sample,1024,128,tile8,16,339638
sample,1024,128,tile8,17,341240
sample,1024,128,tile8,18,342777
sample,1024,128,tile8,19,342148
sample,1024,128,tile8,20,343628
sample,1024,128,tile8,21,345766
sample,1024,128,tile8,22,342979
sample,1024,128,tile8,23,343175
sample,1024,128,tile8,24,338471
sample,1024,128,tile8,25,347416
sample,1024,128,tile8,26,346083
sample,1024,128,tile8,27,345628
sample,1024,128,tile8,28,344573
sample,1024,128,tile8,29,362184
measured,1024,512,vec4,65536,262144,5,30,10,415590,469924,0949b62ffc70d026,7663f0c9d3466943,none,none
sample,1024,512,vec4,0,415636
sample,1024,512,vec4,1,417027
sample,1024,512,vec4,2,409842
sample,1024,512,vec4,3,409526
sample,1024,512,vec4,4,416925
sample,1024,512,vec4,5,417879
sample,1024,512,vec4,6,413711
sample,1024,512,vec4,7,416073
sample,1024,512,vec4,8,418083
sample,1024,512,vec4,9,431313
sample,1024,512,vec4,10,469924
sample,1024,512,vec4,11,408545
sample,1024,512,vec4,12,409897
sample,1024,512,vec4,13,409860
sample,1024,512,vec4,14,415221
sample,1024,512,vec4,15,492619
sample,1024,512,vec4,16,439053
sample,1024,512,vec4,17,409888
sample,1024,512,vec4,18,409165
sample,1024,512,vec4,19,416814
sample,1024,512,vec4,20,414202
sample,1024,512,vec4,21,426516
sample,1024,512,vec4,22,414359
sample,1024,512,vec4,23,416925
sample,1024,512,vec4,24,415314
sample,1024,512,vec4,25,461286
sample,1024,512,vec4,26,408693
sample,1024,512,vec4,27,414460
sample,1024,512,vec4,28,418165
sample,1024,512,vec4,29,415590
measured,1024,512,fused2,65536,262144,5,30,9,381333,386767,0949b62ffc70d026,7663f0c9d3466943,none,none
sample,1024,512,fused2,0,384601
sample,1024,512,fused2,1,385295
sample,1024,512,fused2,2,382036
sample,1024,512,fused2,3,376619
sample,1024,512,fused2,4,386767
sample,1024,512,fused2,5,382618
sample,1024,512,fused2,6,380842
sample,1024,512,fused2,7,382452
sample,1024,512,fused2,8,381174
sample,1024,512,fused2,9,383081
sample,1024,512,fused2,10,379054
sample,1024,512,fused2,11,375351
sample,1024,512,fused2,12,377166
sample,1024,512,fused2,13,383064
sample,1024,512,fused2,14,382758
sample,1024,512,fused2,15,381333
sample,1024,512,fused2,16,391638
sample,1024,512,fused2,17,376036
sample,1024,512,fused2,18,378314
sample,1024,512,fused2,19,384610
sample,1024,512,fused2,20,380915
sample,1024,512,fused2,21,383684
sample,1024,512,fused2,22,383915
sample,1024,512,fused2,23,379554
sample,1024,512,fused2,24,380471
sample,1024,512,fused2,25,380925
sample,1024,512,fused2,26,375757
sample,1024,512,fused2,27,379258
sample,1024,512,fused2,28,382425
sample,1024,512,fused2,29,383888
measured,1024,512,tile8,65536,262144,5,30,8,349693,369620,0949b62ffc70d026,7663f0c9d3466943,none,none
sample,1024,512,tile8,0,351267
sample,1024,512,tile8,1,369620
sample,1024,512,tile8,2,346518
sample,1024,512,tile8,3,343508
sample,1024,512,tile8,4,345674
sample,1024,512,tile8,5,350249
sample,1024,512,tile8,6,355025
sample,1024,512,tile8,7,349999
sample,1024,512,tile8,8,349952
sample,1024,512,tile8,9,349092
sample,1024,512,tile8,10,355184
sample,1024,512,tile8,11,349877
sample,1024,512,tile8,12,346749
sample,1024,512,tile8,13,349693
sample,1024,512,tile8,14,348990
sample,1024,512,tile8,15,402331
sample,1024,512,tile8,16,351684
sample,1024,512,tile8,17,344073
sample,1024,512,tile8,18,342934
sample,1024,512,tile8,19,349166
sample,1024,512,tile8,20,349434
sample,1024,512,tile8,21,349166
sample,1024,512,tile8,22,350360
sample,1024,512,tile8,23,353592
sample,1024,512,tile8,24,350619
sample,1024,512,tile8,25,351165
sample,1024,512,tile8,26,345971
sample,1024,512,tile8,27,346730
sample,1024,512,tile8,28,348258
sample,1024,512,tile8,29,349981
measured,1024,2048,vec4,262144,1048576,5,30,10,419508,430406,2d4a1c573b9665e7,d32c613321b43c7f,none,none
sample,1024,2048,vec4,0,430406
sample,1024,2048,vec4,1,420776
sample,1024,2048,vec4,2,422998
sample,1024,2048,vec4,3,428286
sample,1024,2048,vec4,4,417896
sample,1024,2048,vec4,5,415072
sample,1024,2048,vec4,6,419323
sample,1024,2048,vec4,7,417323
sample,1024,2048,vec4,8,488814
sample,1024,2048,vec4,9,420823
sample,1024,2048,vec4,10,419286
sample,1024,2048,vec4,11,423749
sample,1024,2048,vec4,12,421026
sample,1024,2048,vec4,13,418295
sample,1024,2048,vec4,14,418833
sample,1024,2048,vec4,15,419572
sample,1024,2048,vec4,16,422535
sample,1024,2048,vec4,17,418092
sample,1024,2048,vec4,18,419008
sample,1024,2048,vec4,19,416332
sample,1024,2048,vec4,20,418406
sample,1024,2048,vec4,21,419508
sample,1024,2048,vec4,22,421536
sample,1024,2048,vec4,23,414897
sample,1024,2048,vec4,24,415851
sample,1024,2048,vec4,25,414888
sample,1024,2048,vec4,26,420155
sample,1024,2048,vec4,27,421444
sample,1024,2048,vec4,28,420164
sample,1024,2048,vec4,29,421044
measured,1024,2048,fused2,262144,1048576,5,30,9,384916,405675,2d4a1c573b9665e7,d32c613321b43c7f,none,none
sample,1024,2048,fused2,0,384916
sample,1024,2048,fused2,1,387333
sample,1024,2048,fused2,2,384055
sample,1024,2048,fused2,3,396155
sample,1024,2048,fused2,4,384832
sample,1024,2048,fused2,5,379202
sample,1024,2048,fused2,6,386304
sample,1024,2048,fused2,7,385018
sample,1024,2048,fused2,8,385925
sample,1024,2048,fused2,9,405675
sample,1024,2048,fused2,10,381545
sample,1024,2048,fused2,11,382276
sample,1024,2048,fused2,12,384443
sample,1024,2048,fused2,13,384036
sample,1024,2048,fused2,14,395081
sample,1024,2048,fused2,15,384082
sample,1024,2048,fused2,16,392990
sample,1024,2048,fused2,17,441016
sample,1024,2048,fused2,18,379629
sample,1024,2048,fused2,19,390582
sample,1024,2048,fused2,20,378498
sample,1024,2048,fused2,21,386101
sample,1024,2048,fused2,22,397544
sample,1024,2048,fused2,23,384147
sample,1024,2048,fused2,24,383276
sample,1024,2048,fused2,25,390342
sample,1024,2048,fused2,26,384249
sample,1024,2048,fused2,27,385971
sample,1024,2048,fused2,28,384054
sample,1024,2048,fused2,29,387147
measured,1024,2048,tile8,262144,1048576,5,30,8,365952,409546,2d4a1c573b9665e7,d32c613321b43c7f,none,none
sample,1024,2048,tile8,0,365925
sample,1024,2048,tile8,1,367259
sample,1024,2048,tile8,2,374166
sample,1024,2048,tile8,3,554063
sample,1024,2048,tile8,4,368128
sample,1024,2048,tile8,5,366118
sample,1024,2048,tile8,6,369619
sample,1024,2048,tile8,7,363249
sample,1024,2048,tile8,8,371369
sample,1024,2048,tile8,9,375896
sample,1024,2048,tile8,10,361915
sample,1024,2048,tile8,11,365184
sample,1024,2048,tile8,12,364897
sample,1024,2048,tile8,13,364619
sample,1024,2048,tile8,14,365952
sample,1024,2048,tile8,15,365600
sample,1024,2048,tile8,16,366416
sample,1024,2048,tile8,17,375221
sample,1024,2048,tile8,18,362452
sample,1024,2048,tile8,19,363813
sample,1024,2048,tile8,20,365239
sample,1024,2048,tile8,21,365257
sample,1024,2048,tile8,22,366257
sample,1024,2048,tile8,23,409546
sample,1024,2048,tile8,24,363934
sample,1024,2048,tile8,25,380101
sample,1024,2048,tile8,26,369351
sample,1024,2048,tile8,27,363934
sample,1024,2048,tile8,28,369628
sample,1024,2048,tile8,29,364165
measured,4096,128,vec4,65536,262144,5,30,12,486794,514554,d878e557b6daedce,8cc85ceb09c8efed,none,none
sample,4096,128,vec4,0,486794
sample,4096,128,vec4,1,492100
sample,4096,128,vec4,2,498507
sample,4096,128,vec4,3,487925
sample,4096,128,vec4,4,486544
sample,4096,128,vec4,5,487313
sample,4096,128,vec4,6,483349
sample,4096,128,vec4,7,482294
sample,4096,128,vec4,8,488573
sample,4096,128,vec4,9,486489
sample,4096,128,vec4,10,487694
sample,4096,128,vec4,11,485064
sample,4096,128,vec4,12,485748
sample,4096,128,vec4,13,543147
sample,4096,128,vec4,14,482193
sample,4096,128,vec4,15,488563
sample,4096,128,vec4,16,486896
sample,4096,128,vec4,17,514184
sample,4096,128,vec4,18,489155
sample,4096,128,vec4,19,485960
sample,4096,128,vec4,20,496693
sample,4096,128,vec4,21,476731
sample,4096,128,vec4,22,479118
sample,4096,128,vec4,23,487333
sample,4096,128,vec4,24,481397
sample,4096,128,vec4,25,484490
sample,4096,128,vec4,26,486166
sample,4096,128,vec4,27,514036
sample,4096,128,vec4,28,514554
sample,4096,128,vec4,29,483370
measured,4096,128,fused2,65536,262144,5,30,11,454230,461405,d878e557b6daedce,8cc85ceb09c8efed,none,none
sample,4096,128,fused2,0,455712
sample,4096,128,fused2,1,458166
sample,4096,128,fused2,2,454211
sample,4096,128,fused2,3,454498
sample,4096,128,fused2,4,457192
sample,4096,128,fused2,5,509758
sample,4096,128,fused2,6,447944
sample,4096,128,fused2,7,450342
sample,4096,128,fused2,8,452137
sample,4096,128,fused2,9,454711
sample,4096,128,fused2,10,454351
sample,4096,128,fused2,11,452471
sample,4096,128,fused2,12,461405
sample,4096,128,fused2,13,444796
sample,4096,128,fused2,14,446944
sample,4096,128,fused2,15,445111
sample,4096,128,fused2,16,456980
sample,4096,128,fused2,17,452582
sample,4096,128,fused2,18,456627
sample,4096,128,fused2,19,454453
sample,4096,128,fused2,20,458766
sample,4096,128,fused2,21,459295
sample,4096,128,fused2,22,460119
sample,4096,128,fused2,23,453683
sample,4096,128,fused2,24,446887
sample,4096,128,fused2,25,453831
sample,4096,128,fused2,26,452027
sample,4096,128,fused2,27,454230
sample,4096,128,fused2,28,456027
sample,4096,128,fused2,29,448915
measured,4096,128,tile8,65536,262144,5,30,10,424989,437407,d878e557b6daedce,8cc85ceb09c8efed,none,none
sample,4096,128,tile8,0,427378
sample,4096,128,tile8,1,425166
sample,4096,128,tile8,2,426860
sample,4096,128,tile8,3,423905
sample,4096,128,tile8,4,424989
sample,4096,128,tile8,5,427703
sample,4096,128,tile8,6,417731
sample,4096,128,tile8,7,416415
sample,4096,128,tile8,8,426203
sample,4096,128,tile8,9,425194
sample,4096,128,tile8,10,432803
sample,4096,128,tile8,11,424405
sample,4096,128,tile8,12,433017
sample,4096,128,tile8,13,425239
sample,4096,128,tile8,14,416573
sample,4096,128,tile8,15,423831
sample,4096,128,tile8,16,420814
sample,4096,128,tile8,17,426146
sample,4096,128,tile8,18,427378
sample,4096,128,tile8,19,422239
sample,4096,128,tile8,20,448471
sample,4096,128,tile8,21,422924
sample,4096,128,tile8,22,416258
sample,4096,128,tile8,23,414888
sample,4096,128,tile8,24,425749
sample,4096,128,tile8,25,423405
sample,4096,128,tile8,26,428415
sample,4096,128,tile8,27,423026
sample,4096,128,tile8,28,437407
sample,4096,128,tile8,29,416333
measured,4096,512,vec4,262144,1048576,5,30,12,512081,675146,07e875993970433c,207dceeda1be3f5b,none,none
sample,4096,512,vec4,0,497100
sample,4096,512,vec4,1,495027
sample,4096,512,vec4,2,516961
sample,4096,512,vec4,3,489767
sample,4096,512,vec4,4,487971
sample,4096,512,vec4,5,496720
sample,4096,512,vec4,6,490369
sample,4096,512,vec4,7,495619
sample,4096,512,vec4,8,493027
sample,4096,512,vec4,9,515045
sample,4096,512,vec4,10,491877
sample,4096,512,vec4,11,494553
sample,4096,512,vec4,12,488350
sample,4096,512,vec4,13,494312
sample,4096,512,vec4,14,492647
sample,4096,512,vec4,15,496581
sample,4096,512,vec4,16,512081
sample,4096,512,vec4,17,661322
sample,4096,512,vec4,18,675146
sample,4096,512,vec4,19,674145
sample,4096,512,vec4,20,669128
sample,4096,512,vec4,21,664979
sample,4096,512,vec4,22,657082
sample,4096,512,vec4,23,667637
sample,4096,512,vec4,24,694609
sample,4096,512,vec4,25,663257
sample,4096,512,vec4,26,673054
sample,4096,512,vec4,27,669747
sample,4096,512,vec4,28,664637
sample,4096,512,vec4,29,659369
measured,4096,512,fused2,262144,1048576,5,30,11,468294,651526,07e875993970433c,207dceeda1be3f5b,none,none
sample,4096,512,fused2,0,456202
sample,4096,512,fused2,1,467507
sample,4096,512,fused2,2,468294
sample,4096,512,fused2,3,450397
sample,4096,512,fused2,4,457563
sample,4096,512,fused2,5,458369
sample,4096,512,fused2,6,454415
sample,4096,512,fused2,7,456720
sample,4096,512,fused2,8,455249
sample,4096,512,fused2,9,468804
sample,4096,512,fused2,10,457508
sample,4096,512,fused2,11,450637
sample,4096,512,fused2,12,456138
sample,4096,512,fused2,13,456146
sample,4096,512,fused2,14,464925
sample,4096,512,fused2,15,458406
sample,4096,512,fused2,16,636072
sample,4096,512,fused2,17,622951
sample,4096,512,fused2,18,638387
sample,4096,512,fused2,19,636137
sample,4096,512,fused2,20,632442
sample,4096,512,fused2,21,677758
sample,4096,512,fused2,22,632062
sample,4096,512,fused2,23,637646
sample,4096,512,fused2,24,632526
sample,4096,512,fused2,25,641702
sample,4096,512,fused2,26,640035
sample,4096,512,fused2,27,642785
sample,4096,512,fused2,28,651526
sample,4096,512,fused2,29,623007
measured,4096,512,tile8,262144,1048576,5,30,10,447656,621591,07e875993970433c,207dceeda1be3f5b,none,none
sample,4096,512,tile8,0,437452
sample,4096,512,tile8,1,438147
sample,4096,512,tile8,2,440378
sample,4096,512,tile8,3,437748
sample,4096,512,tile8,4,434989
sample,4096,512,tile8,5,440711
sample,4096,512,tile8,6,450296
sample,4096,512,tile8,7,438729
sample,4096,512,tile8,8,439285
sample,4096,512,tile8,9,456240
sample,4096,512,tile8,10,447656
sample,4096,512,tile8,11,437407
sample,4096,512,tile8,12,441684
sample,4096,512,tile8,13,439582
sample,4096,512,tile8,14,446016
sample,4096,512,tile8,15,441165
sample,4096,512,tile8,16,441063
sample,4096,512,tile8,17,619304
sample,4096,512,tile8,18,616155
sample,4096,512,tile8,19,621359
sample,4096,512,tile8,20,619924
sample,4096,512,tile8,21,623266
sample,4096,512,tile8,22,607350
sample,4096,512,tile8,23,620442
sample,4096,512,tile8,24,602424
sample,4096,512,tile8,25,606572
sample,4096,512,tile8,26,619692
sample,4096,512,tile8,27,620211
sample,4096,512,tile8,28,615489
sample,4096,512,tile8,29,621591
measured,4096,2048,vec4,1048576,4194304,5,30,12,730202,736026,4143a88e49ed614b,e0842ad8f72c0c9f,none,none
sample,4096,2048,vec4,0,734534
sample,4096,2048,vec4,1,725117
sample,4096,2048,vec4,2,710359
sample,4096,2048,vec4,3,705691
sample,4096,2048,vec4,4,711563
sample,4096,2048,vec4,5,718915
sample,4096,2048,vec4,6,731349
sample,4096,2048,vec4,7,725934
sample,4096,2048,vec4,8,713071
sample,4096,2048,vec4,9,711276
sample,4096,2048,vec4,10,730608
sample,4096,2048,vec4,11,730701
sample,4096,2048,vec4,12,732664
sample,4096,2048,vec4,13,728683
sample,4096,2048,vec4,14,735110
sample,4096,2048,vec4,15,731183
sample,4096,2048,vec4,16,730006
sample,4096,2048,vec4,17,736026
sample,4096,2048,vec4,18,731700
sample,4096,2048,vec4,19,723220
sample,4096,2048,vec4,20,733589
sample,4096,2048,vec4,21,730202
sample,4096,2048,vec4,22,733423
sample,4096,2048,vec4,23,738183
sample,4096,2048,vec4,24,722757
sample,4096,2048,vec4,25,735914
sample,4096,2048,vec4,26,735358
sample,4096,2048,vec4,27,730702
sample,4096,2048,vec4,28,729432
sample,4096,2048,vec4,29,723674
measured,4096,2048,fused2,1048576,4194304,5,30,11,689998,700776,4143a88e49ed614b,e0842ad8f72c0c9f,none,none
sample,4096,2048,fused2,0,688026
sample,4096,2048,fused2,1,699915
sample,4096,2048,fused2,2,682582
sample,4096,2048,fused2,3,682711
sample,4096,2048,fused2,4,687757
sample,4096,2048,fused2,5,687627
sample,4096,2048,fused2,6,678989
sample,4096,2048,fused2,7,677119
sample,4096,2048,fused2,8,674025
sample,4096,2048,fused2,9,683628
sample,4096,2048,fused2,10,703757
sample,4096,2048,fused2,11,698563
sample,4096,2048,fused2,12,694497
sample,4096,2048,fused2,13,682100
sample,4096,2048,fused2,14,697877
sample,4096,2048,fused2,15,697599
sample,4096,2048,fused2,16,684145
sample,4096,2048,fused2,17,700776
sample,4096,2048,fused2,18,692525
sample,4096,2048,fused2,19,697229
sample,4096,2048,fused2,20,693071
sample,4096,2048,fused2,21,689998
sample,4096,2048,fused2,22,680303
sample,4096,2048,fused2,23,687812
sample,4096,2048,fused2,24,690497
sample,4096,2048,fused2,25,694822
sample,4096,2048,fused2,26,692313
sample,4096,2048,fused2,27,696433
sample,4096,2048,fused2,28,694155
sample,4096,2048,fused2,29,677590
measured,4096,2048,tile8,1048576,4194304,5,30,10,715534,723960,4143a88e49ed614b,e0842ad8f72c0c9f,none,none
sample,4096,2048,tile8,0,714128
sample,4096,2048,tile8,1,720978
sample,4096,2048,tile8,2,703099
sample,4096,2048,tile8,3,703923
sample,4096,2048,tile8,4,706906
sample,4096,2048,tile8,5,713054
sample,4096,2048,tile8,6,707377
sample,4096,2048,tile8,7,712258
sample,4096,2048,tile8,8,703007
sample,4096,2048,tile8,9,699303
sample,4096,2048,tile8,10,705507
sample,4096,2048,tile8,11,722701
sample,4096,2048,tile8,12,723165
sample,4096,2048,tile8,13,707322
sample,4096,2048,tile8,14,720507
sample,4096,2048,tile8,15,722045
sample,4096,2048,tile8,16,713841
sample,4096,2048,tile8,17,719368
sample,4096,2048,tile8,18,712331
sample,4096,2048,tile8,19,729933
sample,4096,2048,tile8,20,719591
sample,4096,2048,tile8,21,723960
sample,4096,2048,tile8,22,719646
sample,4096,2048,tile8,23,713535
sample,4096,2048,tile8,24,715534
sample,4096,2048,tile8,25,718618
sample,4096,2048,tile8,26,715785
sample,4096,2048,tile8,27,722478
sample,4096,2048,tile8,28,721739
sample,4096,2048,tile8,29,722600
measured,16384,128,vec4,262144,1048576,5,30,14,567007,751322,318e48fc80dadb1f,a09bc0e13ecf9bf8,none,none
sample,16384,128,vec4,0,733886
sample,16384,128,vec4,1,751322
sample,16384,128,vec4,2,737572
sample,16384,128,vec4,3,752193
sample,16384,128,vec4,4,569359
sample,16384,128,vec4,5,563757
sample,16384,128,vec4,6,561276
sample,16384,128,vec4,7,567951
sample,16384,128,vec4,8,569350
sample,16384,128,vec4,9,565211
sample,16384,128,vec4,10,566684
sample,16384,128,vec4,11,569730
sample,16384,128,vec4,12,562915
sample,16384,128,vec4,13,562193
sample,16384,128,vec4,14,564572
sample,16384,128,vec4,15,571248
sample,16384,128,vec4,16,564711
sample,16384,128,vec4,17,581794
sample,16384,128,vec4,18,566554
sample,16384,128,vec4,19,569664
sample,16384,128,vec4,20,569572
sample,16384,128,vec4,21,566285
sample,16384,128,vec4,22,567471
sample,16384,128,vec4,23,564331
sample,16384,128,vec4,24,563795
sample,16384,128,vec4,25,564275
sample,16384,128,vec4,26,578618
sample,16384,128,vec4,27,566655
sample,16384,128,vec4,28,568118
sample,16384,128,vec4,29,567007
measured,16384,128,fused2,262144,1048576,5,30,13,535572,713747,318e48fc80dadb1f,a09bc0e13ecf9bf8,none,none
sample,16384,128,fused2,0,720767
sample,16384,128,fused2,1,713747
sample,16384,128,fused2,2,710923
sample,16384,128,fused2,3,713350
sample,16384,128,fused2,4,550498
sample,16384,128,fused2,5,527526
sample,16384,128,fused2,6,535572
sample,16384,128,fused2,7,535906
sample,16384,128,fused2,8,531035
sample,16384,128,fused2,9,543192
sample,16384,128,fused2,10,538877
sample,16384,128,fused2,11,533730
sample,16384,128,fused2,12,527998
sample,16384,128,fused2,13,539155
sample,16384,128,fused2,14,530535
sample,16384,128,fused2,15,531785
sample,16384,128,fused2,16,536479
sample,16384,128,fused2,17,539720
sample,16384,128,fused2,18,540127
sample,16384,128,fused2,19,534906
sample,16384,128,fused2,20,532322
sample,16384,128,fused2,21,536961
sample,16384,128,fused2,22,534582
sample,16384,128,fused2,23,529026
sample,16384,128,fused2,24,535489
sample,16384,128,fused2,25,527146
sample,16384,128,fused2,26,527655
sample,16384,128,fused2,27,535581
sample,16384,128,fused2,28,535785
sample,16384,128,fused2,29,534054
measured,16384,128,tile8,262144,1048576,5,30,12,516109,693396,318e48fc80dadb1f,a09bc0e13ecf9bf8,none,none
sample,16384,128,tile8,0,700794
sample,16384,128,tile8,1,690478
sample,16384,128,tile8,2,686174
sample,16384,128,tile8,3,693396
sample,16384,128,tile8,4,692628
sample,16384,128,tile8,5,515258
sample,16384,128,tile8,6,519007
sample,16384,128,tile8,7,518165
sample,16384,128,tile8,8,513027
sample,16384,128,tile8,9,515258
sample,16384,128,tile8,10,517924
sample,16384,128,tile8,11,512748
sample,16384,128,tile8,12,506285
sample,16384,128,tile8,13,526886
sample,16384,128,tile8,14,511359
sample,16384,128,tile8,15,519554
sample,16384,128,tile8,16,513535
sample,16384,128,tile8,17,517220
sample,16384,128,tile8,18,516109
sample,16384,128,tile8,19,516803
sample,16384,128,tile8,20,510657
sample,16384,128,tile8,21,512877
sample,16384,128,tile8,22,521563
sample,16384,128,tile8,23,509118
sample,16384,128,tile8,24,509702
sample,16384,128,tile8,25,513905
sample,16384,128,tile8,26,518192
sample,16384,128,tile8,27,510813
sample,16384,128,tile8,28,516905
sample,16384,128,tile8,29,514813
measured,16384,512,vec4,1048576,4194304,5,30,14,635045,654896,08b87a1ca99fa7b8,cc66b7b8fae87df4,none,none
sample,16384,512,vec4,0,511581
sample,16384,512,vec4,1,515962
sample,16384,512,vec4,2,510201
sample,16384,512,vec4,3,517702
sample,16384,512,vec4,4,504897
sample,16384,512,vec4,5,506859
sample,16384,512,vec4,6,519072
sample,16384,512,vec4,7,514313
sample,16384,512,vec4,8,624276
sample,16384,512,vec4,9,635711
sample,16384,512,vec4,10,637359
sample,16384,512,vec4,11,633877
sample,16384,512,vec4,12,659488
sample,16384,512,vec4,13,634961
sample,16384,512,vec4,14,645878
sample,16384,512,vec4,15,651156
sample,16384,512,vec4,16,635045
sample,16384,512,vec4,17,634266
sample,16384,512,vec4,18,637358
sample,16384,512,vec4,19,638396
sample,16384,512,vec4,20,633063
sample,16384,512,vec4,21,636785
sample,16384,512,vec4,22,637044
sample,16384,512,vec4,23,635072
sample,16384,512,vec4,24,633665
sample,16384,512,vec4,25,654896
sample,16384,512,vec4,26,635072
sample,16384,512,vec4,27,635767
sample,16384,512,vec4,28,636489
sample,16384,512,vec4,29,635970
measured,16384,512,fused2,1048576,4194304,5,30,13,594415,606229,08b87a1ca99fa7b8,cc66b7b8fae87df4,none,none
sample,16384,512,fused2,0,481610
sample,16384,512,fused2,1,478842
sample,16384,512,fused2,2,474933
sample,16384,512,fused2,3,479850
sample,16384,512,fused2,4,474490
sample,16384,512,fused2,5,477322
sample,16384,512,fused2,6,479933
sample,16384,512,fused2,7,477405
sample,16384,512,fused2,8,477155
sample,16384,512,fused2,9,579092
sample,16384,512,fused2,10,595442
sample,16384,512,fused2,11,601322
sample,16384,512,fused2,12,601285
sample,16384,512,fused2,13,598952
sample,16384,512,fused2,14,602202
sample,16384,512,fused2,15,595498
sample,16384,512,fused2,16,594517
sample,16384,512,fused2,17,591636
sample,16384,512,fused2,18,595498
sample,16384,512,fused2,19,600480
sample,16384,512,fused2,20,597007
sample,16384,512,fused2,21,606989
sample,16384,512,fused2,22,606229
sample,16384,512,fused2,23,597840
sample,16384,512,fused2,24,594415
sample,16384,512,fused2,25,600137
sample,16384,512,fused2,26,593303
sample,16384,512,fused2,27,593757
sample,16384,512,fused2,28,591276
sample,16384,512,fused2,29,597442
measured,16384,512,tile8,1048576,4194304,5,30,12,620026,632276,08b87a1ca99fa7b8,cc66b7b8fae87df4,none,none
sample,16384,512,tile8,0,513962
sample,16384,512,tile8,1,510304
sample,16384,512,tile8,2,514720
sample,16384,512,tile8,3,511267
sample,16384,512,tile8,4,510045
sample,16384,512,tile8,5,502748
sample,16384,512,tile8,6,512637
sample,16384,512,tile8,7,509155
sample,16384,512,tile8,8,608970
sample,16384,512,tile8,9,608757
sample,16384,512,tile8,10,622100
sample,16384,512,tile8,11,625332
sample,16384,512,tile8,12,618359
sample,16384,512,tile8,13,623220
sample,16384,512,tile8,14,626692
sample,16384,512,tile8,15,620026
sample,16384,512,tile8,16,614785
sample,16384,512,tile8,17,623089
sample,16384,512,tile8,18,614822
sample,16384,512,tile8,19,632276
sample,16384,512,tile8,20,621184
sample,16384,512,tile8,21,638127
sample,16384,512,tile8,22,622451
sample,16384,512,tile8,23,628285
sample,16384,512,tile8,24,630100
sample,16384,512,tile8,25,624600
sample,16384,512,tile8,26,622841
sample,16384,512,tile8,27,617535
sample,16384,512,tile8,28,628609
sample,16384,512,tile8,29,624544
measured,16384,2048,vec4,4194304,16777216,5,30,14,844784,873774,6be3b72c15a212b9,3199380bd5011e6c,none,none
sample,16384,2048,vec4,0,836247
sample,16384,2048,vec4,1,834173
sample,16384,2048,vec4,2,838090
sample,16384,2048,vec4,3,839738
sample,16384,2048,vec4,4,850424
sample,16384,2048,vec4,5,843645
sample,16384,2048,vec4,6,841775
sample,16384,2048,vec4,7,844943
sample,16384,2048,vec4,8,837867
sample,16384,2048,vec4,9,844784
sample,16384,2048,vec4,10,846665
sample,16384,2048,vec4,11,839090
sample,16384,2048,vec4,12,898534
sample,16384,2048,vec4,13,840896
sample,16384,2048,vec4,14,843859
sample,16384,2048,vec4,15,846441
sample,16384,2048,vec4,16,845960
sample,16384,2048,vec4,17,845702
sample,16384,2048,vec4,18,840460
sample,16384,2048,vec4,19,839274
sample,16384,2048,vec4,20,873774
sample,16384,2048,vec4,21,861330
sample,16384,2048,vec4,22,842535
sample,16384,2048,vec4,23,844515
sample,16384,2048,vec4,24,858627
sample,16384,2048,vec4,25,854563
sample,16384,2048,vec4,26,864646
sample,16384,2048,vec4,27,846839
sample,16384,2048,vec4,28,844821
sample,16384,2048,vec4,29,848376
measured,16384,2048,fused2,4194304,16777216,5,30,13,798090,812534,6be3b72c15a212b9,3199380bd5011e6c,none,none
sample,16384,2048,fused2,0,798090
sample,16384,2048,fused2,1,794729
sample,16384,2048,fused2,2,797044
sample,16384,2048,fused2,3,798413
sample,16384,2048,fused2,4,804535
sample,16384,2048,fused2,5,796581
sample,16384,2048,fused2,6,793414
sample,16384,2048,fused2,7,795850
sample,16384,2048,fused2,8,806108
sample,16384,2048,fused2,9,790396
sample,16384,2048,fused2,10,805608
sample,16384,2048,fused2,11,797358
sample,16384,2048,fused2,12,812534
sample,16384,2048,fused2,13,803747
sample,16384,2048,fused2,14,801303
sample,16384,2048,fused2,15,798488
sample,16384,2048,fused2,16,806414
sample,16384,2048,fused2,17,790831
sample,16384,2048,fused2,18,831165
sample,16384,2048,fused2,19,804553
sample,16384,2048,fused2,20,803980
sample,16384,2048,fused2,21,798062
sample,16384,2048,fused2,22,799942
sample,16384,2048,fused2,23,795839
sample,16384,2048,fused2,24,805312
sample,16384,2048,fused2,25,803655
sample,16384,2048,fused2,26,796182
sample,16384,2048,fused2,27,796878
sample,16384,2048,fused2,28,790878
sample,16384,2048,fused2,29,796369
measured,16384,2048,tile8,4194304,16777216,5,30,12,1001330,1039070,6be3b72c15a212b9,3199380bd5011e6c,none,none
sample,16384,2048,tile8,0,1005849
sample,16384,2048,tile8,1,991014
sample,16384,2048,tile8,2,1001292
sample,16384,2048,tile8,3,996051
sample,16384,2048,tile8,4,1004053
sample,16384,2048,tile8,5,996265
sample,16384,2048,tile8,6,1008321
sample,16384,2048,tile8,7,998376
sample,16384,2048,tile8,8,997876
sample,16384,2048,tile8,9,999719
sample,16384,2048,tile8,10,996626
sample,16384,2048,tile8,11,1004913
sample,16384,2048,tile8,12,1012247
sample,16384,2048,tile8,13,1006664
sample,16384,2048,tile8,14,994396
sample,16384,2048,tile8,15,1002210
sample,16384,2048,tile8,16,1005071
sample,16384,2048,tile8,17,999108
sample,16384,2048,tile8,18,1012534
sample,16384,2048,tile8,19,1002089
sample,16384,2048,tile8,20,1014440
sample,16384,2048,tile8,21,994663
sample,16384,2048,tile8,22,1040183
sample,16384,2048,tile8,23,998376
sample,16384,2048,tile8,24,999692
sample,16384,2048,tile8,25,1002849
sample,16384,2048,tile8,26,1033738
sample,16384,2048,tile8,27,995348
sample,16384,2048,tile8,28,1039070
sample,16384,2048,tile8,29,1001330
measured,65536,128,vec4,1048576,4194304,5,30,16,765173,903858,9ec0db29a14c575b,4098921c6b362ecd,none,none
sample,65536,128,vec4,0,885673
sample,65536,128,vec4,1,901627
sample,65536,128,vec4,2,903858
sample,65536,128,vec4,3,885673
sample,65536,128,vec4,4,919997
sample,65536,128,vec4,5,899145
sample,65536,128,vec4,6,887054
sample,65536,128,vec4,7,901757
sample,65536,128,vec4,8,888636
sample,65536,128,vec4,9,898821
sample,65536,128,vec4,10,899432
sample,65536,128,vec4,11,894923
sample,65536,128,vec4,12,897497
sample,65536,128,vec4,13,901043
sample,65536,128,vec4,14,769312
sample,65536,128,vec4,15,761034
sample,65536,128,vec4,16,758581
sample,65536,128,vec4,17,755553
sample,65536,128,vec4,18,765173
sample,65536,128,vec4,19,745793
sample,65536,128,vec4,20,741748
sample,65536,128,vec4,21,749776
sample,65536,128,vec4,22,752545
sample,65536,128,vec4,23,757081
sample,65536,128,vec4,24,753905
sample,65536,128,vec4,25,747127
sample,65536,128,vec4,26,746536
sample,65536,128,vec4,27,751923
sample,65536,128,vec4,28,745378
sample,65536,128,vec4,29,747572
measured,65536,128,fused2,1048576,4194304,5,30,15,736173,880331,9ec0db29a14c575b,4098921c6b362ecd,none,none
sample,65536,128,fused2,0,859757
sample,65536,128,fused2,1,887608
sample,65536,128,fused2,2,878414
sample,65536,128,fused2,3,868599
sample,65536,128,fused2,4,880331
sample,65536,128,fused2,5,865627
sample,65536,128,fused2,6,858969
sample,65536,128,fused2,7,870682
sample,65536,128,fused2,8,860932
sample,65536,128,fused2,9,878386
sample,65536,128,fused2,10,871145
sample,65536,128,fused2,11,870887
sample,65536,128,fused2,12,873210
sample,65536,128,fused2,13,844571
sample,65536,128,fused2,14,741914
sample,65536,128,fused2,15,734961
sample,65536,128,fused2,16,731758
sample,65536,128,fused2,17,722728
sample,65536,128,fused2,18,728720
sample,65536,128,fused2,19,718128
sample,65536,128,fused2,20,715758
sample,65536,128,fused2,21,730034
sample,65536,128,fused2,22,724173
sample,65536,128,fused2,23,716341
sample,65536,128,fused2,24,720395
sample,65536,128,fused2,25,736173
sample,65536,128,fused2,26,721265
sample,65536,128,fused2,27,710572
sample,65536,128,fused2,28,724470
sample,65536,128,fused2,29,718099
measured,65536,128,tile8,1048576,4194304,5,30,14,745794,888608,9ec0db29a14c575b,4098921c6b362ecd,none,none
sample,65536,128,tile8,0,868062
sample,65536,128,tile8,1,880628
sample,65536,128,tile8,2,879988
sample,65536,128,tile8,3,874063
sample,65536,128,tile8,4,867525
sample,65536,128,tile8,5,875719
sample,65536,128,tile8,6,888608
sample,65536,128,tile8,7,874228
sample,65536,128,tile8,8,871924
sample,65536,128,tile8,9,877997
sample,65536,128,tile8,10,876247
sample,65536,128,tile8,11,878979
sample,65536,128,tile8,12,873211
sample,65536,128,tile8,13,1247607
sample,65536,128,tile8,14,755155
sample,65536,128,tile8,15,737294
sample,65536,128,tile8,16,733673
sample,65536,128,tile8,17,739489
sample,65536,128,tile8,18,724850
sample,65536,128,tile8,19,727803
sample,65536,128,tile8,20,723239
sample,65536,128,tile8,21,727108
sample,65536,128,tile8,22,733359
sample,65536,128,tile8,23,745794
sample,65536,128,tile8,24,732822
sample,65536,128,tile8,25,736442
sample,65536,128,tile8,26,728692
sample,65536,128,tile8,27,728312
sample,65536,128,tile8,28,731045
sample,65536,128,tile8,29,732322
measured,65536,512,vec4,4194304,16777216,5,30,16,982505,995367,84d06402da633040,29115d73667dee45,none,none
sample,65536,512,vec4,0,982756
sample,65536,512,vec4,1,982922
sample,65536,512,vec4,2,983405
sample,65536,512,vec4,3,975210
sample,65536,512,vec4,4,980498
sample,65536,512,vec4,5,978358
sample,65536,512,vec4,6,986525
sample,65536,512,vec4,7,1004784
sample,65536,512,vec4,8,995367
sample,65536,512,vec4,9,983172
sample,65536,512,vec4,10,972404
sample,65536,512,vec4,11,988561
sample,65536,512,vec4,12,975756
sample,65536,512,vec4,13,978960
sample,65536,512,vec4,14,983293
sample,65536,512,vec4,15,979081
sample,65536,512,vec4,16,983108
sample,65536,512,vec4,17,982505
sample,65536,512,vec4,18,975700
sample,65536,512,vec4,19,994571
sample,65536,512,vec4,20,976349
sample,65536,512,vec4,21,984681
sample,65536,512,vec4,22,984664
sample,65536,512,vec4,23,975858
sample,65536,512,vec4,24,978219
sample,65536,512,vec4,25,965330
sample,65536,512,vec4,26,984811
sample,65536,512,vec4,27,983811
sample,65536,512,vec4,28,979191
sample,65536,512,vec4,29,977219
measured,65536,512,fused2,4194304,16777216,5,30,15,942840,956266,84d06402da633040,29115d73667dee45,none,none
sample,65536,512,fused2,0,950191
sample,65536,512,fused2,1,953385
sample,65536,512,fused2,2,942525
sample,65536,512,fused2,3,936794
sample,65536,512,fused2,4,930321
sample,65536,512,fused2,5,936284
sample,65536,512,fused2,6,943405
sample,65536,512,fused2,7,948227
sample,65536,512,fused2,8,939673
sample,65536,512,fused2,9,945821
sample,65536,512,fused2,10,941394
sample,65536,512,fused2,11,960673
sample,65536,512,fused2,12,952331
sample,65536,512,fused2,13,952228
sample,65536,512,fused2,14,947636
sample,65536,512,fused2,15,939673
sample,65536,512,fused2,16,947645
sample,65536,512,fused2,17,936941
sample,65536,512,fused2,18,933386
sample,65536,512,fused2,19,940210
sample,65536,512,fused2,20,946580
sample,65536,512,fused2,21,945692
sample,65536,512,fused2,22,943303
sample,65536,512,fused2,23,956266
sample,65536,512,fused2,24,942367
sample,65536,512,fused2,25,942840
sample,65536,512,fused2,26,935654
sample,65536,512,fused2,27,942747
sample,65536,512,fused2,28,945413
sample,65536,512,fused2,29,933812
measured,65536,512,tile8,4194304,16777216,5,30,14,1128774,1140367,84d06402da633040,29115d73667dee45,none,none
sample,65536,512,tile8,0,1137561
sample,65536,512,tile8,1,1128885
sample,65536,512,tile8,2,1128774
sample,65536,512,tile8,3,1122171
sample,65536,512,tile8,4,1140367
sample,65536,512,tile8,5,1122469
sample,65536,512,tile8,6,1134255
sample,65536,512,tile8,7,1132987
sample,65536,512,tile8,8,1126432
sample,65536,512,tile8,9,1133654
sample,65536,512,tile8,10,1122755
sample,65536,512,tile8,11,1123821
sample,65536,512,tile8,12,1150051
sample,65536,512,tile8,13,1130294
sample,65536,512,tile8,14,1138182
sample,65536,512,tile8,15,1125839
sample,65536,512,tile8,16,1136042
sample,65536,512,tile8,17,1126468
sample,65536,512,tile8,18,1125552
sample,65536,512,tile8,19,1122543
sample,65536,512,tile8,20,1125904
sample,65536,512,tile8,21,1128542
sample,65536,512,tile8,22,1139172
sample,65536,512,tile8,23,1131154
sample,65536,512,tile8,24,1126477
sample,65536,512,tile8,25,1132497
sample,65536,512,tile8,26,1126478
sample,65536,512,tile8,27,1131884
sample,65536,512,tile8,28,1121329
sample,65536,512,tile8,29,1138820
skipped_limit,65536,2048,vec4,16777216,67108864,NA,NA,NA,NA,NA,NA,NA,cohort_dispatch_limit,none
skipped_limit,65536,2048,fused2,16777216,67108864,NA,NA,NA,NA,NA,NA,NA,cohort_dispatch_limit,none
skipped_limit,65536,2048,tile8,16777216,67108864,NA,NA,NA,NA,NA,NA,NA,cohort_dispatch_limit,none
measured,262144,128,vec4,4194304,16777216,5,30,18,1111292,1133783,603e59446e81431f,99960c282a7f4ca5,none,none
sample,262144,128,vec4,0,1109533
sample,262144,128,vec4,1,1111292
sample,262144,128,vec4,2,1103922
sample,262144,128,vec4,3,1133783
sample,262144,128,vec4,4,1124700
sample,262144,128,vec4,5,1105403
sample,262144,128,vec4,6,1105663
sample,262144,128,vec4,7,1101311
sample,262144,128,vec4,8,1115516
sample,262144,128,vec4,9,1114292
sample,262144,128,vec4,10,1113228
sample,262144,128,vec4,11,1116877
sample,262144,128,vec4,12,1110079
sample,262144,128,vec4,13,1117237
sample,262144,128,vec4,14,1126894
sample,262144,128,vec4,15,1110478
sample,262144,128,vec4,16,1117821
sample,262144,128,vec4,17,1112589
sample,262144,128,vec4,18,1116831
sample,262144,128,vec4,19,1108986
sample,262144,128,vec4,20,1107923
sample,262144,128,vec4,21,1108107
sample,262144,128,vec4,22,1110431
sample,262144,128,vec4,23,1111525
sample,262144,128,vec4,24,1130441
sample,262144,128,vec4,25,1111886
sample,262144,128,vec4,26,1136070
sample,262144,128,vec4,27,1105395
sample,262144,128,vec4,28,1110710
sample,262144,128,vec4,29,1103755
measured,262144,128,fused2,4194304,16777216,5,30,17,1106775,1114996,603e59446e81431f,99960c282a7f4ca5,none,none
sample,262144,128,fused2,0,1109626
sample,262144,128,fused2,1,1107014
sample,262144,128,fused2,2,1098284
sample,262144,128,fused2,3,1109598
sample,262144,128,fused2,4,1115034
sample,262144,128,fused2,5,1094377
sample,262144,128,fused2,6,1114266
sample,262144,128,fused2,7,1107607
sample,262144,128,fused2,8,1109932
sample,262144,128,fused2,9,1108820
sample,262144,128,fused2,10,1103663
sample,262144,128,fused2,11,1101061
sample,262144,128,fused2,12,1104849
sample,262144,128,fused2,13,1109988
sample,262144,128,fused2,14,1107719
sample,262144,128,fused2,15,1105820
sample,262144,128,fused2,16,1105413
sample,262144,128,fused2,17,1100728
sample,262144,128,fused2,18,1107792
sample,262144,128,fused2,19,1114996
sample,262144,128,fused2,20,1101988
sample,262144,128,fused2,21,1104044
sample,262144,128,fused2,22,1104098
sample,262144,128,fused2,23,1108534
sample,262144,128,fused2,24,1108099
sample,262144,128,fused2,25,1108275
sample,262144,128,fused2,26,1098876
sample,262144,128,fused2,27,1106775
sample,262144,128,fused2,28,1100061
sample,262144,128,fused2,29,1103792
measured,262144,128,tile8,4194304,16777216,5,30,16,1241190,1256014,603e59446e81431f,99960c282a7f4ca5,none,none
sample,262144,128,tile8,0,1232422
sample,262144,128,tile8,1,1239755
sample,262144,128,tile8,2,1233996
sample,262144,128,tile8,3,1239719
sample,262144,128,tile8,4,1243005
sample,262144,128,tile8,5,1238394
sample,262144,128,tile8,6,1241190
sample,262144,128,tile8,7,1234171
sample,262144,128,tile8,8,1252394
sample,262144,128,tile8,9,1237913
sample,262144,128,tile8,10,1238579
sample,262144,128,tile8,11,1240366
sample,262144,128,tile8,12,1249839
sample,262144,128,tile8,13,1256014
sample,262144,128,tile8,14,1243487
sample,262144,128,tile8,15,1243190
sample,262144,128,tile8,16,1245561
sample,262144,128,tile8,17,1244060
sample,262144,128,tile8,18,1244107
sample,262144,128,tile8,19,1245681
sample,262144,128,tile8,20,1237441
sample,262144,128,tile8,21,1241357
sample,262144,128,tile8,22,1234014
sample,262144,128,tile8,23,1263866
sample,262144,128,tile8,24,1232098
sample,262144,128,tile8,25,1241301
sample,262144,128,tile8,26,1235255
sample,262144,128,tile8,27,1245968
sample,262144,128,tile8,28,1243608
sample,262144,128,tile8,29,1237043
skipped_limit,262144,512,vec4,16777216,67108864,NA,NA,NA,NA,NA,NA,NA,cohort_dispatch_limit,none
skipped_limit,262144,512,fused2,16777216,67108864,NA,NA,NA,NA,NA,NA,NA,cohort_dispatch_limit,none
skipped_limit,262144,512,tile8,16777216,67108864,NA,NA,NA,NA,NA,NA,NA,cohort_dispatch_limit,none
skipped_limit,262144,2048,vec4,67108864,268435456,NA,NA,NA,NA,NA,NA,NA,cohort_dispatch_limit,none
skipped_limit,262144,2048,fused2,67108864,268435456,NA,NA,NA,NA,NA,NA,NA,cohort_dispatch_limit,none
skipped_limit,262144,2048,tile8,67108864,268435456,NA,NA,NA,NA,NA,NA,NA,cohort_dispatch_limit,none
skipped_limit,1048576,128,vec4,16777216,67108864,NA,NA,NA,NA,NA,NA,NA,cohort_dispatch_limit,none
skipped_limit,1048576,128,fused2,16777216,67108864,NA,NA,NA,NA,NA,NA,NA,cohort_dispatch_limit,none
skipped_limit,1048576,128,tile8,16777216,67108864,NA,NA,NA,NA,NA,NA,NA,cohort_dispatch_limit,none
skipped_limit,1048576,512,vec4,67108864,268435456,NA,NA,NA,NA,NA,NA,NA,cohort_dispatch_limit,none
skipped_limit,1048576,512,fused2,67108864,268435456,NA,NA,NA,NA,NA,NA,NA,cohort_dispatch_limit,none
skipped_limit,1048576,512,tile8,67108864,268435456,NA,NA,NA,NA,NA,NA,NA,cohort_dispatch_limit,none
skipped_limit,1048576,2048,vec4,268435456,1073741824,NA,NA,NA,NA,NA,NA,NA,cohort_dispatch_limit,none
skipped_limit,1048576,2048,fused2,268435456,1073741824,NA,NA,NA,NA,NA,NA,NA,cohort_dispatch_limit,none
skipped_limit,1048576,2048,tile8,268435456,1073741824,NA,NA,NA,NA,NA,NA,NA,cohort_dispatch_limit,none
qualification_status=complete
