benchmark=pvp3d_three_candidate_same_device
source_revision=ddb6f0144821dfa29d268601e7087e5001278e52
adapter=NVIDIA Tegra NVIDIA Thor
backend=Vulkan
device_type=IntegratedGpu
vendor_id=4318
device_id=11008
driver=NVIDIA
driver_info=580.00
hardware_measurement_eligible=true
physical_admission=external_remoteops_evidence_required
performance_claim=none
primary_timing_scope=resident_encode_plus_queue_submit_plus_device_wait
state_reset_scope=completed_before_timer
correctness_readback_scope=before_and_after_timing
candidate_order=ABC_ACB_BAC_BCA_CAB_CBA
resident_payload_scope=source_plus_three_states_excludes_driver_uniforms_and_readback
status,k,g,candidate,state_bytes,resident_payload_bytes,warmups,repeats,logical_dispatches,p50_ns,p95_ns,input_checksum,output_checksum,skip_reason,performance_claim
measured,256,128,vec4,4096,16384,5,30,8,253481,309296,4c67926a9205d7b4,956299587c8af4b4,none,none
sample,256,128,vec4,0,259851
sample,256,128,vec4,1,260619
sample,256,128,vec4,2,254416
sample,256,128,vec4,3,254592
sample,256,128,vec4,4,258656
sample,256,128,vec4,5,328008
sample,256,128,vec4,6,264630
sample,256,128,vec4,7,251675
sample,256,128,vec4,8,247851
sample,256,128,vec4,9,250341
sample,256,128,vec4,10,249851
sample,256,128,vec4,11,253527
sample,256,128,vec4,12,249193
sample,256,128,vec4,13,250267
sample,256,128,vec4,14,262193
sample,256,128,vec4,15,250889
sample,256,128,vec4,16,251582
sample,256,128,vec4,17,251490
sample,256,128,vec4,18,253481
sample,256,128,vec4,19,288361
sample,256,128,vec4,20,255388
sample,256,128,vec4,21,250481
sample,256,128,vec4,22,250305
sample,256,128,vec4,23,249917
sample,256,128,vec4,24,252981
sample,256,128,vec4,25,252387
sample,256,128,vec4,26,309296
sample,256,128,vec4,27,299027
sample,256,128,vec4,28,309221
sample,256,128,vec4,29,256055
measured,256,128,fused2,4096,16384,5,30,7,233749,266926,4c67926a9205d7b4,956299587c8af4b4,none,none
sample,256,128,fused2,0,234129
sample,256,128,fused2,1,235925
sample,256,128,fused2,2,235573
sample,256,128,fused2,3,234009
sample,256,128,fused2,4,233351
sample,256,128,fused2,5,232972
sample,256,128,fused2,6,266926
sample,256,128,fused2,7,232453
sample,256,128,fused2,8,225074
sample,256,128,fused2,9,225963
sample,256,128,fused2,10,227629
sample,256,128,fused2,11,234454
sample,256,128,fused2,12,232888
sample,256,128,fused2,13,230259
sample,256,128,fused2,14,231323
sample,256,128,fused2,15,229916
sample,256,128,fused2,16,234749
sample,256,128,fused2,17,231175
sample,256,128,fused2,18,233749
sample,256,128,fused2,19,231693
sample,256,128,fused2,20,265193
sample,256,128,fused2,21,226425
sample,256,128,fused2,22,227360
sample,256,128,fused2,23,235500
sample,256,128,fused2,24,236203
sample,256,128,fused2,25,238593
sample,256,128,fused2,26,417805
sample,256,128,fused2,27,245934
sample,256,128,fused2,28,234064
sample,256,128,fused2,29,234333
measured,256,128,tile8,4096,16384,5,30,6,208139,221545,4c67926a9205d7b4,956299587c8af4b4,none,none
sample,256,128,tile8,0,206231
sample,256,128,tile8,1,210351
sample,256,128,tile8,2,209630
sample,256,128,tile8,3,207943
sample,256,128,tile8,4,207675
sample,256,128,tile8,5,207704
sample,256,128,tile8,6,208139
sample,256,128,tile8,7,208887
sample,256,128,tile8,8,208278
sample,256,128,tile8,9,204702
sample,256,128,tile8,10,207629
sample,256,128,tile8,11,206759
sample,256,128,tile8,12,210332
sample,256,128,tile8,13,207287
sample,256,128,tile8,14,207546
sample,256,128,tile8,15,209823
sample,256,128,tile8,16,208139
sample,256,128,tile8,17,211999
sample,256,128,tile8,18,206398
sample,256,128,tile8,19,216037
sample,256,128,tile8,20,212045
sample,256,128,tile8,21,203778
sample,256,128,tile8,22,209296
sample,256,128,tile8,23,205258
sample,256,128,tile8,24,210157
sample,256,128,tile8,25,205036
sample,256,128,tile8,26,221545
sample,256,128,tile8,27,210536
sample,256,128,tile8,28,232989
sample,256,128,tile8,29,207686
measured,256,512,vec4,16384,65536,5,30,8,265221,274888,38bbe1f688e24d78,1c8bb372f8f1302e,none,none
sample,256,512,vec4,0,261416
sample,256,512,vec4,1,261000
sample,256,512,vec4,2,264685
sample,256,512,vec4,3,259361
sample,256,512,vec4,4,269990
sample,256,512,vec4,5,267490
sample,256,512,vec4,6,266555
sample,256,512,vec4,7,260620
sample,256,512,vec4,8,260954
sample,256,512,vec4,9,261601
sample,256,512,vec4,10,262832
sample,256,512,vec4,11,266508
sample,256,512,vec4,12,263230
sample,256,512,vec4,13,264296
sample,256,512,vec4,14,261564
sample,256,512,vec4,15,260250
sample,256,512,vec4,16,262212
sample,256,512,vec4,17,271101
sample,256,512,vec4,18,265221
sample,256,512,vec4,19,266407
sample,256,512,vec4,20,269064
sample,256,512,vec4,21,270074
sample,256,512,vec4,22,269221
sample,256,512,vec4,23,267656
sample,256,512,vec4,24,267924
sample,256,512,vec4,25,319221
sample,256,512,vec4,26,274888
sample,256,512,vec4,27,268138
sample,256,512,vec4,28,265036
sample,256,512,vec4,29,273999
measured,256,512,fused2,16384,65536,5,30,7,239981,291406,38bbe1f688e24d78,1c8bb372f8f1302e,none,none
sample,256,512,fused2,0,239351
sample,256,512,fused2,1,237768
sample,256,512,fused2,2,236194
sample,256,512,fused2,3,234721
sample,256,512,fused2,4,275120
sample,256,512,fused2,5,238526
sample,256,512,fused2,6,234934
sample,256,512,fused2,7,231601
sample,256,512,fused2,8,230907
sample,256,512,fused2,9,239981
sample,256,512,fused2,10,237027
sample,256,512,fused2,11,237713
sample,256,512,fused2,12,238249
sample,256,512,fused2,13,238119
sample,256,512,fused2,14,244082
sample,256,512,fused2,15,237823
sample,256,512,fused2,16,515831
sample,256,512,fused2,17,249925
sample,256,512,fused2,18,241481
sample,256,512,fused2,19,240953
sample,256,512,fused2,20,240980
sample,256,512,fused2,21,244305
sample,256,512,fused2,22,246546
sample,256,512,fused2,23,243231
sample,256,512,fused2,24,242295
sample,256,512,fused2,25,291406
sample,256,512,fused2,26,243471
sample,256,512,fused2,27,239426
sample,256,512,fused2,28,243342
sample,256,512,fused2,29,243897
measured,256,512,tile8,16384,65536,5,30,6,216545,257351,38bbe1f688e24d78,1c8bb372f8f1302e,none,none
sample,256,512,tile8,0,213740
sample,256,512,tile8,1,212639
sample,256,512,tile8,2,212333
sample,256,512,tile8,3,210074
sample,256,512,tile8,4,272833
sample,256,512,tile8,5,209787
sample,256,512,tile8,6,212536
sample,256,512,tile8,7,210258
sample,256,512,tile8,8,210787
sample,256,512,tile8,9,213916
sample,256,512,tile8,10,215055
sample,256,512,tile8,11,213537
sample,256,512,tile8,12,246666
sample,256,512,tile8,13,257351
sample,256,512,tile8,14,216545
sample,256,512,tile8,15,213361
sample,256,512,tile8,16,216009
sample,256,512,tile8,17,245990
sample,256,512,tile8,18,218435
sample,256,512,tile8,19,216935
sample,256,512,tile8,20,229064
sample,256,512,tile8,21,217352
sample,256,512,tile8,22,217009
sample,256,512,tile8,23,219054
sample,256,512,tile8,24,218954
sample,256,512,tile8,25,231573
sample,256,512,tile8,26,217231
sample,256,512,tile8,27,216519
sample,256,512,tile8,28,217906
sample,256,512,tile8,29,225082
measured,256,2048,vec4,65536,262144,5,30,8,280990,289481,c9e538e9f9dccedd,259153fc2c7bc4e7,none,none
sample,256,2048,vec4,0,268222
sample,256,2048,vec4,1,273628
sample,256,2048,vec4,2,281166
sample,256,2048,vec4,3,277490
sample,256,2048,vec4,4,278999
sample,256,2048,vec4,5,277767
sample,256,2048,vec4,6,278046
sample,256,2048,vec4,7,278536
sample,256,2048,vec4,8,289481
sample,256,2048,vec4,9,277999
sample,256,2048,vec4,10,276490
sample,256,2048,vec4,11,276369
sample,256,2048,vec4,12,275332
sample,256,2048,vec4,13,280990
sample,256,2048,vec4,14,282869
sample,256,2048,vec4,15,284232
sample,256,2048,vec4,16,279667
sample,256,2048,vec4,17,281250
sample,256,2048,vec4,18,281463
sample,256,2048,vec4,19,275212
sample,256,2048,vec4,20,278361
sample,256,2048,vec4,21,283388
sample,256,2048,vec4,22,283360
sample,256,2048,vec4,23,288758
sample,256,2048,vec4,24,287073
sample,256,2048,vec4,25,288860
sample,256,2048,vec4,26,287360
sample,256,2048,vec4,27,285888
sample,256,2048,vec4,28,308139
sample,256,2048,vec4,29,287740
measured,256,2048,fused2,65536,262144,5,30,7,253935,294658,c9e538e9f9dccedd,259153fc2c7bc4e7,none,none
sample,256,2048,fused2,0,248898
sample,256,2048,fused2,1,256240
sample,256,2048,fused2,2,251231
sample,256,2048,fused2,3,249286
sample,256,2048,fused2,4,253740
sample,256,2048,fused2,5,253184
sample,256,2048,fused2,6,250258
sample,256,2048,fused2,7,253935
sample,256,2048,fused2,8,252565
sample,256,2048,fused2,9,252518
sample,256,2048,fused2,10,250860
sample,256,2048,fused2,11,250906
sample,256,2048,fused2,12,252906
sample,256,2048,fused2,13,254981
sample,256,2048,fused2,14,257962
sample,256,2048,fused2,15,254971
sample,256,2048,fused2,16,263750
sample,256,2048,fused2,17,315398
sample,256,2048,fused2,18,253324
sample,256,2048,fused2,19,254083
sample,256,2048,fused2,20,253860
sample,256,2048,fused2,21,251878
sample,256,2048,fused2,22,260536
sample,256,2048,fused2,23,260768
sample,256,2048,fused2,24,261313
sample,256,2048,fused2,25,261268
sample,256,2048,fused2,26,261323
sample,256,2048,fused2,27,259378
sample,256,2048,fused2,28,265361
sample,256,2048,fused2,29,294658
measured,256,2048,tile8,65536,262144,5,30,6,235519,245074,c9e538e9f9dccedd,259153fc2c7bc4e7,none,none
sample,256,2048,tile8,0,228611
sample,256,2048,tile8,1,235519
sample,256,2048,tile8,2,232953
sample,256,2048,tile8,3,231110
sample,256,2048,tile8,4,232971
sample,256,2048,tile8,5,231869
sample,256,2048,tile8,6,229249
sample,256,2048,tile8,7,232611
sample,256,2048,tile8,8,233713
sample,256,2048,tile8,9,252157
sample,256,2048,tile8,10,235582
sample,256,2048,tile8,11,230230
sample,256,2048,tile8,12,233591
sample,256,2048,tile8,13,235063
sample,256,2048,tile8,14,237907
sample,256,2048,tile8,15,235787
sample,256,2048,tile8,16,236880
sample,256,2048,tile8,17,237602
sample,256,2048,tile8,18,231407
sample,256,2048,tile8,19,234999
sample,256,2048,tile8,20,235499
sample,256,2048,tile8,21,237350
sample,256,2048,tile8,22,236610
sample,256,2048,tile8,23,241388
sample,256,2048,tile8,24,239990
sample,256,2048,tile8,25,240702
sample,256,2048,tile8,26,239008
sample,256,2048,tile8,27,241000
sample,256,2048,tile8,28,238889
sample,256,2048,tile8,29,245074
measured,1024,128,vec4,16384,65536,5,30,10,365758,378379,26abf5bddd03bbc5,79acd556594188cd,none,none
sample,1024,128,vec4,0,340675
sample,1024,128,vec4,1,340240
sample,1024,128,vec4,2,345619
sample,1024,128,vec4,3,369018
sample,1024,128,vec4,4,346203
sample,1024,128,vec4,5,370666
sample,1024,128,vec4,6,365758
sample,1024,128,vec4,7,369943
sample,1024,128,vec4,8,359239
sample,1024,128,vec4,9,354314
sample,1024,128,vec4,10,354693
sample,1024,128,vec4,11,362323
sample,1024,128,vec4,12,362804
sample,1024,128,vec4,13,361119
sample,1024,128,vec4,14,363638
sample,1024,128,vec4,15,365703
sample,1024,128,vec4,16,362212
sample,1024,128,vec4,17,417082
sample,1024,128,vec4,18,378379
sample,1024,128,vec4,19,370656
sample,1024,128,vec4,20,375203
sample,1024,128,vec4,21,370629
sample,1024,128,vec4,22,377286
sample,1024,128,vec4,23,362397
sample,1024,128,vec4,24,372258
sample,1024,128,vec4,25,373990
sample,1024,128,vec4,26,374230
sample,1024,128,vec4,27,372073
sample,1024,128,vec4,28,373351
sample,1024,128,vec4,29,374869
measured,1024,128,fused2,16384,65536,5,30,9,336314,355860,26abf5bddd03bbc5,79acd556594188cd,none,none
sample,1024,128,fused2,0,317962
sample,1024,128,fused2,1,317027
sample,1024,128,fused2,2,320610
sample,1024,128,fused2,3,463323
sample,1024,128,fused2,4,316268
sample,1024,128,fused2,5,343101
sample,1024,128,fused2,6,340980
sample,1024,128,fused2,7,334286
sample,1024,128,fused2,8,331296
sample,1024,128,fused2,9,342499
sample,1024,128,fused2,10,330156
sample,1024,128,fused2,11,328731
sample,1024,128,fused2,12,333138
sample,1024,128,fused2,13,334212
sample,1024,128,fused2,14,330054
sample,1024,128,fused2,15,336749
sample,1024,128,fused2,16,327610
sample,1024,128,fused2,17,324860
sample,1024,128,fused2,18,342444
sample,1024,128,fused2,19,340425
sample,1024,128,fused2,20,336314
sample,1024,128,fused2,21,345295
sample,1024,128,fused2,22,342453
sample,1024,128,fused2,23,333481
sample,1024,128,fused2,24,346980
sample,1024,128,fused2,25,345064
sample,1024,128,fused2,26,345842
sample,1024,128,fused2,27,354833
sample,1024,128,fused2,28,355860
sample,1024,128,fused2,29,345619
measured,1024,128,tile8,16384,65536,5,30,8,307638,323480,26abf5bddd03bbc5,79acd556594188cd,none,none
sample,1024,128,tile8,0,290286
sample,1024,128,tile8,1,290063
sample,1024,128,tile8,2,292916
sample,1024,128,tile8,3,358905
sample,1024,128,tile8,4,289915
sample,1024,128,tile8,5,316554
sample,1024,128,tile8,6,308064
sample,1024,128,tile8,7,301490
sample,1024,128,tile8,8,308370
sample,1024,128,tile8,9,306351
sample,1024,128,tile8,10,293249
sample,1024,128,tile8,11,295945
sample,1024,128,tile8,12,298795
sample,1024,128,tile8,13,296916
sample,1024,128,tile8,14,302536
sample,1024,128,tile8,15,309462
sample,1024,128,tile8,16,301491
sample,1024,128,tile8,17,293193
sample,1024,128,tile8,18,323480
sample,1024,128,tile8,19,307638
sample,1024,128,tile8,20,315323
sample,1024,128,tile8,21,309184
sample,1024,128,tile8,22,312805
sample,1024,128,tile8,23,302064
sample,1024,128,tile8,24,321693
sample,1024,128,tile8,25,319869
sample,1024,128,tile8,26,310212
sample,1024,128,tile8,27,312869
sample,1024,128,tile8,28,310083
sample,1024,128,tile8,29,314675
measured,1024,512,vec4,65536,262144,5,30,10,405962,518804,0949b62ffc70d026,7663f0c9d3466943,none,none
sample,1024,512,vec4,0,380064
sample,1024,512,vec4,1,377369
sample,1024,512,vec4,2,373647
sample,1024,512,vec4,3,381740
sample,1024,512,vec4,4,389507
sample,1024,512,vec4,5,388481
sample,1024,512,vec4,6,388675
sample,1024,512,vec4,7,388536
sample,1024,512,vec4,8,388008
sample,1024,512,vec4,9,398768
sample,1024,512,vec4,10,398915
sample,1024,512,vec4,11,609322
sample,1024,512,vec4,12,518804
sample,1024,512,vec4,13,401712
sample,1024,512,vec4,14,406610
sample,1024,512,vec4,15,408249
sample,1024,512,vec4,16,394333
sample,1024,512,vec4,17,398342
sample,1024,512,vec4,18,412082
sample,1024,512,vec4,19,411083
sample,1024,512,vec4,20,411703
sample,1024,512,vec4,21,408157
sample,1024,512,vec4,22,408046
sample,1024,512,vec4,23,410397
sample,1024,512,vec4,24,407434
sample,1024,512,vec4,25,405962
sample,1024,512,vec4,26,428794
sample,1024,512,vec4,27,414749
sample,1024,512,vec4,28,444869
sample,1024,512,vec4,29,417480
measured,1024,512,fused2,65536,262144,5,30,9,373832,394814,0949b62ffc70d026,7663f0c9d3466943,none,none
sample,1024,512,fused2,0,350407
sample,1024,512,fused2,1,358221
sample,1024,512,fused2,2,354471
sample,1024,512,fused2,3,356841
sample,1024,512,fused2,4,363842
sample,1024,512,fused2,5,357990
sample,1024,512,fused2,6,357638
sample,1024,512,fused2,7,354610
sample,1024,512,fused2,8,359841
sample,1024,512,fused2,9,358897
sample,1024,512,fused2,10,365434
sample,1024,512,fused2,11,367943
sample,1024,512,fused2,12,393860
sample,1024,512,fused2,13,373832
sample,1024,512,fused2,14,380407
sample,1024,512,fused2,15,363175
sample,1024,512,fused2,16,379786
sample,1024,512,fused2,17,365841
sample,1024,512,fused2,18,377554
sample,1024,512,fused2,19,386296
sample,1024,512,fused2,20,377749
sample,1024,512,fused2,21,380314
sample,1024,512,fused2,22,389518
sample,1024,512,fused2,23,378249
sample,1024,512,fused2,24,374036
sample,1024,512,fused2,25,409592
sample,1024,512,fused2,26,385619
sample,1024,512,fused2,27,383027
sample,1024,512,fused2,28,394814
sample,1024,512,fused2,29,394405
measured,1024,512,tile8,65536,262144,5,30,8,340415,367731,0949b62ffc70d026,7663f0c9d3466943,none,none
sample,1024,512,tile8,0,322434
sample,1024,512,tile8,1,340415
sample,1024,512,tile8,2,317258
sample,1024,512,tile8,3,337768
sample,1024,512,tile8,4,328415
sample,1024,512,tile8,5,328647
sample,1024,512,tile8,6,326944
sample,1024,512,tile8,7,329702
sample,1024,512,tile8,8,328064
sample,1024,512,tile8,9,337231
sample,1024,512,tile8,10,337563
sample,1024,512,tile8,11,341249
sample,1024,512,tile8,12,364702
sample,1024,512,tile8,13,338925
sample,1024,512,tile8,14,333934
sample,1024,512,tile8,15,383989
sample,1024,512,tile8,16,333888
sample,1024,512,tile8,17,336813
sample,1024,512,tile8,18,348342
sample,1024,512,tile8,19,348823
sample,1024,512,tile8,20,347620
sample,1024,512,tile8,21,348101
sample,1024,512,tile8,22,343342
sample,1024,512,tile8,23,346425
sample,1024,512,tile8,24,346286
sample,1024,512,tile8,25,346731
sample,1024,512,tile8,26,355110
sample,1024,512,tile8,27,367731
sample,1024,512,tile8,28,349962
sample,1024,512,tile8,29,362944
measured,1024,2048,vec4,262144,1048576,5,30,10,428527,450183,2d4a1c573b9665e7,d32c613321b43c7f,none,none
sample,1024,2048,vec4,0,420638
sample,1024,2048,vec4,1,430498
sample,1024,2048,vec4,2,427276
sample,1024,2048,vec4,3,450851
sample,1024,2048,vec4,4,450183
sample,1024,2048,vec4,5,421759
sample,1024,2048,vec4,6,427193
sample,1024,2048,vec4,7,434757
sample,1024,2048,vec4,8,428665
sample,1024,2048,vec4,9,426072
sample,1024,2048,vec4,10,428527
sample,1024,2048,vec4,11,426453
sample,1024,2048,vec4,12,445276
sample,1024,2048,vec4,13,421407
sample,1024,2048,vec4,14,434092
sample,1024,2048,vec4,15,432276
sample,1024,2048,vec4,16,428175
sample,1024,2048,vec4,17,432832
sample,1024,2048,vec4,18,429342
sample,1024,2048,vec4,19,422081
sample,1024,2048,vec4,20,447203
sample,1024,2048,vec4,21,433592
sample,1024,2048,vec4,22,429091
sample,1024,2048,vec4,23,425980
sample,1024,2048,vec4,24,435832
sample,1024,2048,vec4,25,427795
sample,1024,2048,vec4,26,425518
sample,1024,2048,vec4,27,428953
sample,1024,2048,vec4,28,423859
sample,1024,2048,vec4,29,426638
measured,1024,2048,fused2,262144,1048576,5,30,9,393628,403471,2d4a1c573b9665e7,d32c613321b43c7f,none,none
sample,1024,2048,fused2,0,387591
sample,1024,2048,fused2,1,395472
sample,1024,2048,fused2,2,393628
sample,1024,2048,fused2,3,391878
sample,1024,2048,fused2,4,389416
sample,1024,2048,fused2,5,396323
sample,1024,2048,fused2,6,403471
sample,1024,2048,fused2,7,392796
sample,1024,2048,fused2,8,390249
sample,1024,2048,fused2,9,395629
sample,1024,2048,fused2,10,395407
sample,1024,2048,fused2,11,393646
sample,1024,2048,fused2,12,393009
sample,1024,2048,fused2,13,397601
sample,1024,2048,fused2,14,384517
sample,1024,2048,fused2,15,395527
sample,1024,2048,fused2,16,390952
sample,1024,2048,fused2,17,391268
sample,1024,2048,fused2,18,402767
sample,1024,2048,fused2,19,386361
sample,1024,2048,fused2,20,384295
sample,1024,2048,fused2,21,397203
sample,1024,2048,fused2,22,395554
sample,1024,2048,fused2,23,389720
sample,1024,2048,fused2,24,395851
sample,1024,2048,fused2,25,390803
sample,1024,2048,fused2,26,401915
sample,1024,2048,fused2,27,386768
sample,1024,2048,fused2,28,403638
sample,1024,2048,fused2,29,394221
measured,1024,2048,tile8,262144,1048576,5,30,8,372582,379647,2d4a1c573b9665e7,d32c613321b43c7f,none,none
sample,1024,2048,tile8,0,376314
sample,1024,2048,tile8,1,375499
sample,1024,2048,tile8,2,372582
sample,1024,2048,tile8,3,373277
sample,1024,2048,tile8,4,371943
sample,1024,2048,tile8,5,370554
sample,1024,2048,tile8,6,374120
sample,1024,2048,tile8,7,371546
sample,1024,2048,tile8,8,372499
sample,1024,2048,tile8,9,371508
sample,1024,2048,tile8,10,372045
sample,1024,2048,tile8,11,373082
sample,1024,2048,tile8,12,377749
sample,1024,2048,tile8,13,366647
sample,1024,2048,tile8,14,375757
sample,1024,2048,tile8,15,370101
sample,1024,2048,tile8,16,374175
sample,1024,2048,tile8,17,372518
sample,1024,2048,tile8,18,368295
sample,1024,2048,tile8,19,380370
sample,1024,2048,tile8,20,379647
sample,1024,2048,tile8,21,376961
sample,1024,2048,tile8,22,370008
sample,1024,2048,tile8,23,377694
sample,1024,2048,tile8,24,371036
sample,1024,2048,tile8,25,373971
sample,1024,2048,tile8,26,369092
sample,1024,2048,tile8,27,373684
sample,1024,2048,tile8,28,369295
sample,1024,2048,tile8,29,377629
measured,4096,128,vec4,65536,262144,5,30,12,502166,852979,d878e557b6daedce,8cc85ceb09c8efed,none,none
sample,4096,128,vec4,0,497674
sample,4096,128,vec4,1,490360
sample,4096,128,vec4,2,487174
sample,4096,128,vec4,3,494498
sample,4096,128,vec4,4,492942
sample,4096,128,vec4,5,499109
sample,4096,128,vec4,6,499221
sample,4096,128,vec4,7,502166
sample,4096,128,vec4,8,517509
sample,4096,128,vec4,9,992377
sample,4096,128,vec4,10,542434
sample,4096,128,vec4,11,501053
sample,4096,128,vec4,12,506092
sample,4096,128,vec4,13,499803
sample,4096,128,vec4,14,504175
sample,4096,128,vec4,15,498925
sample,4096,128,vec4,16,497527
sample,4096,128,vec4,17,492258
sample,4096,128,vec4,18,486249
sample,4096,128,vec4,19,488933
sample,4096,128,vec4,20,650082
sample,4096,128,vec4,21,662146
sample,4096,128,vec4,22,661683
sample,4096,128,vec4,23,657007
sample,4096,128,vec4,24,657896
sample,4096,128,vec4,25,660267
sample,4096,128,vec4,26,852979
sample,4096,128,vec4,27,653924
sample,4096,128,vec4,28,652248
sample,4096,128,vec4,29,664674
measured,4096,128,fused2,65536,262144,5,30,11,469674,633498,d878e557b6daedce,8cc85ceb09c8efed,none,none
sample,4096,128,fused2,0,475231
sample,4096,128,fused2,1,466305
sample,4096,128,fused2,2,455157
sample,4096,128,fused2,3,461340
sample,4096,128,fused2,4,458434
sample,4096,128,fused2,5,484879
sample,4096,128,fused2,6,457981
sample,4096,128,fused2,7,460407
sample,4096,128,fused2,8,463378
sample,4096,128,fused2,9,545443
sample,4096,128,fused2,10,481536
sample,4096,128,fused2,11,465545
sample,4096,128,fused2,12,462757
sample,4096,128,fused2,13,462314
sample,4096,128,fused2,14,469674
sample,4096,128,fused2,15,468833
sample,4096,128,fused2,16,465147
sample,4096,128,fused2,17,463416
sample,4096,128,fused2,18,456859
sample,4096,128,fused2,19,646406
sample,4096,128,fused2,20,615081
sample,4096,128,fused2,21,617007
sample,4096,128,fused2,22,629470
sample,4096,128,fused2,23,632415
sample,4096,128,fused2,24,632035
sample,4096,128,fused2,25,622008
sample,4096,128,fused2,26,621480
sample,4096,128,fused2,27,633498
sample,4096,128,fused2,28,628090
sample,4096,128,fused2,29,625489
measured,4096,128,tile8,65536,262144,5,30,10,436972,601665,d878e557b6daedce,8cc85ceb09c8efed,none,none
sample,4096,128,tile8,0,432340
sample,4096,128,tile8,1,424740
sample,4096,128,tile8,2,436972
sample,4096,128,tile8,3,429119
sample,4096,128,tile8,4,436601
sample,4096,128,tile8,5,427110
sample,4096,128,tile8,6,421776
sample,4096,128,tile8,7,422332
sample,4096,128,tile8,8,489444
sample,4096,128,tile8,9,452350
sample,4096,128,tile8,10,586341
sample,4096,128,tile8,11,441712
sample,4096,128,tile8,12,432629
sample,4096,128,tile8,13,440877
sample,4096,128,tile8,14,434648
sample,4096,128,tile8,15,431360
sample,4096,128,tile8,16,429712
sample,4096,128,tile8,17,432082
sample,4096,128,tile8,18,431166
sample,4096,128,tile8,19,428240
sample,4096,128,tile8,20,589036
sample,4096,128,tile8,21,590331
sample,4096,128,tile8,22,594323
sample,4096,128,tile8,23,596823
sample,4096,128,tile8,24,592637
sample,4096,128,tile8,25,591285
sample,4096,128,tile8,26,656276
sample,4096,128,tile8,27,601665
sample,4096,128,tile8,28,586368
sample,4096,128,tile8,29,590638
measured,4096,512,vec4,262144,1048576,5,30,12,497647,510785,07e875993970433c,207dceeda1be3f5b,none,none
sample,4096,512,vec4,0,500100
sample,4096,512,vec4,1,509275
sample,4096,512,vec4,2,494785
sample,4096,512,vec4,3,501888
sample,4096,512,vec4,4,491647
sample,4096,512,vec4,5,497647
sample,4096,512,vec4,6,510785
sample,4096,512,vec4,7,492396
sample,4096,512,vec4,8,506240
sample,4096,512,vec4,9,504629
sample,4096,512,vec4,10,494119
sample,4096,512,vec4,11,490507
sample,4096,512,vec4,12,499842
sample,4096,512,vec4,13,500573
sample,4096,512,vec4,14,488360
sample,4096,512,vec4,15,497998
sample,4096,512,vec4,16,497286
sample,4096,512,vec4,17,497480
sample,4096,512,vec4,18,508656
sample,4096,512,vec4,19,494276
sample,4096,512,vec4,20,497573
sample,4096,512,vec4,21,501962
sample,4096,512,vec4,22,501498
sample,4096,512,vec4,23,490757
sample,4096,512,vec4,24,496166
sample,4096,512,vec4,25,495110
sample,4096,512,vec4,26,494934
sample,4096,512,vec4,27,499350
sample,4096,512,vec4,28,499157
sample,4096,512,vec4,29,515851
measured,4096,512,fused2,262144,1048576,5,30,11,460036,470035,07e875993970433c,207dceeda1be3f5b,none,none
sample,4096,512,fused2,0,461795
sample,4096,512,fused2,1,460859
sample,4096,512,fused2,2,462786
sample,4096,512,fused2,3,457934
sample,4096,512,fused2,4,458739
sample,4096,512,fused2,5,452785
sample,4096,512,fused2,6,464350
sample,4096,512,fused2,7,460749
sample,4096,512,fused2,8,458878
sample,4096,512,fused2,9,458397
sample,4096,512,fused2,10,458046
sample,4096,512,fused2,11,453360
sample,4096,512,fused2,12,458777
sample,4096,512,fused2,13,461074
sample,4096,512,fused2,14,453646
sample,4096,512,fused2,15,454655
sample,4096,512,fused2,16,461971
sample,4096,512,fused2,17,463831
sample,4096,512,fused2,18,463175
sample,4096,512,fused2,19,457322
sample,4096,512,fused2,20,460036
sample,4096,512,fused2,21,473379
sample,4096,512,fused2,22,463638
sample,4096,512,fused2,23,454796
sample,4096,512,fused2,24,456453
sample,4096,512,fused2,25,460583
sample,4096,512,fused2,26,456729
sample,4096,512,fused2,27,462979
sample,4096,512,fused2,28,463128
sample,4096,512,fused2,29,470035
measured,4096,512,tile8,262144,1048576,5,30,10,443787,456729,07e875993970433c,207dceeda1be3f5b,none,none
sample,4096,512,tile8,0,442277
sample,4096,512,tile8,1,447638
sample,4096,512,tile8,2,446953
sample,4096,512,tile8,3,443092
sample,4096,512,tile8,4,443840
sample,4096,512,tile8,5,436934
sample,4096,512,tile8,6,446545
sample,4096,512,tile8,7,444008
sample,4096,512,tile8,8,448813
sample,4096,512,tile8,9,437953
sample,4096,512,tile8,10,441027
sample,4096,512,tile8,11,435174
sample,4096,512,tile8,12,442138
sample,4096,512,tile8,13,451433
sample,4096,512,tile8,14,449350
sample,4096,512,tile8,15,437795
sample,4096,512,tile8,16,445425
sample,4096,512,tile8,17,440600
sample,4096,512,tile8,18,444953
sample,4096,512,tile8,19,444452
sample,4096,512,tile8,20,448924
sample,4096,512,tile8,21,456729
sample,4096,512,tile8,22,442916
sample,4096,512,tile8,23,442998
sample,4096,512,tile8,24,437027
sample,4096,512,tile8,25,441787
sample,4096,512,tile8,26,444435
sample,4096,512,tile8,27,443787
sample,4096,512,tile8,28,459610
sample,4096,512,tile8,29,443305
measured,4096,2048,vec4,1048576,4194304,5,30,12,550073,558433,4143a88e49ed614b,e0842ad8f72c0c9f,none,none
sample,4096,2048,vec4,0,553583
sample,4096,2048,vec4,1,555211
sample,4096,2048,vec4,2,546971
sample,4096,2048,vec4,3,548683
sample,4096,2048,vec4,4,546406
sample,4096,2048,vec4,5,551230
sample,4096,2048,vec4,6,552803
sample,4096,2048,vec4,7,548119
sample,4096,2048,vec4,8,555489
sample,4096,2048,vec4,9,550073
sample,4096,2048,vec4,10,556072
sample,4096,2048,vec4,11,545295
sample,4096,2048,vec4,12,543916
sample,4096,2048,vec4,13,547480
sample,4096,2048,vec4,14,556221
sample,4096,2048,vec4,15,546238
sample,4096,2048,vec4,16,558341
sample,4096,2048,vec4,17,556332
sample,4096,2048,vec4,18,549581
sample,4096,2048,vec4,19,551740
sample,4096,2048,vec4,20,549461
sample,4096,2048,vec4,21,559970
sample,4096,2048,vec4,22,547683
sample,4096,2048,vec4,23,545794
sample,4096,2048,vec4,24,550442
sample,4096,2048,vec4,25,544683
sample,4096,2048,vec4,26,548637
sample,4096,2048,vec4,27,553953
sample,4096,2048,vec4,28,558433
sample,4096,2048,vec4,29,552137
measured,4096,2048,fused2,1048576,4194304,5,30,11,516406,526989,4143a88e49ed614b,e0842ad8f72c0c9f,none,none
sample,4096,2048,fused2,0,522444
sample,4096,2048,fused2,1,514572
sample,4096,2048,fused2,2,508054
sample,4096,2048,fused2,3,513314
sample,4096,2048,fused2,4,511610
sample,4096,2048,fused2,5,513183
sample,4096,2048,fused2,6,517369
sample,4096,2048,fused2,7,519137
sample,4096,2048,fused2,8,516748
sample,4096,2048,fused2,9,516406
sample,4096,2048,fused2,10,525452
sample,4096,2048,fused2,11,518730
sample,4096,2048,fused2,12,509925
sample,4096,2048,fused2,13,512591
sample,4096,2048,fused2,14,519425
sample,4096,2048,fused2,15,514646
sample,4096,2048,fused2,16,517786
sample,4096,2048,fused2,17,526989
sample,4096,2048,fused2,18,519295
sample,4096,2048,fused2,19,528127
sample,4096,2048,fused2,20,515711
sample,4096,2048,fused2,21,517841
sample,4096,2048,fused2,22,510823
sample,4096,2048,fused2,23,521554
sample,4096,2048,fused2,24,509340
sample,4096,2048,fused2,25,512619
sample,4096,2048,fused2,26,512323
sample,4096,2048,fused2,27,520898
sample,4096,2048,fused2,28,519192
sample,4096,2048,fused2,29,514887
measured,4096,2048,tile8,1048576,4194304,5,30,10,542831,554731,4143a88e49ed614b,e0842ad8f72c0c9f,none,none
sample,4096,2048,tile8,0,544998
sample,4096,2048,tile8,1,540146
sample,4096,2048,tile8,2,541249
sample,4096,2048,tile8,3,538341
sample,4096,2048,tile8,4,550433
sample,4096,2048,tile8,5,551240
sample,4096,2048,tile8,6,544276
sample,4096,2048,tile8,7,542054
sample,4096,2048,tile8,8,542831
sample,4096,2048,tile8,9,542304
sample,4096,2048,tile8,10,544470
sample,4096,2048,tile8,11,542813
sample,4096,2048,tile8,12,544998
sample,4096,2048,tile8,13,553313
sample,4096,2048,tile8,14,544701
sample,4096,2048,tile8,15,540220
sample,4096,2048,tile8,16,540369
sample,4096,2048,tile8,17,540877
sample,4096,2048,tile8,18,539323
sample,4096,2048,tile8,19,545175
sample,4096,2048,tile8,20,547517
sample,4096,2048,tile8,21,545544
sample,4096,2048,tile8,22,547933
sample,4096,2048,tile8,23,554731
sample,4096,2048,tile8,24,540739
sample,4096,2048,tile8,25,540296
sample,4096,2048,tile8,26,542618
sample,4096,2048,tile8,27,548824
sample,4096,2048,tile8,28,556694
sample,4096,2048,tile8,29,540230
measured,16384,128,vec4,262144,1048576,5,30,14,565703,578331,318e48fc80dadb1f,a09bc0e13ecf9bf8,none,none
sample,16384,128,vec4,0,574035
sample,16384,128,vec4,1,565407
sample,16384,128,vec4,2,571758
sample,16384,128,vec4,3,564313
sample,16384,128,vec4,4,574157
sample,16384,128,vec4,5,568508
sample,16384,128,vec4,6,565026
sample,16384,128,vec4,7,563406
sample,16384,128,vec4,8,572489
sample,16384,128,vec4,9,571961
sample,16384,128,vec4,10,571173
sample,16384,128,vec4,11,561202
sample,16384,128,vec4,12,557785
sample,16384,128,vec4,13,564897
sample,16384,128,vec4,14,553656
sample,16384,128,vec4,15,566581
sample,16384,128,vec4,16,575507
sample,16384,128,vec4,17,565703
sample,16384,128,vec4,18,561554
sample,16384,128,vec4,19,564628
sample,16384,128,vec4,20,572822
sample,16384,128,vec4,21,578331
sample,16384,128,vec4,22,558267
sample,16384,128,vec4,23,580518
sample,16384,128,vec4,24,566952
sample,16384,128,vec4,25,568396
sample,16384,128,vec4,26,568813
sample,16384,128,vec4,27,562554
sample,16384,128,vec4,28,559979
sample,16384,128,vec4,29,558980
measured,16384,128,fused2,262144,1048576,5,30,13,535907,552285,318e48fc80dadb1f,a09bc0e13ecf9bf8,none,none
sample,16384,128,fused2,0,539313
sample,16384,128,fused2,1,533285
sample,16384,128,fused2,2,536063
sample,16384,128,fused2,3,541211
sample,16384,128,fused2,4,542657
sample,16384,128,fused2,5,536572
sample,16384,128,fused2,6,553257
sample,16384,128,fused2,7,539407
sample,16384,128,fused2,8,537211
sample,16384,128,fused2,9,537406
sample,16384,128,fused2,10,552285
sample,16384,128,fused2,11,532721
sample,16384,128,fused2,12,531239
sample,16384,128,fused2,13,531842
sample,16384,128,fused2,14,533777
sample,16384,128,fused2,15,548934
sample,16384,128,fused2,16,539794
sample,16384,128,fused2,17,535231
sample,16384,128,fused2,18,536137
sample,16384,128,fused2,19,536637
sample,16384,128,fused2,20,524081
sample,16384,128,fused2,21,529777
sample,16384,128,fused2,22,530443
sample,16384,128,fused2,23,529081
sample,16384,128,fused2,24,535907
sample,16384,128,fused2,25,535776
sample,16384,128,fused2,26,532721
sample,16384,128,fused2,27,538888
sample,16384,128,fused2,28,534452
sample,16384,128,fused2,29,527257
measured,16384,128,tile8,262144,1048576,5,30,12,514350,525018,318e48fc80dadb1f,a09bc0e13ecf9bf8,none,none
sample,16384,128,tile8,0,512601
sample,16384,128,tile8,1,510906
sample,16384,128,tile8,2,506138
sample,16384,128,tile8,3,514082
sample,16384,128,tile8,4,516137
sample,16384,128,tile8,5,517017
sample,16384,128,tile8,6,522526
sample,16384,128,tile8,7,523026
sample,16384,128,tile8,8,517757
sample,16384,128,tile8,9,516684
sample,16384,128,tile8,10,516618
sample,16384,128,tile8,11,526564
sample,16384,128,tile8,12,510194
sample,16384,128,tile8,13,507313
sample,16384,128,tile8,14,505804
sample,16384,128,tile8,15,510916
sample,16384,128,tile8,16,514516
sample,16384,128,tile8,17,517998
sample,16384,128,tile8,18,513074
sample,16384,128,tile8,19,525018
sample,16384,128,tile8,20,515962
sample,16384,128,tile8,21,514915
sample,16384,128,tile8,22,515137
sample,16384,128,tile8,23,502489
sample,16384,128,tile8,24,514350
sample,16384,128,tile8,25,513879
sample,16384,128,tile8,26,513887
sample,16384,128,tile8,27,512249
sample,16384,128,tile8,28,521618
sample,16384,128,tile8,29,507453
measured,16384,512,vec4,1048576,4194304,5,30,14,636722,660655,08b87a1ca99fa7b8,cc66b7b8fae87df4,none,none
sample,16384,512,vec4,0,629618
sample,16384,512,vec4,1,630998
sample,16384,512,vec4,2,629942
sample,16384,512,vec4,3,639868
sample,16384,512,vec4,4,635471
sample,16384,512,vec4,5,639998
sample,16384,512,vec4,6,633822
sample,16384,512,vec4,7,646665
sample,16384,512,vec4,8,637609
sample,16384,512,vec4,9,636748
sample,16384,512,vec4,10,632564
sample,16384,512,vec4,11,640738
sample,16384,512,vec4,12,637831
sample,16384,512,vec4,13,642295
sample,16384,512,vec4,14,641535
sample,16384,512,vec4,15,660655
sample,16384,512,vec4,16,634656
sample,16384,512,vec4,17,633340
sample,16384,512,vec4,18,660573
sample,16384,512,vec4,19,629378
sample,16384,512,vec4,20,643082
sample,16384,512,vec4,21,633627
sample,16384,512,vec4,22,635331
sample,16384,512,vec4,23,654211
sample,16384,512,vec4,24,634109
sample,16384,512,vec4,25,635026
sample,16384,512,vec4,26,636722
sample,16384,512,vec4,27,658914
sample,16384,512,vec4,28,627424
sample,16384,512,vec4,29,690479
measured,16384,512,fused2,1048576,4194304,5,30,13,600722,626572,08b87a1ca99fa7b8,cc66b7b8fae87df4,none,none
sample,16384,512,fused2,0,597887
sample,16384,512,fused2,1,603146
sample,16384,512,fused2,2,602128
sample,16384,512,fused2,3,601711
sample,16384,512,fused2,4,600110
sample,16384,512,fused2,5,600415
sample,16384,512,fused2,6,600294
sample,16384,512,fused2,7,602869
sample,16384,512,fused2,8,597990
sample,16384,512,fused2,9,601998
sample,16384,512,fused2,10,599489
sample,16384,512,fused2,11,589414
sample,16384,512,fused2,12,597368
sample,16384,512,fused2,13,608942
sample,16384,512,fused2,14,602942
sample,16384,512,fused2,15,616933
sample,16384,512,fused2,16,601054
sample,16384,512,fused2,17,603332
sample,16384,512,fused2,18,655757
sample,16384,512,fused2,19,595906
sample,16384,512,fused2,20,592609
sample,16384,512,fused2,21,598988
sample,16384,512,fused2,22,605508
sample,16384,512,fused2,23,602082
sample,16384,512,fused2,24,602618
sample,16384,512,fused2,25,600722
sample,16384,512,fused2,26,597360
sample,16384,512,fused2,27,600239
sample,16384,512,fused2,28,593600
sample,16384,512,fused2,29,626572
measured,16384,512,tile8,1048576,4194304,5,30,12,624979,640341,08b87a1ca99fa7b8,cc66b7b8fae87df4,none,none
sample,16384,512,tile8,0,625573
sample,16384,512,tile8,1,623887
sample,16384,512,tile8,2,626007
sample,16384,512,tile8,3,640341
sample,16384,512,tile8,4,618165
sample,16384,512,tile8,5,628296
sample,16384,512,tile8,6,623517
sample,16384,512,tile8,7,628240
sample,16384,512,tile8,8,635312
sample,16384,512,tile8,9,617572
sample,16384,512,tile8,10,624979
sample,16384,512,tile8,11,618859
sample,16384,512,tile8,12,628498
sample,16384,512,tile8,13,627174
sample,16384,512,tile8,14,624851
sample,16384,512,tile8,15,631748
sample,16384,512,tile8,16,619943
sample,16384,512,tile8,17,629610
sample,16384,512,tile8,18,636451
sample,16384,512,tile8,19,620581
sample,16384,512,tile8,20,626526
sample,16384,512,tile8,21,616063
sample,16384,512,tile8,22,618211
sample,16384,512,tile8,23,620508
sample,16384,512,tile8,24,628943
sample,16384,512,tile8,25,624036
sample,16384,512,tile8,26,629128
sample,16384,512,tile8,27,655396
sample,16384,512,tile8,28,623896
sample,16384,512,tile8,29,624517
measured,16384,2048,vec4,4194304,16777216,5,30,14,838544,893265,6be3b72c15a212b9,3199380bd5011e6c,none,none
sample,16384,2048,vec4,0,847378
sample,16384,2048,vec4,1,835821
sample,16384,2048,vec4,2,854812
sample,16384,2048,vec4,3,845395
sample,16384,2048,vec4,4,844276
sample,16384,2048,vec4,5,847071
sample,16384,2048,vec4,6,878145
sample,16384,2048,vec4,7,846802
sample,16384,2048,vec4,8,905200
sample,16384,2048,vec4,9,860998
sample,16384,2048,vec4,10,846553
sample,16384,2048,vec4,11,846785
sample,16384,2048,vec4,12,893265
sample,16384,2048,vec4,13,872507
sample,16384,2048,vec4,14,835423
sample,16384,2048,vec4,15,838544
sample,16384,2048,vec4,16,838192
sample,16384,2048,vec4,17,835525
sample,16384,2048,vec4,18,833257
sample,16384,2048,vec4,19,829229
sample,16384,2048,vec4,20,833193
sample,16384,2048,vec4,21,837461
sample,16384,2048,vec4,22,839589
sample,16384,2048,vec4,23,833886
sample,16384,2048,vec4,24,825951
sample,16384,2048,vec4,25,836228
sample,16384,2048,vec4,26,833378
sample,16384,2048,vec4,27,842266
sample,16384,2048,vec4,28,832200
sample,16384,2048,vec4,29,836498
measured,16384,2048,fused2,4194304,16777216,5,30,13,802211,848211,6be3b72c15a212b9,3199380bd5011e6c,none,none
sample,16384,2048,fused2,0,798275
sample,16384,2048,fused2,1,806091
sample,16384,2048,fused2,2,790738
sample,16384,2048,fused2,3,802165
sample,16384,2048,fused2,4,841812
sample,16384,2048,fused2,5,803840
sample,16384,2048,fused2,6,838952
sample,16384,2048,fused2,7,816739
sample,16384,2048,fused2,8,873858
sample,16384,2048,fused2,9,824886
sample,16384,2048,fused2,10,848211
sample,16384,2048,fused2,11,804553
sample,16384,2048,fused2,12,807618
sample,16384,2048,fused2,13,793210
sample,16384,2048,fused2,14,790173
sample,16384,2048,fused2,15,804155
sample,16384,2048,fused2,16,835979
sample,16384,2048,fused2,17,790515
sample,16384,2048,fused2,18,802211
sample,16384,2048,fused2,19,804229
sample,16384,2048,fused2,20,796600
sample,16384,2048,fused2,21,800285
sample,16384,2048,fused2,22,789739
sample,16384,2048,fused2,23,800165
sample,16384,2048,fused2,24,802304
sample,16384,2048,fused2,25,820025
sample,16384,2048,fused2,26,792906
sample,16384,2048,fused2,27,793090
sample,16384,2048,fused2,28,796971
sample,16384,2048,fused2,29,801618
measured,16384,2048,tile8,4194304,16777216,5,30,12,1006710,1042784,6be3b72c15a212b9,3199380bd5011e6c,none,none
sample,16384,2048,tile8,0,999182
sample,16384,2048,tile8,1,1004219
sample,16384,2048,tile8,2,1006710
sample,16384,2048,tile8,3,1009905
sample,16384,2048,tile8,4,1001627
sample,16384,2048,tile8,5,1036469
sample,16384,2048,tile8,6,1008618
sample,16384,2048,tile8,7,996691
sample,16384,2048,tile8,8,1037728
sample,16384,2048,tile8,9,1022145
sample,16384,2048,tile8,10,1025238
sample,16384,2048,tile8,11,1042460
sample,16384,2048,tile8,12,1006590
sample,16384,2048,tile8,13,1037914
sample,16384,2048,tile8,14,997034
sample,16384,2048,tile8,15,1001396
sample,16384,2048,tile8,16,995756
sample,16384,2048,tile8,17,1042728
sample,16384,2048,tile8,18,997636
sample,16384,2048,tile8,19,1049349
sample,16384,2048,tile8,20,1010006
sample,16384,2048,tile8,21,997932
sample,16384,2048,tile8,22,997515
sample,16384,2048,tile8,23,1042784
sample,16384,2048,tile8,24,1002442
sample,16384,2048,tile8,25,1026728
sample,16384,2048,tile8,26,1007988
sample,16384,2048,tile8,27,1005812
sample,16384,2048,tile8,28,1001840
sample,16384,2048,tile8,29,1038756
measured,65536,128,vec4,1048576,4194304,5,30,16,729257,891571,9ec0db29a14c575b,4098921c6b362ecd,none,none
sample,65536,128,vec4,0,754220
sample,65536,128,vec4,1,726877
sample,65536,128,vec4,2,724313
sample,65536,128,vec4,3,727988
sample,65536,128,vec4,4,736386
sample,65536,128,vec4,5,718183
sample,65536,128,vec4,6,715090
sample,65536,128,vec4,7,733969
sample,65536,128,vec4,8,727757
sample,65536,128,vec4,9,791331
sample,65536,128,vec4,10,715878
sample,65536,128,vec4,11,730294
sample,65536,128,vec4,12,720127
sample,65536,128,vec4,13,772720
sample,65536,128,vec4,14,716193
sample,65536,128,vec4,15,891266
sample,65536,128,vec4,16,881720
sample,65536,128,vec4,17,883812
sample,65536,128,vec4,18,881758
sample,65536,128,vec4,19,891571
sample,65536,128,vec4,20,882924
sample,65536,128,vec4,21,892034
sample,65536,128,vec4,22,885109
sample,65536,128,vec4,23,715155
sample,65536,128,vec4,24,735729
sample,65536,128,vec4,25,725813
sample,65536,128,vec4,26,724471
sample,65536,128,vec4,27,727090
sample,65536,128,vec4,28,729257
sample,65536,128,vec4,29,726794
measured,65536,128,fused2,1048576,4194304,5,30,15,701961,877867,9ec0db29a14c575b,4098921c6b362ecd,none,none
sample,65536,128,fused2,0,687147
sample,65536,128,fused2,1,701961
sample,65536,128,fused2,2,699600
sample,65536,128,fused2,3,699155
sample,65536,128,fused2,4,740627
sample,65536,128,fused2,5,691665
sample,65536,128,fused2,6,688656
sample,65536,128,fused2,7,714637
sample,65536,128,fused2,8,702878
sample,65536,128,fused2,9,698165
sample,65536,128,fused2,10,691933
sample,65536,128,fused2,11,710091
sample,65536,128,fused2,12,701258
sample,65536,128,fused2,13,686721
sample,65536,128,fused2,14,695545
sample,65536,128,fused2,15,702239
sample,65536,128,fused2,16,875276
sample,65536,128,fused2,17,863183
sample,65536,128,fused2,18,867211
sample,65536,128,fused2,19,877867
sample,65536,128,fused2,20,858692
sample,65536,128,fused2,21,869017
sample,65536,128,fused2,22,885960
sample,65536,128,fused2,23,848118
sample,65536,128,fused2,24,704054
sample,65536,128,fused2,25,709387
sample,65536,128,fused2,26,701581
sample,65536,128,fused2,27,701563
sample,65536,128,fused2,28,700304
sample,65536,128,fused2,29,697776
measured,65536,128,tile8,1048576,4194304,5,30,14,711914,883543,9ec0db29a14c575b,4098921c6b362ecd,none,none
sample,65536,128,tile8,0,695295
sample,65536,128,tile8,1,725701
sample,65536,128,tile8,2,711914
sample,65536,128,tile8,3,709600
sample,65536,128,tile8,4,705776
sample,65536,128,tile8,5,715155
sample,65536,128,tile8,6,715563
sample,65536,128,tile8,7,709859
sample,65536,128,tile8,8,707265
sample,65536,128,tile8,9,746054
sample,65536,128,tile8,10,706072
sample,65536,128,tile8,11,714276
sample,65536,128,tile8,12,797924
sample,65536,128,tile8,13,711563
sample,65536,128,tile8,14,702387
sample,65536,128,tile8,15,702415
sample,65536,128,tile8,16,869460
sample,65536,128,tile8,17,883543
sample,65536,128,tile8,18,873043
sample,65536,128,tile8,19,884619
sample,65536,128,tile8,20,877997
sample,65536,128,tile8,21,877109
sample,65536,128,tile8,22,875543
sample,65536,128,tile8,23,871969
sample,65536,128,tile8,24,711396
sample,65536,128,tile8,25,702544
sample,65536,128,tile8,26,707822
sample,65536,128,tile8,27,729655
sample,65536,128,tile8,28,705684
sample,65536,128,tile8,29,696424
measured,65536,512,vec4,4194304,16777216,5,30,16,854562,955275,84d06402da633040,29115d73667dee45,none,none
sample,65536,512,vec4,0,948265
sample,65536,512,vec4,1,953006
sample,65536,512,vec4,2,946738
sample,65536,512,vec4,3,955275
sample,65536,512,vec4,4,955275
sample,65536,512,vec4,5,946730
sample,65536,512,vec4,6,953219
sample,65536,512,vec4,7,949608
sample,65536,512,vec4,8,951340
sample,65536,512,vec4,9,958720
sample,65536,512,vec4,10,947841
sample,65536,512,vec4,11,847839
sample,65536,512,vec4,12,841757
sample,65536,512,vec4,13,890655
sample,65536,512,vec4,14,850210
sample,65536,512,vec4,15,869479
sample,65536,512,vec4,16,858321
sample,65536,512,vec4,17,854562
sample,65536,512,vec4,18,858950
sample,65536,512,vec4,19,819691
sample,65536,512,vec4,20,832127
sample,65536,512,vec4,21,783729
sample,65536,512,vec4,22,784877
sample,65536,512,vec4,23,800766
sample,65536,512,vec4,24,784062
sample,65536,512,vec4,25,781442
sample,65536,512,vec4,26,815497
sample,65536,512,vec4,27,754757
sample,65536,512,vec4,28,742970
sample,65536,512,vec4,29,755674
measured,65536,512,fused2,4194304,16777216,5,30,15,818432,959451,84d06402da633040,29115d73667dee45,none,none
sample,65536,512,fused2,0,916868
sample,65536,512,fused2,1,939516
sample,65536,512,fused2,2,959451
sample,65536,512,fused2,3,916627
sample,65536,512,fused2,4,916164
sample,65536,512,fused2,5,950432
sample,65536,512,fused2,6,912488
sample,65536,512,fused2,7,922433
sample,65536,512,fused2,8,924303
sample,65536,512,fused2,9,918228
sample,65536,512,fused2,10,981219
sample,65536,512,fused2,11,877089
sample,65536,512,fused2,12,809146
sample,65536,512,fused2,13,809813
sample,65536,512,fused2,14,813313
sample,65536,512,fused2,15,824211
sample,65536,512,fused2,16,818432
sample,65536,512,fused2,17,822942
sample,65536,512,fused2,18,840441
sample,65536,512,fused2,19,748368
sample,65536,512,fused2,20,746082
sample,65536,512,fused2,21,748952
sample,65536,512,fused2,22,758202
sample,65536,512,fused2,23,759359
sample,65536,512,fused2,24,760961
sample,65536,512,fused2,25,758850
sample,65536,512,fused2,26,750026
sample,65536,512,fused2,27,765627
sample,65536,512,fused2,28,753887
sample,65536,512,fused2,29,726637
measured,65536,512,tile8,4194304,16777216,5,30,14,961339,1118340,84d06402da633040,29115d73667dee45,none,none
sample,65536,512,tile8,0,1103072
sample,65536,512,tile8,1,1112126
sample,65536,512,tile8,2,1104117
sample,65536,512,tile8,3,1107840
sample,65536,512,tile8,4,1101766
sample,65536,512,tile8,5,1122338
sample,65536,512,tile8,6,1103784
sample,65536,512,tile8,7,1118340
sample,65536,512,tile8,8,1103488
sample,65536,512,tile8,9,1109608
sample,65536,512,tile8,10,1100395
sample,65536,512,tile8,11,1073108
sample,65536,512,tile8,12,950951
sample,65536,512,tile8,13,982774
sample,65536,512,tile8,14,960812
sample,65536,512,tile8,15,962766
sample,65536,512,tile8,16,964302
sample,65536,512,tile8,17,961339
sample,65536,512,tile8,18,925192
sample,65536,512,tile8,19,858405
sample,65536,512,tile8,20,891914
sample,65536,512,tile8,21,858665
sample,65536,512,tile8,22,870126
sample,65536,512,tile8,23,867535
sample,65536,512,tile8,24,871748
sample,65536,512,tile8,25,863052
sample,65536,512,tile8,26,912562
sample,65536,512,tile8,27,832803
sample,65536,512,tile8,28,807322
sample,65536,512,tile8,29,838071
skipped_limit,65536,2048,vec4,16777216,67108864,NA,NA,NA,NA,NA,NA,NA,cohort_dispatch_limit,none
skipped_limit,65536,2048,fused2,16777216,67108864,NA,NA,NA,NA,NA,NA,NA,cohort_dispatch_limit,none
skipped_limit,65536,2048,tile8,16777216,67108864,NA,NA,NA,NA,NA,NA,NA,cohort_dispatch_limit,none
measured,262144,128,vec4,4194304,16777216,5,30,18,869072,1010534,603e59446e81431f,99960c282a7f4ca5,none,none
sample,262144,128,vec4,0,1000294
sample,262144,128,vec4,1,1009052
sample,262144,128,vec4,2,998626
sample,262144,128,vec4,3,1010534
sample,262144,128,vec4,4,1012145
sample,262144,128,vec4,5,1003183
sample,262144,128,vec4,6,1008951
sample,262144,128,vec4,7,1002191
sample,262144,128,vec4,8,1001562
sample,262144,128,vec4,9,1001978
sample,262144,128,vec4,10,1000701
sample,262144,128,vec4,11,857720
sample,262144,128,vec4,12,843405
sample,262144,128,vec4,13,861146
sample,262144,128,vec4,14,879118
sample,262144,128,vec4,15,873506
sample,262144,128,vec4,16,869072
sample,262144,128,vec4,17,875562
sample,262144,128,vec4,18,866637
sample,262144,128,vec4,19,858443
sample,262144,128,vec4,20,859173
sample,262144,128,vec4,21,925692
sample,262144,128,vec4,22,738360
sample,262144,128,vec4,23,723155
sample,262144,128,vec4,24,710757
sample,262144,128,vec4,25,719378
sample,262144,128,vec4,26,741100
sample,262144,128,vec4,27,737507
sample,262144,128,vec4,28,779452
sample,262144,128,vec4,29,788582
measured,262144,128,fused2,4194304,16777216,5,30,17,869913,1003617,603e59446e81431f,99960c282a7f4ca5,none,none
sample,262144,128,fused2,0,980432
sample,262144,128,fused2,1,994415
sample,262144,128,fused2,2,999164
sample,262144,128,fused2,3,998654
sample,262144,128,fused2,4,995747
sample,262144,128,fused2,5,992516
sample,262144,128,fused2,6,991413
sample,262144,128,fused2,7,996720
sample,262144,128,fused2,8,1003617
sample,262144,128,fused2,9,1008868
sample,262144,128,fused2,10,993905
sample,262144,128,fused2,11,863969
sample,262144,128,fused2,12,858415
sample,262144,128,fused2,13,887580
sample,262144,128,fused2,14,870665
sample,262144,128,fused2,15,869913
sample,262144,128,fused2,16,863275
sample,262144,128,fused2,17,885090
sample,262144,128,fused2,18,849239
sample,262144,128,fused2,19,852794
sample,262144,128,fused2,20,877312
sample,262144,128,fused2,21,869571
sample,262144,128,fused2,22,732294
sample,262144,128,fused2,23,719970
sample,262144,128,fused2,24,710757
sample,262144,128,fused2,25,744395
sample,262144,128,fused2,26,735832
sample,262144,128,fused2,27,740609
sample,262144,128,fused2,28,762480
sample,262144,128,fused2,29,775071
measured,262144,128,tile8,4194304,16777216,5,30,16,948635,1108922,603e59446e81431f,99960c282a7f4ca5,none,none
sample,262144,128,tile8,0,1057145
sample,262144,128,tile8,1,1076904
sample,262144,128,tile8,2,1088543
sample,262144,128,tile8,3,1107700
sample,262144,128,tile8,4,1074024
sample,262144,128,tile8,5,1095747
sample,262144,128,tile8,6,1074616
sample,262144,128,tile8,7,1067692
sample,262144,128,tile8,8,1072348
sample,262144,128,tile8,9,1094970
sample,262144,128,tile8,10,1087164
sample,262144,128,tile8,11,1108922
sample,262144,128,tile8,12,925858
sample,262144,128,tile8,13,960257
sample,262144,128,tile8,14,948635
sample,262144,128,tile8,15,949053
sample,262144,128,tile8,16,939469
sample,262144,128,tile8,17,941830
sample,262144,128,tile8,18,944461
sample,262144,128,tile8,19,927507
sample,262144,128,tile8,20,945423
sample,262144,128,tile8,21,1413828
sample,262144,128,tile8,22,910423
sample,262144,128,tile8,23,823266
sample,262144,128,tile8,24,816904
sample,262144,128,tile8,25,852145
sample,262144,128,tile8,26,835330
sample,262144,128,tile8,27,842535
sample,262144,128,tile8,28,854970
sample,262144,128,tile8,29,852441
skipped_limit,262144,512,vec4,16777216,67108864,NA,NA,NA,NA,NA,NA,NA,cohort_dispatch_limit,none
skipped_limit,262144,512,fused2,16777216,67108864,NA,NA,NA,NA,NA,NA,NA,cohort_dispatch_limit,none
skipped_limit,262144,512,tile8,16777216,67108864,NA,NA,NA,NA,NA,NA,NA,cohort_dispatch_limit,none
skipped_limit,262144,2048,vec4,67108864,268435456,NA,NA,NA,NA,NA,NA,NA,cohort_dispatch_limit,none
skipped_limit,262144,2048,fused2,67108864,268435456,NA,NA,NA,NA,NA,NA,NA,cohort_dispatch_limit,none
skipped_limit,262144,2048,tile8,67108864,268435456,NA,NA,NA,NA,NA,NA,NA,cohort_dispatch_limit,none
skipped_limit,1048576,128,vec4,16777216,67108864,NA,NA,NA,NA,NA,NA,NA,cohort_dispatch_limit,none
skipped_limit,1048576,128,fused2,16777216,67108864,NA,NA,NA,NA,NA,NA,NA,cohort_dispatch_limit,none
skipped_limit,1048576,128,tile8,16777216,67108864,NA,NA,NA,NA,NA,NA,NA,cohort_dispatch_limit,none
skipped_limit,1048576,512,vec4,67108864,268435456,NA,NA,NA,NA,NA,NA,NA,cohort_dispatch_limit,none
skipped_limit,1048576,512,fused2,67108864,268435456,NA,NA,NA,NA,NA,NA,NA,cohort_dispatch_limit,none
skipped_limit,1048576,512,tile8,67108864,268435456,NA,NA,NA,NA,NA,NA,NA,cohort_dispatch_limit,none
skipped_limit,1048576,2048,vec4,268435456,1073741824,NA,NA,NA,NA,NA,NA,NA,cohort_dispatch_limit,none
skipped_limit,1048576,2048,fused2,268435456,1073741824,NA,NA,NA,NA,NA,NA,NA,cohort_dispatch_limit,none
skipped_limit,1048576,2048,tile8,268435456,1073741824,NA,NA,NA,NA,NA,NA,NA,cohort_dispatch_limit,none
qualification_status=complete
